[2025-08-15T15:14:16.085+0000] {processor.py:157} INFO - Started process (PID=26914) to work on /home/vscode/.local/lib/python3.10/site-packages/airflow/example_dags/plugins/listener_plugin.py
[2025-08-15T15:14:16.085+0000] {processor.py:826} INFO - Processing file /home/vscode/.local/lib/python3.10/site-packages/airflow/example_dags/plugins/listener_plugin.py for tasks to queue
[2025-08-15T15:14:16.086+0000] {logging_mixin.py:150} INFO - [2025-08-15T15:14:16.086+0000] {dagbag.py:541} INFO - Filling up the DagBag from /home/vscode/.local/lib/python3.10/site-packages/airflow/example_dags/plugins/listener_plugin.py
[2025-08-15T15:14:16.088+0000] {processor.py:838} WARNING - No viable dags retrieved from /home/vscode/.local/lib/python3.10/site-packages/airflow/example_dags/plugins/listener_plugin.py
[2025-08-15T15:14:16.188+0000] {processor.py:179} INFO - Processing /home/vscode/.local/lib/python3.10/site-packages/airflow/example_dags/plugins/listener_plugin.py took 0.106 seconds
[2025-08-15T15:15:08.791+0000] {processor.py:157} INFO - Started process (PID=27495) to work on /home/vscode/.local/lib/python3.10/site-packages/airflow/example_dags/plugins/listener_plugin.py
[2025-08-15T15:15:08.792+0000] {processor.py:826} INFO - Processing file /home/vscode/.local/lib/python3.10/site-packages/airflow/example_dags/plugins/listener_plugin.py for tasks to queue
[2025-08-15T15:15:08.793+0000] {logging_mixin.py:150} INFO - [2025-08-15T15:15:08.792+0000] {dagbag.py:541} INFO - Filling up the DagBag from /home/vscode/.local/lib/python3.10/site-packages/airflow/example_dags/plugins/listener_plugin.py
[2025-08-15T15:15:08.795+0000] {processor.py:838} WARNING - No viable dags retrieved from /home/vscode/.local/lib/python3.10/site-packages/airflow/example_dags/plugins/listener_plugin.py
[2025-08-15T15:15:08.802+0000] {processor.py:179} INFO - Processing /home/vscode/.local/lib/python3.10/site-packages/airflow/example_dags/plugins/listener_plugin.py took 0.013 seconds
[2025-08-15T15:15:45.290+0000] {processor.py:157} INFO - Started process (PID=27823) to work on /home/vscode/.local/lib/python3.10/site-packages/airflow/example_dags/plugins/listener_plugin.py
[2025-08-15T15:15:45.291+0000] {processor.py:826} INFO - Processing file /home/vscode/.local/lib/python3.10/site-packages/airflow/example_dags/plugins/listener_plugin.py for tasks to queue
[2025-08-15T15:15:45.291+0000] {logging_mixin.py:150} INFO - [2025-08-15T15:15:45.291+0000] {dagbag.py:541} INFO - Filling up the DagBag from /home/vscode/.local/lib/python3.10/site-packages/airflow/example_dags/plugins/listener_plugin.py
[2025-08-15T15:15:45.293+0000] {processor.py:838} WARNING - No viable dags retrieved from /home/vscode/.local/lib/python3.10/site-packages/airflow/example_dags/plugins/listener_plugin.py
[2025-08-15T15:15:45.304+0000] {processor.py:179} INFO - Processing /home/vscode/.local/lib/python3.10/site-packages/airflow/example_dags/plugins/listener_plugin.py took 0.017 seconds
[2025-08-15T15:16:19.564+0000] {processor.py:157} INFO - Started process (PID=28187) to work on /home/vscode/.local/lib/python3.10/site-packages/airflow/example_dags/plugins/listener_plugin.py
[2025-08-15T15:16:19.565+0000] {processor.py:826} INFO - Processing file /home/vscode/.local/lib/python3.10/site-packages/airflow/example_dags/plugins/listener_plugin.py for tasks to queue
[2025-08-15T15:16:19.565+0000] {logging_mixin.py:150} INFO - [2025-08-15T15:16:19.565+0000] {dagbag.py:541} INFO - Filling up the DagBag from /home/vscode/.local/lib/python3.10/site-packages/airflow/example_dags/plugins/listener_plugin.py
[2025-08-15T15:16:19.567+0000] {processor.py:838} WARNING - No viable dags retrieved from /home/vscode/.local/lib/python3.10/site-packages/airflow/example_dags/plugins/listener_plugin.py
[2025-08-15T15:16:19.574+0000] {processor.py:179} INFO - Processing /home/vscode/.local/lib/python3.10/site-packages/airflow/example_dags/plugins/listener_plugin.py took 0.012 seconds
[2025-08-15T15:17:07.552+0000] {processor.py:157} INFO - Started process (PID=28753) to work on /home/vscode/.local/lib/python3.10/site-packages/airflow/example_dags/plugins/listener_plugin.py
[2025-08-15T15:17:07.552+0000] {processor.py:826} INFO - Processing file /home/vscode/.local/lib/python3.10/site-packages/airflow/example_dags/plugins/listener_plugin.py for tasks to queue
[2025-08-15T15:17:07.553+0000] {logging_mixin.py:150} INFO - [2025-08-15T15:17:07.553+0000] {dagbag.py:541} INFO - Filling up the DagBag from /home/vscode/.local/lib/python3.10/site-packages/airflow/example_dags/plugins/listener_plugin.py
[2025-08-15T15:17:07.555+0000] {processor.py:838} WARNING - No viable dags retrieved from /home/vscode/.local/lib/python3.10/site-packages/airflow/example_dags/plugins/listener_plugin.py
[2025-08-15T15:17:07.563+0000] {processor.py:179} INFO - Processing /home/vscode/.local/lib/python3.10/site-packages/airflow/example_dags/plugins/listener_plugin.py took 0.014 seconds
[2025-08-15T15:17:40.555+0000] {processor.py:157} INFO - Started process (PID=29063) to work on /home/vscode/.local/lib/python3.10/site-packages/airflow/example_dags/plugins/listener_plugin.py
[2025-08-15T15:17:40.556+0000] {processor.py:826} INFO - Processing file /home/vscode/.local/lib/python3.10/site-packages/airflow/example_dags/plugins/listener_plugin.py for tasks to queue
[2025-08-15T15:17:40.557+0000] {logging_mixin.py:150} INFO - [2025-08-15T15:17:40.556+0000] {dagbag.py:541} INFO - Filling up the DagBag from /home/vscode/.local/lib/python3.10/site-packages/airflow/example_dags/plugins/listener_plugin.py
[2025-08-15T15:17:40.559+0000] {processor.py:838} WARNING - No viable dags retrieved from /home/vscode/.local/lib/python3.10/site-packages/airflow/example_dags/plugins/listener_plugin.py
[2025-08-15T15:17:40.566+0000] {processor.py:179} INFO - Processing /home/vscode/.local/lib/python3.10/site-packages/airflow/example_dags/plugins/listener_plugin.py took 0.012 seconds
[2025-08-15T15:18:25.688+0000] {processor.py:157} INFO - Started process (PID=29381) to work on /home/vscode/.local/lib/python3.10/site-packages/airflow/example_dags/plugins/listener_plugin.py
[2025-08-15T15:18:25.689+0000] {processor.py:826} INFO - Processing file /home/vscode/.local/lib/python3.10/site-packages/airflow/example_dags/plugins/listener_plugin.py for tasks to queue
[2025-08-15T15:18:25.689+0000] {logging_mixin.py:150} INFO - [2025-08-15T15:18:25.689+0000] {dagbag.py:541} INFO - Filling up the DagBag from /home/vscode/.local/lib/python3.10/site-packages/airflow/example_dags/plugins/listener_plugin.py
[2025-08-15T15:18:25.692+0000] {processor.py:838} WARNING - No viable dags retrieved from /home/vscode/.local/lib/python3.10/site-packages/airflow/example_dags/plugins/listener_plugin.py
[2025-08-15T15:18:25.699+0000] {processor.py:179} INFO - Processing /home/vscode/.local/lib/python3.10/site-packages/airflow/example_dags/plugins/listener_plugin.py took 0.013 seconds
[2025-08-15T15:19:10.379+0000] {processor.py:157} INFO - Started process (PID=29681) to work on /home/vscode/.local/lib/python3.10/site-packages/airflow/example_dags/plugins/listener_plugin.py
[2025-08-15T15:19:10.379+0000] {processor.py:826} INFO - Processing file /home/vscode/.local/lib/python3.10/site-packages/airflow/example_dags/plugins/listener_plugin.py for tasks to queue
[2025-08-15T15:19:10.380+0000] {logging_mixin.py:150} INFO - [2025-08-15T15:19:10.380+0000] {dagbag.py:541} INFO - Filling up the DagBag from /home/vscode/.local/lib/python3.10/site-packages/airflow/example_dags/plugins/listener_plugin.py
[2025-08-15T15:19:10.382+0000] {processor.py:838} WARNING - No viable dags retrieved from /home/vscode/.local/lib/python3.10/site-packages/airflow/example_dags/plugins/listener_plugin.py
[2025-08-15T15:19:10.389+0000] {processor.py:179} INFO - Processing /home/vscode/.local/lib/python3.10/site-packages/airflow/example_dags/plugins/listener_plugin.py took 0.013 seconds
[2025-08-15T15:19:53.115+0000] {processor.py:157} INFO - Started process (PID=29972) to work on /home/vscode/.local/lib/python3.10/site-packages/airflow/example_dags/plugins/listener_plugin.py
[2025-08-15T15:19:53.115+0000] {processor.py:826} INFO - Processing file /home/vscode/.local/lib/python3.10/site-packages/airflow/example_dags/plugins/listener_plugin.py for tasks to queue
[2025-08-15T15:19:53.116+0000] {logging_mixin.py:150} INFO - [2025-08-15T15:19:53.116+0000] {dagbag.py:541} INFO - Filling up the DagBag from /home/vscode/.local/lib/python3.10/site-packages/airflow/example_dags/plugins/listener_plugin.py
[2025-08-15T15:19:53.118+0000] {processor.py:838} WARNING - No viable dags retrieved from /home/vscode/.local/lib/python3.10/site-packages/airflow/example_dags/plugins/listener_plugin.py
[2025-08-15T15:19:53.125+0000] {processor.py:179} INFO - Processing /home/vscode/.local/lib/python3.10/site-packages/airflow/example_dags/plugins/listener_plugin.py took 0.013 seconds
[2025-08-15T15:20:33.640+0000] {processor.py:157} INFO - Started process (PID=31507) to work on /home/vscode/.local/lib/python3.10/site-packages/airflow/example_dags/plugins/listener_plugin.py
[2025-08-15T15:20:33.641+0000] {processor.py:826} INFO - Processing file /home/vscode/.local/lib/python3.10/site-packages/airflow/example_dags/plugins/listener_plugin.py for tasks to queue
[2025-08-15T15:20:33.641+0000] {logging_mixin.py:150} INFO - [2025-08-15T15:20:33.641+0000] {dagbag.py:541} INFO - Filling up the DagBag from /home/vscode/.local/lib/python3.10/site-packages/airflow/example_dags/plugins/listener_plugin.py
[2025-08-15T15:20:33.644+0000] {processor.py:838} WARNING - No viable dags retrieved from /home/vscode/.local/lib/python3.10/site-packages/airflow/example_dags/plugins/listener_plugin.py
[2025-08-15T15:20:33.651+0000] {processor.py:179} INFO - Processing /home/vscode/.local/lib/python3.10/site-packages/airflow/example_dags/plugins/listener_plugin.py took 0.013 seconds
[2025-08-15T15:21:10.652+0000] {processor.py:157} INFO - Started process (PID=31754) to work on /home/vscode/.local/lib/python3.10/site-packages/airflow/example_dags/plugins/listener_plugin.py
[2025-08-15T15:21:10.653+0000] {processor.py:826} INFO - Processing file /home/vscode/.local/lib/python3.10/site-packages/airflow/example_dags/plugins/listener_plugin.py for tasks to queue
[2025-08-15T15:21:10.653+0000] {logging_mixin.py:150} INFO - [2025-08-15T15:21:10.653+0000] {dagbag.py:541} INFO - Filling up the DagBag from /home/vscode/.local/lib/python3.10/site-packages/airflow/example_dags/plugins/listener_plugin.py
[2025-08-15T15:21:10.655+0000] {processor.py:838} WARNING - No viable dags retrieved from /home/vscode/.local/lib/python3.10/site-packages/airflow/example_dags/plugins/listener_plugin.py
[2025-08-15T15:21:10.663+0000] {processor.py:179} INFO - Processing /home/vscode/.local/lib/python3.10/site-packages/airflow/example_dags/plugins/listener_plugin.py took 0.013 seconds
[2025-08-15T15:21:57.515+0000] {processor.py:157} INFO - Started process (PID=32157) to work on /home/vscode/.local/lib/python3.10/site-packages/airflow/example_dags/plugins/listener_plugin.py
[2025-08-15T15:21:57.516+0000] {processor.py:826} INFO - Processing file /home/vscode/.local/lib/python3.10/site-packages/airflow/example_dags/plugins/listener_plugin.py for tasks to queue
[2025-08-15T15:21:57.516+0000] {logging_mixin.py:150} INFO - [2025-08-15T15:21:57.516+0000] {dagbag.py:541} INFO - Filling up the DagBag from /home/vscode/.local/lib/python3.10/site-packages/airflow/example_dags/plugins/listener_plugin.py
[2025-08-15T15:21:57.519+0000] {processor.py:838} WARNING - No viable dags retrieved from /home/vscode/.local/lib/python3.10/site-packages/airflow/example_dags/plugins/listener_plugin.py
[2025-08-15T15:21:57.526+0000] {processor.py:179} INFO - Processing /home/vscode/.local/lib/python3.10/site-packages/airflow/example_dags/plugins/listener_plugin.py took 0.013 seconds
[2025-08-15T15:22:33.048+0000] {processor.py:157} INFO - Started process (PID=32422) to work on /home/vscode/.local/lib/python3.10/site-packages/airflow/example_dags/plugins/listener_plugin.py
[2025-08-15T15:22:33.049+0000] {processor.py:826} INFO - Processing file /home/vscode/.local/lib/python3.10/site-packages/airflow/example_dags/plugins/listener_plugin.py for tasks to queue
[2025-08-15T15:22:33.050+0000] {logging_mixin.py:150} INFO - [2025-08-15T15:22:33.050+0000] {dagbag.py:541} INFO - Filling up the DagBag from /home/vscode/.local/lib/python3.10/site-packages/airflow/example_dags/plugins/listener_plugin.py
[2025-08-15T15:22:33.053+0000] {processor.py:838} WARNING - No viable dags retrieved from /home/vscode/.local/lib/python3.10/site-packages/airflow/example_dags/plugins/listener_plugin.py
[2025-08-15T15:22:33.064+0000] {processor.py:179} INFO - Processing /home/vscode/.local/lib/python3.10/site-packages/airflow/example_dags/plugins/listener_plugin.py took 0.019 seconds
[2025-08-15T15:23:17.924+0000] {processor.py:157} INFO - Started process (PID=32924) to work on /home/vscode/.local/lib/python3.10/site-packages/airflow/example_dags/plugins/listener_plugin.py
[2025-08-15T15:23:17.925+0000] {processor.py:826} INFO - Processing file /home/vscode/.local/lib/python3.10/site-packages/airflow/example_dags/plugins/listener_plugin.py for tasks to queue
[2025-08-15T15:23:17.926+0000] {logging_mixin.py:150} INFO - [2025-08-15T15:23:17.926+0000] {dagbag.py:541} INFO - Filling up the DagBag from /home/vscode/.local/lib/python3.10/site-packages/airflow/example_dags/plugins/listener_plugin.py
[2025-08-15T15:23:17.931+0000] {processor.py:838} WARNING - No viable dags retrieved from /home/vscode/.local/lib/python3.10/site-packages/airflow/example_dags/plugins/listener_plugin.py
[2025-08-15T15:23:17.941+0000] {processor.py:179} INFO - Processing /home/vscode/.local/lib/python3.10/site-packages/airflow/example_dags/plugins/listener_plugin.py took 0.020 seconds
[2025-08-15T15:23:50.318+0000] {processor.py:157} INFO - Started process (PID=33298) to work on /home/vscode/.local/lib/python3.10/site-packages/airflow/example_dags/plugins/listener_plugin.py
[2025-08-15T15:23:50.318+0000] {processor.py:826} INFO - Processing file /home/vscode/.local/lib/python3.10/site-packages/airflow/example_dags/plugins/listener_plugin.py for tasks to queue
[2025-08-15T15:23:50.319+0000] {logging_mixin.py:150} INFO - [2025-08-15T15:23:50.319+0000] {dagbag.py:541} INFO - Filling up the DagBag from /home/vscode/.local/lib/python3.10/site-packages/airflow/example_dags/plugins/listener_plugin.py
[2025-08-15T15:23:50.321+0000] {processor.py:838} WARNING - No viable dags retrieved from /home/vscode/.local/lib/python3.10/site-packages/airflow/example_dags/plugins/listener_plugin.py
[2025-08-15T15:23:50.328+0000] {processor.py:179} INFO - Processing /home/vscode/.local/lib/python3.10/site-packages/airflow/example_dags/plugins/listener_plugin.py took 0.012 seconds
[2025-08-15T15:24:33.344+0000] {processor.py:157} INFO - Started process (PID=33807) to work on /home/vscode/.local/lib/python3.10/site-packages/airflow/example_dags/plugins/listener_plugin.py
[2025-08-15T15:24:33.344+0000] {processor.py:826} INFO - Processing file /home/vscode/.local/lib/python3.10/site-packages/airflow/example_dags/plugins/listener_plugin.py for tasks to queue
[2025-08-15T15:24:33.345+0000] {logging_mixin.py:150} INFO - [2025-08-15T15:24:33.345+0000] {dagbag.py:541} INFO - Filling up the DagBag from /home/vscode/.local/lib/python3.10/site-packages/airflow/example_dags/plugins/listener_plugin.py
[2025-08-15T15:24:33.347+0000] {processor.py:838} WARNING - No viable dags retrieved from /home/vscode/.local/lib/python3.10/site-packages/airflow/example_dags/plugins/listener_plugin.py
[2025-08-15T15:24:33.354+0000] {processor.py:179} INFO - Processing /home/vscode/.local/lib/python3.10/site-packages/airflow/example_dags/plugins/listener_plugin.py took 0.013 seconds
[2025-08-15T15:25:21.070+0000] {processor.py:157} INFO - Started process (PID=34238) to work on /home/vscode/.local/lib/python3.10/site-packages/airflow/example_dags/plugins/listener_plugin.py
[2025-08-15T15:25:21.071+0000] {processor.py:826} INFO - Processing file /home/vscode/.local/lib/python3.10/site-packages/airflow/example_dags/plugins/listener_plugin.py for tasks to queue
[2025-08-15T15:25:21.072+0000] {logging_mixin.py:150} INFO - [2025-08-15T15:25:21.071+0000] {dagbag.py:541} INFO - Filling up the DagBag from /home/vscode/.local/lib/python3.10/site-packages/airflow/example_dags/plugins/listener_plugin.py
[2025-08-15T15:25:21.074+0000] {processor.py:838} WARNING - No viable dags retrieved from /home/vscode/.local/lib/python3.10/site-packages/airflow/example_dags/plugins/listener_plugin.py
[2025-08-15T15:25:21.081+0000] {processor.py:179} INFO - Processing /home/vscode/.local/lib/python3.10/site-packages/airflow/example_dags/plugins/listener_plugin.py took 0.013 seconds
[2025-08-15T15:26:05.343+0000] {processor.py:157} INFO - Started process (PID=34614) to work on /home/vscode/.local/lib/python3.10/site-packages/airflow/example_dags/plugins/listener_plugin.py
[2025-08-15T15:26:05.344+0000] {processor.py:826} INFO - Processing file /home/vscode/.local/lib/python3.10/site-packages/airflow/example_dags/plugins/listener_plugin.py for tasks to queue
[2025-08-15T15:26:05.345+0000] {logging_mixin.py:150} INFO - [2025-08-15T15:26:05.344+0000] {dagbag.py:541} INFO - Filling up the DagBag from /home/vscode/.local/lib/python3.10/site-packages/airflow/example_dags/plugins/listener_plugin.py
[2025-08-15T15:26:05.347+0000] {processor.py:838} WARNING - No viable dags retrieved from /home/vscode/.local/lib/python3.10/site-packages/airflow/example_dags/plugins/listener_plugin.py
[2025-08-15T15:26:05.354+0000] {processor.py:179} INFO - Processing /home/vscode/.local/lib/python3.10/site-packages/airflow/example_dags/plugins/listener_plugin.py took 0.013 seconds
[2025-08-15T15:26:36.945+0000] {processor.py:157} INFO - Started process (PID=34839) to work on /home/vscode/.local/lib/python3.10/site-packages/airflow/example_dags/plugins/listener_plugin.py
[2025-08-15T15:26:36.946+0000] {processor.py:826} INFO - Processing file /home/vscode/.local/lib/python3.10/site-packages/airflow/example_dags/plugins/listener_plugin.py for tasks to queue
[2025-08-15T15:26:36.947+0000] {logging_mixin.py:150} INFO - [2025-08-15T15:26:36.946+0000] {dagbag.py:541} INFO - Filling up the DagBag from /home/vscode/.local/lib/python3.10/site-packages/airflow/example_dags/plugins/listener_plugin.py
[2025-08-15T15:26:36.949+0000] {processor.py:838} WARNING - No viable dags retrieved from /home/vscode/.local/lib/python3.10/site-packages/airflow/example_dags/plugins/listener_plugin.py
[2025-08-15T15:26:36.956+0000] {processor.py:179} INFO - Processing /home/vscode/.local/lib/python3.10/site-packages/airflow/example_dags/plugins/listener_plugin.py took 0.012 seconds
[2025-08-15T15:27:10.055+0000] {processor.py:157} INFO - Started process (PID=35153) to work on /home/vscode/.local/lib/python3.10/site-packages/airflow/example_dags/plugins/listener_plugin.py
[2025-08-15T15:27:10.056+0000] {processor.py:826} INFO - Processing file /home/vscode/.local/lib/python3.10/site-packages/airflow/example_dags/plugins/listener_plugin.py for tasks to queue
[2025-08-15T15:27:10.057+0000] {logging_mixin.py:150} INFO - [2025-08-15T15:27:10.057+0000] {dagbag.py:541} INFO - Filling up the DagBag from /home/vscode/.local/lib/python3.10/site-packages/airflow/example_dags/plugins/listener_plugin.py
[2025-08-15T15:27:10.059+0000] {processor.py:838} WARNING - No viable dags retrieved from /home/vscode/.local/lib/python3.10/site-packages/airflow/example_dags/plugins/listener_plugin.py
[2025-08-15T15:27:10.066+0000] {processor.py:179} INFO - Processing /home/vscode/.local/lib/python3.10/site-packages/airflow/example_dags/plugins/listener_plugin.py took 0.014 seconds
