[2025-08-13T03:25:22.171+0000] {processor.py:157} INFO - Started process (PID=5034) to work on /workspaces/hands-on-introduction-data-engineering-4395021/airflow_env/lib/python3.10/site-packages/airflow/example_dags/example_bash_operator.py
[2025-08-13T03:25:22.171+0000] {processor.py:826} INFO - Processing file /workspaces/hands-on-introduction-data-engineering-4395021/airflow_env/lib/python3.10/site-packages/airflow/example_dags/example_bash_operator.py for tasks to queue
[2025-08-13T03:25:22.172+0000] {logging_mixin.py:150} INFO - [2025-08-13T03:25:22.172+0000] {dagbag.py:541} INFO - Filling up the DagBag from /workspaces/hands-on-introduction-data-engineering-4395021/airflow_env/lib/python3.10/site-packages/airflow/example_dags/example_bash_operator.py
[2025-08-13T03:25:22.180+0000] {processor.py:836} INFO - DAG(s) dict_keys(['example_bash_operator']) retrieved from /workspaces/hands-on-introduction-data-engineering-4395021/airflow_env/lib/python3.10/site-packages/airflow/example_dags/example_bash_operator.py
[2025-08-13T03:25:22.258+0000] {logging_mixin.py:150} INFO - [2025-08-13T03:25:22.258+0000] {manager.py:504} INFO - Created Permission View: can read on DAG:example_bash_operator
[2025-08-13T03:25:22.266+0000] {logging_mixin.py:150} INFO - [2025-08-13T03:25:22.266+0000] {manager.py:504} INFO - Created Permission View: can edit on DAG:example_bash_operator
[2025-08-13T03:25:22.273+0000] {logging_mixin.py:150} INFO - [2025-08-13T03:25:22.272+0000] {manager.py:504} INFO - Created Permission View: can delete on DAG:example_bash_operator
[2025-08-13T03:25:22.281+0000] {logging_mixin.py:150} INFO - [2025-08-13T03:25:22.281+0000] {dag.py:2742} INFO - Sync 1 DAGs
[2025-08-13T03:25:22.288+0000] {logging_mixin.py:150} INFO - [2025-08-13T03:25:22.288+0000] {dag.py:2763} INFO - Creating ORM DAG for example_bash_operator
[2025-08-13T03:25:22.295+0000] {logging_mixin.py:150} INFO - [2025-08-13T03:25:22.295+0000] {dag.py:3504} INFO - Setting next_dagrun for example_bash_operator to 2025-08-12T00:00:00+00:00, run_after=2025-08-13T00:00:00+00:00
[2025-08-13T03:25:22.311+0000] {processor.py:179} INFO - Processing /workspaces/hands-on-introduction-data-engineering-4395021/airflow_env/lib/python3.10/site-packages/airflow/example_dags/example_bash_operator.py took 0.142 seconds
[2025-08-13T03:26:07.361+0000] {processor.py:157} INFO - Started process (PID=5338) to work on /workspaces/hands-on-introduction-data-engineering-4395021/airflow_env/lib/python3.10/site-packages/airflow/example_dags/example_bash_operator.py
[2025-08-13T03:26:07.362+0000] {processor.py:826} INFO - Processing file /workspaces/hands-on-introduction-data-engineering-4395021/airflow_env/lib/python3.10/site-packages/airflow/example_dags/example_bash_operator.py for tasks to queue
[2025-08-13T03:26:07.362+0000] {logging_mixin.py:150} INFO - [2025-08-13T03:26:07.362+0000] {dagbag.py:541} INFO - Filling up the DagBag from /workspaces/hands-on-introduction-data-engineering-4395021/airflow_env/lib/python3.10/site-packages/airflow/example_dags/example_bash_operator.py
[2025-08-13T03:26:07.370+0000] {processor.py:836} INFO - DAG(s) dict_keys(['example_bash_operator']) retrieved from /workspaces/hands-on-introduction-data-engineering-4395021/airflow_env/lib/python3.10/site-packages/airflow/example_dags/example_bash_operator.py
[2025-08-13T03:26:07.387+0000] {logging_mixin.py:150} INFO - [2025-08-13T03:26:07.387+0000] {dag.py:2742} INFO - Sync 1 DAGs
[2025-08-13T03:26:07.403+0000] {logging_mixin.py:150} INFO - [2025-08-13T03:26:07.403+0000] {dag.py:3504} INFO - Setting next_dagrun for example_bash_operator to 2025-08-12T00:00:00+00:00, run_after=2025-08-13T00:00:00+00:00
[2025-08-13T03:26:07.419+0000] {processor.py:179} INFO - Processing /workspaces/hands-on-introduction-data-engineering-4395021/airflow_env/lib/python3.10/site-packages/airflow/example_dags/example_bash_operator.py took 0.060 seconds
[2025-08-13T03:26:54.730+0000] {processor.py:157} INFO - Started process (PID=5647) to work on /workspaces/hands-on-introduction-data-engineering-4395021/airflow_env/lib/python3.10/site-packages/airflow/example_dags/example_bash_operator.py
[2025-08-13T03:26:54.730+0000] {processor.py:826} INFO - Processing file /workspaces/hands-on-introduction-data-engineering-4395021/airflow_env/lib/python3.10/site-packages/airflow/example_dags/example_bash_operator.py for tasks to queue
[2025-08-13T03:26:54.731+0000] {logging_mixin.py:150} INFO - [2025-08-13T03:26:54.731+0000] {dagbag.py:541} INFO - Filling up the DagBag from /workspaces/hands-on-introduction-data-engineering-4395021/airflow_env/lib/python3.10/site-packages/airflow/example_dags/example_bash_operator.py
[2025-08-13T03:26:54.739+0000] {processor.py:836} INFO - DAG(s) dict_keys(['example_bash_operator']) retrieved from /workspaces/hands-on-introduction-data-engineering-4395021/airflow_env/lib/python3.10/site-packages/airflow/example_dags/example_bash_operator.py
[2025-08-13T03:26:54.757+0000] {logging_mixin.py:150} INFO - [2025-08-13T03:26:54.757+0000] {dag.py:2742} INFO - Sync 1 DAGs
[2025-08-13T03:26:54.772+0000] {logging_mixin.py:150} INFO - [2025-08-13T03:26:54.772+0000] {dag.py:3504} INFO - Setting next_dagrun for example_bash_operator to 2025-08-12T00:00:00+00:00, run_after=2025-08-13T00:00:00+00:00
[2025-08-13T03:26:54.787+0000] {processor.py:179} INFO - Processing /workspaces/hands-on-introduction-data-engineering-4395021/airflow_env/lib/python3.10/site-packages/airflow/example_dags/example_bash_operator.py took 0.059 seconds
[2025-08-13T03:27:42.127+0000] {processor.py:157} INFO - Started process (PID=6015) to work on /workspaces/hands-on-introduction-data-engineering-4395021/airflow_env/lib/python3.10/site-packages/airflow/example_dags/example_bash_operator.py
[2025-08-13T03:27:42.128+0000] {processor.py:826} INFO - Processing file /workspaces/hands-on-introduction-data-engineering-4395021/airflow_env/lib/python3.10/site-packages/airflow/example_dags/example_bash_operator.py for tasks to queue
[2025-08-13T03:27:42.128+0000] {logging_mixin.py:150} INFO - [2025-08-13T03:27:42.128+0000] {dagbag.py:541} INFO - Filling up the DagBag from /workspaces/hands-on-introduction-data-engineering-4395021/airflow_env/lib/python3.10/site-packages/airflow/example_dags/example_bash_operator.py
[2025-08-13T03:27:42.136+0000] {processor.py:836} INFO - DAG(s) dict_keys(['example_bash_operator']) retrieved from /workspaces/hands-on-introduction-data-engineering-4395021/airflow_env/lib/python3.10/site-packages/airflow/example_dags/example_bash_operator.py
[2025-08-13T03:27:42.153+0000] {logging_mixin.py:150} INFO - [2025-08-13T03:27:42.153+0000] {dag.py:2742} INFO - Sync 1 DAGs
[2025-08-13T03:27:42.169+0000] {logging_mixin.py:150} INFO - [2025-08-13T03:27:42.169+0000] {dag.py:3504} INFO - Setting next_dagrun for example_bash_operator to 2025-08-12T00:00:00+00:00, run_after=2025-08-13T00:00:00+00:00
[2025-08-13T03:27:42.183+0000] {processor.py:179} INFO - Processing /workspaces/hands-on-introduction-data-engineering-4395021/airflow_env/lib/python3.10/site-packages/airflow/example_dags/example_bash_operator.py took 0.058 seconds
[2025-08-13T03:28:30.758+0000] {processor.py:157} INFO - Started process (PID=6430) to work on /workspaces/hands-on-introduction-data-engineering-4395021/airflow_env/lib/python3.10/site-packages/airflow/example_dags/example_bash_operator.py
[2025-08-13T03:28:30.759+0000] {processor.py:826} INFO - Processing file /workspaces/hands-on-introduction-data-engineering-4395021/airflow_env/lib/python3.10/site-packages/airflow/example_dags/example_bash_operator.py for tasks to queue
[2025-08-13T03:28:30.759+0000] {logging_mixin.py:150} INFO - [2025-08-13T03:28:30.759+0000] {dagbag.py:541} INFO - Filling up the DagBag from /workspaces/hands-on-introduction-data-engineering-4395021/airflow_env/lib/python3.10/site-packages/airflow/example_dags/example_bash_operator.py
[2025-08-13T03:28:30.767+0000] {processor.py:836} INFO - DAG(s) dict_keys(['example_bash_operator']) retrieved from /workspaces/hands-on-introduction-data-engineering-4395021/airflow_env/lib/python3.10/site-packages/airflow/example_dags/example_bash_operator.py
[2025-08-13T03:28:30.784+0000] {logging_mixin.py:150} INFO - [2025-08-13T03:28:30.784+0000] {dag.py:2742} INFO - Sync 1 DAGs
[2025-08-13T03:28:30.799+0000] {logging_mixin.py:150} INFO - [2025-08-13T03:28:30.799+0000] {dag.py:3504} INFO - Setting next_dagrun for example_bash_operator to 2025-08-12T00:00:00+00:00, run_after=2025-08-13T00:00:00+00:00
[2025-08-13T03:28:30.814+0000] {processor.py:179} INFO - Processing /workspaces/hands-on-introduction-data-engineering-4395021/airflow_env/lib/python3.10/site-packages/airflow/example_dags/example_bash_operator.py took 0.058 seconds
[2025-08-13T03:29:30.317+0000] {processor.py:157} INFO - Started process (PID=6982) to work on /workspaces/hands-on-introduction-data-engineering-4395021/airflow_env/lib/python3.10/site-packages/airflow/example_dags/example_bash_operator.py
[2025-08-13T03:29:30.318+0000] {processor.py:826} INFO - Processing file /workspaces/hands-on-introduction-data-engineering-4395021/airflow_env/lib/python3.10/site-packages/airflow/example_dags/example_bash_operator.py for tasks to queue
[2025-08-13T03:29:30.318+0000] {logging_mixin.py:150} INFO - [2025-08-13T03:29:30.318+0000] {dagbag.py:541} INFO - Filling up the DagBag from /workspaces/hands-on-introduction-data-engineering-4395021/airflow_env/lib/python3.10/site-packages/airflow/example_dags/example_bash_operator.py
[2025-08-13T03:29:30.326+0000] {processor.py:836} INFO - DAG(s) dict_keys(['example_bash_operator']) retrieved from /workspaces/hands-on-introduction-data-engineering-4395021/airflow_env/lib/python3.10/site-packages/airflow/example_dags/example_bash_operator.py
[2025-08-13T03:29:30.344+0000] {logging_mixin.py:150} INFO - [2025-08-13T03:29:30.343+0000] {dag.py:2742} INFO - Sync 1 DAGs
[2025-08-13T03:29:30.359+0000] {logging_mixin.py:150} INFO - [2025-08-13T03:29:30.358+0000] {dag.py:3504} INFO - Setting next_dagrun for example_bash_operator to 2025-08-12T00:00:00+00:00, run_after=2025-08-13T00:00:00+00:00
[2025-08-13T03:29:30.374+0000] {processor.py:179} INFO - Processing /workspaces/hands-on-introduction-data-engineering-4395021/airflow_env/lib/python3.10/site-packages/airflow/example_dags/example_bash_operator.py took 0.059 seconds
[2025-08-13T03:30:23.277+0000] {processor.py:157} INFO - Started process (PID=7465) to work on /workspaces/hands-on-introduction-data-engineering-4395021/airflow_env/lib/python3.10/site-packages/airflow/example_dags/example_bash_operator.py
[2025-08-13T03:30:23.278+0000] {processor.py:826} INFO - Processing file /workspaces/hands-on-introduction-data-engineering-4395021/airflow_env/lib/python3.10/site-packages/airflow/example_dags/example_bash_operator.py for tasks to queue
[2025-08-13T03:30:23.278+0000] {logging_mixin.py:150} INFO - [2025-08-13T03:30:23.278+0000] {dagbag.py:541} INFO - Filling up the DagBag from /workspaces/hands-on-introduction-data-engineering-4395021/airflow_env/lib/python3.10/site-packages/airflow/example_dags/example_bash_operator.py
[2025-08-13T03:30:23.286+0000] {processor.py:836} INFO - DAG(s) dict_keys(['example_bash_operator']) retrieved from /workspaces/hands-on-introduction-data-engineering-4395021/airflow_env/lib/python3.10/site-packages/airflow/example_dags/example_bash_operator.py
[2025-08-13T03:30:23.303+0000] {logging_mixin.py:150} INFO - [2025-08-13T03:30:23.303+0000] {dag.py:2742} INFO - Sync 1 DAGs
[2025-08-13T03:30:23.319+0000] {logging_mixin.py:150} INFO - [2025-08-13T03:30:23.318+0000] {dag.py:3504} INFO - Setting next_dagrun for example_bash_operator to 2025-08-12T00:00:00+00:00, run_after=2025-08-13T00:00:00+00:00
[2025-08-13T03:30:23.333+0000] {processor.py:179} INFO - Processing /workspaces/hands-on-introduction-data-engineering-4395021/airflow_env/lib/python3.10/site-packages/airflow/example_dags/example_bash_operator.py took 0.058 seconds
[2025-08-13T03:31:18.918+0000] {processor.py:157} INFO - Started process (PID=7831) to work on /workspaces/hands-on-introduction-data-engineering-4395021/airflow_env/lib/python3.10/site-packages/airflow/example_dags/example_bash_operator.py
[2025-08-13T03:31:18.919+0000] {processor.py:826} INFO - Processing file /workspaces/hands-on-introduction-data-engineering-4395021/airflow_env/lib/python3.10/site-packages/airflow/example_dags/example_bash_operator.py for tasks to queue
[2025-08-13T03:31:18.919+0000] {logging_mixin.py:150} INFO - [2025-08-13T03:31:18.919+0000] {dagbag.py:541} INFO - Filling up the DagBag from /workspaces/hands-on-introduction-data-engineering-4395021/airflow_env/lib/python3.10/site-packages/airflow/example_dags/example_bash_operator.py
[2025-08-13T03:31:18.927+0000] {processor.py:836} INFO - DAG(s) dict_keys(['example_bash_operator']) retrieved from /workspaces/hands-on-introduction-data-engineering-4395021/airflow_env/lib/python3.10/site-packages/airflow/example_dags/example_bash_operator.py
[2025-08-13T03:31:18.946+0000] {logging_mixin.py:150} INFO - [2025-08-13T03:31:18.946+0000] {dag.py:2742} INFO - Sync 1 DAGs
[2025-08-13T03:31:18.962+0000] {logging_mixin.py:150} INFO - [2025-08-13T03:31:18.961+0000] {dag.py:3504} INFO - Setting next_dagrun for example_bash_operator to 2025-08-12T00:00:00+00:00, run_after=2025-08-13T00:00:00+00:00
[2025-08-13T03:31:18.977+0000] {processor.py:179} INFO - Processing /workspaces/hands-on-introduction-data-engineering-4395021/airflow_env/lib/python3.10/site-packages/airflow/example_dags/example_bash_operator.py took 0.061 seconds
[2025-08-13T03:32:04.204+0000] {processor.py:157} INFO - Started process (PID=8133) to work on /workspaces/hands-on-introduction-data-engineering-4395021/airflow_env/lib/python3.10/site-packages/airflow/example_dags/example_bash_operator.py
[2025-08-13T03:32:04.205+0000] {processor.py:826} INFO - Processing file /workspaces/hands-on-introduction-data-engineering-4395021/airflow_env/lib/python3.10/site-packages/airflow/example_dags/example_bash_operator.py for tasks to queue
[2025-08-13T03:32:04.206+0000] {logging_mixin.py:150} INFO - [2025-08-13T03:32:04.205+0000] {dagbag.py:541} INFO - Filling up the DagBag from /workspaces/hands-on-introduction-data-engineering-4395021/airflow_env/lib/python3.10/site-packages/airflow/example_dags/example_bash_operator.py
[2025-08-13T03:32:04.213+0000] {processor.py:836} INFO - DAG(s) dict_keys(['example_bash_operator']) retrieved from /workspaces/hands-on-introduction-data-engineering-4395021/airflow_env/lib/python3.10/site-packages/airflow/example_dags/example_bash_operator.py
[2025-08-13T03:32:04.231+0000] {logging_mixin.py:150} INFO - [2025-08-13T03:32:04.230+0000] {dag.py:2742} INFO - Sync 1 DAGs
[2025-08-13T03:32:04.245+0000] {logging_mixin.py:150} INFO - [2025-08-13T03:32:04.245+0000] {dag.py:3504} INFO - Setting next_dagrun for example_bash_operator to 2025-08-12T00:00:00+00:00, run_after=2025-08-13T00:00:00+00:00
[2025-08-13T03:32:04.261+0000] {processor.py:179} INFO - Processing /workspaces/hands-on-introduction-data-engineering-4395021/airflow_env/lib/python3.10/site-packages/airflow/example_dags/example_bash_operator.py took 0.059 seconds
[2025-08-13T03:32:52.020+0000] {processor.py:157} INFO - Started process (PID=8451) to work on /workspaces/hands-on-introduction-data-engineering-4395021/airflow_env/lib/python3.10/site-packages/airflow/example_dags/example_bash_operator.py
[2025-08-13T03:32:52.021+0000] {processor.py:826} INFO - Processing file /workspaces/hands-on-introduction-data-engineering-4395021/airflow_env/lib/python3.10/site-packages/airflow/example_dags/example_bash_operator.py for tasks to queue
[2025-08-13T03:32:52.021+0000] {logging_mixin.py:150} INFO - [2025-08-13T03:32:52.021+0000] {dagbag.py:541} INFO - Filling up the DagBag from /workspaces/hands-on-introduction-data-engineering-4395021/airflow_env/lib/python3.10/site-packages/airflow/example_dags/example_bash_operator.py
[2025-08-13T03:32:52.029+0000] {processor.py:836} INFO - DAG(s) dict_keys(['example_bash_operator']) retrieved from /workspaces/hands-on-introduction-data-engineering-4395021/airflow_env/lib/python3.10/site-packages/airflow/example_dags/example_bash_operator.py
[2025-08-13T03:32:52.047+0000] {logging_mixin.py:150} INFO - [2025-08-13T03:32:52.047+0000] {dag.py:2742} INFO - Sync 1 DAGs
[2025-08-13T03:32:52.064+0000] {logging_mixin.py:150} INFO - [2025-08-13T03:32:52.063+0000] {dag.py:3504} INFO - Setting next_dagrun for example_bash_operator to 2025-08-12T00:00:00+00:00, run_after=2025-08-13T00:00:00+00:00
[2025-08-13T03:32:52.081+0000] {processor.py:179} INFO - Processing /workspaces/hands-on-introduction-data-engineering-4395021/airflow_env/lib/python3.10/site-packages/airflow/example_dags/example_bash_operator.py took 0.063 seconds
[2025-08-13T03:33:34.272+0000] {processor.py:157} INFO - Started process (PID=8736) to work on /workspaces/hands-on-introduction-data-engineering-4395021/airflow_env/lib/python3.10/site-packages/airflow/example_dags/example_bash_operator.py
[2025-08-13T03:33:34.273+0000] {processor.py:826} INFO - Processing file /workspaces/hands-on-introduction-data-engineering-4395021/airflow_env/lib/python3.10/site-packages/airflow/example_dags/example_bash_operator.py for tasks to queue
[2025-08-13T03:33:34.273+0000] {logging_mixin.py:150} INFO - [2025-08-13T03:33:34.273+0000] {dagbag.py:541} INFO - Filling up the DagBag from /workspaces/hands-on-introduction-data-engineering-4395021/airflow_env/lib/python3.10/site-packages/airflow/example_dags/example_bash_operator.py
[2025-08-13T03:33:34.281+0000] {processor.py:836} INFO - DAG(s) dict_keys(['example_bash_operator']) retrieved from /workspaces/hands-on-introduction-data-engineering-4395021/airflow_env/lib/python3.10/site-packages/airflow/example_dags/example_bash_operator.py
[2025-08-13T03:33:34.299+0000] {logging_mixin.py:150} INFO - [2025-08-13T03:33:34.299+0000] {dag.py:2742} INFO - Sync 1 DAGs
[2025-08-13T03:33:34.314+0000] {logging_mixin.py:150} INFO - [2025-08-13T03:33:34.314+0000] {dag.py:3504} INFO - Setting next_dagrun for example_bash_operator to 2025-08-12T00:00:00+00:00, run_after=2025-08-13T00:00:00+00:00
[2025-08-13T03:33:34.330+0000] {processor.py:179} INFO - Processing /workspaces/hands-on-introduction-data-engineering-4395021/airflow_env/lib/python3.10/site-packages/airflow/example_dags/example_bash_operator.py took 0.060 seconds
[2025-08-13T03:34:34.055+0000] {processor.py:157} INFO - Started process (PID=9133) to work on /workspaces/hands-on-introduction-data-engineering-4395021/airflow_env/lib/python3.10/site-packages/airflow/example_dags/example_bash_operator.py
[2025-08-13T03:34:34.056+0000] {processor.py:826} INFO - Processing file /workspaces/hands-on-introduction-data-engineering-4395021/airflow_env/lib/python3.10/site-packages/airflow/example_dags/example_bash_operator.py for tasks to queue
[2025-08-13T03:34:34.056+0000] {logging_mixin.py:150} INFO - [2025-08-13T03:34:34.056+0000] {dagbag.py:541} INFO - Filling up the DagBag from /workspaces/hands-on-introduction-data-engineering-4395021/airflow_env/lib/python3.10/site-packages/airflow/example_dags/example_bash_operator.py
[2025-08-13T03:34:34.064+0000] {processor.py:836} INFO - DAG(s) dict_keys(['example_bash_operator']) retrieved from /workspaces/hands-on-introduction-data-engineering-4395021/airflow_env/lib/python3.10/site-packages/airflow/example_dags/example_bash_operator.py
[2025-08-13T03:34:34.081+0000] {logging_mixin.py:150} INFO - [2025-08-13T03:34:34.081+0000] {dag.py:2742} INFO - Sync 1 DAGs
[2025-08-13T03:34:34.096+0000] {logging_mixin.py:150} INFO - [2025-08-13T03:34:34.096+0000] {dag.py:3504} INFO - Setting next_dagrun for example_bash_operator to 2025-08-12T00:00:00+00:00, run_after=2025-08-13T00:00:00+00:00
[2025-08-13T03:34:34.111+0000] {processor.py:179} INFO - Processing /workspaces/hands-on-introduction-data-engineering-4395021/airflow_env/lib/python3.10/site-packages/airflow/example_dags/example_bash_operator.py took 0.058 seconds
[2025-08-13T03:35:30.703+0000] {processor.py:157} INFO - Started process (PID=9567) to work on /workspaces/hands-on-introduction-data-engineering-4395021/airflow_env/lib/python3.10/site-packages/airflow/example_dags/example_bash_operator.py
[2025-08-13T03:35:30.704+0000] {processor.py:826} INFO - Processing file /workspaces/hands-on-introduction-data-engineering-4395021/airflow_env/lib/python3.10/site-packages/airflow/example_dags/example_bash_operator.py for tasks to queue
[2025-08-13T03:35:30.704+0000] {logging_mixin.py:150} INFO - [2025-08-13T03:35:30.704+0000] {dagbag.py:541} INFO - Filling up the DagBag from /workspaces/hands-on-introduction-data-engineering-4395021/airflow_env/lib/python3.10/site-packages/airflow/example_dags/example_bash_operator.py
[2025-08-13T03:35:30.712+0000] {processor.py:836} INFO - DAG(s) dict_keys(['example_bash_operator']) retrieved from /workspaces/hands-on-introduction-data-engineering-4395021/airflow_env/lib/python3.10/site-packages/airflow/example_dags/example_bash_operator.py
[2025-08-13T03:35:30.730+0000] {logging_mixin.py:150} INFO - [2025-08-13T03:35:30.730+0000] {dag.py:2742} INFO - Sync 1 DAGs
[2025-08-13T03:35:30.744+0000] {logging_mixin.py:150} INFO - [2025-08-13T03:35:30.744+0000] {dag.py:3504} INFO - Setting next_dagrun for example_bash_operator to 2025-08-12T00:00:00+00:00, run_after=2025-08-13T00:00:00+00:00
[2025-08-13T03:35:30.759+0000] {processor.py:179} INFO - Processing /workspaces/hands-on-introduction-data-engineering-4395021/airflow_env/lib/python3.10/site-packages/airflow/example_dags/example_bash_operator.py took 0.058 seconds
[2025-08-13T03:36:16.882+0000] {processor.py:157} INFO - Started process (PID=10073) to work on /workspaces/hands-on-introduction-data-engineering-4395021/airflow_env/lib/python3.10/site-packages/airflow/example_dags/example_bash_operator.py
[2025-08-13T03:36:16.882+0000] {processor.py:826} INFO - Processing file /workspaces/hands-on-introduction-data-engineering-4395021/airflow_env/lib/python3.10/site-packages/airflow/example_dags/example_bash_operator.py for tasks to queue
[2025-08-13T03:36:16.883+0000] {logging_mixin.py:150} INFO - [2025-08-13T03:36:16.883+0000] {dagbag.py:541} INFO - Filling up the DagBag from /workspaces/hands-on-introduction-data-engineering-4395021/airflow_env/lib/python3.10/site-packages/airflow/example_dags/example_bash_operator.py
[2025-08-13T03:36:16.892+0000] {processor.py:836} INFO - DAG(s) dict_keys(['example_bash_operator']) retrieved from /workspaces/hands-on-introduction-data-engineering-4395021/airflow_env/lib/python3.10/site-packages/airflow/example_dags/example_bash_operator.py
[2025-08-13T03:36:16.910+0000] {logging_mixin.py:150} INFO - [2025-08-13T03:36:16.910+0000] {dag.py:2742} INFO - Sync 1 DAGs
[2025-08-13T03:36:16.926+0000] {logging_mixin.py:150} INFO - [2025-08-13T03:36:16.925+0000] {dag.py:3504} INFO - Setting next_dagrun for example_bash_operator to 2025-08-12T00:00:00+00:00, run_after=2025-08-13T00:00:00+00:00
[2025-08-13T03:36:16.941+0000] {processor.py:179} INFO - Processing /workspaces/hands-on-introduction-data-engineering-4395021/airflow_env/lib/python3.10/site-packages/airflow/example_dags/example_bash_operator.py took 0.062 seconds
[2025-08-13T03:37:10.582+0000] {processor.py:157} INFO - Started process (PID=10432) to work on /workspaces/hands-on-introduction-data-engineering-4395021/airflow_env/lib/python3.10/site-packages/airflow/example_dags/example_bash_operator.py
[2025-08-13T03:37:10.583+0000] {processor.py:826} INFO - Processing file /workspaces/hands-on-introduction-data-engineering-4395021/airflow_env/lib/python3.10/site-packages/airflow/example_dags/example_bash_operator.py for tasks to queue
[2025-08-13T03:37:10.583+0000] {logging_mixin.py:150} INFO - [2025-08-13T03:37:10.583+0000] {dagbag.py:541} INFO - Filling up the DagBag from /workspaces/hands-on-introduction-data-engineering-4395021/airflow_env/lib/python3.10/site-packages/airflow/example_dags/example_bash_operator.py
[2025-08-13T03:37:10.592+0000] {processor.py:836} INFO - DAG(s) dict_keys(['example_bash_operator']) retrieved from /workspaces/hands-on-introduction-data-engineering-4395021/airflow_env/lib/python3.10/site-packages/airflow/example_dags/example_bash_operator.py
[2025-08-13T03:37:10.611+0000] {logging_mixin.py:150} INFO - [2025-08-13T03:37:10.611+0000] {dag.py:2742} INFO - Sync 1 DAGs
[2025-08-13T03:37:10.628+0000] {logging_mixin.py:150} INFO - [2025-08-13T03:37:10.627+0000] {dag.py:3504} INFO - Setting next_dagrun for example_bash_operator to 2025-08-12T00:00:00+00:00, run_after=2025-08-13T00:00:00+00:00
[2025-08-13T03:37:10.644+0000] {processor.py:179} INFO - Processing /workspaces/hands-on-introduction-data-engineering-4395021/airflow_env/lib/python3.10/site-packages/airflow/example_dags/example_bash_operator.py took 0.064 seconds
[2025-08-13T03:37:54.701+0000] {processor.py:157} INFO - Started process (PID=10890) to work on /workspaces/hands-on-introduction-data-engineering-4395021/airflow_env/lib/python3.10/site-packages/airflow/example_dags/example_bash_operator.py
[2025-08-13T03:37:54.702+0000] {processor.py:826} INFO - Processing file /workspaces/hands-on-introduction-data-engineering-4395021/airflow_env/lib/python3.10/site-packages/airflow/example_dags/example_bash_operator.py for tasks to queue
[2025-08-13T03:37:54.702+0000] {logging_mixin.py:150} INFO - [2025-08-13T03:37:54.702+0000] {dagbag.py:541} INFO - Filling up the DagBag from /workspaces/hands-on-introduction-data-engineering-4395021/airflow_env/lib/python3.10/site-packages/airflow/example_dags/example_bash_operator.py
[2025-08-13T03:37:54.710+0000] {processor.py:836} INFO - DAG(s) dict_keys(['example_bash_operator']) retrieved from /workspaces/hands-on-introduction-data-engineering-4395021/airflow_env/lib/python3.10/site-packages/airflow/example_dags/example_bash_operator.py
[2025-08-13T03:37:54.727+0000] {logging_mixin.py:150} INFO - [2025-08-13T03:37:54.727+0000] {dag.py:2742} INFO - Sync 1 DAGs
[2025-08-13T03:37:54.742+0000] {logging_mixin.py:150} INFO - [2025-08-13T03:37:54.742+0000] {dag.py:3504} INFO - Setting next_dagrun for example_bash_operator to 2025-08-12T00:00:00+00:00, run_after=2025-08-13T00:00:00+00:00
[2025-08-13T03:37:54.757+0000] {processor.py:179} INFO - Processing /workspaces/hands-on-introduction-data-engineering-4395021/airflow_env/lib/python3.10/site-packages/airflow/example_dags/example_bash_operator.py took 0.058 seconds
[2025-08-13T03:38:41.389+0000] {processor.py:157} INFO - Started process (PID=11370) to work on /workspaces/hands-on-introduction-data-engineering-4395021/airflow_env/lib/python3.10/site-packages/airflow/example_dags/example_bash_operator.py
[2025-08-13T03:38:41.389+0000] {processor.py:826} INFO - Processing file /workspaces/hands-on-introduction-data-engineering-4395021/airflow_env/lib/python3.10/site-packages/airflow/example_dags/example_bash_operator.py for tasks to queue
[2025-08-13T03:38:41.390+0000] {logging_mixin.py:150} INFO - [2025-08-13T03:38:41.390+0000] {dagbag.py:541} INFO - Filling up the DagBag from /workspaces/hands-on-introduction-data-engineering-4395021/airflow_env/lib/python3.10/site-packages/airflow/example_dags/example_bash_operator.py
[2025-08-13T03:38:41.398+0000] {processor.py:836} INFO - DAG(s) dict_keys(['example_bash_operator']) retrieved from /workspaces/hands-on-introduction-data-engineering-4395021/airflow_env/lib/python3.10/site-packages/airflow/example_dags/example_bash_operator.py
[2025-08-13T03:38:41.416+0000] {logging_mixin.py:150} INFO - [2025-08-13T03:38:41.416+0000] {dag.py:2742} INFO - Sync 1 DAGs
[2025-08-13T03:38:41.431+0000] {logging_mixin.py:150} INFO - [2025-08-13T03:38:41.431+0000] {dag.py:3504} INFO - Setting next_dagrun for example_bash_operator to 2025-08-12T00:00:00+00:00, run_after=2025-08-13T00:00:00+00:00
[2025-08-13T03:38:41.446+0000] {processor.py:179} INFO - Processing /workspaces/hands-on-introduction-data-engineering-4395021/airflow_env/lib/python3.10/site-packages/airflow/example_dags/example_bash_operator.py took 0.059 seconds
[2025-08-13T10:26:08.510+0000] {processor.py:157} INFO - Started process (PID=2497) to work on /workspaces/hands-on-introduction-data-engineering-4395021/airflow_env/lib/python3.10/site-packages/airflow/example_dags/example_bash_operator.py
[2025-08-13T10:26:08.512+0000] {processor.py:826} INFO - Processing file /workspaces/hands-on-introduction-data-engineering-4395021/airflow_env/lib/python3.10/site-packages/airflow/example_dags/example_bash_operator.py for tasks to queue
[2025-08-13T10:26:08.513+0000] {logging_mixin.py:150} INFO - [2025-08-13T10:26:08.512+0000] {dagbag.py:541} INFO - Filling up the DagBag from /workspaces/hands-on-introduction-data-engineering-4395021/airflow_env/lib/python3.10/site-packages/airflow/example_dags/example_bash_operator.py
[2025-08-13T10:26:08.524+0000] {processor.py:836} INFO - DAG(s) dict_keys(['example_bash_operator']) retrieved from /workspaces/hands-on-introduction-data-engineering-4395021/airflow_env/lib/python3.10/site-packages/airflow/example_dags/example_bash_operator.py
[2025-08-13T10:26:08.546+0000] {logging_mixin.py:150} INFO - [2025-08-13T10:26:08.546+0000] {dag.py:2742} INFO - Sync 1 DAGs
[2025-08-13T10:26:08.567+0000] {logging_mixin.py:150} INFO - [2025-08-13T10:26:08.567+0000] {dag.py:3504} INFO - Setting next_dagrun for example_bash_operator to 2025-08-12T00:00:00+00:00, run_after=2025-08-13T00:00:00+00:00
[2025-08-13T10:26:08.585+0000] {processor.py:179} INFO - Processing /workspaces/hands-on-introduction-data-engineering-4395021/airflow_env/lib/python3.10/site-packages/airflow/example_dags/example_bash_operator.py took 0.077 seconds
[2025-08-13T10:27:08.794+0000] {processor.py:157} INFO - Started process (PID=2963) to work on /workspaces/hands-on-introduction-data-engineering-4395021/airflow_env/lib/python3.10/site-packages/airflow/example_dags/example_bash_operator.py
[2025-08-13T10:27:08.795+0000] {processor.py:826} INFO - Processing file /workspaces/hands-on-introduction-data-engineering-4395021/airflow_env/lib/python3.10/site-packages/airflow/example_dags/example_bash_operator.py for tasks to queue
[2025-08-13T10:27:08.795+0000] {logging_mixin.py:150} INFO - [2025-08-13T10:27:08.795+0000] {dagbag.py:541} INFO - Filling up the DagBag from /workspaces/hands-on-introduction-data-engineering-4395021/airflow_env/lib/python3.10/site-packages/airflow/example_dags/example_bash_operator.py
[2025-08-13T10:27:08.803+0000] {processor.py:836} INFO - DAG(s) dict_keys(['example_bash_operator']) retrieved from /workspaces/hands-on-introduction-data-engineering-4395021/airflow_env/lib/python3.10/site-packages/airflow/example_dags/example_bash_operator.py
[2025-08-13T10:27:08.821+0000] {logging_mixin.py:150} INFO - [2025-08-13T10:27:08.821+0000] {dag.py:2742} INFO - Sync 1 DAGs
[2025-08-13T10:27:08.836+0000] {logging_mixin.py:150} INFO - [2025-08-13T10:27:08.836+0000] {dag.py:3504} INFO - Setting next_dagrun for example_bash_operator to 2025-08-12T00:00:00+00:00, run_after=2025-08-13T00:00:00+00:00
[2025-08-13T10:27:08.851+0000] {processor.py:179} INFO - Processing /workspaces/hands-on-introduction-data-engineering-4395021/airflow_env/lib/python3.10/site-packages/airflow/example_dags/example_bash_operator.py took 0.059 seconds
[2025-08-13T10:28:05.022+0000] {processor.py:157} INFO - Started process (PID=3468) to work on /workspaces/hands-on-introduction-data-engineering-4395021/airflow_env/lib/python3.10/site-packages/airflow/example_dags/example_bash_operator.py
[2025-08-13T10:28:05.023+0000] {processor.py:826} INFO - Processing file /workspaces/hands-on-introduction-data-engineering-4395021/airflow_env/lib/python3.10/site-packages/airflow/example_dags/example_bash_operator.py for tasks to queue
[2025-08-13T10:28:05.023+0000] {logging_mixin.py:150} INFO - [2025-08-13T10:28:05.023+0000] {dagbag.py:541} INFO - Filling up the DagBag from /workspaces/hands-on-introduction-data-engineering-4395021/airflow_env/lib/python3.10/site-packages/airflow/example_dags/example_bash_operator.py
[2025-08-13T10:28:05.032+0000] {processor.py:836} INFO - DAG(s) dict_keys(['example_bash_operator']) retrieved from /workspaces/hands-on-introduction-data-engineering-4395021/airflow_env/lib/python3.10/site-packages/airflow/example_dags/example_bash_operator.py
[2025-08-13T10:28:05.049+0000] {logging_mixin.py:150} INFO - [2025-08-13T10:28:05.049+0000] {dag.py:2742} INFO - Sync 1 DAGs
[2025-08-13T10:28:05.064+0000] {logging_mixin.py:150} INFO - [2025-08-13T10:28:05.064+0000] {dag.py:3504} INFO - Setting next_dagrun for example_bash_operator to 2025-08-12T00:00:00+00:00, run_after=2025-08-13T00:00:00+00:00
[2025-08-13T10:28:05.081+0000] {processor.py:179} INFO - Processing /workspaces/hands-on-introduction-data-engineering-4395021/airflow_env/lib/python3.10/site-packages/airflow/example_dags/example_bash_operator.py took 0.061 seconds
[2025-08-13T10:28:50.052+0000] {processor.py:157} INFO - Started process (PID=3788) to work on /workspaces/hands-on-introduction-data-engineering-4395021/airflow_env/lib/python3.10/site-packages/airflow/example_dags/example_bash_operator.py
[2025-08-13T10:28:50.053+0000] {processor.py:826} INFO - Processing file /workspaces/hands-on-introduction-data-engineering-4395021/airflow_env/lib/python3.10/site-packages/airflow/example_dags/example_bash_operator.py for tasks to queue
[2025-08-13T10:28:50.053+0000] {logging_mixin.py:150} INFO - [2025-08-13T10:28:50.053+0000] {dagbag.py:541} INFO - Filling up the DagBag from /workspaces/hands-on-introduction-data-engineering-4395021/airflow_env/lib/python3.10/site-packages/airflow/example_dags/example_bash_operator.py
[2025-08-13T10:28:50.061+0000] {processor.py:836} INFO - DAG(s) dict_keys(['example_bash_operator']) retrieved from /workspaces/hands-on-introduction-data-engineering-4395021/airflow_env/lib/python3.10/site-packages/airflow/example_dags/example_bash_operator.py
[2025-08-13T10:28:50.079+0000] {logging_mixin.py:150} INFO - [2025-08-13T10:28:50.079+0000] {dag.py:2742} INFO - Sync 1 DAGs
[2025-08-13T10:28:50.095+0000] {logging_mixin.py:150} INFO - [2025-08-13T10:28:50.095+0000] {dag.py:3504} INFO - Setting next_dagrun for example_bash_operator to 2025-08-12T00:00:00+00:00, run_after=2025-08-13T00:00:00+00:00
[2025-08-13T10:28:50.111+0000] {processor.py:179} INFO - Processing /workspaces/hands-on-introduction-data-engineering-4395021/airflow_env/lib/python3.10/site-packages/airflow/example_dags/example_bash_operator.py took 0.061 seconds
[2025-08-13T10:29:37.400+0000] {processor.py:157} INFO - Started process (PID=4189) to work on /workspaces/hands-on-introduction-data-engineering-4395021/airflow_env/lib/python3.10/site-packages/airflow/example_dags/example_bash_operator.py
[2025-08-13T10:29:37.400+0000] {processor.py:826} INFO - Processing file /workspaces/hands-on-introduction-data-engineering-4395021/airflow_env/lib/python3.10/site-packages/airflow/example_dags/example_bash_operator.py for tasks to queue
[2025-08-13T10:29:37.401+0000] {logging_mixin.py:150} INFO - [2025-08-13T10:29:37.401+0000] {dagbag.py:541} INFO - Filling up the DagBag from /workspaces/hands-on-introduction-data-engineering-4395021/airflow_env/lib/python3.10/site-packages/airflow/example_dags/example_bash_operator.py
[2025-08-13T10:29:37.409+0000] {processor.py:836} INFO - DAG(s) dict_keys(['example_bash_operator']) retrieved from /workspaces/hands-on-introduction-data-engineering-4395021/airflow_env/lib/python3.10/site-packages/airflow/example_dags/example_bash_operator.py
[2025-08-13T10:29:37.426+0000] {logging_mixin.py:150} INFO - [2025-08-13T10:29:37.426+0000] {dag.py:2742} INFO - Sync 1 DAGs
[2025-08-13T10:29:37.442+0000] {logging_mixin.py:150} INFO - [2025-08-13T10:29:37.442+0000] {dag.py:3504} INFO - Setting next_dagrun for example_bash_operator to 2025-08-12T00:00:00+00:00, run_after=2025-08-13T00:00:00+00:00
[2025-08-13T10:29:37.457+0000] {processor.py:179} INFO - Processing /workspaces/hands-on-introduction-data-engineering-4395021/airflow_env/lib/python3.10/site-packages/airflow/example_dags/example_bash_operator.py took 0.059 seconds
[2025-08-13T10:30:21.278+0000] {processor.py:157} INFO - Started process (PID=4490) to work on /workspaces/hands-on-introduction-data-engineering-4395021/airflow_env/lib/python3.10/site-packages/airflow/example_dags/example_bash_operator.py
[2025-08-13T10:30:21.278+0000] {processor.py:826} INFO - Processing file /workspaces/hands-on-introduction-data-engineering-4395021/airflow_env/lib/python3.10/site-packages/airflow/example_dags/example_bash_operator.py for tasks to queue
[2025-08-13T10:30:21.279+0000] {logging_mixin.py:150} INFO - [2025-08-13T10:30:21.279+0000] {dagbag.py:541} INFO - Filling up the DagBag from /workspaces/hands-on-introduction-data-engineering-4395021/airflow_env/lib/python3.10/site-packages/airflow/example_dags/example_bash_operator.py
[2025-08-13T10:30:21.287+0000] {processor.py:836} INFO - DAG(s) dict_keys(['example_bash_operator']) retrieved from /workspaces/hands-on-introduction-data-engineering-4395021/airflow_env/lib/python3.10/site-packages/airflow/example_dags/example_bash_operator.py
[2025-08-13T10:30:21.304+0000] {logging_mixin.py:150} INFO - [2025-08-13T10:30:21.304+0000] {dag.py:2742} INFO - Sync 1 DAGs
[2025-08-13T10:30:21.320+0000] {logging_mixin.py:150} INFO - [2025-08-13T10:30:21.320+0000] {dag.py:3504} INFO - Setting next_dagrun for example_bash_operator to 2025-08-12T00:00:00+00:00, run_after=2025-08-13T00:00:00+00:00
[2025-08-13T10:30:21.336+0000] {processor.py:179} INFO - Processing /workspaces/hands-on-introduction-data-engineering-4395021/airflow_env/lib/python3.10/site-packages/airflow/example_dags/example_bash_operator.py took 0.060 seconds
[2025-08-13T10:31:06.533+0000] {processor.py:157} INFO - Started process (PID=4807) to work on /workspaces/hands-on-introduction-data-engineering-4395021/airflow_env/lib/python3.10/site-packages/airflow/example_dags/example_bash_operator.py
[2025-08-13T10:31:06.534+0000] {processor.py:826} INFO - Processing file /workspaces/hands-on-introduction-data-engineering-4395021/airflow_env/lib/python3.10/site-packages/airflow/example_dags/example_bash_operator.py for tasks to queue
[2025-08-13T10:31:06.535+0000] {logging_mixin.py:150} INFO - [2025-08-13T10:31:06.535+0000] {dagbag.py:541} INFO - Filling up the DagBag from /workspaces/hands-on-introduction-data-engineering-4395021/airflow_env/lib/python3.10/site-packages/airflow/example_dags/example_bash_operator.py
[2025-08-13T10:31:06.551+0000] {processor.py:836} INFO - DAG(s) dict_keys(['example_bash_operator']) retrieved from /workspaces/hands-on-introduction-data-engineering-4395021/airflow_env/lib/python3.10/site-packages/airflow/example_dags/example_bash_operator.py
[2025-08-13T10:31:06.584+0000] {logging_mixin.py:150} INFO - [2025-08-13T10:31:06.584+0000] {dag.py:2742} INFO - Sync 1 DAGs
[2025-08-13T10:31:06.606+0000] {logging_mixin.py:150} INFO - [2025-08-13T10:31:06.606+0000] {dag.py:3504} INFO - Setting next_dagrun for example_bash_operator to 2025-08-12T00:00:00+00:00, run_after=2025-08-13T00:00:00+00:00
[2025-08-13T10:31:06.622+0000] {processor.py:179} INFO - Processing /workspaces/hands-on-introduction-data-engineering-4395021/airflow_env/lib/python3.10/site-packages/airflow/example_dags/example_bash_operator.py took 0.092 seconds
[2025-08-13T10:31:51.020+0000] {processor.py:157} INFO - Started process (PID=5102) to work on /workspaces/hands-on-introduction-data-engineering-4395021/airflow_env/lib/python3.10/site-packages/airflow/example_dags/example_bash_operator.py
[2025-08-13T10:31:51.020+0000] {processor.py:826} INFO - Processing file /workspaces/hands-on-introduction-data-engineering-4395021/airflow_env/lib/python3.10/site-packages/airflow/example_dags/example_bash_operator.py for tasks to queue
[2025-08-13T10:31:51.021+0000] {logging_mixin.py:150} INFO - [2025-08-13T10:31:51.021+0000] {dagbag.py:541} INFO - Filling up the DagBag from /workspaces/hands-on-introduction-data-engineering-4395021/airflow_env/lib/python3.10/site-packages/airflow/example_dags/example_bash_operator.py
[2025-08-13T10:31:51.029+0000] {processor.py:836} INFO - DAG(s) dict_keys(['example_bash_operator']) retrieved from /workspaces/hands-on-introduction-data-engineering-4395021/airflow_env/lib/python3.10/site-packages/airflow/example_dags/example_bash_operator.py
[2025-08-13T10:31:51.047+0000] {logging_mixin.py:150} INFO - [2025-08-13T10:31:51.046+0000] {dag.py:2742} INFO - Sync 1 DAGs
[2025-08-13T10:31:51.065+0000] {logging_mixin.py:150} INFO - [2025-08-13T10:31:51.065+0000] {dag.py:3504} INFO - Setting next_dagrun for example_bash_operator to 2025-08-12T00:00:00+00:00, run_after=2025-08-13T00:00:00+00:00
[2025-08-13T10:31:51.080+0000] {processor.py:179} INFO - Processing /workspaces/hands-on-introduction-data-engineering-4395021/airflow_env/lib/python3.10/site-packages/airflow/example_dags/example_bash_operator.py took 0.062 seconds
[2025-08-13T10:32:49.271+0000] {processor.py:157} INFO - Started process (PID=5522) to work on /workspaces/hands-on-introduction-data-engineering-4395021/airflow_env/lib/python3.10/site-packages/airflow/example_dags/example_bash_operator.py
[2025-08-13T10:32:49.271+0000] {processor.py:826} INFO - Processing file /workspaces/hands-on-introduction-data-engineering-4395021/airflow_env/lib/python3.10/site-packages/airflow/example_dags/example_bash_operator.py for tasks to queue
[2025-08-13T10:32:49.272+0000] {logging_mixin.py:150} INFO - [2025-08-13T10:32:49.272+0000] {dagbag.py:541} INFO - Filling up the DagBag from /workspaces/hands-on-introduction-data-engineering-4395021/airflow_env/lib/python3.10/site-packages/airflow/example_dags/example_bash_operator.py
[2025-08-13T10:32:49.280+0000] {processor.py:836} INFO - DAG(s) dict_keys(['example_bash_operator']) retrieved from /workspaces/hands-on-introduction-data-engineering-4395021/airflow_env/lib/python3.10/site-packages/airflow/example_dags/example_bash_operator.py
[2025-08-13T10:32:49.298+0000] {logging_mixin.py:150} INFO - [2025-08-13T10:32:49.297+0000] {dag.py:2742} INFO - Sync 1 DAGs
[2025-08-13T10:32:49.313+0000] {logging_mixin.py:150} INFO - [2025-08-13T10:32:49.313+0000] {dag.py:3504} INFO - Setting next_dagrun for example_bash_operator to 2025-08-12T00:00:00+00:00, run_after=2025-08-13T00:00:00+00:00
[2025-08-13T10:32:49.329+0000] {processor.py:179} INFO - Processing /workspaces/hands-on-introduction-data-engineering-4395021/airflow_env/lib/python3.10/site-packages/airflow/example_dags/example_bash_operator.py took 0.060 seconds
[2025-08-13T10:33:33.141+0000] {processor.py:157} INFO - Started process (PID=5934) to work on /workspaces/hands-on-introduction-data-engineering-4395021/airflow_env/lib/python3.10/site-packages/airflow/example_dags/example_bash_operator.py
[2025-08-13T10:33:33.142+0000] {processor.py:826} INFO - Processing file /workspaces/hands-on-introduction-data-engineering-4395021/airflow_env/lib/python3.10/site-packages/airflow/example_dags/example_bash_operator.py for tasks to queue
[2025-08-13T10:33:33.143+0000] {logging_mixin.py:150} INFO - [2025-08-13T10:33:33.143+0000] {dagbag.py:541} INFO - Filling up the DagBag from /workspaces/hands-on-introduction-data-engineering-4395021/airflow_env/lib/python3.10/site-packages/airflow/example_dags/example_bash_operator.py
[2025-08-13T10:33:33.151+0000] {processor.py:836} INFO - DAG(s) dict_keys(['example_bash_operator']) retrieved from /workspaces/hands-on-introduction-data-engineering-4395021/airflow_env/lib/python3.10/site-packages/airflow/example_dags/example_bash_operator.py
[2025-08-13T10:33:33.168+0000] {logging_mixin.py:150} INFO - [2025-08-13T10:33:33.168+0000] {dag.py:2742} INFO - Sync 1 DAGs
[2025-08-13T10:33:33.183+0000] {logging_mixin.py:150} INFO - [2025-08-13T10:33:33.183+0000] {dag.py:3504} INFO - Setting next_dagrun for example_bash_operator to 2025-08-12T00:00:00+00:00, run_after=2025-08-13T00:00:00+00:00
[2025-08-13T10:33:33.198+0000] {processor.py:179} INFO - Processing /workspaces/hands-on-introduction-data-engineering-4395021/airflow_env/lib/python3.10/site-packages/airflow/example_dags/example_bash_operator.py took 0.059 seconds
[2025-08-13T10:34:32.492+0000] {processor.py:157} INFO - Started process (PID=6405) to work on /workspaces/hands-on-introduction-data-engineering-4395021/airflow_env/lib/python3.10/site-packages/airflow/example_dags/example_bash_operator.py
[2025-08-13T10:34:32.492+0000] {processor.py:826} INFO - Processing file /workspaces/hands-on-introduction-data-engineering-4395021/airflow_env/lib/python3.10/site-packages/airflow/example_dags/example_bash_operator.py for tasks to queue
[2025-08-13T10:34:32.493+0000] {logging_mixin.py:150} INFO - [2025-08-13T10:34:32.493+0000] {dagbag.py:541} INFO - Filling up the DagBag from /workspaces/hands-on-introduction-data-engineering-4395021/airflow_env/lib/python3.10/site-packages/airflow/example_dags/example_bash_operator.py
[2025-08-13T10:34:32.501+0000] {processor.py:836} INFO - DAG(s) dict_keys(['example_bash_operator']) retrieved from /workspaces/hands-on-introduction-data-engineering-4395021/airflow_env/lib/python3.10/site-packages/airflow/example_dags/example_bash_operator.py
[2025-08-13T10:34:32.518+0000] {logging_mixin.py:150} INFO - [2025-08-13T10:34:32.518+0000] {dag.py:2742} INFO - Sync 1 DAGs
[2025-08-13T10:34:32.535+0000] {logging_mixin.py:150} INFO - [2025-08-13T10:34:32.535+0000] {dag.py:3504} INFO - Setting next_dagrun for example_bash_operator to 2025-08-12T00:00:00+00:00, run_after=2025-08-13T00:00:00+00:00
[2025-08-13T10:34:32.550+0000] {processor.py:179} INFO - Processing /workspaces/hands-on-introduction-data-engineering-4395021/airflow_env/lib/python3.10/site-packages/airflow/example_dags/example_bash_operator.py took 0.060 seconds
[2025-08-13T10:35:20.759+0000] {processor.py:157} INFO - Started process (PID=6785) to work on /workspaces/hands-on-introduction-data-engineering-4395021/airflow_env/lib/python3.10/site-packages/airflow/example_dags/example_bash_operator.py
[2025-08-13T10:35:20.760+0000] {processor.py:826} INFO - Processing file /workspaces/hands-on-introduction-data-engineering-4395021/airflow_env/lib/python3.10/site-packages/airflow/example_dags/example_bash_operator.py for tasks to queue
[2025-08-13T10:35:20.761+0000] {logging_mixin.py:150} INFO - [2025-08-13T10:35:20.761+0000] {dagbag.py:541} INFO - Filling up the DagBag from /workspaces/hands-on-introduction-data-engineering-4395021/airflow_env/lib/python3.10/site-packages/airflow/example_dags/example_bash_operator.py
[2025-08-13T10:35:20.770+0000] {processor.py:836} INFO - DAG(s) dict_keys(['example_bash_operator']) retrieved from /workspaces/hands-on-introduction-data-engineering-4395021/airflow_env/lib/python3.10/site-packages/airflow/example_dags/example_bash_operator.py
[2025-08-13T10:35:20.798+0000] {logging_mixin.py:150} INFO - [2025-08-13T10:35:20.798+0000] {dag.py:2742} INFO - Sync 1 DAGs
[2025-08-13T10:35:20.821+0000] {logging_mixin.py:150} INFO - [2025-08-13T10:35:20.821+0000] {dag.py:3504} INFO - Setting next_dagrun for example_bash_operator to 2025-08-12T00:00:00+00:00, run_after=2025-08-13T00:00:00+00:00
[2025-08-13T10:35:20.837+0000] {processor.py:179} INFO - Processing /workspaces/hands-on-introduction-data-engineering-4395021/airflow_env/lib/python3.10/site-packages/airflow/example_dags/example_bash_operator.py took 0.080 seconds
[2025-08-13T10:36:08.048+0000] {processor.py:157} INFO - Started process (PID=7113) to work on /workspaces/hands-on-introduction-data-engineering-4395021/airflow_env/lib/python3.10/site-packages/airflow/example_dags/example_bash_operator.py
[2025-08-13T10:36:08.048+0000] {processor.py:826} INFO - Processing file /workspaces/hands-on-introduction-data-engineering-4395021/airflow_env/lib/python3.10/site-packages/airflow/example_dags/example_bash_operator.py for tasks to queue
[2025-08-13T10:36:08.049+0000] {logging_mixin.py:150} INFO - [2025-08-13T10:36:08.049+0000] {dagbag.py:541} INFO - Filling up the DagBag from /workspaces/hands-on-introduction-data-engineering-4395021/airflow_env/lib/python3.10/site-packages/airflow/example_dags/example_bash_operator.py
[2025-08-13T10:36:08.057+0000] {processor.py:836} INFO - DAG(s) dict_keys(['example_bash_operator']) retrieved from /workspaces/hands-on-introduction-data-engineering-4395021/airflow_env/lib/python3.10/site-packages/airflow/example_dags/example_bash_operator.py
[2025-08-13T10:36:08.075+0000] {logging_mixin.py:150} INFO - [2025-08-13T10:36:08.075+0000] {dag.py:2742} INFO - Sync 1 DAGs
[2025-08-13T10:36:08.091+0000] {logging_mixin.py:150} INFO - [2025-08-13T10:36:08.090+0000] {dag.py:3504} INFO - Setting next_dagrun for example_bash_operator to 2025-08-12T00:00:00+00:00, run_after=2025-08-13T00:00:00+00:00
[2025-08-13T10:36:08.109+0000] {processor.py:179} INFO - Processing /workspaces/hands-on-introduction-data-engineering-4395021/airflow_env/lib/python3.10/site-packages/airflow/example_dags/example_bash_operator.py took 0.063 seconds
[2025-08-13T10:37:06.585+0000] {processor.py:157} INFO - Started process (PID=7503) to work on /workspaces/hands-on-introduction-data-engineering-4395021/airflow_env/lib/python3.10/site-packages/airflow/example_dags/example_bash_operator.py
[2025-08-13T10:37:06.585+0000] {processor.py:826} INFO - Processing file /workspaces/hands-on-introduction-data-engineering-4395021/airflow_env/lib/python3.10/site-packages/airflow/example_dags/example_bash_operator.py for tasks to queue
[2025-08-13T10:37:06.586+0000] {logging_mixin.py:150} INFO - [2025-08-13T10:37:06.586+0000] {dagbag.py:541} INFO - Filling up the DagBag from /workspaces/hands-on-introduction-data-engineering-4395021/airflow_env/lib/python3.10/site-packages/airflow/example_dags/example_bash_operator.py
[2025-08-13T10:37:06.594+0000] {processor.py:836} INFO - DAG(s) dict_keys(['example_bash_operator']) retrieved from /workspaces/hands-on-introduction-data-engineering-4395021/airflow_env/lib/python3.10/site-packages/airflow/example_dags/example_bash_operator.py
[2025-08-13T10:37:06.611+0000] {logging_mixin.py:150} INFO - [2025-08-13T10:37:06.611+0000] {dag.py:2742} INFO - Sync 1 DAGs
[2025-08-13T10:37:06.627+0000] {logging_mixin.py:150} INFO - [2025-08-13T10:37:06.627+0000] {dag.py:3504} INFO - Setting next_dagrun for example_bash_operator to 2025-08-12T00:00:00+00:00, run_after=2025-08-13T00:00:00+00:00
[2025-08-13T10:37:06.648+0000] {processor.py:179} INFO - Processing /workspaces/hands-on-introduction-data-engineering-4395021/airflow_env/lib/python3.10/site-packages/airflow/example_dags/example_bash_operator.py took 0.065 seconds
[2025-08-13T10:37:58.929+0000] {processor.py:157} INFO - Started process (PID=7855) to work on /workspaces/hands-on-introduction-data-engineering-4395021/airflow_env/lib/python3.10/site-packages/airflow/example_dags/example_bash_operator.py
[2025-08-13T10:37:58.930+0000] {processor.py:826} INFO - Processing file /workspaces/hands-on-introduction-data-engineering-4395021/airflow_env/lib/python3.10/site-packages/airflow/example_dags/example_bash_operator.py for tasks to queue
[2025-08-13T10:37:58.931+0000] {logging_mixin.py:150} INFO - [2025-08-13T10:37:58.930+0000] {dagbag.py:541} INFO - Filling up the DagBag from /workspaces/hands-on-introduction-data-engineering-4395021/airflow_env/lib/python3.10/site-packages/airflow/example_dags/example_bash_operator.py
[2025-08-13T10:37:58.939+0000] {processor.py:836} INFO - DAG(s) dict_keys(['example_bash_operator']) retrieved from /workspaces/hands-on-introduction-data-engineering-4395021/airflow_env/lib/python3.10/site-packages/airflow/example_dags/example_bash_operator.py
[2025-08-13T10:37:58.957+0000] {logging_mixin.py:150} INFO - [2025-08-13T10:37:58.957+0000] {dag.py:2742} INFO - Sync 1 DAGs
[2025-08-13T10:37:58.973+0000] {logging_mixin.py:150} INFO - [2025-08-13T10:37:58.973+0000] {dag.py:3504} INFO - Setting next_dagrun for example_bash_operator to 2025-08-12T00:00:00+00:00, run_after=2025-08-13T00:00:00+00:00
[2025-08-13T10:37:58.997+0000] {processor.py:179} INFO - Processing /workspaces/hands-on-introduction-data-engineering-4395021/airflow_env/lib/python3.10/site-packages/airflow/example_dags/example_bash_operator.py took 0.070 seconds
[2025-08-13T10:38:58.056+0000] {processor.py:157} INFO - Started process (PID=8293) to work on /workspaces/hands-on-introduction-data-engineering-4395021/airflow_env/lib/python3.10/site-packages/airflow/example_dags/example_bash_operator.py
[2025-08-13T10:38:58.057+0000] {processor.py:826} INFO - Processing file /workspaces/hands-on-introduction-data-engineering-4395021/airflow_env/lib/python3.10/site-packages/airflow/example_dags/example_bash_operator.py for tasks to queue
[2025-08-13T10:38:58.058+0000] {logging_mixin.py:150} INFO - [2025-08-13T10:38:58.057+0000] {dagbag.py:541} INFO - Filling up the DagBag from /workspaces/hands-on-introduction-data-engineering-4395021/airflow_env/lib/python3.10/site-packages/airflow/example_dags/example_bash_operator.py
[2025-08-13T10:38:58.066+0000] {processor.py:836} INFO - DAG(s) dict_keys(['example_bash_operator']) retrieved from /workspaces/hands-on-introduction-data-engineering-4395021/airflow_env/lib/python3.10/site-packages/airflow/example_dags/example_bash_operator.py
[2025-08-13T10:38:58.083+0000] {logging_mixin.py:150} INFO - [2025-08-13T10:38:58.083+0000] {dag.py:2742} INFO - Sync 1 DAGs
[2025-08-13T10:38:58.098+0000] {logging_mixin.py:150} INFO - [2025-08-13T10:38:58.098+0000] {dag.py:3504} INFO - Setting next_dagrun for example_bash_operator to 2025-08-12T00:00:00+00:00, run_after=2025-08-13T00:00:00+00:00
[2025-08-13T10:38:58.113+0000] {processor.py:179} INFO - Processing /workspaces/hands-on-introduction-data-engineering-4395021/airflow_env/lib/python3.10/site-packages/airflow/example_dags/example_bash_operator.py took 0.059 seconds
[2025-08-13T10:39:44.120+0000] {processor.py:157} INFO - Started process (PID=8593) to work on /workspaces/hands-on-introduction-data-engineering-4395021/airflow_env/lib/python3.10/site-packages/airflow/example_dags/example_bash_operator.py
[2025-08-13T10:39:44.120+0000] {processor.py:826} INFO - Processing file /workspaces/hands-on-introduction-data-engineering-4395021/airflow_env/lib/python3.10/site-packages/airflow/example_dags/example_bash_operator.py for tasks to queue
[2025-08-13T10:39:44.121+0000] {logging_mixin.py:150} INFO - [2025-08-13T10:39:44.121+0000] {dagbag.py:541} INFO - Filling up the DagBag from /workspaces/hands-on-introduction-data-engineering-4395021/airflow_env/lib/python3.10/site-packages/airflow/example_dags/example_bash_operator.py
[2025-08-13T10:39:44.132+0000] {processor.py:836} INFO - DAG(s) dict_keys(['example_bash_operator']) retrieved from /workspaces/hands-on-introduction-data-engineering-4395021/airflow_env/lib/python3.10/site-packages/airflow/example_dags/example_bash_operator.py
[2025-08-13T10:39:44.151+0000] {logging_mixin.py:150} INFO - [2025-08-13T10:39:44.151+0000] {dag.py:2742} INFO - Sync 1 DAGs
[2025-08-13T10:39:44.166+0000] {logging_mixin.py:150} INFO - [2025-08-13T10:39:44.166+0000] {dag.py:3504} INFO - Setting next_dagrun for example_bash_operator to 2025-08-12T00:00:00+00:00, run_after=2025-08-13T00:00:00+00:00
[2025-08-13T10:39:44.182+0000] {processor.py:179} INFO - Processing /workspaces/hands-on-introduction-data-engineering-4395021/airflow_env/lib/python3.10/site-packages/airflow/example_dags/example_bash_operator.py took 0.064 seconds
[2025-08-13T10:40:28.023+0000] {processor.py:157} INFO - Started process (PID=8917) to work on /workspaces/hands-on-introduction-data-engineering-4395021/airflow_env/lib/python3.10/site-packages/airflow/example_dags/example_bash_operator.py
[2025-08-13T10:40:28.024+0000] {processor.py:826} INFO - Processing file /workspaces/hands-on-introduction-data-engineering-4395021/airflow_env/lib/python3.10/site-packages/airflow/example_dags/example_bash_operator.py for tasks to queue
[2025-08-13T10:40:28.024+0000] {logging_mixin.py:150} INFO - [2025-08-13T10:40:28.024+0000] {dagbag.py:541} INFO - Filling up the DagBag from /workspaces/hands-on-introduction-data-engineering-4395021/airflow_env/lib/python3.10/site-packages/airflow/example_dags/example_bash_operator.py
[2025-08-13T10:40:28.032+0000] {processor.py:836} INFO - DAG(s) dict_keys(['example_bash_operator']) retrieved from /workspaces/hands-on-introduction-data-engineering-4395021/airflow_env/lib/python3.10/site-packages/airflow/example_dags/example_bash_operator.py
[2025-08-13T10:40:28.049+0000] {logging_mixin.py:150} INFO - [2025-08-13T10:40:28.049+0000] {dag.py:2742} INFO - Sync 1 DAGs
[2025-08-13T10:40:28.064+0000] {logging_mixin.py:150} INFO - [2025-08-13T10:40:28.064+0000] {dag.py:3504} INFO - Setting next_dagrun for example_bash_operator to 2025-08-12T00:00:00+00:00, run_after=2025-08-13T00:00:00+00:00
[2025-08-13T10:40:28.080+0000] {processor.py:179} INFO - Processing /workspaces/hands-on-introduction-data-engineering-4395021/airflow_env/lib/python3.10/site-packages/airflow/example_dags/example_bash_operator.py took 0.059 seconds
