[2025-08-13T03:25:19.386+0000] {processor.py:157} INFO - Started process (PID=5010) to work on /workspaces/hands-on-introduction-data-engineering-4395021/airflow_env/lib/python3.10/site-packages/airflow/example_dags/example_branch_python_dop_operator_3.py
[2025-08-13T03:25:19.386+0000] {processor.py:826} INFO - Processing file /workspaces/hands-on-introduction-data-engineering-4395021/airflow_env/lib/python3.10/site-packages/airflow/example_dags/example_branch_python_dop_operator_3.py for tasks to queue
[2025-08-13T03:25:19.387+0000] {logging_mixin.py:150} INFO - [2025-08-13T03:25:19.386+0000] {dagbag.py:541} INFO - Filling up the DagBag from /workspaces/hands-on-introduction-data-engineering-4395021/airflow_env/lib/python3.10/site-packages/airflow/example_dags/example_branch_python_dop_operator_3.py
[2025-08-13T03:25:19.393+0000] {processor.py:836} INFO - DAG(s) dict_keys(['example_branch_dop_operator_v3']) retrieved from /workspaces/hands-on-introduction-data-engineering-4395021/airflow_env/lib/python3.10/site-packages/airflow/example_dags/example_branch_python_dop_operator_3.py
[2025-08-13T03:25:19.468+0000] {logging_mixin.py:150} INFO - [2025-08-13T03:25:19.468+0000] {manager.py:504} INFO - Created Permission View: can read on DAG:example_branch_dop_operator_v3
[2025-08-13T03:25:19.477+0000] {logging_mixin.py:150} INFO - [2025-08-13T03:25:19.477+0000] {manager.py:504} INFO - Created Permission View: can edit on DAG:example_branch_dop_operator_v3
[2025-08-13T03:25:19.484+0000] {logging_mixin.py:150} INFO - [2025-08-13T03:25:19.483+0000] {manager.py:504} INFO - Created Permission View: can delete on DAG:example_branch_dop_operator_v3
[2025-08-13T03:25:19.491+0000] {logging_mixin.py:150} INFO - [2025-08-13T03:25:19.491+0000] {dag.py:2742} INFO - Sync 1 DAGs
[2025-08-13T03:25:19.499+0000] {logging_mixin.py:150} INFO - [2025-08-13T03:25:19.499+0000] {dag.py:2763} INFO - Creating ORM DAG for example_branch_dop_operator_v3
[2025-08-13T03:25:19.511+0000] {logging_mixin.py:150} INFO - [2025-08-13T03:25:19.511+0000] {dag.py:3504} INFO - Setting next_dagrun for example_branch_dop_operator_v3 to 2025-08-13T03:24:00+00:00, run_after=2025-08-13T03:25:00+00:00
[2025-08-13T03:25:19.530+0000] {processor.py:179} INFO - Processing /workspaces/hands-on-introduction-data-engineering-4395021/airflow_env/lib/python3.10/site-packages/airflow/example_dags/example_branch_python_dop_operator_3.py took 0.146 seconds
[2025-08-13T03:26:04.893+0000] {processor.py:157} INFO - Started process (PID=5321) to work on /workspaces/hands-on-introduction-data-engineering-4395021/airflow_env/lib/python3.10/site-packages/airflow/example_dags/example_branch_python_dop_operator_3.py
[2025-08-13T03:26:04.894+0000] {processor.py:826} INFO - Processing file /workspaces/hands-on-introduction-data-engineering-4395021/airflow_env/lib/python3.10/site-packages/airflow/example_dags/example_branch_python_dop_operator_3.py for tasks to queue
[2025-08-13T03:26:04.894+0000] {logging_mixin.py:150} INFO - [2025-08-13T03:26:04.894+0000] {dagbag.py:541} INFO - Filling up the DagBag from /workspaces/hands-on-introduction-data-engineering-4395021/airflow_env/lib/python3.10/site-packages/airflow/example_dags/example_branch_python_dop_operator_3.py
[2025-08-13T03:26:04.900+0000] {processor.py:836} INFO - DAG(s) dict_keys(['example_branch_dop_operator_v3']) retrieved from /workspaces/hands-on-introduction-data-engineering-4395021/airflow_env/lib/python3.10/site-packages/airflow/example_dags/example_branch_python_dop_operator_3.py
[2025-08-13T03:26:04.912+0000] {logging_mixin.py:150} INFO - [2025-08-13T03:26:04.912+0000] {dag.py:2742} INFO - Sync 1 DAGs
[2025-08-13T03:26:04.929+0000] {logging_mixin.py:150} INFO - [2025-08-13T03:26:04.929+0000] {dag.py:3504} INFO - Setting next_dagrun for example_branch_dop_operator_v3 to 2025-08-13T03:25:00+00:00, run_after=2025-08-13T03:26:00+00:00
[2025-08-13T03:26:04.945+0000] {processor.py:179} INFO - Processing /workspaces/hands-on-introduction-data-engineering-4395021/airflow_env/lib/python3.10/site-packages/airflow/example_dags/example_branch_python_dop_operator_3.py took 0.054 seconds
[2025-08-13T03:26:51.345+0000] {processor.py:157} INFO - Started process (PID=5629) to work on /workspaces/hands-on-introduction-data-engineering-4395021/airflow_env/lib/python3.10/site-packages/airflow/example_dags/example_branch_python_dop_operator_3.py
[2025-08-13T03:26:51.346+0000] {processor.py:826} INFO - Processing file /workspaces/hands-on-introduction-data-engineering-4395021/airflow_env/lib/python3.10/site-packages/airflow/example_dags/example_branch_python_dop_operator_3.py for tasks to queue
[2025-08-13T03:26:51.346+0000] {logging_mixin.py:150} INFO - [2025-08-13T03:26:51.346+0000] {dagbag.py:541} INFO - Filling up the DagBag from /workspaces/hands-on-introduction-data-engineering-4395021/airflow_env/lib/python3.10/site-packages/airflow/example_dags/example_branch_python_dop_operator_3.py
[2025-08-13T03:26:51.352+0000] {processor.py:836} INFO - DAG(s) dict_keys(['example_branch_dop_operator_v3']) retrieved from /workspaces/hands-on-introduction-data-engineering-4395021/airflow_env/lib/python3.10/site-packages/airflow/example_dags/example_branch_python_dop_operator_3.py
[2025-08-13T03:26:51.364+0000] {logging_mixin.py:150} INFO - [2025-08-13T03:26:51.364+0000] {dag.py:2742} INFO - Sync 1 DAGs
[2025-08-13T03:26:51.383+0000] {logging_mixin.py:150} INFO - [2025-08-13T03:26:51.382+0000] {dag.py:3504} INFO - Setting next_dagrun for example_branch_dop_operator_v3 to 2025-08-13T03:25:00+00:00, run_after=2025-08-13T03:26:00+00:00
[2025-08-13T03:26:51.398+0000] {processor.py:179} INFO - Processing /workspaces/hands-on-introduction-data-engineering-4395021/airflow_env/lib/python3.10/site-packages/airflow/example_dags/example_branch_python_dop_operator_3.py took 0.055 seconds
[2025-08-13T03:27:38.962+0000] {processor.py:157} INFO - Started process (PID=5967) to work on /workspaces/hands-on-introduction-data-engineering-4395021/airflow_env/lib/python3.10/site-packages/airflow/example_dags/example_branch_python_dop_operator_3.py
[2025-08-13T03:27:38.963+0000] {processor.py:826} INFO - Processing file /workspaces/hands-on-introduction-data-engineering-4395021/airflow_env/lib/python3.10/site-packages/airflow/example_dags/example_branch_python_dop_operator_3.py for tasks to queue
[2025-08-13T03:27:38.964+0000] {logging_mixin.py:150} INFO - [2025-08-13T03:27:38.963+0000] {dagbag.py:541} INFO - Filling up the DagBag from /workspaces/hands-on-introduction-data-engineering-4395021/airflow_env/lib/python3.10/site-packages/airflow/example_dags/example_branch_python_dop_operator_3.py
[2025-08-13T03:27:38.972+0000] {processor.py:836} INFO - DAG(s) dict_keys(['example_branch_dop_operator_v3']) retrieved from /workspaces/hands-on-introduction-data-engineering-4395021/airflow_env/lib/python3.10/site-packages/airflow/example_dags/example_branch_python_dop_operator_3.py
[2025-08-13T03:27:38.990+0000] {logging_mixin.py:150} INFO - [2025-08-13T03:27:38.989+0000] {dag.py:2742} INFO - Sync 1 DAGs
[2025-08-13T03:27:39.008+0000] {logging_mixin.py:150} INFO - [2025-08-13T03:27:39.008+0000] {dag.py:3504} INFO - Setting next_dagrun for example_branch_dop_operator_v3 to 2025-08-13T03:26:00+00:00, run_after=2025-08-13T03:27:00+00:00
[2025-08-13T03:27:39.031+0000] {processor.py:179} INFO - Processing /workspaces/hands-on-introduction-data-engineering-4395021/airflow_env/lib/python3.10/site-packages/airflow/example_dags/example_branch_python_dop_operator_3.py took 0.070 seconds
[2025-08-13T03:28:27.358+0000] {processor.py:157} INFO - Started process (PID=6394) to work on /workspaces/hands-on-introduction-data-engineering-4395021/airflow_env/lib/python3.10/site-packages/airflow/example_dags/example_branch_python_dop_operator_3.py
[2025-08-13T03:28:27.358+0000] {processor.py:826} INFO - Processing file /workspaces/hands-on-introduction-data-engineering-4395021/airflow_env/lib/python3.10/site-packages/airflow/example_dags/example_branch_python_dop_operator_3.py for tasks to queue
[2025-08-13T03:28:27.359+0000] {logging_mixin.py:150} INFO - [2025-08-13T03:28:27.359+0000] {dagbag.py:541} INFO - Filling up the DagBag from /workspaces/hands-on-introduction-data-engineering-4395021/airflow_env/lib/python3.10/site-packages/airflow/example_dags/example_branch_python_dop_operator_3.py
[2025-08-13T03:28:27.365+0000] {processor.py:836} INFO - DAG(s) dict_keys(['example_branch_dop_operator_v3']) retrieved from /workspaces/hands-on-introduction-data-engineering-4395021/airflow_env/lib/python3.10/site-packages/airflow/example_dags/example_branch_python_dop_operator_3.py
[2025-08-13T03:28:27.377+0000] {logging_mixin.py:150} INFO - [2025-08-13T03:28:27.376+0000] {dag.py:2742} INFO - Sync 1 DAGs
[2025-08-13T03:28:27.394+0000] {logging_mixin.py:150} INFO - [2025-08-13T03:28:27.394+0000] {dag.py:3504} INFO - Setting next_dagrun for example_branch_dop_operator_v3 to 2025-08-13T03:27:00+00:00, run_after=2025-08-13T03:28:00+00:00
[2025-08-13T03:28:27.411+0000] {processor.py:179} INFO - Processing /workspaces/hands-on-introduction-data-engineering-4395021/airflow_env/lib/python3.10/site-packages/airflow/example_dags/example_branch_python_dop_operator_3.py took 0.056 seconds
[2025-08-13T03:29:13.350+0000] {processor.py:157} INFO - Started process (PID=6777) to work on /workspaces/hands-on-introduction-data-engineering-4395021/airflow_env/lib/python3.10/site-packages/airflow/example_dags/example_branch_python_dop_operator_3.py
[2025-08-13T03:29:13.351+0000] {processor.py:826} INFO - Processing file /workspaces/hands-on-introduction-data-engineering-4395021/airflow_env/lib/python3.10/site-packages/airflow/example_dags/example_branch_python_dop_operator_3.py for tasks to queue
[2025-08-13T03:29:13.352+0000] {logging_mixin.py:150} INFO - [2025-08-13T03:29:13.351+0000] {dagbag.py:541} INFO - Filling up the DagBag from /workspaces/hands-on-introduction-data-engineering-4395021/airflow_env/lib/python3.10/site-packages/airflow/example_dags/example_branch_python_dop_operator_3.py
[2025-08-13T03:29:13.358+0000] {processor.py:836} INFO - DAG(s) dict_keys(['example_branch_dop_operator_v3']) retrieved from /workspaces/hands-on-introduction-data-engineering-4395021/airflow_env/lib/python3.10/site-packages/airflow/example_dags/example_branch_python_dop_operator_3.py
[2025-08-13T03:29:13.370+0000] {logging_mixin.py:150} INFO - [2025-08-13T03:29:13.370+0000] {dag.py:2742} INFO - Sync 1 DAGs
[2025-08-13T03:29:13.387+0000] {logging_mixin.py:150} INFO - [2025-08-13T03:29:13.387+0000] {dag.py:3504} INFO - Setting next_dagrun for example_branch_dop_operator_v3 to 2025-08-13T03:28:00+00:00, run_after=2025-08-13T03:29:00+00:00
[2025-08-13T03:29:13.402+0000] {processor.py:179} INFO - Processing /workspaces/hands-on-introduction-data-engineering-4395021/airflow_env/lib/python3.10/site-packages/airflow/example_dags/example_branch_python_dop_operator_3.py took 0.054 seconds
[2025-08-13T03:29:54.437+0000] {processor.py:157} INFO - Started process (PID=7269) to work on /workspaces/hands-on-introduction-data-engineering-4395021/airflow_env/lib/python3.10/site-packages/airflow/example_dags/example_branch_python_dop_operator_3.py
[2025-08-13T03:29:54.437+0000] {processor.py:826} INFO - Processing file /workspaces/hands-on-introduction-data-engineering-4395021/airflow_env/lib/python3.10/site-packages/airflow/example_dags/example_branch_python_dop_operator_3.py for tasks to queue
[2025-08-13T03:29:54.438+0000] {logging_mixin.py:150} INFO - [2025-08-13T03:29:54.438+0000] {dagbag.py:541} INFO - Filling up the DagBag from /workspaces/hands-on-introduction-data-engineering-4395021/airflow_env/lib/python3.10/site-packages/airflow/example_dags/example_branch_python_dop_operator_3.py
[2025-08-13T03:29:54.444+0000] {processor.py:836} INFO - DAG(s) dict_keys(['example_branch_dop_operator_v3']) retrieved from /workspaces/hands-on-introduction-data-engineering-4395021/airflow_env/lib/python3.10/site-packages/airflow/example_dags/example_branch_python_dop_operator_3.py
[2025-08-13T03:29:54.457+0000] {logging_mixin.py:150} INFO - [2025-08-13T03:29:54.456+0000] {dag.py:2742} INFO - Sync 1 DAGs
[2025-08-13T03:29:54.474+0000] {logging_mixin.py:150} INFO - [2025-08-13T03:29:54.474+0000] {dag.py:3504} INFO - Setting next_dagrun for example_branch_dop_operator_v3 to 2025-08-13T03:28:00+00:00, run_after=2025-08-13T03:29:00+00:00
[2025-08-13T03:29:54.489+0000] {processor.py:179} INFO - Processing /workspaces/hands-on-introduction-data-engineering-4395021/airflow_env/lib/python3.10/site-packages/airflow/example_dags/example_branch_python_dop_operator_3.py took 0.055 seconds
[2025-08-13T03:30:38.413+0000] {processor.py:157} INFO - Started process (PID=7563) to work on /workspaces/hands-on-introduction-data-engineering-4395021/airflow_env/lib/python3.10/site-packages/airflow/example_dags/example_branch_python_dop_operator_3.py
[2025-08-13T03:30:38.414+0000] {processor.py:826} INFO - Processing file /workspaces/hands-on-introduction-data-engineering-4395021/airflow_env/lib/python3.10/site-packages/airflow/example_dags/example_branch_python_dop_operator_3.py for tasks to queue
[2025-08-13T03:30:38.414+0000] {logging_mixin.py:150} INFO - [2025-08-13T03:30:38.414+0000] {dagbag.py:541} INFO - Filling up the DagBag from /workspaces/hands-on-introduction-data-engineering-4395021/airflow_env/lib/python3.10/site-packages/airflow/example_dags/example_branch_python_dop_operator_3.py
[2025-08-13T03:30:38.420+0000] {processor.py:836} INFO - DAG(s) dict_keys(['example_branch_dop_operator_v3']) retrieved from /workspaces/hands-on-introduction-data-engineering-4395021/airflow_env/lib/python3.10/site-packages/airflow/example_dags/example_branch_python_dop_operator_3.py
[2025-08-13T03:30:38.432+0000] {logging_mixin.py:150} INFO - [2025-08-13T03:30:38.432+0000] {dag.py:2742} INFO - Sync 1 DAGs
[2025-08-13T03:30:38.450+0000] {logging_mixin.py:150} INFO - [2025-08-13T03:30:38.450+0000] {dag.py:3504} INFO - Setting next_dagrun for example_branch_dop_operator_v3 to 2025-08-13T03:29:00+00:00, run_after=2025-08-13T03:30:00+00:00
[2025-08-13T03:30:38.465+0000] {processor.py:179} INFO - Processing /workspaces/hands-on-introduction-data-engineering-4395021/airflow_env/lib/python3.10/site-packages/airflow/example_dags/example_branch_python_dop_operator_3.py took 0.054 seconds
[2025-08-13T03:31:34.593+0000] {processor.py:157} INFO - Started process (PID=7941) to work on /workspaces/hands-on-introduction-data-engineering-4395021/airflow_env/lib/python3.10/site-packages/airflow/example_dags/example_branch_python_dop_operator_3.py
[2025-08-13T03:31:34.593+0000] {processor.py:826} INFO - Processing file /workspaces/hands-on-introduction-data-engineering-4395021/airflow_env/lib/python3.10/site-packages/airflow/example_dags/example_branch_python_dop_operator_3.py for tasks to queue
[2025-08-13T03:31:34.594+0000] {logging_mixin.py:150} INFO - [2025-08-13T03:31:34.594+0000] {dagbag.py:541} INFO - Filling up the DagBag from /workspaces/hands-on-introduction-data-engineering-4395021/airflow_env/lib/python3.10/site-packages/airflow/example_dags/example_branch_python_dop_operator_3.py
[2025-08-13T03:31:34.601+0000] {processor.py:836} INFO - DAG(s) dict_keys(['example_branch_dop_operator_v3']) retrieved from /workspaces/hands-on-introduction-data-engineering-4395021/airflow_env/lib/python3.10/site-packages/airflow/example_dags/example_branch_python_dop_operator_3.py
[2025-08-13T03:31:34.612+0000] {logging_mixin.py:150} INFO - [2025-08-13T03:31:34.612+0000] {dag.py:2742} INFO - Sync 1 DAGs
[2025-08-13T03:31:34.630+0000] {logging_mixin.py:150} INFO - [2025-08-13T03:31:34.630+0000] {dag.py:3504} INFO - Setting next_dagrun for example_branch_dop_operator_v3 to 2025-08-13T03:30:00+00:00, run_after=2025-08-13T03:31:00+00:00
[2025-08-13T03:31:34.644+0000] {processor.py:179} INFO - Processing /workspaces/hands-on-introduction-data-engineering-4395021/airflow_env/lib/python3.10/site-packages/airflow/example_dags/example_branch_python_dop_operator_3.py took 0.054 seconds
[2025-08-13T03:32:21.617+0000] {processor.py:157} INFO - Started process (PID=8252) to work on /workspaces/hands-on-introduction-data-engineering-4395021/airflow_env/lib/python3.10/site-packages/airflow/example_dags/example_branch_python_dop_operator_3.py
[2025-08-13T03:32:21.618+0000] {processor.py:826} INFO - Processing file /workspaces/hands-on-introduction-data-engineering-4395021/airflow_env/lib/python3.10/site-packages/airflow/example_dags/example_branch_python_dop_operator_3.py for tasks to queue
[2025-08-13T03:32:21.620+0000] {logging_mixin.py:150} INFO - [2025-08-13T03:32:21.619+0000] {dagbag.py:541} INFO - Filling up the DagBag from /workspaces/hands-on-introduction-data-engineering-4395021/airflow_env/lib/python3.10/site-packages/airflow/example_dags/example_branch_python_dop_operator_3.py
[2025-08-13T03:32:21.631+0000] {processor.py:836} INFO - DAG(s) dict_keys(['example_branch_dop_operator_v3']) retrieved from /workspaces/hands-on-introduction-data-engineering-4395021/airflow_env/lib/python3.10/site-packages/airflow/example_dags/example_branch_python_dop_operator_3.py
[2025-08-13T03:32:21.649+0000] {logging_mixin.py:150} INFO - [2025-08-13T03:32:21.649+0000] {dag.py:2742} INFO - Sync 1 DAGs
[2025-08-13T03:32:21.677+0000] {logging_mixin.py:150} INFO - [2025-08-13T03:32:21.677+0000] {dag.py:3504} INFO - Setting next_dagrun for example_branch_dop_operator_v3 to 2025-08-13T03:31:00+00:00, run_after=2025-08-13T03:32:00+00:00
[2025-08-13T03:32:21.697+0000] {processor.py:179} INFO - Processing /workspaces/hands-on-introduction-data-engineering-4395021/airflow_env/lib/python3.10/site-packages/airflow/example_dags/example_branch_python_dop_operator_3.py took 0.084 seconds
[2025-08-13T03:33:07.979+0000] {processor.py:157} INFO - Started process (PID=8555) to work on /workspaces/hands-on-introduction-data-engineering-4395021/airflow_env/lib/python3.10/site-packages/airflow/example_dags/example_branch_python_dop_operator_3.py
[2025-08-13T03:33:07.979+0000] {processor.py:826} INFO - Processing file /workspaces/hands-on-introduction-data-engineering-4395021/airflow_env/lib/python3.10/site-packages/airflow/example_dags/example_branch_python_dop_operator_3.py for tasks to queue
[2025-08-13T03:33:07.980+0000] {logging_mixin.py:150} INFO - [2025-08-13T03:33:07.980+0000] {dagbag.py:541} INFO - Filling up the DagBag from /workspaces/hands-on-introduction-data-engineering-4395021/airflow_env/lib/python3.10/site-packages/airflow/example_dags/example_branch_python_dop_operator_3.py
[2025-08-13T03:33:07.986+0000] {processor.py:836} INFO - DAG(s) dict_keys(['example_branch_dop_operator_v3']) retrieved from /workspaces/hands-on-introduction-data-engineering-4395021/airflow_env/lib/python3.10/site-packages/airflow/example_dags/example_branch_python_dop_operator_3.py
[2025-08-13T03:33:07.998+0000] {logging_mixin.py:150} INFO - [2025-08-13T03:33:07.998+0000] {dag.py:2742} INFO - Sync 1 DAGs
[2025-08-13T03:33:08.015+0000] {logging_mixin.py:150} INFO - [2025-08-13T03:33:08.015+0000] {dag.py:3504} INFO - Setting next_dagrun for example_branch_dop_operator_v3 to 2025-08-13T03:32:00+00:00, run_after=2025-08-13T03:33:00+00:00
[2025-08-13T03:33:08.030+0000] {processor.py:179} INFO - Processing /workspaces/hands-on-introduction-data-engineering-4395021/airflow_env/lib/python3.10/site-packages/airflow/example_dags/example_branch_python_dop_operator_3.py took 0.054 seconds
[2025-08-13T03:34:02.944+0000] {processor.py:157} INFO - Started process (PID=8920) to work on /workspaces/hands-on-introduction-data-engineering-4395021/airflow_env/lib/python3.10/site-packages/airflow/example_dags/example_branch_python_dop_operator_3.py
[2025-08-13T03:34:02.945+0000] {processor.py:826} INFO - Processing file /workspaces/hands-on-introduction-data-engineering-4395021/airflow_env/lib/python3.10/site-packages/airflow/example_dags/example_branch_python_dop_operator_3.py for tasks to queue
[2025-08-13T03:34:02.945+0000] {logging_mixin.py:150} INFO - [2025-08-13T03:34:02.945+0000] {dagbag.py:541} INFO - Filling up the DagBag from /workspaces/hands-on-introduction-data-engineering-4395021/airflow_env/lib/python3.10/site-packages/airflow/example_dags/example_branch_python_dop_operator_3.py
[2025-08-13T03:34:02.951+0000] {processor.py:836} INFO - DAG(s) dict_keys(['example_branch_dop_operator_v3']) retrieved from /workspaces/hands-on-introduction-data-engineering-4395021/airflow_env/lib/python3.10/site-packages/airflow/example_dags/example_branch_python_dop_operator_3.py
[2025-08-13T03:34:02.963+0000] {logging_mixin.py:150} INFO - [2025-08-13T03:34:02.963+0000] {dag.py:2742} INFO - Sync 1 DAGs
[2025-08-13T03:34:02.981+0000] {logging_mixin.py:150} INFO - [2025-08-13T03:34:02.981+0000] {dag.py:3504} INFO - Setting next_dagrun for example_branch_dop_operator_v3 to 2025-08-13T03:33:00+00:00, run_after=2025-08-13T03:34:00+00:00
[2025-08-13T03:34:02.995+0000] {processor.py:179} INFO - Processing /workspaces/hands-on-introduction-data-engineering-4395021/airflow_env/lib/python3.10/site-packages/airflow/example_dags/example_branch_python_dop_operator_3.py took 0.053 seconds
[2025-08-13T03:34:47.337+0000] {processor.py:157} INFO - Started process (PID=9282) to work on /workspaces/hands-on-introduction-data-engineering-4395021/airflow_env/lib/python3.10/site-packages/airflow/example_dags/example_branch_python_dop_operator_3.py
[2025-08-13T03:34:47.338+0000] {processor.py:826} INFO - Processing file /workspaces/hands-on-introduction-data-engineering-4395021/airflow_env/lib/python3.10/site-packages/airflow/example_dags/example_branch_python_dop_operator_3.py for tasks to queue
[2025-08-13T03:34:47.339+0000] {logging_mixin.py:150} INFO - [2025-08-13T03:34:47.338+0000] {dagbag.py:541} INFO - Filling up the DagBag from /workspaces/hands-on-introduction-data-engineering-4395021/airflow_env/lib/python3.10/site-packages/airflow/example_dags/example_branch_python_dop_operator_3.py
[2025-08-13T03:34:47.344+0000] {processor.py:836} INFO - DAG(s) dict_keys(['example_branch_dop_operator_v3']) retrieved from /workspaces/hands-on-introduction-data-engineering-4395021/airflow_env/lib/python3.10/site-packages/airflow/example_dags/example_branch_python_dop_operator_3.py
[2025-08-13T03:34:47.356+0000] {logging_mixin.py:150} INFO - [2025-08-13T03:34:47.356+0000] {dag.py:2742} INFO - Sync 1 DAGs
[2025-08-13T03:34:47.373+0000] {logging_mixin.py:150} INFO - [2025-08-13T03:34:47.373+0000] {dag.py:3504} INFO - Setting next_dagrun for example_branch_dop_operator_v3 to 2025-08-13T03:33:00+00:00, run_after=2025-08-13T03:34:00+00:00
[2025-08-13T03:34:47.388+0000] {processor.py:179} INFO - Processing /workspaces/hands-on-introduction-data-engineering-4395021/airflow_env/lib/python3.10/site-packages/airflow/example_dags/example_branch_python_dop_operator_3.py took 0.053 seconds
[2025-08-13T03:35:46.664+0000] {processor.py:157} INFO - Started process (PID=9766) to work on /workspaces/hands-on-introduction-data-engineering-4395021/airflow_env/lib/python3.10/site-packages/airflow/example_dags/example_branch_python_dop_operator_3.py
[2025-08-13T03:35:46.665+0000] {processor.py:826} INFO - Processing file /workspaces/hands-on-introduction-data-engineering-4395021/airflow_env/lib/python3.10/site-packages/airflow/example_dags/example_branch_python_dop_operator_3.py for tasks to queue
[2025-08-13T03:35:46.665+0000] {logging_mixin.py:150} INFO - [2025-08-13T03:35:46.665+0000] {dagbag.py:541} INFO - Filling up the DagBag from /workspaces/hands-on-introduction-data-engineering-4395021/airflow_env/lib/python3.10/site-packages/airflow/example_dags/example_branch_python_dop_operator_3.py
[2025-08-13T03:35:46.671+0000] {processor.py:836} INFO - DAG(s) dict_keys(['example_branch_dop_operator_v3']) retrieved from /workspaces/hands-on-introduction-data-engineering-4395021/airflow_env/lib/python3.10/site-packages/airflow/example_dags/example_branch_python_dop_operator_3.py
[2025-08-13T03:35:46.683+0000] {logging_mixin.py:150} INFO - [2025-08-13T03:35:46.683+0000] {dag.py:2742} INFO - Sync 1 DAGs
[2025-08-13T03:35:46.701+0000] {logging_mixin.py:150} INFO - [2025-08-13T03:35:46.701+0000] {dag.py:3504} INFO - Setting next_dagrun for example_branch_dop_operator_v3 to 2025-08-13T03:34:00+00:00, run_after=2025-08-13T03:35:00+00:00
[2025-08-13T03:35:46.721+0000] {processor.py:179} INFO - Processing /workspaces/hands-on-introduction-data-engineering-4395021/airflow_env/lib/python3.10/site-packages/airflow/example_dags/example_branch_python_dop_operator_3.py took 0.059 seconds
[2025-08-13T03:36:32.395+0000] {processor.py:157} INFO - Started process (PID=10173) to work on /workspaces/hands-on-introduction-data-engineering-4395021/airflow_env/lib/python3.10/site-packages/airflow/example_dags/example_branch_python_dop_operator_3.py
[2025-08-13T03:36:32.396+0000] {processor.py:826} INFO - Processing file /workspaces/hands-on-introduction-data-engineering-4395021/airflow_env/lib/python3.10/site-packages/airflow/example_dags/example_branch_python_dop_operator_3.py for tasks to queue
[2025-08-13T03:36:32.397+0000] {logging_mixin.py:150} INFO - [2025-08-13T03:36:32.396+0000] {dagbag.py:541} INFO - Filling up the DagBag from /workspaces/hands-on-introduction-data-engineering-4395021/airflow_env/lib/python3.10/site-packages/airflow/example_dags/example_branch_python_dop_operator_3.py
[2025-08-13T03:36:32.402+0000] {processor.py:836} INFO - DAG(s) dict_keys(['example_branch_dop_operator_v3']) retrieved from /workspaces/hands-on-introduction-data-engineering-4395021/airflow_env/lib/python3.10/site-packages/airflow/example_dags/example_branch_python_dop_operator_3.py
[2025-08-13T03:36:32.416+0000] {logging_mixin.py:150} INFO - [2025-08-13T03:36:32.415+0000] {dag.py:2742} INFO - Sync 1 DAGs
[2025-08-13T03:36:32.436+0000] {logging_mixin.py:150} INFO - [2025-08-13T03:36:32.435+0000] {dag.py:3504} INFO - Setting next_dagrun for example_branch_dop_operator_v3 to 2025-08-13T03:35:00+00:00, run_after=2025-08-13T03:36:00+00:00
[2025-08-13T03:36:32.453+0000] {processor.py:179} INFO - Processing /workspaces/hands-on-introduction-data-engineering-4395021/airflow_env/lib/python3.10/site-packages/airflow/example_dags/example_branch_python_dop_operator_3.py took 0.060 seconds
[2025-08-13T03:37:26.859+0000] {processor.py:157} INFO - Started process (PID=10662) to work on /workspaces/hands-on-introduction-data-engineering-4395021/airflow_env/lib/python3.10/site-packages/airflow/example_dags/example_branch_python_dop_operator_3.py
[2025-08-13T03:37:26.860+0000] {processor.py:826} INFO - Processing file /workspaces/hands-on-introduction-data-engineering-4395021/airflow_env/lib/python3.10/site-packages/airflow/example_dags/example_branch_python_dop_operator_3.py for tasks to queue
[2025-08-13T03:37:26.861+0000] {logging_mixin.py:150} INFO - [2025-08-13T03:37:26.861+0000] {dagbag.py:541} INFO - Filling up the DagBag from /workspaces/hands-on-introduction-data-engineering-4395021/airflow_env/lib/python3.10/site-packages/airflow/example_dags/example_branch_python_dop_operator_3.py
[2025-08-13T03:37:26.870+0000] {processor.py:836} INFO - DAG(s) dict_keys(['example_branch_dop_operator_v3']) retrieved from /workspaces/hands-on-introduction-data-engineering-4395021/airflow_env/lib/python3.10/site-packages/airflow/example_dags/example_branch_python_dop_operator_3.py
[2025-08-13T03:37:26.887+0000] {logging_mixin.py:150} INFO - [2025-08-13T03:37:26.887+0000] {dag.py:2742} INFO - Sync 1 DAGs
[2025-08-13T03:37:26.924+0000] {logging_mixin.py:150} INFO - [2025-08-13T03:37:26.920+0000] {dag.py:3504} INFO - Setting next_dagrun for example_branch_dop_operator_v3 to 2025-08-13T03:36:00+00:00, run_after=2025-08-13T03:37:00+00:00
[2025-08-13T03:37:26.962+0000] {processor.py:179} INFO - Processing /workspaces/hands-on-introduction-data-engineering-4395021/airflow_env/lib/python3.10/site-packages/airflow/example_dags/example_branch_python_dop_operator_3.py took 0.106 seconds
[2025-08-13T03:38:25.119+0000] {processor.py:157} INFO - Started process (PID=11126) to work on /workspaces/hands-on-introduction-data-engineering-4395021/airflow_env/lib/python3.10/site-packages/airflow/example_dags/example_branch_python_dop_operator_3.py
[2025-08-13T03:38:25.120+0000] {processor.py:826} INFO - Processing file /workspaces/hands-on-introduction-data-engineering-4395021/airflow_env/lib/python3.10/site-packages/airflow/example_dags/example_branch_python_dop_operator_3.py for tasks to queue
[2025-08-13T03:38:25.121+0000] {logging_mixin.py:150} INFO - [2025-08-13T03:38:25.120+0000] {dagbag.py:541} INFO - Filling up the DagBag from /workspaces/hands-on-introduction-data-engineering-4395021/airflow_env/lib/python3.10/site-packages/airflow/example_dags/example_branch_python_dop_operator_3.py
[2025-08-13T03:38:25.127+0000] {processor.py:836} INFO - DAG(s) dict_keys(['example_branch_dop_operator_v3']) retrieved from /workspaces/hands-on-introduction-data-engineering-4395021/airflow_env/lib/python3.10/site-packages/airflow/example_dags/example_branch_python_dop_operator_3.py
[2025-08-13T03:38:25.139+0000] {logging_mixin.py:150} INFO - [2025-08-13T03:38:25.139+0000] {dag.py:2742} INFO - Sync 1 DAGs
[2025-08-13T03:38:25.156+0000] {logging_mixin.py:150} INFO - [2025-08-13T03:38:25.156+0000] {dag.py:3504} INFO - Setting next_dagrun for example_branch_dop_operator_v3 to 2025-08-13T03:37:00+00:00, run_after=2025-08-13T03:38:00+00:00
[2025-08-13T03:38:25.172+0000] {processor.py:179} INFO - Processing /workspaces/hands-on-introduction-data-engineering-4395021/airflow_env/lib/python3.10/site-packages/airflow/example_dags/example_branch_python_dop_operator_3.py took 0.055 seconds
[2025-08-13T10:26:06.774+0000] {processor.py:157} INFO - Started process (PID=2486) to work on /workspaces/hands-on-introduction-data-engineering-4395021/airflow_env/lib/python3.10/site-packages/airflow/example_dags/example_branch_python_dop_operator_3.py
[2025-08-13T10:26:06.776+0000] {processor.py:826} INFO - Processing file /workspaces/hands-on-introduction-data-engineering-4395021/airflow_env/lib/python3.10/site-packages/airflow/example_dags/example_branch_python_dop_operator_3.py for tasks to queue
[2025-08-13T10:26:06.777+0000] {logging_mixin.py:150} INFO - [2025-08-13T10:26:06.777+0000] {dagbag.py:541} INFO - Filling up the DagBag from /workspaces/hands-on-introduction-data-engineering-4395021/airflow_env/lib/python3.10/site-packages/airflow/example_dags/example_branch_python_dop_operator_3.py
[2025-08-13T10:26:06.783+0000] {processor.py:836} INFO - DAG(s) dict_keys(['example_branch_dop_operator_v3']) retrieved from /workspaces/hands-on-introduction-data-engineering-4395021/airflow_env/lib/python3.10/site-packages/airflow/example_dags/example_branch_python_dop_operator_3.py
[2025-08-13T10:26:06.794+0000] {logging_mixin.py:150} INFO - [2025-08-13T10:26:06.794+0000] {dag.py:2742} INFO - Sync 1 DAGs
[2025-08-13T10:26:06.813+0000] {logging_mixin.py:150} INFO - [2025-08-13T10:26:06.813+0000] {dag.py:3504} INFO - Setting next_dagrun for example_branch_dop_operator_v3 to 2025-08-13T10:25:00+00:00, run_after=2025-08-13T10:26:00+00:00
[2025-08-13T10:26:06.829+0000] {processor.py:179} INFO - Processing /workspaces/hands-on-introduction-data-engineering-4395021/airflow_env/lib/python3.10/site-packages/airflow/example_dags/example_branch_python_dop_operator_3.py took 0.057 seconds
[2025-08-13T10:26:53.168+0000] {processor.py:157} INFO - Started process (PID=2857) to work on /workspaces/hands-on-introduction-data-engineering-4395021/airflow_env/lib/python3.10/site-packages/airflow/example_dags/example_branch_python_dop_operator_3.py
[2025-08-13T10:26:53.168+0000] {processor.py:826} INFO - Processing file /workspaces/hands-on-introduction-data-engineering-4395021/airflow_env/lib/python3.10/site-packages/airflow/example_dags/example_branch_python_dop_operator_3.py for tasks to queue
[2025-08-13T10:26:53.169+0000] {logging_mixin.py:150} INFO - [2025-08-13T10:26:53.169+0000] {dagbag.py:541} INFO - Filling up the DagBag from /workspaces/hands-on-introduction-data-engineering-4395021/airflow_env/lib/python3.10/site-packages/airflow/example_dags/example_branch_python_dop_operator_3.py
[2025-08-13T10:26:53.175+0000] {processor.py:836} INFO - DAG(s) dict_keys(['example_branch_dop_operator_v3']) retrieved from /workspaces/hands-on-introduction-data-engineering-4395021/airflow_env/lib/python3.10/site-packages/airflow/example_dags/example_branch_python_dop_operator_3.py
[2025-08-13T10:26:53.187+0000] {logging_mixin.py:150} INFO - [2025-08-13T10:26:53.186+0000] {dag.py:2742} INFO - Sync 1 DAGs
[2025-08-13T10:26:53.204+0000] {logging_mixin.py:150} INFO - [2025-08-13T10:26:53.203+0000] {dag.py:3504} INFO - Setting next_dagrun for example_branch_dop_operator_v3 to 2025-08-13T10:25:00+00:00, run_after=2025-08-13T10:26:00+00:00
[2025-08-13T10:26:53.220+0000] {processor.py:179} INFO - Processing /workspaces/hands-on-introduction-data-engineering-4395021/airflow_env/lib/python3.10/site-packages/airflow/example_dags/example_branch_python_dop_operator_3.py took 0.054 seconds
[2025-08-13T10:27:35.522+0000] {processor.py:157} INFO - Started process (PID=3167) to work on /workspaces/hands-on-introduction-data-engineering-4395021/airflow_env/lib/python3.10/site-packages/airflow/example_dags/example_branch_python_dop_operator_3.py
[2025-08-13T10:27:35.523+0000] {processor.py:826} INFO - Processing file /workspaces/hands-on-introduction-data-engineering-4395021/airflow_env/lib/python3.10/site-packages/airflow/example_dags/example_branch_python_dop_operator_3.py for tasks to queue
[2025-08-13T10:27:35.524+0000] {logging_mixin.py:150} INFO - [2025-08-13T10:27:35.524+0000] {dagbag.py:541} INFO - Filling up the DagBag from /workspaces/hands-on-introduction-data-engineering-4395021/airflow_env/lib/python3.10/site-packages/airflow/example_dags/example_branch_python_dop_operator_3.py
[2025-08-13T10:27:35.531+0000] {processor.py:836} INFO - DAG(s) dict_keys(['example_branch_dop_operator_v3']) retrieved from /workspaces/hands-on-introduction-data-engineering-4395021/airflow_env/lib/python3.10/site-packages/airflow/example_dags/example_branch_python_dop_operator_3.py
[2025-08-13T10:27:35.543+0000] {logging_mixin.py:150} INFO - [2025-08-13T10:27:35.543+0000] {dag.py:2742} INFO - Sync 1 DAGs
[2025-08-13T10:27:35.561+0000] {logging_mixin.py:150} INFO - [2025-08-13T10:27:35.561+0000] {dag.py:3504} INFO - Setting next_dagrun for example_branch_dop_operator_v3 to 2025-08-13T10:26:00+00:00, run_after=2025-08-13T10:27:00+00:00
[2025-08-13T10:27:35.576+0000] {processor.py:179} INFO - Processing /workspaces/hands-on-introduction-data-engineering-4395021/airflow_env/lib/python3.10/site-packages/airflow/example_dags/example_branch_python_dop_operator_3.py took 0.056 seconds
[2025-08-13T10:28:20.828+0000] {processor.py:157} INFO - Started process (PID=3578) to work on /workspaces/hands-on-introduction-data-engineering-4395021/airflow_env/lib/python3.10/site-packages/airflow/example_dags/example_branch_python_dop_operator_3.py
[2025-08-13T10:28:20.829+0000] {processor.py:826} INFO - Processing file /workspaces/hands-on-introduction-data-engineering-4395021/airflow_env/lib/python3.10/site-packages/airflow/example_dags/example_branch_python_dop_operator_3.py for tasks to queue
[2025-08-13T10:28:20.829+0000] {logging_mixin.py:150} INFO - [2025-08-13T10:28:20.829+0000] {dagbag.py:541} INFO - Filling up the DagBag from /workspaces/hands-on-introduction-data-engineering-4395021/airflow_env/lib/python3.10/site-packages/airflow/example_dags/example_branch_python_dop_operator_3.py
[2025-08-13T10:28:20.835+0000] {processor.py:836} INFO - DAG(s) dict_keys(['example_branch_dop_operator_v3']) retrieved from /workspaces/hands-on-introduction-data-engineering-4395021/airflow_env/lib/python3.10/site-packages/airflow/example_dags/example_branch_python_dop_operator_3.py
[2025-08-13T10:28:20.847+0000] {logging_mixin.py:150} INFO - [2025-08-13T10:28:20.847+0000] {dag.py:2742} INFO - Sync 1 DAGs
[2025-08-13T10:28:20.874+0000] {logging_mixin.py:150} INFO - [2025-08-13T10:28:20.874+0000] {dag.py:3504} INFO - Setting next_dagrun for example_branch_dop_operator_v3 to 2025-08-13T10:27:00+00:00, run_after=2025-08-13T10:28:00+00:00
[2025-08-13T10:28:20.920+0000] {processor.py:179} INFO - Processing /workspaces/hands-on-introduction-data-engineering-4395021/airflow_env/lib/python3.10/site-packages/airflow/example_dags/example_branch_python_dop_operator_3.py took 0.094 seconds
[2025-08-13T10:29:05.464+0000] {processor.py:157} INFO - Started process (PID=3944) to work on /workspaces/hands-on-introduction-data-engineering-4395021/airflow_env/lib/python3.10/site-packages/airflow/example_dags/example_branch_python_dop_operator_3.py
[2025-08-13T10:29:05.465+0000] {processor.py:826} INFO - Processing file /workspaces/hands-on-introduction-data-engineering-4395021/airflow_env/lib/python3.10/site-packages/airflow/example_dags/example_branch_python_dop_operator_3.py for tasks to queue
[2025-08-13T10:29:05.466+0000] {logging_mixin.py:150} INFO - [2025-08-13T10:29:05.465+0000] {dagbag.py:541} INFO - Filling up the DagBag from /workspaces/hands-on-introduction-data-engineering-4395021/airflow_env/lib/python3.10/site-packages/airflow/example_dags/example_branch_python_dop_operator_3.py
[2025-08-13T10:29:05.471+0000] {processor.py:836} INFO - DAG(s) dict_keys(['example_branch_dop_operator_v3']) retrieved from /workspaces/hands-on-introduction-data-engineering-4395021/airflow_env/lib/python3.10/site-packages/airflow/example_dags/example_branch_python_dop_operator_3.py
[2025-08-13T10:29:05.483+0000] {logging_mixin.py:150} INFO - [2025-08-13T10:29:05.483+0000] {dag.py:2742} INFO - Sync 1 DAGs
[2025-08-13T10:29:05.502+0000] {logging_mixin.py:150} INFO - [2025-08-13T10:29:05.501+0000] {dag.py:3504} INFO - Setting next_dagrun for example_branch_dop_operator_v3 to 2025-08-13T10:28:00+00:00, run_after=2025-08-13T10:29:00+00:00
[2025-08-13T10:29:05.517+0000] {processor.py:179} INFO - Processing /workspaces/hands-on-introduction-data-engineering-4395021/airflow_env/lib/python3.10/site-packages/airflow/example_dags/example_branch_python_dop_operator_3.py took 0.055 seconds
[2025-08-13T10:29:52.006+0000] {processor.py:157} INFO - Started process (PID=4292) to work on /workspaces/hands-on-introduction-data-engineering-4395021/airflow_env/lib/python3.10/site-packages/airflow/example_dags/example_branch_python_dop_operator_3.py
[2025-08-13T10:29:52.009+0000] {processor.py:826} INFO - Processing file /workspaces/hands-on-introduction-data-engineering-4395021/airflow_env/lib/python3.10/site-packages/airflow/example_dags/example_branch_python_dop_operator_3.py for tasks to queue
[2025-08-13T10:29:52.010+0000] {logging_mixin.py:150} INFO - [2025-08-13T10:29:52.009+0000] {dagbag.py:541} INFO - Filling up the DagBag from /workspaces/hands-on-introduction-data-engineering-4395021/airflow_env/lib/python3.10/site-packages/airflow/example_dags/example_branch_python_dop_operator_3.py
[2025-08-13T10:29:52.019+0000] {processor.py:836} INFO - DAG(s) dict_keys(['example_branch_dop_operator_v3']) retrieved from /workspaces/hands-on-introduction-data-engineering-4395021/airflow_env/lib/python3.10/site-packages/airflow/example_dags/example_branch_python_dop_operator_3.py
[2025-08-13T10:29:52.036+0000] {logging_mixin.py:150} INFO - [2025-08-13T10:29:52.036+0000] {dag.py:2742} INFO - Sync 1 DAGs
[2025-08-13T10:29:52.063+0000] {logging_mixin.py:150} INFO - [2025-08-13T10:29:52.063+0000] {dag.py:3504} INFO - Setting next_dagrun for example_branch_dop_operator_v3 to 2025-08-13T10:28:00+00:00, run_after=2025-08-13T10:29:00+00:00
[2025-08-13T10:29:52.088+0000] {processor.py:179} INFO - Processing /workspaces/hands-on-introduction-data-engineering-4395021/airflow_env/lib/python3.10/site-packages/airflow/example_dags/example_branch_python_dop_operator_3.py took 0.084 seconds
[2025-08-13T10:30:35.718+0000] {processor.py:157} INFO - Started process (PID=4584) to work on /workspaces/hands-on-introduction-data-engineering-4395021/airflow_env/lib/python3.10/site-packages/airflow/example_dags/example_branch_python_dop_operator_3.py
[2025-08-13T10:30:35.719+0000] {processor.py:826} INFO - Processing file /workspaces/hands-on-introduction-data-engineering-4395021/airflow_env/lib/python3.10/site-packages/airflow/example_dags/example_branch_python_dop_operator_3.py for tasks to queue
[2025-08-13T10:30:35.720+0000] {logging_mixin.py:150} INFO - [2025-08-13T10:30:35.719+0000] {dagbag.py:541} INFO - Filling up the DagBag from /workspaces/hands-on-introduction-data-engineering-4395021/airflow_env/lib/python3.10/site-packages/airflow/example_dags/example_branch_python_dop_operator_3.py
[2025-08-13T10:30:35.725+0000] {processor.py:836} INFO - DAG(s) dict_keys(['example_branch_dop_operator_v3']) retrieved from /workspaces/hands-on-introduction-data-engineering-4395021/airflow_env/lib/python3.10/site-packages/airflow/example_dags/example_branch_python_dop_operator_3.py
[2025-08-13T10:30:35.737+0000] {logging_mixin.py:150} INFO - [2025-08-13T10:30:35.737+0000] {dag.py:2742} INFO - Sync 1 DAGs
[2025-08-13T10:30:35.755+0000] {logging_mixin.py:150} INFO - [2025-08-13T10:30:35.755+0000] {dag.py:3504} INFO - Setting next_dagrun for example_branch_dop_operator_v3 to 2025-08-13T10:29:00+00:00, run_after=2025-08-13T10:30:00+00:00
[2025-08-13T10:30:35.770+0000] {processor.py:179} INFO - Processing /workspaces/hands-on-introduction-data-engineering-4395021/airflow_env/lib/python3.10/site-packages/airflow/example_dags/example_branch_python_dop_operator_3.py took 0.054 seconds
[2025-08-13T10:31:20.322+0000] {processor.py:157} INFO - Started process (PID=4895) to work on /workspaces/hands-on-introduction-data-engineering-4395021/airflow_env/lib/python3.10/site-packages/airflow/example_dags/example_branch_python_dop_operator_3.py
[2025-08-13T10:31:20.323+0000] {processor.py:826} INFO - Processing file /workspaces/hands-on-introduction-data-engineering-4395021/airflow_env/lib/python3.10/site-packages/airflow/example_dags/example_branch_python_dop_operator_3.py for tasks to queue
[2025-08-13T10:31:20.324+0000] {logging_mixin.py:150} INFO - [2025-08-13T10:31:20.323+0000] {dagbag.py:541} INFO - Filling up the DagBag from /workspaces/hands-on-introduction-data-engineering-4395021/airflow_env/lib/python3.10/site-packages/airflow/example_dags/example_branch_python_dop_operator_3.py
[2025-08-13T10:31:20.330+0000] {processor.py:836} INFO - DAG(s) dict_keys(['example_branch_dop_operator_v3']) retrieved from /workspaces/hands-on-introduction-data-engineering-4395021/airflow_env/lib/python3.10/site-packages/airflow/example_dags/example_branch_python_dop_operator_3.py
[2025-08-13T10:31:20.342+0000] {logging_mixin.py:150} INFO - [2025-08-13T10:31:20.342+0000] {dag.py:2742} INFO - Sync 1 DAGs
[2025-08-13T10:31:20.359+0000] {logging_mixin.py:150} INFO - [2025-08-13T10:31:20.359+0000] {dag.py:3504} INFO - Setting next_dagrun for example_branch_dop_operator_v3 to 2025-08-13T10:30:00+00:00, run_after=2025-08-13T10:31:00+00:00
[2025-08-13T10:31:20.374+0000] {processor.py:179} INFO - Processing /workspaces/hands-on-introduction-data-engineering-4395021/airflow_env/lib/python3.10/site-packages/airflow/example_dags/example_branch_python_dop_operator_3.py took 0.055 seconds
[2025-08-13T10:32:03.039+0000] {processor.py:157} INFO - Started process (PID=5187) to work on /workspaces/hands-on-introduction-data-engineering-4395021/airflow_env/lib/python3.10/site-packages/airflow/example_dags/example_branch_python_dop_operator_3.py
[2025-08-13T10:32:03.040+0000] {processor.py:826} INFO - Processing file /workspaces/hands-on-introduction-data-engineering-4395021/airflow_env/lib/python3.10/site-packages/airflow/example_dags/example_branch_python_dop_operator_3.py for tasks to queue
[2025-08-13T10:32:03.041+0000] {logging_mixin.py:150} INFO - [2025-08-13T10:32:03.040+0000] {dagbag.py:541} INFO - Filling up the DagBag from /workspaces/hands-on-introduction-data-engineering-4395021/airflow_env/lib/python3.10/site-packages/airflow/example_dags/example_branch_python_dop_operator_3.py
[2025-08-13T10:32:03.049+0000] {processor.py:836} INFO - DAG(s) dict_keys(['example_branch_dop_operator_v3']) retrieved from /workspaces/hands-on-introduction-data-engineering-4395021/airflow_env/lib/python3.10/site-packages/airflow/example_dags/example_branch_python_dop_operator_3.py
[2025-08-13T10:32:03.065+0000] {logging_mixin.py:150} INFO - [2025-08-13T10:32:03.065+0000] {dag.py:2742} INFO - Sync 1 DAGs
[2025-08-13T10:32:03.091+0000] {logging_mixin.py:150} INFO - [2025-08-13T10:32:03.091+0000] {dag.py:3504} INFO - Setting next_dagrun for example_branch_dop_operator_v3 to 2025-08-13T10:31:00+00:00, run_after=2025-08-13T10:32:00+00:00
[2025-08-13T10:32:03.111+0000] {processor.py:179} INFO - Processing /workspaces/hands-on-introduction-data-engineering-4395021/airflow_env/lib/python3.10/site-packages/airflow/example_dags/example_branch_python_dop_operator_3.py took 0.074 seconds
[2025-08-13T10:32:48.769+0000] {processor.py:157} INFO - Started process (PID=5520) to work on /workspaces/hands-on-introduction-data-engineering-4395021/airflow_env/lib/python3.10/site-packages/airflow/example_dags/example_branch_python_dop_operator_3.py
[2025-08-13T10:32:48.769+0000] {processor.py:826} INFO - Processing file /workspaces/hands-on-introduction-data-engineering-4395021/airflow_env/lib/python3.10/site-packages/airflow/example_dags/example_branch_python_dop_operator_3.py for tasks to queue
[2025-08-13T10:32:48.770+0000] {logging_mixin.py:150} INFO - [2025-08-13T10:32:48.770+0000] {dagbag.py:541} INFO - Filling up the DagBag from /workspaces/hands-on-introduction-data-engineering-4395021/airflow_env/lib/python3.10/site-packages/airflow/example_dags/example_branch_python_dop_operator_3.py
[2025-08-13T10:32:48.776+0000] {processor.py:836} INFO - DAG(s) dict_keys(['example_branch_dop_operator_v3']) retrieved from /workspaces/hands-on-introduction-data-engineering-4395021/airflow_env/lib/python3.10/site-packages/airflow/example_dags/example_branch_python_dop_operator_3.py
[2025-08-13T10:32:48.788+0000] {logging_mixin.py:150} INFO - [2025-08-13T10:32:48.788+0000] {dag.py:2742} INFO - Sync 1 DAGs
[2025-08-13T10:32:48.805+0000] {logging_mixin.py:150} INFO - [2025-08-13T10:32:48.805+0000] {dag.py:3504} INFO - Setting next_dagrun for example_branch_dop_operator_v3 to 2025-08-13T10:31:00+00:00, run_after=2025-08-13T10:32:00+00:00
[2025-08-13T10:32:48.821+0000] {processor.py:179} INFO - Processing /workspaces/hands-on-introduction-data-engineering-4395021/airflow_env/lib/python3.10/site-packages/airflow/example_dags/example_branch_python_dop_operator_3.py took 0.054 seconds
[2025-08-13T10:33:32.002+0000] {processor.py:157} INFO - Started process (PID=5920) to work on /workspaces/hands-on-introduction-data-engineering-4395021/airflow_env/lib/python3.10/site-packages/airflow/example_dags/example_branch_python_dop_operator_3.py
[2025-08-13T10:33:32.003+0000] {processor.py:826} INFO - Processing file /workspaces/hands-on-introduction-data-engineering-4395021/airflow_env/lib/python3.10/site-packages/airflow/example_dags/example_branch_python_dop_operator_3.py for tasks to queue
[2025-08-13T10:33:32.003+0000] {logging_mixin.py:150} INFO - [2025-08-13T10:33:32.003+0000] {dagbag.py:541} INFO - Filling up the DagBag from /workspaces/hands-on-introduction-data-engineering-4395021/airflow_env/lib/python3.10/site-packages/airflow/example_dags/example_branch_python_dop_operator_3.py
[2025-08-13T10:33:32.009+0000] {processor.py:836} INFO - DAG(s) dict_keys(['example_branch_dop_operator_v3']) retrieved from /workspaces/hands-on-introduction-data-engineering-4395021/airflow_env/lib/python3.10/site-packages/airflow/example_dags/example_branch_python_dop_operator_3.py
[2025-08-13T10:33:32.021+0000] {logging_mixin.py:150} INFO - [2025-08-13T10:33:32.021+0000] {dag.py:2742} INFO - Sync 1 DAGs
[2025-08-13T10:33:32.038+0000] {logging_mixin.py:150} INFO - [2025-08-13T10:33:32.038+0000] {dag.py:3504} INFO - Setting next_dagrun for example_branch_dop_operator_v3 to 2025-08-13T10:32:00+00:00, run_after=2025-08-13T10:33:00+00:00
[2025-08-13T10:33:32.055+0000] {processor.py:179} INFO - Processing /workspaces/hands-on-introduction-data-engineering-4395021/airflow_env/lib/python3.10/site-packages/airflow/example_dags/example_branch_python_dop_operator_3.py took 0.055 seconds
[2025-08-13T10:34:16.612+0000] {processor.py:157} INFO - Started process (PID=6269) to work on /workspaces/hands-on-introduction-data-engineering-4395021/airflow_env/lib/python3.10/site-packages/airflow/example_dags/example_branch_python_dop_operator_3.py
[2025-08-13T10:34:16.613+0000] {processor.py:826} INFO - Processing file /workspaces/hands-on-introduction-data-engineering-4395021/airflow_env/lib/python3.10/site-packages/airflow/example_dags/example_branch_python_dop_operator_3.py for tasks to queue
[2025-08-13T10:34:16.614+0000] {logging_mixin.py:150} INFO - [2025-08-13T10:34:16.613+0000] {dagbag.py:541} INFO - Filling up the DagBag from /workspaces/hands-on-introduction-data-engineering-4395021/airflow_env/lib/python3.10/site-packages/airflow/example_dags/example_branch_python_dop_operator_3.py
[2025-08-13T10:34:16.620+0000] {processor.py:836} INFO - DAG(s) dict_keys(['example_branch_dop_operator_v3']) retrieved from /workspaces/hands-on-introduction-data-engineering-4395021/airflow_env/lib/python3.10/site-packages/airflow/example_dags/example_branch_python_dop_operator_3.py
[2025-08-13T10:34:16.631+0000] {logging_mixin.py:150} INFO - [2025-08-13T10:34:16.631+0000] {dag.py:2742} INFO - Sync 1 DAGs
[2025-08-13T10:34:16.659+0000] {logging_mixin.py:150} INFO - [2025-08-13T10:34:16.659+0000] {dag.py:3504} INFO - Setting next_dagrun for example_branch_dop_operator_v3 to 2025-08-13T10:33:00+00:00, run_after=2025-08-13T10:34:00+00:00
[2025-08-13T10:34:16.677+0000] {processor.py:179} INFO - Processing /workspaces/hands-on-introduction-data-engineering-4395021/airflow_env/lib/python3.10/site-packages/airflow/example_dags/example_branch_python_dop_operator_3.py took 0.067 seconds
[2025-08-13T10:35:02.680+0000] {processor.py:157} INFO - Started process (PID=6671) to work on /workspaces/hands-on-introduction-data-engineering-4395021/airflow_env/lib/python3.10/site-packages/airflow/example_dags/example_branch_python_dop_operator_3.py
[2025-08-13T10:35:02.681+0000] {processor.py:826} INFO - Processing file /workspaces/hands-on-introduction-data-engineering-4395021/airflow_env/lib/python3.10/site-packages/airflow/example_dags/example_branch_python_dop_operator_3.py for tasks to queue
[2025-08-13T10:35:02.681+0000] {logging_mixin.py:150} INFO - [2025-08-13T10:35:02.681+0000] {dagbag.py:541} INFO - Filling up the DagBag from /workspaces/hands-on-introduction-data-engineering-4395021/airflow_env/lib/python3.10/site-packages/airflow/example_dags/example_branch_python_dop_operator_3.py
[2025-08-13T10:35:02.687+0000] {processor.py:836} INFO - DAG(s) dict_keys(['example_branch_dop_operator_v3']) retrieved from /workspaces/hands-on-introduction-data-engineering-4395021/airflow_env/lib/python3.10/site-packages/airflow/example_dags/example_branch_python_dop_operator_3.py
[2025-08-13T10:35:02.699+0000] {logging_mixin.py:150} INFO - [2025-08-13T10:35:02.699+0000] {dag.py:2742} INFO - Sync 1 DAGs
[2025-08-13T10:35:02.716+0000] {logging_mixin.py:150} INFO - [2025-08-13T10:35:02.716+0000] {dag.py:3504} INFO - Setting next_dagrun for example_branch_dop_operator_v3 to 2025-08-13T10:34:00+00:00, run_after=2025-08-13T10:35:00+00:00
[2025-08-13T10:35:02.733+0000] {processor.py:179} INFO - Processing /workspaces/hands-on-introduction-data-engineering-4395021/airflow_env/lib/python3.10/site-packages/airflow/example_dags/example_branch_python_dop_operator_3.py took 0.055 seconds
[2025-08-13T10:35:44.183+0000] {processor.py:157} INFO - Started process (PID=6956) to work on /workspaces/hands-on-introduction-data-engineering-4395021/airflow_env/lib/python3.10/site-packages/airflow/example_dags/example_branch_python_dop_operator_3.py
[2025-08-13T10:35:44.184+0000] {processor.py:826} INFO - Processing file /workspaces/hands-on-introduction-data-engineering-4395021/airflow_env/lib/python3.10/site-packages/airflow/example_dags/example_branch_python_dop_operator_3.py for tasks to queue
[2025-08-13T10:35:44.185+0000] {logging_mixin.py:150} INFO - [2025-08-13T10:35:44.184+0000] {dagbag.py:541} INFO - Filling up the DagBag from /workspaces/hands-on-introduction-data-engineering-4395021/airflow_env/lib/python3.10/site-packages/airflow/example_dags/example_branch_python_dop_operator_3.py
[2025-08-13T10:35:44.191+0000] {processor.py:836} INFO - DAG(s) dict_keys(['example_branch_dop_operator_v3']) retrieved from /workspaces/hands-on-introduction-data-engineering-4395021/airflow_env/lib/python3.10/site-packages/airflow/example_dags/example_branch_python_dop_operator_3.py
[2025-08-13T10:35:44.204+0000] {logging_mixin.py:150} INFO - [2025-08-13T10:35:44.204+0000] {dag.py:2742} INFO - Sync 1 DAGs
[2025-08-13T10:35:44.223+0000] {logging_mixin.py:150} INFO - [2025-08-13T10:35:44.223+0000] {dag.py:3504} INFO - Setting next_dagrun for example_branch_dop_operator_v3 to 2025-08-13T10:34:00+00:00, run_after=2025-08-13T10:35:00+00:00
[2025-08-13T10:35:44.241+0000] {processor.py:179} INFO - Processing /workspaces/hands-on-introduction-data-engineering-4395021/airflow_env/lib/python3.10/site-packages/airflow/example_dags/example_branch_python_dop_operator_3.py took 0.060 seconds
[2025-08-13T10:36:34.640+0000] {processor.py:157} INFO - Started process (PID=7293) to work on /workspaces/hands-on-introduction-data-engineering-4395021/airflow_env/lib/python3.10/site-packages/airflow/example_dags/example_branch_python_dop_operator_3.py
[2025-08-13T10:36:34.640+0000] {processor.py:826} INFO - Processing file /workspaces/hands-on-introduction-data-engineering-4395021/airflow_env/lib/python3.10/site-packages/airflow/example_dags/example_branch_python_dop_operator_3.py for tasks to queue
[2025-08-13T10:36:34.641+0000] {logging_mixin.py:150} INFO - [2025-08-13T10:36:34.641+0000] {dagbag.py:541} INFO - Filling up the DagBag from /workspaces/hands-on-introduction-data-engineering-4395021/airflow_env/lib/python3.10/site-packages/airflow/example_dags/example_branch_python_dop_operator_3.py
[2025-08-13T10:36:34.647+0000] {processor.py:836} INFO - DAG(s) dict_keys(['example_branch_dop_operator_v3']) retrieved from /workspaces/hands-on-introduction-data-engineering-4395021/airflow_env/lib/python3.10/site-packages/airflow/example_dags/example_branch_python_dop_operator_3.py
[2025-08-13T10:36:34.659+0000] {logging_mixin.py:150} INFO - [2025-08-13T10:36:34.659+0000] {dag.py:2742} INFO - Sync 1 DAGs
[2025-08-13T10:36:34.676+0000] {logging_mixin.py:150} INFO - [2025-08-13T10:36:34.676+0000] {dag.py:3504} INFO - Setting next_dagrun for example_branch_dop_operator_v3 to 2025-08-13T10:35:00+00:00, run_after=2025-08-13T10:36:00+00:00
[2025-08-13T10:36:34.692+0000] {processor.py:179} INFO - Processing /workspaces/hands-on-introduction-data-engineering-4395021/airflow_env/lib/python3.10/site-packages/airflow/example_dags/example_branch_python_dop_operator_3.py took 0.055 seconds
[2025-08-13T10:37:19.999+0000] {processor.py:157} INFO - Started process (PID=7590) to work on /workspaces/hands-on-introduction-data-engineering-4395021/airflow_env/lib/python3.10/site-packages/airflow/example_dags/example_branch_python_dop_operator_3.py
[2025-08-13T10:37:20.000+0000] {processor.py:826} INFO - Processing file /workspaces/hands-on-introduction-data-engineering-4395021/airflow_env/lib/python3.10/site-packages/airflow/example_dags/example_branch_python_dop_operator_3.py for tasks to queue
[2025-08-13T10:37:20.001+0000] {logging_mixin.py:150} INFO - [2025-08-13T10:37:20.001+0000] {dagbag.py:541} INFO - Filling up the DagBag from /workspaces/hands-on-introduction-data-engineering-4395021/airflow_env/lib/python3.10/site-packages/airflow/example_dags/example_branch_python_dop_operator_3.py
[2025-08-13T10:37:20.009+0000] {processor.py:836} INFO - DAG(s) dict_keys(['example_branch_dop_operator_v3']) retrieved from /workspaces/hands-on-introduction-data-engineering-4395021/airflow_env/lib/python3.10/site-packages/airflow/example_dags/example_branch_python_dop_operator_3.py
[2025-08-13T10:37:20.023+0000] {logging_mixin.py:150} INFO - [2025-08-13T10:37:20.023+0000] {dag.py:2742} INFO - Sync 1 DAGs
[2025-08-13T10:37:20.047+0000] {logging_mixin.py:150} INFO - [2025-08-13T10:37:20.046+0000] {dag.py:3504} INFO - Setting next_dagrun for example_branch_dop_operator_v3 to 2025-08-13T10:36:00+00:00, run_after=2025-08-13T10:37:00+00:00
[2025-08-13T10:37:20.065+0000] {processor.py:179} INFO - Processing /workspaces/hands-on-introduction-data-engineering-4395021/airflow_env/lib/python3.10/site-packages/airflow/example_dags/example_branch_python_dop_operator_3.py took 0.068 seconds
[2025-08-13T10:38:11.489+0000] {processor.py:157} INFO - Started process (PID=7983) to work on /workspaces/hands-on-introduction-data-engineering-4395021/airflow_env/lib/python3.10/site-packages/airflow/example_dags/example_branch_python_dop_operator_3.py
[2025-08-13T10:38:11.490+0000] {processor.py:826} INFO - Processing file /workspaces/hands-on-introduction-data-engineering-4395021/airflow_env/lib/python3.10/site-packages/airflow/example_dags/example_branch_python_dop_operator_3.py for tasks to queue
[2025-08-13T10:38:11.490+0000] {logging_mixin.py:150} INFO - [2025-08-13T10:38:11.490+0000] {dagbag.py:541} INFO - Filling up the DagBag from /workspaces/hands-on-introduction-data-engineering-4395021/airflow_env/lib/python3.10/site-packages/airflow/example_dags/example_branch_python_dop_operator_3.py
[2025-08-13T10:38:11.497+0000] {processor.py:836} INFO - DAG(s) dict_keys(['example_branch_dop_operator_v3']) retrieved from /workspaces/hands-on-introduction-data-engineering-4395021/airflow_env/lib/python3.10/site-packages/airflow/example_dags/example_branch_python_dop_operator_3.py
[2025-08-13T10:38:11.509+0000] {logging_mixin.py:150} INFO - [2025-08-13T10:38:11.509+0000] {dag.py:2742} INFO - Sync 1 DAGs
[2025-08-13T10:38:11.527+0000] {logging_mixin.py:150} INFO - [2025-08-13T10:38:11.526+0000] {dag.py:3504} INFO - Setting next_dagrun for example_branch_dop_operator_v3 to 2025-08-13T10:37:00+00:00, run_after=2025-08-13T10:38:00+00:00
[2025-08-13T10:38:11.544+0000] {processor.py:179} INFO - Processing /workspaces/hands-on-introduction-data-engineering-4395021/airflow_env/lib/python3.10/site-packages/airflow/example_dags/example_branch_python_dop_operator_3.py took 0.057 seconds
[2025-08-13T10:38:55.571+0000] {processor.py:157} INFO - Started process (PID=8276) to work on /workspaces/hands-on-introduction-data-engineering-4395021/airflow_env/lib/python3.10/site-packages/airflow/example_dags/example_branch_python_dop_operator_3.py
[2025-08-13T10:38:55.572+0000] {processor.py:826} INFO - Processing file /workspaces/hands-on-introduction-data-engineering-4395021/airflow_env/lib/python3.10/site-packages/airflow/example_dags/example_branch_python_dop_operator_3.py for tasks to queue
[2025-08-13T10:38:55.573+0000] {logging_mixin.py:150} INFO - [2025-08-13T10:38:55.572+0000] {dagbag.py:541} INFO - Filling up the DagBag from /workspaces/hands-on-introduction-data-engineering-4395021/airflow_env/lib/python3.10/site-packages/airflow/example_dags/example_branch_python_dop_operator_3.py
[2025-08-13T10:38:55.579+0000] {processor.py:836} INFO - DAG(s) dict_keys(['example_branch_dop_operator_v3']) retrieved from /workspaces/hands-on-introduction-data-engineering-4395021/airflow_env/lib/python3.10/site-packages/airflow/example_dags/example_branch_python_dop_operator_3.py
[2025-08-13T10:38:55.590+0000] {logging_mixin.py:150} INFO - [2025-08-13T10:38:55.590+0000] {dag.py:2742} INFO - Sync 1 DAGs
[2025-08-13T10:38:55.608+0000] {logging_mixin.py:150} INFO - [2025-08-13T10:38:55.608+0000] {dag.py:3504} INFO - Setting next_dagrun for example_branch_dop_operator_v3 to 2025-08-13T10:37:00+00:00, run_after=2025-08-13T10:38:00+00:00
[2025-08-13T10:38:55.623+0000] {processor.py:179} INFO - Processing /workspaces/hands-on-introduction-data-engineering-4395021/airflow_env/lib/python3.10/site-packages/airflow/example_dags/example_branch_python_dop_operator_3.py took 0.054 seconds
[2025-08-13T10:39:40.702+0000] {processor.py:157} INFO - Started process (PID=8569) to work on /workspaces/hands-on-introduction-data-engineering-4395021/airflow_env/lib/python3.10/site-packages/airflow/example_dags/example_branch_python_dop_operator_3.py
[2025-08-13T10:39:40.703+0000] {processor.py:826} INFO - Processing file /workspaces/hands-on-introduction-data-engineering-4395021/airflow_env/lib/python3.10/site-packages/airflow/example_dags/example_branch_python_dop_operator_3.py for tasks to queue
[2025-08-13T10:39:40.703+0000] {logging_mixin.py:150} INFO - [2025-08-13T10:39:40.703+0000] {dagbag.py:541} INFO - Filling up the DagBag from /workspaces/hands-on-introduction-data-engineering-4395021/airflow_env/lib/python3.10/site-packages/airflow/example_dags/example_branch_python_dop_operator_3.py
[2025-08-13T10:39:40.711+0000] {processor.py:836} INFO - DAG(s) dict_keys(['example_branch_dop_operator_v3']) retrieved from /workspaces/hands-on-introduction-data-engineering-4395021/airflow_env/lib/python3.10/site-packages/airflow/example_dags/example_branch_python_dop_operator_3.py
[2025-08-13T10:39:40.722+0000] {logging_mixin.py:150} INFO - [2025-08-13T10:39:40.722+0000] {dag.py:2742} INFO - Sync 1 DAGs
[2025-08-13T10:39:40.739+0000] {logging_mixin.py:150} INFO - [2025-08-13T10:39:40.739+0000] {dag.py:3504} INFO - Setting next_dagrun for example_branch_dop_operator_v3 to 2025-08-13T10:38:00+00:00, run_after=2025-08-13T10:39:00+00:00
[2025-08-13T10:39:40.755+0000] {processor.py:179} INFO - Processing /workspaces/hands-on-introduction-data-engineering-4395021/airflow_env/lib/python3.10/site-packages/airflow/example_dags/example_branch_python_dop_operator_3.py took 0.055 seconds
[2025-08-13T10:40:25.193+0000] {processor.py:157} INFO - Started process (PID=8882) to work on /workspaces/hands-on-introduction-data-engineering-4395021/airflow_env/lib/python3.10/site-packages/airflow/example_dags/example_branch_python_dop_operator_3.py
[2025-08-13T10:40:25.194+0000] {processor.py:826} INFO - Processing file /workspaces/hands-on-introduction-data-engineering-4395021/airflow_env/lib/python3.10/site-packages/airflow/example_dags/example_branch_python_dop_operator_3.py for tasks to queue
[2025-08-13T10:40:25.195+0000] {logging_mixin.py:150} INFO - [2025-08-13T10:40:25.194+0000] {dagbag.py:541} INFO - Filling up the DagBag from /workspaces/hands-on-introduction-data-engineering-4395021/airflow_env/lib/python3.10/site-packages/airflow/example_dags/example_branch_python_dop_operator_3.py
[2025-08-13T10:40:25.201+0000] {processor.py:836} INFO - DAG(s) dict_keys(['example_branch_dop_operator_v3']) retrieved from /workspaces/hands-on-introduction-data-engineering-4395021/airflow_env/lib/python3.10/site-packages/airflow/example_dags/example_branch_python_dop_operator_3.py
[2025-08-13T10:40:25.215+0000] {logging_mixin.py:150} INFO - [2025-08-13T10:40:25.215+0000] {dag.py:2742} INFO - Sync 1 DAGs
[2025-08-13T10:40:25.243+0000] {logging_mixin.py:150} INFO - [2025-08-13T10:40:25.243+0000] {dag.py:3504} INFO - Setting next_dagrun for example_branch_dop_operator_v3 to 2025-08-13T10:39:00+00:00, run_after=2025-08-13T10:40:00+00:00
[2025-08-13T10:40:25.263+0000] {processor.py:179} INFO - Processing /workspaces/hands-on-introduction-data-engineering-4395021/airflow_env/lib/python3.10/site-packages/airflow/example_dags/example_branch_python_dop_operator_3.py took 0.072 seconds
