[2025-08-13T02:42:51.138+0000] {processor.py:157} INFO - Started process (PID=8184) to work on /home/vscode/.local/lib/python3.10/site-packages/airflow/example_dags/example_latest_only.py
[2025-08-13T02:42:51.139+0000] {processor.py:826} INFO - Processing file /home/vscode/.local/lib/python3.10/site-packages/airflow/example_dags/example_latest_only.py for tasks to queue
[2025-08-13T02:42:51.139+0000] {logging_mixin.py:150} INFO - [2025-08-13T02:42:51.139+0000] {dagbag.py:541} INFO - Filling up the DagBag from /home/vscode/.local/lib/python3.10/site-packages/airflow/example_dags/example_latest_only.py
[2025-08-13T02:42:51.144+0000] {processor.py:836} INFO - DAG(s) dict_keys(['latest_only']) retrieved from /home/vscode/.local/lib/python3.10/site-packages/airflow/example_dags/example_latest_only.py
[2025-08-13T02:42:51.220+0000] {logging_mixin.py:150} INFO - [2025-08-13T02:42:51.220+0000] {manager.py:504} INFO - Created Permission View: can read on DAG:latest_only
[2025-08-13T02:42:51.229+0000] {logging_mixin.py:150} INFO - [2025-08-13T02:42:51.228+0000] {manager.py:504} INFO - Created Permission View: can delete on DAG:latest_only
[2025-08-13T02:42:51.235+0000] {logging_mixin.py:150} INFO - [2025-08-13T02:42:51.235+0000] {manager.py:504} INFO - Created Permission View: can edit on DAG:latest_only
[2025-08-13T02:42:51.243+0000] {logging_mixin.py:150} INFO - [2025-08-13T02:42:51.243+0000] {dag.py:2742} INFO - Sync 1 DAGs
[2025-08-13T02:42:51.250+0000] {logging_mixin.py:150} INFO - [2025-08-13T02:42:51.249+0000] {dag.py:2763} INFO - Creating ORM DAG for latest_only
[2025-08-13T02:42:51.256+0000] {logging_mixin.py:150} INFO - [2025-08-13T02:42:51.256+0000] {dag.py:3504} INFO - Setting next_dagrun for latest_only to 2025-08-12T22:42:51.256083+00:00, run_after=2025-08-13T02:42:51.256083+00:00
[2025-08-13T02:42:51.273+0000] {processor.py:179} INFO - Processing /home/vscode/.local/lib/python3.10/site-packages/airflow/example_dags/example_latest_only.py took 0.137 seconds
[2025-08-13T02:43:36.911+0000] {processor.py:157} INFO - Started process (PID=8486) to work on /home/vscode/.local/lib/python3.10/site-packages/airflow/example_dags/example_latest_only.py
[2025-08-13T02:43:36.912+0000] {processor.py:826} INFO - Processing file /home/vscode/.local/lib/python3.10/site-packages/airflow/example_dags/example_latest_only.py for tasks to queue
[2025-08-13T02:43:36.912+0000] {logging_mixin.py:150} INFO - [2025-08-13T02:43:36.912+0000] {dagbag.py:541} INFO - Filling up the DagBag from /home/vscode/.local/lib/python3.10/site-packages/airflow/example_dags/example_latest_only.py
[2025-08-13T02:43:36.917+0000] {processor.py:836} INFO - DAG(s) dict_keys(['latest_only']) retrieved from /home/vscode/.local/lib/python3.10/site-packages/airflow/example_dags/example_latest_only.py
[2025-08-13T02:43:36.929+0000] {logging_mixin.py:150} INFO - [2025-08-13T02:43:36.929+0000] {dag.py:2742} INFO - Sync 1 DAGs
[2025-08-13T02:43:36.944+0000] {logging_mixin.py:150} INFO - [2025-08-13T02:43:36.944+0000] {dag.py:3504} INFO - Setting next_dagrun for latest_only to 2025-08-12T22:43:36.944139+00:00, run_after=2025-08-13T02:43:36.944139+00:00
[2025-08-13T02:43:36.960+0000] {processor.py:179} INFO - Processing /home/vscode/.local/lib/python3.10/site-packages/airflow/example_dags/example_latest_only.py took 0.051 seconds
[2025-08-13T02:44:25.534+0000] {processor.py:157} INFO - Started process (PID=8804) to work on /home/vscode/.local/lib/python3.10/site-packages/airflow/example_dags/example_latest_only.py
[2025-08-13T02:44:25.535+0000] {processor.py:826} INFO - Processing file /home/vscode/.local/lib/python3.10/site-packages/airflow/example_dags/example_latest_only.py for tasks to queue
[2025-08-13T02:44:25.536+0000] {logging_mixin.py:150} INFO - [2025-08-13T02:44:25.536+0000] {dagbag.py:541} INFO - Filling up the DagBag from /home/vscode/.local/lib/python3.10/site-packages/airflow/example_dags/example_latest_only.py
[2025-08-13T02:44:25.542+0000] {processor.py:836} INFO - DAG(s) dict_keys(['latest_only']) retrieved from /home/vscode/.local/lib/python3.10/site-packages/airflow/example_dags/example_latest_only.py
[2025-08-13T02:44:25.559+0000] {logging_mixin.py:150} INFO - [2025-08-13T02:44:25.559+0000] {dag.py:2742} INFO - Sync 1 DAGs
[2025-08-13T02:44:25.584+0000] {logging_mixin.py:150} INFO - [2025-08-13T02:44:25.584+0000] {dag.py:3504} INFO - Setting next_dagrun for latest_only to 2025-08-12T22:44:25.584025+00:00, run_after=2025-08-13T02:44:25.584025+00:00
[2025-08-13T02:44:25.600+0000] {processor.py:179} INFO - Processing /home/vscode/.local/lib/python3.10/site-packages/airflow/example_dags/example_latest_only.py took 0.068 seconds
