[2025-08-13T03:25:10.355+0000] {processor.py:157} INFO - Started process (PID=4957) to work on /workspaces/hands-on-introduction-data-engineering-4395021/airflow_env/lib/python3.10/site-packages/airflow/example_dags/example_external_task_marker_dag.py
[2025-08-13T03:25:10.358+0000] {processor.py:826} INFO - Processing file /workspaces/hands-on-introduction-data-engineering-4395021/airflow_env/lib/python3.10/site-packages/airflow/example_dags/example_external_task_marker_dag.py for tasks to queue
[2025-08-13T03:25:10.360+0000] {logging_mixin.py:150} INFO - [2025-08-13T03:25:10.360+0000] {dagbag.py:541} INFO - Filling up the DagBag from /workspaces/hands-on-introduction-data-engineering-4395021/airflow_env/lib/python3.10/site-packages/airflow/example_dags/example_external_task_marker_dag.py
[2025-08-13T03:25:10.370+0000] {processor.py:836} INFO - DAG(s) dict_keys(['example_external_task_marker_child', 'example_external_task_marker_parent']) retrieved from /workspaces/hands-on-introduction-data-engineering-4395021/airflow_env/lib/python3.10/site-packages/airflow/example_dags/example_external_task_marker_dag.py
[2025-08-13T03:25:10.449+0000] {logging_mixin.py:150} INFO - [2025-08-13T03:25:10.448+0000] {manager.py:504} INFO - Created Permission View: can read on DAG:example_external_task_marker_child
[2025-08-13T03:25:10.457+0000] {logging_mixin.py:150} INFO - [2025-08-13T03:25:10.457+0000] {manager.py:504} INFO - Created Permission View: can edit on DAG:example_external_task_marker_child
[2025-08-13T03:25:10.463+0000] {logging_mixin.py:150} INFO - [2025-08-13T03:25:10.463+0000] {manager.py:504} INFO - Created Permission View: can delete on DAG:example_external_task_marker_child
[2025-08-13T03:25:10.492+0000] {logging_mixin.py:150} INFO - [2025-08-13T03:25:10.492+0000] {manager.py:504} INFO - Created Permission View: can read on DAG:example_external_task_marker_parent
[2025-08-13T03:25:10.500+0000] {logging_mixin.py:150} INFO - [2025-08-13T03:25:10.500+0000] {manager.py:504} INFO - Created Permission View: can edit on DAG:example_external_task_marker_parent
[2025-08-13T03:25:10.508+0000] {logging_mixin.py:150} INFO - [2025-08-13T03:25:10.508+0000] {manager.py:504} INFO - Created Permission View: can delete on DAG:example_external_task_marker_parent
[2025-08-13T03:25:10.513+0000] {logging_mixin.py:150} INFO - [2025-08-13T03:25:10.513+0000] {dag.py:2742} INFO - Sync 2 DAGs
[2025-08-13T03:25:10.528+0000] {logging_mixin.py:150} INFO - [2025-08-13T03:25:10.528+0000] {dag.py:2763} INFO - Creating ORM DAG for example_external_task_marker_parent
[2025-08-13T03:25:10.530+0000] {logging_mixin.py:150} INFO - [2025-08-13T03:25:10.529+0000] {dag.py:2763} INFO - Creating ORM DAG for example_external_task_marker_child
[2025-08-13T03:25:10.539+0000] {logging_mixin.py:150} INFO - [2025-08-13T03:25:10.539+0000] {dag.py:3504} INFO - Setting next_dagrun for example_external_task_marker_child to None, run_after=None
[2025-08-13T03:25:10.540+0000] {logging_mixin.py:150} INFO - [2025-08-13T03:25:10.540+0000] {dag.py:3504} INFO - Setting next_dagrun for example_external_task_marker_parent to None, run_after=None
[2025-08-13T03:25:10.561+0000] {processor.py:179} INFO - Processing /workspaces/hands-on-introduction-data-engineering-4395021/airflow_env/lib/python3.10/site-packages/airflow/example_dags/example_external_task_marker_dag.py took 0.212 seconds
[2025-08-13T03:25:55.248+0000] {processor.py:157} INFO - Started process (PID=5252) to work on /workspaces/hands-on-introduction-data-engineering-4395021/airflow_env/lib/python3.10/site-packages/airflow/example_dags/example_external_task_marker_dag.py
[2025-08-13T03:25:55.248+0000] {processor.py:826} INFO - Processing file /workspaces/hands-on-introduction-data-engineering-4395021/airflow_env/lib/python3.10/site-packages/airflow/example_dags/example_external_task_marker_dag.py for tasks to queue
[2025-08-13T03:25:55.249+0000] {logging_mixin.py:150} INFO - [2025-08-13T03:25:55.249+0000] {dagbag.py:541} INFO - Filling up the DagBag from /workspaces/hands-on-introduction-data-engineering-4395021/airflow_env/lib/python3.10/site-packages/airflow/example_dags/example_external_task_marker_dag.py
[2025-08-13T03:25:55.253+0000] {processor.py:836} INFO - DAG(s) dict_keys(['example_external_task_marker_child', 'example_external_task_marker_parent']) retrieved from /workspaces/hands-on-introduction-data-engineering-4395021/airflow_env/lib/python3.10/site-packages/airflow/example_dags/example_external_task_marker_dag.py
[2025-08-13T03:25:55.267+0000] {logging_mixin.py:150} INFO - [2025-08-13T03:25:55.267+0000] {dag.py:2742} INFO - Sync 2 DAGs
[2025-08-13T03:25:55.281+0000] {logging_mixin.py:150} INFO - [2025-08-13T03:25:55.281+0000] {dag.py:3504} INFO - Setting next_dagrun for example_external_task_marker_child to None, run_after=None
[2025-08-13T03:25:55.283+0000] {logging_mixin.py:150} INFO - [2025-08-13T03:25:55.283+0000] {dag.py:3504} INFO - Setting next_dagrun for example_external_task_marker_parent to None, run_after=None
[2025-08-13T03:25:55.297+0000] {processor.py:179} INFO - Processing /workspaces/hands-on-introduction-data-engineering-4395021/airflow_env/lib/python3.10/site-packages/airflow/example_dags/example_external_task_marker_dag.py took 0.051 seconds
[2025-08-13T03:26:43.355+0000] {processor.py:157} INFO - Started process (PID=5571) to work on /workspaces/hands-on-introduction-data-engineering-4395021/airflow_env/lib/python3.10/site-packages/airflow/example_dags/example_external_task_marker_dag.py
[2025-08-13T03:26:43.356+0000] {processor.py:826} INFO - Processing file /workspaces/hands-on-introduction-data-engineering-4395021/airflow_env/lib/python3.10/site-packages/airflow/example_dags/example_external_task_marker_dag.py for tasks to queue
[2025-08-13T03:26:43.356+0000] {logging_mixin.py:150} INFO - [2025-08-13T03:26:43.356+0000] {dagbag.py:541} INFO - Filling up the DagBag from /workspaces/hands-on-introduction-data-engineering-4395021/airflow_env/lib/python3.10/site-packages/airflow/example_dags/example_external_task_marker_dag.py
[2025-08-13T03:26:43.361+0000] {processor.py:836} INFO - DAG(s) dict_keys(['example_external_task_marker_child', 'example_external_task_marker_parent']) retrieved from /workspaces/hands-on-introduction-data-engineering-4395021/airflow_env/lib/python3.10/site-packages/airflow/example_dags/example_external_task_marker_dag.py
[2025-08-13T03:26:43.374+0000] {logging_mixin.py:150} INFO - [2025-08-13T03:26:43.374+0000] {dag.py:2742} INFO - Sync 2 DAGs
[2025-08-13T03:26:43.388+0000] {logging_mixin.py:150} INFO - [2025-08-13T03:26:43.388+0000] {dag.py:3504} INFO - Setting next_dagrun for example_external_task_marker_child to None, run_after=None
[2025-08-13T03:26:43.390+0000] {logging_mixin.py:150} INFO - [2025-08-13T03:26:43.390+0000] {dag.py:3504} INFO - Setting next_dagrun for example_external_task_marker_parent to None, run_after=None
[2025-08-13T03:26:43.403+0000] {processor.py:179} INFO - Processing /workspaces/hands-on-introduction-data-engineering-4395021/airflow_env/lib/python3.10/site-packages/airflow/example_dags/example_external_task_marker_dag.py took 0.050 seconds
[2025-08-13T03:27:30.722+0000] {processor.py:157} INFO - Started process (PID=5896) to work on /workspaces/hands-on-introduction-data-engineering-4395021/airflow_env/lib/python3.10/site-packages/airflow/example_dags/example_external_task_marker_dag.py
[2025-08-13T03:27:30.723+0000] {processor.py:826} INFO - Processing file /workspaces/hands-on-introduction-data-engineering-4395021/airflow_env/lib/python3.10/site-packages/airflow/example_dags/example_external_task_marker_dag.py for tasks to queue
[2025-08-13T03:27:30.724+0000] {logging_mixin.py:150} INFO - [2025-08-13T03:27:30.723+0000] {dagbag.py:541} INFO - Filling up the DagBag from /workspaces/hands-on-introduction-data-engineering-4395021/airflow_env/lib/python3.10/site-packages/airflow/example_dags/example_external_task_marker_dag.py
[2025-08-13T03:27:30.728+0000] {processor.py:836} INFO - DAG(s) dict_keys(['example_external_task_marker_child', 'example_external_task_marker_parent']) retrieved from /workspaces/hands-on-introduction-data-engineering-4395021/airflow_env/lib/python3.10/site-packages/airflow/example_dags/example_external_task_marker_dag.py
[2025-08-13T03:27:30.742+0000] {logging_mixin.py:150} INFO - [2025-08-13T03:27:30.742+0000] {dag.py:2742} INFO - Sync 2 DAGs
[2025-08-13T03:27:30.756+0000] {logging_mixin.py:150} INFO - [2025-08-13T03:27:30.756+0000] {dag.py:3504} INFO - Setting next_dagrun for example_external_task_marker_child to None, run_after=None
[2025-08-13T03:27:30.759+0000] {logging_mixin.py:150} INFO - [2025-08-13T03:27:30.758+0000] {dag.py:3504} INFO - Setting next_dagrun for example_external_task_marker_parent to None, run_after=None
[2025-08-13T03:27:30.772+0000] {processor.py:179} INFO - Processing /workspaces/hands-on-introduction-data-engineering-4395021/airflow_env/lib/python3.10/site-packages/airflow/example_dags/example_external_task_marker_dag.py took 0.052 seconds
[2025-08-13T03:28:16.921+0000] {processor.py:157} INFO - Started process (PID=6289) to work on /workspaces/hands-on-introduction-data-engineering-4395021/airflow_env/lib/python3.10/site-packages/airflow/example_dags/example_external_task_marker_dag.py
[2025-08-13T03:28:16.922+0000] {processor.py:826} INFO - Processing file /workspaces/hands-on-introduction-data-engineering-4395021/airflow_env/lib/python3.10/site-packages/airflow/example_dags/example_external_task_marker_dag.py for tasks to queue
[2025-08-13T03:28:16.922+0000] {logging_mixin.py:150} INFO - [2025-08-13T03:28:16.922+0000] {dagbag.py:541} INFO - Filling up the DagBag from /workspaces/hands-on-introduction-data-engineering-4395021/airflow_env/lib/python3.10/site-packages/airflow/example_dags/example_external_task_marker_dag.py
[2025-08-13T03:28:16.926+0000] {processor.py:836} INFO - DAG(s) dict_keys(['example_external_task_marker_parent', 'example_external_task_marker_child']) retrieved from /workspaces/hands-on-introduction-data-engineering-4395021/airflow_env/lib/python3.10/site-packages/airflow/example_dags/example_external_task_marker_dag.py
[2025-08-13T03:28:16.940+0000] {logging_mixin.py:150} INFO - [2025-08-13T03:28:16.940+0000] {dag.py:2742} INFO - Sync 2 DAGs
[2025-08-13T03:28:16.954+0000] {logging_mixin.py:150} INFO - [2025-08-13T03:28:16.954+0000] {dag.py:3504} INFO - Setting next_dagrun for example_external_task_marker_child to None, run_after=None
[2025-08-13T03:28:16.956+0000] {logging_mixin.py:150} INFO - [2025-08-13T03:28:16.956+0000] {dag.py:3504} INFO - Setting next_dagrun for example_external_task_marker_parent to None, run_after=None
[2025-08-13T03:28:16.970+0000] {processor.py:179} INFO - Processing /workspaces/hands-on-introduction-data-engineering-4395021/airflow_env/lib/python3.10/site-packages/airflow/example_dags/example_external_task_marker_dag.py took 0.051 seconds
[2025-08-13T03:29:05.340+0000] {processor.py:157} INFO - Started process (PID=6698) to work on /workspaces/hands-on-introduction-data-engineering-4395021/airflow_env/lib/python3.10/site-packages/airflow/example_dags/example_external_task_marker_dag.py
[2025-08-13T03:29:05.341+0000] {processor.py:826} INFO - Processing file /workspaces/hands-on-introduction-data-engineering-4395021/airflow_env/lib/python3.10/site-packages/airflow/example_dags/example_external_task_marker_dag.py for tasks to queue
[2025-08-13T03:29:05.341+0000] {logging_mixin.py:150} INFO - [2025-08-13T03:29:05.341+0000] {dagbag.py:541} INFO - Filling up the DagBag from /workspaces/hands-on-introduction-data-engineering-4395021/airflow_env/lib/python3.10/site-packages/airflow/example_dags/example_external_task_marker_dag.py
[2025-08-13T03:29:05.346+0000] {processor.py:836} INFO - DAG(s) dict_keys(['example_external_task_marker_parent', 'example_external_task_marker_child']) retrieved from /workspaces/hands-on-introduction-data-engineering-4395021/airflow_env/lib/python3.10/site-packages/airflow/example_dags/example_external_task_marker_dag.py
[2025-08-13T03:29:05.362+0000] {logging_mixin.py:150} INFO - [2025-08-13T03:29:05.362+0000] {dag.py:2742} INFO - Sync 2 DAGs
[2025-08-13T03:29:05.377+0000] {logging_mixin.py:150} INFO - [2025-08-13T03:29:05.376+0000] {dag.py:3504} INFO - Setting next_dagrun for example_external_task_marker_child to None, run_after=None
[2025-08-13T03:29:05.379+0000] {logging_mixin.py:150} INFO - [2025-08-13T03:29:05.378+0000] {dag.py:3504} INFO - Setting next_dagrun for example_external_task_marker_parent to None, run_after=None
[2025-08-13T03:29:05.392+0000] {processor.py:179} INFO - Processing /workspaces/hands-on-introduction-data-engineering-4395021/airflow_env/lib/python3.10/site-packages/airflow/example_dags/example_external_task_marker_dag.py took 0.054 seconds
[2025-08-13T03:29:48.156+0000] {processor.py:157} INFO - Started process (PID=7188) to work on /workspaces/hands-on-introduction-data-engineering-4395021/airflow_env/lib/python3.10/site-packages/airflow/example_dags/example_external_task_marker_dag.py
[2025-08-13T03:29:48.157+0000] {processor.py:826} INFO - Processing file /workspaces/hands-on-introduction-data-engineering-4395021/airflow_env/lib/python3.10/site-packages/airflow/example_dags/example_external_task_marker_dag.py for tasks to queue
[2025-08-13T03:29:48.157+0000] {logging_mixin.py:150} INFO - [2025-08-13T03:29:48.157+0000] {dagbag.py:541} INFO - Filling up the DagBag from /workspaces/hands-on-introduction-data-engineering-4395021/airflow_env/lib/python3.10/site-packages/airflow/example_dags/example_external_task_marker_dag.py
[2025-08-13T03:29:48.162+0000] {processor.py:836} INFO - DAG(s) dict_keys(['example_external_task_marker_child', 'example_external_task_marker_parent']) retrieved from /workspaces/hands-on-introduction-data-engineering-4395021/airflow_env/lib/python3.10/site-packages/airflow/example_dags/example_external_task_marker_dag.py
[2025-08-13T03:29:48.177+0000] {logging_mixin.py:150} INFO - [2025-08-13T03:29:48.177+0000] {dag.py:2742} INFO - Sync 2 DAGs
[2025-08-13T03:29:48.200+0000] {logging_mixin.py:150} INFO - [2025-08-13T03:29:48.199+0000] {dag.py:3504} INFO - Setting next_dagrun for example_external_task_marker_child to None, run_after=None
[2025-08-13T03:29:48.203+0000] {logging_mixin.py:150} INFO - [2025-08-13T03:29:48.203+0000] {dag.py:3504} INFO - Setting next_dagrun for example_external_task_marker_parent to None, run_after=None
[2025-08-13T03:29:48.224+0000] {processor.py:179} INFO - Processing /workspaces/hands-on-introduction-data-engineering-4395021/airflow_env/lib/python3.10/site-packages/airflow/example_dags/example_external_task_marker_dag.py took 0.070 seconds
[2025-08-13T03:30:31.425+0000] {processor.py:157} INFO - Started process (PID=7512) to work on /workspaces/hands-on-introduction-data-engineering-4395021/airflow_env/lib/python3.10/site-packages/airflow/example_dags/example_external_task_marker_dag.py
[2025-08-13T03:30:31.426+0000] {processor.py:826} INFO - Processing file /workspaces/hands-on-introduction-data-engineering-4395021/airflow_env/lib/python3.10/site-packages/airflow/example_dags/example_external_task_marker_dag.py for tasks to queue
[2025-08-13T03:30:31.427+0000] {logging_mixin.py:150} INFO - [2025-08-13T03:30:31.426+0000] {dagbag.py:541} INFO - Filling up the DagBag from /workspaces/hands-on-introduction-data-engineering-4395021/airflow_env/lib/python3.10/site-packages/airflow/example_dags/example_external_task_marker_dag.py
[2025-08-13T03:30:31.431+0000] {processor.py:836} INFO - DAG(s) dict_keys(['example_external_task_marker_parent', 'example_external_task_marker_child']) retrieved from /workspaces/hands-on-introduction-data-engineering-4395021/airflow_env/lib/python3.10/site-packages/airflow/example_dags/example_external_task_marker_dag.py
[2025-08-13T03:30:31.445+0000] {logging_mixin.py:150} INFO - [2025-08-13T03:30:31.444+0000] {dag.py:2742} INFO - Sync 2 DAGs
[2025-08-13T03:30:31.459+0000] {logging_mixin.py:150} INFO - [2025-08-13T03:30:31.459+0000] {dag.py:3504} INFO - Setting next_dagrun for example_external_task_marker_child to None, run_after=None
[2025-08-13T03:30:31.461+0000] {logging_mixin.py:150} INFO - [2025-08-13T03:30:31.461+0000] {dag.py:3504} INFO - Setting next_dagrun for example_external_task_marker_parent to None, run_after=None
[2025-08-13T03:30:31.474+0000] {processor.py:179} INFO - Processing /workspaces/hands-on-introduction-data-engineering-4395021/airflow_env/lib/python3.10/site-packages/airflow/example_dags/example_external_task_marker_dag.py took 0.051 seconds
[2025-08-13T03:31:12.545+0000] {processor.py:157} INFO - Started process (PID=7795) to work on /workspaces/hands-on-introduction-data-engineering-4395021/airflow_env/lib/python3.10/site-packages/airflow/example_dags/example_external_task_marker_dag.py
[2025-08-13T03:31:12.545+0000] {processor.py:826} INFO - Processing file /workspaces/hands-on-introduction-data-engineering-4395021/airflow_env/lib/python3.10/site-packages/airflow/example_dags/example_external_task_marker_dag.py for tasks to queue
[2025-08-13T03:31:12.546+0000] {logging_mixin.py:150} INFO - [2025-08-13T03:31:12.546+0000] {dagbag.py:541} INFO - Filling up the DagBag from /workspaces/hands-on-introduction-data-engineering-4395021/airflow_env/lib/python3.10/site-packages/airflow/example_dags/example_external_task_marker_dag.py
[2025-08-13T03:31:12.550+0000] {processor.py:836} INFO - DAG(s) dict_keys(['example_external_task_marker_parent', 'example_external_task_marker_child']) retrieved from /workspaces/hands-on-introduction-data-engineering-4395021/airflow_env/lib/python3.10/site-packages/airflow/example_dags/example_external_task_marker_dag.py
[2025-08-13T03:31:12.564+0000] {logging_mixin.py:150} INFO - [2025-08-13T03:31:12.564+0000] {dag.py:2742} INFO - Sync 2 DAGs
[2025-08-13T03:31:12.578+0000] {logging_mixin.py:150} INFO - [2025-08-13T03:31:12.578+0000] {dag.py:3504} INFO - Setting next_dagrun for example_external_task_marker_child to None, run_after=None
[2025-08-13T03:31:12.580+0000] {logging_mixin.py:150} INFO - [2025-08-13T03:31:12.580+0000] {dag.py:3504} INFO - Setting next_dagrun for example_external_task_marker_parent to None, run_after=None
[2025-08-13T03:31:12.599+0000] {processor.py:179} INFO - Processing /workspaces/hands-on-introduction-data-engineering-4395021/airflow_env/lib/python3.10/site-packages/airflow/example_dags/example_external_task_marker_dag.py took 0.056 seconds
[2025-08-13T03:31:57.831+0000] {processor.py:157} INFO - Started process (PID=8091) to work on /workspaces/hands-on-introduction-data-engineering-4395021/airflow_env/lib/python3.10/site-packages/airflow/example_dags/example_external_task_marker_dag.py
[2025-08-13T03:31:57.832+0000] {processor.py:826} INFO - Processing file /workspaces/hands-on-introduction-data-engineering-4395021/airflow_env/lib/python3.10/site-packages/airflow/example_dags/example_external_task_marker_dag.py for tasks to queue
[2025-08-13T03:31:57.832+0000] {logging_mixin.py:150} INFO - [2025-08-13T03:31:57.832+0000] {dagbag.py:541} INFO - Filling up the DagBag from /workspaces/hands-on-introduction-data-engineering-4395021/airflow_env/lib/python3.10/site-packages/airflow/example_dags/example_external_task_marker_dag.py
[2025-08-13T03:31:57.837+0000] {processor.py:836} INFO - DAG(s) dict_keys(['example_external_task_marker_child', 'example_external_task_marker_parent']) retrieved from /workspaces/hands-on-introduction-data-engineering-4395021/airflow_env/lib/python3.10/site-packages/airflow/example_dags/example_external_task_marker_dag.py
[2025-08-13T03:31:57.850+0000] {logging_mixin.py:150} INFO - [2025-08-13T03:31:57.850+0000] {dag.py:2742} INFO - Sync 2 DAGs
[2025-08-13T03:31:57.864+0000] {logging_mixin.py:150} INFO - [2025-08-13T03:31:57.864+0000] {dag.py:3504} INFO - Setting next_dagrun for example_external_task_marker_child to None, run_after=None
[2025-08-13T03:31:57.866+0000] {logging_mixin.py:150} INFO - [2025-08-13T03:31:57.866+0000] {dag.py:3504} INFO - Setting next_dagrun for example_external_task_marker_parent to None, run_after=None
[2025-08-13T03:31:57.880+0000] {processor.py:179} INFO - Processing /workspaces/hands-on-introduction-data-engineering-4395021/airflow_env/lib/python3.10/site-packages/airflow/example_dags/example_external_task_marker_dag.py took 0.051 seconds
[2025-08-13T03:32:46.349+0000] {processor.py:157} INFO - Started process (PID=8416) to work on /workspaces/hands-on-introduction-data-engineering-4395021/airflow_env/lib/python3.10/site-packages/airflow/example_dags/example_external_task_marker_dag.py
[2025-08-13T03:32:46.351+0000] {processor.py:826} INFO - Processing file /workspaces/hands-on-introduction-data-engineering-4395021/airflow_env/lib/python3.10/site-packages/airflow/example_dags/example_external_task_marker_dag.py for tasks to queue
[2025-08-13T03:32:46.352+0000] {logging_mixin.py:150} INFO - [2025-08-13T03:32:46.352+0000] {dagbag.py:541} INFO - Filling up the DagBag from /workspaces/hands-on-introduction-data-engineering-4395021/airflow_env/lib/python3.10/site-packages/airflow/example_dags/example_external_task_marker_dag.py
[2025-08-13T03:32:46.357+0000] {processor.py:836} INFO - DAG(s) dict_keys(['example_external_task_marker_parent', 'example_external_task_marker_child']) retrieved from /workspaces/hands-on-introduction-data-engineering-4395021/airflow_env/lib/python3.10/site-packages/airflow/example_dags/example_external_task_marker_dag.py
[2025-08-13T03:32:46.371+0000] {logging_mixin.py:150} INFO - [2025-08-13T03:32:46.371+0000] {dag.py:2742} INFO - Sync 2 DAGs
[2025-08-13T03:32:46.386+0000] {logging_mixin.py:150} INFO - [2025-08-13T03:32:46.386+0000] {dag.py:3504} INFO - Setting next_dagrun for example_external_task_marker_child to None, run_after=None
[2025-08-13T03:32:46.388+0000] {logging_mixin.py:150} INFO - [2025-08-13T03:32:46.388+0000] {dag.py:3504} INFO - Setting next_dagrun for example_external_task_marker_parent to None, run_after=None
[2025-08-13T03:32:46.402+0000] {processor.py:179} INFO - Processing /workspaces/hands-on-introduction-data-engineering-4395021/airflow_env/lib/python3.10/site-packages/airflow/example_dags/example_external_task_marker_dag.py took 0.058 seconds
[2025-08-13T03:33:28.537+0000] {processor.py:157} INFO - Started process (PID=8695) to work on /workspaces/hands-on-introduction-data-engineering-4395021/airflow_env/lib/python3.10/site-packages/airflow/example_dags/example_external_task_marker_dag.py
[2025-08-13T03:33:28.537+0000] {processor.py:826} INFO - Processing file /workspaces/hands-on-introduction-data-engineering-4395021/airflow_env/lib/python3.10/site-packages/airflow/example_dags/example_external_task_marker_dag.py for tasks to queue
[2025-08-13T03:33:28.538+0000] {logging_mixin.py:150} INFO - [2025-08-13T03:33:28.538+0000] {dagbag.py:541} INFO - Filling up the DagBag from /workspaces/hands-on-introduction-data-engineering-4395021/airflow_env/lib/python3.10/site-packages/airflow/example_dags/example_external_task_marker_dag.py
[2025-08-13T03:33:28.542+0000] {processor.py:836} INFO - DAG(s) dict_keys(['example_external_task_marker_child', 'example_external_task_marker_parent']) retrieved from /workspaces/hands-on-introduction-data-engineering-4395021/airflow_env/lib/python3.10/site-packages/airflow/example_dags/example_external_task_marker_dag.py
[2025-08-13T03:33:28.555+0000] {logging_mixin.py:150} INFO - [2025-08-13T03:33:28.555+0000] {dag.py:2742} INFO - Sync 2 DAGs
[2025-08-13T03:33:28.570+0000] {logging_mixin.py:150} INFO - [2025-08-13T03:33:28.569+0000] {dag.py:3504} INFO - Setting next_dagrun for example_external_task_marker_child to None, run_after=None
[2025-08-13T03:33:28.572+0000] {logging_mixin.py:150} INFO - [2025-08-13T03:33:28.572+0000] {dag.py:3504} INFO - Setting next_dagrun for example_external_task_marker_parent to None, run_after=None
[2025-08-13T03:33:28.585+0000] {processor.py:179} INFO - Processing /workspaces/hands-on-introduction-data-engineering-4395021/airflow_env/lib/python3.10/site-packages/airflow/example_dags/example_external_task_marker_dag.py took 0.051 seconds
[2025-08-13T03:34:11.943+0000] {processor.py:157} INFO - Started process (PID=8986) to work on /workspaces/hands-on-introduction-data-engineering-4395021/airflow_env/lib/python3.10/site-packages/airflow/example_dags/example_external_task_marker_dag.py
[2025-08-13T03:34:11.944+0000] {processor.py:826} INFO - Processing file /workspaces/hands-on-introduction-data-engineering-4395021/airflow_env/lib/python3.10/site-packages/airflow/example_dags/example_external_task_marker_dag.py for tasks to queue
[2025-08-13T03:34:11.945+0000] {logging_mixin.py:150} INFO - [2025-08-13T03:34:11.944+0000] {dagbag.py:541} INFO - Filling up the DagBag from /workspaces/hands-on-introduction-data-engineering-4395021/airflow_env/lib/python3.10/site-packages/airflow/example_dags/example_external_task_marker_dag.py
[2025-08-13T03:34:11.949+0000] {processor.py:836} INFO - DAG(s) dict_keys(['example_external_task_marker_parent', 'example_external_task_marker_child']) retrieved from /workspaces/hands-on-introduction-data-engineering-4395021/airflow_env/lib/python3.10/site-packages/airflow/example_dags/example_external_task_marker_dag.py
[2025-08-13T03:34:11.962+0000] {logging_mixin.py:150} INFO - [2025-08-13T03:34:11.962+0000] {dag.py:2742} INFO - Sync 2 DAGs
[2025-08-13T03:34:11.976+0000] {logging_mixin.py:150} INFO - [2025-08-13T03:34:11.976+0000] {dag.py:3504} INFO - Setting next_dagrun for example_external_task_marker_child to None, run_after=None
[2025-08-13T03:34:11.978+0000] {logging_mixin.py:150} INFO - [2025-08-13T03:34:11.978+0000] {dag.py:3504} INFO - Setting next_dagrun for example_external_task_marker_parent to None, run_after=None
[2025-08-13T03:34:11.993+0000] {processor.py:179} INFO - Processing /workspaces/hands-on-introduction-data-engineering-4395021/airflow_env/lib/python3.10/site-packages/airflow/example_dags/example_external_task_marker_dag.py took 0.052 seconds
[2025-08-13T03:34:55.589+0000] {processor.py:157} INFO - Started process (PID=9341) to work on /workspaces/hands-on-introduction-data-engineering-4395021/airflow_env/lib/python3.10/site-packages/airflow/example_dags/example_external_task_marker_dag.py
[2025-08-13T03:34:55.590+0000] {processor.py:826} INFO - Processing file /workspaces/hands-on-introduction-data-engineering-4395021/airflow_env/lib/python3.10/site-packages/airflow/example_dags/example_external_task_marker_dag.py for tasks to queue
[2025-08-13T03:34:55.590+0000] {logging_mixin.py:150} INFO - [2025-08-13T03:34:55.590+0000] {dagbag.py:541} INFO - Filling up the DagBag from /workspaces/hands-on-introduction-data-engineering-4395021/airflow_env/lib/python3.10/site-packages/airflow/example_dags/example_external_task_marker_dag.py
[2025-08-13T03:34:55.594+0000] {processor.py:836} INFO - DAG(s) dict_keys(['example_external_task_marker_parent', 'example_external_task_marker_child']) retrieved from /workspaces/hands-on-introduction-data-engineering-4395021/airflow_env/lib/python3.10/site-packages/airflow/example_dags/example_external_task_marker_dag.py
[2025-08-13T03:34:55.608+0000] {logging_mixin.py:150} INFO - [2025-08-13T03:34:55.608+0000] {dag.py:2742} INFO - Sync 2 DAGs
[2025-08-13T03:34:55.621+0000] {logging_mixin.py:150} INFO - [2025-08-13T03:34:55.621+0000] {dag.py:3504} INFO - Setting next_dagrun for example_external_task_marker_child to None, run_after=None
[2025-08-13T03:34:55.623+0000] {logging_mixin.py:150} INFO - [2025-08-13T03:34:55.623+0000] {dag.py:3504} INFO - Setting next_dagrun for example_external_task_marker_parent to None, run_after=None
[2025-08-13T03:34:55.641+0000] {processor.py:179} INFO - Processing /workspaces/hands-on-introduction-data-engineering-4395021/airflow_env/lib/python3.10/site-packages/airflow/example_dags/example_external_task_marker_dag.py took 0.054 seconds
[2025-08-13T03:35:39.857+0000] {processor.py:157} INFO - Started process (PID=9659) to work on /workspaces/hands-on-introduction-data-engineering-4395021/airflow_env/lib/python3.10/site-packages/airflow/example_dags/example_external_task_marker_dag.py
[2025-08-13T03:35:39.858+0000] {processor.py:826} INFO - Processing file /workspaces/hands-on-introduction-data-engineering-4395021/airflow_env/lib/python3.10/site-packages/airflow/example_dags/example_external_task_marker_dag.py for tasks to queue
[2025-08-13T03:35:39.858+0000] {logging_mixin.py:150} INFO - [2025-08-13T03:35:39.858+0000] {dagbag.py:541} INFO - Filling up the DagBag from /workspaces/hands-on-introduction-data-engineering-4395021/airflow_env/lib/python3.10/site-packages/airflow/example_dags/example_external_task_marker_dag.py
[2025-08-13T03:35:39.864+0000] {processor.py:836} INFO - DAG(s) dict_keys(['example_external_task_marker_child', 'example_external_task_marker_parent']) retrieved from /workspaces/hands-on-introduction-data-engineering-4395021/airflow_env/lib/python3.10/site-packages/airflow/example_dags/example_external_task_marker_dag.py
[2025-08-13T03:35:39.884+0000] {logging_mixin.py:150} INFO - [2025-08-13T03:35:39.884+0000] {dag.py:2742} INFO - Sync 2 DAGs
[2025-08-13T03:35:39.906+0000] {logging_mixin.py:150} INFO - [2025-08-13T03:35:39.906+0000] {dag.py:3504} INFO - Setting next_dagrun for example_external_task_marker_child to None, run_after=None
[2025-08-13T03:35:39.909+0000] {logging_mixin.py:150} INFO - [2025-08-13T03:35:39.909+0000] {dag.py:3504} INFO - Setting next_dagrun for example_external_task_marker_parent to None, run_after=None
[2025-08-13T03:35:39.927+0000] {processor.py:179} INFO - Processing /workspaces/hands-on-introduction-data-engineering-4395021/airflow_env/lib/python3.10/site-packages/airflow/example_dags/example_external_task_marker_dag.py took 0.073 seconds
[2025-08-13T03:36:25.265+0000] {processor.py:157} INFO - Started process (PID=10129) to work on /workspaces/hands-on-introduction-data-engineering-4395021/airflow_env/lib/python3.10/site-packages/airflow/example_dags/example_external_task_marker_dag.py
[2025-08-13T03:36:25.266+0000] {processor.py:826} INFO - Processing file /workspaces/hands-on-introduction-data-engineering-4395021/airflow_env/lib/python3.10/site-packages/airflow/example_dags/example_external_task_marker_dag.py for tasks to queue
[2025-08-13T03:36:25.266+0000] {logging_mixin.py:150} INFO - [2025-08-13T03:36:25.266+0000] {dagbag.py:541} INFO - Filling up the DagBag from /workspaces/hands-on-introduction-data-engineering-4395021/airflow_env/lib/python3.10/site-packages/airflow/example_dags/example_external_task_marker_dag.py
[2025-08-13T03:36:25.271+0000] {processor.py:836} INFO - DAG(s) dict_keys(['example_external_task_marker_parent', 'example_external_task_marker_child']) retrieved from /workspaces/hands-on-introduction-data-engineering-4395021/airflow_env/lib/python3.10/site-packages/airflow/example_dags/example_external_task_marker_dag.py
[2025-08-13T03:36:25.285+0000] {logging_mixin.py:150} INFO - [2025-08-13T03:36:25.285+0000] {dag.py:2742} INFO - Sync 2 DAGs
[2025-08-13T03:36:25.300+0000] {logging_mixin.py:150} INFO - [2025-08-13T03:36:25.300+0000] {dag.py:3504} INFO - Setting next_dagrun for example_external_task_marker_child to None, run_after=None
[2025-08-13T03:36:25.302+0000] {logging_mixin.py:150} INFO - [2025-08-13T03:36:25.302+0000] {dag.py:3504} INFO - Setting next_dagrun for example_external_task_marker_parent to None, run_after=None
[2025-08-13T03:36:25.318+0000] {processor.py:179} INFO - Processing /workspaces/hands-on-introduction-data-engineering-4395021/airflow_env/lib/python3.10/site-packages/airflow/example_dags/example_external_task_marker_dag.py took 0.055 seconds
[2025-08-13T03:37:07.152+0000] {processor.py:157} INFO - Started process (PID=10407) to work on /workspaces/hands-on-introduction-data-engineering-4395021/airflow_env/lib/python3.10/site-packages/airflow/example_dags/example_external_task_marker_dag.py
[2025-08-13T03:37:07.153+0000] {processor.py:826} INFO - Processing file /workspaces/hands-on-introduction-data-engineering-4395021/airflow_env/lib/python3.10/site-packages/airflow/example_dags/example_external_task_marker_dag.py for tasks to queue
[2025-08-13T03:37:07.153+0000] {logging_mixin.py:150} INFO - [2025-08-13T03:37:07.153+0000] {dagbag.py:541} INFO - Filling up the DagBag from /workspaces/hands-on-introduction-data-engineering-4395021/airflow_env/lib/python3.10/site-packages/airflow/example_dags/example_external_task_marker_dag.py
[2025-08-13T03:37:07.158+0000] {processor.py:836} INFO - DAG(s) dict_keys(['example_external_task_marker_parent', 'example_external_task_marker_child']) retrieved from /workspaces/hands-on-introduction-data-engineering-4395021/airflow_env/lib/python3.10/site-packages/airflow/example_dags/example_external_task_marker_dag.py
[2025-08-13T03:37:07.172+0000] {logging_mixin.py:150} INFO - [2025-08-13T03:37:07.172+0000] {dag.py:2742} INFO - Sync 2 DAGs
[2025-08-13T03:37:07.186+0000] {logging_mixin.py:150} INFO - [2025-08-13T03:37:07.186+0000] {dag.py:3504} INFO - Setting next_dagrun for example_external_task_marker_child to None, run_after=None
[2025-08-13T03:37:07.188+0000] {logging_mixin.py:150} INFO - [2025-08-13T03:37:07.188+0000] {dag.py:3504} INFO - Setting next_dagrun for example_external_task_marker_parent to None, run_after=None
[2025-08-13T03:37:07.202+0000] {processor.py:179} INFO - Processing /workspaces/hands-on-introduction-data-engineering-4395021/airflow_env/lib/python3.10/site-packages/airflow/example_dags/example_external_task_marker_dag.py took 0.052 seconds
[2025-08-13T03:37:50.831+0000] {processor.py:157} INFO - Started process (PID=10865) to work on /workspaces/hands-on-introduction-data-engineering-4395021/airflow_env/lib/python3.10/site-packages/airflow/example_dags/example_external_task_marker_dag.py
[2025-08-13T03:37:50.832+0000] {processor.py:826} INFO - Processing file /workspaces/hands-on-introduction-data-engineering-4395021/airflow_env/lib/python3.10/site-packages/airflow/example_dags/example_external_task_marker_dag.py for tasks to queue
[2025-08-13T03:37:50.832+0000] {logging_mixin.py:150} INFO - [2025-08-13T03:37:50.832+0000] {dagbag.py:541} INFO - Filling up the DagBag from /workspaces/hands-on-introduction-data-engineering-4395021/airflow_env/lib/python3.10/site-packages/airflow/example_dags/example_external_task_marker_dag.py
[2025-08-13T03:37:50.836+0000] {processor.py:836} INFO - DAG(s) dict_keys(['example_external_task_marker_parent', 'example_external_task_marker_child']) retrieved from /workspaces/hands-on-introduction-data-engineering-4395021/airflow_env/lib/python3.10/site-packages/airflow/example_dags/example_external_task_marker_dag.py
[2025-08-13T03:37:50.851+0000] {logging_mixin.py:150} INFO - [2025-08-13T03:37:50.850+0000] {dag.py:2742} INFO - Sync 2 DAGs
[2025-08-13T03:37:50.865+0000] {logging_mixin.py:150} INFO - [2025-08-13T03:37:50.864+0000] {dag.py:3504} INFO - Setting next_dagrun for example_external_task_marker_child to None, run_after=None
[2025-08-13T03:37:50.867+0000] {logging_mixin.py:150} INFO - [2025-08-13T03:37:50.867+0000] {dag.py:3504} INFO - Setting next_dagrun for example_external_task_marker_parent to None, run_after=None
[2025-08-13T03:37:50.881+0000] {processor.py:179} INFO - Processing /workspaces/hands-on-introduction-data-engineering-4395021/airflow_env/lib/python3.10/site-packages/airflow/example_dags/example_external_task_marker_dag.py took 0.052 seconds
[2025-08-13T03:38:36.672+0000] {processor.py:157} INFO - Started process (PID=11327) to work on /workspaces/hands-on-introduction-data-engineering-4395021/airflow_env/lib/python3.10/site-packages/airflow/example_dags/example_external_task_marker_dag.py
[2025-08-13T03:38:36.673+0000] {processor.py:826} INFO - Processing file /workspaces/hands-on-introduction-data-engineering-4395021/airflow_env/lib/python3.10/site-packages/airflow/example_dags/example_external_task_marker_dag.py for tasks to queue
[2025-08-13T03:38:36.674+0000] {logging_mixin.py:150} INFO - [2025-08-13T03:38:36.674+0000] {dagbag.py:541} INFO - Filling up the DagBag from /workspaces/hands-on-introduction-data-engineering-4395021/airflow_env/lib/python3.10/site-packages/airflow/example_dags/example_external_task_marker_dag.py
[2025-08-13T03:38:36.678+0000] {processor.py:836} INFO - DAG(s) dict_keys(['example_external_task_marker_child', 'example_external_task_marker_parent']) retrieved from /workspaces/hands-on-introduction-data-engineering-4395021/airflow_env/lib/python3.10/site-packages/airflow/example_dags/example_external_task_marker_dag.py
[2025-08-13T03:38:36.692+0000] {logging_mixin.py:150} INFO - [2025-08-13T03:38:36.692+0000] {dag.py:2742} INFO - Sync 2 DAGs
[2025-08-13T03:38:36.705+0000] {logging_mixin.py:150} INFO - [2025-08-13T03:38:36.705+0000] {dag.py:3504} INFO - Setting next_dagrun for example_external_task_marker_child to None, run_after=None
[2025-08-13T03:38:36.707+0000] {logging_mixin.py:150} INFO - [2025-08-13T03:38:36.707+0000] {dag.py:3504} INFO - Setting next_dagrun for example_external_task_marker_parent to None, run_after=None
[2025-08-13T03:38:36.722+0000] {processor.py:179} INFO - Processing /workspaces/hands-on-introduction-data-engineering-4395021/airflow_env/lib/python3.10/site-packages/airflow/example_dags/example_external_task_marker_dag.py took 0.052 seconds
[2025-08-13T10:25:58.123+0000] {processor.py:157} INFO - Started process (PID=2415) to work on /workspaces/hands-on-introduction-data-engineering-4395021/airflow_env/lib/python3.10/site-packages/airflow/example_dags/example_external_task_marker_dag.py
[2025-08-13T10:25:58.125+0000] {processor.py:826} INFO - Processing file /workspaces/hands-on-introduction-data-engineering-4395021/airflow_env/lib/python3.10/site-packages/airflow/example_dags/example_external_task_marker_dag.py for tasks to queue
[2025-08-13T10:25:58.126+0000] {logging_mixin.py:150} INFO - [2025-08-13T10:25:58.125+0000] {dagbag.py:541} INFO - Filling up the DagBag from /workspaces/hands-on-introduction-data-engineering-4395021/airflow_env/lib/python3.10/site-packages/airflow/example_dags/example_external_task_marker_dag.py
[2025-08-13T10:25:58.130+0000] {processor.py:836} INFO - DAG(s) dict_keys(['example_external_task_marker_child', 'example_external_task_marker_parent']) retrieved from /workspaces/hands-on-introduction-data-engineering-4395021/airflow_env/lib/python3.10/site-packages/airflow/example_dags/example_external_task_marker_dag.py
[2025-08-13T10:25:58.144+0000] {logging_mixin.py:150} INFO - [2025-08-13T10:25:58.144+0000] {dag.py:2742} INFO - Sync 2 DAGs
[2025-08-13T10:25:58.160+0000] {logging_mixin.py:150} INFO - [2025-08-13T10:25:58.160+0000] {dag.py:3504} INFO - Setting next_dagrun for example_external_task_marker_child to None, run_after=None
[2025-08-13T10:25:58.162+0000] {logging_mixin.py:150} INFO - [2025-08-13T10:25:58.162+0000] {dag.py:3504} INFO - Setting next_dagrun for example_external_task_marker_parent to None, run_after=None
[2025-08-13T10:25:58.179+0000] {processor.py:179} INFO - Processing /workspaces/hands-on-introduction-data-engineering-4395021/airflow_env/lib/python3.10/site-packages/airflow/example_dags/example_external_task_marker_dag.py took 0.058 seconds
[2025-08-13T10:26:44.520+0000] {processor.py:157} INFO - Started process (PID=2799) to work on /workspaces/hands-on-introduction-data-engineering-4395021/airflow_env/lib/python3.10/site-packages/airflow/example_dags/example_external_task_marker_dag.py
[2025-08-13T10:26:44.521+0000] {processor.py:826} INFO - Processing file /workspaces/hands-on-introduction-data-engineering-4395021/airflow_env/lib/python3.10/site-packages/airflow/example_dags/example_external_task_marker_dag.py for tasks to queue
[2025-08-13T10:26:44.522+0000] {logging_mixin.py:150} INFO - [2025-08-13T10:26:44.522+0000] {dagbag.py:541} INFO - Filling up the DagBag from /workspaces/hands-on-introduction-data-engineering-4395021/airflow_env/lib/python3.10/site-packages/airflow/example_dags/example_external_task_marker_dag.py
[2025-08-13T10:26:44.526+0000] {processor.py:836} INFO - DAG(s) dict_keys(['example_external_task_marker_child', 'example_external_task_marker_parent']) retrieved from /workspaces/hands-on-introduction-data-engineering-4395021/airflow_env/lib/python3.10/site-packages/airflow/example_dags/example_external_task_marker_dag.py
[2025-08-13T10:26:44.540+0000] {logging_mixin.py:150} INFO - [2025-08-13T10:26:44.540+0000] {dag.py:2742} INFO - Sync 2 DAGs
[2025-08-13T10:26:44.554+0000] {logging_mixin.py:150} INFO - [2025-08-13T10:26:44.554+0000] {dag.py:3504} INFO - Setting next_dagrun for example_external_task_marker_child to None, run_after=None
[2025-08-13T10:26:44.556+0000] {logging_mixin.py:150} INFO - [2025-08-13T10:26:44.556+0000] {dag.py:3504} INFO - Setting next_dagrun for example_external_task_marker_parent to None, run_after=None
[2025-08-13T10:26:44.574+0000] {processor.py:179} INFO - Processing /workspaces/hands-on-introduction-data-engineering-4395021/airflow_env/lib/python3.10/site-packages/airflow/example_dags/example_external_task_marker_dag.py took 0.055 seconds
[2025-08-13T10:27:27.996+0000] {processor.py:157} INFO - Started process (PID=3085) to work on /workspaces/hands-on-introduction-data-engineering-4395021/airflow_env/lib/python3.10/site-packages/airflow/example_dags/example_external_task_marker_dag.py
[2025-08-13T10:27:27.997+0000] {processor.py:826} INFO - Processing file /workspaces/hands-on-introduction-data-engineering-4395021/airflow_env/lib/python3.10/site-packages/airflow/example_dags/example_external_task_marker_dag.py for tasks to queue
[2025-08-13T10:27:27.997+0000] {logging_mixin.py:150} INFO - [2025-08-13T10:27:27.997+0000] {dagbag.py:541} INFO - Filling up the DagBag from /workspaces/hands-on-introduction-data-engineering-4395021/airflow_env/lib/python3.10/site-packages/airflow/example_dags/example_external_task_marker_dag.py
[2025-08-13T10:27:28.002+0000] {processor.py:836} INFO - DAG(s) dict_keys(['example_external_task_marker_parent', 'example_external_task_marker_child']) retrieved from /workspaces/hands-on-introduction-data-engineering-4395021/airflow_env/lib/python3.10/site-packages/airflow/example_dags/example_external_task_marker_dag.py
[2025-08-13T10:27:28.015+0000] {logging_mixin.py:150} INFO - [2025-08-13T10:27:28.015+0000] {dag.py:2742} INFO - Sync 2 DAGs
[2025-08-13T10:27:28.029+0000] {logging_mixin.py:150} INFO - [2025-08-13T10:27:28.029+0000] {dag.py:3504} INFO - Setting next_dagrun for example_external_task_marker_child to None, run_after=None
[2025-08-13T10:27:28.031+0000] {logging_mixin.py:150} INFO - [2025-08-13T10:27:28.031+0000] {dag.py:3504} INFO - Setting next_dagrun for example_external_task_marker_parent to None, run_after=None
[2025-08-13T10:27:28.046+0000] {processor.py:179} INFO - Processing /workspaces/hands-on-introduction-data-engineering-4395021/airflow_env/lib/python3.10/site-packages/airflow/example_dags/example_external_task_marker_dag.py took 0.052 seconds
[2025-08-13T10:28:12.970+0000] {processor.py:157} INFO - Started process (PID=3520) to work on /workspaces/hands-on-introduction-data-engineering-4395021/airflow_env/lib/python3.10/site-packages/airflow/example_dags/example_external_task_marker_dag.py
[2025-08-13T10:28:12.971+0000] {processor.py:826} INFO - Processing file /workspaces/hands-on-introduction-data-engineering-4395021/airflow_env/lib/python3.10/site-packages/airflow/example_dags/example_external_task_marker_dag.py for tasks to queue
[2025-08-13T10:28:12.971+0000] {logging_mixin.py:150} INFO - [2025-08-13T10:28:12.971+0000] {dagbag.py:541} INFO - Filling up the DagBag from /workspaces/hands-on-introduction-data-engineering-4395021/airflow_env/lib/python3.10/site-packages/airflow/example_dags/example_external_task_marker_dag.py
[2025-08-13T10:28:12.975+0000] {processor.py:836} INFO - DAG(s) dict_keys(['example_external_task_marker_child', 'example_external_task_marker_parent']) retrieved from /workspaces/hands-on-introduction-data-engineering-4395021/airflow_env/lib/python3.10/site-packages/airflow/example_dags/example_external_task_marker_dag.py
[2025-08-13T10:28:12.991+0000] {logging_mixin.py:150} INFO - [2025-08-13T10:28:12.991+0000] {dag.py:2742} INFO - Sync 2 DAGs
[2025-08-13T10:28:13.012+0000] {logging_mixin.py:150} INFO - [2025-08-13T10:28:13.012+0000] {dag.py:3504} INFO - Setting next_dagrun for example_external_task_marker_child to None, run_after=None
[2025-08-13T10:28:13.015+0000] {logging_mixin.py:150} INFO - [2025-08-13T10:28:13.015+0000] {dag.py:3504} INFO - Setting next_dagrun for example_external_task_marker_parent to None, run_after=None
[2025-08-13T10:28:13.034+0000] {processor.py:179} INFO - Processing /workspaces/hands-on-introduction-data-engineering-4395021/airflow_env/lib/python3.10/site-packages/airflow/example_dags/example_external_task_marker_dag.py took 0.066 seconds
[2025-08-13T10:28:58.053+0000] {processor.py:157} INFO - Started process (PID=3869) to work on /workspaces/hands-on-introduction-data-engineering-4395021/airflow_env/lib/python3.10/site-packages/airflow/example_dags/example_external_task_marker_dag.py
[2025-08-13T10:28:58.053+0000] {processor.py:826} INFO - Processing file /workspaces/hands-on-introduction-data-engineering-4395021/airflow_env/lib/python3.10/site-packages/airflow/example_dags/example_external_task_marker_dag.py for tasks to queue
[2025-08-13T10:28:58.054+0000] {logging_mixin.py:150} INFO - [2025-08-13T10:28:58.054+0000] {dagbag.py:541} INFO - Filling up the DagBag from /workspaces/hands-on-introduction-data-engineering-4395021/airflow_env/lib/python3.10/site-packages/airflow/example_dags/example_external_task_marker_dag.py
[2025-08-13T10:28:58.058+0000] {processor.py:836} INFO - DAG(s) dict_keys(['example_external_task_marker_parent', 'example_external_task_marker_child']) retrieved from /workspaces/hands-on-introduction-data-engineering-4395021/airflow_env/lib/python3.10/site-packages/airflow/example_dags/example_external_task_marker_dag.py
[2025-08-13T10:28:58.072+0000] {logging_mixin.py:150} INFO - [2025-08-13T10:28:58.072+0000] {dag.py:2742} INFO - Sync 2 DAGs
[2025-08-13T10:28:58.087+0000] {logging_mixin.py:150} INFO - [2025-08-13T10:28:58.087+0000] {dag.py:3504} INFO - Setting next_dagrun for example_external_task_marker_child to None, run_after=None
[2025-08-13T10:28:58.089+0000] {logging_mixin.py:150} INFO - [2025-08-13T10:28:58.089+0000] {dag.py:3504} INFO - Setting next_dagrun for example_external_task_marker_parent to None, run_after=None
[2025-08-13T10:28:58.103+0000] {processor.py:179} INFO - Processing /workspaces/hands-on-introduction-data-engineering-4395021/airflow_env/lib/python3.10/site-packages/airflow/example_dags/example_external_task_marker_dag.py took 0.053 seconds
[2025-08-13T10:29:44.271+0000] {processor.py:157} INFO - Started process (PID=4234) to work on /workspaces/hands-on-introduction-data-engineering-4395021/airflow_env/lib/python3.10/site-packages/airflow/example_dags/example_external_task_marker_dag.py
[2025-08-13T10:29:44.272+0000] {processor.py:826} INFO - Processing file /workspaces/hands-on-introduction-data-engineering-4395021/airflow_env/lib/python3.10/site-packages/airflow/example_dags/example_external_task_marker_dag.py for tasks to queue
[2025-08-13T10:29:44.272+0000] {logging_mixin.py:150} INFO - [2025-08-13T10:29:44.272+0000] {dagbag.py:541} INFO - Filling up the DagBag from /workspaces/hands-on-introduction-data-engineering-4395021/airflow_env/lib/python3.10/site-packages/airflow/example_dags/example_external_task_marker_dag.py
[2025-08-13T10:29:44.276+0000] {processor.py:836} INFO - DAG(s) dict_keys(['example_external_task_marker_child', 'example_external_task_marker_parent']) retrieved from /workspaces/hands-on-introduction-data-engineering-4395021/airflow_env/lib/python3.10/site-packages/airflow/example_dags/example_external_task_marker_dag.py
[2025-08-13T10:29:44.291+0000] {logging_mixin.py:150} INFO - [2025-08-13T10:29:44.291+0000] {dag.py:2742} INFO - Sync 2 DAGs
[2025-08-13T10:29:44.313+0000] {logging_mixin.py:150} INFO - [2025-08-13T10:29:44.313+0000] {dag.py:3504} INFO - Setting next_dagrun for example_external_task_marker_child to None, run_after=None
[2025-08-13T10:29:44.316+0000] {logging_mixin.py:150} INFO - [2025-08-13T10:29:44.316+0000] {dag.py:3504} INFO - Setting next_dagrun for example_external_task_marker_parent to None, run_after=None
[2025-08-13T10:29:44.336+0000] {processor.py:179} INFO - Processing /workspaces/hands-on-introduction-data-engineering-4395021/airflow_env/lib/python3.10/site-packages/airflow/example_dags/example_external_task_marker_dag.py took 0.067 seconds
[2025-08-13T10:30:28.407+0000] {processor.py:157} INFO - Started process (PID=4527) to work on /workspaces/hands-on-introduction-data-engineering-4395021/airflow_env/lib/python3.10/site-packages/airflow/example_dags/example_external_task_marker_dag.py
[2025-08-13T10:30:28.408+0000] {processor.py:826} INFO - Processing file /workspaces/hands-on-introduction-data-engineering-4395021/airflow_env/lib/python3.10/site-packages/airflow/example_dags/example_external_task_marker_dag.py for tasks to queue
[2025-08-13T10:30:28.409+0000] {logging_mixin.py:150} INFO - [2025-08-13T10:30:28.409+0000] {dagbag.py:541} INFO - Filling up the DagBag from /workspaces/hands-on-introduction-data-engineering-4395021/airflow_env/lib/python3.10/site-packages/airflow/example_dags/example_external_task_marker_dag.py
[2025-08-13T10:30:28.413+0000] {processor.py:836} INFO - DAG(s) dict_keys(['example_external_task_marker_parent', 'example_external_task_marker_child']) retrieved from /workspaces/hands-on-introduction-data-engineering-4395021/airflow_env/lib/python3.10/site-packages/airflow/example_dags/example_external_task_marker_dag.py
[2025-08-13T10:30:28.427+0000] {logging_mixin.py:150} INFO - [2025-08-13T10:30:28.427+0000] {dag.py:2742} INFO - Sync 2 DAGs
[2025-08-13T10:30:28.440+0000] {logging_mixin.py:150} INFO - [2025-08-13T10:30:28.440+0000] {dag.py:3504} INFO - Setting next_dagrun for example_external_task_marker_child to None, run_after=None
[2025-08-13T10:30:28.443+0000] {logging_mixin.py:150} INFO - [2025-08-13T10:30:28.442+0000] {dag.py:3504} INFO - Setting next_dagrun for example_external_task_marker_parent to None, run_after=None
[2025-08-13T10:30:28.457+0000] {processor.py:179} INFO - Processing /workspaces/hands-on-introduction-data-engineering-4395021/airflow_env/lib/python3.10/site-packages/airflow/example_dags/example_external_task_marker_dag.py took 0.051 seconds
[2025-08-13T10:31:11.952+0000] {processor.py:157} INFO - Started process (PID=4843) to work on /workspaces/hands-on-introduction-data-engineering-4395021/airflow_env/lib/python3.10/site-packages/airflow/example_dags/example_external_task_marker_dag.py
[2025-08-13T10:31:11.952+0000] {processor.py:826} INFO - Processing file /workspaces/hands-on-introduction-data-engineering-4395021/airflow_env/lib/python3.10/site-packages/airflow/example_dags/example_external_task_marker_dag.py for tasks to queue
[2025-08-13T10:31:11.953+0000] {logging_mixin.py:150} INFO - [2025-08-13T10:31:11.953+0000] {dagbag.py:541} INFO - Filling up the DagBag from /workspaces/hands-on-introduction-data-engineering-4395021/airflow_env/lib/python3.10/site-packages/airflow/example_dags/example_external_task_marker_dag.py
[2025-08-13T10:31:11.958+0000] {processor.py:836} INFO - DAG(s) dict_keys(['example_external_task_marker_parent', 'example_external_task_marker_child']) retrieved from /workspaces/hands-on-introduction-data-engineering-4395021/airflow_env/lib/python3.10/site-packages/airflow/example_dags/example_external_task_marker_dag.py
[2025-08-13T10:31:11.983+0000] {logging_mixin.py:150} INFO - [2025-08-13T10:31:11.982+0000] {dag.py:2742} INFO - Sync 2 DAGs
[2025-08-13T10:31:12.004+0000] {logging_mixin.py:150} INFO - [2025-08-13T10:31:12.004+0000] {dag.py:3504} INFO - Setting next_dagrun for example_external_task_marker_child to None, run_after=None
[2025-08-13T10:31:12.007+0000] {logging_mixin.py:150} INFO - [2025-08-13T10:31:12.007+0000] {dag.py:3504} INFO - Setting next_dagrun for example_external_task_marker_parent to None, run_after=None
[2025-08-13T10:31:12.026+0000] {processor.py:179} INFO - Processing /workspaces/hands-on-introduction-data-engineering-4395021/airflow_env/lib/python3.10/site-packages/airflow/example_dags/example_external_task_marker_dag.py took 0.077 seconds
[2025-08-13T10:31:56.167+0000] {processor.py:157} INFO - Started process (PID=5143) to work on /workspaces/hands-on-introduction-data-engineering-4395021/airflow_env/lib/python3.10/site-packages/airflow/example_dags/example_external_task_marker_dag.py
[2025-08-13T10:31:56.168+0000] {processor.py:826} INFO - Processing file /workspaces/hands-on-introduction-data-engineering-4395021/airflow_env/lib/python3.10/site-packages/airflow/example_dags/example_external_task_marker_dag.py for tasks to queue
[2025-08-13T10:31:56.168+0000] {logging_mixin.py:150} INFO - [2025-08-13T10:31:56.168+0000] {dagbag.py:541} INFO - Filling up the DagBag from /workspaces/hands-on-introduction-data-engineering-4395021/airflow_env/lib/python3.10/site-packages/airflow/example_dags/example_external_task_marker_dag.py
[2025-08-13T10:31:56.173+0000] {processor.py:836} INFO - DAG(s) dict_keys(['example_external_task_marker_parent', 'example_external_task_marker_child']) retrieved from /workspaces/hands-on-introduction-data-engineering-4395021/airflow_env/lib/python3.10/site-packages/airflow/example_dags/example_external_task_marker_dag.py
[2025-08-13T10:31:56.186+0000] {logging_mixin.py:150} INFO - [2025-08-13T10:31:56.186+0000] {dag.py:2742} INFO - Sync 2 DAGs
[2025-08-13T10:31:56.200+0000] {logging_mixin.py:150} INFO - [2025-08-13T10:31:56.200+0000] {dag.py:3504} INFO - Setting next_dagrun for example_external_task_marker_child to None, run_after=None
[2025-08-13T10:31:56.202+0000] {logging_mixin.py:150} INFO - [2025-08-13T10:31:56.202+0000] {dag.py:3504} INFO - Setting next_dagrun for example_external_task_marker_parent to None, run_after=None
[2025-08-13T10:31:56.216+0000] {processor.py:179} INFO - Processing /workspaces/hands-on-introduction-data-engineering-4395021/airflow_env/lib/python3.10/site-packages/airflow/example_dags/example_external_task_marker_dag.py took 0.051 seconds
[2025-08-13T10:32:40.116+0000] {processor.py:157} INFO - Started process (PID=5429) to work on /workspaces/hands-on-introduction-data-engineering-4395021/airflow_env/lib/python3.10/site-packages/airflow/example_dags/example_external_task_marker_dag.py
[2025-08-13T10:32:40.116+0000] {processor.py:826} INFO - Processing file /workspaces/hands-on-introduction-data-engineering-4395021/airflow_env/lib/python3.10/site-packages/airflow/example_dags/example_external_task_marker_dag.py for tasks to queue
[2025-08-13T10:32:40.117+0000] {logging_mixin.py:150} INFO - [2025-08-13T10:32:40.117+0000] {dagbag.py:541} INFO - Filling up the DagBag from /workspaces/hands-on-introduction-data-engineering-4395021/airflow_env/lib/python3.10/site-packages/airflow/example_dags/example_external_task_marker_dag.py
[2025-08-13T10:32:40.121+0000] {processor.py:836} INFO - DAG(s) dict_keys(['example_external_task_marker_parent', 'example_external_task_marker_child']) retrieved from /workspaces/hands-on-introduction-data-engineering-4395021/airflow_env/lib/python3.10/site-packages/airflow/example_dags/example_external_task_marker_dag.py
[2025-08-13T10:32:40.135+0000] {logging_mixin.py:150} INFO - [2025-08-13T10:32:40.135+0000] {dag.py:2742} INFO - Sync 2 DAGs
[2025-08-13T10:32:40.149+0000] {logging_mixin.py:150} INFO - [2025-08-13T10:32:40.149+0000] {dag.py:3504} INFO - Setting next_dagrun for example_external_task_marker_child to None, run_after=None
[2025-08-13T10:32:40.151+0000] {logging_mixin.py:150} INFO - [2025-08-13T10:32:40.151+0000] {dag.py:3504} INFO - Setting next_dagrun for example_external_task_marker_parent to None, run_after=None
[2025-08-13T10:32:40.164+0000] {processor.py:179} INFO - Processing /workspaces/hands-on-introduction-data-engineering-4395021/airflow_env/lib/python3.10/site-packages/airflow/example_dags/example_external_task_marker_dag.py took 0.051 seconds
[2025-08-13T10:33:25.229+0000] {processor.py:157} INFO - Started process (PID=5863) to work on /workspaces/hands-on-introduction-data-engineering-4395021/airflow_env/lib/python3.10/site-packages/airflow/example_dags/example_external_task_marker_dag.py
[2025-08-13T10:33:25.230+0000] {processor.py:826} INFO - Processing file /workspaces/hands-on-introduction-data-engineering-4395021/airflow_env/lib/python3.10/site-packages/airflow/example_dags/example_external_task_marker_dag.py for tasks to queue
[2025-08-13T10:33:25.231+0000] {logging_mixin.py:150} INFO - [2025-08-13T10:33:25.230+0000] {dagbag.py:541} INFO - Filling up the DagBag from /workspaces/hands-on-introduction-data-engineering-4395021/airflow_env/lib/python3.10/site-packages/airflow/example_dags/example_external_task_marker_dag.py
[2025-08-13T10:33:25.235+0000] {processor.py:836} INFO - DAG(s) dict_keys(['example_external_task_marker_parent', 'example_external_task_marker_child']) retrieved from /workspaces/hands-on-introduction-data-engineering-4395021/airflow_env/lib/python3.10/site-packages/airflow/example_dags/example_external_task_marker_dag.py
[2025-08-13T10:33:25.248+0000] {logging_mixin.py:150} INFO - [2025-08-13T10:33:25.248+0000] {dag.py:2742} INFO - Sync 2 DAGs
[2025-08-13T10:33:25.262+0000] {logging_mixin.py:150} INFO - [2025-08-13T10:33:25.262+0000] {dag.py:3504} INFO - Setting next_dagrun for example_external_task_marker_child to None, run_after=None
[2025-08-13T10:33:25.264+0000] {logging_mixin.py:150} INFO - [2025-08-13T10:33:25.264+0000] {dag.py:3504} INFO - Setting next_dagrun for example_external_task_marker_parent to None, run_after=None
[2025-08-13T10:33:25.279+0000] {processor.py:179} INFO - Processing /workspaces/hands-on-introduction-data-engineering-4395021/airflow_env/lib/python3.10/site-packages/airflow/example_dags/example_external_task_marker_dag.py took 0.052 seconds
[2025-08-13T10:34:08.756+0000] {processor.py:157} INFO - Started process (PID=6201) to work on /workspaces/hands-on-introduction-data-engineering-4395021/airflow_env/lib/python3.10/site-packages/airflow/example_dags/example_external_task_marker_dag.py
[2025-08-13T10:34:08.757+0000] {processor.py:826} INFO - Processing file /workspaces/hands-on-introduction-data-engineering-4395021/airflow_env/lib/python3.10/site-packages/airflow/example_dags/example_external_task_marker_dag.py for tasks to queue
[2025-08-13T10:34:08.758+0000] {logging_mixin.py:150} INFO - [2025-08-13T10:34:08.758+0000] {dagbag.py:541} INFO - Filling up the DagBag from /workspaces/hands-on-introduction-data-engineering-4395021/airflow_env/lib/python3.10/site-packages/airflow/example_dags/example_external_task_marker_dag.py
[2025-08-13T10:34:08.764+0000] {processor.py:836} INFO - DAG(s) dict_keys(['example_external_task_marker_parent', 'example_external_task_marker_child']) retrieved from /workspaces/hands-on-introduction-data-engineering-4395021/airflow_env/lib/python3.10/site-packages/airflow/example_dags/example_external_task_marker_dag.py
[2025-08-13T10:34:08.786+0000] {logging_mixin.py:150} INFO - [2025-08-13T10:34:08.786+0000] {dag.py:2742} INFO - Sync 2 DAGs
[2025-08-13T10:34:08.802+0000] {logging_mixin.py:150} INFO - [2025-08-13T10:34:08.801+0000] {dag.py:3504} INFO - Setting next_dagrun for example_external_task_marker_child to None, run_after=None
[2025-08-13T10:34:08.804+0000] {logging_mixin.py:150} INFO - [2025-08-13T10:34:08.804+0000] {dag.py:3504} INFO - Setting next_dagrun for example_external_task_marker_parent to None, run_after=None
[2025-08-13T10:34:08.817+0000] {processor.py:179} INFO - Processing /workspaces/hands-on-introduction-data-engineering-4395021/airflow_env/lib/python3.10/site-packages/airflow/example_dags/example_external_task_marker_dag.py took 0.064 seconds
[2025-08-13T10:34:53.894+0000] {processor.py:157} INFO - Started process (PID=6612) to work on /workspaces/hands-on-introduction-data-engineering-4395021/airflow_env/lib/python3.10/site-packages/airflow/example_dags/example_external_task_marker_dag.py
[2025-08-13T10:34:53.895+0000] {processor.py:826} INFO - Processing file /workspaces/hands-on-introduction-data-engineering-4395021/airflow_env/lib/python3.10/site-packages/airflow/example_dags/example_external_task_marker_dag.py for tasks to queue
[2025-08-13T10:34:53.896+0000] {logging_mixin.py:150} INFO - [2025-08-13T10:34:53.895+0000] {dagbag.py:541} INFO - Filling up the DagBag from /workspaces/hands-on-introduction-data-engineering-4395021/airflow_env/lib/python3.10/site-packages/airflow/example_dags/example_external_task_marker_dag.py
[2025-08-13T10:34:53.900+0000] {processor.py:836} INFO - DAG(s) dict_keys(['example_external_task_marker_parent', 'example_external_task_marker_child']) retrieved from /workspaces/hands-on-introduction-data-engineering-4395021/airflow_env/lib/python3.10/site-packages/airflow/example_dags/example_external_task_marker_dag.py
[2025-08-13T10:34:53.913+0000] {logging_mixin.py:150} INFO - [2025-08-13T10:34:53.913+0000] {dag.py:2742} INFO - Sync 2 DAGs
[2025-08-13T10:34:53.927+0000] {logging_mixin.py:150} INFO - [2025-08-13T10:34:53.927+0000] {dag.py:3504} INFO - Setting next_dagrun for example_external_task_marker_child to None, run_after=None
[2025-08-13T10:34:53.929+0000] {logging_mixin.py:150} INFO - [2025-08-13T10:34:53.929+0000] {dag.py:3504} INFO - Setting next_dagrun for example_external_task_marker_parent to None, run_after=None
[2025-08-13T10:34:53.944+0000] {processor.py:179} INFO - Processing /workspaces/hands-on-introduction-data-engineering-4395021/airflow_env/lib/python3.10/site-packages/airflow/example_dags/example_external_task_marker_dag.py took 0.052 seconds
[2025-08-13T10:35:36.564+0000] {processor.py:157} INFO - Started process (PID=6898) to work on /workspaces/hands-on-introduction-data-engineering-4395021/airflow_env/lib/python3.10/site-packages/airflow/example_dags/example_external_task_marker_dag.py
[2025-08-13T10:35:36.565+0000] {processor.py:826} INFO - Processing file /workspaces/hands-on-introduction-data-engineering-4395021/airflow_env/lib/python3.10/site-packages/airflow/example_dags/example_external_task_marker_dag.py for tasks to queue
[2025-08-13T10:35:36.566+0000] {logging_mixin.py:150} INFO - [2025-08-13T10:35:36.565+0000] {dagbag.py:541} INFO - Filling up the DagBag from /workspaces/hands-on-introduction-data-engineering-4395021/airflow_env/lib/python3.10/site-packages/airflow/example_dags/example_external_task_marker_dag.py
[2025-08-13T10:35:36.570+0000] {processor.py:836} INFO - DAG(s) dict_keys(['example_external_task_marker_child', 'example_external_task_marker_parent']) retrieved from /workspaces/hands-on-introduction-data-engineering-4395021/airflow_env/lib/python3.10/site-packages/airflow/example_dags/example_external_task_marker_dag.py
[2025-08-13T10:35:36.583+0000] {logging_mixin.py:150} INFO - [2025-08-13T10:35:36.583+0000] {dag.py:2742} INFO - Sync 2 DAGs
[2025-08-13T10:35:36.597+0000] {logging_mixin.py:150} INFO - [2025-08-13T10:35:36.597+0000] {dag.py:3504} INFO - Setting next_dagrun for example_external_task_marker_child to None, run_after=None
[2025-08-13T10:35:36.599+0000] {logging_mixin.py:150} INFO - [2025-08-13T10:35:36.599+0000] {dag.py:3504} INFO - Setting next_dagrun for example_external_task_marker_parent to None, run_after=None
[2025-08-13T10:35:36.613+0000] {processor.py:179} INFO - Processing /workspaces/hands-on-introduction-data-engineering-4395021/airflow_env/lib/python3.10/site-packages/airflow/example_dags/example_external_task_marker_dag.py took 0.051 seconds
[2025-08-13T10:36:18.359+0000] {processor.py:157} INFO - Started process (PID=7183) to work on /workspaces/hands-on-introduction-data-engineering-4395021/airflow_env/lib/python3.10/site-packages/airflow/example_dags/example_external_task_marker_dag.py
[2025-08-13T10:36:18.360+0000] {processor.py:826} INFO - Processing file /workspaces/hands-on-introduction-data-engineering-4395021/airflow_env/lib/python3.10/site-packages/airflow/example_dags/example_external_task_marker_dag.py for tasks to queue
[2025-08-13T10:36:18.361+0000] {logging_mixin.py:150} INFO - [2025-08-13T10:36:18.360+0000] {dagbag.py:541} INFO - Filling up the DagBag from /workspaces/hands-on-introduction-data-engineering-4395021/airflow_env/lib/python3.10/site-packages/airflow/example_dags/example_external_task_marker_dag.py
[2025-08-13T10:36:18.366+0000] {processor.py:836} INFO - DAG(s) dict_keys(['example_external_task_marker_parent', 'example_external_task_marker_child']) retrieved from /workspaces/hands-on-introduction-data-engineering-4395021/airflow_env/lib/python3.10/site-packages/airflow/example_dags/example_external_task_marker_dag.py
[2025-08-13T10:36:18.381+0000] {logging_mixin.py:150} INFO - [2025-08-13T10:36:18.381+0000] {dag.py:2742} INFO - Sync 2 DAGs
[2025-08-13T10:36:18.395+0000] {logging_mixin.py:150} INFO - [2025-08-13T10:36:18.395+0000] {dag.py:3504} INFO - Setting next_dagrun for example_external_task_marker_child to None, run_after=None
[2025-08-13T10:36:18.397+0000] {logging_mixin.py:150} INFO - [2025-08-13T10:36:18.397+0000] {dag.py:3504} INFO - Setting next_dagrun for example_external_task_marker_parent to None, run_after=None
[2025-08-13T10:36:18.411+0000] {processor.py:179} INFO - Processing /workspaces/hands-on-introduction-data-engineering-4395021/airflow_env/lib/python3.10/site-packages/airflow/example_dags/example_external_task_marker_dag.py took 0.053 seconds
[2025-08-13T10:37:03.717+0000] {processor.py:157} INFO - Started process (PID=7478) to work on /workspaces/hands-on-introduction-data-engineering-4395021/airflow_env/lib/python3.10/site-packages/airflow/example_dags/example_external_task_marker_dag.py
[2025-08-13T10:37:03.717+0000] {processor.py:826} INFO - Processing file /workspaces/hands-on-introduction-data-engineering-4395021/airflow_env/lib/python3.10/site-packages/airflow/example_dags/example_external_task_marker_dag.py for tasks to queue
[2025-08-13T10:37:03.718+0000] {logging_mixin.py:150} INFO - [2025-08-13T10:37:03.718+0000] {dagbag.py:541} INFO - Filling up the DagBag from /workspaces/hands-on-introduction-data-engineering-4395021/airflow_env/lib/python3.10/site-packages/airflow/example_dags/example_external_task_marker_dag.py
[2025-08-13T10:37:03.722+0000] {processor.py:836} INFO - DAG(s) dict_keys(['example_external_task_marker_parent', 'example_external_task_marker_child']) retrieved from /workspaces/hands-on-introduction-data-engineering-4395021/airflow_env/lib/python3.10/site-packages/airflow/example_dags/example_external_task_marker_dag.py
[2025-08-13T10:37:03.736+0000] {logging_mixin.py:150} INFO - [2025-08-13T10:37:03.736+0000] {dag.py:2742} INFO - Sync 2 DAGs
[2025-08-13T10:37:03.750+0000] {logging_mixin.py:150} INFO - [2025-08-13T10:37:03.750+0000] {dag.py:3504} INFO - Setting next_dagrun for example_external_task_marker_child to None, run_after=None
[2025-08-13T10:37:03.752+0000] {logging_mixin.py:150} INFO - [2025-08-13T10:37:03.752+0000] {dag.py:3504} INFO - Setting next_dagrun for example_external_task_marker_parent to None, run_after=None
[2025-08-13T10:37:03.769+0000] {processor.py:179} INFO - Processing /workspaces/hands-on-introduction-data-engineering-4395021/airflow_env/lib/python3.10/site-packages/airflow/example_dags/example_external_task_marker_dag.py took 0.055 seconds
[2025-08-13T10:37:46.803+0000] {processor.py:157} INFO - Started process (PID=7769) to work on /workspaces/hands-on-introduction-data-engineering-4395021/airflow_env/lib/python3.10/site-packages/airflow/example_dags/example_external_task_marker_dag.py
[2025-08-13T10:37:46.804+0000] {processor.py:826} INFO - Processing file /workspaces/hands-on-introduction-data-engineering-4395021/airflow_env/lib/python3.10/site-packages/airflow/example_dags/example_external_task_marker_dag.py for tasks to queue
[2025-08-13T10:37:46.805+0000] {logging_mixin.py:150} INFO - [2025-08-13T10:37:46.805+0000] {dagbag.py:541} INFO - Filling up the DagBag from /workspaces/hands-on-introduction-data-engineering-4395021/airflow_env/lib/python3.10/site-packages/airflow/example_dags/example_external_task_marker_dag.py
[2025-08-13T10:37:46.809+0000] {processor.py:836} INFO - DAG(s) dict_keys(['example_external_task_marker_child', 'example_external_task_marker_parent']) retrieved from /workspaces/hands-on-introduction-data-engineering-4395021/airflow_env/lib/python3.10/site-packages/airflow/example_dags/example_external_task_marker_dag.py
[2025-08-13T10:37:46.823+0000] {logging_mixin.py:150} INFO - [2025-08-13T10:37:46.823+0000] {dag.py:2742} INFO - Sync 2 DAGs
[2025-08-13T10:37:46.838+0000] {logging_mixin.py:150} INFO - [2025-08-13T10:37:46.838+0000] {dag.py:3504} INFO - Setting next_dagrun for example_external_task_marker_child to None, run_after=None
[2025-08-13T10:37:46.840+0000] {logging_mixin.py:150} INFO - [2025-08-13T10:37:46.840+0000] {dag.py:3504} INFO - Setting next_dagrun for example_external_task_marker_parent to None, run_after=None
[2025-08-13T10:37:46.855+0000] {processor.py:179} INFO - Processing /workspaces/hands-on-introduction-data-engineering-4395021/airflow_env/lib/python3.10/site-packages/airflow/example_dags/example_external_task_marker_dag.py took 0.054 seconds
[2025-08-13T10:38:38.910+0000] {processor.py:157} INFO - Started process (PID=8163) to work on /workspaces/hands-on-introduction-data-engineering-4395021/airflow_env/lib/python3.10/site-packages/airflow/example_dags/example_external_task_marker_dag.py
[2025-08-13T10:38:38.910+0000] {processor.py:826} INFO - Processing file /workspaces/hands-on-introduction-data-engineering-4395021/airflow_env/lib/python3.10/site-packages/airflow/example_dags/example_external_task_marker_dag.py for tasks to queue
[2025-08-13T10:38:38.911+0000] {logging_mixin.py:150} INFO - [2025-08-13T10:38:38.911+0000] {dagbag.py:541} INFO - Filling up the DagBag from /workspaces/hands-on-introduction-data-engineering-4395021/airflow_env/lib/python3.10/site-packages/airflow/example_dags/example_external_task_marker_dag.py
[2025-08-13T10:38:38.915+0000] {processor.py:836} INFO - DAG(s) dict_keys(['example_external_task_marker_parent', 'example_external_task_marker_child']) retrieved from /workspaces/hands-on-introduction-data-engineering-4395021/airflow_env/lib/python3.10/site-packages/airflow/example_dags/example_external_task_marker_dag.py
[2025-08-13T10:38:38.929+0000] {logging_mixin.py:150} INFO - [2025-08-13T10:38:38.929+0000] {dag.py:2742} INFO - Sync 2 DAGs
[2025-08-13T10:38:38.945+0000] {logging_mixin.py:150} INFO - [2025-08-13T10:38:38.945+0000] {dag.py:3504} INFO - Setting next_dagrun for example_external_task_marker_child to None, run_after=None
[2025-08-13T10:38:38.948+0000] {logging_mixin.py:150} INFO - [2025-08-13T10:38:38.948+0000] {dag.py:3504} INFO - Setting next_dagrun for example_external_task_marker_parent to None, run_after=None
[2025-08-13T10:38:38.966+0000] {processor.py:179} INFO - Processing /workspaces/hands-on-introduction-data-engineering-4395021/airflow_env/lib/python3.10/site-packages/airflow/example_dags/example_external_task_marker_dag.py took 0.059 seconds
[2025-08-13T10:39:22.419+0000] {processor.py:157} INFO - Started process (PID=8455) to work on /workspaces/hands-on-introduction-data-engineering-4395021/airflow_env/lib/python3.10/site-packages/airflow/example_dags/example_external_task_marker_dag.py
[2025-08-13T10:39:22.420+0000] {processor.py:826} INFO - Processing file /workspaces/hands-on-introduction-data-engineering-4395021/airflow_env/lib/python3.10/site-packages/airflow/example_dags/example_external_task_marker_dag.py for tasks to queue
[2025-08-13T10:39:22.420+0000] {logging_mixin.py:150} INFO - [2025-08-13T10:39:22.420+0000] {dagbag.py:541} INFO - Filling up the DagBag from /workspaces/hands-on-introduction-data-engineering-4395021/airflow_env/lib/python3.10/site-packages/airflow/example_dags/example_external_task_marker_dag.py
[2025-08-13T10:39:22.425+0000] {processor.py:836} INFO - DAG(s) dict_keys(['example_external_task_marker_child', 'example_external_task_marker_parent']) retrieved from /workspaces/hands-on-introduction-data-engineering-4395021/airflow_env/lib/python3.10/site-packages/airflow/example_dags/example_external_task_marker_dag.py
[2025-08-13T10:39:22.438+0000] {logging_mixin.py:150} INFO - [2025-08-13T10:39:22.438+0000] {dag.py:2742} INFO - Sync 2 DAGs
[2025-08-13T10:39:22.452+0000] {logging_mixin.py:150} INFO - [2025-08-13T10:39:22.452+0000] {dag.py:3504} INFO - Setting next_dagrun for example_external_task_marker_child to None, run_after=None
[2025-08-13T10:39:22.455+0000] {logging_mixin.py:150} INFO - [2025-08-13T10:39:22.454+0000] {dag.py:3504} INFO - Setting next_dagrun for example_external_task_marker_parent to None, run_after=None
[2025-08-13T10:39:22.468+0000] {processor.py:179} INFO - Processing /workspaces/hands-on-introduction-data-engineering-4395021/airflow_env/lib/python3.10/site-packages/airflow/example_dags/example_external_task_marker_dag.py took 0.051 seconds
[2025-08-13T10:40:10.099+0000] {processor.py:157} INFO - Started process (PID=8772) to work on /workspaces/hands-on-introduction-data-engineering-4395021/airflow_env/lib/python3.10/site-packages/airflow/example_dags/example_external_task_marker_dag.py
[2025-08-13T10:40:10.099+0000] {processor.py:826} INFO - Processing file /workspaces/hands-on-introduction-data-engineering-4395021/airflow_env/lib/python3.10/site-packages/airflow/example_dags/example_external_task_marker_dag.py for tasks to queue
[2025-08-13T10:40:10.100+0000] {logging_mixin.py:150} INFO - [2025-08-13T10:40:10.100+0000] {dagbag.py:541} INFO - Filling up the DagBag from /workspaces/hands-on-introduction-data-engineering-4395021/airflow_env/lib/python3.10/site-packages/airflow/example_dags/example_external_task_marker_dag.py
[2025-08-13T10:40:10.104+0000] {processor.py:836} INFO - DAG(s) dict_keys(['example_external_task_marker_child', 'example_external_task_marker_parent']) retrieved from /workspaces/hands-on-introduction-data-engineering-4395021/airflow_env/lib/python3.10/site-packages/airflow/example_dags/example_external_task_marker_dag.py
[2025-08-13T10:40:10.117+0000] {logging_mixin.py:150} INFO - [2025-08-13T10:40:10.117+0000] {dag.py:2742} INFO - Sync 2 DAGs
[2025-08-13T10:40:10.131+0000] {logging_mixin.py:150} INFO - [2025-08-13T10:40:10.131+0000] {dag.py:3504} INFO - Setting next_dagrun for example_external_task_marker_child to None, run_after=None
[2025-08-13T10:40:10.133+0000] {logging_mixin.py:150} INFO - [2025-08-13T10:40:10.133+0000] {dag.py:3504} INFO - Setting next_dagrun for example_external_task_marker_parent to None, run_after=None
[2025-08-13T10:40:10.148+0000] {processor.py:179} INFO - Processing /workspaces/hands-on-introduction-data-engineering-4395021/airflow_env/lib/python3.10/site-packages/airflow/example_dags/example_external_task_marker_dag.py took 0.051 seconds
[2025-08-13T10:40:52.507+0000] {processor.py:157} INFO - Started process (PID=9092) to work on /workspaces/hands-on-introduction-data-engineering-4395021/airflow_env/lib/python3.10/site-packages/airflow/example_dags/example_external_task_marker_dag.py
[2025-08-13T10:40:52.508+0000] {processor.py:826} INFO - Processing file /workspaces/hands-on-introduction-data-engineering-4395021/airflow_env/lib/python3.10/site-packages/airflow/example_dags/example_external_task_marker_dag.py for tasks to queue
[2025-08-13T10:40:52.509+0000] {logging_mixin.py:150} INFO - [2025-08-13T10:40:52.509+0000] {dagbag.py:541} INFO - Filling up the DagBag from /workspaces/hands-on-introduction-data-engineering-4395021/airflow_env/lib/python3.10/site-packages/airflow/example_dags/example_external_task_marker_dag.py
[2025-08-13T10:40:52.513+0000] {processor.py:836} INFO - DAG(s) dict_keys(['example_external_task_marker_parent', 'example_external_task_marker_child']) retrieved from /workspaces/hands-on-introduction-data-engineering-4395021/airflow_env/lib/python3.10/site-packages/airflow/example_dags/example_external_task_marker_dag.py
[2025-08-13T10:40:52.529+0000] {logging_mixin.py:150} INFO - [2025-08-13T10:40:52.529+0000] {dag.py:2742} INFO - Sync 2 DAGs
[2025-08-13T10:40:52.549+0000] {logging_mixin.py:150} INFO - [2025-08-13T10:40:52.549+0000] {dag.py:3504} INFO - Setting next_dagrun for example_external_task_marker_child to None, run_after=None
[2025-08-13T10:40:52.553+0000] {logging_mixin.py:150} INFO - [2025-08-13T10:40:52.552+0000] {dag.py:3504} INFO - Setting next_dagrun for example_external_task_marker_parent to None, run_after=None
[2025-08-13T10:40:52.570+0000] {processor.py:179} INFO - Processing /workspaces/hands-on-introduction-data-engineering-4395021/airflow_env/lib/python3.10/site-packages/airflow/example_dags/example_external_task_marker_dag.py took 0.065 seconds
