[2025-08-13T02:42:39.361+0000] {processor.py:157} INFO - Started process (PID=8103) to work on /home/vscode/.local/lib/python3.10/site-packages/airflow/example_dags/example_task_group_decorator.py
[2025-08-13T02:42:39.362+0000] {processor.py:826} INFO - Processing file /home/vscode/.local/lib/python3.10/site-packages/airflow/example_dags/example_task_group_decorator.py for tasks to queue
[2025-08-13T02:42:39.363+0000] {logging_mixin.py:150} INFO - [2025-08-13T02:42:39.363+0000] {dagbag.py:541} INFO - Filling up the DagBag from /home/vscode/.local/lib/python3.10/site-packages/airflow/example_dags/example_task_group_decorator.py
[2025-08-13T02:42:39.385+0000] {processor.py:836} INFO - DAG(s) dict_keys(['example_task_group_decorator']) retrieved from /home/vscode/.local/lib/python3.10/site-packages/airflow/example_dags/example_task_group_decorator.py
[2025-08-13T02:42:39.549+0000] {logging_mixin.py:150} INFO - [2025-08-13T02:42:39.549+0000] {manager.py:504} INFO - Created Permission View: can read on DAG:example_task_group_decorator
[2025-08-13T02:42:39.562+0000] {logging_mixin.py:150} INFO - [2025-08-13T02:42:39.562+0000] {manager.py:504} INFO - Created Permission View: can delete on DAG:example_task_group_decorator
[2025-08-13T02:42:39.570+0000] {logging_mixin.py:150} INFO - [2025-08-13T02:42:39.569+0000] {manager.py:504} INFO - Created Permission View: can edit on DAG:example_task_group_decorator
[2025-08-13T02:42:39.580+0000] {logging_mixin.py:150} INFO - [2025-08-13T02:42:39.579+0000] {dag.py:2742} INFO - Sync 1 DAGs
[2025-08-13T02:42:39.587+0000] {logging_mixin.py:150} INFO - [2025-08-13T02:42:39.586+0000] {dag.py:2763} INFO - Creating ORM DAG for example_task_group_decorator
[2025-08-13T02:42:39.594+0000] {logging_mixin.py:150} INFO - [2025-08-13T02:42:39.594+0000] {dag.py:3504} INFO - Setting next_dagrun for example_task_group_decorator to 2025-08-12T02:42:39.594146+00:00, run_after=2025-08-13T02:42:39.594146+00:00
[2025-08-13T02:42:39.615+0000] {processor.py:179} INFO - Processing /home/vscode/.local/lib/python3.10/site-packages/airflow/example_dags/example_task_group_decorator.py took 0.257 seconds
[2025-08-13T02:43:26.010+0000] {processor.py:157} INFO - Started process (PID=8416) to work on /home/vscode/.local/lib/python3.10/site-packages/airflow/example_dags/example_task_group_decorator.py
[2025-08-13T02:43:26.011+0000] {processor.py:826} INFO - Processing file /home/vscode/.local/lib/python3.10/site-packages/airflow/example_dags/example_task_group_decorator.py for tasks to queue
[2025-08-13T02:43:26.012+0000] {logging_mixin.py:150} INFO - [2025-08-13T02:43:26.012+0000] {dagbag.py:541} INFO - Filling up the DagBag from /home/vscode/.local/lib/python3.10/site-packages/airflow/example_dags/example_task_group_decorator.py
[2025-08-13T02:43:26.023+0000] {processor.py:836} INFO - DAG(s) dict_keys(['example_task_group_decorator']) retrieved from /home/vscode/.local/lib/python3.10/site-packages/airflow/example_dags/example_task_group_decorator.py
[2025-08-13T02:43:26.038+0000] {logging_mixin.py:150} INFO - [2025-08-13T02:43:26.038+0000] {dag.py:2742} INFO - Sync 1 DAGs
[2025-08-13T02:43:26.052+0000] {logging_mixin.py:150} INFO - [2025-08-13T02:43:26.052+0000] {dag.py:3504} INFO - Setting next_dagrun for example_task_group_decorator to 2025-08-12T02:43:26.052102+00:00, run_after=2025-08-13T02:43:26.052102+00:00
[2025-08-13T02:43:26.068+0000] {processor.py:179} INFO - Processing /home/vscode/.local/lib/python3.10/site-packages/airflow/example_dags/example_task_group_decorator.py took 0.060 seconds
[2025-08-13T02:44:12.379+0000] {processor.py:157} INFO - Started process (PID=8718) to work on /home/vscode/.local/lib/python3.10/site-packages/airflow/example_dags/example_task_group_decorator.py
[2025-08-13T02:44:12.379+0000] {processor.py:826} INFO - Processing file /home/vscode/.local/lib/python3.10/site-packages/airflow/example_dags/example_task_group_decorator.py for tasks to queue
[2025-08-13T02:44:12.380+0000] {logging_mixin.py:150} INFO - [2025-08-13T02:44:12.380+0000] {dagbag.py:541} INFO - Filling up the DagBag from /home/vscode/.local/lib/python3.10/site-packages/airflow/example_dags/example_task_group_decorator.py
[2025-08-13T02:44:12.391+0000] {processor.py:836} INFO - DAG(s) dict_keys(['example_task_group_decorator']) retrieved from /home/vscode/.local/lib/python3.10/site-packages/airflow/example_dags/example_task_group_decorator.py
[2025-08-13T02:44:12.405+0000] {logging_mixin.py:150} INFO - [2025-08-13T02:44:12.405+0000] {dag.py:2742} INFO - Sync 1 DAGs
[2025-08-13T02:44:12.419+0000] {logging_mixin.py:150} INFO - [2025-08-13T02:44:12.419+0000] {dag.py:3504} INFO - Setting next_dagrun for example_task_group_decorator to 2025-08-12T02:44:12.419301+00:00, run_after=2025-08-13T02:44:12.419301+00:00
[2025-08-13T02:44:12.434+0000] {processor.py:179} INFO - Processing /home/vscode/.local/lib/python3.10/site-packages/airflow/example_dags/example_task_group_decorator.py took 0.058 seconds
