[2025-08-13T15:49:05.332+0000] {processor.py:157} INFO - Started process (PID=2099) to work on /home/vscode/.local/lib/python3.10/site-packages/airflow/example_dags/example_python_operator.py
[2025-08-13T15:49:05.333+0000] {processor.py:826} INFO - Processing file /home/vscode/.local/lib/python3.10/site-packages/airflow/example_dags/example_python_operator.py for tasks to queue
[2025-08-13T15:49:05.333+0000] {logging_mixin.py:150} INFO - [2025-08-13T15:49:05.333+0000] {dagbag.py:541} INFO - Filling up the DagBag from /home/vscode/.local/lib/python3.10/site-packages/airflow/example_dags/example_python_operator.py
[2025-08-13T15:49:05.341+0000] {processor.py:836} INFO - DAG(s) dict_keys(['example_python_operator']) retrieved from /home/vscode/.local/lib/python3.10/site-packages/airflow/example_dags/example_python_operator.py
[2025-08-13T15:49:05.347+0000] {logging_mixin.py:150} INFO - [2025-08-13T15:49:05.347+0000] {dag.py:2742} INFO - Sync 1 DAGs
[2025-08-13T15:49:05.361+0000] {logging_mixin.py:150} INFO - [2025-08-13T15:49:05.361+0000] {dag.py:3504} INFO - Setting next_dagrun for example_python_operator to None, run_after=None
[2025-08-13T15:49:05.377+0000] {processor.py:179} INFO - Processing /home/vscode/.local/lib/python3.10/site-packages/airflow/example_dags/example_python_operator.py took 0.046 seconds
[2025-08-13T15:49:47.059+0000] {processor.py:157} INFO - Started process (PID=2393) to work on /home/vscode/.local/lib/python3.10/site-packages/airflow/example_dags/example_python_operator.py
[2025-08-13T15:49:47.060+0000] {processor.py:826} INFO - Processing file /home/vscode/.local/lib/python3.10/site-packages/airflow/example_dags/example_python_operator.py for tasks to queue
[2025-08-13T15:49:47.061+0000] {logging_mixin.py:150} INFO - [2025-08-13T15:49:47.061+0000] {dagbag.py:541} INFO - Filling up the DagBag from /home/vscode/.local/lib/python3.10/site-packages/airflow/example_dags/example_python_operator.py
[2025-08-13T15:49:47.069+0000] {processor.py:836} INFO - DAG(s) dict_keys(['example_python_operator']) retrieved from /home/vscode/.local/lib/python3.10/site-packages/airflow/example_dags/example_python_operator.py
[2025-08-13T15:49:47.148+0000] {logging_mixin.py:150} INFO - [2025-08-13T15:49:47.148+0000] {dag.py:2742} INFO - Sync 1 DAGs
[2025-08-13T15:49:47.161+0000] {logging_mixin.py:150} INFO - [2025-08-13T15:49:47.161+0000] {dag.py:3504} INFO - Setting next_dagrun for example_python_operator to None, run_after=None
[2025-08-13T15:49:47.178+0000] {processor.py:179} INFO - Processing /home/vscode/.local/lib/python3.10/site-packages/airflow/example_dags/example_python_operator.py took 0.120 seconds
[2025-08-13T15:50:33.243+0000] {processor.py:157} INFO - Started process (PID=2787) to work on /home/vscode/.local/lib/python3.10/site-packages/airflow/example_dags/example_python_operator.py
[2025-08-13T15:50:33.243+0000] {processor.py:826} INFO - Processing file /home/vscode/.local/lib/python3.10/site-packages/airflow/example_dags/example_python_operator.py for tasks to queue
[2025-08-13T15:50:33.244+0000] {logging_mixin.py:150} INFO - [2025-08-13T15:50:33.244+0000] {dagbag.py:541} INFO - Filling up the DagBag from /home/vscode/.local/lib/python3.10/site-packages/airflow/example_dags/example_python_operator.py
[2025-08-13T15:50:33.251+0000] {processor.py:836} INFO - DAG(s) dict_keys(['example_python_operator']) retrieved from /home/vscode/.local/lib/python3.10/site-packages/airflow/example_dags/example_python_operator.py
[2025-08-13T15:50:33.265+0000] {logging_mixin.py:150} INFO - [2025-08-13T15:50:33.265+0000] {dag.py:2742} INFO - Sync 1 DAGs
[2025-08-13T15:50:33.279+0000] {logging_mixin.py:150} INFO - [2025-08-13T15:50:33.279+0000] {dag.py:3504} INFO - Setting next_dagrun for example_python_operator to None, run_after=None
[2025-08-13T15:50:33.294+0000] {processor.py:179} INFO - Processing /home/vscode/.local/lib/python3.10/site-packages/airflow/example_dags/example_python_operator.py took 0.054 seconds
[2025-08-13T15:51:15.678+0000] {processor.py:157} INFO - Started process (PID=3201) to work on /home/vscode/.local/lib/python3.10/site-packages/airflow/example_dags/example_python_operator.py
[2025-08-13T15:51:15.679+0000] {processor.py:826} INFO - Processing file /home/vscode/.local/lib/python3.10/site-packages/airflow/example_dags/example_python_operator.py for tasks to queue
[2025-08-13T15:51:15.680+0000] {logging_mixin.py:150} INFO - [2025-08-13T15:51:15.680+0000] {dagbag.py:541} INFO - Filling up the DagBag from /home/vscode/.local/lib/python3.10/site-packages/airflow/example_dags/example_python_operator.py
[2025-08-13T15:51:15.691+0000] {processor.py:836} INFO - DAG(s) dict_keys(['example_python_operator']) retrieved from /home/vscode/.local/lib/python3.10/site-packages/airflow/example_dags/example_python_operator.py
[2025-08-13T15:51:15.717+0000] {logging_mixin.py:150} INFO - [2025-08-13T15:51:15.717+0000] {dag.py:2742} INFO - Sync 1 DAGs
[2025-08-13T15:51:15.732+0000] {logging_mixin.py:150} INFO - [2025-08-13T15:51:15.731+0000] {dag.py:3504} INFO - Setting next_dagrun for example_python_operator to None, run_after=None
[2025-08-13T15:51:15.748+0000] {processor.py:179} INFO - Processing /home/vscode/.local/lib/python3.10/site-packages/airflow/example_dags/example_python_operator.py took 0.073 seconds
[2025-08-13T15:51:58.573+0000] {processor.py:157} INFO - Started process (PID=3488) to work on /home/vscode/.local/lib/python3.10/site-packages/airflow/example_dags/example_python_operator.py
[2025-08-13T15:51:58.573+0000] {processor.py:826} INFO - Processing file /home/vscode/.local/lib/python3.10/site-packages/airflow/example_dags/example_python_operator.py for tasks to queue
[2025-08-13T15:51:58.574+0000] {logging_mixin.py:150} INFO - [2025-08-13T15:51:58.574+0000] {dagbag.py:541} INFO - Filling up the DagBag from /home/vscode/.local/lib/python3.10/site-packages/airflow/example_dags/example_python_operator.py
[2025-08-13T15:51:58.581+0000] {processor.py:836} INFO - DAG(s) dict_keys(['example_python_operator']) retrieved from /home/vscode/.local/lib/python3.10/site-packages/airflow/example_dags/example_python_operator.py
[2025-08-13T15:51:58.596+0000] {logging_mixin.py:150} INFO - [2025-08-13T15:51:58.595+0000] {dag.py:2742} INFO - Sync 1 DAGs
[2025-08-13T15:51:58.610+0000] {logging_mixin.py:150} INFO - [2025-08-13T15:51:58.610+0000] {dag.py:3504} INFO - Setting next_dagrun for example_python_operator to None, run_after=None
[2025-08-13T15:51:58.625+0000] {processor.py:179} INFO - Processing /home/vscode/.local/lib/python3.10/site-packages/airflow/example_dags/example_python_operator.py took 0.054 seconds
[2025-08-13T15:52:47.711+0000] {processor.py:157} INFO - Started process (PID=4063) to work on /home/vscode/.local/lib/python3.10/site-packages/airflow/example_dags/example_python_operator.py
[2025-08-13T15:52:47.711+0000] {processor.py:826} INFO - Processing file /home/vscode/.local/lib/python3.10/site-packages/airflow/example_dags/example_python_operator.py for tasks to queue
[2025-08-13T15:52:47.712+0000] {logging_mixin.py:150} INFO - [2025-08-13T15:52:47.712+0000] {dagbag.py:541} INFO - Filling up the DagBag from /home/vscode/.local/lib/python3.10/site-packages/airflow/example_dags/example_python_operator.py
[2025-08-13T15:52:47.719+0000] {processor.py:836} INFO - DAG(s) dict_keys(['example_python_operator']) retrieved from /home/vscode/.local/lib/python3.10/site-packages/airflow/example_dags/example_python_operator.py
[2025-08-13T15:52:47.733+0000] {logging_mixin.py:150} INFO - [2025-08-13T15:52:47.733+0000] {dag.py:2742} INFO - Sync 1 DAGs
[2025-08-13T15:52:47.747+0000] {logging_mixin.py:150} INFO - [2025-08-13T15:52:47.747+0000] {dag.py:3504} INFO - Setting next_dagrun for example_python_operator to None, run_after=None
[2025-08-13T15:52:47.763+0000] {processor.py:179} INFO - Processing /home/vscode/.local/lib/python3.10/site-packages/airflow/example_dags/example_python_operator.py took 0.054 seconds
[2025-08-13T15:53:36.392+0000] {processor.py:157} INFO - Started process (PID=4403) to work on /home/vscode/.local/lib/python3.10/site-packages/airflow/example_dags/example_python_operator.py
[2025-08-13T15:53:36.393+0000] {processor.py:826} INFO - Processing file /home/vscode/.local/lib/python3.10/site-packages/airflow/example_dags/example_python_operator.py for tasks to queue
[2025-08-13T15:53:36.394+0000] {logging_mixin.py:150} INFO - [2025-08-13T15:53:36.393+0000] {dagbag.py:541} INFO - Filling up the DagBag from /home/vscode/.local/lib/python3.10/site-packages/airflow/example_dags/example_python_operator.py
[2025-08-13T15:53:36.401+0000] {processor.py:836} INFO - DAG(s) dict_keys(['example_python_operator']) retrieved from /home/vscode/.local/lib/python3.10/site-packages/airflow/example_dags/example_python_operator.py
[2025-08-13T15:53:36.416+0000] {logging_mixin.py:150} INFO - [2025-08-13T15:53:36.416+0000] {dag.py:2742} INFO - Sync 1 DAGs
[2025-08-13T15:53:36.431+0000] {logging_mixin.py:150} INFO - [2025-08-13T15:53:36.430+0000] {dag.py:3504} INFO - Setting next_dagrun for example_python_operator to None, run_after=None
[2025-08-13T15:53:36.445+0000] {processor.py:179} INFO - Processing /home/vscode/.local/lib/python3.10/site-packages/airflow/example_dags/example_python_operator.py took 0.055 seconds
[2025-08-13T15:54:21.055+0000] {processor.py:157} INFO - Started process (PID=4750) to work on /home/vscode/.local/lib/python3.10/site-packages/airflow/example_dags/example_python_operator.py
[2025-08-13T15:54:21.056+0000] {processor.py:826} INFO - Processing file /home/vscode/.local/lib/python3.10/site-packages/airflow/example_dags/example_python_operator.py for tasks to queue
[2025-08-13T15:54:21.057+0000] {logging_mixin.py:150} INFO - [2025-08-13T15:54:21.057+0000] {dagbag.py:541} INFO - Filling up the DagBag from /home/vscode/.local/lib/python3.10/site-packages/airflow/example_dags/example_python_operator.py
[2025-08-13T15:54:21.064+0000] {processor.py:836} INFO - DAG(s) dict_keys(['example_python_operator']) retrieved from /home/vscode/.local/lib/python3.10/site-packages/airflow/example_dags/example_python_operator.py
[2025-08-13T15:54:21.078+0000] {logging_mixin.py:150} INFO - [2025-08-13T15:54:21.078+0000] {dag.py:2742} INFO - Sync 1 DAGs
[2025-08-13T15:54:21.092+0000] {logging_mixin.py:150} INFO - [2025-08-13T15:54:21.092+0000] {dag.py:3504} INFO - Setting next_dagrun for example_python_operator to None, run_after=None
[2025-08-13T15:54:21.106+0000] {processor.py:179} INFO - Processing /home/vscode/.local/lib/python3.10/site-packages/airflow/example_dags/example_python_operator.py took 0.053 seconds
[2025-08-13T15:55:03.316+0000] {processor.py:157} INFO - Started process (PID=5040) to work on /home/vscode/.local/lib/python3.10/site-packages/airflow/example_dags/example_python_operator.py
[2025-08-13T15:55:03.317+0000] {processor.py:826} INFO - Processing file /home/vscode/.local/lib/python3.10/site-packages/airflow/example_dags/example_python_operator.py for tasks to queue
[2025-08-13T15:55:03.318+0000] {logging_mixin.py:150} INFO - [2025-08-13T15:55:03.317+0000] {dagbag.py:541} INFO - Filling up the DagBag from /home/vscode/.local/lib/python3.10/site-packages/airflow/example_dags/example_python_operator.py
[2025-08-13T15:55:03.325+0000] {processor.py:836} INFO - DAG(s) dict_keys(['example_python_operator']) retrieved from /home/vscode/.local/lib/python3.10/site-packages/airflow/example_dags/example_python_operator.py
[2025-08-13T15:55:03.339+0000] {logging_mixin.py:150} INFO - [2025-08-13T15:55:03.339+0000] {dag.py:2742} INFO - Sync 1 DAGs
[2025-08-13T15:55:03.353+0000] {logging_mixin.py:150} INFO - [2025-08-13T15:55:03.353+0000] {dag.py:3504} INFO - Setting next_dagrun for example_python_operator to None, run_after=None
[2025-08-13T15:55:03.377+0000] {processor.py:179} INFO - Processing /home/vscode/.local/lib/python3.10/site-packages/airflow/example_dags/example_python_operator.py took 0.062 seconds
[2025-08-13T15:55:42.272+0000] {processor.py:157} INFO - Started process (PID=5313) to work on /home/vscode/.local/lib/python3.10/site-packages/airflow/example_dags/example_python_operator.py
[2025-08-13T15:55:42.273+0000] {processor.py:826} INFO - Processing file /home/vscode/.local/lib/python3.10/site-packages/airflow/example_dags/example_python_operator.py for tasks to queue
[2025-08-13T15:55:42.274+0000] {logging_mixin.py:150} INFO - [2025-08-13T15:55:42.273+0000] {dagbag.py:541} INFO - Filling up the DagBag from /home/vscode/.local/lib/python3.10/site-packages/airflow/example_dags/example_python_operator.py
[2025-08-13T15:55:42.281+0000] {processor.py:836} INFO - DAG(s) dict_keys(['example_python_operator']) retrieved from /home/vscode/.local/lib/python3.10/site-packages/airflow/example_dags/example_python_operator.py
[2025-08-13T15:55:42.296+0000] {logging_mixin.py:150} INFO - [2025-08-13T15:55:42.296+0000] {dag.py:2742} INFO - Sync 1 DAGs
[2025-08-13T15:55:42.310+0000] {logging_mixin.py:150} INFO - [2025-08-13T15:55:42.310+0000] {dag.py:3504} INFO - Setting next_dagrun for example_python_operator to None, run_after=None
[2025-08-13T15:55:42.326+0000] {processor.py:179} INFO - Processing /home/vscode/.local/lib/python3.10/site-packages/airflow/example_dags/example_python_operator.py took 0.056 seconds
[2025-08-13T15:56:29.111+0000] {processor.py:157} INFO - Started process (PID=5718) to work on /home/vscode/.local/lib/python3.10/site-packages/airflow/example_dags/example_python_operator.py
[2025-08-13T15:56:29.111+0000] {processor.py:826} INFO - Processing file /home/vscode/.local/lib/python3.10/site-packages/airflow/example_dags/example_python_operator.py for tasks to queue
[2025-08-13T15:56:29.112+0000] {logging_mixin.py:150} INFO - [2025-08-13T15:56:29.112+0000] {dagbag.py:541} INFO - Filling up the DagBag from /home/vscode/.local/lib/python3.10/site-packages/airflow/example_dags/example_python_operator.py
[2025-08-13T15:56:29.119+0000] {processor.py:836} INFO - DAG(s) dict_keys(['example_python_operator']) retrieved from /home/vscode/.local/lib/python3.10/site-packages/airflow/example_dags/example_python_operator.py
[2025-08-13T15:56:29.133+0000] {logging_mixin.py:150} INFO - [2025-08-13T15:56:29.133+0000] {dag.py:2742} INFO - Sync 1 DAGs
[2025-08-13T15:56:29.147+0000] {logging_mixin.py:150} INFO - [2025-08-13T15:56:29.147+0000] {dag.py:3504} INFO - Setting next_dagrun for example_python_operator to None, run_after=None
[2025-08-13T15:56:29.162+0000] {processor.py:179} INFO - Processing /home/vscode/.local/lib/python3.10/site-packages/airflow/example_dags/example_python_operator.py took 0.053 seconds
[2025-08-13T15:57:13.024+0000] {processor.py:157} INFO - Started process (PID=6159) to work on /home/vscode/.local/lib/python3.10/site-packages/airflow/example_dags/example_python_operator.py
[2025-08-13T15:57:13.025+0000] {processor.py:826} INFO - Processing file /home/vscode/.local/lib/python3.10/site-packages/airflow/example_dags/example_python_operator.py for tasks to queue
[2025-08-13T15:57:13.026+0000] {logging_mixin.py:150} INFO - [2025-08-13T15:57:13.025+0000] {dagbag.py:541} INFO - Filling up the DagBag from /home/vscode/.local/lib/python3.10/site-packages/airflow/example_dags/example_python_operator.py
[2025-08-13T15:57:13.033+0000] {processor.py:836} INFO - DAG(s) dict_keys(['example_python_operator']) retrieved from /home/vscode/.local/lib/python3.10/site-packages/airflow/example_dags/example_python_operator.py
[2025-08-13T15:57:13.047+0000] {logging_mixin.py:150} INFO - [2025-08-13T15:57:13.047+0000] {dag.py:2742} INFO - Sync 1 DAGs
[2025-08-13T15:57:13.061+0000] {logging_mixin.py:150} INFO - [2025-08-13T15:57:13.061+0000] {dag.py:3504} INFO - Setting next_dagrun for example_python_operator to None, run_after=None
[2025-08-13T15:57:13.077+0000] {processor.py:179} INFO - Processing /home/vscode/.local/lib/python3.10/site-packages/airflow/example_dags/example_python_operator.py took 0.055 seconds
[2025-08-13T15:57:55.386+0000] {processor.py:157} INFO - Started process (PID=6443) to work on /home/vscode/.local/lib/python3.10/site-packages/airflow/example_dags/example_python_operator.py
[2025-08-13T15:57:55.386+0000] {processor.py:826} INFO - Processing file /home/vscode/.local/lib/python3.10/site-packages/airflow/example_dags/example_python_operator.py for tasks to queue
[2025-08-13T15:57:55.387+0000] {logging_mixin.py:150} INFO - [2025-08-13T15:57:55.387+0000] {dagbag.py:541} INFO - Filling up the DagBag from /home/vscode/.local/lib/python3.10/site-packages/airflow/example_dags/example_python_operator.py
[2025-08-13T15:57:55.395+0000] {processor.py:836} INFO - DAG(s) dict_keys(['example_python_operator']) retrieved from /home/vscode/.local/lib/python3.10/site-packages/airflow/example_dags/example_python_operator.py
[2025-08-13T15:57:55.409+0000] {logging_mixin.py:150} INFO - [2025-08-13T15:57:55.409+0000] {dag.py:2742} INFO - Sync 1 DAGs
[2025-08-13T15:57:55.423+0000] {logging_mixin.py:150} INFO - [2025-08-13T15:57:55.423+0000] {dag.py:3504} INFO - Setting next_dagrun for example_python_operator to None, run_after=None
[2025-08-13T15:57:55.439+0000] {processor.py:179} INFO - Processing /home/vscode/.local/lib/python3.10/site-packages/airflow/example_dags/example_python_operator.py took 0.055 seconds
[2025-08-13T15:58:39.232+0000] {processor.py:157} INFO - Started process (PID=6737) to work on /home/vscode/.local/lib/python3.10/site-packages/airflow/example_dags/example_python_operator.py
[2025-08-13T15:58:39.232+0000] {processor.py:826} INFO - Processing file /home/vscode/.local/lib/python3.10/site-packages/airflow/example_dags/example_python_operator.py for tasks to queue
[2025-08-13T15:58:39.233+0000] {logging_mixin.py:150} INFO - [2025-08-13T15:58:39.233+0000] {dagbag.py:541} INFO - Filling up the DagBag from /home/vscode/.local/lib/python3.10/site-packages/airflow/example_dags/example_python_operator.py
[2025-08-13T15:58:39.240+0000] {processor.py:836} INFO - DAG(s) dict_keys(['example_python_operator']) retrieved from /home/vscode/.local/lib/python3.10/site-packages/airflow/example_dags/example_python_operator.py
[2025-08-13T15:58:39.254+0000] {logging_mixin.py:150} INFO - [2025-08-13T15:58:39.254+0000] {dag.py:2742} INFO - Sync 1 DAGs
[2025-08-13T15:58:39.268+0000] {logging_mixin.py:150} INFO - [2025-08-13T15:58:39.268+0000] {dag.py:3504} INFO - Setting next_dagrun for example_python_operator to None, run_after=None
[2025-08-13T15:58:39.283+0000] {processor.py:179} INFO - Processing /home/vscode/.local/lib/python3.10/site-packages/airflow/example_dags/example_python_operator.py took 0.053 seconds
[2025-08-13T15:59:14.278+0000] {processor.py:157} INFO - Started process (PID=6973) to work on /home/vscode/.local/lib/python3.10/site-packages/airflow/example_dags/example_python_operator.py
[2025-08-13T15:59:14.279+0000] {processor.py:826} INFO - Processing file /home/vscode/.local/lib/python3.10/site-packages/airflow/example_dags/example_python_operator.py for tasks to queue
[2025-08-13T15:59:14.279+0000] {logging_mixin.py:150} INFO - [2025-08-13T15:59:14.279+0000] {dagbag.py:541} INFO - Filling up the DagBag from /home/vscode/.local/lib/python3.10/site-packages/airflow/example_dags/example_python_operator.py
[2025-08-13T15:59:14.287+0000] {processor.py:836} INFO - DAG(s) dict_keys(['example_python_operator']) retrieved from /home/vscode/.local/lib/python3.10/site-packages/airflow/example_dags/example_python_operator.py
[2025-08-13T15:59:14.302+0000] {logging_mixin.py:150} INFO - [2025-08-13T15:59:14.302+0000] {dag.py:2742} INFO - Sync 1 DAGs
[2025-08-13T15:59:14.316+0000] {logging_mixin.py:150} INFO - [2025-08-13T15:59:14.316+0000] {dag.py:3504} INFO - Setting next_dagrun for example_python_operator to None, run_after=None
[2025-08-13T15:59:14.331+0000] {processor.py:179} INFO - Processing /home/vscode/.local/lib/python3.10/site-packages/airflow/example_dags/example_python_operator.py took 0.056 seconds
[2025-08-13T15:59:56.496+0000] {processor.py:157} INFO - Started process (PID=7267) to work on /home/vscode/.local/lib/python3.10/site-packages/airflow/example_dags/example_python_operator.py
[2025-08-13T15:59:56.497+0000] {processor.py:826} INFO - Processing file /home/vscode/.local/lib/python3.10/site-packages/airflow/example_dags/example_python_operator.py for tasks to queue
[2025-08-13T15:59:56.498+0000] {logging_mixin.py:150} INFO - [2025-08-13T15:59:56.497+0000] {dagbag.py:541} INFO - Filling up the DagBag from /home/vscode/.local/lib/python3.10/site-packages/airflow/example_dags/example_python_operator.py
[2025-08-13T15:59:56.505+0000] {processor.py:836} INFO - DAG(s) dict_keys(['example_python_operator']) retrieved from /home/vscode/.local/lib/python3.10/site-packages/airflow/example_dags/example_python_operator.py
[2025-08-13T15:59:56.519+0000] {logging_mixin.py:150} INFO - [2025-08-13T15:59:56.519+0000] {dag.py:2742} INFO - Sync 1 DAGs
[2025-08-13T15:59:56.533+0000] {logging_mixin.py:150} INFO - [2025-08-13T15:59:56.533+0000] {dag.py:3504} INFO - Setting next_dagrun for example_python_operator to None, run_after=None
[2025-08-13T15:59:56.548+0000] {processor.py:179} INFO - Processing /home/vscode/.local/lib/python3.10/site-packages/airflow/example_dags/example_python_operator.py took 0.054 seconds
[2025-08-13T16:01:35.384+0000] {processor.py:157} INFO - Started process (PID=8281) to work on /home/vscode/.local/lib/python3.10/site-packages/airflow/example_dags/example_python_operator.py
[2025-08-13T16:01:35.385+0000] {processor.py:826} INFO - Processing file /home/vscode/.local/lib/python3.10/site-packages/airflow/example_dags/example_python_operator.py for tasks to queue
[2025-08-13T16:01:35.385+0000] {logging_mixin.py:150} INFO - [2025-08-13T16:01:35.385+0000] {dagbag.py:541} INFO - Filling up the DagBag from /home/vscode/.local/lib/python3.10/site-packages/airflow/example_dags/example_python_operator.py
[2025-08-13T16:01:35.393+0000] {processor.py:836} INFO - DAG(s) dict_keys(['example_python_operator']) retrieved from /home/vscode/.local/lib/python3.10/site-packages/airflow/example_dags/example_python_operator.py
[2025-08-13T16:01:35.477+0000] {logging_mixin.py:150} INFO - [2025-08-13T16:01:35.477+0000] {dag.py:2742} INFO - Sync 1 DAGs
[2025-08-13T16:01:35.489+0000] {logging_mixin.py:150} INFO - [2025-08-13T16:01:35.489+0000] {dag.py:3504} INFO - Setting next_dagrun for example_python_operator to None, run_after=None
[2025-08-13T16:01:35.505+0000] {processor.py:179} INFO - Processing /home/vscode/.local/lib/python3.10/site-packages/airflow/example_dags/example_python_operator.py took 0.125 seconds
[2025-08-13T16:02:17.492+0000] {processor.py:157} INFO - Started process (PID=8573) to work on /home/vscode/.local/lib/python3.10/site-packages/airflow/example_dags/example_python_operator.py
[2025-08-13T16:02:17.493+0000] {processor.py:826} INFO - Processing file /home/vscode/.local/lib/python3.10/site-packages/airflow/example_dags/example_python_operator.py for tasks to queue
[2025-08-13T16:02:17.494+0000] {logging_mixin.py:150} INFO - [2025-08-13T16:02:17.493+0000] {dagbag.py:541} INFO - Filling up the DagBag from /home/vscode/.local/lib/python3.10/site-packages/airflow/example_dags/example_python_operator.py
[2025-08-13T16:02:17.501+0000] {processor.py:836} INFO - DAG(s) dict_keys(['example_python_operator']) retrieved from /home/vscode/.local/lib/python3.10/site-packages/airflow/example_dags/example_python_operator.py
[2025-08-13T16:02:17.516+0000] {logging_mixin.py:150} INFO - [2025-08-13T16:02:17.516+0000] {dag.py:2742} INFO - Sync 1 DAGs
[2025-08-13T16:02:17.537+0000] {logging_mixin.py:150} INFO - [2025-08-13T16:02:17.537+0000] {dag.py:3504} INFO - Setting next_dagrun for example_python_operator to None, run_after=None
[2025-08-13T16:02:17.560+0000] {processor.py:179} INFO - Processing /home/vscode/.local/lib/python3.10/site-packages/airflow/example_dags/example_python_operator.py took 0.069 seconds
[2025-08-13T16:03:02.767+0000] {processor.py:157} INFO - Started process (PID=8881) to work on /home/vscode/.local/lib/python3.10/site-packages/airflow/example_dags/example_python_operator.py
[2025-08-13T16:03:02.767+0000] {processor.py:826} INFO - Processing file /home/vscode/.local/lib/python3.10/site-packages/airflow/example_dags/example_python_operator.py for tasks to queue
[2025-08-13T16:03:02.768+0000] {logging_mixin.py:150} INFO - [2025-08-13T16:03:02.768+0000] {dagbag.py:541} INFO - Filling up the DagBag from /home/vscode/.local/lib/python3.10/site-packages/airflow/example_dags/example_python_operator.py
[2025-08-13T16:03:02.775+0000] {processor.py:836} INFO - DAG(s) dict_keys(['example_python_operator']) retrieved from /home/vscode/.local/lib/python3.10/site-packages/airflow/example_dags/example_python_operator.py
[2025-08-13T16:03:02.789+0000] {logging_mixin.py:150} INFO - [2025-08-13T16:03:02.789+0000] {dag.py:2742} INFO - Sync 1 DAGs
[2025-08-13T16:03:02.803+0000] {logging_mixin.py:150} INFO - [2025-08-13T16:03:02.803+0000] {dag.py:3504} INFO - Setting next_dagrun for example_python_operator to None, run_after=None
[2025-08-13T16:03:02.818+0000] {processor.py:179} INFO - Processing /home/vscode/.local/lib/python3.10/site-packages/airflow/example_dags/example_python_operator.py took 0.053 seconds
[2025-08-13T16:03:45.411+0000] {processor.py:157} INFO - Started process (PID=9186) to work on /home/vscode/.local/lib/python3.10/site-packages/airflow/example_dags/example_python_operator.py
[2025-08-13T16:03:45.412+0000] {processor.py:826} INFO - Processing file /home/vscode/.local/lib/python3.10/site-packages/airflow/example_dags/example_python_operator.py for tasks to queue
[2025-08-13T16:03:45.413+0000] {logging_mixin.py:150} INFO - [2025-08-13T16:03:45.412+0000] {dagbag.py:541} INFO - Filling up the DagBag from /home/vscode/.local/lib/python3.10/site-packages/airflow/example_dags/example_python_operator.py
[2025-08-13T16:03:45.421+0000] {processor.py:836} INFO - DAG(s) dict_keys(['example_python_operator']) retrieved from /home/vscode/.local/lib/python3.10/site-packages/airflow/example_dags/example_python_operator.py
[2025-08-13T16:03:45.435+0000] {logging_mixin.py:150} INFO - [2025-08-13T16:03:45.435+0000] {dag.py:2742} INFO - Sync 1 DAGs
[2025-08-13T16:03:45.450+0000] {logging_mixin.py:150} INFO - [2025-08-13T16:03:45.450+0000] {dag.py:3504} INFO - Setting next_dagrun for example_python_operator to None, run_after=None
[2025-08-13T16:03:45.465+0000] {processor.py:179} INFO - Processing /home/vscode/.local/lib/python3.10/site-packages/airflow/example_dags/example_python_operator.py took 0.056 seconds
[2025-08-13T16:04:29.394+0000] {processor.py:157} INFO - Started process (PID=9506) to work on /home/vscode/.local/lib/python3.10/site-packages/airflow/example_dags/example_python_operator.py
[2025-08-13T16:04:29.394+0000] {processor.py:826} INFO - Processing file /home/vscode/.local/lib/python3.10/site-packages/airflow/example_dags/example_python_operator.py for tasks to queue
[2025-08-13T16:04:29.395+0000] {logging_mixin.py:150} INFO - [2025-08-13T16:04:29.395+0000] {dagbag.py:541} INFO - Filling up the DagBag from /home/vscode/.local/lib/python3.10/site-packages/airflow/example_dags/example_python_operator.py
[2025-08-13T16:04:29.406+0000] {processor.py:836} INFO - DAG(s) dict_keys(['example_python_operator']) retrieved from /home/vscode/.local/lib/python3.10/site-packages/airflow/example_dags/example_python_operator.py
[2025-08-13T16:04:29.421+0000] {logging_mixin.py:150} INFO - [2025-08-13T16:04:29.420+0000] {dag.py:2742} INFO - Sync 1 DAGs
[2025-08-13T16:04:29.435+0000] {logging_mixin.py:150} INFO - [2025-08-13T16:04:29.435+0000] {dag.py:3504} INFO - Setting next_dagrun for example_python_operator to None, run_after=None
[2025-08-13T16:04:29.450+0000] {processor.py:179} INFO - Processing /home/vscode/.local/lib/python3.10/site-packages/airflow/example_dags/example_python_operator.py took 0.058 seconds
[2025-08-13T16:05:19.120+0000] {processor.py:157} INFO - Started process (PID=9838) to work on /home/vscode/.local/lib/python3.10/site-packages/airflow/example_dags/example_python_operator.py
[2025-08-13T16:05:19.121+0000] {processor.py:826} INFO - Processing file /home/vscode/.local/lib/python3.10/site-packages/airflow/example_dags/example_python_operator.py for tasks to queue
[2025-08-13T16:05:19.122+0000] {logging_mixin.py:150} INFO - [2025-08-13T16:05:19.121+0000] {dagbag.py:541} INFO - Filling up the DagBag from /home/vscode/.local/lib/python3.10/site-packages/airflow/example_dags/example_python_operator.py
[2025-08-13T16:05:19.129+0000] {processor.py:836} INFO - DAG(s) dict_keys(['example_python_operator']) retrieved from /home/vscode/.local/lib/python3.10/site-packages/airflow/example_dags/example_python_operator.py
[2025-08-13T16:05:19.143+0000] {logging_mixin.py:150} INFO - [2025-08-13T16:05:19.143+0000] {dag.py:2742} INFO - Sync 1 DAGs
[2025-08-13T16:05:19.157+0000] {logging_mixin.py:150} INFO - [2025-08-13T16:05:19.157+0000] {dag.py:3504} INFO - Setting next_dagrun for example_python_operator to None, run_after=None
[2025-08-13T16:05:19.173+0000] {processor.py:179} INFO - Processing /home/vscode/.local/lib/python3.10/site-packages/airflow/example_dags/example_python_operator.py took 0.055 seconds
[2025-08-13T16:06:07.580+0000] {processor.py:157} INFO - Started process (PID=10245) to work on /home/vscode/.local/lib/python3.10/site-packages/airflow/example_dags/example_python_operator.py
[2025-08-13T16:06:07.581+0000] {processor.py:826} INFO - Processing file /home/vscode/.local/lib/python3.10/site-packages/airflow/example_dags/example_python_operator.py for tasks to queue
[2025-08-13T16:06:07.582+0000] {logging_mixin.py:150} INFO - [2025-08-13T16:06:07.582+0000] {dagbag.py:541} INFO - Filling up the DagBag from /home/vscode/.local/lib/python3.10/site-packages/airflow/example_dags/example_python_operator.py
[2025-08-13T16:06:07.590+0000] {processor.py:836} INFO - DAG(s) dict_keys(['example_python_operator']) retrieved from /home/vscode/.local/lib/python3.10/site-packages/airflow/example_dags/example_python_operator.py
[2025-08-13T16:06:07.605+0000] {logging_mixin.py:150} INFO - [2025-08-13T16:06:07.605+0000] {dag.py:2742} INFO - Sync 1 DAGs
[2025-08-13T16:06:07.620+0000] {logging_mixin.py:150} INFO - [2025-08-13T16:06:07.620+0000] {dag.py:3504} INFO - Setting next_dagrun for example_python_operator to None, run_after=None
[2025-08-13T16:06:07.636+0000] {processor.py:179} INFO - Processing /home/vscode/.local/lib/python3.10/site-packages/airflow/example_dags/example_python_operator.py took 0.058 seconds
[2025-08-13T16:06:53.787+0000] {processor.py:157} INFO - Started process (PID=10555) to work on /home/vscode/.local/lib/python3.10/site-packages/airflow/example_dags/example_python_operator.py
[2025-08-13T16:06:53.788+0000] {processor.py:826} INFO - Processing file /home/vscode/.local/lib/python3.10/site-packages/airflow/example_dags/example_python_operator.py for tasks to queue
[2025-08-13T16:06:53.789+0000] {logging_mixin.py:150} INFO - [2025-08-13T16:06:53.789+0000] {dagbag.py:541} INFO - Filling up the DagBag from /home/vscode/.local/lib/python3.10/site-packages/airflow/example_dags/example_python_operator.py
[2025-08-13T16:06:53.796+0000] {processor.py:836} INFO - DAG(s) dict_keys(['example_python_operator']) retrieved from /home/vscode/.local/lib/python3.10/site-packages/airflow/example_dags/example_python_operator.py
[2025-08-13T16:06:53.811+0000] {logging_mixin.py:150} INFO - [2025-08-13T16:06:53.810+0000] {dag.py:2742} INFO - Sync 1 DAGs
[2025-08-13T16:06:53.828+0000] {logging_mixin.py:150} INFO - [2025-08-13T16:06:53.828+0000] {dag.py:3504} INFO - Setting next_dagrun for example_python_operator to None, run_after=None
[2025-08-13T16:06:53.846+0000] {processor.py:179} INFO - Processing /home/vscode/.local/lib/python3.10/site-packages/airflow/example_dags/example_python_operator.py took 0.060 seconds
[2025-08-13T16:07:36.477+0000] {processor.py:157} INFO - Started process (PID=10865) to work on /home/vscode/.local/lib/python3.10/site-packages/airflow/example_dags/example_python_operator.py
[2025-08-13T16:07:36.477+0000] {processor.py:826} INFO - Processing file /home/vscode/.local/lib/python3.10/site-packages/airflow/example_dags/example_python_operator.py for tasks to queue
[2025-08-13T16:07:36.478+0000] {logging_mixin.py:150} INFO - [2025-08-13T16:07:36.478+0000] {dagbag.py:541} INFO - Filling up the DagBag from /home/vscode/.local/lib/python3.10/site-packages/airflow/example_dags/example_python_operator.py
[2025-08-13T16:07:36.486+0000] {processor.py:836} INFO - DAG(s) dict_keys(['example_python_operator']) retrieved from /home/vscode/.local/lib/python3.10/site-packages/airflow/example_dags/example_python_operator.py
[2025-08-13T16:07:36.499+0000] {logging_mixin.py:150} INFO - [2025-08-13T16:07:36.499+0000] {dag.py:2742} INFO - Sync 1 DAGs
[2025-08-13T16:07:36.513+0000] {logging_mixin.py:150} INFO - [2025-08-13T16:07:36.513+0000] {dag.py:3504} INFO - Setting next_dagrun for example_python_operator to None, run_after=None
[2025-08-13T16:07:36.529+0000] {processor.py:179} INFO - Processing /home/vscode/.local/lib/python3.10/site-packages/airflow/example_dags/example_python_operator.py took 0.055 seconds
