[2025-08-13T15:49:26.040+0000] {processor.py:157} INFO - Started process (PID=2237) to work on /home/vscode/.local/lib/python3.10/site-packages/airflow/example_dags/example_branch_datetime_operator.py
[2025-08-13T15:49:26.040+0000] {processor.py:826} INFO - Processing file /home/vscode/.local/lib/python3.10/site-packages/airflow/example_dags/example_branch_datetime_operator.py for tasks to queue
[2025-08-13T15:49:26.041+0000] {logging_mixin.py:150} INFO - [2025-08-13T15:49:26.041+0000] {dagbag.py:541} INFO - Filling up the DagBag from /home/vscode/.local/lib/python3.10/site-packages/airflow/example_dags/example_branch_datetime_operator.py
[2025-08-13T15:49:26.048+0000] {processor.py:836} INFO - DAG(s) dict_keys(['example_branch_datetime_operator_2', 'example_branch_datetime_operator_3', 'example_branch_datetime_operator']) retrieved from /home/vscode/.local/lib/python3.10/site-packages/airflow/example_dags/example_branch_datetime_operator.py
[2025-08-13T15:49:26.064+0000] {logging_mixin.py:150} INFO - [2025-08-13T15:49:26.064+0000] {dag.py:2742} INFO - Sync 3 DAGs
[2025-08-13T15:49:26.080+0000] {logging_mixin.py:150} INFO - [2025-08-13T15:49:26.080+0000] {dag.py:3504} INFO - Setting next_dagrun for example_branch_datetime_operator to 2025-08-12T00:00:00+00:00, run_after=2025-08-13T00:00:00+00:00
[2025-08-13T15:49:26.083+0000] {logging_mixin.py:150} INFO - [2025-08-13T15:49:26.083+0000] {dag.py:3504} INFO - Setting next_dagrun for example_branch_datetime_operator_2 to 2025-08-12T00:00:00+00:00, run_after=2025-08-13T00:00:00+00:00
[2025-08-13T15:49:26.085+0000] {logging_mixin.py:150} INFO - [2025-08-13T15:49:26.085+0000] {dag.py:3504} INFO - Setting next_dagrun for example_branch_datetime_operator_3 to 2025-08-12T00:00:00+00:00, run_after=2025-08-13T00:00:00+00:00
[2025-08-13T15:49:26.099+0000] {processor.py:179} INFO - Processing /home/vscode/.local/lib/python3.10/site-packages/airflow/example_dags/example_branch_datetime_operator.py took 0.061 seconds
[2025-08-13T15:50:19.151+0000] {processor.py:157} INFO - Started process (PID=2688) to work on /home/vscode/.local/lib/python3.10/site-packages/airflow/example_dags/example_branch_datetime_operator.py
[2025-08-13T15:50:19.152+0000] {processor.py:826} INFO - Processing file /home/vscode/.local/lib/python3.10/site-packages/airflow/example_dags/example_branch_datetime_operator.py for tasks to queue
[2025-08-13T15:50:19.153+0000] {logging_mixin.py:150} INFO - [2025-08-13T15:50:19.152+0000] {dagbag.py:541} INFO - Filling up the DagBag from /home/vscode/.local/lib/python3.10/site-packages/airflow/example_dags/example_branch_datetime_operator.py
[2025-08-13T15:50:19.162+0000] {processor.py:836} INFO - DAG(s) dict_keys(['example_branch_datetime_operator_3', 'example_branch_datetime_operator_2', 'example_branch_datetime_operator']) retrieved from /home/vscode/.local/lib/python3.10/site-packages/airflow/example_dags/example_branch_datetime_operator.py
[2025-08-13T15:50:19.189+0000] {logging_mixin.py:150} INFO - [2025-08-13T15:50:19.189+0000] {dag.py:2742} INFO - Sync 3 DAGs
[2025-08-13T15:50:19.207+0000] {logging_mixin.py:150} INFO - [2025-08-13T15:50:19.207+0000] {dag.py:3504} INFO - Setting next_dagrun for example_branch_datetime_operator to 2025-08-12T00:00:00+00:00, run_after=2025-08-13T00:00:00+00:00
[2025-08-13T15:50:19.210+0000] {logging_mixin.py:150} INFO - [2025-08-13T15:50:19.210+0000] {dag.py:3504} INFO - Setting next_dagrun for example_branch_datetime_operator_2 to 2025-08-12T00:00:00+00:00, run_after=2025-08-13T00:00:00+00:00
[2025-08-13T15:50:19.212+0000] {logging_mixin.py:150} INFO - [2025-08-13T15:50:19.212+0000] {dag.py:3504} INFO - Setting next_dagrun for example_branch_datetime_operator_3 to 2025-08-12T00:00:00+00:00, run_after=2025-08-13T00:00:00+00:00
[2025-08-13T15:50:19.232+0000] {processor.py:179} INFO - Processing /home/vscode/.local/lib/python3.10/site-packages/airflow/example_dags/example_branch_datetime_operator.py took 0.082 seconds
[2025-08-13T15:51:14.487+0000] {processor.py:157} INFO - Started process (PID=3185) to work on /home/vscode/.local/lib/python3.10/site-packages/airflow/example_dags/example_branch_datetime_operator.py
[2025-08-13T15:51:14.488+0000] {processor.py:826} INFO - Processing file /home/vscode/.local/lib/python3.10/site-packages/airflow/example_dags/example_branch_datetime_operator.py for tasks to queue
[2025-08-13T15:51:14.488+0000] {logging_mixin.py:150} INFO - [2025-08-13T15:51:14.488+0000] {dagbag.py:541} INFO - Filling up the DagBag from /home/vscode/.local/lib/python3.10/site-packages/airflow/example_dags/example_branch_datetime_operator.py
[2025-08-13T15:51:14.496+0000] {processor.py:836} INFO - DAG(s) dict_keys(['example_branch_datetime_operator', 'example_branch_datetime_operator_3', 'example_branch_datetime_operator_2']) retrieved from /home/vscode/.local/lib/python3.10/site-packages/airflow/example_dags/example_branch_datetime_operator.py
[2025-08-13T15:51:14.514+0000] {logging_mixin.py:150} INFO - [2025-08-13T15:51:14.513+0000] {dag.py:2742} INFO - Sync 3 DAGs
[2025-08-13T15:51:14.530+0000] {logging_mixin.py:150} INFO - [2025-08-13T15:51:14.529+0000] {dag.py:3504} INFO - Setting next_dagrun for example_branch_datetime_operator to 2025-08-12T00:00:00+00:00, run_after=2025-08-13T00:00:00+00:00
[2025-08-13T15:51:14.533+0000] {logging_mixin.py:150} INFO - [2025-08-13T15:51:14.533+0000] {dag.py:3504} INFO - Setting next_dagrun for example_branch_datetime_operator_2 to 2025-08-12T00:00:00+00:00, run_after=2025-08-13T00:00:00+00:00
[2025-08-13T15:51:14.535+0000] {logging_mixin.py:150} INFO - [2025-08-13T15:51:14.535+0000] {dag.py:3504} INFO - Setting next_dagrun for example_branch_datetime_operator_3 to 2025-08-12T00:00:00+00:00, run_after=2025-08-13T00:00:00+00:00
[2025-08-13T15:51:14.552+0000] {processor.py:179} INFO - Processing /home/vscode/.local/lib/python3.10/site-packages/airflow/example_dags/example_branch_datetime_operator.py took 0.068 seconds
[2025-08-13T15:52:00.733+0000] {processor.py:157} INFO - Started process (PID=3504) to work on /home/vscode/.local/lib/python3.10/site-packages/airflow/example_dags/example_branch_datetime_operator.py
[2025-08-13T15:52:00.734+0000] {processor.py:826} INFO - Processing file /home/vscode/.local/lib/python3.10/site-packages/airflow/example_dags/example_branch_datetime_operator.py for tasks to queue
[2025-08-13T15:52:00.735+0000] {logging_mixin.py:150} INFO - [2025-08-13T15:52:00.735+0000] {dagbag.py:541} INFO - Filling up the DagBag from /home/vscode/.local/lib/python3.10/site-packages/airflow/example_dags/example_branch_datetime_operator.py
[2025-08-13T15:52:00.742+0000] {processor.py:836} INFO - DAG(s) dict_keys(['example_branch_datetime_operator', 'example_branch_datetime_operator_2', 'example_branch_datetime_operator_3']) retrieved from /home/vscode/.local/lib/python3.10/site-packages/airflow/example_dags/example_branch_datetime_operator.py
[2025-08-13T15:52:00.759+0000] {logging_mixin.py:150} INFO - [2025-08-13T15:52:00.759+0000] {dag.py:2742} INFO - Sync 3 DAGs
[2025-08-13T15:52:00.776+0000] {logging_mixin.py:150} INFO - [2025-08-13T15:52:00.776+0000] {dag.py:3504} INFO - Setting next_dagrun for example_branch_datetime_operator to 2025-08-12T00:00:00+00:00, run_after=2025-08-13T00:00:00+00:00
[2025-08-13T15:52:00.779+0000] {logging_mixin.py:150} INFO - [2025-08-13T15:52:00.779+0000] {dag.py:3504} INFO - Setting next_dagrun for example_branch_datetime_operator_2 to 2025-08-12T00:00:00+00:00, run_after=2025-08-13T00:00:00+00:00
[2025-08-13T15:52:00.781+0000] {logging_mixin.py:150} INFO - [2025-08-13T15:52:00.781+0000] {dag.py:3504} INFO - Setting next_dagrun for example_branch_datetime_operator_3 to 2025-08-12T00:00:00+00:00, run_after=2025-08-13T00:00:00+00:00
[2025-08-13T15:52:00.796+0000] {processor.py:179} INFO - Processing /home/vscode/.local/lib/python3.10/site-packages/airflow/example_dags/example_branch_datetime_operator.py took 0.064 seconds
[2025-08-13T15:52:52.254+0000] {processor.py:157} INFO - Started process (PID=4095) to work on /home/vscode/.local/lib/python3.10/site-packages/airflow/example_dags/example_branch_datetime_operator.py
[2025-08-13T15:52:52.255+0000] {processor.py:826} INFO - Processing file /home/vscode/.local/lib/python3.10/site-packages/airflow/example_dags/example_branch_datetime_operator.py for tasks to queue
[2025-08-13T15:52:52.256+0000] {logging_mixin.py:150} INFO - [2025-08-13T15:52:52.255+0000] {dagbag.py:541} INFO - Filling up the DagBag from /home/vscode/.local/lib/python3.10/site-packages/airflow/example_dags/example_branch_datetime_operator.py
[2025-08-13T15:52:52.263+0000] {processor.py:836} INFO - DAG(s) dict_keys(['example_branch_datetime_operator_3', 'example_branch_datetime_operator', 'example_branch_datetime_operator_2']) retrieved from /home/vscode/.local/lib/python3.10/site-packages/airflow/example_dags/example_branch_datetime_operator.py
[2025-08-13T15:52:52.279+0000] {logging_mixin.py:150} INFO - [2025-08-13T15:52:52.279+0000] {dag.py:2742} INFO - Sync 3 DAGs
[2025-08-13T15:52:52.294+0000] {logging_mixin.py:150} INFO - [2025-08-13T15:52:52.294+0000] {dag.py:3504} INFO - Setting next_dagrun for example_branch_datetime_operator to 2025-08-12T00:00:00+00:00, run_after=2025-08-13T00:00:00+00:00
[2025-08-13T15:52:52.297+0000] {logging_mixin.py:150} INFO - [2025-08-13T15:52:52.297+0000] {dag.py:3504} INFO - Setting next_dagrun for example_branch_datetime_operator_2 to 2025-08-12T00:00:00+00:00, run_after=2025-08-13T00:00:00+00:00
[2025-08-13T15:52:52.299+0000] {logging_mixin.py:150} INFO - [2025-08-13T15:52:52.299+0000] {dag.py:3504} INFO - Setting next_dagrun for example_branch_datetime_operator_3 to 2025-08-12T00:00:00+00:00, run_after=2025-08-13T00:00:00+00:00
[2025-08-13T15:52:52.313+0000] {processor.py:179} INFO - Processing /home/vscode/.local/lib/python3.10/site-packages/airflow/example_dags/example_branch_datetime_operator.py took 0.061 seconds
[2025-08-13T15:53:39.635+0000] {processor.py:157} INFO - Started process (PID=4428) to work on /home/vscode/.local/lib/python3.10/site-packages/airflow/example_dags/example_branch_datetime_operator.py
[2025-08-13T15:53:39.635+0000] {processor.py:826} INFO - Processing file /home/vscode/.local/lib/python3.10/site-packages/airflow/example_dags/example_branch_datetime_operator.py for tasks to queue
[2025-08-13T15:53:39.636+0000] {logging_mixin.py:150} INFO - [2025-08-13T15:53:39.636+0000] {dagbag.py:541} INFO - Filling up the DagBag from /home/vscode/.local/lib/python3.10/site-packages/airflow/example_dags/example_branch_datetime_operator.py
[2025-08-13T15:53:39.643+0000] {processor.py:836} INFO - DAG(s) dict_keys(['example_branch_datetime_operator', 'example_branch_datetime_operator_3', 'example_branch_datetime_operator_2']) retrieved from /home/vscode/.local/lib/python3.10/site-packages/airflow/example_dags/example_branch_datetime_operator.py
[2025-08-13T15:53:39.660+0000] {logging_mixin.py:150} INFO - [2025-08-13T15:53:39.659+0000] {dag.py:2742} INFO - Sync 3 DAGs
[2025-08-13T15:53:39.675+0000] {logging_mixin.py:150} INFO - [2025-08-13T15:53:39.675+0000] {dag.py:3504} INFO - Setting next_dagrun for example_branch_datetime_operator to 2025-08-12T00:00:00+00:00, run_after=2025-08-13T00:00:00+00:00
[2025-08-13T15:53:39.678+0000] {logging_mixin.py:150} INFO - [2025-08-13T15:53:39.678+0000] {dag.py:3504} INFO - Setting next_dagrun for example_branch_datetime_operator_2 to 2025-08-12T00:00:00+00:00, run_after=2025-08-13T00:00:00+00:00
[2025-08-13T15:53:39.680+0000] {logging_mixin.py:150} INFO - [2025-08-13T15:53:39.680+0000] {dag.py:3504} INFO - Setting next_dagrun for example_branch_datetime_operator_3 to 2025-08-12T00:00:00+00:00, run_after=2025-08-13T00:00:00+00:00
[2025-08-13T15:53:39.695+0000] {processor.py:179} INFO - Processing /home/vscode/.local/lib/python3.10/site-packages/airflow/example_dags/example_branch_datetime_operator.py took 0.062 seconds
[2025-08-13T15:54:32.465+0000] {processor.py:157} INFO - Started process (PID=4826) to work on /home/vscode/.local/lib/python3.10/site-packages/airflow/example_dags/example_branch_datetime_operator.py
[2025-08-13T15:54:32.465+0000] {processor.py:826} INFO - Processing file /home/vscode/.local/lib/python3.10/site-packages/airflow/example_dags/example_branch_datetime_operator.py for tasks to queue
[2025-08-13T15:54:32.466+0000] {logging_mixin.py:150} INFO - [2025-08-13T15:54:32.466+0000] {dagbag.py:541} INFO - Filling up the DagBag from /home/vscode/.local/lib/python3.10/site-packages/airflow/example_dags/example_branch_datetime_operator.py
[2025-08-13T15:54:32.473+0000] {processor.py:836} INFO - DAG(s) dict_keys(['example_branch_datetime_operator', 'example_branch_datetime_operator_2', 'example_branch_datetime_operator_3']) retrieved from /home/vscode/.local/lib/python3.10/site-packages/airflow/example_dags/example_branch_datetime_operator.py
[2025-08-13T15:54:32.489+0000] {logging_mixin.py:150} INFO - [2025-08-13T15:54:32.489+0000] {dag.py:2742} INFO - Sync 3 DAGs
[2025-08-13T15:54:32.505+0000] {logging_mixin.py:150} INFO - [2025-08-13T15:54:32.505+0000] {dag.py:3504} INFO - Setting next_dagrun for example_branch_datetime_operator to 2025-08-12T00:00:00+00:00, run_after=2025-08-13T00:00:00+00:00
[2025-08-13T15:54:32.508+0000] {logging_mixin.py:150} INFO - [2025-08-13T15:54:32.508+0000] {dag.py:3504} INFO - Setting next_dagrun for example_branch_datetime_operator_2 to 2025-08-12T00:00:00+00:00, run_after=2025-08-13T00:00:00+00:00
[2025-08-13T15:54:32.510+0000] {logging_mixin.py:150} INFO - [2025-08-13T15:54:32.509+0000] {dag.py:3504} INFO - Setting next_dagrun for example_branch_datetime_operator_3 to 2025-08-12T00:00:00+00:00, run_after=2025-08-13T00:00:00+00:00
[2025-08-13T15:54:32.523+0000] {processor.py:179} INFO - Processing /home/vscode/.local/lib/python3.10/site-packages/airflow/example_dags/example_branch_datetime_operator.py took 0.060 seconds
[2025-08-13T15:55:23.882+0000] {processor.py:157} INFO - Started process (PID=5178) to work on /home/vscode/.local/lib/python3.10/site-packages/airflow/example_dags/example_branch_datetime_operator.py
[2025-08-13T15:55:23.882+0000] {processor.py:826} INFO - Processing file /home/vscode/.local/lib/python3.10/site-packages/airflow/example_dags/example_branch_datetime_operator.py for tasks to queue
[2025-08-13T15:55:23.883+0000] {logging_mixin.py:150} INFO - [2025-08-13T15:55:23.883+0000] {dagbag.py:541} INFO - Filling up the DagBag from /home/vscode/.local/lib/python3.10/site-packages/airflow/example_dags/example_branch_datetime_operator.py
[2025-08-13T15:55:23.890+0000] {processor.py:836} INFO - DAG(s) dict_keys(['example_branch_datetime_operator_2', 'example_branch_datetime_operator', 'example_branch_datetime_operator_3']) retrieved from /home/vscode/.local/lib/python3.10/site-packages/airflow/example_dags/example_branch_datetime_operator.py
[2025-08-13T15:55:23.907+0000] {logging_mixin.py:150} INFO - [2025-08-13T15:55:23.907+0000] {dag.py:2742} INFO - Sync 3 DAGs
[2025-08-13T15:55:23.923+0000] {logging_mixin.py:150} INFO - [2025-08-13T15:55:23.922+0000] {dag.py:3504} INFO - Setting next_dagrun for example_branch_datetime_operator to 2025-08-12T00:00:00+00:00, run_after=2025-08-13T00:00:00+00:00
[2025-08-13T15:55:23.926+0000] {logging_mixin.py:150} INFO - [2025-08-13T15:55:23.926+0000] {dag.py:3504} INFO - Setting next_dagrun for example_branch_datetime_operator_2 to 2025-08-12T00:00:00+00:00, run_after=2025-08-13T00:00:00+00:00
[2025-08-13T15:55:23.927+0000] {logging_mixin.py:150} INFO - [2025-08-13T15:55:23.927+0000] {dag.py:3504} INFO - Setting next_dagrun for example_branch_datetime_operator_3 to 2025-08-12T00:00:00+00:00, run_after=2025-08-13T00:00:00+00:00
[2025-08-13T15:55:23.941+0000] {processor.py:179} INFO - Processing /home/vscode/.local/lib/python3.10/site-packages/airflow/example_dags/example_branch_datetime_operator.py took 0.061 seconds
[2025-08-13T15:56:21.667+0000] {processor.py:157} INFO - Started process (PID=5666) to work on /home/vscode/.local/lib/python3.10/site-packages/airflow/example_dags/example_branch_datetime_operator.py
[2025-08-13T15:56:21.668+0000] {processor.py:826} INFO - Processing file /home/vscode/.local/lib/python3.10/site-packages/airflow/example_dags/example_branch_datetime_operator.py for tasks to queue
[2025-08-13T15:56:21.669+0000] {logging_mixin.py:150} INFO - [2025-08-13T15:56:21.668+0000] {dagbag.py:541} INFO - Filling up the DagBag from /home/vscode/.local/lib/python3.10/site-packages/airflow/example_dags/example_branch_datetime_operator.py
[2025-08-13T15:56:21.676+0000] {processor.py:836} INFO - DAG(s) dict_keys(['example_branch_datetime_operator', 'example_branch_datetime_operator_2', 'example_branch_datetime_operator_3']) retrieved from /home/vscode/.local/lib/python3.10/site-packages/airflow/example_dags/example_branch_datetime_operator.py
[2025-08-13T15:56:21.693+0000] {logging_mixin.py:150} INFO - [2025-08-13T15:56:21.693+0000] {dag.py:2742} INFO - Sync 3 DAGs
[2025-08-13T15:56:21.709+0000] {logging_mixin.py:150} INFO - [2025-08-13T15:56:21.709+0000] {dag.py:3504} INFO - Setting next_dagrun for example_branch_datetime_operator to 2025-08-12T00:00:00+00:00, run_after=2025-08-13T00:00:00+00:00
[2025-08-13T15:56:21.712+0000] {logging_mixin.py:150} INFO - [2025-08-13T15:56:21.712+0000] {dag.py:3504} INFO - Setting next_dagrun for example_branch_datetime_operator_2 to 2025-08-12T00:00:00+00:00, run_after=2025-08-13T00:00:00+00:00
[2025-08-13T15:56:21.714+0000] {logging_mixin.py:150} INFO - [2025-08-13T15:56:21.714+0000] {dag.py:3504} INFO - Setting next_dagrun for example_branch_datetime_operator_3 to 2025-08-12T00:00:00+00:00, run_after=2025-08-13T00:00:00+00:00
[2025-08-13T15:56:21.729+0000] {processor.py:179} INFO - Processing /home/vscode/.local/lib/python3.10/site-packages/airflow/example_dags/example_branch_datetime_operator.py took 0.064 seconds
[2025-08-13T15:57:08.062+0000] {processor.py:157} INFO - Started process (PID=6131) to work on /home/vscode/.local/lib/python3.10/site-packages/airflow/example_dags/example_branch_datetime_operator.py
[2025-08-13T15:57:08.063+0000] {processor.py:826} INFO - Processing file /home/vscode/.local/lib/python3.10/site-packages/airflow/example_dags/example_branch_datetime_operator.py for tasks to queue
[2025-08-13T15:57:08.063+0000] {logging_mixin.py:150} INFO - [2025-08-13T15:57:08.063+0000] {dagbag.py:541} INFO - Filling up the DagBag from /home/vscode/.local/lib/python3.10/site-packages/airflow/example_dags/example_branch_datetime_operator.py
[2025-08-13T15:57:08.072+0000] {processor.py:836} INFO - DAG(s) dict_keys(['example_branch_datetime_operator_3', 'example_branch_datetime_operator', 'example_branch_datetime_operator_2']) retrieved from /home/vscode/.local/lib/python3.10/site-packages/airflow/example_dags/example_branch_datetime_operator.py
[2025-08-13T15:57:08.089+0000] {logging_mixin.py:150} INFO - [2025-08-13T15:57:08.089+0000] {dag.py:2742} INFO - Sync 3 DAGs
[2025-08-13T15:57:08.105+0000] {logging_mixin.py:150} INFO - [2025-08-13T15:57:08.105+0000] {dag.py:3504} INFO - Setting next_dagrun for example_branch_datetime_operator to 2025-08-12T00:00:00+00:00, run_after=2025-08-13T00:00:00+00:00
[2025-08-13T15:57:08.109+0000] {logging_mixin.py:150} INFO - [2025-08-13T15:57:08.109+0000] {dag.py:3504} INFO - Setting next_dagrun for example_branch_datetime_operator_2 to 2025-08-12T00:00:00+00:00, run_after=2025-08-13T00:00:00+00:00
[2025-08-13T15:57:08.111+0000] {logging_mixin.py:150} INFO - [2025-08-13T15:57:08.110+0000] {dag.py:3504} INFO - Setting next_dagrun for example_branch_datetime_operator_3 to 2025-08-12T00:00:00+00:00, run_after=2025-08-13T00:00:00+00:00
[2025-08-13T15:57:08.124+0000] {processor.py:179} INFO - Processing /home/vscode/.local/lib/python3.10/site-packages/airflow/example_dags/example_branch_datetime_operator.py took 0.065 seconds
[2025-08-13T15:58:06.141+0000] {processor.py:157} INFO - Started process (PID=6512) to work on /home/vscode/.local/lib/python3.10/site-packages/airflow/example_dags/example_branch_datetime_operator.py
[2025-08-13T15:58:06.141+0000] {processor.py:826} INFO - Processing file /home/vscode/.local/lib/python3.10/site-packages/airflow/example_dags/example_branch_datetime_operator.py for tasks to queue
[2025-08-13T15:58:06.142+0000] {logging_mixin.py:150} INFO - [2025-08-13T15:58:06.142+0000] {dagbag.py:541} INFO - Filling up the DagBag from /home/vscode/.local/lib/python3.10/site-packages/airflow/example_dags/example_branch_datetime_operator.py
[2025-08-13T15:58:06.149+0000] {processor.py:836} INFO - DAG(s) dict_keys(['example_branch_datetime_operator_3', 'example_branch_datetime_operator_2', 'example_branch_datetime_operator']) retrieved from /home/vscode/.local/lib/python3.10/site-packages/airflow/example_dags/example_branch_datetime_operator.py
[2025-08-13T15:58:06.166+0000] {logging_mixin.py:150} INFO - [2025-08-13T15:58:06.166+0000] {dag.py:2742} INFO - Sync 3 DAGs
[2025-08-13T15:58:06.182+0000] {logging_mixin.py:150} INFO - [2025-08-13T15:58:06.182+0000] {dag.py:3504} INFO - Setting next_dagrun for example_branch_datetime_operator to 2025-08-12T00:00:00+00:00, run_after=2025-08-13T00:00:00+00:00
[2025-08-13T15:58:06.186+0000] {logging_mixin.py:150} INFO - [2025-08-13T15:58:06.185+0000] {dag.py:3504} INFO - Setting next_dagrun for example_branch_datetime_operator_2 to 2025-08-12T00:00:00+00:00, run_after=2025-08-13T00:00:00+00:00
[2025-08-13T15:58:06.187+0000] {logging_mixin.py:150} INFO - [2025-08-13T15:58:06.187+0000] {dag.py:3504} INFO - Setting next_dagrun for example_branch_datetime_operator_3 to 2025-08-12T00:00:00+00:00, run_after=2025-08-13T00:00:00+00:00
[2025-08-13T15:58:06.201+0000] {processor.py:179} INFO - Processing /home/vscode/.local/lib/python3.10/site-packages/airflow/example_dags/example_branch_datetime_operator.py took 0.062 seconds
[2025-08-13T15:58:46.409+0000] {processor.py:157} INFO - Started process (PID=6785) to work on /home/vscode/.local/lib/python3.10/site-packages/airflow/example_dags/example_branch_datetime_operator.py
[2025-08-13T15:58:46.409+0000] {processor.py:826} INFO - Processing file /home/vscode/.local/lib/python3.10/site-packages/airflow/example_dags/example_branch_datetime_operator.py for tasks to queue
[2025-08-13T15:58:46.410+0000] {logging_mixin.py:150} INFO - [2025-08-13T15:58:46.410+0000] {dagbag.py:541} INFO - Filling up the DagBag from /home/vscode/.local/lib/python3.10/site-packages/airflow/example_dags/example_branch_datetime_operator.py
[2025-08-13T15:58:46.417+0000] {processor.py:836} INFO - DAG(s) dict_keys(['example_branch_datetime_operator_3', 'example_branch_datetime_operator', 'example_branch_datetime_operator_2']) retrieved from /home/vscode/.local/lib/python3.10/site-packages/airflow/example_dags/example_branch_datetime_operator.py
[2025-08-13T15:58:46.433+0000] {logging_mixin.py:150} INFO - [2025-08-13T15:58:46.433+0000] {dag.py:2742} INFO - Sync 3 DAGs
[2025-08-13T15:58:46.449+0000] {logging_mixin.py:150} INFO - [2025-08-13T15:58:46.449+0000] {dag.py:3504} INFO - Setting next_dagrun for example_branch_datetime_operator to 2025-08-12T00:00:00+00:00, run_after=2025-08-13T00:00:00+00:00
[2025-08-13T15:58:46.452+0000] {logging_mixin.py:150} INFO - [2025-08-13T15:58:46.452+0000] {dag.py:3504} INFO - Setting next_dagrun for example_branch_datetime_operator_2 to 2025-08-12T00:00:00+00:00, run_after=2025-08-13T00:00:00+00:00
[2025-08-13T15:58:46.454+0000] {logging_mixin.py:150} INFO - [2025-08-13T15:58:46.454+0000] {dag.py:3504} INFO - Setting next_dagrun for example_branch_datetime_operator_3 to 2025-08-12T00:00:00+00:00, run_after=2025-08-13T00:00:00+00:00
[2025-08-13T15:58:46.468+0000] {processor.py:179} INFO - Processing /home/vscode/.local/lib/python3.10/site-packages/airflow/example_dags/example_branch_datetime_operator.py took 0.062 seconds
[2025-08-13T15:59:38.378+0000] {processor.py:157} INFO - Started process (PID=7135) to work on /home/vscode/.local/lib/python3.10/site-packages/airflow/example_dags/example_branch_datetime_operator.py
[2025-08-13T15:59:38.379+0000] {processor.py:826} INFO - Processing file /home/vscode/.local/lib/python3.10/site-packages/airflow/example_dags/example_branch_datetime_operator.py for tasks to queue
[2025-08-13T15:59:38.379+0000] {logging_mixin.py:150} INFO - [2025-08-13T15:59:38.379+0000] {dagbag.py:541} INFO - Filling up the DagBag from /home/vscode/.local/lib/python3.10/site-packages/airflow/example_dags/example_branch_datetime_operator.py
[2025-08-13T15:59:38.387+0000] {processor.py:836} INFO - DAG(s) dict_keys(['example_branch_datetime_operator', 'example_branch_datetime_operator_2', 'example_branch_datetime_operator_3']) retrieved from /home/vscode/.local/lib/python3.10/site-packages/airflow/example_dags/example_branch_datetime_operator.py
[2025-08-13T15:59:38.403+0000] {logging_mixin.py:150} INFO - [2025-08-13T15:59:38.402+0000] {dag.py:2742} INFO - Sync 3 DAGs
[2025-08-13T15:59:38.417+0000] {logging_mixin.py:150} INFO - [2025-08-13T15:59:38.417+0000] {dag.py:3504} INFO - Setting next_dagrun for example_branch_datetime_operator to 2025-08-12T00:00:00+00:00, run_after=2025-08-13T00:00:00+00:00
[2025-08-13T15:59:38.421+0000] {logging_mixin.py:150} INFO - [2025-08-13T15:59:38.420+0000] {dag.py:3504} INFO - Setting next_dagrun for example_branch_datetime_operator_2 to 2025-08-12T00:00:00+00:00, run_after=2025-08-13T00:00:00+00:00
[2025-08-13T15:59:38.422+0000] {logging_mixin.py:150} INFO - [2025-08-13T15:59:38.422+0000] {dag.py:3504} INFO - Setting next_dagrun for example_branch_datetime_operator_3 to 2025-08-12T00:00:00+00:00, run_after=2025-08-13T00:00:00+00:00
[2025-08-13T15:59:38.436+0000] {processor.py:179} INFO - Processing /home/vscode/.local/lib/python3.10/site-packages/airflow/example_dags/example_branch_datetime_operator.py took 0.060 seconds
[2025-08-13T16:00:33.324+0000] {processor.py:157} INFO - Started process (PID=7578) to work on /home/vscode/.local/lib/python3.10/site-packages/airflow/example_dags/example_branch_datetime_operator.py
[2025-08-13T16:00:33.325+0000] {processor.py:826} INFO - Processing file /home/vscode/.local/lib/python3.10/site-packages/airflow/example_dags/example_branch_datetime_operator.py for tasks to queue
[2025-08-13T16:00:33.326+0000] {logging_mixin.py:150} INFO - [2025-08-13T16:00:33.326+0000] {dagbag.py:541} INFO - Filling up the DagBag from /home/vscode/.local/lib/python3.10/site-packages/airflow/example_dags/example_branch_datetime_operator.py
[2025-08-13T16:00:33.333+0000] {processor.py:836} INFO - DAG(s) dict_keys(['example_branch_datetime_operator_3', 'example_branch_datetime_operator', 'example_branch_datetime_operator_2']) retrieved from /home/vscode/.local/lib/python3.10/site-packages/airflow/example_dags/example_branch_datetime_operator.py
[2025-08-13T16:00:33.350+0000] {logging_mixin.py:150} INFO - [2025-08-13T16:00:33.350+0000] {dag.py:2742} INFO - Sync 3 DAGs
[2025-08-13T16:00:33.366+0000] {logging_mixin.py:150} INFO - [2025-08-13T16:00:33.366+0000] {dag.py:3504} INFO - Setting next_dagrun for example_branch_datetime_operator to 2025-08-12T00:00:00+00:00, run_after=2025-08-13T00:00:00+00:00
[2025-08-13T16:00:33.370+0000] {logging_mixin.py:150} INFO - [2025-08-13T16:00:33.370+0000] {dag.py:3504} INFO - Setting next_dagrun for example_branch_datetime_operator_2 to 2025-08-12T00:00:00+00:00, run_after=2025-08-13T00:00:00+00:00
[2025-08-13T16:00:33.372+0000] {logging_mixin.py:150} INFO - [2025-08-13T16:00:33.372+0000] {dag.py:3504} INFO - Setting next_dagrun for example_branch_datetime_operator_3 to 2025-08-12T00:00:00+00:00, run_after=2025-08-13T00:00:00+00:00
[2025-08-13T16:00:33.387+0000] {processor.py:179} INFO - Processing /home/vscode/.local/lib/python3.10/site-packages/airflow/example_dags/example_branch_datetime_operator.py took 0.065 seconds
[2025-08-13T16:01:55.779+0000] {processor.py:157} INFO - Started process (PID=8431) to work on /home/vscode/.local/lib/python3.10/site-packages/airflow/example_dags/example_branch_datetime_operator.py
[2025-08-13T16:01:55.780+0000] {processor.py:826} INFO - Processing file /home/vscode/.local/lib/python3.10/site-packages/airflow/example_dags/example_branch_datetime_operator.py for tasks to queue
[2025-08-13T16:01:55.781+0000] {logging_mixin.py:150} INFO - [2025-08-13T16:01:55.781+0000] {dagbag.py:541} INFO - Filling up the DagBag from /home/vscode/.local/lib/python3.10/site-packages/airflow/example_dags/example_branch_datetime_operator.py
[2025-08-13T16:01:55.789+0000] {processor.py:836} INFO - DAG(s) dict_keys(['example_branch_datetime_operator', 'example_branch_datetime_operator_3', 'example_branch_datetime_operator_2']) retrieved from /home/vscode/.local/lib/python3.10/site-packages/airflow/example_dags/example_branch_datetime_operator.py
[2025-08-13T16:01:55.807+0000] {logging_mixin.py:150} INFO - [2025-08-13T16:01:55.807+0000] {dag.py:2742} INFO - Sync 3 DAGs
[2025-08-13T16:01:55.822+0000] {logging_mixin.py:150} INFO - [2025-08-13T16:01:55.822+0000] {dag.py:3504} INFO - Setting next_dagrun for example_branch_datetime_operator to 2025-08-12T00:00:00+00:00, run_after=2025-08-13T00:00:00+00:00
[2025-08-13T16:01:55.826+0000] {logging_mixin.py:150} INFO - [2025-08-13T16:01:55.825+0000] {dag.py:3504} INFO - Setting next_dagrun for example_branch_datetime_operator_2 to 2025-08-12T00:00:00+00:00, run_after=2025-08-13T00:00:00+00:00
[2025-08-13T16:01:55.827+0000] {logging_mixin.py:150} INFO - [2025-08-13T16:01:55.827+0000] {dag.py:3504} INFO - Setting next_dagrun for example_branch_datetime_operator_3 to 2025-08-12T00:00:00+00:00, run_after=2025-08-13T00:00:00+00:00
[2025-08-13T16:01:55.842+0000] {processor.py:179} INFO - Processing /home/vscode/.local/lib/python3.10/site-packages/airflow/example_dags/example_branch_datetime_operator.py took 0.065 seconds
[2025-08-13T16:02:49.060+0000] {processor.py:157} INFO - Started process (PID=8788) to work on /home/vscode/.local/lib/python3.10/site-packages/airflow/example_dags/example_branch_datetime_operator.py
[2025-08-13T16:02:49.061+0000] {processor.py:826} INFO - Processing file /home/vscode/.local/lib/python3.10/site-packages/airflow/example_dags/example_branch_datetime_operator.py for tasks to queue
[2025-08-13T16:02:49.061+0000] {logging_mixin.py:150} INFO - [2025-08-13T16:02:49.061+0000] {dagbag.py:541} INFO - Filling up the DagBag from /home/vscode/.local/lib/python3.10/site-packages/airflow/example_dags/example_branch_datetime_operator.py
[2025-08-13T16:02:49.068+0000] {processor.py:836} INFO - DAG(s) dict_keys(['example_branch_datetime_operator_2', 'example_branch_datetime_operator', 'example_branch_datetime_operator_3']) retrieved from /home/vscode/.local/lib/python3.10/site-packages/airflow/example_dags/example_branch_datetime_operator.py
[2025-08-13T16:02:49.085+0000] {logging_mixin.py:150} INFO - [2025-08-13T16:02:49.084+0000] {dag.py:2742} INFO - Sync 3 DAGs
[2025-08-13T16:02:49.100+0000] {logging_mixin.py:150} INFO - [2025-08-13T16:02:49.100+0000] {dag.py:3504} INFO - Setting next_dagrun for example_branch_datetime_operator to 2025-08-12T00:00:00+00:00, run_after=2025-08-13T00:00:00+00:00
[2025-08-13T16:02:49.104+0000] {logging_mixin.py:150} INFO - [2025-08-13T16:02:49.103+0000] {dag.py:3504} INFO - Setting next_dagrun for example_branch_datetime_operator_2 to 2025-08-12T00:00:00+00:00, run_after=2025-08-13T00:00:00+00:00
[2025-08-13T16:02:49.105+0000] {logging_mixin.py:150} INFO - [2025-08-13T16:02:49.105+0000] {dag.py:3504} INFO - Setting next_dagrun for example_branch_datetime_operator_3 to 2025-08-12T00:00:00+00:00, run_after=2025-08-13T00:00:00+00:00
[2025-08-13T16:02:49.120+0000] {processor.py:179} INFO - Processing /home/vscode/.local/lib/python3.10/site-packages/airflow/example_dags/example_branch_datetime_operator.py took 0.062 seconds
[2025-08-13T16:03:34.821+0000] {processor.py:157} INFO - Started process (PID=9106) to work on /home/vscode/.local/lib/python3.10/site-packages/airflow/example_dags/example_branch_datetime_operator.py
[2025-08-13T16:03:34.822+0000] {processor.py:826} INFO - Processing file /home/vscode/.local/lib/python3.10/site-packages/airflow/example_dags/example_branch_datetime_operator.py for tasks to queue
[2025-08-13T16:03:34.823+0000] {logging_mixin.py:150} INFO - [2025-08-13T16:03:34.822+0000] {dagbag.py:541} INFO - Filling up the DagBag from /home/vscode/.local/lib/python3.10/site-packages/airflow/example_dags/example_branch_datetime_operator.py
[2025-08-13T16:03:34.830+0000] {processor.py:836} INFO - DAG(s) dict_keys(['example_branch_datetime_operator_2', 'example_branch_datetime_operator', 'example_branch_datetime_operator_3']) retrieved from /home/vscode/.local/lib/python3.10/site-packages/airflow/example_dags/example_branch_datetime_operator.py
[2025-08-13T16:03:34.849+0000] {logging_mixin.py:150} INFO - [2025-08-13T16:03:34.848+0000] {dag.py:2742} INFO - Sync 3 DAGs
[2025-08-13T16:03:34.865+0000] {logging_mixin.py:150} INFO - [2025-08-13T16:03:34.865+0000] {dag.py:3504} INFO - Setting next_dagrun for example_branch_datetime_operator to 2025-08-12T00:00:00+00:00, run_after=2025-08-13T00:00:00+00:00
[2025-08-13T16:03:34.868+0000] {logging_mixin.py:150} INFO - [2025-08-13T16:03:34.868+0000] {dag.py:3504} INFO - Setting next_dagrun for example_branch_datetime_operator_2 to 2025-08-12T00:00:00+00:00, run_after=2025-08-13T00:00:00+00:00
[2025-08-13T16:03:34.870+0000] {logging_mixin.py:150} INFO - [2025-08-13T16:03:34.870+0000] {dag.py:3504} INFO - Setting next_dagrun for example_branch_datetime_operator_3 to 2025-08-12T00:00:00+00:00, run_after=2025-08-13T00:00:00+00:00
[2025-08-13T16:03:34.885+0000] {processor.py:179} INFO - Processing /home/vscode/.local/lib/python3.10/site-packages/airflow/example_dags/example_branch_datetime_operator.py took 0.067 seconds
[2025-08-13T16:04:34.490+0000] {processor.py:157} INFO - Started process (PID=9545) to work on /home/vscode/.local/lib/python3.10/site-packages/airflow/example_dags/example_branch_datetime_operator.py
[2025-08-13T16:04:34.491+0000] {processor.py:826} INFO - Processing file /home/vscode/.local/lib/python3.10/site-packages/airflow/example_dags/example_branch_datetime_operator.py for tasks to queue
[2025-08-13T16:04:34.492+0000] {logging_mixin.py:150} INFO - [2025-08-13T16:04:34.492+0000] {dagbag.py:541} INFO - Filling up the DagBag from /home/vscode/.local/lib/python3.10/site-packages/airflow/example_dags/example_branch_datetime_operator.py
[2025-08-13T16:04:34.499+0000] {processor.py:836} INFO - DAG(s) dict_keys(['example_branch_datetime_operator_3', 'example_branch_datetime_operator_2', 'example_branch_datetime_operator']) retrieved from /home/vscode/.local/lib/python3.10/site-packages/airflow/example_dags/example_branch_datetime_operator.py
[2025-08-13T16:04:34.516+0000] {logging_mixin.py:150} INFO - [2025-08-13T16:04:34.516+0000] {dag.py:2742} INFO - Sync 3 DAGs
[2025-08-13T16:04:34.536+0000] {logging_mixin.py:150} INFO - [2025-08-13T16:04:34.536+0000] {dag.py:3504} INFO - Setting next_dagrun for example_branch_datetime_operator to 2025-08-12T00:00:00+00:00, run_after=2025-08-13T00:00:00+00:00
[2025-08-13T16:04:34.540+0000] {logging_mixin.py:150} INFO - [2025-08-13T16:04:34.539+0000] {dag.py:3504} INFO - Setting next_dagrun for example_branch_datetime_operator_2 to 2025-08-12T00:00:00+00:00, run_after=2025-08-13T00:00:00+00:00
[2025-08-13T16:04:34.542+0000] {logging_mixin.py:150} INFO - [2025-08-13T16:04:34.541+0000] {dag.py:3504} INFO - Setting next_dagrun for example_branch_datetime_operator_3 to 2025-08-12T00:00:00+00:00, run_after=2025-08-13T00:00:00+00:00
[2025-08-13T16:04:34.556+0000] {processor.py:179} INFO - Processing /home/vscode/.local/lib/python3.10/site-packages/airflow/example_dags/example_branch_datetime_operator.py took 0.067 seconds
[2025-08-13T16:05:26.070+0000] {processor.py:157} INFO - Started process (PID=9882) to work on /home/vscode/.local/lib/python3.10/site-packages/airflow/example_dags/example_branch_datetime_operator.py
[2025-08-13T16:05:26.071+0000] {processor.py:826} INFO - Processing file /home/vscode/.local/lib/python3.10/site-packages/airflow/example_dags/example_branch_datetime_operator.py for tasks to queue
[2025-08-13T16:05:26.072+0000] {logging_mixin.py:150} INFO - [2025-08-13T16:05:26.071+0000] {dagbag.py:541} INFO - Filling up the DagBag from /home/vscode/.local/lib/python3.10/site-packages/airflow/example_dags/example_branch_datetime_operator.py
[2025-08-13T16:05:26.079+0000] {processor.py:836} INFO - DAG(s) dict_keys(['example_branch_datetime_operator', 'example_branch_datetime_operator_3', 'example_branch_datetime_operator_2']) retrieved from /home/vscode/.local/lib/python3.10/site-packages/airflow/example_dags/example_branch_datetime_operator.py
[2025-08-13T16:05:26.095+0000] {logging_mixin.py:150} INFO - [2025-08-13T16:05:26.095+0000] {dag.py:2742} INFO - Sync 3 DAGs
[2025-08-13T16:05:26.110+0000] {logging_mixin.py:150} INFO - [2025-08-13T16:05:26.110+0000] {dag.py:3504} INFO - Setting next_dagrun for example_branch_datetime_operator to 2025-08-12T00:00:00+00:00, run_after=2025-08-13T00:00:00+00:00
[2025-08-13T16:05:26.113+0000] {logging_mixin.py:150} INFO - [2025-08-13T16:05:26.113+0000] {dag.py:3504} INFO - Setting next_dagrun for example_branch_datetime_operator_2 to 2025-08-12T00:00:00+00:00, run_after=2025-08-13T00:00:00+00:00
[2025-08-13T16:05:26.115+0000] {logging_mixin.py:150} INFO - [2025-08-13T16:05:26.115+0000] {dag.py:3504} INFO - Setting next_dagrun for example_branch_datetime_operator_3 to 2025-08-12T00:00:00+00:00, run_after=2025-08-13T00:00:00+00:00
[2025-08-13T16:05:26.130+0000] {processor.py:179} INFO - Processing /home/vscode/.local/lib/python3.10/site-packages/airflow/example_dags/example_branch_datetime_operator.py took 0.062 seconds
[2025-08-13T16:06:14.174+0000] {processor.py:157} INFO - Started process (PID=10295) to work on /home/vscode/.local/lib/python3.10/site-packages/airflow/example_dags/example_branch_datetime_operator.py
[2025-08-13T16:06:14.174+0000] {processor.py:826} INFO - Processing file /home/vscode/.local/lib/python3.10/site-packages/airflow/example_dags/example_branch_datetime_operator.py for tasks to queue
[2025-08-13T16:06:14.175+0000] {logging_mixin.py:150} INFO - [2025-08-13T16:06:14.175+0000] {dagbag.py:541} INFO - Filling up the DagBag from /home/vscode/.local/lib/python3.10/site-packages/airflow/example_dags/example_branch_datetime_operator.py
[2025-08-13T16:06:14.182+0000] {processor.py:836} INFO - DAG(s) dict_keys(['example_branch_datetime_operator_2', 'example_branch_datetime_operator_3', 'example_branch_datetime_operator']) retrieved from /home/vscode/.local/lib/python3.10/site-packages/airflow/example_dags/example_branch_datetime_operator.py
[2025-08-13T16:06:14.198+0000] {logging_mixin.py:150} INFO - [2025-08-13T16:06:14.198+0000] {dag.py:2742} INFO - Sync 3 DAGs
[2025-08-13T16:06:14.215+0000] {logging_mixin.py:150} INFO - [2025-08-13T16:06:14.214+0000] {dag.py:3504} INFO - Setting next_dagrun for example_branch_datetime_operator to 2025-08-12T00:00:00+00:00, run_after=2025-08-13T00:00:00+00:00
[2025-08-13T16:06:14.218+0000] {logging_mixin.py:150} INFO - [2025-08-13T16:06:14.218+0000] {dag.py:3504} INFO - Setting next_dagrun for example_branch_datetime_operator_2 to 2025-08-12T00:00:00+00:00, run_after=2025-08-13T00:00:00+00:00
[2025-08-13T16:06:14.220+0000] {logging_mixin.py:150} INFO - [2025-08-13T16:06:14.219+0000] {dag.py:3504} INFO - Setting next_dagrun for example_branch_datetime_operator_3 to 2025-08-12T00:00:00+00:00, run_after=2025-08-13T00:00:00+00:00
[2025-08-13T16:06:14.234+0000] {processor.py:179} INFO - Processing /home/vscode/.local/lib/python3.10/site-packages/airflow/example_dags/example_branch_datetime_operator.py took 0.062 seconds
[2025-08-13T16:06:59.582+0000] {processor.py:157} INFO - Started process (PID=10592) to work on /home/vscode/.local/lib/python3.10/site-packages/airflow/example_dags/example_branch_datetime_operator.py
[2025-08-13T16:06:59.583+0000] {processor.py:826} INFO - Processing file /home/vscode/.local/lib/python3.10/site-packages/airflow/example_dags/example_branch_datetime_operator.py for tasks to queue
[2025-08-13T16:06:59.583+0000] {logging_mixin.py:150} INFO - [2025-08-13T16:06:59.583+0000] {dagbag.py:541} INFO - Filling up the DagBag from /home/vscode/.local/lib/python3.10/site-packages/airflow/example_dags/example_branch_datetime_operator.py
[2025-08-13T16:06:59.591+0000] {processor.py:836} INFO - DAG(s) dict_keys(['example_branch_datetime_operator_2', 'example_branch_datetime_operator_3', 'example_branch_datetime_operator']) retrieved from /home/vscode/.local/lib/python3.10/site-packages/airflow/example_dags/example_branch_datetime_operator.py
[2025-08-13T16:06:59.609+0000] {logging_mixin.py:150} INFO - [2025-08-13T16:06:59.609+0000] {dag.py:2742} INFO - Sync 3 DAGs
[2025-08-13T16:06:59.626+0000] {logging_mixin.py:150} INFO - [2025-08-13T16:06:59.625+0000] {dag.py:3504} INFO - Setting next_dagrun for example_branch_datetime_operator to 2025-08-12T00:00:00+00:00, run_after=2025-08-13T00:00:00+00:00
[2025-08-13T16:06:59.629+0000] {logging_mixin.py:150} INFO - [2025-08-13T16:06:59.629+0000] {dag.py:3504} INFO - Setting next_dagrun for example_branch_datetime_operator_2 to 2025-08-12T00:00:00+00:00, run_after=2025-08-13T00:00:00+00:00
[2025-08-13T16:06:59.631+0000] {logging_mixin.py:150} INFO - [2025-08-13T16:06:59.631+0000] {dag.py:3504} INFO - Setting next_dagrun for example_branch_datetime_operator_3 to 2025-08-12T00:00:00+00:00, run_after=2025-08-13T00:00:00+00:00
[2025-08-13T16:06:59.646+0000] {processor.py:179} INFO - Processing /home/vscode/.local/lib/python3.10/site-packages/airflow/example_dags/example_branch_datetime_operator.py took 0.066 seconds
