[2025-08-13T03:25:12.923+0000] {processor.py:157} INFO - Started process (PID=4974) to work on /workspaces/hands-on-introduction-data-engineering-4395021/airflow_env/lib/python3.10/site-packages/airflow/example_dags/example_complex.py
[2025-08-13T03:25:12.924+0000] {processor.py:826} INFO - Processing file /workspaces/hands-on-introduction-data-engineering-4395021/airflow_env/lib/python3.10/site-packages/airflow/example_dags/example_complex.py for tasks to queue
[2025-08-13T03:25:12.925+0000] {logging_mixin.py:150} INFO - [2025-08-13T03:25:12.924+0000] {dagbag.py:541} INFO - Filling up the DagBag from /workspaces/hands-on-introduction-data-engineering-4395021/airflow_env/lib/python3.10/site-packages/airflow/example_dags/example_complex.py
[2025-08-13T03:25:12.932+0000] {processor.py:836} INFO - DAG(s) dict_keys(['example_complex']) retrieved from /workspaces/hands-on-introduction-data-engineering-4395021/airflow_env/lib/python3.10/site-packages/airflow/example_dags/example_complex.py
[2025-08-13T03:25:13.012+0000] {logging_mixin.py:150} INFO - [2025-08-13T03:25:13.012+0000] {manager.py:504} INFO - Created Permission View: can read on DAG:example_complex
[2025-08-13T03:25:13.021+0000] {logging_mixin.py:150} INFO - [2025-08-13T03:25:13.021+0000] {manager.py:504} INFO - Created Permission View: can edit on DAG:example_complex
[2025-08-13T03:25:13.027+0000] {logging_mixin.py:150} INFO - [2025-08-13T03:25:13.027+0000] {manager.py:504} INFO - Created Permission View: can delete on DAG:example_complex
[2025-08-13T03:25:13.035+0000] {logging_mixin.py:150} INFO - [2025-08-13T03:25:13.035+0000] {dag.py:2742} INFO - Sync 1 DAGs
[2025-08-13T03:25:13.042+0000] {logging_mixin.py:150} INFO - [2025-08-13T03:25:13.042+0000] {dag.py:2763} INFO - Creating ORM DAG for example_complex
[2025-08-13T03:25:13.048+0000] {logging_mixin.py:150} INFO - [2025-08-13T03:25:13.048+0000] {dag.py:3504} INFO - Setting next_dagrun for example_complex to None, run_after=None
[2025-08-13T03:25:13.063+0000] {processor.py:179} INFO - Processing /workspaces/hands-on-introduction-data-engineering-4395021/airflow_env/lib/python3.10/site-packages/airflow/example_dags/example_complex.py took 0.142 seconds
[2025-08-13T03:25:59.254+0000] {processor.py:157} INFO - Started process (PID=5279) to work on /workspaces/hands-on-introduction-data-engineering-4395021/airflow_env/lib/python3.10/site-packages/airflow/example_dags/example_complex.py
[2025-08-13T03:25:59.255+0000] {processor.py:826} INFO - Processing file /workspaces/hands-on-introduction-data-engineering-4395021/airflow_env/lib/python3.10/site-packages/airflow/example_dags/example_complex.py for tasks to queue
[2025-08-13T03:25:59.256+0000] {logging_mixin.py:150} INFO - [2025-08-13T03:25:59.255+0000] {dagbag.py:541} INFO - Filling up the DagBag from /workspaces/hands-on-introduction-data-engineering-4395021/airflow_env/lib/python3.10/site-packages/airflow/example_dags/example_complex.py
[2025-08-13T03:25:59.263+0000] {processor.py:836} INFO - DAG(s) dict_keys(['example_complex']) retrieved from /workspaces/hands-on-introduction-data-engineering-4395021/airflow_env/lib/python3.10/site-packages/airflow/example_dags/example_complex.py
[2025-08-13T03:25:59.282+0000] {logging_mixin.py:150} INFO - [2025-08-13T03:25:59.282+0000] {dag.py:2742} INFO - Sync 1 DAGs
[2025-08-13T03:25:59.296+0000] {logging_mixin.py:150} INFO - [2025-08-13T03:25:59.296+0000] {dag.py:3504} INFO - Setting next_dagrun for example_complex to None, run_after=None
[2025-08-13T03:25:59.314+0000] {processor.py:179} INFO - Processing /workspaces/hands-on-introduction-data-engineering-4395021/airflow_env/lib/python3.10/site-packages/airflow/example_dags/example_complex.py took 0.062 seconds
[2025-08-13T03:26:45.638+0000] {processor.py:157} INFO - Started process (PID=5593) to work on /workspaces/hands-on-introduction-data-engineering-4395021/airflow_env/lib/python3.10/site-packages/airflow/example_dags/example_complex.py
[2025-08-13T03:26:45.638+0000] {processor.py:826} INFO - Processing file /workspaces/hands-on-introduction-data-engineering-4395021/airflow_env/lib/python3.10/site-packages/airflow/example_dags/example_complex.py for tasks to queue
[2025-08-13T03:26:45.639+0000] {logging_mixin.py:150} INFO - [2025-08-13T03:26:45.639+0000] {dagbag.py:541} INFO - Filling up the DagBag from /workspaces/hands-on-introduction-data-engineering-4395021/airflow_env/lib/python3.10/site-packages/airflow/example_dags/example_complex.py
[2025-08-13T03:26:45.647+0000] {processor.py:836} INFO - DAG(s) dict_keys(['example_complex']) retrieved from /workspaces/hands-on-introduction-data-engineering-4395021/airflow_env/lib/python3.10/site-packages/airflow/example_dags/example_complex.py
[2025-08-13T03:26:45.666+0000] {logging_mixin.py:150} INFO - [2025-08-13T03:26:45.666+0000] {dag.py:2742} INFO - Sync 1 DAGs
[2025-08-13T03:26:45.679+0000] {logging_mixin.py:150} INFO - [2025-08-13T03:26:45.679+0000] {dag.py:3504} INFO - Setting next_dagrun for example_complex to None, run_after=None
[2025-08-13T03:26:45.694+0000] {processor.py:179} INFO - Processing /workspaces/hands-on-introduction-data-engineering-4395021/airflow_env/lib/python3.10/site-packages/airflow/example_dags/example_complex.py took 0.059 seconds
[2025-08-13T03:27:32.987+0000] {processor.py:157} INFO - Started process (PID=5907) to work on /workspaces/hands-on-introduction-data-engineering-4395021/airflow_env/lib/python3.10/site-packages/airflow/example_dags/example_complex.py
[2025-08-13T03:27:32.988+0000] {processor.py:826} INFO - Processing file /workspaces/hands-on-introduction-data-engineering-4395021/airflow_env/lib/python3.10/site-packages/airflow/example_dags/example_complex.py for tasks to queue
[2025-08-13T03:27:32.989+0000] {logging_mixin.py:150} INFO - [2025-08-13T03:27:32.988+0000] {dagbag.py:541} INFO - Filling up the DagBag from /workspaces/hands-on-introduction-data-engineering-4395021/airflow_env/lib/python3.10/site-packages/airflow/example_dags/example_complex.py
[2025-08-13T03:27:32.996+0000] {processor.py:836} INFO - DAG(s) dict_keys(['example_complex']) retrieved from /workspaces/hands-on-introduction-data-engineering-4395021/airflow_env/lib/python3.10/site-packages/airflow/example_dags/example_complex.py
[2025-08-13T03:27:33.015+0000] {logging_mixin.py:150} INFO - [2025-08-13T03:27:33.015+0000] {dag.py:2742} INFO - Sync 1 DAGs
[2025-08-13T03:27:33.029+0000] {logging_mixin.py:150} INFO - [2025-08-13T03:27:33.029+0000] {dag.py:3504} INFO - Setting next_dagrun for example_complex to None, run_after=None
[2025-08-13T03:27:33.044+0000] {processor.py:179} INFO - Processing /workspaces/hands-on-introduction-data-engineering-4395021/airflow_env/lib/python3.10/site-packages/airflow/example_dags/example_complex.py took 0.059 seconds
[2025-08-13T03:28:22.228+0000] {processor.py:157} INFO - Started process (PID=6353) to work on /workspaces/hands-on-introduction-data-engineering-4395021/airflow_env/lib/python3.10/site-packages/airflow/example_dags/example_complex.py
[2025-08-13T03:28:22.229+0000] {processor.py:826} INFO - Processing file /workspaces/hands-on-introduction-data-engineering-4395021/airflow_env/lib/python3.10/site-packages/airflow/example_dags/example_complex.py for tasks to queue
[2025-08-13T03:28:22.229+0000] {logging_mixin.py:150} INFO - [2025-08-13T03:28:22.229+0000] {dagbag.py:541} INFO - Filling up the DagBag from /workspaces/hands-on-introduction-data-engineering-4395021/airflow_env/lib/python3.10/site-packages/airflow/example_dags/example_complex.py
[2025-08-13T03:28:22.237+0000] {processor.py:836} INFO - DAG(s) dict_keys(['example_complex']) retrieved from /workspaces/hands-on-introduction-data-engineering-4395021/airflow_env/lib/python3.10/site-packages/airflow/example_dags/example_complex.py
[2025-08-13T03:28:22.256+0000] {logging_mixin.py:150} INFO - [2025-08-13T03:28:22.256+0000] {dag.py:2742} INFO - Sync 1 DAGs
[2025-08-13T03:28:22.270+0000] {logging_mixin.py:150} INFO - [2025-08-13T03:28:22.270+0000] {dag.py:3504} INFO - Setting next_dagrun for example_complex to None, run_after=None
[2025-08-13T03:28:22.290+0000] {processor.py:179} INFO - Processing /workspaces/hands-on-introduction-data-engineering-4395021/airflow_env/lib/python3.10/site-packages/airflow/example_dags/example_complex.py took 0.064 seconds
[2025-08-13T03:29:07.072+0000] {processor.py:157} INFO - Started process (PID=6714) to work on /workspaces/hands-on-introduction-data-engineering-4395021/airflow_env/lib/python3.10/site-packages/airflow/example_dags/example_complex.py
[2025-08-13T03:29:07.072+0000] {processor.py:826} INFO - Processing file /workspaces/hands-on-introduction-data-engineering-4395021/airflow_env/lib/python3.10/site-packages/airflow/example_dags/example_complex.py for tasks to queue
[2025-08-13T03:29:07.073+0000] {logging_mixin.py:150} INFO - [2025-08-13T03:29:07.073+0000] {dagbag.py:541} INFO - Filling up the DagBag from /workspaces/hands-on-introduction-data-engineering-4395021/airflow_env/lib/python3.10/site-packages/airflow/example_dags/example_complex.py
[2025-08-13T03:29:07.081+0000] {processor.py:836} INFO - DAG(s) dict_keys(['example_complex']) retrieved from /workspaces/hands-on-introduction-data-engineering-4395021/airflow_env/lib/python3.10/site-packages/airflow/example_dags/example_complex.py
[2025-08-13T03:29:07.100+0000] {logging_mixin.py:150} INFO - [2025-08-13T03:29:07.099+0000] {dag.py:2742} INFO - Sync 1 DAGs
[2025-08-13T03:29:07.114+0000] {logging_mixin.py:150} INFO - [2025-08-13T03:29:07.114+0000] {dag.py:3504} INFO - Setting next_dagrun for example_complex to None, run_after=None
[2025-08-13T03:29:07.128+0000] {processor.py:179} INFO - Processing /workspaces/hands-on-introduction-data-engineering-4395021/airflow_env/lib/python3.10/site-packages/airflow/example_dags/example_complex.py took 0.059 seconds
[2025-08-13T03:29:49.450+0000] {processor.py:157} INFO - Started process (PID=7220) to work on /workspaces/hands-on-introduction-data-engineering-4395021/airflow_env/lib/python3.10/site-packages/airflow/example_dags/example_complex.py
[2025-08-13T03:29:49.450+0000] {processor.py:826} INFO - Processing file /workspaces/hands-on-introduction-data-engineering-4395021/airflow_env/lib/python3.10/site-packages/airflow/example_dags/example_complex.py for tasks to queue
[2025-08-13T03:29:49.451+0000] {logging_mixin.py:150} INFO - [2025-08-13T03:29:49.451+0000] {dagbag.py:541} INFO - Filling up the DagBag from /workspaces/hands-on-introduction-data-engineering-4395021/airflow_env/lib/python3.10/site-packages/airflow/example_dags/example_complex.py
[2025-08-13T03:29:49.459+0000] {processor.py:836} INFO - DAG(s) dict_keys(['example_complex']) retrieved from /workspaces/hands-on-introduction-data-engineering-4395021/airflow_env/lib/python3.10/site-packages/airflow/example_dags/example_complex.py
[2025-08-13T03:29:49.478+0000] {logging_mixin.py:150} INFO - [2025-08-13T03:29:49.477+0000] {dag.py:2742} INFO - Sync 1 DAGs
[2025-08-13T03:29:49.492+0000] {logging_mixin.py:150} INFO - [2025-08-13T03:29:49.491+0000] {dag.py:3504} INFO - Setting next_dagrun for example_complex to None, run_after=None
[2025-08-13T03:29:49.507+0000] {processor.py:179} INFO - Processing /workspaces/hands-on-introduction-data-engineering-4395021/airflow_env/lib/python3.10/site-packages/airflow/example_dags/example_complex.py took 0.060 seconds
[2025-08-13T03:30:33.692+0000] {processor.py:157} INFO - Started process (PID=7534) to work on /workspaces/hands-on-introduction-data-engineering-4395021/airflow_env/lib/python3.10/site-packages/airflow/example_dags/example_complex.py
[2025-08-13T03:30:33.692+0000] {processor.py:826} INFO - Processing file /workspaces/hands-on-introduction-data-engineering-4395021/airflow_env/lib/python3.10/site-packages/airflow/example_dags/example_complex.py for tasks to queue
[2025-08-13T03:30:33.693+0000] {logging_mixin.py:150} INFO - [2025-08-13T03:30:33.693+0000] {dagbag.py:541} INFO - Filling up the DagBag from /workspaces/hands-on-introduction-data-engineering-4395021/airflow_env/lib/python3.10/site-packages/airflow/example_dags/example_complex.py
[2025-08-13T03:30:33.701+0000] {processor.py:836} INFO - DAG(s) dict_keys(['example_complex']) retrieved from /workspaces/hands-on-introduction-data-engineering-4395021/airflow_env/lib/python3.10/site-packages/airflow/example_dags/example_complex.py
[2025-08-13T03:30:33.719+0000] {logging_mixin.py:150} INFO - [2025-08-13T03:30:33.719+0000] {dag.py:2742} INFO - Sync 1 DAGs
[2025-08-13T03:30:33.733+0000] {logging_mixin.py:150} INFO - [2025-08-13T03:30:33.733+0000] {dag.py:3504} INFO - Setting next_dagrun for example_complex to None, run_after=None
[2025-08-13T03:30:33.748+0000] {processor.py:179} INFO - Processing /workspaces/hands-on-introduction-data-engineering-4395021/airflow_env/lib/python3.10/site-packages/airflow/example_dags/example_complex.py took 0.058 seconds
[2025-08-13T03:31:14.812+0000] {processor.py:157} INFO - Started process (PID=7805) to work on /workspaces/hands-on-introduction-data-engineering-4395021/airflow_env/lib/python3.10/site-packages/airflow/example_dags/example_complex.py
[2025-08-13T03:31:14.812+0000] {processor.py:826} INFO - Processing file /workspaces/hands-on-introduction-data-engineering-4395021/airflow_env/lib/python3.10/site-packages/airflow/example_dags/example_complex.py for tasks to queue
[2025-08-13T03:31:14.813+0000] {logging_mixin.py:150} INFO - [2025-08-13T03:31:14.813+0000] {dagbag.py:541} INFO - Filling up the DagBag from /workspaces/hands-on-introduction-data-engineering-4395021/airflow_env/lib/python3.10/site-packages/airflow/example_dags/example_complex.py
[2025-08-13T03:31:14.822+0000] {processor.py:836} INFO - DAG(s) dict_keys(['example_complex']) retrieved from /workspaces/hands-on-introduction-data-engineering-4395021/airflow_env/lib/python3.10/site-packages/airflow/example_dags/example_complex.py
[2025-08-13T03:31:14.840+0000] {logging_mixin.py:150} INFO - [2025-08-13T03:31:14.840+0000] {dag.py:2742} INFO - Sync 1 DAGs
[2025-08-13T03:31:14.855+0000] {logging_mixin.py:150} INFO - [2025-08-13T03:31:14.855+0000] {dag.py:3504} INFO - Setting next_dagrun for example_complex to None, run_after=None
[2025-08-13T03:31:14.869+0000] {processor.py:179} INFO - Processing /workspaces/hands-on-introduction-data-engineering-4395021/airflow_env/lib/python3.10/site-packages/airflow/example_dags/example_complex.py took 0.059 seconds
[2025-08-13T03:32:00.100+0000] {processor.py:157} INFO - Started process (PID=8107) to work on /workspaces/hands-on-introduction-data-engineering-4395021/airflow_env/lib/python3.10/site-packages/airflow/example_dags/example_complex.py
[2025-08-13T03:32:00.101+0000] {processor.py:826} INFO - Processing file /workspaces/hands-on-introduction-data-engineering-4395021/airflow_env/lib/python3.10/site-packages/airflow/example_dags/example_complex.py for tasks to queue
[2025-08-13T03:32:00.102+0000] {logging_mixin.py:150} INFO - [2025-08-13T03:32:00.101+0000] {dagbag.py:541} INFO - Filling up the DagBag from /workspaces/hands-on-introduction-data-engineering-4395021/airflow_env/lib/python3.10/site-packages/airflow/example_dags/example_complex.py
[2025-08-13T03:32:00.110+0000] {processor.py:836} INFO - DAG(s) dict_keys(['example_complex']) retrieved from /workspaces/hands-on-introduction-data-engineering-4395021/airflow_env/lib/python3.10/site-packages/airflow/example_dags/example_complex.py
[2025-08-13T03:32:00.137+0000] {logging_mixin.py:150} INFO - [2025-08-13T03:32:00.137+0000] {dag.py:2742} INFO - Sync 1 DAGs
[2025-08-13T03:32:00.159+0000] {logging_mixin.py:150} INFO - [2025-08-13T03:32:00.158+0000] {dag.py:3504} INFO - Setting next_dagrun for example_complex to None, run_after=None
[2025-08-13T03:32:00.199+0000] {processor.py:179} INFO - Processing /workspaces/hands-on-introduction-data-engineering-4395021/airflow_env/lib/python3.10/site-packages/airflow/example_dags/example_complex.py took 0.101 seconds
[2025-08-13T03:32:48.065+0000] {processor.py:157} INFO - Started process (PID=8425) to work on /workspaces/hands-on-introduction-data-engineering-4395021/airflow_env/lib/python3.10/site-packages/airflow/example_dags/example_complex.py
[2025-08-13T03:32:48.066+0000] {processor.py:826} INFO - Processing file /workspaces/hands-on-introduction-data-engineering-4395021/airflow_env/lib/python3.10/site-packages/airflow/example_dags/example_complex.py for tasks to queue
[2025-08-13T03:32:48.066+0000] {logging_mixin.py:150} INFO - [2025-08-13T03:32:48.066+0000] {dagbag.py:541} INFO - Filling up the DagBag from /workspaces/hands-on-introduction-data-engineering-4395021/airflow_env/lib/python3.10/site-packages/airflow/example_dags/example_complex.py
[2025-08-13T03:32:48.074+0000] {processor.py:836} INFO - DAG(s) dict_keys(['example_complex']) retrieved from /workspaces/hands-on-introduction-data-engineering-4395021/airflow_env/lib/python3.10/site-packages/airflow/example_dags/example_complex.py
[2025-08-13T03:32:48.093+0000] {logging_mixin.py:150} INFO - [2025-08-13T03:32:48.093+0000] {dag.py:2742} INFO - Sync 1 DAGs
[2025-08-13T03:32:48.107+0000] {logging_mixin.py:150} INFO - [2025-08-13T03:32:48.107+0000] {dag.py:3504} INFO - Setting next_dagrun for example_complex to None, run_after=None
[2025-08-13T03:32:48.122+0000] {processor.py:179} INFO - Processing /workspaces/hands-on-introduction-data-engineering-4395021/airflow_env/lib/python3.10/site-packages/airflow/example_dags/example_complex.py took 0.059 seconds
[2025-08-13T03:33:30.274+0000] {processor.py:157} INFO - Started process (PID=8704) to work on /workspaces/hands-on-introduction-data-engineering-4395021/airflow_env/lib/python3.10/site-packages/airflow/example_dags/example_complex.py
[2025-08-13T03:33:30.275+0000] {processor.py:826} INFO - Processing file /workspaces/hands-on-introduction-data-engineering-4395021/airflow_env/lib/python3.10/site-packages/airflow/example_dags/example_complex.py for tasks to queue
[2025-08-13T03:33:30.275+0000] {logging_mixin.py:150} INFO - [2025-08-13T03:33:30.275+0000] {dagbag.py:541} INFO - Filling up the DagBag from /workspaces/hands-on-introduction-data-engineering-4395021/airflow_env/lib/python3.10/site-packages/airflow/example_dags/example_complex.py
[2025-08-13T03:33:30.284+0000] {processor.py:836} INFO - DAG(s) dict_keys(['example_complex']) retrieved from /workspaces/hands-on-introduction-data-engineering-4395021/airflow_env/lib/python3.10/site-packages/airflow/example_dags/example_complex.py
[2025-08-13T03:33:30.303+0000] {logging_mixin.py:150} INFO - [2025-08-13T03:33:30.303+0000] {dag.py:2742} INFO - Sync 1 DAGs
[2025-08-13T03:33:30.317+0000] {logging_mixin.py:150} INFO - [2025-08-13T03:33:30.316+0000] {dag.py:3504} INFO - Setting next_dagrun for example_complex to None, run_after=None
[2025-08-13T03:33:30.332+0000] {processor.py:179} INFO - Processing /workspaces/hands-on-introduction-data-engineering-4395021/airflow_env/lib/python3.10/site-packages/airflow/example_dags/example_complex.py took 0.061 seconds
[2025-08-13T03:34:14.212+0000] {processor.py:157} INFO - Started process (PID=9002) to work on /workspaces/hands-on-introduction-data-engineering-4395021/airflow_env/lib/python3.10/site-packages/airflow/example_dags/example_complex.py
[2025-08-13T03:34:14.213+0000] {processor.py:826} INFO - Processing file /workspaces/hands-on-introduction-data-engineering-4395021/airflow_env/lib/python3.10/site-packages/airflow/example_dags/example_complex.py for tasks to queue
[2025-08-13T03:34:14.213+0000] {logging_mixin.py:150} INFO - [2025-08-13T03:34:14.213+0000] {dagbag.py:541} INFO - Filling up the DagBag from /workspaces/hands-on-introduction-data-engineering-4395021/airflow_env/lib/python3.10/site-packages/airflow/example_dags/example_complex.py
[2025-08-13T03:34:14.221+0000] {processor.py:836} INFO - DAG(s) dict_keys(['example_complex']) retrieved from /workspaces/hands-on-introduction-data-engineering-4395021/airflow_env/lib/python3.10/site-packages/airflow/example_dags/example_complex.py
[2025-08-13T03:34:14.241+0000] {logging_mixin.py:150} INFO - [2025-08-13T03:34:14.240+0000] {dag.py:2742} INFO - Sync 1 DAGs
[2025-08-13T03:34:14.258+0000] {logging_mixin.py:150} INFO - [2025-08-13T03:34:14.258+0000] {dag.py:3504} INFO - Setting next_dagrun for example_complex to None, run_after=None
[2025-08-13T03:34:14.273+0000] {processor.py:179} INFO - Processing /workspaces/hands-on-introduction-data-engineering-4395021/airflow_env/lib/python3.10/site-packages/airflow/example_dags/example_complex.py took 0.064 seconds
[2025-08-13T03:34:57.617+0000] {processor.py:157} INFO - Started process (PID=9351) to work on /workspaces/hands-on-introduction-data-engineering-4395021/airflow_env/lib/python3.10/site-packages/airflow/example_dags/example_complex.py
[2025-08-13T03:34:57.618+0000] {processor.py:826} INFO - Processing file /workspaces/hands-on-introduction-data-engineering-4395021/airflow_env/lib/python3.10/site-packages/airflow/example_dags/example_complex.py for tasks to queue
[2025-08-13T03:34:57.619+0000] {logging_mixin.py:150} INFO - [2025-08-13T03:34:57.618+0000] {dagbag.py:541} INFO - Filling up the DagBag from /workspaces/hands-on-introduction-data-engineering-4395021/airflow_env/lib/python3.10/site-packages/airflow/example_dags/example_complex.py
[2025-08-13T03:34:57.631+0000] {processor.py:836} INFO - DAG(s) dict_keys(['example_complex']) retrieved from /workspaces/hands-on-introduction-data-engineering-4395021/airflow_env/lib/python3.10/site-packages/airflow/example_dags/example_complex.py
[2025-08-13T03:34:57.670+0000] {logging_mixin.py:150} INFO - [2025-08-13T03:34:57.669+0000] {dag.py:2742} INFO - Sync 1 DAGs
[2025-08-13T03:34:57.690+0000] {logging_mixin.py:150} INFO - [2025-08-13T03:34:57.689+0000] {dag.py:3504} INFO - Setting next_dagrun for example_complex to None, run_after=None
[2025-08-13T03:34:57.707+0000] {processor.py:179} INFO - Processing /workspaces/hands-on-introduction-data-engineering-4395021/airflow_env/lib/python3.10/site-packages/airflow/example_dags/example_complex.py took 0.092 seconds
[2025-08-13T03:35:42.127+0000] {processor.py:157} INFO - Started process (PID=9696) to work on /workspaces/hands-on-introduction-data-engineering-4395021/airflow_env/lib/python3.10/site-packages/airflow/example_dags/example_complex.py
[2025-08-13T03:35:42.128+0000] {processor.py:826} INFO - Processing file /workspaces/hands-on-introduction-data-engineering-4395021/airflow_env/lib/python3.10/site-packages/airflow/example_dags/example_complex.py for tasks to queue
[2025-08-13T03:35:42.128+0000] {logging_mixin.py:150} INFO - [2025-08-13T03:35:42.128+0000] {dagbag.py:541} INFO - Filling up the DagBag from /workspaces/hands-on-introduction-data-engineering-4395021/airflow_env/lib/python3.10/site-packages/airflow/example_dags/example_complex.py
[2025-08-13T03:35:42.136+0000] {processor.py:836} INFO - DAG(s) dict_keys(['example_complex']) retrieved from /workspaces/hands-on-introduction-data-engineering-4395021/airflow_env/lib/python3.10/site-packages/airflow/example_dags/example_complex.py
[2025-08-13T03:35:42.155+0000] {logging_mixin.py:150} INFO - [2025-08-13T03:35:42.154+0000] {dag.py:2742} INFO - Sync 1 DAGs
[2025-08-13T03:35:42.168+0000] {logging_mixin.py:150} INFO - [2025-08-13T03:35:42.168+0000] {dag.py:3504} INFO - Setting next_dagrun for example_complex to None, run_after=None
[2025-08-13T03:35:42.196+0000] {processor.py:179} INFO - Processing /workspaces/hands-on-introduction-data-engineering-4395021/airflow_env/lib/python3.10/site-packages/airflow/example_dags/example_complex.py took 0.071 seconds
[2025-08-13T03:36:27.541+0000] {processor.py:157} INFO - Started process (PID=10145) to work on /workspaces/hands-on-introduction-data-engineering-4395021/airflow_env/lib/python3.10/site-packages/airflow/example_dags/example_complex.py
[2025-08-13T03:36:27.541+0000] {processor.py:826} INFO - Processing file /workspaces/hands-on-introduction-data-engineering-4395021/airflow_env/lib/python3.10/site-packages/airflow/example_dags/example_complex.py for tasks to queue
[2025-08-13T03:36:27.542+0000] {logging_mixin.py:150} INFO - [2025-08-13T03:36:27.542+0000] {dagbag.py:541} INFO - Filling up the DagBag from /workspaces/hands-on-introduction-data-engineering-4395021/airflow_env/lib/python3.10/site-packages/airflow/example_dags/example_complex.py
[2025-08-13T03:36:27.550+0000] {processor.py:836} INFO - DAG(s) dict_keys(['example_complex']) retrieved from /workspaces/hands-on-introduction-data-engineering-4395021/airflow_env/lib/python3.10/site-packages/airflow/example_dags/example_complex.py
[2025-08-13T03:36:27.569+0000] {logging_mixin.py:150} INFO - [2025-08-13T03:36:27.569+0000] {dag.py:2742} INFO - Sync 1 DAGs
[2025-08-13T03:36:27.583+0000] {logging_mixin.py:150} INFO - [2025-08-13T03:36:27.583+0000] {dag.py:3504} INFO - Setting next_dagrun for example_complex to None, run_after=None
[2025-08-13T03:36:27.598+0000] {processor.py:179} INFO - Processing /workspaces/hands-on-introduction-data-engineering-4395021/airflow_env/lib/python3.10/site-packages/airflow/example_dags/example_complex.py took 0.060 seconds
[2025-08-13T03:37:09.418+0000] {processor.py:157} INFO - Started process (PID=10423) to work on /workspaces/hands-on-introduction-data-engineering-4395021/airflow_env/lib/python3.10/site-packages/airflow/example_dags/example_complex.py
[2025-08-13T03:37:09.419+0000] {processor.py:826} INFO - Processing file /workspaces/hands-on-introduction-data-engineering-4395021/airflow_env/lib/python3.10/site-packages/airflow/example_dags/example_complex.py for tasks to queue
[2025-08-13T03:37:09.420+0000] {logging_mixin.py:150} INFO - [2025-08-13T03:37:09.419+0000] {dagbag.py:541} INFO - Filling up the DagBag from /workspaces/hands-on-introduction-data-engineering-4395021/airflow_env/lib/python3.10/site-packages/airflow/example_dags/example_complex.py
[2025-08-13T03:37:09.427+0000] {processor.py:836} INFO - DAG(s) dict_keys(['example_complex']) retrieved from /workspaces/hands-on-introduction-data-engineering-4395021/airflow_env/lib/python3.10/site-packages/airflow/example_dags/example_complex.py
[2025-08-13T03:37:09.446+0000] {logging_mixin.py:150} INFO - [2025-08-13T03:37:09.446+0000] {dag.py:2742} INFO - Sync 1 DAGs
[2025-08-13T03:37:09.460+0000] {logging_mixin.py:150} INFO - [2025-08-13T03:37:09.460+0000] {dag.py:3504} INFO - Setting next_dagrun for example_complex to None, run_after=None
[2025-08-13T03:37:09.474+0000] {processor.py:179} INFO - Processing /workspaces/hands-on-introduction-data-engineering-4395021/airflow_env/lib/python3.10/site-packages/airflow/example_dags/example_complex.py took 0.058 seconds
[2025-08-13T03:37:52.574+0000] {processor.py:157} INFO - Started process (PID=10880) to work on /workspaces/hands-on-introduction-data-engineering-4395021/airflow_env/lib/python3.10/site-packages/airflow/example_dags/example_complex.py
[2025-08-13T03:37:52.575+0000] {processor.py:826} INFO - Processing file /workspaces/hands-on-introduction-data-engineering-4395021/airflow_env/lib/python3.10/site-packages/airflow/example_dags/example_complex.py for tasks to queue
[2025-08-13T03:37:52.576+0000] {logging_mixin.py:150} INFO - [2025-08-13T03:37:52.575+0000] {dagbag.py:541} INFO - Filling up the DagBag from /workspaces/hands-on-introduction-data-engineering-4395021/airflow_env/lib/python3.10/site-packages/airflow/example_dags/example_complex.py
[2025-08-13T03:37:52.583+0000] {processor.py:836} INFO - DAG(s) dict_keys(['example_complex']) retrieved from /workspaces/hands-on-introduction-data-engineering-4395021/airflow_env/lib/python3.10/site-packages/airflow/example_dags/example_complex.py
[2025-08-13T03:37:52.604+0000] {logging_mixin.py:150} INFO - [2025-08-13T03:37:52.604+0000] {dag.py:2742} INFO - Sync 1 DAGs
[2025-08-13T03:37:52.625+0000] {logging_mixin.py:150} INFO - [2025-08-13T03:37:52.625+0000] {dag.py:3504} INFO - Setting next_dagrun for example_complex to None, run_after=None
[2025-08-13T03:37:52.654+0000] {processor.py:179} INFO - Processing /workspaces/hands-on-introduction-data-engineering-4395021/airflow_env/lib/python3.10/site-packages/airflow/example_dags/example_complex.py took 0.082 seconds
[2025-08-13T03:38:38.813+0000] {processor.py:157} INFO - Started process (PID=11349) to work on /workspaces/hands-on-introduction-data-engineering-4395021/airflow_env/lib/python3.10/site-packages/airflow/example_dags/example_complex.py
[2025-08-13T03:38:38.813+0000] {processor.py:826} INFO - Processing file /workspaces/hands-on-introduction-data-engineering-4395021/airflow_env/lib/python3.10/site-packages/airflow/example_dags/example_complex.py for tasks to queue
[2025-08-13T03:38:38.814+0000] {logging_mixin.py:150} INFO - [2025-08-13T03:38:38.814+0000] {dagbag.py:541} INFO - Filling up the DagBag from /workspaces/hands-on-introduction-data-engineering-4395021/airflow_env/lib/python3.10/site-packages/airflow/example_dags/example_complex.py
[2025-08-13T03:38:38.822+0000] {processor.py:836} INFO - DAG(s) dict_keys(['example_complex']) retrieved from /workspaces/hands-on-introduction-data-engineering-4395021/airflow_env/lib/python3.10/site-packages/airflow/example_dags/example_complex.py
[2025-08-13T03:38:38.841+0000] {logging_mixin.py:150} INFO - [2025-08-13T03:38:38.841+0000] {dag.py:2742} INFO - Sync 1 DAGs
[2025-08-13T03:38:38.855+0000] {logging_mixin.py:150} INFO - [2025-08-13T03:38:38.855+0000] {dag.py:3504} INFO - Setting next_dagrun for example_complex to None, run_after=None
[2025-08-13T03:38:38.870+0000] {processor.py:179} INFO - Processing /workspaces/hands-on-introduction-data-engineering-4395021/airflow_env/lib/python3.10/site-packages/airflow/example_dags/example_complex.py took 0.060 seconds
[2025-08-13T10:26:00.400+0000] {processor.py:157} INFO - Started process (PID=2432) to work on /workspaces/hands-on-introduction-data-engineering-4395021/airflow_env/lib/python3.10/site-packages/airflow/example_dags/example_complex.py
[2025-08-13T10:26:00.401+0000] {processor.py:826} INFO - Processing file /workspaces/hands-on-introduction-data-engineering-4395021/airflow_env/lib/python3.10/site-packages/airflow/example_dags/example_complex.py for tasks to queue
[2025-08-13T10:26:00.401+0000] {logging_mixin.py:150} INFO - [2025-08-13T10:26:00.401+0000] {dagbag.py:541} INFO - Filling up the DagBag from /workspaces/hands-on-introduction-data-engineering-4395021/airflow_env/lib/python3.10/site-packages/airflow/example_dags/example_complex.py
[2025-08-13T10:26:00.409+0000] {processor.py:836} INFO - DAG(s) dict_keys(['example_complex']) retrieved from /workspaces/hands-on-introduction-data-engineering-4395021/airflow_env/lib/python3.10/site-packages/airflow/example_dags/example_complex.py
[2025-08-13T10:26:00.428+0000] {logging_mixin.py:150} INFO - [2025-08-13T10:26:00.427+0000] {dag.py:2742} INFO - Sync 1 DAGs
[2025-08-13T10:26:00.442+0000] {logging_mixin.py:150} INFO - [2025-08-13T10:26:00.441+0000] {dag.py:3504} INFO - Setting next_dagrun for example_complex to None, run_after=None
[2025-08-13T10:26:00.456+0000] {processor.py:179} INFO - Processing /workspaces/hands-on-introduction-data-engineering-4395021/airflow_env/lib/python3.10/site-packages/airflow/example_dags/example_complex.py took 0.058 seconds
[2025-08-13T10:26:46.793+0000] {processor.py:157} INFO - Started process (PID=2815) to work on /workspaces/hands-on-introduction-data-engineering-4395021/airflow_env/lib/python3.10/site-packages/airflow/example_dags/example_complex.py
[2025-08-13T10:26:46.794+0000] {processor.py:826} INFO - Processing file /workspaces/hands-on-introduction-data-engineering-4395021/airflow_env/lib/python3.10/site-packages/airflow/example_dags/example_complex.py for tasks to queue
[2025-08-13T10:26:46.794+0000] {logging_mixin.py:150} INFO - [2025-08-13T10:26:46.794+0000] {dagbag.py:541} INFO - Filling up the DagBag from /workspaces/hands-on-introduction-data-engineering-4395021/airflow_env/lib/python3.10/site-packages/airflow/example_dags/example_complex.py
[2025-08-13T10:26:46.802+0000] {processor.py:836} INFO - DAG(s) dict_keys(['example_complex']) retrieved from /workspaces/hands-on-introduction-data-engineering-4395021/airflow_env/lib/python3.10/site-packages/airflow/example_dags/example_complex.py
[2025-08-13T10:26:46.822+0000] {logging_mixin.py:150} INFO - [2025-08-13T10:26:46.822+0000] {dag.py:2742} INFO - Sync 1 DAGs
[2025-08-13T10:26:46.836+0000] {logging_mixin.py:150} INFO - [2025-08-13T10:26:46.836+0000] {dag.py:3504} INFO - Setting next_dagrun for example_complex to None, run_after=None
[2025-08-13T10:26:46.850+0000] {processor.py:179} INFO - Processing /workspaces/hands-on-introduction-data-engineering-4395021/airflow_env/lib/python3.10/site-packages/airflow/example_dags/example_complex.py took 0.059 seconds
[2025-08-13T10:27:29.011+0000] {processor.py:157} INFO - Started process (PID=3094) to work on /workspaces/hands-on-introduction-data-engineering-4395021/airflow_env/lib/python3.10/site-packages/airflow/example_dags/example_complex.py
[2025-08-13T10:27:29.012+0000] {processor.py:826} INFO - Processing file /workspaces/hands-on-introduction-data-engineering-4395021/airflow_env/lib/python3.10/site-packages/airflow/example_dags/example_complex.py for tasks to queue
[2025-08-13T10:27:29.012+0000] {logging_mixin.py:150} INFO - [2025-08-13T10:27:29.012+0000] {dagbag.py:541} INFO - Filling up the DagBag from /workspaces/hands-on-introduction-data-engineering-4395021/airflow_env/lib/python3.10/site-packages/airflow/example_dags/example_complex.py
[2025-08-13T10:27:29.021+0000] {processor.py:836} INFO - DAG(s) dict_keys(['example_complex']) retrieved from /workspaces/hands-on-introduction-data-engineering-4395021/airflow_env/lib/python3.10/site-packages/airflow/example_dags/example_complex.py
[2025-08-13T10:27:29.040+0000] {logging_mixin.py:150} INFO - [2025-08-13T10:27:29.040+0000] {dag.py:2742} INFO - Sync 1 DAGs
[2025-08-13T10:27:29.054+0000] {logging_mixin.py:150} INFO - [2025-08-13T10:27:29.054+0000] {dag.py:3504} INFO - Setting next_dagrun for example_complex to None, run_after=None
[2025-08-13T10:27:29.069+0000] {processor.py:179} INFO - Processing /workspaces/hands-on-introduction-data-engineering-4395021/airflow_env/lib/python3.10/site-packages/airflow/example_dags/example_complex.py took 0.060 seconds
[2025-08-13T10:28:15.238+0000] {processor.py:157} INFO - Started process (PID=3536) to work on /workspaces/hands-on-introduction-data-engineering-4395021/airflow_env/lib/python3.10/site-packages/airflow/example_dags/example_complex.py
[2025-08-13T10:28:15.238+0000] {processor.py:826} INFO - Processing file /workspaces/hands-on-introduction-data-engineering-4395021/airflow_env/lib/python3.10/site-packages/airflow/example_dags/example_complex.py for tasks to queue
[2025-08-13T10:28:15.239+0000] {logging_mixin.py:150} INFO - [2025-08-13T10:28:15.239+0000] {dagbag.py:541} INFO - Filling up the DagBag from /workspaces/hands-on-introduction-data-engineering-4395021/airflow_env/lib/python3.10/site-packages/airflow/example_dags/example_complex.py
[2025-08-13T10:28:15.247+0000] {processor.py:836} INFO - DAG(s) dict_keys(['example_complex']) retrieved from /workspaces/hands-on-introduction-data-engineering-4395021/airflow_env/lib/python3.10/site-packages/airflow/example_dags/example_complex.py
[2025-08-13T10:28:15.265+0000] {logging_mixin.py:150} INFO - [2025-08-13T10:28:15.265+0000] {dag.py:2742} INFO - Sync 1 DAGs
[2025-08-13T10:28:15.279+0000] {logging_mixin.py:150} INFO - [2025-08-13T10:28:15.279+0000] {dag.py:3504} INFO - Setting next_dagrun for example_complex to None, run_after=None
[2025-08-13T10:28:15.295+0000] {processor.py:179} INFO - Processing /workspaces/hands-on-introduction-data-engineering-4395021/airflow_env/lib/python3.10/site-packages/airflow/example_dags/example_complex.py took 0.059 seconds
[2025-08-13T10:28:59.509+0000] {processor.py:157} INFO - Started process (PID=3891) to work on /workspaces/hands-on-introduction-data-engineering-4395021/airflow_env/lib/python3.10/site-packages/airflow/example_dags/example_complex.py
[2025-08-13T10:28:59.509+0000] {processor.py:826} INFO - Processing file /workspaces/hands-on-introduction-data-engineering-4395021/airflow_env/lib/python3.10/site-packages/airflow/example_dags/example_complex.py for tasks to queue
[2025-08-13T10:28:59.510+0000] {logging_mixin.py:150} INFO - [2025-08-13T10:28:59.510+0000] {dagbag.py:541} INFO - Filling up the DagBag from /workspaces/hands-on-introduction-data-engineering-4395021/airflow_env/lib/python3.10/site-packages/airflow/example_dags/example_complex.py
[2025-08-13T10:28:59.518+0000] {processor.py:836} INFO - DAG(s) dict_keys(['example_complex']) retrieved from /workspaces/hands-on-introduction-data-engineering-4395021/airflow_env/lib/python3.10/site-packages/airflow/example_dags/example_complex.py
[2025-08-13T10:28:59.537+0000] {logging_mixin.py:150} INFO - [2025-08-13T10:28:59.537+0000] {dag.py:2742} INFO - Sync 1 DAGs
[2025-08-13T10:28:59.551+0000] {logging_mixin.py:150} INFO - [2025-08-13T10:28:59.551+0000] {dag.py:3504} INFO - Setting next_dagrun for example_complex to None, run_after=None
[2025-08-13T10:28:59.567+0000] {processor.py:179} INFO - Processing /workspaces/hands-on-introduction-data-engineering-4395021/airflow_env/lib/python3.10/site-packages/airflow/example_dags/example_complex.py took 0.060 seconds
[2025-08-13T10:29:46.017+0000] {processor.py:157} INFO - Started process (PID=4250) to work on /workspaces/hands-on-introduction-data-engineering-4395021/airflow_env/lib/python3.10/site-packages/airflow/example_dags/example_complex.py
[2025-08-13T10:29:46.017+0000] {processor.py:826} INFO - Processing file /workspaces/hands-on-introduction-data-engineering-4395021/airflow_env/lib/python3.10/site-packages/airflow/example_dags/example_complex.py for tasks to queue
[2025-08-13T10:29:46.018+0000] {logging_mixin.py:150} INFO - [2025-08-13T10:29:46.018+0000] {dagbag.py:541} INFO - Filling up the DagBag from /workspaces/hands-on-introduction-data-engineering-4395021/airflow_env/lib/python3.10/site-packages/airflow/example_dags/example_complex.py
[2025-08-13T10:29:46.026+0000] {processor.py:836} INFO - DAG(s) dict_keys(['example_complex']) retrieved from /workspaces/hands-on-introduction-data-engineering-4395021/airflow_env/lib/python3.10/site-packages/airflow/example_dags/example_complex.py
[2025-08-13T10:29:46.045+0000] {logging_mixin.py:150} INFO - [2025-08-13T10:29:46.045+0000] {dag.py:2742} INFO - Sync 1 DAGs
[2025-08-13T10:29:46.059+0000] {logging_mixin.py:150} INFO - [2025-08-13T10:29:46.059+0000] {dag.py:3504} INFO - Setting next_dagrun for example_complex to None, run_after=None
[2025-08-13T10:29:46.076+0000] {processor.py:179} INFO - Processing /workspaces/hands-on-introduction-data-engineering-4395021/airflow_env/lib/python3.10/site-packages/airflow/example_dags/example_complex.py took 0.061 seconds
[2025-08-13T10:30:30.297+0000] {processor.py:157} INFO - Started process (PID=4543) to work on /workspaces/hands-on-introduction-data-engineering-4395021/airflow_env/lib/python3.10/site-packages/airflow/example_dags/example_complex.py
[2025-08-13T10:30:30.298+0000] {processor.py:826} INFO - Processing file /workspaces/hands-on-introduction-data-engineering-4395021/airflow_env/lib/python3.10/site-packages/airflow/example_dags/example_complex.py for tasks to queue
[2025-08-13T10:30:30.299+0000] {logging_mixin.py:150} INFO - [2025-08-13T10:30:30.298+0000] {dagbag.py:541} INFO - Filling up the DagBag from /workspaces/hands-on-introduction-data-engineering-4395021/airflow_env/lib/python3.10/site-packages/airflow/example_dags/example_complex.py
[2025-08-13T10:30:30.307+0000] {processor.py:836} INFO - DAG(s) dict_keys(['example_complex']) retrieved from /workspaces/hands-on-introduction-data-engineering-4395021/airflow_env/lib/python3.10/site-packages/airflow/example_dags/example_complex.py
[2025-08-13T10:30:30.328+0000] {logging_mixin.py:150} INFO - [2025-08-13T10:30:30.328+0000] {dag.py:2742} INFO - Sync 1 DAGs
[2025-08-13T10:30:30.349+0000] {logging_mixin.py:150} INFO - [2025-08-13T10:30:30.349+0000] {dag.py:3504} INFO - Setting next_dagrun for example_complex to None, run_after=None
[2025-08-13T10:30:30.370+0000] {processor.py:179} INFO - Processing /workspaces/hands-on-introduction-data-engineering-4395021/airflow_env/lib/python3.10/site-packages/airflow/example_dags/example_complex.py took 0.074 seconds
[2025-08-13T10:31:14.225+0000] {processor.py:157} INFO - Started process (PID=4859) to work on /workspaces/hands-on-introduction-data-engineering-4395021/airflow_env/lib/python3.10/site-packages/airflow/example_dags/example_complex.py
[2025-08-13T10:31:14.225+0000] {processor.py:826} INFO - Processing file /workspaces/hands-on-introduction-data-engineering-4395021/airflow_env/lib/python3.10/site-packages/airflow/example_dags/example_complex.py for tasks to queue
[2025-08-13T10:31:14.226+0000] {logging_mixin.py:150} INFO - [2025-08-13T10:31:14.226+0000] {dagbag.py:541} INFO - Filling up the DagBag from /workspaces/hands-on-introduction-data-engineering-4395021/airflow_env/lib/python3.10/site-packages/airflow/example_dags/example_complex.py
[2025-08-13T10:31:14.234+0000] {processor.py:836} INFO - DAG(s) dict_keys(['example_complex']) retrieved from /workspaces/hands-on-introduction-data-engineering-4395021/airflow_env/lib/python3.10/site-packages/airflow/example_dags/example_complex.py
[2025-08-13T10:31:14.253+0000] {logging_mixin.py:150} INFO - [2025-08-13T10:31:14.253+0000] {dag.py:2742} INFO - Sync 1 DAGs
[2025-08-13T10:31:14.268+0000] {logging_mixin.py:150} INFO - [2025-08-13T10:31:14.267+0000] {dag.py:3504} INFO - Setting next_dagrun for example_complex to None, run_after=None
[2025-08-13T10:31:14.283+0000] {processor.py:179} INFO - Processing /workspaces/hands-on-introduction-data-engineering-4395021/airflow_env/lib/python3.10/site-packages/airflow/example_dags/example_complex.py took 0.060 seconds
[2025-08-13T10:31:57.895+0000] {processor.py:157} INFO - Started process (PID=5153) to work on /workspaces/hands-on-introduction-data-engineering-4395021/airflow_env/lib/python3.10/site-packages/airflow/example_dags/example_complex.py
[2025-08-13T10:31:57.896+0000] {processor.py:826} INFO - Processing file /workspaces/hands-on-introduction-data-engineering-4395021/airflow_env/lib/python3.10/site-packages/airflow/example_dags/example_complex.py for tasks to queue
[2025-08-13T10:31:57.896+0000] {logging_mixin.py:150} INFO - [2025-08-13T10:31:57.896+0000] {dagbag.py:541} INFO - Filling up the DagBag from /workspaces/hands-on-introduction-data-engineering-4395021/airflow_env/lib/python3.10/site-packages/airflow/example_dags/example_complex.py
[2025-08-13T10:31:57.904+0000] {processor.py:836} INFO - DAG(s) dict_keys(['example_complex']) retrieved from /workspaces/hands-on-introduction-data-engineering-4395021/airflow_env/lib/python3.10/site-packages/airflow/example_dags/example_complex.py
[2025-08-13T10:31:57.923+0000] {logging_mixin.py:150} INFO - [2025-08-13T10:31:57.923+0000] {dag.py:2742} INFO - Sync 1 DAGs
[2025-08-13T10:31:57.937+0000] {logging_mixin.py:150} INFO - [2025-08-13T10:31:57.937+0000] {dag.py:3504} INFO - Setting next_dagrun for example_complex to None, run_after=None
[2025-08-13T10:31:57.951+0000] {processor.py:179} INFO - Processing /workspaces/hands-on-introduction-data-engineering-4395021/airflow_env/lib/python3.10/site-packages/airflow/example_dags/example_complex.py took 0.058 seconds
[2025-08-13T10:32:42.386+0000] {processor.py:157} INFO - Started process (PID=5445) to work on /workspaces/hands-on-introduction-data-engineering-4395021/airflow_env/lib/python3.10/site-packages/airflow/example_dags/example_complex.py
[2025-08-13T10:32:42.386+0000] {processor.py:826} INFO - Processing file /workspaces/hands-on-introduction-data-engineering-4395021/airflow_env/lib/python3.10/site-packages/airflow/example_dags/example_complex.py for tasks to queue
[2025-08-13T10:32:42.387+0000] {logging_mixin.py:150} INFO - [2025-08-13T10:32:42.387+0000] {dagbag.py:541} INFO - Filling up the DagBag from /workspaces/hands-on-introduction-data-engineering-4395021/airflow_env/lib/python3.10/site-packages/airflow/example_dags/example_complex.py
[2025-08-13T10:32:42.395+0000] {processor.py:836} INFO - DAG(s) dict_keys(['example_complex']) retrieved from /workspaces/hands-on-introduction-data-engineering-4395021/airflow_env/lib/python3.10/site-packages/airflow/example_dags/example_complex.py
[2025-08-13T10:32:42.414+0000] {logging_mixin.py:150} INFO - [2025-08-13T10:32:42.414+0000] {dag.py:2742} INFO - Sync 1 DAGs
[2025-08-13T10:32:42.428+0000] {logging_mixin.py:150} INFO - [2025-08-13T10:32:42.428+0000] {dag.py:3504} INFO - Setting next_dagrun for example_complex to None, run_after=None
[2025-08-13T10:32:42.443+0000] {processor.py:179} INFO - Processing /workspaces/hands-on-introduction-data-engineering-4395021/airflow_env/lib/python3.10/site-packages/airflow/example_dags/example_complex.py took 0.060 seconds
[2025-08-13T10:33:27.501+0000] {processor.py:157} INFO - Started process (PID=5873) to work on /workspaces/hands-on-introduction-data-engineering-4395021/airflow_env/lib/python3.10/site-packages/airflow/example_dags/example_complex.py
[2025-08-13T10:33:27.502+0000] {processor.py:826} INFO - Processing file /workspaces/hands-on-introduction-data-engineering-4395021/airflow_env/lib/python3.10/site-packages/airflow/example_dags/example_complex.py for tasks to queue
[2025-08-13T10:33:27.503+0000] {logging_mixin.py:150} INFO - [2025-08-13T10:33:27.502+0000] {dagbag.py:541} INFO - Filling up the DagBag from /workspaces/hands-on-introduction-data-engineering-4395021/airflow_env/lib/python3.10/site-packages/airflow/example_dags/example_complex.py
[2025-08-13T10:33:27.511+0000] {processor.py:836} INFO - DAG(s) dict_keys(['example_complex']) retrieved from /workspaces/hands-on-introduction-data-engineering-4395021/airflow_env/lib/python3.10/site-packages/airflow/example_dags/example_complex.py
[2025-08-13T10:33:27.535+0000] {logging_mixin.py:150} INFO - [2025-08-13T10:33:27.535+0000] {dag.py:2742} INFO - Sync 1 DAGs
[2025-08-13T10:33:27.549+0000] {logging_mixin.py:150} INFO - [2025-08-13T10:33:27.548+0000] {dag.py:3504} INFO - Setting next_dagrun for example_complex to None, run_after=None
[2025-08-13T10:33:27.564+0000] {processor.py:179} INFO - Processing /workspaces/hands-on-introduction-data-engineering-4395021/airflow_env/lib/python3.10/site-packages/airflow/example_dags/example_complex.py took 0.065 seconds
[2025-08-13T10:34:11.031+0000] {processor.py:157} INFO - Started process (PID=6215) to work on /workspaces/hands-on-introduction-data-engineering-4395021/airflow_env/lib/python3.10/site-packages/airflow/example_dags/example_complex.py
[2025-08-13T10:34:11.032+0000] {processor.py:826} INFO - Processing file /workspaces/hands-on-introduction-data-engineering-4395021/airflow_env/lib/python3.10/site-packages/airflow/example_dags/example_complex.py for tasks to queue
[2025-08-13T10:34:11.033+0000] {logging_mixin.py:150} INFO - [2025-08-13T10:34:11.033+0000] {dagbag.py:541} INFO - Filling up the DagBag from /workspaces/hands-on-introduction-data-engineering-4395021/airflow_env/lib/python3.10/site-packages/airflow/example_dags/example_complex.py
[2025-08-13T10:34:11.046+0000] {processor.py:836} INFO - DAG(s) dict_keys(['example_complex']) retrieved from /workspaces/hands-on-introduction-data-engineering-4395021/airflow_env/lib/python3.10/site-packages/airflow/example_dags/example_complex.py
[2025-08-13T10:34:11.071+0000] {logging_mixin.py:150} INFO - [2025-08-13T10:34:11.071+0000] {dag.py:2742} INFO - Sync 1 DAGs
[2025-08-13T10:34:11.085+0000] {logging_mixin.py:150} INFO - [2025-08-13T10:34:11.085+0000] {dag.py:3504} INFO - Setting next_dagrun for example_complex to None, run_after=None
[2025-08-13T10:34:11.101+0000] {processor.py:179} INFO - Processing /workspaces/hands-on-introduction-data-engineering-4395021/airflow_env/lib/python3.10/site-packages/airflow/example_dags/example_complex.py took 0.073 seconds
[2025-08-13T10:34:56.029+0000] {processor.py:157} INFO - Started process (PID=6628) to work on /workspaces/hands-on-introduction-data-engineering-4395021/airflow_env/lib/python3.10/site-packages/airflow/example_dags/example_complex.py
[2025-08-13T10:34:56.030+0000] {processor.py:826} INFO - Processing file /workspaces/hands-on-introduction-data-engineering-4395021/airflow_env/lib/python3.10/site-packages/airflow/example_dags/example_complex.py for tasks to queue
[2025-08-13T10:34:56.031+0000] {logging_mixin.py:150} INFO - [2025-08-13T10:34:56.030+0000] {dagbag.py:541} INFO - Filling up the DagBag from /workspaces/hands-on-introduction-data-engineering-4395021/airflow_env/lib/python3.10/site-packages/airflow/example_dags/example_complex.py
[2025-08-13T10:34:56.039+0000] {processor.py:836} INFO - DAG(s) dict_keys(['example_complex']) retrieved from /workspaces/hands-on-introduction-data-engineering-4395021/airflow_env/lib/python3.10/site-packages/airflow/example_dags/example_complex.py
[2025-08-13T10:34:56.058+0000] {logging_mixin.py:150} INFO - [2025-08-13T10:34:56.058+0000] {dag.py:2742} INFO - Sync 1 DAGs
[2025-08-13T10:34:56.080+0000] {logging_mixin.py:150} INFO - [2025-08-13T10:34:56.080+0000] {dag.py:3504} INFO - Setting next_dagrun for example_complex to None, run_after=None
[2025-08-13T10:34:56.102+0000] {processor.py:179} INFO - Processing /workspaces/hands-on-introduction-data-engineering-4395021/airflow_env/lib/python3.10/site-packages/airflow/example_dags/example_complex.py took 0.075 seconds
[2025-08-13T10:35:38.840+0000] {processor.py:157} INFO - Started process (PID=6914) to work on /workspaces/hands-on-introduction-data-engineering-4395021/airflow_env/lib/python3.10/site-packages/airflow/example_dags/example_complex.py
[2025-08-13T10:35:38.841+0000] {processor.py:826} INFO - Processing file /workspaces/hands-on-introduction-data-engineering-4395021/airflow_env/lib/python3.10/site-packages/airflow/example_dags/example_complex.py for tasks to queue
[2025-08-13T10:35:38.841+0000] {logging_mixin.py:150} INFO - [2025-08-13T10:35:38.841+0000] {dagbag.py:541} INFO - Filling up the DagBag from /workspaces/hands-on-introduction-data-engineering-4395021/airflow_env/lib/python3.10/site-packages/airflow/example_dags/example_complex.py
[2025-08-13T10:35:38.849+0000] {processor.py:836} INFO - DAG(s) dict_keys(['example_complex']) retrieved from /workspaces/hands-on-introduction-data-engineering-4395021/airflow_env/lib/python3.10/site-packages/airflow/example_dags/example_complex.py
[2025-08-13T10:35:38.868+0000] {logging_mixin.py:150} INFO - [2025-08-13T10:35:38.868+0000] {dag.py:2742} INFO - Sync 1 DAGs
[2025-08-13T10:35:38.881+0000] {logging_mixin.py:150} INFO - [2025-08-13T10:35:38.881+0000] {dag.py:3504} INFO - Setting next_dagrun for example_complex to None, run_after=None
[2025-08-13T10:35:38.896+0000] {processor.py:179} INFO - Processing /workspaces/hands-on-introduction-data-engineering-4395021/airflow_env/lib/python3.10/site-packages/airflow/example_dags/example_complex.py took 0.058 seconds
[2025-08-13T10:36:20.061+0000] {processor.py:157} INFO - Started process (PID=7186) to work on /workspaces/hands-on-introduction-data-engineering-4395021/airflow_env/lib/python3.10/site-packages/airflow/example_dags/example_complex.py
[2025-08-13T10:36:20.061+0000] {processor.py:826} INFO - Processing file /workspaces/hands-on-introduction-data-engineering-4395021/airflow_env/lib/python3.10/site-packages/airflow/example_dags/example_complex.py for tasks to queue
[2025-08-13T10:36:20.062+0000] {logging_mixin.py:150} INFO - [2025-08-13T10:36:20.062+0000] {dagbag.py:541} INFO - Filling up the DagBag from /workspaces/hands-on-introduction-data-engineering-4395021/airflow_env/lib/python3.10/site-packages/airflow/example_dags/example_complex.py
[2025-08-13T10:36:20.070+0000] {processor.py:836} INFO - DAG(s) dict_keys(['example_complex']) retrieved from /workspaces/hands-on-introduction-data-engineering-4395021/airflow_env/lib/python3.10/site-packages/airflow/example_dags/example_complex.py
[2025-08-13T10:36:20.089+0000] {logging_mixin.py:150} INFO - [2025-08-13T10:36:20.089+0000] {dag.py:2742} INFO - Sync 1 DAGs
[2025-08-13T10:36:20.103+0000] {logging_mixin.py:150} INFO - [2025-08-13T10:36:20.103+0000] {dag.py:3504} INFO - Setting next_dagrun for example_complex to None, run_after=None
[2025-08-13T10:36:20.118+0000] {processor.py:179} INFO - Processing /workspaces/hands-on-introduction-data-engineering-4395021/airflow_env/lib/python3.10/site-packages/airflow/example_dags/example_complex.py took 0.060 seconds
[2025-08-13T10:37:05.996+0000] {processor.py:157} INFO - Started process (PID=7500) to work on /workspaces/hands-on-introduction-data-engineering-4395021/airflow_env/lib/python3.10/site-packages/airflow/example_dags/example_complex.py
[2025-08-13T10:37:05.996+0000] {processor.py:826} INFO - Processing file /workspaces/hands-on-introduction-data-engineering-4395021/airflow_env/lib/python3.10/site-packages/airflow/example_dags/example_complex.py for tasks to queue
[2025-08-13T10:37:05.997+0000] {logging_mixin.py:150} INFO - [2025-08-13T10:37:05.997+0000] {dagbag.py:541} INFO - Filling up the DagBag from /workspaces/hands-on-introduction-data-engineering-4395021/airflow_env/lib/python3.10/site-packages/airflow/example_dags/example_complex.py
[2025-08-13T10:37:06.005+0000] {processor.py:836} INFO - DAG(s) dict_keys(['example_complex']) retrieved from /workspaces/hands-on-introduction-data-engineering-4395021/airflow_env/lib/python3.10/site-packages/airflow/example_dags/example_complex.py
[2025-08-13T10:37:06.024+0000] {logging_mixin.py:150} INFO - [2025-08-13T10:37:06.023+0000] {dag.py:2742} INFO - Sync 1 DAGs
[2025-08-13T10:37:06.037+0000] {logging_mixin.py:150} INFO - [2025-08-13T10:37:06.037+0000] {dag.py:3504} INFO - Setting next_dagrun for example_complex to None, run_after=None
[2025-08-13T10:37:06.052+0000] {processor.py:179} INFO - Processing /workspaces/hands-on-introduction-data-engineering-4395021/airflow_env/lib/python3.10/site-packages/airflow/example_dags/example_complex.py took 0.059 seconds
[2025-08-13T10:37:55.955+0000] {processor.py:157} INFO - Started process (PID=7830) to work on /workspaces/hands-on-introduction-data-engineering-4395021/airflow_env/lib/python3.10/site-packages/airflow/example_dags/example_complex.py
[2025-08-13T10:37:55.955+0000] {processor.py:826} INFO - Processing file /workspaces/hands-on-introduction-data-engineering-4395021/airflow_env/lib/python3.10/site-packages/airflow/example_dags/example_complex.py for tasks to queue
[2025-08-13T10:37:55.956+0000] {logging_mixin.py:150} INFO - [2025-08-13T10:37:55.956+0000] {dagbag.py:541} INFO - Filling up the DagBag from /workspaces/hands-on-introduction-data-engineering-4395021/airflow_env/lib/python3.10/site-packages/airflow/example_dags/example_complex.py
[2025-08-13T10:37:55.964+0000] {processor.py:836} INFO - DAG(s) dict_keys(['example_complex']) retrieved from /workspaces/hands-on-introduction-data-engineering-4395021/airflow_env/lib/python3.10/site-packages/airflow/example_dags/example_complex.py
[2025-08-13T10:37:55.983+0000] {logging_mixin.py:150} INFO - [2025-08-13T10:37:55.983+0000] {dag.py:2742} INFO - Sync 1 DAGs
[2025-08-13T10:37:55.997+0000] {logging_mixin.py:150} INFO - [2025-08-13T10:37:55.997+0000] {dag.py:3504} INFO - Setting next_dagrun for example_complex to None, run_after=None
[2025-08-13T10:37:56.013+0000] {processor.py:179} INFO - Processing /workspaces/hands-on-introduction-data-engineering-4395021/airflow_env/lib/python3.10/site-packages/airflow/example_dags/example_complex.py took 0.061 seconds
[2025-08-13T10:38:41.182+0000] {processor.py:157} INFO - Started process (PID=8173) to work on /workspaces/hands-on-introduction-data-engineering-4395021/airflow_env/lib/python3.10/site-packages/airflow/example_dags/example_complex.py
[2025-08-13T10:38:41.182+0000] {processor.py:826} INFO - Processing file /workspaces/hands-on-introduction-data-engineering-4395021/airflow_env/lib/python3.10/site-packages/airflow/example_dags/example_complex.py for tasks to queue
[2025-08-13T10:38:41.183+0000] {logging_mixin.py:150} INFO - [2025-08-13T10:38:41.183+0000] {dagbag.py:541} INFO - Filling up the DagBag from /workspaces/hands-on-introduction-data-engineering-4395021/airflow_env/lib/python3.10/site-packages/airflow/example_dags/example_complex.py
[2025-08-13T10:38:41.191+0000] {processor.py:836} INFO - DAG(s) dict_keys(['example_complex']) retrieved from /workspaces/hands-on-introduction-data-engineering-4395021/airflow_env/lib/python3.10/site-packages/airflow/example_dags/example_complex.py
[2025-08-13T10:38:41.210+0000] {logging_mixin.py:150} INFO - [2025-08-13T10:38:41.209+0000] {dag.py:2742} INFO - Sync 1 DAGs
[2025-08-13T10:38:41.224+0000] {logging_mixin.py:150} INFO - [2025-08-13T10:38:41.224+0000] {dag.py:3504} INFO - Setting next_dagrun for example_complex to None, run_after=None
[2025-08-13T10:38:41.238+0000] {processor.py:179} INFO - Processing /workspaces/hands-on-introduction-data-engineering-4395021/airflow_env/lib/python3.10/site-packages/airflow/example_dags/example_complex.py took 0.059 seconds
[2025-08-13T10:39:24.700+0000] {processor.py:157} INFO - Started process (PID=8466) to work on /workspaces/hands-on-introduction-data-engineering-4395021/airflow_env/lib/python3.10/site-packages/airflow/example_dags/example_complex.py
[2025-08-13T10:39:24.701+0000] {processor.py:826} INFO - Processing file /workspaces/hands-on-introduction-data-engineering-4395021/airflow_env/lib/python3.10/site-packages/airflow/example_dags/example_complex.py for tasks to queue
[2025-08-13T10:39:24.702+0000] {logging_mixin.py:150} INFO - [2025-08-13T10:39:24.702+0000] {dagbag.py:541} INFO - Filling up the DagBag from /workspaces/hands-on-introduction-data-engineering-4395021/airflow_env/lib/python3.10/site-packages/airflow/example_dags/example_complex.py
[2025-08-13T10:39:24.717+0000] {processor.py:836} INFO - DAG(s) dict_keys(['example_complex']) retrieved from /workspaces/hands-on-introduction-data-engineering-4395021/airflow_env/lib/python3.10/site-packages/airflow/example_dags/example_complex.py
[2025-08-13T10:39:24.745+0000] {logging_mixin.py:150} INFO - [2025-08-13T10:39:24.745+0000] {dag.py:2742} INFO - Sync 1 DAGs
[2025-08-13T10:39:24.767+0000] {logging_mixin.py:150} INFO - [2025-08-13T10:39:24.767+0000] {dag.py:3504} INFO - Setting next_dagrun for example_complex to None, run_after=None
[2025-08-13T10:39:24.785+0000] {processor.py:179} INFO - Processing /workspaces/hands-on-introduction-data-engineering-4395021/airflow_env/lib/python3.10/site-packages/airflow/example_dags/example_complex.py took 0.087 seconds
[2025-08-13T10:40:11.511+0000] {processor.py:157} INFO - Started process (PID=8775) to work on /workspaces/hands-on-introduction-data-engineering-4395021/airflow_env/lib/python3.10/site-packages/airflow/example_dags/example_complex.py
[2025-08-13T10:40:11.512+0000] {processor.py:826} INFO - Processing file /workspaces/hands-on-introduction-data-engineering-4395021/airflow_env/lib/python3.10/site-packages/airflow/example_dags/example_complex.py for tasks to queue
[2025-08-13T10:40:11.513+0000] {logging_mixin.py:150} INFO - [2025-08-13T10:40:11.512+0000] {dagbag.py:541} INFO - Filling up the DagBag from /workspaces/hands-on-introduction-data-engineering-4395021/airflow_env/lib/python3.10/site-packages/airflow/example_dags/example_complex.py
[2025-08-13T10:40:11.525+0000] {processor.py:836} INFO - DAG(s) dict_keys(['example_complex']) retrieved from /workspaces/hands-on-introduction-data-engineering-4395021/airflow_env/lib/python3.10/site-packages/airflow/example_dags/example_complex.py
[2025-08-13T10:40:11.558+0000] {logging_mixin.py:150} INFO - [2025-08-13T10:40:11.557+0000] {dag.py:2742} INFO - Sync 1 DAGs
[2025-08-13T10:40:11.578+0000] {logging_mixin.py:150} INFO - [2025-08-13T10:40:11.578+0000] {dag.py:3504} INFO - Setting next_dagrun for example_complex to None, run_after=None
[2025-08-13T10:40:11.594+0000] {processor.py:179} INFO - Processing /workspaces/hands-on-introduction-data-engineering-4395021/airflow_env/lib/python3.10/site-packages/airflow/example_dags/example_complex.py took 0.086 seconds
[2025-08-13T10:40:54.781+0000] {processor.py:157} INFO - Started process (PID=9112) to work on /workspaces/hands-on-introduction-data-engineering-4395021/airflow_env/lib/python3.10/site-packages/airflow/example_dags/example_complex.py
[2025-08-13T10:40:54.782+0000] {processor.py:826} INFO - Processing file /workspaces/hands-on-introduction-data-engineering-4395021/airflow_env/lib/python3.10/site-packages/airflow/example_dags/example_complex.py for tasks to queue
[2025-08-13T10:40:54.783+0000] {logging_mixin.py:150} INFO - [2025-08-13T10:40:54.782+0000] {dagbag.py:541} INFO - Filling up the DagBag from /workspaces/hands-on-introduction-data-engineering-4395021/airflow_env/lib/python3.10/site-packages/airflow/example_dags/example_complex.py
[2025-08-13T10:40:54.791+0000] {processor.py:836} INFO - DAG(s) dict_keys(['example_complex']) retrieved from /workspaces/hands-on-introduction-data-engineering-4395021/airflow_env/lib/python3.10/site-packages/airflow/example_dags/example_complex.py
[2025-08-13T10:40:54.809+0000] {logging_mixin.py:150} INFO - [2025-08-13T10:40:54.809+0000] {dag.py:2742} INFO - Sync 1 DAGs
[2025-08-13T10:40:54.823+0000] {logging_mixin.py:150} INFO - [2025-08-13T10:40:54.822+0000] {dag.py:3504} INFO - Setting next_dagrun for example_complex to None, run_after=None
[2025-08-13T10:40:54.838+0000] {processor.py:179} INFO - Processing /workspaces/hands-on-introduction-data-engineering-4395021/airflow_env/lib/python3.10/site-packages/airflow/example_dags/example_complex.py took 0.058 seconds
