[2025-08-13T03:24:50.944+0000] {processor.py:157} INFO - Started process (PID=4784) to work on /workspaces/hands-on-introduction-data-engineering-4395021/airflow_env/lib/python3.10/site-packages/airflow/example_dags/example_sla_dag.py
[2025-08-13T03:24:50.945+0000] {processor.py:826} INFO - Processing file /workspaces/hands-on-introduction-data-engineering-4395021/airflow_env/lib/python3.10/site-packages/airflow/example_dags/example_sla_dag.py for tasks to queue
[2025-08-13T03:24:50.945+0000] {logging_mixin.py:150} INFO - [2025-08-13T03:24:50.945+0000] {dagbag.py:541} INFO - Filling up the DagBag from /workspaces/hands-on-introduction-data-engineering-4395021/airflow_env/lib/python3.10/site-packages/airflow/example_dags/example_sla_dag.py
[2025-08-13T03:24:50.952+0000] {processor.py:836} INFO - DAG(s) dict_keys(['example_sla_dag']) retrieved from /workspaces/hands-on-introduction-data-engineering-4395021/airflow_env/lib/python3.10/site-packages/airflow/example_dags/example_sla_dag.py
[2025-08-13T03:24:51.069+0000] {logging_mixin.py:150} INFO - [2025-08-13T03:24:51.068+0000] {manager.py:504} INFO - Created Permission View: can read on DAG:example_sla_dag
[2025-08-13T03:24:51.082+0000] {logging_mixin.py:150} INFO - [2025-08-13T03:24:51.082+0000] {manager.py:504} INFO - Created Permission View: can edit on DAG:example_sla_dag
[2025-08-13T03:24:51.090+0000] {logging_mixin.py:150} INFO - [2025-08-13T03:24:51.090+0000] {manager.py:504} INFO - Created Permission View: can delete on DAG:example_sla_dag
[2025-08-13T03:24:51.097+0000] {logging_mixin.py:150} INFO - [2025-08-13T03:24:51.097+0000] {dag.py:2742} INFO - Sync 1 DAGs
[2025-08-13T03:24:51.104+0000] {logging_mixin.py:150} INFO - [2025-08-13T03:24:51.104+0000] {dag.py:2763} INFO - Creating ORM DAG for example_sla_dag
[2025-08-13T03:24:51.113+0000] {logging_mixin.py:150} INFO - [2025-08-13T03:24:51.113+0000] {dag.py:3504} INFO - Setting next_dagrun for example_sla_dag to 2025-08-13T03:22:00+00:00, run_after=2025-08-13T03:24:00+00:00
[2025-08-13T03:24:51.128+0000] {processor.py:179} INFO - Processing /workspaces/hands-on-introduction-data-engineering-4395021/airflow_env/lib/python3.10/site-packages/airflow/example_dags/example_sla_dag.py took 0.186 seconds
[2025-08-13T03:25:38.690+0000] {processor.py:157} INFO - Started process (PID=5141) to work on /workspaces/hands-on-introduction-data-engineering-4395021/airflow_env/lib/python3.10/site-packages/airflow/example_dags/example_sla_dag.py
[2025-08-13T03:25:38.691+0000] {processor.py:826} INFO - Processing file /workspaces/hands-on-introduction-data-engineering-4395021/airflow_env/lib/python3.10/site-packages/airflow/example_dags/example_sla_dag.py for tasks to queue
[2025-08-13T03:25:38.692+0000] {logging_mixin.py:150} INFO - [2025-08-13T03:25:38.691+0000] {dagbag.py:541} INFO - Filling up the DagBag from /workspaces/hands-on-introduction-data-engineering-4395021/airflow_env/lib/python3.10/site-packages/airflow/example_dags/example_sla_dag.py
[2025-08-13T03:25:38.698+0000] {processor.py:836} INFO - DAG(s) dict_keys(['example_sla_dag']) retrieved from /workspaces/hands-on-introduction-data-engineering-4395021/airflow_env/lib/python3.10/site-packages/airflow/example_dags/example_sla_dag.py
[2025-08-13T03:25:38.709+0000] {logging_mixin.py:150} INFO - [2025-08-13T03:25:38.709+0000] {dag.py:2742} INFO - Sync 1 DAGs
[2025-08-13T03:25:38.730+0000] {logging_mixin.py:150} INFO - [2025-08-13T03:25:38.730+0000] {dag.py:3504} INFO - Setting next_dagrun for example_sla_dag to 2025-08-13T03:22:00+00:00, run_after=2025-08-13T03:24:00+00:00
[2025-08-13T03:25:38.744+0000] {processor.py:179} INFO - Processing /workspaces/hands-on-introduction-data-engineering-4395021/airflow_env/lib/python3.10/site-packages/airflow/example_dags/example_sla_dag.py took 0.056 seconds
[2025-08-13T03:26:22.794+0000] {processor.py:157} INFO - Started process (PID=5435) to work on /workspaces/hands-on-introduction-data-engineering-4395021/airflow_env/lib/python3.10/site-packages/airflow/example_dags/example_sla_dag.py
[2025-08-13T03:26:22.795+0000] {processor.py:826} INFO - Processing file /workspaces/hands-on-introduction-data-engineering-4395021/airflow_env/lib/python3.10/site-packages/airflow/example_dags/example_sla_dag.py for tasks to queue
[2025-08-13T03:26:22.795+0000] {logging_mixin.py:150} INFO - [2025-08-13T03:26:22.795+0000] {dagbag.py:541} INFO - Filling up the DagBag from /workspaces/hands-on-introduction-data-engineering-4395021/airflow_env/lib/python3.10/site-packages/airflow/example_dags/example_sla_dag.py
[2025-08-13T03:26:22.802+0000] {processor.py:836} INFO - DAG(s) dict_keys(['example_sla_dag']) retrieved from /workspaces/hands-on-introduction-data-engineering-4395021/airflow_env/lib/python3.10/site-packages/airflow/example_dags/example_sla_dag.py
[2025-08-13T03:26:22.813+0000] {logging_mixin.py:150} INFO - [2025-08-13T03:26:22.813+0000] {dag.py:2742} INFO - Sync 1 DAGs
[2025-08-13T03:26:22.830+0000] {logging_mixin.py:150} INFO - [2025-08-13T03:26:22.830+0000] {dag.py:3504} INFO - Setting next_dagrun for example_sla_dag to 2025-08-13T03:24:00+00:00, run_after=2025-08-13T03:26:00+00:00
[2025-08-13T03:26:22.845+0000] {processor.py:179} INFO - Processing /workspaces/hands-on-introduction-data-engineering-4395021/airflow_env/lib/python3.10/site-packages/airflow/example_dags/example_sla_dag.py took 0.053 seconds
[2025-08-13T03:27:08.631+0000] {processor.py:157} INFO - Started process (PID=5742) to work on /workspaces/hands-on-introduction-data-engineering-4395021/airflow_env/lib/python3.10/site-packages/airflow/example_dags/example_sla_dag.py
[2025-08-13T03:27:08.631+0000] {processor.py:826} INFO - Processing file /workspaces/hands-on-introduction-data-engineering-4395021/airflow_env/lib/python3.10/site-packages/airflow/example_dags/example_sla_dag.py for tasks to queue
[2025-08-13T03:27:08.632+0000] {logging_mixin.py:150} INFO - [2025-08-13T03:27:08.632+0000] {dagbag.py:541} INFO - Filling up the DagBag from /workspaces/hands-on-introduction-data-engineering-4395021/airflow_env/lib/python3.10/site-packages/airflow/example_dags/example_sla_dag.py
[2025-08-13T03:27:08.638+0000] {processor.py:836} INFO - DAG(s) dict_keys(['example_sla_dag']) retrieved from /workspaces/hands-on-introduction-data-engineering-4395021/airflow_env/lib/python3.10/site-packages/airflow/example_dags/example_sla_dag.py
[2025-08-13T03:27:08.650+0000] {logging_mixin.py:150} INFO - [2025-08-13T03:27:08.649+0000] {dag.py:2742} INFO - Sync 1 DAGs
[2025-08-13T03:27:08.667+0000] {logging_mixin.py:150} INFO - [2025-08-13T03:27:08.667+0000] {dag.py:3504} INFO - Setting next_dagrun for example_sla_dag to 2025-08-13T03:24:00+00:00, run_after=2025-08-13T03:26:00+00:00
[2025-08-13T03:27:08.682+0000] {processor.py:179} INFO - Processing /workspaces/hands-on-introduction-data-engineering-4395021/airflow_env/lib/python3.10/site-packages/airflow/example_dags/example_sla_dag.py took 0.054 seconds
[2025-08-13T03:27:58.096+0000] {processor.py:157} INFO - Started process (PID=6167) to work on /workspaces/hands-on-introduction-data-engineering-4395021/airflow_env/lib/python3.10/site-packages/airflow/example_dags/example_sla_dag.py
[2025-08-13T03:27:58.097+0000] {processor.py:826} INFO - Processing file /workspaces/hands-on-introduction-data-engineering-4395021/airflow_env/lib/python3.10/site-packages/airflow/example_dags/example_sla_dag.py for tasks to queue
[2025-08-13T03:27:58.097+0000] {logging_mixin.py:150} INFO - [2025-08-13T03:27:58.097+0000] {dagbag.py:541} INFO - Filling up the DagBag from /workspaces/hands-on-introduction-data-engineering-4395021/airflow_env/lib/python3.10/site-packages/airflow/example_dags/example_sla_dag.py
[2025-08-13T03:27:58.104+0000] {processor.py:836} INFO - DAG(s) dict_keys(['example_sla_dag']) retrieved from /workspaces/hands-on-introduction-data-engineering-4395021/airflow_env/lib/python3.10/site-packages/airflow/example_dags/example_sla_dag.py
[2025-08-13T03:27:58.115+0000] {logging_mixin.py:150} INFO - [2025-08-13T03:27:58.115+0000] {dag.py:2742} INFO - Sync 1 DAGs
[2025-08-13T03:27:58.132+0000] {logging_mixin.py:150} INFO - [2025-08-13T03:27:58.132+0000] {dag.py:3504} INFO - Setting next_dagrun for example_sla_dag to 2025-08-13T03:24:00+00:00, run_after=2025-08-13T03:26:00+00:00
[2025-08-13T03:27:58.147+0000] {processor.py:179} INFO - Processing /workspaces/hands-on-introduction-data-engineering-4395021/airflow_env/lib/python3.10/site-packages/airflow/example_dags/example_sla_dag.py took 0.053 seconds
[2025-08-13T03:28:41.374+0000] {processor.py:157} INFO - Started process (PID=6506) to work on /workspaces/hands-on-introduction-data-engineering-4395021/airflow_env/lib/python3.10/site-packages/airflow/example_dags/example_sla_dag.py
[2025-08-13T03:28:41.375+0000] {processor.py:826} INFO - Processing file /workspaces/hands-on-introduction-data-engineering-4395021/airflow_env/lib/python3.10/site-packages/airflow/example_dags/example_sla_dag.py for tasks to queue
[2025-08-13T03:28:41.376+0000] {logging_mixin.py:150} INFO - [2025-08-13T03:28:41.375+0000] {dagbag.py:541} INFO - Filling up the DagBag from /workspaces/hands-on-introduction-data-engineering-4395021/airflow_env/lib/python3.10/site-packages/airflow/example_dags/example_sla_dag.py
[2025-08-13T03:28:41.382+0000] {processor.py:836} INFO - DAG(s) dict_keys(['example_sla_dag']) retrieved from /workspaces/hands-on-introduction-data-engineering-4395021/airflow_env/lib/python3.10/site-packages/airflow/example_dags/example_sla_dag.py
[2025-08-13T03:28:41.393+0000] {logging_mixin.py:150} INFO - [2025-08-13T03:28:41.393+0000] {dag.py:2742} INFO - Sync 1 DAGs
[2025-08-13T03:28:41.410+0000] {logging_mixin.py:150} INFO - [2025-08-13T03:28:41.410+0000] {dag.py:3504} INFO - Setting next_dagrun for example_sla_dag to 2025-08-13T03:26:00+00:00, run_after=2025-08-13T03:28:00+00:00
[2025-08-13T03:28:41.426+0000] {processor.py:179} INFO - Processing /workspaces/hands-on-introduction-data-engineering-4395021/airflow_env/lib/python3.10/site-packages/airflow/example_dags/example_sla_dag.py took 0.054 seconds
[2025-08-13T03:29:27.039+0000] {processor.py:157} INFO - Started process (PID=6943) to work on /workspaces/hands-on-introduction-data-engineering-4395021/airflow_env/lib/python3.10/site-packages/airflow/example_dags/example_sla_dag.py
[2025-08-13T03:29:27.040+0000] {processor.py:826} INFO - Processing file /workspaces/hands-on-introduction-data-engineering-4395021/airflow_env/lib/python3.10/site-packages/airflow/example_dags/example_sla_dag.py for tasks to queue
[2025-08-13T03:29:27.040+0000] {logging_mixin.py:150} INFO - [2025-08-13T03:29:27.040+0000] {dagbag.py:541} INFO - Filling up the DagBag from /workspaces/hands-on-introduction-data-engineering-4395021/airflow_env/lib/python3.10/site-packages/airflow/example_dags/example_sla_dag.py
[2025-08-13T03:29:27.046+0000] {processor.py:836} INFO - DAG(s) dict_keys(['example_sla_dag']) retrieved from /workspaces/hands-on-introduction-data-engineering-4395021/airflow_env/lib/python3.10/site-packages/airflow/example_dags/example_sla_dag.py
[2025-08-13T03:29:27.058+0000] {logging_mixin.py:150} INFO - [2025-08-13T03:29:27.057+0000] {dag.py:2742} INFO - Sync 1 DAGs
[2025-08-13T03:29:27.074+0000] {logging_mixin.py:150} INFO - [2025-08-13T03:29:27.074+0000] {dag.py:3504} INFO - Setting next_dagrun for example_sla_dag to 2025-08-13T03:26:00+00:00, run_after=2025-08-13T03:28:00+00:00
[2025-08-13T03:29:27.089+0000] {processor.py:179} INFO - Processing /workspaces/hands-on-introduction-data-engineering-4395021/airflow_env/lib/python3.10/site-packages/airflow/example_dags/example_sla_dag.py took 0.052 seconds
[2025-08-13T03:30:08.577+0000] {processor.py:157} INFO - Started process (PID=7363) to work on /workspaces/hands-on-introduction-data-engineering-4395021/airflow_env/lib/python3.10/site-packages/airflow/example_dags/example_sla_dag.py
[2025-08-13T03:30:08.578+0000] {processor.py:826} INFO - Processing file /workspaces/hands-on-introduction-data-engineering-4395021/airflow_env/lib/python3.10/site-packages/airflow/example_dags/example_sla_dag.py for tasks to queue
[2025-08-13T03:30:08.578+0000] {logging_mixin.py:150} INFO - [2025-08-13T03:30:08.578+0000] {dagbag.py:541} INFO - Filling up the DagBag from /workspaces/hands-on-introduction-data-engineering-4395021/airflow_env/lib/python3.10/site-packages/airflow/example_dags/example_sla_dag.py
[2025-08-13T03:30:08.584+0000] {processor.py:836} INFO - DAG(s) dict_keys(['example_sla_dag']) retrieved from /workspaces/hands-on-introduction-data-engineering-4395021/airflow_env/lib/python3.10/site-packages/airflow/example_dags/example_sla_dag.py
[2025-08-13T03:30:08.596+0000] {logging_mixin.py:150} INFO - [2025-08-13T03:30:08.595+0000] {dag.py:2742} INFO - Sync 1 DAGs
[2025-08-13T03:30:08.612+0000] {logging_mixin.py:150} INFO - [2025-08-13T03:30:08.612+0000] {dag.py:3504} INFO - Setting next_dagrun for example_sla_dag to 2025-08-13T03:28:00+00:00, run_after=2025-08-13T03:30:00+00:00
[2025-08-13T03:30:08.628+0000] {processor.py:179} INFO - Processing /workspaces/hands-on-introduction-data-engineering-4395021/airflow_env/lib/python3.10/site-packages/airflow/example_dags/example_sla_dag.py took 0.053 seconds
[2025-08-13T03:30:49.708+0000] {processor.py:157} INFO - Started process (PID=7640) to work on /workspaces/hands-on-introduction-data-engineering-4395021/airflow_env/lib/python3.10/site-packages/airflow/example_dags/example_sla_dag.py
[2025-08-13T03:30:49.709+0000] {processor.py:826} INFO - Processing file /workspaces/hands-on-introduction-data-engineering-4395021/airflow_env/lib/python3.10/site-packages/airflow/example_dags/example_sla_dag.py for tasks to queue
[2025-08-13T03:30:49.709+0000] {logging_mixin.py:150} INFO - [2025-08-13T03:30:49.709+0000] {dagbag.py:541} INFO - Filling up the DagBag from /workspaces/hands-on-introduction-data-engineering-4395021/airflow_env/lib/python3.10/site-packages/airflow/example_dags/example_sla_dag.py
[2025-08-13T03:30:49.716+0000] {processor.py:836} INFO - DAG(s) dict_keys(['example_sla_dag']) retrieved from /workspaces/hands-on-introduction-data-engineering-4395021/airflow_env/lib/python3.10/site-packages/airflow/example_dags/example_sla_dag.py
[2025-08-13T03:30:49.727+0000] {logging_mixin.py:150} INFO - [2025-08-13T03:30:49.727+0000] {dag.py:2742} INFO - Sync 1 DAGs
[2025-08-13T03:30:49.743+0000] {logging_mixin.py:150} INFO - [2025-08-13T03:30:49.743+0000] {dag.py:3504} INFO - Setting next_dagrun for example_sla_dag to 2025-08-13T03:28:00+00:00, run_after=2025-08-13T03:30:00+00:00
[2025-08-13T03:30:49.758+0000] {processor.py:179} INFO - Processing /workspaces/hands-on-introduction-data-engineering-4395021/airflow_env/lib/python3.10/site-packages/airflow/example_dags/example_sla_dag.py took 0.052 seconds
[2025-08-13T03:31:31.971+0000] {processor.py:157} INFO - Started process (PID=7911) to work on /workspaces/hands-on-introduction-data-engineering-4395021/airflow_env/lib/python3.10/site-packages/airflow/example_dags/example_sla_dag.py
[2025-08-13T03:31:31.972+0000] {processor.py:826} INFO - Processing file /workspaces/hands-on-introduction-data-engineering-4395021/airflow_env/lib/python3.10/site-packages/airflow/example_dags/example_sla_dag.py for tasks to queue
[2025-08-13T03:31:31.972+0000] {logging_mixin.py:150} INFO - [2025-08-13T03:31:31.972+0000] {dagbag.py:541} INFO - Filling up the DagBag from /workspaces/hands-on-introduction-data-engineering-4395021/airflow_env/lib/python3.10/site-packages/airflow/example_dags/example_sla_dag.py
[2025-08-13T03:31:31.978+0000] {processor.py:836} INFO - DAG(s) dict_keys(['example_sla_dag']) retrieved from /workspaces/hands-on-introduction-data-engineering-4395021/airflow_env/lib/python3.10/site-packages/airflow/example_dags/example_sla_dag.py
[2025-08-13T03:31:31.989+0000] {logging_mixin.py:150} INFO - [2025-08-13T03:31:31.989+0000] {dag.py:2742} INFO - Sync 1 DAGs
[2025-08-13T03:31:32.006+0000] {logging_mixin.py:150} INFO - [2025-08-13T03:31:32.006+0000] {dag.py:3504} INFO - Setting next_dagrun for example_sla_dag to 2025-08-13T03:28:00+00:00, run_after=2025-08-13T03:30:00+00:00
[2025-08-13T03:31:32.021+0000] {processor.py:179} INFO - Processing /workspaces/hands-on-introduction-data-engineering-4395021/airflow_env/lib/python3.10/site-packages/airflow/example_dags/example_sla_dag.py took 0.052 seconds
[2025-08-13T03:32:18.393+0000] {processor.py:157} INFO - Started process (PID=8228) to work on /workspaces/hands-on-introduction-data-engineering-4395021/airflow_env/lib/python3.10/site-packages/airflow/example_dags/example_sla_dag.py
[2025-08-13T03:32:18.394+0000] {processor.py:826} INFO - Processing file /workspaces/hands-on-introduction-data-engineering-4395021/airflow_env/lib/python3.10/site-packages/airflow/example_dags/example_sla_dag.py for tasks to queue
[2025-08-13T03:32:18.394+0000] {logging_mixin.py:150} INFO - [2025-08-13T03:32:18.394+0000] {dagbag.py:541} INFO - Filling up the DagBag from /workspaces/hands-on-introduction-data-engineering-4395021/airflow_env/lib/python3.10/site-packages/airflow/example_dags/example_sla_dag.py
[2025-08-13T03:32:18.400+0000] {processor.py:836} INFO - DAG(s) dict_keys(['example_sla_dag']) retrieved from /workspaces/hands-on-introduction-data-engineering-4395021/airflow_env/lib/python3.10/site-packages/airflow/example_dags/example_sla_dag.py
[2025-08-13T03:32:18.411+0000] {logging_mixin.py:150} INFO - [2025-08-13T03:32:18.411+0000] {dag.py:2742} INFO - Sync 1 DAGs
[2025-08-13T03:32:18.428+0000] {logging_mixin.py:150} INFO - [2025-08-13T03:32:18.428+0000] {dag.py:3504} INFO - Setting next_dagrun for example_sla_dag to 2025-08-13T03:30:00+00:00, run_after=2025-08-13T03:32:00+00:00
[2025-08-13T03:32:18.443+0000] {processor.py:179} INFO - Processing /workspaces/hands-on-introduction-data-engineering-4395021/airflow_env/lib/python3.10/site-packages/airflow/example_dags/example_sla_dag.py took 0.052 seconds
[2025-08-13T03:33:04.571+0000] {processor.py:157} INFO - Started process (PID=8537) to work on /workspaces/hands-on-introduction-data-engineering-4395021/airflow_env/lib/python3.10/site-packages/airflow/example_dags/example_sla_dag.py
[2025-08-13T03:33:04.572+0000] {processor.py:826} INFO - Processing file /workspaces/hands-on-introduction-data-engineering-4395021/airflow_env/lib/python3.10/site-packages/airflow/example_dags/example_sla_dag.py for tasks to queue
[2025-08-13T03:33:04.572+0000] {logging_mixin.py:150} INFO - [2025-08-13T03:33:04.572+0000] {dagbag.py:541} INFO - Filling up the DagBag from /workspaces/hands-on-introduction-data-engineering-4395021/airflow_env/lib/python3.10/site-packages/airflow/example_dags/example_sla_dag.py
[2025-08-13T03:33:04.578+0000] {processor.py:836} INFO - DAG(s) dict_keys(['example_sla_dag']) retrieved from /workspaces/hands-on-introduction-data-engineering-4395021/airflow_env/lib/python3.10/site-packages/airflow/example_dags/example_sla_dag.py
[2025-08-13T03:33:04.589+0000] {logging_mixin.py:150} INFO - [2025-08-13T03:33:04.589+0000] {dag.py:2742} INFO - Sync 1 DAGs
[2025-08-13T03:33:04.606+0000] {logging_mixin.py:150} INFO - [2025-08-13T03:33:04.606+0000] {dag.py:3504} INFO - Setting next_dagrun for example_sla_dag to 2025-08-13T03:30:00+00:00, run_after=2025-08-13T03:32:00+00:00
[2025-08-13T03:33:04.620+0000] {processor.py:179} INFO - Processing /workspaces/hands-on-introduction-data-engineering-4395021/airflow_env/lib/python3.10/site-packages/airflow/example_dags/example_sla_dag.py took 0.052 seconds
[2025-08-13T03:33:47.956+0000] {processor.py:157} INFO - Started process (PID=8824) to work on /workspaces/hands-on-introduction-data-engineering-4395021/airflow_env/lib/python3.10/site-packages/airflow/example_dags/example_sla_dag.py
[2025-08-13T03:33:47.957+0000] {processor.py:826} INFO - Processing file /workspaces/hands-on-introduction-data-engineering-4395021/airflow_env/lib/python3.10/site-packages/airflow/example_dags/example_sla_dag.py for tasks to queue
[2025-08-13T03:33:47.957+0000] {logging_mixin.py:150} INFO - [2025-08-13T03:33:47.957+0000] {dagbag.py:541} INFO - Filling up the DagBag from /workspaces/hands-on-introduction-data-engineering-4395021/airflow_env/lib/python3.10/site-packages/airflow/example_dags/example_sla_dag.py
[2025-08-13T03:33:47.964+0000] {processor.py:836} INFO - DAG(s) dict_keys(['example_sla_dag']) retrieved from /workspaces/hands-on-introduction-data-engineering-4395021/airflow_env/lib/python3.10/site-packages/airflow/example_dags/example_sla_dag.py
[2025-08-13T03:33:47.976+0000] {logging_mixin.py:150} INFO - [2025-08-13T03:33:47.976+0000] {dag.py:2742} INFO - Sync 1 DAGs
[2025-08-13T03:33:47.992+0000] {logging_mixin.py:150} INFO - [2025-08-13T03:33:47.992+0000] {dag.py:3504} INFO - Setting next_dagrun for example_sla_dag to 2025-08-13T03:30:00+00:00, run_after=2025-08-13T03:32:00+00:00
[2025-08-13T03:33:48.014+0000] {processor.py:179} INFO - Processing /workspaces/hands-on-introduction-data-engineering-4395021/airflow_env/lib/python3.10/site-packages/airflow/example_dags/example_sla_dag.py took 0.060 seconds
[2025-08-13T03:34:32.218+0000] {processor.py:157} INFO - Started process (PID=9121) to work on /workspaces/hands-on-introduction-data-engineering-4395021/airflow_env/lib/python3.10/site-packages/airflow/example_dags/example_sla_dag.py
[2025-08-13T03:34:32.219+0000] {processor.py:826} INFO - Processing file /workspaces/hands-on-introduction-data-engineering-4395021/airflow_env/lib/python3.10/site-packages/airflow/example_dags/example_sla_dag.py for tasks to queue
[2025-08-13T03:34:32.220+0000] {logging_mixin.py:150} INFO - [2025-08-13T03:34:32.220+0000] {dagbag.py:541} INFO - Filling up the DagBag from /workspaces/hands-on-introduction-data-engineering-4395021/airflow_env/lib/python3.10/site-packages/airflow/example_dags/example_sla_dag.py
[2025-08-13T03:34:32.228+0000] {processor.py:836} INFO - DAG(s) dict_keys(['example_sla_dag']) retrieved from /workspaces/hands-on-introduction-data-engineering-4395021/airflow_env/lib/python3.10/site-packages/airflow/example_dags/example_sla_dag.py
[2025-08-13T03:34:32.241+0000] {logging_mixin.py:150} INFO - [2025-08-13T03:34:32.241+0000] {dag.py:2742} INFO - Sync 1 DAGs
[2025-08-13T03:34:32.260+0000] {logging_mixin.py:150} INFO - [2025-08-13T03:34:32.260+0000] {dag.py:3504} INFO - Setting next_dagrun for example_sla_dag to 2025-08-13T03:32:00+00:00, run_after=2025-08-13T03:34:00+00:00
[2025-08-13T03:34:32.276+0000] {processor.py:179} INFO - Processing /workspaces/hands-on-introduction-data-engineering-4395021/airflow_env/lib/python3.10/site-packages/airflow/example_dags/example_sla_dag.py took 0.060 seconds
[2025-08-13T03:35:20.411+0000] {processor.py:157} INFO - Started process (PID=9503) to work on /workspaces/hands-on-introduction-data-engineering-4395021/airflow_env/lib/python3.10/site-packages/airflow/example_dags/example_sla_dag.py
[2025-08-13T03:35:20.412+0000] {processor.py:826} INFO - Processing file /workspaces/hands-on-introduction-data-engineering-4395021/airflow_env/lib/python3.10/site-packages/airflow/example_dags/example_sla_dag.py for tasks to queue
[2025-08-13T03:35:20.412+0000] {logging_mixin.py:150} INFO - [2025-08-13T03:35:20.412+0000] {dagbag.py:541} INFO - Filling up the DagBag from /workspaces/hands-on-introduction-data-engineering-4395021/airflow_env/lib/python3.10/site-packages/airflow/example_dags/example_sla_dag.py
[2025-08-13T03:35:20.419+0000] {processor.py:836} INFO - DAG(s) dict_keys(['example_sla_dag']) retrieved from /workspaces/hands-on-introduction-data-engineering-4395021/airflow_env/lib/python3.10/site-packages/airflow/example_dags/example_sla_dag.py
[2025-08-13T03:35:20.430+0000] {logging_mixin.py:150} INFO - [2025-08-13T03:35:20.430+0000] {dag.py:2742} INFO - Sync 1 DAGs
[2025-08-13T03:35:20.446+0000] {logging_mixin.py:150} INFO - [2025-08-13T03:35:20.446+0000] {dag.py:3504} INFO - Setting next_dagrun for example_sla_dag to 2025-08-13T03:32:00+00:00, run_after=2025-08-13T03:34:00+00:00
[2025-08-13T03:35:20.461+0000] {processor.py:179} INFO - Processing /workspaces/hands-on-introduction-data-engineering-4395021/airflow_env/lib/python3.10/site-packages/airflow/example_dags/example_sla_dag.py took 0.052 seconds
[2025-08-13T03:36:05.604+0000] {processor.py:157} INFO - Started process (PID=9973) to work on /workspaces/hands-on-introduction-data-engineering-4395021/airflow_env/lib/python3.10/site-packages/airflow/example_dags/example_sla_dag.py
[2025-08-13T03:36:05.604+0000] {processor.py:826} INFO - Processing file /workspaces/hands-on-introduction-data-engineering-4395021/airflow_env/lib/python3.10/site-packages/airflow/example_dags/example_sla_dag.py for tasks to queue
[2025-08-13T03:36:05.605+0000] {logging_mixin.py:150} INFO - [2025-08-13T03:36:05.605+0000] {dagbag.py:541} INFO - Filling up the DagBag from /workspaces/hands-on-introduction-data-engineering-4395021/airflow_env/lib/python3.10/site-packages/airflow/example_dags/example_sla_dag.py
[2025-08-13T03:36:05.611+0000] {processor.py:836} INFO - DAG(s) dict_keys(['example_sla_dag']) retrieved from /workspaces/hands-on-introduction-data-engineering-4395021/airflow_env/lib/python3.10/site-packages/airflow/example_dags/example_sla_dag.py
[2025-08-13T03:36:05.622+0000] {logging_mixin.py:150} INFO - [2025-08-13T03:36:05.621+0000] {dag.py:2742} INFO - Sync 1 DAGs
[2025-08-13T03:36:05.640+0000] {logging_mixin.py:150} INFO - [2025-08-13T03:36:05.640+0000] {dag.py:3504} INFO - Setting next_dagrun for example_sla_dag to 2025-08-13T03:34:00+00:00, run_after=2025-08-13T03:36:00+00:00
[2025-08-13T03:36:05.655+0000] {processor.py:179} INFO - Processing /workspaces/hands-on-introduction-data-engineering-4395021/airflow_env/lib/python3.10/site-packages/airflow/example_dags/example_sla_dag.py took 0.054 seconds
[2025-08-13T03:36:47.726+0000] {processor.py:157} INFO - Started process (PID=10285) to work on /workspaces/hands-on-introduction-data-engineering-4395021/airflow_env/lib/python3.10/site-packages/airflow/example_dags/example_sla_dag.py
[2025-08-13T03:36:47.727+0000] {processor.py:826} INFO - Processing file /workspaces/hands-on-introduction-data-engineering-4395021/airflow_env/lib/python3.10/site-packages/airflow/example_dags/example_sla_dag.py for tasks to queue
[2025-08-13T03:36:47.727+0000] {logging_mixin.py:150} INFO - [2025-08-13T03:36:47.727+0000] {dagbag.py:541} INFO - Filling up the DagBag from /workspaces/hands-on-introduction-data-engineering-4395021/airflow_env/lib/python3.10/site-packages/airflow/example_dags/example_sla_dag.py
[2025-08-13T03:36:47.734+0000] {processor.py:836} INFO - DAG(s) dict_keys(['example_sla_dag']) retrieved from /workspaces/hands-on-introduction-data-engineering-4395021/airflow_env/lib/python3.10/site-packages/airflow/example_dags/example_sla_dag.py
[2025-08-13T03:36:47.745+0000] {logging_mixin.py:150} INFO - [2025-08-13T03:36:47.745+0000] {dag.py:2742} INFO - Sync 1 DAGs
[2025-08-13T03:36:47.761+0000] {logging_mixin.py:150} INFO - [2025-08-13T03:36:47.761+0000] {dag.py:3504} INFO - Setting next_dagrun for example_sla_dag to 2025-08-13T03:34:00+00:00, run_after=2025-08-13T03:36:00+00:00
[2025-08-13T03:36:47.775+0000] {processor.py:179} INFO - Processing /workspaces/hands-on-introduction-data-engineering-4395021/airflow_env/lib/python3.10/site-packages/airflow/example_dags/example_sla_dag.py took 0.051 seconds
[2025-08-13T03:37:30.718+0000] {processor.py:157} INFO - Started process (PID=10701) to work on /workspaces/hands-on-introduction-data-engineering-4395021/airflow_env/lib/python3.10/site-packages/airflow/example_dags/example_sla_dag.py
[2025-08-13T03:37:30.719+0000] {processor.py:826} INFO - Processing file /workspaces/hands-on-introduction-data-engineering-4395021/airflow_env/lib/python3.10/site-packages/airflow/example_dags/example_sla_dag.py for tasks to queue
[2025-08-13T03:37:30.721+0000] {logging_mixin.py:150} INFO - [2025-08-13T03:37:30.721+0000] {dagbag.py:541} INFO - Filling up the DagBag from /workspaces/hands-on-introduction-data-engineering-4395021/airflow_env/lib/python3.10/site-packages/airflow/example_dags/example_sla_dag.py
[2025-08-13T03:37:30.734+0000] {processor.py:836} INFO - DAG(s) dict_keys(['example_sla_dag']) retrieved from /workspaces/hands-on-introduction-data-engineering-4395021/airflow_env/lib/python3.10/site-packages/airflow/example_dags/example_sla_dag.py
[2025-08-13T03:37:30.747+0000] {logging_mixin.py:150} INFO - [2025-08-13T03:37:30.747+0000] {dag.py:2742} INFO - Sync 1 DAGs
[2025-08-13T03:37:30.765+0000] {logging_mixin.py:150} INFO - [2025-08-13T03:37:30.765+0000] {dag.py:3504} INFO - Setting next_dagrun for example_sla_dag to 2025-08-13T03:34:00+00:00, run_after=2025-08-13T03:36:00+00:00
[2025-08-13T03:37:30.783+0000] {processor.py:179} INFO - Processing /workspaces/hands-on-introduction-data-engineering-4395021/airflow_env/lib/python3.10/site-packages/airflow/example_dags/example_sla_dag.py took 0.072 seconds
[2025-08-13T03:38:14.275+0000] {processor.py:157} INFO - Started process (PID=11039) to work on /workspaces/hands-on-introduction-data-engineering-4395021/airflow_env/lib/python3.10/site-packages/airflow/example_dags/example_sla_dag.py
[2025-08-13T03:38:14.276+0000] {processor.py:826} INFO - Processing file /workspaces/hands-on-introduction-data-engineering-4395021/airflow_env/lib/python3.10/site-packages/airflow/example_dags/example_sla_dag.py for tasks to queue
[2025-08-13T03:38:14.276+0000] {logging_mixin.py:150} INFO - [2025-08-13T03:38:14.276+0000] {dagbag.py:541} INFO - Filling up the DagBag from /workspaces/hands-on-introduction-data-engineering-4395021/airflow_env/lib/python3.10/site-packages/airflow/example_dags/example_sla_dag.py
[2025-08-13T03:38:14.282+0000] {processor.py:836} INFO - DAG(s) dict_keys(['example_sla_dag']) retrieved from /workspaces/hands-on-introduction-data-engineering-4395021/airflow_env/lib/python3.10/site-packages/airflow/example_dags/example_sla_dag.py
[2025-08-13T03:38:14.294+0000] {logging_mixin.py:150} INFO - [2025-08-13T03:38:14.294+0000] {dag.py:2742} INFO - Sync 1 DAGs
[2025-08-13T03:38:14.330+0000] {logging_mixin.py:150} INFO - [2025-08-13T03:38:14.330+0000] {dag.py:3504} INFO - Setting next_dagrun for example_sla_dag to 2025-08-13T03:36:00+00:00, run_after=2025-08-13T03:38:00+00:00
[2025-08-13T03:38:14.353+0000] {processor.py:179} INFO - Processing /workspaces/hands-on-introduction-data-engineering-4395021/airflow_env/lib/python3.10/site-packages/airflow/example_dags/example_sla_dag.py took 0.080 seconds
[2025-08-13T10:25:42.838+0000] {processor.py:157} INFO - Started process (PID=2317) to work on /workspaces/hands-on-introduction-data-engineering-4395021/airflow_env/lib/python3.10/site-packages/airflow/example_dags/example_sla_dag.py
[2025-08-13T10:25:42.839+0000] {processor.py:826} INFO - Processing file /workspaces/hands-on-introduction-data-engineering-4395021/airflow_env/lib/python3.10/site-packages/airflow/example_dags/example_sla_dag.py for tasks to queue
[2025-08-13T10:25:42.839+0000] {logging_mixin.py:150} INFO - [2025-08-13T10:25:42.839+0000] {dagbag.py:541} INFO - Filling up the DagBag from /workspaces/hands-on-introduction-data-engineering-4395021/airflow_env/lib/python3.10/site-packages/airflow/example_dags/example_sla_dag.py
[2025-08-13T10:25:42.846+0000] {processor.py:836} INFO - DAG(s) dict_keys(['example_sla_dag']) retrieved from /workspaces/hands-on-introduction-data-engineering-4395021/airflow_env/lib/python3.10/site-packages/airflow/example_dags/example_sla_dag.py
[2025-08-13T10:25:42.859+0000] {logging_mixin.py:150} INFO - [2025-08-13T10:25:42.859+0000] {dag.py:2742} INFO - Sync 1 DAGs
[2025-08-13T10:25:42.875+0000] {logging_mixin.py:150} INFO - [2025-08-13T10:25:42.875+0000] {dag.py:3504} INFO - Setting next_dagrun for example_sla_dag to 2025-08-13T10:22:00+00:00, run_after=2025-08-13T10:24:00+00:00
[2025-08-13T10:25:42.893+0000] {processor.py:179} INFO - Processing /workspaces/hands-on-introduction-data-engineering-4395021/airflow_env/lib/python3.10/site-packages/airflow/example_dags/example_sla_dag.py took 0.058 seconds
[2025-08-13T10:26:27.633+0000] {processor.py:157} INFO - Started process (PID=2688) to work on /workspaces/hands-on-introduction-data-engineering-4395021/airflow_env/lib/python3.10/site-packages/airflow/example_dags/example_sla_dag.py
[2025-08-13T10:26:27.672+0000] {processor.py:826} INFO - Processing file /workspaces/hands-on-introduction-data-engineering-4395021/airflow_env/lib/python3.10/site-packages/airflow/example_dags/example_sla_dag.py for tasks to queue
[2025-08-13T10:26:27.673+0000] {logging_mixin.py:150} INFO - [2025-08-13T10:26:27.673+0000] {dagbag.py:541} INFO - Filling up the DagBag from /workspaces/hands-on-introduction-data-engineering-4395021/airflow_env/lib/python3.10/site-packages/airflow/example_dags/example_sla_dag.py
[2025-08-13T10:26:27.685+0000] {processor.py:836} INFO - DAG(s) dict_keys(['example_sla_dag']) retrieved from /workspaces/hands-on-introduction-data-engineering-4395021/airflow_env/lib/python3.10/site-packages/airflow/example_dags/example_sla_dag.py
[2025-08-13T10:26:27.714+0000] {logging_mixin.py:150} INFO - [2025-08-13T10:26:27.713+0000] {dag.py:2742} INFO - Sync 1 DAGs
[2025-08-13T10:26:27.748+0000] {logging_mixin.py:150} INFO - [2025-08-13T10:26:27.748+0000] {dag.py:3504} INFO - Setting next_dagrun for example_sla_dag to 2025-08-13T10:24:00+00:00, run_after=2025-08-13T10:26:00+00:00
[2025-08-13T10:26:27.824+0000] {processor.py:179} INFO - Processing /workspaces/hands-on-introduction-data-engineering-4395021/airflow_env/lib/python3.10/site-packages/airflow/example_dags/example_sla_dag.py took 0.204 seconds
[2025-08-13T10:27:11.466+0000] {processor.py:157} INFO - Started process (PID=2980) to work on /workspaces/hands-on-introduction-data-engineering-4395021/airflow_env/lib/python3.10/site-packages/airflow/example_dags/example_sla_dag.py
[2025-08-13T10:27:11.466+0000] {processor.py:826} INFO - Processing file /workspaces/hands-on-introduction-data-engineering-4395021/airflow_env/lib/python3.10/site-packages/airflow/example_dags/example_sla_dag.py for tasks to queue
[2025-08-13T10:27:11.467+0000] {logging_mixin.py:150} INFO - [2025-08-13T10:27:11.467+0000] {dagbag.py:541} INFO - Filling up the DagBag from /workspaces/hands-on-introduction-data-engineering-4395021/airflow_env/lib/python3.10/site-packages/airflow/example_dags/example_sla_dag.py
[2025-08-13T10:27:11.473+0000] {processor.py:836} INFO - DAG(s) dict_keys(['example_sla_dag']) retrieved from /workspaces/hands-on-introduction-data-engineering-4395021/airflow_env/lib/python3.10/site-packages/airflow/example_dags/example_sla_dag.py
[2025-08-13T10:27:11.485+0000] {logging_mixin.py:150} INFO - [2025-08-13T10:27:11.485+0000] {dag.py:2742} INFO - Sync 1 DAGs
[2025-08-13T10:27:11.501+0000] {logging_mixin.py:150} INFO - [2025-08-13T10:27:11.501+0000] {dag.py:3504} INFO - Setting next_dagrun for example_sla_dag to 2025-08-13T10:24:00+00:00, run_after=2025-08-13T10:26:00+00:00
[2025-08-13T10:27:11.517+0000] {processor.py:179} INFO - Processing /workspaces/hands-on-introduction-data-engineering-4395021/airflow_env/lib/python3.10/site-packages/airflow/example_dags/example_sla_dag.py took 0.054 seconds
[2025-08-13T10:27:54.765+0000] {processor.py:157} INFO - Started process (PID=3361) to work on /workspaces/hands-on-introduction-data-engineering-4395021/airflow_env/lib/python3.10/site-packages/airflow/example_dags/example_sla_dag.py
[2025-08-13T10:27:54.766+0000] {processor.py:826} INFO - Processing file /workspaces/hands-on-introduction-data-engineering-4395021/airflow_env/lib/python3.10/site-packages/airflow/example_dags/example_sla_dag.py for tasks to queue
[2025-08-13T10:27:54.767+0000] {logging_mixin.py:150} INFO - [2025-08-13T10:27:54.767+0000] {dagbag.py:541} INFO - Filling up the DagBag from /workspaces/hands-on-introduction-data-engineering-4395021/airflow_env/lib/python3.10/site-packages/airflow/example_dags/example_sla_dag.py
[2025-08-13T10:27:54.774+0000] {processor.py:836} INFO - DAG(s) dict_keys(['example_sla_dag']) retrieved from /workspaces/hands-on-introduction-data-engineering-4395021/airflow_env/lib/python3.10/site-packages/airflow/example_dags/example_sla_dag.py
[2025-08-13T10:27:54.785+0000] {logging_mixin.py:150} INFO - [2025-08-13T10:27:54.785+0000] {dag.py:2742} INFO - Sync 1 DAGs
[2025-08-13T10:27:54.801+0000] {logging_mixin.py:150} INFO - [2025-08-13T10:27:54.801+0000] {dag.py:3504} INFO - Setting next_dagrun for example_sla_dag to 2025-08-13T10:24:00+00:00, run_after=2025-08-13T10:26:00+00:00
[2025-08-13T10:27:54.816+0000] {processor.py:179} INFO - Processing /workspaces/hands-on-introduction-data-engineering-4395021/airflow_env/lib/python3.10/site-packages/airflow/example_dags/example_sla_dag.py took 0.053 seconds
[2025-08-13T10:28:38.664+0000] {processor.py:157} INFO - Started process (PID=3711) to work on /workspaces/hands-on-introduction-data-engineering-4395021/airflow_env/lib/python3.10/site-packages/airflow/example_dags/example_sla_dag.py
[2025-08-13T10:28:38.665+0000] {processor.py:826} INFO - Processing file /workspaces/hands-on-introduction-data-engineering-4395021/airflow_env/lib/python3.10/site-packages/airflow/example_dags/example_sla_dag.py for tasks to queue
[2025-08-13T10:28:38.665+0000] {logging_mixin.py:150} INFO - [2025-08-13T10:28:38.665+0000] {dagbag.py:541} INFO - Filling up the DagBag from /workspaces/hands-on-introduction-data-engineering-4395021/airflow_env/lib/python3.10/site-packages/airflow/example_dags/example_sla_dag.py
[2025-08-13T10:28:38.672+0000] {processor.py:836} INFO - DAG(s) dict_keys(['example_sla_dag']) retrieved from /workspaces/hands-on-introduction-data-engineering-4395021/airflow_env/lib/python3.10/site-packages/airflow/example_dags/example_sla_dag.py
[2025-08-13T10:28:38.683+0000] {logging_mixin.py:150} INFO - [2025-08-13T10:28:38.683+0000] {dag.py:2742} INFO - Sync 1 DAGs
[2025-08-13T10:28:38.699+0000] {logging_mixin.py:150} INFO - [2025-08-13T10:28:38.699+0000] {dag.py:3504} INFO - Setting next_dagrun for example_sla_dag to 2025-08-13T10:26:00+00:00, run_after=2025-08-13T10:28:00+00:00
[2025-08-13T10:28:38.715+0000] {processor.py:179} INFO - Processing /workspaces/hands-on-introduction-data-engineering-4395021/airflow_env/lib/python3.10/site-packages/airflow/example_dags/example_sla_dag.py took 0.052 seconds
[2025-08-13T10:29:24.894+0000] {processor.py:157} INFO - Started process (PID=4110) to work on /workspaces/hands-on-introduction-data-engineering-4395021/airflow_env/lib/python3.10/site-packages/airflow/example_dags/example_sla_dag.py
[2025-08-13T10:29:24.895+0000] {processor.py:826} INFO - Processing file /workspaces/hands-on-introduction-data-engineering-4395021/airflow_env/lib/python3.10/site-packages/airflow/example_dags/example_sla_dag.py for tasks to queue
[2025-08-13T10:29:24.895+0000] {logging_mixin.py:150} INFO - [2025-08-13T10:29:24.895+0000] {dagbag.py:541} INFO - Filling up the DagBag from /workspaces/hands-on-introduction-data-engineering-4395021/airflow_env/lib/python3.10/site-packages/airflow/example_dags/example_sla_dag.py
[2025-08-13T10:29:24.901+0000] {processor.py:836} INFO - DAG(s) dict_keys(['example_sla_dag']) retrieved from /workspaces/hands-on-introduction-data-engineering-4395021/airflow_env/lib/python3.10/site-packages/airflow/example_dags/example_sla_dag.py
[2025-08-13T10:29:24.912+0000] {logging_mixin.py:150} INFO - [2025-08-13T10:29:24.912+0000] {dag.py:2742} INFO - Sync 1 DAGs
[2025-08-13T10:29:24.936+0000] {logging_mixin.py:150} INFO - [2025-08-13T10:29:24.936+0000] {dag.py:3504} INFO - Setting next_dagrun for example_sla_dag to 2025-08-13T10:26:00+00:00, run_after=2025-08-13T10:28:00+00:00
[2025-08-13T10:29:24.956+0000] {processor.py:179} INFO - Processing /workspaces/hands-on-introduction-data-engineering-4395021/airflow_env/lib/python3.10/site-packages/airflow/example_dags/example_sla_dag.py took 0.064 seconds
[2025-08-13T10:30:08.437+0000] {processor.py:157} INFO - Started process (PID=4397) to work on /workspaces/hands-on-introduction-data-engineering-4395021/airflow_env/lib/python3.10/site-packages/airflow/example_dags/example_sla_dag.py
[2025-08-13T10:30:08.438+0000] {processor.py:826} INFO - Processing file /workspaces/hands-on-introduction-data-engineering-4395021/airflow_env/lib/python3.10/site-packages/airflow/example_dags/example_sla_dag.py for tasks to queue
[2025-08-13T10:30:08.439+0000] {logging_mixin.py:150} INFO - [2025-08-13T10:30:08.439+0000] {dagbag.py:541} INFO - Filling up the DagBag from /workspaces/hands-on-introduction-data-engineering-4395021/airflow_env/lib/python3.10/site-packages/airflow/example_dags/example_sla_dag.py
[2025-08-13T10:30:08.445+0000] {processor.py:836} INFO - DAG(s) dict_keys(['example_sla_dag']) retrieved from /workspaces/hands-on-introduction-data-engineering-4395021/airflow_env/lib/python3.10/site-packages/airflow/example_dags/example_sla_dag.py
[2025-08-13T10:30:08.456+0000] {logging_mixin.py:150} INFO - [2025-08-13T10:30:08.456+0000] {dag.py:2742} INFO - Sync 1 DAGs
[2025-08-13T10:30:08.475+0000] {logging_mixin.py:150} INFO - [2025-08-13T10:30:08.475+0000] {dag.py:3504} INFO - Setting next_dagrun for example_sla_dag to 2025-08-13T10:28:00+00:00, run_after=2025-08-13T10:30:00+00:00
[2025-08-13T10:30:08.496+0000] {processor.py:179} INFO - Processing /workspaces/hands-on-introduction-data-engineering-4395021/airflow_env/lib/python3.10/site-packages/airflow/example_dags/example_sla_dag.py took 0.060 seconds
[2025-08-13T10:30:53.956+0000] {processor.py:157} INFO - Started process (PID=4711) to work on /workspaces/hands-on-introduction-data-engineering-4395021/airflow_env/lib/python3.10/site-packages/airflow/example_dags/example_sla_dag.py
[2025-08-13T10:30:53.956+0000] {processor.py:826} INFO - Processing file /workspaces/hands-on-introduction-data-engineering-4395021/airflow_env/lib/python3.10/site-packages/airflow/example_dags/example_sla_dag.py for tasks to queue
[2025-08-13T10:30:53.957+0000] {logging_mixin.py:150} INFO - [2025-08-13T10:30:53.957+0000] {dagbag.py:541} INFO - Filling up the DagBag from /workspaces/hands-on-introduction-data-engineering-4395021/airflow_env/lib/python3.10/site-packages/airflow/example_dags/example_sla_dag.py
[2025-08-13T10:30:53.963+0000] {processor.py:836} INFO - DAG(s) dict_keys(['example_sla_dag']) retrieved from /workspaces/hands-on-introduction-data-engineering-4395021/airflow_env/lib/python3.10/site-packages/airflow/example_dags/example_sla_dag.py
[2025-08-13T10:30:53.973+0000] {logging_mixin.py:150} INFO - [2025-08-13T10:30:53.973+0000] {dag.py:2742} INFO - Sync 1 DAGs
[2025-08-13T10:30:53.990+0000] {logging_mixin.py:150} INFO - [2025-08-13T10:30:53.990+0000] {dag.py:3504} INFO - Setting next_dagrun for example_sla_dag to 2025-08-13T10:28:00+00:00, run_after=2025-08-13T10:30:00+00:00
[2025-08-13T10:30:54.008+0000] {processor.py:179} INFO - Processing /workspaces/hands-on-introduction-data-engineering-4395021/airflow_env/lib/python3.10/site-packages/airflow/example_dags/example_sla_dag.py took 0.054 seconds
[2025-08-13T10:31:38.485+0000] {processor.py:157} INFO - Started process (PID=5016) to work on /workspaces/hands-on-introduction-data-engineering-4395021/airflow_env/lib/python3.10/site-packages/airflow/example_dags/example_sla_dag.py
[2025-08-13T10:31:38.486+0000] {processor.py:826} INFO - Processing file /workspaces/hands-on-introduction-data-engineering-4395021/airflow_env/lib/python3.10/site-packages/airflow/example_dags/example_sla_dag.py for tasks to queue
[2025-08-13T10:31:38.487+0000] {logging_mixin.py:150} INFO - [2025-08-13T10:31:38.486+0000] {dagbag.py:541} INFO - Filling up the DagBag from /workspaces/hands-on-introduction-data-engineering-4395021/airflow_env/lib/python3.10/site-packages/airflow/example_dags/example_sla_dag.py
[2025-08-13T10:31:38.493+0000] {processor.py:836} INFO - DAG(s) dict_keys(['example_sla_dag']) retrieved from /workspaces/hands-on-introduction-data-engineering-4395021/airflow_env/lib/python3.10/site-packages/airflow/example_dags/example_sla_dag.py
[2025-08-13T10:31:38.504+0000] {logging_mixin.py:150} INFO - [2025-08-13T10:31:38.504+0000] {dag.py:2742} INFO - Sync 1 DAGs
[2025-08-13T10:31:38.520+0000] {logging_mixin.py:150} INFO - [2025-08-13T10:31:38.520+0000] {dag.py:3504} INFO - Setting next_dagrun for example_sla_dag to 2025-08-13T10:28:00+00:00, run_after=2025-08-13T10:30:00+00:00
[2025-08-13T10:31:38.535+0000] {processor.py:179} INFO - Processing /workspaces/hands-on-introduction-data-engineering-4395021/airflow_env/lib/python3.10/site-packages/airflow/example_dags/example_sla_dag.py took 0.052 seconds
[2025-08-13T10:32:20.740+0000] {processor.py:157} INFO - Started process (PID=5299) to work on /workspaces/hands-on-introduction-data-engineering-4395021/airflow_env/lib/python3.10/site-packages/airflow/example_dags/example_sla_dag.py
[2025-08-13T10:32:20.740+0000] {processor.py:826} INFO - Processing file /workspaces/hands-on-introduction-data-engineering-4395021/airflow_env/lib/python3.10/site-packages/airflow/example_dags/example_sla_dag.py for tasks to queue
[2025-08-13T10:32:20.741+0000] {logging_mixin.py:150} INFO - [2025-08-13T10:32:20.741+0000] {dagbag.py:541} INFO - Filling up the DagBag from /workspaces/hands-on-introduction-data-engineering-4395021/airflow_env/lib/python3.10/site-packages/airflow/example_dags/example_sla_dag.py
[2025-08-13T10:32:20.747+0000] {processor.py:836} INFO - DAG(s) dict_keys(['example_sla_dag']) retrieved from /workspaces/hands-on-introduction-data-engineering-4395021/airflow_env/lib/python3.10/site-packages/airflow/example_dags/example_sla_dag.py
[2025-08-13T10:32:20.757+0000] {logging_mixin.py:150} INFO - [2025-08-13T10:32:20.757+0000] {dag.py:2742} INFO - Sync 1 DAGs
[2025-08-13T10:32:20.773+0000] {logging_mixin.py:150} INFO - [2025-08-13T10:32:20.773+0000] {dag.py:3504} INFO - Setting next_dagrun for example_sla_dag to 2025-08-13T10:30:00+00:00, run_after=2025-08-13T10:32:00+00:00
[2025-08-13T10:32:20.789+0000] {processor.py:179} INFO - Processing /workspaces/hands-on-introduction-data-engineering-4395021/airflow_env/lib/python3.10/site-packages/airflow/example_dags/example_sla_dag.py took 0.051 seconds
[2025-08-13T10:33:06.953+0000] {processor.py:157} INFO - Started process (PID=5681) to work on /workspaces/hands-on-introduction-data-engineering-4395021/airflow_env/lib/python3.10/site-packages/airflow/example_dags/example_sla_dag.py
[2025-08-13T10:33:06.954+0000] {processor.py:826} INFO - Processing file /workspaces/hands-on-introduction-data-engineering-4395021/airflow_env/lib/python3.10/site-packages/airflow/example_dags/example_sla_dag.py for tasks to queue
[2025-08-13T10:33:06.954+0000] {logging_mixin.py:150} INFO - [2025-08-13T10:33:06.954+0000] {dagbag.py:541} INFO - Filling up the DagBag from /workspaces/hands-on-introduction-data-engineering-4395021/airflow_env/lib/python3.10/site-packages/airflow/example_dags/example_sla_dag.py
[2025-08-13T10:33:06.960+0000] {processor.py:836} INFO - DAG(s) dict_keys(['example_sla_dag']) retrieved from /workspaces/hands-on-introduction-data-engineering-4395021/airflow_env/lib/python3.10/site-packages/airflow/example_dags/example_sla_dag.py
[2025-08-13T10:33:06.971+0000] {logging_mixin.py:150} INFO - [2025-08-13T10:33:06.971+0000] {dag.py:2742} INFO - Sync 1 DAGs
[2025-08-13T10:33:06.987+0000] {logging_mixin.py:150} INFO - [2025-08-13T10:33:06.987+0000] {dag.py:3504} INFO - Setting next_dagrun for example_sla_dag to 2025-08-13T10:30:00+00:00, run_after=2025-08-13T10:32:00+00:00
[2025-08-13T10:33:07.002+0000] {processor.py:179} INFO - Processing /workspaces/hands-on-introduction-data-engineering-4395021/airflow_env/lib/python3.10/site-packages/airflow/example_dags/example_sla_dag.py took 0.051 seconds
[2025-08-13T10:33:49.364+0000] {processor.py:157} INFO - Started process (PID=6077) to work on /workspaces/hands-on-introduction-data-engineering-4395021/airflow_env/lib/python3.10/site-packages/airflow/example_dags/example_sla_dag.py
[2025-08-13T10:33:49.364+0000] {processor.py:826} INFO - Processing file /workspaces/hands-on-introduction-data-engineering-4395021/airflow_env/lib/python3.10/site-packages/airflow/example_dags/example_sla_dag.py for tasks to queue
[2025-08-13T10:33:49.365+0000] {logging_mixin.py:150} INFO - [2025-08-13T10:33:49.365+0000] {dagbag.py:541} INFO - Filling up the DagBag from /workspaces/hands-on-introduction-data-engineering-4395021/airflow_env/lib/python3.10/site-packages/airflow/example_dags/example_sla_dag.py
[2025-08-13T10:33:49.373+0000] {processor.py:836} INFO - DAG(s) dict_keys(['example_sla_dag']) retrieved from /workspaces/hands-on-introduction-data-engineering-4395021/airflow_env/lib/python3.10/site-packages/airflow/example_dags/example_sla_dag.py
[2025-08-13T10:33:49.384+0000] {logging_mixin.py:150} INFO - [2025-08-13T10:33:49.384+0000] {dag.py:2742} INFO - Sync 1 DAGs
[2025-08-13T10:33:49.401+0000] {logging_mixin.py:150} INFO - [2025-08-13T10:33:49.401+0000] {dag.py:3504} INFO - Setting next_dagrun for example_sla_dag to 2025-08-13T10:30:00+00:00, run_after=2025-08-13T10:32:00+00:00
[2025-08-13T10:33:49.420+0000] {processor.py:179} INFO - Processing /workspaces/hands-on-introduction-data-engineering-4395021/airflow_env/lib/python3.10/site-packages/airflow/example_dags/example_sla_dag.py took 0.060 seconds
[2025-08-13T10:34:34.612+0000] {processor.py:157} INFO - Started process (PID=6427) to work on /workspaces/hands-on-introduction-data-engineering-4395021/airflow_env/lib/python3.10/site-packages/airflow/example_dags/example_sla_dag.py
[2025-08-13T10:34:34.612+0000] {processor.py:826} INFO - Processing file /workspaces/hands-on-introduction-data-engineering-4395021/airflow_env/lib/python3.10/site-packages/airflow/example_dags/example_sla_dag.py for tasks to queue
[2025-08-13T10:34:34.613+0000] {logging_mixin.py:150} INFO - [2025-08-13T10:34:34.613+0000] {dagbag.py:541} INFO - Filling up the DagBag from /workspaces/hands-on-introduction-data-engineering-4395021/airflow_env/lib/python3.10/site-packages/airflow/example_dags/example_sla_dag.py
[2025-08-13T10:34:34.619+0000] {processor.py:836} INFO - DAG(s) dict_keys(['example_sla_dag']) retrieved from /workspaces/hands-on-introduction-data-engineering-4395021/airflow_env/lib/python3.10/site-packages/airflow/example_dags/example_sla_dag.py
[2025-08-13T10:34:34.630+0000] {logging_mixin.py:150} INFO - [2025-08-13T10:34:34.630+0000] {dag.py:2742} INFO - Sync 1 DAGs
[2025-08-13T10:34:34.646+0000] {logging_mixin.py:150} INFO - [2025-08-13T10:34:34.646+0000] {dag.py:3504} INFO - Setting next_dagrun for example_sla_dag to 2025-08-13T10:32:00+00:00, run_after=2025-08-13T10:34:00+00:00
[2025-08-13T10:34:34.661+0000] {processor.py:179} INFO - Processing /workspaces/hands-on-introduction-data-engineering-4395021/airflow_env/lib/python3.10/site-packages/airflow/example_dags/example_sla_dag.py took 0.051 seconds
[2025-08-13T10:35:19.627+0000] {processor.py:157} INFO - Started process (PID=6783) to work on /workspaces/hands-on-introduction-data-engineering-4395021/airflow_env/lib/python3.10/site-packages/airflow/example_dags/example_sla_dag.py
[2025-08-13T10:35:19.628+0000] {processor.py:826} INFO - Processing file /workspaces/hands-on-introduction-data-engineering-4395021/airflow_env/lib/python3.10/site-packages/airflow/example_dags/example_sla_dag.py for tasks to queue
[2025-08-13T10:35:19.628+0000] {logging_mixin.py:150} INFO - [2025-08-13T10:35:19.628+0000] {dagbag.py:541} INFO - Filling up the DagBag from /workspaces/hands-on-introduction-data-engineering-4395021/airflow_env/lib/python3.10/site-packages/airflow/example_dags/example_sla_dag.py
[2025-08-13T10:35:19.634+0000] {processor.py:836} INFO - DAG(s) dict_keys(['example_sla_dag']) retrieved from /workspaces/hands-on-introduction-data-engineering-4395021/airflow_env/lib/python3.10/site-packages/airflow/example_dags/example_sla_dag.py
[2025-08-13T10:35:19.645+0000] {logging_mixin.py:150} INFO - [2025-08-13T10:35:19.645+0000] {dag.py:2742} INFO - Sync 1 DAGs
[2025-08-13T10:35:19.666+0000] {logging_mixin.py:150} INFO - [2025-08-13T10:35:19.666+0000] {dag.py:3504} INFO - Setting next_dagrun for example_sla_dag to 2025-08-13T10:32:00+00:00, run_after=2025-08-13T10:34:00+00:00
[2025-08-13T10:35:19.681+0000] {processor.py:179} INFO - Processing /workspaces/hands-on-introduction-data-engineering-4395021/airflow_env/lib/python3.10/site-packages/airflow/example_dags/example_sla_dag.py took 0.056 seconds
[2025-08-13T10:36:01.781+0000] {processor.py:157} INFO - Started process (PID=7070) to work on /workspaces/hands-on-introduction-data-engineering-4395021/airflow_env/lib/python3.10/site-packages/airflow/example_dags/example_sla_dag.py
[2025-08-13T10:36:01.782+0000] {processor.py:826} INFO - Processing file /workspaces/hands-on-introduction-data-engineering-4395021/airflow_env/lib/python3.10/site-packages/airflow/example_dags/example_sla_dag.py for tasks to queue
[2025-08-13T10:36:01.783+0000] {logging_mixin.py:150} INFO - [2025-08-13T10:36:01.783+0000] {dagbag.py:541} INFO - Filling up the DagBag from /workspaces/hands-on-introduction-data-engineering-4395021/airflow_env/lib/python3.10/site-packages/airflow/example_dags/example_sla_dag.py
[2025-08-13T10:36:01.791+0000] {processor.py:836} INFO - DAG(s) dict_keys(['example_sla_dag']) retrieved from /workspaces/hands-on-introduction-data-engineering-4395021/airflow_env/lib/python3.10/site-packages/airflow/example_dags/example_sla_dag.py
[2025-08-13T10:36:01.803+0000] {logging_mixin.py:150} INFO - [2025-08-13T10:36:01.802+0000] {dag.py:2742} INFO - Sync 1 DAGs
[2025-08-13T10:36:01.820+0000] {logging_mixin.py:150} INFO - [2025-08-13T10:36:01.820+0000] {dag.py:3504} INFO - Setting next_dagrun for example_sla_dag to 2025-08-13T10:34:00+00:00, run_after=2025-08-13T10:36:00+00:00
[2025-08-13T10:36:01.836+0000] {processor.py:179} INFO - Processing /workspaces/hands-on-introduction-data-engineering-4395021/airflow_env/lib/python3.10/site-packages/airflow/example_dags/example_sla_dag.py took 0.058 seconds
[2025-08-13T10:36:46.315+0000] {processor.py:157} INFO - Started process (PID=7365) to work on /workspaces/hands-on-introduction-data-engineering-4395021/airflow_env/lib/python3.10/site-packages/airflow/example_dags/example_sla_dag.py
[2025-08-13T10:36:46.316+0000] {processor.py:826} INFO - Processing file /workspaces/hands-on-introduction-data-engineering-4395021/airflow_env/lib/python3.10/site-packages/airflow/example_dags/example_sla_dag.py for tasks to queue
[2025-08-13T10:36:46.317+0000] {logging_mixin.py:150} INFO - [2025-08-13T10:36:46.316+0000] {dagbag.py:541} INFO - Filling up the DagBag from /workspaces/hands-on-introduction-data-engineering-4395021/airflow_env/lib/python3.10/site-packages/airflow/example_dags/example_sla_dag.py
[2025-08-13T10:36:46.323+0000] {processor.py:836} INFO - DAG(s) dict_keys(['example_sla_dag']) retrieved from /workspaces/hands-on-introduction-data-engineering-4395021/airflow_env/lib/python3.10/site-packages/airflow/example_dags/example_sla_dag.py
[2025-08-13T10:36:46.334+0000] {logging_mixin.py:150} INFO - [2025-08-13T10:36:46.334+0000] {dag.py:2742} INFO - Sync 1 DAGs
[2025-08-13T10:36:46.353+0000] {logging_mixin.py:150} INFO - [2025-08-13T10:36:46.353+0000] {dag.py:3504} INFO - Setting next_dagrun for example_sla_dag to 2025-08-13T10:34:00+00:00, run_after=2025-08-13T10:36:00+00:00
[2025-08-13T10:36:46.369+0000] {processor.py:179} INFO - Processing /workspaces/hands-on-introduction-data-engineering-4395021/airflow_env/lib/python3.10/site-packages/airflow/example_dags/example_sla_dag.py took 0.056 seconds
[2025-08-13T10:37:29.379+0000] {processor.py:157} INFO - Started process (PID=7651) to work on /workspaces/hands-on-introduction-data-engineering-4395021/airflow_env/lib/python3.10/site-packages/airflow/example_dags/example_sla_dag.py
[2025-08-13T10:37:29.380+0000] {processor.py:826} INFO - Processing file /workspaces/hands-on-introduction-data-engineering-4395021/airflow_env/lib/python3.10/site-packages/airflow/example_dags/example_sla_dag.py for tasks to queue
[2025-08-13T10:37:29.380+0000] {logging_mixin.py:150} INFO - [2025-08-13T10:37:29.380+0000] {dagbag.py:541} INFO - Filling up the DagBag from /workspaces/hands-on-introduction-data-engineering-4395021/airflow_env/lib/python3.10/site-packages/airflow/example_dags/example_sla_dag.py
[2025-08-13T10:37:29.387+0000] {processor.py:836} INFO - DAG(s) dict_keys(['example_sla_dag']) retrieved from /workspaces/hands-on-introduction-data-engineering-4395021/airflow_env/lib/python3.10/site-packages/airflow/example_dags/example_sla_dag.py
[2025-08-13T10:37:29.398+0000] {logging_mixin.py:150} INFO - [2025-08-13T10:37:29.398+0000] {dag.py:2742} INFO - Sync 1 DAGs
[2025-08-13T10:37:29.414+0000] {logging_mixin.py:150} INFO - [2025-08-13T10:37:29.414+0000] {dag.py:3504} INFO - Setting next_dagrun for example_sla_dag to 2025-08-13T10:34:00+00:00, run_after=2025-08-13T10:36:00+00:00
[2025-08-13T10:37:29.429+0000] {processor.py:179} INFO - Processing /workspaces/hands-on-introduction-data-engineering-4395021/airflow_env/lib/python3.10/site-packages/airflow/example_dags/example_sla_dag.py took 0.052 seconds
[2025-08-13T10:38:07.373+0000] {processor.py:157} INFO - Started process (PID=7954) to work on /workspaces/hands-on-introduction-data-engineering-4395021/airflow_env/lib/python3.10/site-packages/airflow/example_dags/example_sla_dag.py
[2025-08-13T10:38:07.373+0000] {processor.py:826} INFO - Processing file /workspaces/hands-on-introduction-data-engineering-4395021/airflow_env/lib/python3.10/site-packages/airflow/example_dags/example_sla_dag.py for tasks to queue
[2025-08-13T10:38:07.374+0000] {logging_mixin.py:150} INFO - [2025-08-13T10:38:07.374+0000] {dagbag.py:541} INFO - Filling up the DagBag from /workspaces/hands-on-introduction-data-engineering-4395021/airflow_env/lib/python3.10/site-packages/airflow/example_dags/example_sla_dag.py
[2025-08-13T10:38:07.380+0000] {processor.py:836} INFO - DAG(s) dict_keys(['example_sla_dag']) retrieved from /workspaces/hands-on-introduction-data-engineering-4395021/airflow_env/lib/python3.10/site-packages/airflow/example_dags/example_sla_dag.py
[2025-08-13T10:38:07.392+0000] {logging_mixin.py:150} INFO - [2025-08-13T10:38:07.392+0000] {dag.py:2742} INFO - Sync 1 DAGs
[2025-08-13T10:38:07.409+0000] {logging_mixin.py:150} INFO - [2025-08-13T10:38:07.408+0000] {dag.py:3504} INFO - Setting next_dagrun for example_sla_dag to 2025-08-13T10:36:00+00:00, run_after=2025-08-13T10:38:00+00:00
[2025-08-13T10:38:07.423+0000] {processor.py:179} INFO - Processing /workspaces/hands-on-introduction-data-engineering-4395021/airflow_env/lib/python3.10/site-packages/airflow/example_dags/example_sla_dag.py took 0.052 seconds
[2025-08-13T10:38:51.957+0000] {processor.py:157} INFO - Started process (PID=8250) to work on /workspaces/hands-on-introduction-data-engineering-4395021/airflow_env/lib/python3.10/site-packages/airflow/example_dags/example_sla_dag.py
[2025-08-13T10:38:51.958+0000] {processor.py:826} INFO - Processing file /workspaces/hands-on-introduction-data-engineering-4395021/airflow_env/lib/python3.10/site-packages/airflow/example_dags/example_sla_dag.py for tasks to queue
[2025-08-13T10:38:51.958+0000] {logging_mixin.py:150} INFO - [2025-08-13T10:38:51.958+0000] {dagbag.py:541} INFO - Filling up the DagBag from /workspaces/hands-on-introduction-data-engineering-4395021/airflow_env/lib/python3.10/site-packages/airflow/example_dags/example_sla_dag.py
[2025-08-13T10:38:51.964+0000] {processor.py:836} INFO - DAG(s) dict_keys(['example_sla_dag']) retrieved from /workspaces/hands-on-introduction-data-engineering-4395021/airflow_env/lib/python3.10/site-packages/airflow/example_dags/example_sla_dag.py
[2025-08-13T10:38:51.975+0000] {logging_mixin.py:150} INFO - [2025-08-13T10:38:51.975+0000] {dag.py:2742} INFO - Sync 1 DAGs
[2025-08-13T10:38:51.992+0000] {logging_mixin.py:150} INFO - [2025-08-13T10:38:51.992+0000] {dag.py:3504} INFO - Setting next_dagrun for example_sla_dag to 2025-08-13T10:36:00+00:00, run_after=2025-08-13T10:38:00+00:00
[2025-08-13T10:38:52.006+0000] {processor.py:179} INFO - Processing /workspaces/hands-on-introduction-data-engineering-4395021/airflow_env/lib/python3.10/site-packages/airflow/example_dags/example_sla_dag.py took 0.051 seconds
[2025-08-13T10:39:36.710+0000] {processor.py:157} INFO - Started process (PID=8552) to work on /workspaces/hands-on-introduction-data-engineering-4395021/airflow_env/lib/python3.10/site-packages/airflow/example_dags/example_sla_dag.py
[2025-08-13T10:39:36.711+0000] {processor.py:826} INFO - Processing file /workspaces/hands-on-introduction-data-engineering-4395021/airflow_env/lib/python3.10/site-packages/airflow/example_dags/example_sla_dag.py for tasks to queue
[2025-08-13T10:39:36.712+0000] {logging_mixin.py:150} INFO - [2025-08-13T10:39:36.711+0000] {dagbag.py:541} INFO - Filling up the DagBag from /workspaces/hands-on-introduction-data-engineering-4395021/airflow_env/lib/python3.10/site-packages/airflow/example_dags/example_sla_dag.py
[2025-08-13T10:39:36.719+0000] {processor.py:836} INFO - DAG(s) dict_keys(['example_sla_dag']) retrieved from /workspaces/hands-on-introduction-data-engineering-4395021/airflow_env/lib/python3.10/site-packages/airflow/example_dags/example_sla_dag.py
[2025-08-13T10:39:36.730+0000] {logging_mixin.py:150} INFO - [2025-08-13T10:39:36.730+0000] {dag.py:2742} INFO - Sync 1 DAGs
[2025-08-13T10:39:36.746+0000] {logging_mixin.py:150} INFO - [2025-08-13T10:39:36.746+0000] {dag.py:3504} INFO - Setting next_dagrun for example_sla_dag to 2025-08-13T10:36:00+00:00, run_after=2025-08-13T10:38:00+00:00
[2025-08-13T10:39:36.761+0000] {processor.py:179} INFO - Processing /workspaces/hands-on-introduction-data-engineering-4395021/airflow_env/lib/python3.10/site-packages/airflow/example_dags/example_sla_dag.py took 0.057 seconds
[2025-08-13T10:40:21.506+0000] {processor.py:157} INFO - Started process (PID=8844) to work on /workspaces/hands-on-introduction-data-engineering-4395021/airflow_env/lib/python3.10/site-packages/airflow/example_dags/example_sla_dag.py
[2025-08-13T10:40:21.507+0000] {processor.py:826} INFO - Processing file /workspaces/hands-on-introduction-data-engineering-4395021/airflow_env/lib/python3.10/site-packages/airflow/example_dags/example_sla_dag.py for tasks to queue
[2025-08-13T10:40:21.508+0000] {logging_mixin.py:150} INFO - [2025-08-13T10:40:21.508+0000] {dagbag.py:541} INFO - Filling up the DagBag from /workspaces/hands-on-introduction-data-engineering-4395021/airflow_env/lib/python3.10/site-packages/airflow/example_dags/example_sla_dag.py
[2025-08-13T10:40:21.514+0000] {processor.py:836} INFO - DAG(s) dict_keys(['example_sla_dag']) retrieved from /workspaces/hands-on-introduction-data-engineering-4395021/airflow_env/lib/python3.10/site-packages/airflow/example_dags/example_sla_dag.py
[2025-08-13T10:40:21.528+0000] {logging_mixin.py:150} INFO - [2025-08-13T10:40:21.527+0000] {dag.py:2742} INFO - Sync 1 DAGs
[2025-08-13T10:40:21.549+0000] {logging_mixin.py:150} INFO - [2025-08-13T10:40:21.548+0000] {dag.py:3504} INFO - Setting next_dagrun for example_sla_dag to 2025-08-13T10:38:00+00:00, run_after=2025-08-13T10:40:00+00:00
[2025-08-13T10:40:21.564+0000] {processor.py:179} INFO - Processing /workspaces/hands-on-introduction-data-engineering-4395021/airflow_env/lib/python3.10/site-packages/airflow/example_dags/example_sla_dag.py took 0.059 seconds
[2025-08-13T10:41:03.925+0000] {processor.py:157} INFO - Started process (PID=9199) to work on /workspaces/hands-on-introduction-data-engineering-4395021/airflow_env/lib/python3.10/site-packages/airflow/example_dags/example_sla_dag.py
[2025-08-13T10:41:03.926+0000] {processor.py:826} INFO - Processing file /workspaces/hands-on-introduction-data-engineering-4395021/airflow_env/lib/python3.10/site-packages/airflow/example_dags/example_sla_dag.py for tasks to queue
[2025-08-13T10:41:03.926+0000] {logging_mixin.py:150} INFO - [2025-08-13T10:41:03.926+0000] {dagbag.py:541} INFO - Filling up the DagBag from /workspaces/hands-on-introduction-data-engineering-4395021/airflow_env/lib/python3.10/site-packages/airflow/example_dags/example_sla_dag.py
[2025-08-13T10:41:03.932+0000] {processor.py:836} INFO - DAG(s) dict_keys(['example_sla_dag']) retrieved from /workspaces/hands-on-introduction-data-engineering-4395021/airflow_env/lib/python3.10/site-packages/airflow/example_dags/example_sla_dag.py
[2025-08-13T10:41:03.943+0000] {logging_mixin.py:150} INFO - [2025-08-13T10:41:03.943+0000] {dag.py:2742} INFO - Sync 1 DAGs
[2025-08-13T10:41:03.960+0000] {logging_mixin.py:150} INFO - [2025-08-13T10:41:03.959+0000] {dag.py:3504} INFO - Setting next_dagrun for example_sla_dag to 2025-08-13T10:38:00+00:00, run_after=2025-08-13T10:40:00+00:00
[2025-08-13T10:41:03.974+0000] {processor.py:179} INFO - Processing /workspaces/hands-on-introduction-data-engineering-4395021/airflow_env/lib/python3.10/site-packages/airflow/example_dags/example_sla_dag.py took 0.051 seconds
