[2025-08-13T03:24:52.184+0000] {processor.py:157} INFO - Started process (PID=4791) to work on /workspaces/hands-on-introduction-data-engineering-4395021/airflow_env/lib/python3.10/site-packages/airflow/example_dags/example_short_circuit_operator.py
[2025-08-13T03:24:52.185+0000] {processor.py:826} INFO - Processing file /workspaces/hands-on-introduction-data-engineering-4395021/airflow_env/lib/python3.10/site-packages/airflow/example_dags/example_short_circuit_operator.py for tasks to queue
[2025-08-13T03:24:52.186+0000] {logging_mixin.py:150} INFO - [2025-08-13T03:24:52.186+0000] {dagbag.py:541} INFO - Filling up the DagBag from /workspaces/hands-on-introduction-data-engineering-4395021/airflow_env/lib/python3.10/site-packages/airflow/example_dags/example_short_circuit_operator.py
[2025-08-13T03:24:52.196+0000] {processor.py:836} INFO - DAG(s) dict_keys(['example_short_circuit_operator']) retrieved from /workspaces/hands-on-introduction-data-engineering-4395021/airflow_env/lib/python3.10/site-packages/airflow/example_dags/example_short_circuit_operator.py
[2025-08-13T03:24:52.408+0000] {logging_mixin.py:150} INFO - [2025-08-13T03:24:52.408+0000] {manager.py:504} INFO - Created Permission View: can read on DAG:example_short_circuit_operator
[2025-08-13T03:24:52.419+0000] {logging_mixin.py:150} INFO - [2025-08-13T03:24:52.419+0000] {manager.py:504} INFO - Created Permission View: can edit on DAG:example_short_circuit_operator
[2025-08-13T03:24:52.427+0000] {logging_mixin.py:150} INFO - [2025-08-13T03:24:52.427+0000] {manager.py:504} INFO - Created Permission View: can delete on DAG:example_short_circuit_operator
[2025-08-13T03:24:52.439+0000] {logging_mixin.py:150} INFO - [2025-08-13T03:24:52.439+0000] {dag.py:2742} INFO - Sync 1 DAGs
[2025-08-13T03:24:52.449+0000] {logging_mixin.py:150} INFO - [2025-08-13T03:24:52.449+0000] {dag.py:2763} INFO - Creating ORM DAG for example_short_circuit_operator
[2025-08-13T03:24:52.458+0000] {logging_mixin.py:150} INFO - [2025-08-13T03:24:52.458+0000] {dag.py:3504} INFO - Setting next_dagrun for example_short_circuit_operator to 2025-08-12T03:24:52.458501+00:00, run_after=2025-08-13T03:24:52.458501+00:00
[2025-08-13T03:24:52.480+0000] {processor.py:179} INFO - Processing /workspaces/hands-on-introduction-data-engineering-4395021/airflow_env/lib/python3.10/site-packages/airflow/example_dags/example_short_circuit_operator.py took 0.298 seconds
[2025-08-13T03:25:39.825+0000] {processor.py:157} INFO - Started process (PID=5149) to work on /workspaces/hands-on-introduction-data-engineering-4395021/airflow_env/lib/python3.10/site-packages/airflow/example_dags/example_short_circuit_operator.py
[2025-08-13T03:25:39.825+0000] {processor.py:826} INFO - Processing file /workspaces/hands-on-introduction-data-engineering-4395021/airflow_env/lib/python3.10/site-packages/airflow/example_dags/example_short_circuit_operator.py for tasks to queue
[2025-08-13T03:25:39.826+0000] {logging_mixin.py:150} INFO - [2025-08-13T03:25:39.826+0000] {dagbag.py:541} INFO - Filling up the DagBag from /workspaces/hands-on-introduction-data-engineering-4395021/airflow_env/lib/python3.10/site-packages/airflow/example_dags/example_short_circuit_operator.py
[2025-08-13T03:25:39.832+0000] {processor.py:836} INFO - DAG(s) dict_keys(['example_short_circuit_operator']) retrieved from /workspaces/hands-on-introduction-data-engineering-4395021/airflow_env/lib/python3.10/site-packages/airflow/example_dags/example_short_circuit_operator.py
[2025-08-13T03:25:39.845+0000] {logging_mixin.py:150} INFO - [2025-08-13T03:25:39.845+0000] {dag.py:2742} INFO - Sync 1 DAGs
[2025-08-13T03:25:39.859+0000] {logging_mixin.py:150} INFO - [2025-08-13T03:25:39.859+0000] {dag.py:3504} INFO - Setting next_dagrun for example_short_circuit_operator to 2025-08-12T03:25:39.859517+00:00, run_after=2025-08-13T03:25:39.859517+00:00
[2025-08-13T03:25:39.874+0000] {processor.py:179} INFO - Processing /workspaces/hands-on-introduction-data-engineering-4395021/airflow_env/lib/python3.10/site-packages/airflow/example_dags/example_short_circuit_operator.py took 0.052 seconds
[2025-08-13T03:26:23.936+0000] {processor.py:157} INFO - Started process (PID=5449) to work on /workspaces/hands-on-introduction-data-engineering-4395021/airflow_env/lib/python3.10/site-packages/airflow/example_dags/example_short_circuit_operator.py
[2025-08-13T03:26:23.936+0000] {processor.py:826} INFO - Processing file /workspaces/hands-on-introduction-data-engineering-4395021/airflow_env/lib/python3.10/site-packages/airflow/example_dags/example_short_circuit_operator.py for tasks to queue
[2025-08-13T03:26:23.937+0000] {logging_mixin.py:150} INFO - [2025-08-13T03:26:23.937+0000] {dagbag.py:541} INFO - Filling up the DagBag from /workspaces/hands-on-introduction-data-engineering-4395021/airflow_env/lib/python3.10/site-packages/airflow/example_dags/example_short_circuit_operator.py
[2025-08-13T03:26:23.943+0000] {processor.py:836} INFO - DAG(s) dict_keys(['example_short_circuit_operator']) retrieved from /workspaces/hands-on-introduction-data-engineering-4395021/airflow_env/lib/python3.10/site-packages/airflow/example_dags/example_short_circuit_operator.py
[2025-08-13T03:26:23.956+0000] {logging_mixin.py:150} INFO - [2025-08-13T03:26:23.956+0000] {dag.py:2742} INFO - Sync 1 DAGs
[2025-08-13T03:26:23.971+0000] {logging_mixin.py:150} INFO - [2025-08-13T03:26:23.970+0000] {dag.py:3504} INFO - Setting next_dagrun for example_short_circuit_operator to 2025-08-12T03:26:23.970724+00:00, run_after=2025-08-13T03:26:23.970724+00:00
[2025-08-13T03:26:23.987+0000] {processor.py:179} INFO - Processing /workspaces/hands-on-introduction-data-engineering-4395021/airflow_env/lib/python3.10/site-packages/airflow/example_dags/example_short_circuit_operator.py took 0.053 seconds
[2025-08-13T03:27:09.010+0000] {processor.py:157} INFO - Started process (PID=5744) to work on /workspaces/hands-on-introduction-data-engineering-4395021/airflow_env/lib/python3.10/site-packages/airflow/example_dags/example_short_circuit_operator.py
[2025-08-13T03:27:09.010+0000] {processor.py:826} INFO - Processing file /workspaces/hands-on-introduction-data-engineering-4395021/airflow_env/lib/python3.10/site-packages/airflow/example_dags/example_short_circuit_operator.py for tasks to queue
[2025-08-13T03:27:09.011+0000] {logging_mixin.py:150} INFO - [2025-08-13T03:27:09.011+0000] {dagbag.py:541} INFO - Filling up the DagBag from /workspaces/hands-on-introduction-data-engineering-4395021/airflow_env/lib/python3.10/site-packages/airflow/example_dags/example_short_circuit_operator.py
[2025-08-13T03:27:09.017+0000] {processor.py:836} INFO - DAG(s) dict_keys(['example_short_circuit_operator']) retrieved from /workspaces/hands-on-introduction-data-engineering-4395021/airflow_env/lib/python3.10/site-packages/airflow/example_dags/example_short_circuit_operator.py
[2025-08-13T03:27:09.036+0000] {logging_mixin.py:150} INFO - [2025-08-13T03:27:09.036+0000] {dag.py:2742} INFO - Sync 1 DAGs
[2025-08-13T03:27:09.054+0000] {logging_mixin.py:150} INFO - [2025-08-13T03:27:09.054+0000] {dag.py:3504} INFO - Setting next_dagrun for example_short_circuit_operator to 2025-08-12T03:27:09.054261+00:00, run_after=2025-08-13T03:27:09.054261+00:00
[2025-08-13T03:27:09.070+0000] {processor.py:179} INFO - Processing /workspaces/hands-on-introduction-data-engineering-4395021/airflow_env/lib/python3.10/site-packages/airflow/example_dags/example_short_circuit_operator.py took 0.063 seconds
[2025-08-13T03:27:59.229+0000] {processor.py:157} INFO - Started process (PID=6169) to work on /workspaces/hands-on-introduction-data-engineering-4395021/airflow_env/lib/python3.10/site-packages/airflow/example_dags/example_short_circuit_operator.py
[2025-08-13T03:27:59.230+0000] {processor.py:826} INFO - Processing file /workspaces/hands-on-introduction-data-engineering-4395021/airflow_env/lib/python3.10/site-packages/airflow/example_dags/example_short_circuit_operator.py for tasks to queue
[2025-08-13T03:27:59.231+0000] {logging_mixin.py:150} INFO - [2025-08-13T03:27:59.230+0000] {dagbag.py:541} INFO - Filling up the DagBag from /workspaces/hands-on-introduction-data-engineering-4395021/airflow_env/lib/python3.10/site-packages/airflow/example_dags/example_short_circuit_operator.py
[2025-08-13T03:27:59.236+0000] {processor.py:836} INFO - DAG(s) dict_keys(['example_short_circuit_operator']) retrieved from /workspaces/hands-on-introduction-data-engineering-4395021/airflow_env/lib/python3.10/site-packages/airflow/example_dags/example_short_circuit_operator.py
[2025-08-13T03:27:59.254+0000] {logging_mixin.py:150} INFO - [2025-08-13T03:27:59.253+0000] {dag.py:2742} INFO - Sync 1 DAGs
[2025-08-13T03:27:59.275+0000] {logging_mixin.py:150} INFO - [2025-08-13T03:27:59.275+0000] {dag.py:3504} INFO - Setting next_dagrun for example_short_circuit_operator to 2025-08-12T03:27:59.275015+00:00, run_after=2025-08-13T03:27:59.275015+00:00
[2025-08-13T03:27:59.295+0000] {processor.py:179} INFO - Processing /workspaces/hands-on-introduction-data-engineering-4395021/airflow_env/lib/python3.10/site-packages/airflow/example_dags/example_short_circuit_operator.py took 0.068 seconds
[2025-08-13T03:28:42.514+0000] {processor.py:157} INFO - Started process (PID=6514) to work on /workspaces/hands-on-introduction-data-engineering-4395021/airflow_env/lib/python3.10/site-packages/airflow/example_dags/example_short_circuit_operator.py
[2025-08-13T03:28:42.515+0000] {processor.py:826} INFO - Processing file /workspaces/hands-on-introduction-data-engineering-4395021/airflow_env/lib/python3.10/site-packages/airflow/example_dags/example_short_circuit_operator.py for tasks to queue
[2025-08-13T03:28:42.515+0000] {logging_mixin.py:150} INFO - [2025-08-13T03:28:42.515+0000] {dagbag.py:541} INFO - Filling up the DagBag from /workspaces/hands-on-introduction-data-engineering-4395021/airflow_env/lib/python3.10/site-packages/airflow/example_dags/example_short_circuit_operator.py
[2025-08-13T03:28:42.522+0000] {processor.py:836} INFO - DAG(s) dict_keys(['example_short_circuit_operator']) retrieved from /workspaces/hands-on-introduction-data-engineering-4395021/airflow_env/lib/python3.10/site-packages/airflow/example_dags/example_short_circuit_operator.py
[2025-08-13T03:28:42.535+0000] {logging_mixin.py:150} INFO - [2025-08-13T03:28:42.535+0000] {dag.py:2742} INFO - Sync 1 DAGs
[2025-08-13T03:28:42.549+0000] {logging_mixin.py:150} INFO - [2025-08-13T03:28:42.549+0000] {dag.py:3504} INFO - Setting next_dagrun for example_short_circuit_operator to 2025-08-12T03:28:42.549320+00:00, run_after=2025-08-13T03:28:42.549320+00:00
[2025-08-13T03:28:42.565+0000] {processor.py:179} INFO - Processing /workspaces/hands-on-introduction-data-engineering-4395021/airflow_env/lib/python3.10/site-packages/airflow/example_dags/example_short_circuit_operator.py took 0.053 seconds
[2025-08-13T03:29:27.642+0000] {processor.py:157} INFO - Started process (PID=6950) to work on /workspaces/hands-on-introduction-data-engineering-4395021/airflow_env/lib/python3.10/site-packages/airflow/example_dags/example_short_circuit_operator.py
[2025-08-13T03:29:27.643+0000] {processor.py:826} INFO - Processing file /workspaces/hands-on-introduction-data-engineering-4395021/airflow_env/lib/python3.10/site-packages/airflow/example_dags/example_short_circuit_operator.py for tasks to queue
[2025-08-13T03:29:27.644+0000] {logging_mixin.py:150} INFO - [2025-08-13T03:29:27.644+0000] {dagbag.py:541} INFO - Filling up the DagBag from /workspaces/hands-on-introduction-data-engineering-4395021/airflow_env/lib/python3.10/site-packages/airflow/example_dags/example_short_circuit_operator.py
[2025-08-13T03:29:27.653+0000] {processor.py:836} INFO - DAG(s) dict_keys(['example_short_circuit_operator']) retrieved from /workspaces/hands-on-introduction-data-engineering-4395021/airflow_env/lib/python3.10/site-packages/airflow/example_dags/example_short_circuit_operator.py
[2025-08-13T03:29:27.672+0000] {logging_mixin.py:150} INFO - [2025-08-13T03:29:27.672+0000] {dag.py:2742} INFO - Sync 1 DAGs
[2025-08-13T03:29:27.692+0000] {logging_mixin.py:150} INFO - [2025-08-13T03:29:27.692+0000] {dag.py:3504} INFO - Setting next_dagrun for example_short_circuit_operator to 2025-08-12T03:29:27.692094+00:00, run_after=2025-08-13T03:29:27.692094+00:00
[2025-08-13T03:29:27.707+0000] {processor.py:179} INFO - Processing /workspaces/hands-on-introduction-data-engineering-4395021/airflow_env/lib/python3.10/site-packages/airflow/example_dags/example_short_circuit_operator.py took 0.067 seconds
[2025-08-13T03:30:09.718+0000] {processor.py:157} INFO - Started process (PID=7365) to work on /workspaces/hands-on-introduction-data-engineering-4395021/airflow_env/lib/python3.10/site-packages/airflow/example_dags/example_short_circuit_operator.py
[2025-08-13T03:30:09.719+0000] {processor.py:826} INFO - Processing file /workspaces/hands-on-introduction-data-engineering-4395021/airflow_env/lib/python3.10/site-packages/airflow/example_dags/example_short_circuit_operator.py for tasks to queue
[2025-08-13T03:30:09.720+0000] {logging_mixin.py:150} INFO - [2025-08-13T03:30:09.719+0000] {dagbag.py:541} INFO - Filling up the DagBag from /workspaces/hands-on-introduction-data-engineering-4395021/airflow_env/lib/python3.10/site-packages/airflow/example_dags/example_short_circuit_operator.py
[2025-08-13T03:30:09.726+0000] {processor.py:836} INFO - DAG(s) dict_keys(['example_short_circuit_operator']) retrieved from /workspaces/hands-on-introduction-data-engineering-4395021/airflow_env/lib/python3.10/site-packages/airflow/example_dags/example_short_circuit_operator.py
[2025-08-13T03:30:09.739+0000] {logging_mixin.py:150} INFO - [2025-08-13T03:30:09.739+0000] {dag.py:2742} INFO - Sync 1 DAGs
[2025-08-13T03:30:09.753+0000] {logging_mixin.py:150} INFO - [2025-08-13T03:30:09.753+0000] {dag.py:3504} INFO - Setting next_dagrun for example_short_circuit_operator to 2025-08-12T03:30:09.753351+00:00, run_after=2025-08-13T03:30:09.753351+00:00
[2025-08-13T03:30:09.769+0000] {processor.py:179} INFO - Processing /workspaces/hands-on-introduction-data-engineering-4395021/airflow_env/lib/python3.10/site-packages/airflow/example_dags/example_short_circuit_operator.py took 0.052 seconds
[2025-08-13T03:30:54.847+0000] {processor.py:157} INFO - Started process (PID=7675) to work on /workspaces/hands-on-introduction-data-engineering-4395021/airflow_env/lib/python3.10/site-packages/airflow/example_dags/example_short_circuit_operator.py
[2025-08-13T03:30:54.848+0000] {processor.py:826} INFO - Processing file /workspaces/hands-on-introduction-data-engineering-4395021/airflow_env/lib/python3.10/site-packages/airflow/example_dags/example_short_circuit_operator.py for tasks to queue
[2025-08-13T03:30:54.848+0000] {logging_mixin.py:150} INFO - [2025-08-13T03:30:54.848+0000] {dagbag.py:541} INFO - Filling up the DagBag from /workspaces/hands-on-introduction-data-engineering-4395021/airflow_env/lib/python3.10/site-packages/airflow/example_dags/example_short_circuit_operator.py
[2025-08-13T03:30:54.855+0000] {processor.py:836} INFO - DAG(s) dict_keys(['example_short_circuit_operator']) retrieved from /workspaces/hands-on-introduction-data-engineering-4395021/airflow_env/lib/python3.10/site-packages/airflow/example_dags/example_short_circuit_operator.py
[2025-08-13T03:30:54.868+0000] {logging_mixin.py:150} INFO - [2025-08-13T03:30:54.868+0000] {dag.py:2742} INFO - Sync 1 DAGs
[2025-08-13T03:30:54.883+0000] {logging_mixin.py:150} INFO - [2025-08-13T03:30:54.882+0000] {dag.py:3504} INFO - Setting next_dagrun for example_short_circuit_operator to 2025-08-12T03:30:54.882688+00:00, run_after=2025-08-13T03:30:54.882688+00:00
[2025-08-13T03:30:54.899+0000] {processor.py:179} INFO - Processing /workspaces/hands-on-introduction-data-engineering-4395021/airflow_env/lib/python3.10/site-packages/airflow/example_dags/example_short_circuit_operator.py took 0.054 seconds
[2025-08-13T03:31:37.829+0000] {processor.py:157} INFO - Started process (PID=7954) to work on /workspaces/hands-on-introduction-data-engineering-4395021/airflow_env/lib/python3.10/site-packages/airflow/example_dags/example_short_circuit_operator.py
[2025-08-13T03:31:37.830+0000] {processor.py:826} INFO - Processing file /workspaces/hands-on-introduction-data-engineering-4395021/airflow_env/lib/python3.10/site-packages/airflow/example_dags/example_short_circuit_operator.py for tasks to queue
[2025-08-13T03:31:37.831+0000] {logging_mixin.py:150} INFO - [2025-08-13T03:31:37.831+0000] {dagbag.py:541} INFO - Filling up the DagBag from /workspaces/hands-on-introduction-data-engineering-4395021/airflow_env/lib/python3.10/site-packages/airflow/example_dags/example_short_circuit_operator.py
[2025-08-13T03:31:37.841+0000] {processor.py:836} INFO - DAG(s) dict_keys(['example_short_circuit_operator']) retrieved from /workspaces/hands-on-introduction-data-engineering-4395021/airflow_env/lib/python3.10/site-packages/airflow/example_dags/example_short_circuit_operator.py
[2025-08-13T03:31:37.865+0000] {logging_mixin.py:150} INFO - [2025-08-13T03:31:37.865+0000] {dag.py:2742} INFO - Sync 1 DAGs
[2025-08-13T03:31:37.886+0000] {logging_mixin.py:150} INFO - [2025-08-13T03:31:37.886+0000] {dag.py:3504} INFO - Setting next_dagrun for example_short_circuit_operator to 2025-08-12T03:31:37.886362+00:00, run_after=2025-08-13T03:31:37.886362+00:00
[2025-08-13T03:31:37.906+0000] {processor.py:179} INFO - Processing /workspaces/hands-on-introduction-data-engineering-4395021/airflow_env/lib/python3.10/site-packages/airflow/example_dags/example_short_circuit_operator.py took 0.080 seconds
[2025-08-13T03:32:25.512+0000] {processor.py:157} INFO - Started process (PID=8278) to work on /workspaces/hands-on-introduction-data-engineering-4395021/airflow_env/lib/python3.10/site-packages/airflow/example_dags/example_short_circuit_operator.py
[2025-08-13T03:32:25.513+0000] {processor.py:826} INFO - Processing file /workspaces/hands-on-introduction-data-engineering-4395021/airflow_env/lib/python3.10/site-packages/airflow/example_dags/example_short_circuit_operator.py for tasks to queue
[2025-08-13T03:32:25.514+0000] {logging_mixin.py:150} INFO - [2025-08-13T03:32:25.513+0000] {dagbag.py:541} INFO - Filling up the DagBag from /workspaces/hands-on-introduction-data-engineering-4395021/airflow_env/lib/python3.10/site-packages/airflow/example_dags/example_short_circuit_operator.py
[2025-08-13T03:32:25.520+0000] {processor.py:836} INFO - DAG(s) dict_keys(['example_short_circuit_operator']) retrieved from /workspaces/hands-on-introduction-data-engineering-4395021/airflow_env/lib/python3.10/site-packages/airflow/example_dags/example_short_circuit_operator.py
[2025-08-13T03:32:25.532+0000] {logging_mixin.py:150} INFO - [2025-08-13T03:32:25.532+0000] {dag.py:2742} INFO - Sync 1 DAGs
[2025-08-13T03:32:25.546+0000] {logging_mixin.py:150} INFO - [2025-08-13T03:32:25.546+0000] {dag.py:3504} INFO - Setting next_dagrun for example_short_circuit_operator to 2025-08-12T03:32:25.546529+00:00, run_after=2025-08-13T03:32:25.546529+00:00
[2025-08-13T03:32:25.561+0000] {processor.py:179} INFO - Processing /workspaces/hands-on-introduction-data-engineering-4395021/airflow_env/lib/python3.10/site-packages/airflow/example_dags/example_short_circuit_operator.py took 0.051 seconds
[2025-08-13T03:33:11.154+0000] {processor.py:157} INFO - Started process (PID=8580) to work on /workspaces/hands-on-introduction-data-engineering-4395021/airflow_env/lib/python3.10/site-packages/airflow/example_dags/example_short_circuit_operator.py
[2025-08-13T03:33:11.155+0000] {processor.py:826} INFO - Processing file /workspaces/hands-on-introduction-data-engineering-4395021/airflow_env/lib/python3.10/site-packages/airflow/example_dags/example_short_circuit_operator.py for tasks to queue
[2025-08-13T03:33:11.155+0000] {logging_mixin.py:150} INFO - [2025-08-13T03:33:11.155+0000] {dagbag.py:541} INFO - Filling up the DagBag from /workspaces/hands-on-introduction-data-engineering-4395021/airflow_env/lib/python3.10/site-packages/airflow/example_dags/example_short_circuit_operator.py
[2025-08-13T03:33:11.161+0000] {processor.py:836} INFO - DAG(s) dict_keys(['example_short_circuit_operator']) retrieved from /workspaces/hands-on-introduction-data-engineering-4395021/airflow_env/lib/python3.10/site-packages/airflow/example_dags/example_short_circuit_operator.py
[2025-08-13T03:33:11.175+0000] {logging_mixin.py:150} INFO - [2025-08-13T03:33:11.174+0000] {dag.py:2742} INFO - Sync 1 DAGs
[2025-08-13T03:33:11.189+0000] {logging_mixin.py:150} INFO - [2025-08-13T03:33:11.188+0000] {dag.py:3504} INFO - Setting next_dagrun for example_short_circuit_operator to 2025-08-12T03:33:11.188726+00:00, run_after=2025-08-13T03:33:11.188726+00:00
[2025-08-13T03:33:11.203+0000] {processor.py:179} INFO - Processing /workspaces/hands-on-introduction-data-engineering-4395021/airflow_env/lib/python3.10/site-packages/airflow/example_dags/example_short_circuit_operator.py took 0.051 seconds
[2025-08-13T03:33:52.810+0000] {processor.py:157} INFO - Started process (PID=8852) to work on /workspaces/hands-on-introduction-data-engineering-4395021/airflow_env/lib/python3.10/site-packages/airflow/example_dags/example_short_circuit_operator.py
[2025-08-13T03:33:52.811+0000] {processor.py:826} INFO - Processing file /workspaces/hands-on-introduction-data-engineering-4395021/airflow_env/lib/python3.10/site-packages/airflow/example_dags/example_short_circuit_operator.py for tasks to queue
[2025-08-13T03:33:52.811+0000] {logging_mixin.py:150} INFO - [2025-08-13T03:33:52.811+0000] {dagbag.py:541} INFO - Filling up the DagBag from /workspaces/hands-on-introduction-data-engineering-4395021/airflow_env/lib/python3.10/site-packages/airflow/example_dags/example_short_circuit_operator.py
[2025-08-13T03:33:52.817+0000] {processor.py:836} INFO - DAG(s) dict_keys(['example_short_circuit_operator']) retrieved from /workspaces/hands-on-introduction-data-engineering-4395021/airflow_env/lib/python3.10/site-packages/airflow/example_dags/example_short_circuit_operator.py
[2025-08-13T03:33:52.830+0000] {logging_mixin.py:150} INFO - [2025-08-13T03:33:52.830+0000] {dag.py:2742} INFO - Sync 1 DAGs
[2025-08-13T03:33:52.844+0000] {logging_mixin.py:150} INFO - [2025-08-13T03:33:52.844+0000] {dag.py:3504} INFO - Setting next_dagrun for example_short_circuit_operator to 2025-08-12T03:33:52.844329+00:00, run_after=2025-08-13T03:33:52.844329+00:00
[2025-08-13T03:33:52.859+0000] {processor.py:179} INFO - Processing /workspaces/hands-on-introduction-data-engineering-4395021/airflow_env/lib/python3.10/site-packages/airflow/example_dags/example_short_circuit_operator.py took 0.051 seconds
[2025-08-13T03:34:38.181+0000] {processor.py:157} INFO - Started process (PID=9160) to work on /workspaces/hands-on-introduction-data-engineering-4395021/airflow_env/lib/python3.10/site-packages/airflow/example_dags/example_short_circuit_operator.py
[2025-08-13T03:34:38.182+0000] {processor.py:826} INFO - Processing file /workspaces/hands-on-introduction-data-engineering-4395021/airflow_env/lib/python3.10/site-packages/airflow/example_dags/example_short_circuit_operator.py for tasks to queue
[2025-08-13T03:34:38.182+0000] {logging_mixin.py:150} INFO - [2025-08-13T03:34:38.182+0000] {dagbag.py:541} INFO - Filling up the DagBag from /workspaces/hands-on-introduction-data-engineering-4395021/airflow_env/lib/python3.10/site-packages/airflow/example_dags/example_short_circuit_operator.py
[2025-08-13T03:34:38.189+0000] {processor.py:836} INFO - DAG(s) dict_keys(['example_short_circuit_operator']) retrieved from /workspaces/hands-on-introduction-data-engineering-4395021/airflow_env/lib/python3.10/site-packages/airflow/example_dags/example_short_circuit_operator.py
[2025-08-13T03:34:38.202+0000] {logging_mixin.py:150} INFO - [2025-08-13T03:34:38.201+0000] {dag.py:2742} INFO - Sync 1 DAGs
[2025-08-13T03:34:38.216+0000] {logging_mixin.py:150} INFO - [2025-08-13T03:34:38.216+0000] {dag.py:3504} INFO - Setting next_dagrun for example_short_circuit_operator to 2025-08-12T03:34:38.215869+00:00, run_after=2025-08-13T03:34:38.215869+00:00
[2025-08-13T03:34:38.231+0000] {processor.py:179} INFO - Processing /workspaces/hands-on-introduction-data-engineering-4395021/airflow_env/lib/python3.10/site-packages/airflow/example_dags/example_short_circuit_operator.py took 0.052 seconds
[2025-08-13T03:35:21.545+0000] {processor.py:157} INFO - Started process (PID=9511) to work on /workspaces/hands-on-introduction-data-engineering-4395021/airflow_env/lib/python3.10/site-packages/airflow/example_dags/example_short_circuit_operator.py
[2025-08-13T03:35:21.545+0000] {processor.py:826} INFO - Processing file /workspaces/hands-on-introduction-data-engineering-4395021/airflow_env/lib/python3.10/site-packages/airflow/example_dags/example_short_circuit_operator.py for tasks to queue
[2025-08-13T03:35:21.546+0000] {logging_mixin.py:150} INFO - [2025-08-13T03:35:21.546+0000] {dagbag.py:541} INFO - Filling up the DagBag from /workspaces/hands-on-introduction-data-engineering-4395021/airflow_env/lib/python3.10/site-packages/airflow/example_dags/example_short_circuit_operator.py
[2025-08-13T03:35:21.552+0000] {processor.py:836} INFO - DAG(s) dict_keys(['example_short_circuit_operator']) retrieved from /workspaces/hands-on-introduction-data-engineering-4395021/airflow_env/lib/python3.10/site-packages/airflow/example_dags/example_short_circuit_operator.py
[2025-08-13T03:35:21.565+0000] {logging_mixin.py:150} INFO - [2025-08-13T03:35:21.565+0000] {dag.py:2742} INFO - Sync 1 DAGs
[2025-08-13T03:35:21.579+0000] {logging_mixin.py:150} INFO - [2025-08-13T03:35:21.579+0000] {dag.py:3504} INFO - Setting next_dagrun for example_short_circuit_operator to 2025-08-12T03:35:21.579666+00:00, run_after=2025-08-13T03:35:21.579666+00:00
[2025-08-13T03:35:21.594+0000] {processor.py:179} INFO - Processing /workspaces/hands-on-introduction-data-engineering-4395021/airflow_env/lib/python3.10/site-packages/airflow/example_dags/example_short_circuit_operator.py took 0.052 seconds
[2025-08-13T03:36:06.737+0000] {processor.py:157} INFO - Started process (PID=9989) to work on /workspaces/hands-on-introduction-data-engineering-4395021/airflow_env/lib/python3.10/site-packages/airflow/example_dags/example_short_circuit_operator.py
[2025-08-13T03:36:06.737+0000] {processor.py:826} INFO - Processing file /workspaces/hands-on-introduction-data-engineering-4395021/airflow_env/lib/python3.10/site-packages/airflow/example_dags/example_short_circuit_operator.py for tasks to queue
[2025-08-13T03:36:06.738+0000] {logging_mixin.py:150} INFO - [2025-08-13T03:36:06.738+0000] {dagbag.py:541} INFO - Filling up the DagBag from /workspaces/hands-on-introduction-data-engineering-4395021/airflow_env/lib/python3.10/site-packages/airflow/example_dags/example_short_circuit_operator.py
[2025-08-13T03:36:06.744+0000] {processor.py:836} INFO - DAG(s) dict_keys(['example_short_circuit_operator']) retrieved from /workspaces/hands-on-introduction-data-engineering-4395021/airflow_env/lib/python3.10/site-packages/airflow/example_dags/example_short_circuit_operator.py
[2025-08-13T03:36:06.763+0000] {logging_mixin.py:150} INFO - [2025-08-13T03:36:06.762+0000] {dag.py:2742} INFO - Sync 1 DAGs
[2025-08-13T03:36:06.783+0000] {logging_mixin.py:150} INFO - [2025-08-13T03:36:06.783+0000] {dag.py:3504} INFO - Setting next_dagrun for example_short_circuit_operator to 2025-08-12T03:36:06.783656+00:00, run_after=2025-08-13T03:36:06.783656+00:00
[2025-08-13T03:36:06.799+0000] {processor.py:179} INFO - Processing /workspaces/hands-on-introduction-data-engineering-4395021/airflow_env/lib/python3.10/site-packages/airflow/example_dags/example_short_circuit_operator.py took 0.064 seconds
[2025-08-13T03:36:48.859+0000] {processor.py:157} INFO - Started process (PID=10287) to work on /workspaces/hands-on-introduction-data-engineering-4395021/airflow_env/lib/python3.10/site-packages/airflow/example_dags/example_short_circuit_operator.py
[2025-08-13T03:36:48.860+0000] {processor.py:826} INFO - Processing file /workspaces/hands-on-introduction-data-engineering-4395021/airflow_env/lib/python3.10/site-packages/airflow/example_dags/example_short_circuit_operator.py for tasks to queue
[2025-08-13T03:36:48.860+0000] {logging_mixin.py:150} INFO - [2025-08-13T03:36:48.860+0000] {dagbag.py:541} INFO - Filling up the DagBag from /workspaces/hands-on-introduction-data-engineering-4395021/airflow_env/lib/python3.10/site-packages/airflow/example_dags/example_short_circuit_operator.py
[2025-08-13T03:36:48.866+0000] {processor.py:836} INFO - DAG(s) dict_keys(['example_short_circuit_operator']) retrieved from /workspaces/hands-on-introduction-data-engineering-4395021/airflow_env/lib/python3.10/site-packages/airflow/example_dags/example_short_circuit_operator.py
[2025-08-13T03:36:48.879+0000] {logging_mixin.py:150} INFO - [2025-08-13T03:36:48.879+0000] {dag.py:2742} INFO - Sync 1 DAGs
[2025-08-13T03:36:48.893+0000] {logging_mixin.py:150} INFO - [2025-08-13T03:36:48.892+0000] {dag.py:3504} INFO - Setting next_dagrun for example_short_circuit_operator to 2025-08-12T03:36:48.892755+00:00, run_after=2025-08-13T03:36:48.892755+00:00
[2025-08-13T03:36:48.908+0000] {processor.py:179} INFO - Processing /workspaces/hands-on-introduction-data-engineering-4395021/airflow_env/lib/python3.10/site-packages/airflow/example_dags/example_short_circuit_operator.py took 0.051 seconds
[2025-08-13T03:37:31.853+0000] {processor.py:157} INFO - Started process (PID=10718) to work on /workspaces/hands-on-introduction-data-engineering-4395021/airflow_env/lib/python3.10/site-packages/airflow/example_dags/example_short_circuit_operator.py
[2025-08-13T03:37:31.854+0000] {processor.py:826} INFO - Processing file /workspaces/hands-on-introduction-data-engineering-4395021/airflow_env/lib/python3.10/site-packages/airflow/example_dags/example_short_circuit_operator.py for tasks to queue
[2025-08-13T03:37:31.855+0000] {logging_mixin.py:150} INFO - [2025-08-13T03:37:31.854+0000] {dagbag.py:541} INFO - Filling up the DagBag from /workspaces/hands-on-introduction-data-engineering-4395021/airflow_env/lib/python3.10/site-packages/airflow/example_dags/example_short_circuit_operator.py
[2025-08-13T03:37:31.860+0000] {processor.py:836} INFO - DAG(s) dict_keys(['example_short_circuit_operator']) retrieved from /workspaces/hands-on-introduction-data-engineering-4395021/airflow_env/lib/python3.10/site-packages/airflow/example_dags/example_short_circuit_operator.py
[2025-08-13T03:37:31.873+0000] {logging_mixin.py:150} INFO - [2025-08-13T03:37:31.873+0000] {dag.py:2742} INFO - Sync 1 DAGs
[2025-08-13T03:37:31.888+0000] {logging_mixin.py:150} INFO - [2025-08-13T03:37:31.888+0000] {dag.py:3504} INFO - Setting next_dagrun for example_short_circuit_operator to 2025-08-12T03:37:31.888066+00:00, run_after=2025-08-13T03:37:31.888066+00:00
[2025-08-13T03:37:31.904+0000] {processor.py:179} INFO - Processing /workspaces/hands-on-introduction-data-engineering-4395021/airflow_env/lib/python3.10/site-packages/airflow/example_dags/example_short_circuit_operator.py took 0.052 seconds
[2025-08-13T03:38:14.986+0000] {processor.py:157} INFO - Started process (PID=11041) to work on /workspaces/hands-on-introduction-data-engineering-4395021/airflow_env/lib/python3.10/site-packages/airflow/example_dags/example_short_circuit_operator.py
[2025-08-13T03:38:14.987+0000] {processor.py:826} INFO - Processing file /workspaces/hands-on-introduction-data-engineering-4395021/airflow_env/lib/python3.10/site-packages/airflow/example_dags/example_short_circuit_operator.py for tasks to queue
[2025-08-13T03:38:14.988+0000] {logging_mixin.py:150} INFO - [2025-08-13T03:38:14.988+0000] {dagbag.py:541} INFO - Filling up the DagBag from /workspaces/hands-on-introduction-data-engineering-4395021/airflow_env/lib/python3.10/site-packages/airflow/example_dags/example_short_circuit_operator.py
[2025-08-13T03:38:14.996+0000] {processor.py:836} INFO - DAG(s) dict_keys(['example_short_circuit_operator']) retrieved from /workspaces/hands-on-introduction-data-engineering-4395021/airflow_env/lib/python3.10/site-packages/airflow/example_dags/example_short_circuit_operator.py
[2025-08-13T03:38:15.016+0000] {logging_mixin.py:150} INFO - [2025-08-13T03:38:15.015+0000] {dag.py:2742} INFO - Sync 1 DAGs
[2025-08-13T03:38:15.039+0000] {logging_mixin.py:150} INFO - [2025-08-13T03:38:15.039+0000] {dag.py:3504} INFO - Setting next_dagrun for example_short_circuit_operator to 2025-08-12T03:38:15.039389+00:00, run_after=2025-08-13T03:38:15.039389+00:00
[2025-08-13T03:38:15.055+0000] {processor.py:179} INFO - Processing /workspaces/hands-on-introduction-data-engineering-4395021/airflow_env/lib/python3.10/site-packages/airflow/example_dags/example_short_circuit_operator.py took 0.072 seconds
[2025-08-13T10:25:43.982+0000] {processor.py:157} INFO - Started process (PID=2319) to work on /workspaces/hands-on-introduction-data-engineering-4395021/airflow_env/lib/python3.10/site-packages/airflow/example_dags/example_short_circuit_operator.py
[2025-08-13T10:25:43.983+0000] {processor.py:826} INFO - Processing file /workspaces/hands-on-introduction-data-engineering-4395021/airflow_env/lib/python3.10/site-packages/airflow/example_dags/example_short_circuit_operator.py for tasks to queue
[2025-08-13T10:25:43.984+0000] {logging_mixin.py:150} INFO - [2025-08-13T10:25:43.984+0000] {dagbag.py:541} INFO - Filling up the DagBag from /workspaces/hands-on-introduction-data-engineering-4395021/airflow_env/lib/python3.10/site-packages/airflow/example_dags/example_short_circuit_operator.py
[2025-08-13T10:25:43.994+0000] {processor.py:836} INFO - DAG(s) dict_keys(['example_short_circuit_operator']) retrieved from /workspaces/hands-on-introduction-data-engineering-4395021/airflow_env/lib/python3.10/site-packages/airflow/example_dags/example_short_circuit_operator.py
[2025-08-13T10:25:44.016+0000] {logging_mixin.py:150} INFO - [2025-08-13T10:25:44.016+0000] {dag.py:2742} INFO - Sync 1 DAGs
[2025-08-13T10:25:44.031+0000] {logging_mixin.py:150} INFO - [2025-08-13T10:25:44.031+0000] {dag.py:3504} INFO - Setting next_dagrun for example_short_circuit_operator to 2025-08-12T10:25:44.031054+00:00, run_after=2025-08-13T10:25:44.031054+00:00
[2025-08-13T10:25:44.046+0000] {processor.py:179} INFO - Processing /workspaces/hands-on-introduction-data-engineering-4395021/airflow_env/lib/python3.10/site-packages/airflow/example_dags/example_short_circuit_operator.py took 0.067 seconds
[2025-08-13T10:26:28.119+0000] {processor.py:157} INFO - Started process (PID=2689) to work on /workspaces/hands-on-introduction-data-engineering-4395021/airflow_env/lib/python3.10/site-packages/airflow/example_dags/example_short_circuit_operator.py
[2025-08-13T10:26:28.119+0000] {processor.py:826} INFO - Processing file /workspaces/hands-on-introduction-data-engineering-4395021/airflow_env/lib/python3.10/site-packages/airflow/example_dags/example_short_circuit_operator.py for tasks to queue
[2025-08-13T10:26:28.120+0000] {logging_mixin.py:150} INFO - [2025-08-13T10:26:28.120+0000] {dagbag.py:541} INFO - Filling up the DagBag from /workspaces/hands-on-introduction-data-engineering-4395021/airflow_env/lib/python3.10/site-packages/airflow/example_dags/example_short_circuit_operator.py
[2025-08-13T10:26:28.130+0000] {processor.py:836} INFO - DAG(s) dict_keys(['example_short_circuit_operator']) retrieved from /workspaces/hands-on-introduction-data-engineering-4395021/airflow_env/lib/python3.10/site-packages/airflow/example_dags/example_short_circuit_operator.py
[2025-08-13T10:26:28.164+0000] {logging_mixin.py:150} INFO - [2025-08-13T10:26:28.164+0000] {dag.py:2742} INFO - Sync 1 DAGs
[2025-08-13T10:26:28.199+0000] {logging_mixin.py:150} INFO - [2025-08-13T10:26:28.199+0000] {dag.py:3504} INFO - Setting next_dagrun for example_short_circuit_operator to 2025-08-12T10:26:28.198853+00:00, run_after=2025-08-13T10:26:28.198853+00:00
[2025-08-13T10:26:28.239+0000] {processor.py:179} INFO - Processing /workspaces/hands-on-introduction-data-engineering-4395021/airflow_env/lib/python3.10/site-packages/airflow/example_dags/example_short_circuit_operator.py took 0.123 seconds
[2025-08-13T10:27:12.603+0000] {processor.py:157} INFO - Started process (PID=2988) to work on /workspaces/hands-on-introduction-data-engineering-4395021/airflow_env/lib/python3.10/site-packages/airflow/example_dags/example_short_circuit_operator.py
[2025-08-13T10:27:12.604+0000] {processor.py:826} INFO - Processing file /workspaces/hands-on-introduction-data-engineering-4395021/airflow_env/lib/python3.10/site-packages/airflow/example_dags/example_short_circuit_operator.py for tasks to queue
[2025-08-13T10:27:12.605+0000] {logging_mixin.py:150} INFO - [2025-08-13T10:27:12.605+0000] {dagbag.py:541} INFO - Filling up the DagBag from /workspaces/hands-on-introduction-data-engineering-4395021/airflow_env/lib/python3.10/site-packages/airflow/example_dags/example_short_circuit_operator.py
[2025-08-13T10:27:12.612+0000] {processor.py:836} INFO - DAG(s) dict_keys(['example_short_circuit_operator']) retrieved from /workspaces/hands-on-introduction-data-engineering-4395021/airflow_env/lib/python3.10/site-packages/airflow/example_dags/example_short_circuit_operator.py
[2025-08-13T10:27:12.626+0000] {logging_mixin.py:150} INFO - [2025-08-13T10:27:12.626+0000] {dag.py:2742} INFO - Sync 1 DAGs
[2025-08-13T10:27:12.640+0000] {logging_mixin.py:150} INFO - [2025-08-13T10:27:12.640+0000] {dag.py:3504} INFO - Setting next_dagrun for example_short_circuit_operator to 2025-08-12T10:27:12.640512+00:00, run_after=2025-08-13T10:27:12.640512+00:00
[2025-08-13T10:27:12.656+0000] {processor.py:179} INFO - Processing /workspaces/hands-on-introduction-data-engineering-4395021/airflow_env/lib/python3.10/site-packages/airflow/example_dags/example_short_circuit_operator.py took 0.056 seconds
[2025-08-13T10:27:55.897+0000] {processor.py:157} INFO - Started process (PID=3369) to work on /workspaces/hands-on-introduction-data-engineering-4395021/airflow_env/lib/python3.10/site-packages/airflow/example_dags/example_short_circuit_operator.py
[2025-08-13T10:27:55.898+0000] {processor.py:826} INFO - Processing file /workspaces/hands-on-introduction-data-engineering-4395021/airflow_env/lib/python3.10/site-packages/airflow/example_dags/example_short_circuit_operator.py for tasks to queue
[2025-08-13T10:27:55.899+0000] {logging_mixin.py:150} INFO - [2025-08-13T10:27:55.898+0000] {dagbag.py:541} INFO - Filling up the DagBag from /workspaces/hands-on-introduction-data-engineering-4395021/airflow_env/lib/python3.10/site-packages/airflow/example_dags/example_short_circuit_operator.py
[2025-08-13T10:27:55.904+0000] {processor.py:836} INFO - DAG(s) dict_keys(['example_short_circuit_operator']) retrieved from /workspaces/hands-on-introduction-data-engineering-4395021/airflow_env/lib/python3.10/site-packages/airflow/example_dags/example_short_circuit_operator.py
[2025-08-13T10:27:55.917+0000] {logging_mixin.py:150} INFO - [2025-08-13T10:27:55.917+0000] {dag.py:2742} INFO - Sync 1 DAGs
[2025-08-13T10:27:55.932+0000] {logging_mixin.py:150} INFO - [2025-08-13T10:27:55.932+0000] {dag.py:3504} INFO - Setting next_dagrun for example_short_circuit_operator to 2025-08-12T10:27:55.932557+00:00, run_after=2025-08-13T10:27:55.932557+00:00
[2025-08-13T10:27:55.951+0000] {processor.py:179} INFO - Processing /workspaces/hands-on-introduction-data-engineering-4395021/airflow_env/lib/python3.10/site-packages/airflow/example_dags/example_short_circuit_operator.py took 0.055 seconds
[2025-08-13T10:28:39.802+0000] {processor.py:157} INFO - Started process (PID=3719) to work on /workspaces/hands-on-introduction-data-engineering-4395021/airflow_env/lib/python3.10/site-packages/airflow/example_dags/example_short_circuit_operator.py
[2025-08-13T10:28:39.803+0000] {processor.py:826} INFO - Processing file /workspaces/hands-on-introduction-data-engineering-4395021/airflow_env/lib/python3.10/site-packages/airflow/example_dags/example_short_circuit_operator.py for tasks to queue
[2025-08-13T10:28:39.804+0000] {logging_mixin.py:150} INFO - [2025-08-13T10:28:39.803+0000] {dagbag.py:541} INFO - Filling up the DagBag from /workspaces/hands-on-introduction-data-engineering-4395021/airflow_env/lib/python3.10/site-packages/airflow/example_dags/example_short_circuit_operator.py
[2025-08-13T10:28:39.809+0000] {processor.py:836} INFO - DAG(s) dict_keys(['example_short_circuit_operator']) retrieved from /workspaces/hands-on-introduction-data-engineering-4395021/airflow_env/lib/python3.10/site-packages/airflow/example_dags/example_short_circuit_operator.py
[2025-08-13T10:28:39.822+0000] {logging_mixin.py:150} INFO - [2025-08-13T10:28:39.822+0000] {dag.py:2742} INFO - Sync 1 DAGs
[2025-08-13T10:28:39.836+0000] {logging_mixin.py:150} INFO - [2025-08-13T10:28:39.836+0000] {dag.py:3504} INFO - Setting next_dagrun for example_short_circuit_operator to 2025-08-12T10:28:39.835840+00:00, run_after=2025-08-13T10:28:39.835840+00:00
[2025-08-13T10:28:39.852+0000] {processor.py:179} INFO - Processing /workspaces/hands-on-introduction-data-engineering-4395021/airflow_env/lib/python3.10/site-packages/airflow/example_dags/example_short_circuit_operator.py took 0.051 seconds
[2025-08-13T10:29:26.026+0000] {processor.py:157} INFO - Started process (PID=4118) to work on /workspaces/hands-on-introduction-data-engineering-4395021/airflow_env/lib/python3.10/site-packages/airflow/example_dags/example_short_circuit_operator.py
[2025-08-13T10:29:26.027+0000] {processor.py:826} INFO - Processing file /workspaces/hands-on-introduction-data-engineering-4395021/airflow_env/lib/python3.10/site-packages/airflow/example_dags/example_short_circuit_operator.py for tasks to queue
[2025-08-13T10:29:26.028+0000] {logging_mixin.py:150} INFO - [2025-08-13T10:29:26.027+0000] {dagbag.py:541} INFO - Filling up the DagBag from /workspaces/hands-on-introduction-data-engineering-4395021/airflow_env/lib/python3.10/site-packages/airflow/example_dags/example_short_circuit_operator.py
[2025-08-13T10:29:26.033+0000] {processor.py:836} INFO - DAG(s) dict_keys(['example_short_circuit_operator']) retrieved from /workspaces/hands-on-introduction-data-engineering-4395021/airflow_env/lib/python3.10/site-packages/airflow/example_dags/example_short_circuit_operator.py
[2025-08-13T10:29:26.046+0000] {logging_mixin.py:150} INFO - [2025-08-13T10:29:26.046+0000] {dag.py:2742} INFO - Sync 1 DAGs
[2025-08-13T10:29:26.060+0000] {logging_mixin.py:150} INFO - [2025-08-13T10:29:26.060+0000] {dag.py:3504} INFO - Setting next_dagrun for example_short_circuit_operator to 2025-08-12T10:29:26.060106+00:00, run_after=2025-08-13T10:29:26.060106+00:00
[2025-08-13T10:29:26.076+0000] {processor.py:179} INFO - Processing /workspaces/hands-on-introduction-data-engineering-4395021/airflow_env/lib/python3.10/site-packages/airflow/example_dags/example_short_circuit_operator.py took 0.051 seconds
[2025-08-13T10:30:09.575+0000] {processor.py:157} INFO - Started process (PID=4405) to work on /workspaces/hands-on-introduction-data-engineering-4395021/airflow_env/lib/python3.10/site-packages/airflow/example_dags/example_short_circuit_operator.py
[2025-08-13T10:30:09.576+0000] {processor.py:826} INFO - Processing file /workspaces/hands-on-introduction-data-engineering-4395021/airflow_env/lib/python3.10/site-packages/airflow/example_dags/example_short_circuit_operator.py for tasks to queue
[2025-08-13T10:30:09.577+0000] {logging_mixin.py:150} INFO - [2025-08-13T10:30:09.577+0000] {dagbag.py:541} INFO - Filling up the DagBag from /workspaces/hands-on-introduction-data-engineering-4395021/airflow_env/lib/python3.10/site-packages/airflow/example_dags/example_short_circuit_operator.py
[2025-08-13T10:30:09.585+0000] {processor.py:836} INFO - DAG(s) dict_keys(['example_short_circuit_operator']) retrieved from /workspaces/hands-on-introduction-data-engineering-4395021/airflow_env/lib/python3.10/site-packages/airflow/example_dags/example_short_circuit_operator.py
[2025-08-13T10:30:09.598+0000] {logging_mixin.py:150} INFO - [2025-08-13T10:30:09.598+0000] {dag.py:2742} INFO - Sync 1 DAGs
[2025-08-13T10:30:09.613+0000] {logging_mixin.py:150} INFO - [2025-08-13T10:30:09.613+0000] {dag.py:3504} INFO - Setting next_dagrun for example_short_circuit_operator to 2025-08-12T10:30:09.613513+00:00, run_after=2025-08-13T10:30:09.613513+00:00
[2025-08-13T10:30:09.628+0000] {processor.py:179} INFO - Processing /workspaces/hands-on-introduction-data-engineering-4395021/airflow_env/lib/python3.10/site-packages/airflow/example_dags/example_short_circuit_operator.py took 0.056 seconds
[2025-08-13T10:30:55.097+0000] {processor.py:157} INFO - Started process (PID=4719) to work on /workspaces/hands-on-introduction-data-engineering-4395021/airflow_env/lib/python3.10/site-packages/airflow/example_dags/example_short_circuit_operator.py
[2025-08-13T10:30:55.098+0000] {processor.py:826} INFO - Processing file /workspaces/hands-on-introduction-data-engineering-4395021/airflow_env/lib/python3.10/site-packages/airflow/example_dags/example_short_circuit_operator.py for tasks to queue
[2025-08-13T10:30:55.099+0000] {logging_mixin.py:150} INFO - [2025-08-13T10:30:55.098+0000] {dagbag.py:541} INFO - Filling up the DagBag from /workspaces/hands-on-introduction-data-engineering-4395021/airflow_env/lib/python3.10/site-packages/airflow/example_dags/example_short_circuit_operator.py
[2025-08-13T10:30:55.105+0000] {processor.py:836} INFO - DAG(s) dict_keys(['example_short_circuit_operator']) retrieved from /workspaces/hands-on-introduction-data-engineering-4395021/airflow_env/lib/python3.10/site-packages/airflow/example_dags/example_short_circuit_operator.py
[2025-08-13T10:30:55.120+0000] {logging_mixin.py:150} INFO - [2025-08-13T10:30:55.120+0000] {dag.py:2742} INFO - Sync 1 DAGs
[2025-08-13T10:30:55.134+0000] {logging_mixin.py:150} INFO - [2025-08-13T10:30:55.134+0000] {dag.py:3504} INFO - Setting next_dagrun for example_short_circuit_operator to 2025-08-12T10:30:55.133894+00:00, run_after=2025-08-13T10:30:55.133894+00:00
[2025-08-13T10:30:55.149+0000] {processor.py:179} INFO - Processing /workspaces/hands-on-introduction-data-engineering-4395021/airflow_env/lib/python3.10/site-packages/airflow/example_dags/example_short_circuit_operator.py took 0.055 seconds
[2025-08-13T10:31:39.618+0000] {processor.py:157} INFO - Started process (PID=5030) to work on /workspaces/hands-on-introduction-data-engineering-4395021/airflow_env/lib/python3.10/site-packages/airflow/example_dags/example_short_circuit_operator.py
[2025-08-13T10:31:39.619+0000] {processor.py:826} INFO - Processing file /workspaces/hands-on-introduction-data-engineering-4395021/airflow_env/lib/python3.10/site-packages/airflow/example_dags/example_short_circuit_operator.py for tasks to queue
[2025-08-13T10:31:39.619+0000] {logging_mixin.py:150} INFO - [2025-08-13T10:31:39.619+0000] {dagbag.py:541} INFO - Filling up the DagBag from /workspaces/hands-on-introduction-data-engineering-4395021/airflow_env/lib/python3.10/site-packages/airflow/example_dags/example_short_circuit_operator.py
[2025-08-13T10:31:39.625+0000] {processor.py:836} INFO - DAG(s) dict_keys(['example_short_circuit_operator']) retrieved from /workspaces/hands-on-introduction-data-engineering-4395021/airflow_env/lib/python3.10/site-packages/airflow/example_dags/example_short_circuit_operator.py
[2025-08-13T10:31:39.638+0000] {logging_mixin.py:150} INFO - [2025-08-13T10:31:39.638+0000] {dag.py:2742} INFO - Sync 1 DAGs
[2025-08-13T10:31:39.652+0000] {logging_mixin.py:150} INFO - [2025-08-13T10:31:39.652+0000] {dag.py:3504} INFO - Setting next_dagrun for example_short_circuit_operator to 2025-08-12T10:31:39.652138+00:00, run_after=2025-08-13T10:31:39.652138+00:00
[2025-08-13T10:31:39.667+0000] {processor.py:179} INFO - Processing /workspaces/hands-on-introduction-data-engineering-4395021/airflow_env/lib/python3.10/site-packages/airflow/example_dags/example_short_circuit_operator.py took 0.051 seconds
[2025-08-13T10:32:21.872+0000] {processor.py:157} INFO - Started process (PID=5302) to work on /workspaces/hands-on-introduction-data-engineering-4395021/airflow_env/lib/python3.10/site-packages/airflow/example_dags/example_short_circuit_operator.py
[2025-08-13T10:32:21.873+0000] {processor.py:826} INFO - Processing file /workspaces/hands-on-introduction-data-engineering-4395021/airflow_env/lib/python3.10/site-packages/airflow/example_dags/example_short_circuit_operator.py for tasks to queue
[2025-08-13T10:32:21.874+0000] {logging_mixin.py:150} INFO - [2025-08-13T10:32:21.873+0000] {dagbag.py:541} INFO - Filling up the DagBag from /workspaces/hands-on-introduction-data-engineering-4395021/airflow_env/lib/python3.10/site-packages/airflow/example_dags/example_short_circuit_operator.py
[2025-08-13T10:32:21.881+0000] {processor.py:836} INFO - DAG(s) dict_keys(['example_short_circuit_operator']) retrieved from /workspaces/hands-on-introduction-data-engineering-4395021/airflow_env/lib/python3.10/site-packages/airflow/example_dags/example_short_circuit_operator.py
[2025-08-13T10:32:21.897+0000] {logging_mixin.py:150} INFO - [2025-08-13T10:32:21.897+0000] {dag.py:2742} INFO - Sync 1 DAGs
[2025-08-13T10:32:21.911+0000] {logging_mixin.py:150} INFO - [2025-08-13T10:32:21.911+0000] {dag.py:3504} INFO - Setting next_dagrun for example_short_circuit_operator to 2025-08-12T10:32:21.911162+00:00, run_after=2025-08-13T10:32:21.911162+00:00
[2025-08-13T10:32:21.927+0000] {processor.py:179} INFO - Processing /workspaces/hands-on-introduction-data-engineering-4395021/airflow_env/lib/python3.10/site-packages/airflow/example_dags/example_short_circuit_operator.py took 0.057 seconds
[2025-08-13T10:33:08.086+0000] {processor.py:157} INFO - Started process (PID=5698) to work on /workspaces/hands-on-introduction-data-engineering-4395021/airflow_env/lib/python3.10/site-packages/airflow/example_dags/example_short_circuit_operator.py
[2025-08-13T10:33:08.087+0000] {processor.py:826} INFO - Processing file /workspaces/hands-on-introduction-data-engineering-4395021/airflow_env/lib/python3.10/site-packages/airflow/example_dags/example_short_circuit_operator.py for tasks to queue
[2025-08-13T10:33:08.087+0000] {logging_mixin.py:150} INFO - [2025-08-13T10:33:08.087+0000] {dagbag.py:541} INFO - Filling up the DagBag from /workspaces/hands-on-introduction-data-engineering-4395021/airflow_env/lib/python3.10/site-packages/airflow/example_dags/example_short_circuit_operator.py
[2025-08-13T10:33:08.093+0000] {processor.py:836} INFO - DAG(s) dict_keys(['example_short_circuit_operator']) retrieved from /workspaces/hands-on-introduction-data-engineering-4395021/airflow_env/lib/python3.10/site-packages/airflow/example_dags/example_short_circuit_operator.py
[2025-08-13T10:33:08.106+0000] {logging_mixin.py:150} INFO - [2025-08-13T10:33:08.106+0000] {dag.py:2742} INFO - Sync 1 DAGs
[2025-08-13T10:33:08.120+0000] {logging_mixin.py:150} INFO - [2025-08-13T10:33:08.120+0000] {dag.py:3504} INFO - Setting next_dagrun for example_short_circuit_operator to 2025-08-12T10:33:08.120460+00:00, run_after=2025-08-13T10:33:08.120460+00:00
[2025-08-13T10:33:08.135+0000] {processor.py:179} INFO - Processing /workspaces/hands-on-introduction-data-engineering-4395021/airflow_env/lib/python3.10/site-packages/airflow/example_dags/example_short_circuit_operator.py took 0.051 seconds
[2025-08-13T10:33:50.493+0000] {processor.py:157} INFO - Started process (PID=6085) to work on /workspaces/hands-on-introduction-data-engineering-4395021/airflow_env/lib/python3.10/site-packages/airflow/example_dags/example_short_circuit_operator.py
[2025-08-13T10:33:50.494+0000] {processor.py:826} INFO - Processing file /workspaces/hands-on-introduction-data-engineering-4395021/airflow_env/lib/python3.10/site-packages/airflow/example_dags/example_short_circuit_operator.py for tasks to queue
[2025-08-13T10:33:50.495+0000] {logging_mixin.py:150} INFO - [2025-08-13T10:33:50.494+0000] {dagbag.py:541} INFO - Filling up the DagBag from /workspaces/hands-on-introduction-data-engineering-4395021/airflow_env/lib/python3.10/site-packages/airflow/example_dags/example_short_circuit_operator.py
[2025-08-13T10:33:50.500+0000] {processor.py:836} INFO - DAG(s) dict_keys(['example_short_circuit_operator']) retrieved from /workspaces/hands-on-introduction-data-engineering-4395021/airflow_env/lib/python3.10/site-packages/airflow/example_dags/example_short_circuit_operator.py
[2025-08-13T10:33:50.513+0000] {logging_mixin.py:150} INFO - [2025-08-13T10:33:50.513+0000] {dag.py:2742} INFO - Sync 1 DAGs
[2025-08-13T10:33:50.528+0000] {logging_mixin.py:150} INFO - [2025-08-13T10:33:50.528+0000] {dag.py:3504} INFO - Setting next_dagrun for example_short_circuit_operator to 2025-08-12T10:33:50.527938+00:00, run_after=2025-08-13T10:33:50.527938+00:00
[2025-08-13T10:33:50.543+0000] {processor.py:179} INFO - Processing /workspaces/hands-on-introduction-data-engineering-4395021/airflow_env/lib/python3.10/site-packages/airflow/example_dags/example_short_circuit_operator.py took 0.052 seconds
[2025-08-13T10:34:35.747+0000] {processor.py:157} INFO - Started process (PID=6435) to work on /workspaces/hands-on-introduction-data-engineering-4395021/airflow_env/lib/python3.10/site-packages/airflow/example_dags/example_short_circuit_operator.py
[2025-08-13T10:34:35.748+0000] {processor.py:826} INFO - Processing file /workspaces/hands-on-introduction-data-engineering-4395021/airflow_env/lib/python3.10/site-packages/airflow/example_dags/example_short_circuit_operator.py for tasks to queue
[2025-08-13T10:34:35.749+0000] {logging_mixin.py:150} INFO - [2025-08-13T10:34:35.748+0000] {dagbag.py:541} INFO - Filling up the DagBag from /workspaces/hands-on-introduction-data-engineering-4395021/airflow_env/lib/python3.10/site-packages/airflow/example_dags/example_short_circuit_operator.py
[2025-08-13T10:34:35.754+0000] {processor.py:836} INFO - DAG(s) dict_keys(['example_short_circuit_operator']) retrieved from /workspaces/hands-on-introduction-data-engineering-4395021/airflow_env/lib/python3.10/site-packages/airflow/example_dags/example_short_circuit_operator.py
[2025-08-13T10:34:35.768+0000] {logging_mixin.py:150} INFO - [2025-08-13T10:34:35.768+0000] {dag.py:2742} INFO - Sync 1 DAGs
[2025-08-13T10:34:35.783+0000] {logging_mixin.py:150} INFO - [2025-08-13T10:34:35.783+0000] {dag.py:3504} INFO - Setting next_dagrun for example_short_circuit_operator to 2025-08-12T10:34:35.782998+00:00, run_after=2025-08-13T10:34:35.782998+00:00
[2025-08-13T10:34:35.798+0000] {processor.py:179} INFO - Processing /workspaces/hands-on-introduction-data-engineering-4395021/airflow_env/lib/python3.10/site-packages/airflow/example_dags/example_short_circuit_operator.py took 0.053 seconds
[2025-08-13T10:35:23.040+0000] {processor.py:157} INFO - Started process (PID=6807) to work on /workspaces/hands-on-introduction-data-engineering-4395021/airflow_env/lib/python3.10/site-packages/airflow/example_dags/example_short_circuit_operator.py
[2025-08-13T10:35:23.041+0000] {processor.py:826} INFO - Processing file /workspaces/hands-on-introduction-data-engineering-4395021/airflow_env/lib/python3.10/site-packages/airflow/example_dags/example_short_circuit_operator.py for tasks to queue
[2025-08-13T10:35:23.042+0000] {logging_mixin.py:150} INFO - [2025-08-13T10:35:23.041+0000] {dagbag.py:541} INFO - Filling up the DagBag from /workspaces/hands-on-introduction-data-engineering-4395021/airflow_env/lib/python3.10/site-packages/airflow/example_dags/example_short_circuit_operator.py
[2025-08-13T10:35:23.049+0000] {processor.py:836} INFO - DAG(s) dict_keys(['example_short_circuit_operator']) retrieved from /workspaces/hands-on-introduction-data-engineering-4395021/airflow_env/lib/python3.10/site-packages/airflow/example_dags/example_short_circuit_operator.py
[2025-08-13T10:35:23.062+0000] {logging_mixin.py:150} INFO - [2025-08-13T10:35:23.062+0000] {dag.py:2742} INFO - Sync 1 DAGs
[2025-08-13T10:35:23.076+0000] {logging_mixin.py:150} INFO - [2025-08-13T10:35:23.076+0000] {dag.py:3504} INFO - Setting next_dagrun for example_short_circuit_operator to 2025-08-12T10:35:23.076450+00:00, run_after=2025-08-13T10:35:23.076450+00:00
[2025-08-13T10:35:23.092+0000] {processor.py:179} INFO - Processing /workspaces/hands-on-introduction-data-engineering-4395021/airflow_env/lib/python3.10/site-packages/airflow/example_dags/example_short_circuit_operator.py took 0.054 seconds
[2025-08-13T10:36:02.912+0000] {processor.py:157} INFO - Started process (PID=7072) to work on /workspaces/hands-on-introduction-data-engineering-4395021/airflow_env/lib/python3.10/site-packages/airflow/example_dags/example_short_circuit_operator.py
[2025-08-13T10:36:02.913+0000] {processor.py:826} INFO - Processing file /workspaces/hands-on-introduction-data-engineering-4395021/airflow_env/lib/python3.10/site-packages/airflow/example_dags/example_short_circuit_operator.py for tasks to queue
[2025-08-13T10:36:02.913+0000] {logging_mixin.py:150} INFO - [2025-08-13T10:36:02.913+0000] {dagbag.py:541} INFO - Filling up the DagBag from /workspaces/hands-on-introduction-data-engineering-4395021/airflow_env/lib/python3.10/site-packages/airflow/example_dags/example_short_circuit_operator.py
[2025-08-13T10:36:02.919+0000] {processor.py:836} INFO - DAG(s) dict_keys(['example_short_circuit_operator']) retrieved from /workspaces/hands-on-introduction-data-engineering-4395021/airflow_env/lib/python3.10/site-packages/airflow/example_dags/example_short_circuit_operator.py
[2025-08-13T10:36:02.932+0000] {logging_mixin.py:150} INFO - [2025-08-13T10:36:02.932+0000] {dag.py:2742} INFO - Sync 1 DAGs
[2025-08-13T10:36:02.947+0000] {logging_mixin.py:150} INFO - [2025-08-13T10:36:02.947+0000] {dag.py:3504} INFO - Setting next_dagrun for example_short_circuit_operator to 2025-08-12T10:36:02.946932+00:00, run_after=2025-08-13T10:36:02.946932+00:00
[2025-08-13T10:36:02.962+0000] {processor.py:179} INFO - Processing /workspaces/hands-on-introduction-data-engineering-4395021/airflow_env/lib/python3.10/site-packages/airflow/example_dags/example_short_circuit_operator.py took 0.052 seconds
[2025-08-13T10:36:47.451+0000] {processor.py:157} INFO - Started process (PID=7373) to work on /workspaces/hands-on-introduction-data-engineering-4395021/airflow_env/lib/python3.10/site-packages/airflow/example_dags/example_short_circuit_operator.py
[2025-08-13T10:36:47.452+0000] {processor.py:826} INFO - Processing file /workspaces/hands-on-introduction-data-engineering-4395021/airflow_env/lib/python3.10/site-packages/airflow/example_dags/example_short_circuit_operator.py for tasks to queue
[2025-08-13T10:36:47.452+0000] {logging_mixin.py:150} INFO - [2025-08-13T10:36:47.452+0000] {dagbag.py:541} INFO - Filling up the DagBag from /workspaces/hands-on-introduction-data-engineering-4395021/airflow_env/lib/python3.10/site-packages/airflow/example_dags/example_short_circuit_operator.py
[2025-08-13T10:36:47.458+0000] {processor.py:836} INFO - DAG(s) dict_keys(['example_short_circuit_operator']) retrieved from /workspaces/hands-on-introduction-data-engineering-4395021/airflow_env/lib/python3.10/site-packages/airflow/example_dags/example_short_circuit_operator.py
[2025-08-13T10:36:47.476+0000] {logging_mixin.py:150} INFO - [2025-08-13T10:36:47.475+0000] {dag.py:2742} INFO - Sync 1 DAGs
[2025-08-13T10:36:47.491+0000] {logging_mixin.py:150} INFO - [2025-08-13T10:36:47.491+0000] {dag.py:3504} INFO - Setting next_dagrun for example_short_circuit_operator to 2025-08-12T10:36:47.490931+00:00, run_after=2025-08-13T10:36:47.490931+00:00
[2025-08-13T10:36:47.506+0000] {processor.py:179} INFO - Processing /workspaces/hands-on-introduction-data-engineering-4395021/airflow_env/lib/python3.10/site-packages/airflow/example_dags/example_short_circuit_operator.py took 0.057 seconds
[2025-08-13T10:37:30.521+0000] {processor.py:157} INFO - Started process (PID=7659) to work on /workspaces/hands-on-introduction-data-engineering-4395021/airflow_env/lib/python3.10/site-packages/airflow/example_dags/example_short_circuit_operator.py
[2025-08-13T10:37:30.521+0000] {processor.py:826} INFO - Processing file /workspaces/hands-on-introduction-data-engineering-4395021/airflow_env/lib/python3.10/site-packages/airflow/example_dags/example_short_circuit_operator.py for tasks to queue
[2025-08-13T10:37:30.522+0000] {logging_mixin.py:150} INFO - [2025-08-13T10:37:30.522+0000] {dagbag.py:541} INFO - Filling up the DagBag from /workspaces/hands-on-introduction-data-engineering-4395021/airflow_env/lib/python3.10/site-packages/airflow/example_dags/example_short_circuit_operator.py
[2025-08-13T10:37:30.528+0000] {processor.py:836} INFO - DAG(s) dict_keys(['example_short_circuit_operator']) retrieved from /workspaces/hands-on-introduction-data-engineering-4395021/airflow_env/lib/python3.10/site-packages/airflow/example_dags/example_short_circuit_operator.py
[2025-08-13T10:37:30.541+0000] {logging_mixin.py:150} INFO - [2025-08-13T10:37:30.541+0000] {dag.py:2742} INFO - Sync 1 DAGs
[2025-08-13T10:37:30.555+0000] {logging_mixin.py:150} INFO - [2025-08-13T10:37:30.555+0000] {dag.py:3504} INFO - Setting next_dagrun for example_short_circuit_operator to 2025-08-12T10:37:30.555096+00:00, run_after=2025-08-13T10:37:30.555096+00:00
[2025-08-13T10:37:30.571+0000] {processor.py:179} INFO - Processing /workspaces/hands-on-introduction-data-engineering-4395021/airflow_env/lib/python3.10/site-packages/airflow/example_dags/example_short_circuit_operator.py took 0.053 seconds
[2025-08-13T10:38:08.081+0000] {processor.py:157} INFO - Started process (PID=7958) to work on /workspaces/hands-on-introduction-data-engineering-4395021/airflow_env/lib/python3.10/site-packages/airflow/example_dags/example_short_circuit_operator.py
[2025-08-13T10:38:08.082+0000] {processor.py:826} INFO - Processing file /workspaces/hands-on-introduction-data-engineering-4395021/airflow_env/lib/python3.10/site-packages/airflow/example_dags/example_short_circuit_operator.py for tasks to queue
[2025-08-13T10:38:08.083+0000] {logging_mixin.py:150} INFO - [2025-08-13T10:38:08.082+0000] {dagbag.py:541} INFO - Filling up the DagBag from /workspaces/hands-on-introduction-data-engineering-4395021/airflow_env/lib/python3.10/site-packages/airflow/example_dags/example_short_circuit_operator.py
[2025-08-13T10:38:08.089+0000] {processor.py:836} INFO - DAG(s) dict_keys(['example_short_circuit_operator']) retrieved from /workspaces/hands-on-introduction-data-engineering-4395021/airflow_env/lib/python3.10/site-packages/airflow/example_dags/example_short_circuit_operator.py
[2025-08-13T10:38:08.102+0000] {logging_mixin.py:150} INFO - [2025-08-13T10:38:08.102+0000] {dag.py:2742} INFO - Sync 1 DAGs
[2025-08-13T10:38:08.123+0000] {logging_mixin.py:150} INFO - [2025-08-13T10:38:08.123+0000] {dag.py:3504} INFO - Setting next_dagrun for example_short_circuit_operator to 2025-08-12T10:38:08.122847+00:00, run_after=2025-08-13T10:38:08.122847+00:00
[2025-08-13T10:38:08.146+0000] {processor.py:179} INFO - Processing /workspaces/hands-on-introduction-data-engineering-4395021/airflow_env/lib/python3.10/site-packages/airflow/example_dags/example_short_circuit_operator.py took 0.067 seconds
[2025-08-13T10:38:53.097+0000] {processor.py:157} INFO - Started process (PID=8258) to work on /workspaces/hands-on-introduction-data-engineering-4395021/airflow_env/lib/python3.10/site-packages/airflow/example_dags/example_short_circuit_operator.py
[2025-08-13T10:38:53.098+0000] {processor.py:826} INFO - Processing file /workspaces/hands-on-introduction-data-engineering-4395021/airflow_env/lib/python3.10/site-packages/airflow/example_dags/example_short_circuit_operator.py for tasks to queue
[2025-08-13T10:38:53.098+0000] {logging_mixin.py:150} INFO - [2025-08-13T10:38:53.098+0000] {dagbag.py:541} INFO - Filling up the DagBag from /workspaces/hands-on-introduction-data-engineering-4395021/airflow_env/lib/python3.10/site-packages/airflow/example_dags/example_short_circuit_operator.py
[2025-08-13T10:38:53.105+0000] {processor.py:836} INFO - DAG(s) dict_keys(['example_short_circuit_operator']) retrieved from /workspaces/hands-on-introduction-data-engineering-4395021/airflow_env/lib/python3.10/site-packages/airflow/example_dags/example_short_circuit_operator.py
[2025-08-13T10:38:53.118+0000] {logging_mixin.py:150} INFO - [2025-08-13T10:38:53.118+0000] {dag.py:2742} INFO - Sync 1 DAGs
[2025-08-13T10:38:53.132+0000] {logging_mixin.py:150} INFO - [2025-08-13T10:38:53.132+0000] {dag.py:3504} INFO - Setting next_dagrun for example_short_circuit_operator to 2025-08-12T10:38:53.132433+00:00, run_after=2025-08-13T10:38:53.132433+00:00
[2025-08-13T10:38:53.148+0000] {processor.py:179} INFO - Processing /workspaces/hands-on-introduction-data-engineering-4395021/airflow_env/lib/python3.10/site-packages/airflow/example_dags/example_short_circuit_operator.py took 0.054 seconds
[2025-08-13T10:39:37.855+0000] {processor.py:157} INFO - Started process (PID=8557) to work on /workspaces/hands-on-introduction-data-engineering-4395021/airflow_env/lib/python3.10/site-packages/airflow/example_dags/example_short_circuit_operator.py
[2025-08-13T10:39:37.856+0000] {processor.py:826} INFO - Processing file /workspaces/hands-on-introduction-data-engineering-4395021/airflow_env/lib/python3.10/site-packages/airflow/example_dags/example_short_circuit_operator.py for tasks to queue
[2025-08-13T10:39:37.857+0000] {logging_mixin.py:150} INFO - [2025-08-13T10:39:37.856+0000] {dagbag.py:541} INFO - Filling up the DagBag from /workspaces/hands-on-introduction-data-engineering-4395021/airflow_env/lib/python3.10/site-packages/airflow/example_dags/example_short_circuit_operator.py
[2025-08-13T10:39:37.863+0000] {processor.py:836} INFO - DAG(s) dict_keys(['example_short_circuit_operator']) retrieved from /workspaces/hands-on-introduction-data-engineering-4395021/airflow_env/lib/python3.10/site-packages/airflow/example_dags/example_short_circuit_operator.py
[2025-08-13T10:39:37.876+0000] {logging_mixin.py:150} INFO - [2025-08-13T10:39:37.876+0000] {dag.py:2742} INFO - Sync 1 DAGs
[2025-08-13T10:39:37.890+0000] {logging_mixin.py:150} INFO - [2025-08-13T10:39:37.890+0000] {dag.py:3504} INFO - Setting next_dagrun for example_short_circuit_operator to 2025-08-12T10:39:37.889913+00:00, run_after=2025-08-13T10:39:37.889913+00:00
[2025-08-13T10:39:37.905+0000] {processor.py:179} INFO - Processing /workspaces/hands-on-introduction-data-engineering-4395021/airflow_env/lib/python3.10/site-packages/airflow/example_dags/example_short_circuit_operator.py took 0.052 seconds
[2025-08-13T10:40:21.791+0000] {processor.py:157} INFO - Started process (PID=8849) to work on /workspaces/hands-on-introduction-data-engineering-4395021/airflow_env/lib/python3.10/site-packages/airflow/example_dags/example_short_circuit_operator.py
[2025-08-13T10:40:21.793+0000] {processor.py:826} INFO - Processing file /workspaces/hands-on-introduction-data-engineering-4395021/airflow_env/lib/python3.10/site-packages/airflow/example_dags/example_short_circuit_operator.py for tasks to queue
[2025-08-13T10:40:21.793+0000] {logging_mixin.py:150} INFO - [2025-08-13T10:40:21.793+0000] {dagbag.py:541} INFO - Filling up the DagBag from /workspaces/hands-on-introduction-data-engineering-4395021/airflow_env/lib/python3.10/site-packages/airflow/example_dags/example_short_circuit_operator.py
[2025-08-13T10:40:21.804+0000] {processor.py:836} INFO - DAG(s) dict_keys(['example_short_circuit_operator']) retrieved from /workspaces/hands-on-introduction-data-engineering-4395021/airflow_env/lib/python3.10/site-packages/airflow/example_dags/example_short_circuit_operator.py
[2025-08-13T10:40:21.819+0000] {logging_mixin.py:150} INFO - [2025-08-13T10:40:21.819+0000] {dag.py:2742} INFO - Sync 1 DAGs
[2025-08-13T10:40:21.833+0000] {logging_mixin.py:150} INFO - [2025-08-13T10:40:21.833+0000] {dag.py:3504} INFO - Setting next_dagrun for example_short_circuit_operator to 2025-08-12T10:40:21.832928+00:00, run_after=2025-08-13T10:40:21.832928+00:00
[2025-08-13T10:40:21.848+0000] {processor.py:179} INFO - Processing /workspaces/hands-on-introduction-data-engineering-4395021/airflow_env/lib/python3.10/site-packages/airflow/example_dags/example_short_circuit_operator.py took 0.059 seconds
[2025-08-13T10:41:05.057+0000] {processor.py:157} INFO - Started process (PID=9207) to work on /workspaces/hands-on-introduction-data-engineering-4395021/airflow_env/lib/python3.10/site-packages/airflow/example_dags/example_short_circuit_operator.py
[2025-08-13T10:41:05.058+0000] {processor.py:826} INFO - Processing file /workspaces/hands-on-introduction-data-engineering-4395021/airflow_env/lib/python3.10/site-packages/airflow/example_dags/example_short_circuit_operator.py for tasks to queue
[2025-08-13T10:41:05.059+0000] {logging_mixin.py:150} INFO - [2025-08-13T10:41:05.059+0000] {dagbag.py:541} INFO - Filling up the DagBag from /workspaces/hands-on-introduction-data-engineering-4395021/airflow_env/lib/python3.10/site-packages/airflow/example_dags/example_short_circuit_operator.py
[2025-08-13T10:41:05.065+0000] {processor.py:836} INFO - DAG(s) dict_keys(['example_short_circuit_operator']) retrieved from /workspaces/hands-on-introduction-data-engineering-4395021/airflow_env/lib/python3.10/site-packages/airflow/example_dags/example_short_circuit_operator.py
[2025-08-13T10:41:05.078+0000] {logging_mixin.py:150} INFO - [2025-08-13T10:41:05.077+0000] {dag.py:2742} INFO - Sync 1 DAGs
[2025-08-13T10:41:05.092+0000] {logging_mixin.py:150} INFO - [2025-08-13T10:41:05.091+0000] {dag.py:3504} INFO - Setting next_dagrun for example_short_circuit_operator to 2025-08-12T10:41:05.091745+00:00, run_after=2025-08-13T10:41:05.091745+00:00
[2025-08-13T10:41:05.107+0000] {processor.py:179} INFO - Processing /workspaces/hands-on-introduction-data-engineering-4395021/airflow_env/lib/python3.10/site-packages/airflow/example_dags/example_short_circuit_operator.py took 0.052 seconds
