[2025-08-13T15:49:20.756+0000] {processor.py:157} INFO - Started process (PID=2195) to work on /home/vscode/.local/lib/python3.10/site-packages/airflow/example_dags/example_datasets.py
[2025-08-13T15:49:20.756+0000] {processor.py:826} INFO - Processing file /home/vscode/.local/lib/python3.10/site-packages/airflow/example_dags/example_datasets.py for tasks to queue
[2025-08-13T15:49:20.757+0000] {logging_mixin.py:150} INFO - [2025-08-13T15:49:20.757+0000] {dagbag.py:541} INFO - Filling up the DagBag from /home/vscode/.local/lib/python3.10/site-packages/airflow/example_dags/example_datasets.py
[2025-08-13T15:49:20.764+0000] {processor.py:836} INFO - DAG(s) dict_keys(['dataset_produces_1', 'dataset_consumes_1_never_scheduled', 'dataset_consumes_1_and_2', 'dataset_consumes_unknown_never_scheduled', 'dataset_produces_2', 'dataset_consumes_1']) retrieved from /home/vscode/.local/lib/python3.10/site-packages/airflow/example_dags/example_datasets.py
[2025-08-13T15:49:20.786+0000] {logging_mixin.py:150} INFO - [2025-08-13T15:49:20.786+0000] {dag.py:2742} INFO - Sync 6 DAGs
[2025-08-13T15:49:20.802+0000] {logging_mixin.py:150} INFO - [2025-08-13T15:49:20.802+0000] {dag.py:3504} INFO - Setting next_dagrun for dataset_consumes_1 to None, run_after=None
[2025-08-13T15:49:20.804+0000] {logging_mixin.py:150} INFO - [2025-08-13T15:49:20.804+0000] {dag.py:3504} INFO - Setting next_dagrun for dataset_consumes_1_and_2 to None, run_after=None
[2025-08-13T15:49:20.804+0000] {logging_mixin.py:150} INFO - [2025-08-13T15:49:20.804+0000] {dag.py:3504} INFO - Setting next_dagrun for dataset_consumes_1_never_scheduled to None, run_after=None
[2025-08-13T15:49:20.805+0000] {logging_mixin.py:150} INFO - [2025-08-13T15:49:20.805+0000] {dag.py:3504} INFO - Setting next_dagrun for dataset_consumes_unknown_never_scheduled to None, run_after=None
[2025-08-13T15:49:20.807+0000] {logging_mixin.py:150} INFO - [2025-08-13T15:49:20.807+0000] {dag.py:3504} INFO - Setting next_dagrun for dataset_produces_1 to 2025-08-12T00:00:00+00:00, run_after=2025-08-13T00:00:00+00:00
[2025-08-13T15:49:20.808+0000] {logging_mixin.py:150} INFO - [2025-08-13T15:49:20.808+0000] {dag.py:3504} INFO - Setting next_dagrun for dataset_produces_2 to None, run_after=None
[2025-08-13T15:49:20.832+0000] {processor.py:179} INFO - Processing /home/vscode/.local/lib/python3.10/site-packages/airflow/example_dags/example_datasets.py took 0.078 seconds
[2025-08-13T15:50:02.591+0000] {processor.py:157} INFO - Started process (PID=2496) to work on /home/vscode/.local/lib/python3.10/site-packages/airflow/example_dags/example_datasets.py
[2025-08-13T15:50:02.592+0000] {processor.py:826} INFO - Processing file /home/vscode/.local/lib/python3.10/site-packages/airflow/example_dags/example_datasets.py for tasks to queue
[2025-08-13T15:50:02.593+0000] {logging_mixin.py:150} INFO - [2025-08-13T15:50:02.593+0000] {dagbag.py:541} INFO - Filling up the DagBag from /home/vscode/.local/lib/python3.10/site-packages/airflow/example_dags/example_datasets.py
[2025-08-13T15:50:02.600+0000] {processor.py:836} INFO - DAG(s) dict_keys(['dataset_consumes_1_never_scheduled', 'dataset_produces_1', 'dataset_consumes_unknown_never_scheduled', 'dataset_produces_2', 'dataset_consumes_1', 'dataset_consumes_1_and_2']) retrieved from /home/vscode/.local/lib/python3.10/site-packages/airflow/example_dags/example_datasets.py
[2025-08-13T15:50:02.619+0000] {logging_mixin.py:150} INFO - [2025-08-13T15:50:02.619+0000] {dag.py:2742} INFO - Sync 6 DAGs
[2025-08-13T15:50:02.634+0000] {logging_mixin.py:150} INFO - [2025-08-13T15:50:02.634+0000] {dag.py:3504} INFO - Setting next_dagrun for dataset_consumes_1 to None, run_after=None
[2025-08-13T15:50:02.636+0000] {logging_mixin.py:150} INFO - [2025-08-13T15:50:02.636+0000] {dag.py:3504} INFO - Setting next_dagrun for dataset_consumes_1_and_2 to None, run_after=None
[2025-08-13T15:50:02.637+0000] {logging_mixin.py:150} INFO - [2025-08-13T15:50:02.636+0000] {dag.py:3504} INFO - Setting next_dagrun for dataset_consumes_1_never_scheduled to None, run_after=None
[2025-08-13T15:50:02.637+0000] {logging_mixin.py:150} INFO - [2025-08-13T15:50:02.637+0000] {dag.py:3504} INFO - Setting next_dagrun for dataset_consumes_unknown_never_scheduled to None, run_after=None
[2025-08-13T15:50:02.639+0000] {logging_mixin.py:150} INFO - [2025-08-13T15:50:02.639+0000] {dag.py:3504} INFO - Setting next_dagrun for dataset_produces_1 to 2025-08-12T00:00:00+00:00, run_after=2025-08-13T00:00:00+00:00
[2025-08-13T15:50:02.640+0000] {logging_mixin.py:150} INFO - [2025-08-13T15:50:02.640+0000] {dag.py:3504} INFO - Setting next_dagrun for dataset_produces_2 to None, run_after=None
[2025-08-13T15:50:02.662+0000] {processor.py:179} INFO - Processing /home/vscode/.local/lib/python3.10/site-packages/airflow/example_dags/example_datasets.py took 0.072 seconds
[2025-08-13T15:50:45.939+0000] {processor.py:157} INFO - Started process (PID=2885) to work on /home/vscode/.local/lib/python3.10/site-packages/airflow/example_dags/example_datasets.py
[2025-08-13T15:50:45.939+0000] {processor.py:826} INFO - Processing file /home/vscode/.local/lib/python3.10/site-packages/airflow/example_dags/example_datasets.py for tasks to queue
[2025-08-13T15:50:45.940+0000] {logging_mixin.py:150} INFO - [2025-08-13T15:50:45.940+0000] {dagbag.py:541} INFO - Filling up the DagBag from /home/vscode/.local/lib/python3.10/site-packages/airflow/example_dags/example_datasets.py
[2025-08-13T15:50:45.947+0000] {processor.py:836} INFO - DAG(s) dict_keys(['dataset_produces_1', 'dataset_consumes_1_never_scheduled', 'dataset_produces_2', 'dataset_consumes_1', 'dataset_consumes_1_and_2', 'dataset_consumes_unknown_never_scheduled']) retrieved from /home/vscode/.local/lib/python3.10/site-packages/airflow/example_dags/example_datasets.py
[2025-08-13T15:50:45.967+0000] {logging_mixin.py:150} INFO - [2025-08-13T15:50:45.967+0000] {dag.py:2742} INFO - Sync 6 DAGs
[2025-08-13T15:50:45.982+0000] {logging_mixin.py:150} INFO - [2025-08-13T15:50:45.982+0000] {dag.py:3504} INFO - Setting next_dagrun for dataset_consumes_1 to None, run_after=None
[2025-08-13T15:50:45.984+0000] {logging_mixin.py:150} INFO - [2025-08-13T15:50:45.984+0000] {dag.py:3504} INFO - Setting next_dagrun for dataset_consumes_1_and_2 to None, run_after=None
[2025-08-13T15:50:45.985+0000] {logging_mixin.py:150} INFO - [2025-08-13T15:50:45.985+0000] {dag.py:3504} INFO - Setting next_dagrun for dataset_consumes_1_never_scheduled to None, run_after=None
[2025-08-13T15:50:45.985+0000] {logging_mixin.py:150} INFO - [2025-08-13T15:50:45.985+0000] {dag.py:3504} INFO - Setting next_dagrun for dataset_consumes_unknown_never_scheduled to None, run_after=None
[2025-08-13T15:50:45.987+0000] {logging_mixin.py:150} INFO - [2025-08-13T15:50:45.987+0000] {dag.py:3504} INFO - Setting next_dagrun for dataset_produces_1 to 2025-08-12T00:00:00+00:00, run_after=2025-08-13T00:00:00+00:00
[2025-08-13T15:50:45.988+0000] {logging_mixin.py:150} INFO - [2025-08-13T15:50:45.988+0000] {dag.py:3504} INFO - Setting next_dagrun for dataset_produces_2 to None, run_after=None
[2025-08-13T15:50:46.009+0000] {processor.py:179} INFO - Processing /home/vscode/.local/lib/python3.10/site-packages/airflow/example_dags/example_datasets.py took 0.073 seconds
[2025-08-13T15:51:40.220+0000] {processor.py:157} INFO - Started process (PID=3366) to work on /home/vscode/.local/lib/python3.10/site-packages/airflow/example_dags/example_datasets.py
[2025-08-13T15:51:40.221+0000] {processor.py:826} INFO - Processing file /home/vscode/.local/lib/python3.10/site-packages/airflow/example_dags/example_datasets.py for tasks to queue
[2025-08-13T15:51:40.222+0000] {logging_mixin.py:150} INFO - [2025-08-13T15:51:40.221+0000] {dagbag.py:541} INFO - Filling up the DagBag from /home/vscode/.local/lib/python3.10/site-packages/airflow/example_dags/example_datasets.py
[2025-08-13T15:51:40.228+0000] {processor.py:836} INFO - DAG(s) dict_keys(['dataset_consumes_1_and_2', 'dataset_consumes_1', 'dataset_produces_1', 'dataset_consumes_unknown_never_scheduled', 'dataset_consumes_1_never_scheduled', 'dataset_produces_2']) retrieved from /home/vscode/.local/lib/python3.10/site-packages/airflow/example_dags/example_datasets.py
[2025-08-13T15:51:40.249+0000] {logging_mixin.py:150} INFO - [2025-08-13T15:51:40.249+0000] {dag.py:2742} INFO - Sync 6 DAGs
[2025-08-13T15:51:40.264+0000] {logging_mixin.py:150} INFO - [2025-08-13T15:51:40.264+0000] {dag.py:3504} INFO - Setting next_dagrun for dataset_consumes_1 to None, run_after=None
[2025-08-13T15:51:40.267+0000] {logging_mixin.py:150} INFO - [2025-08-13T15:51:40.267+0000] {dag.py:3504} INFO - Setting next_dagrun for dataset_consumes_1_and_2 to None, run_after=None
[2025-08-13T15:51:40.267+0000] {logging_mixin.py:150} INFO - [2025-08-13T15:51:40.267+0000] {dag.py:3504} INFO - Setting next_dagrun for dataset_consumes_1_never_scheduled to None, run_after=None
[2025-08-13T15:51:40.268+0000] {logging_mixin.py:150} INFO - [2025-08-13T15:51:40.268+0000] {dag.py:3504} INFO - Setting next_dagrun for dataset_consumes_unknown_never_scheduled to None, run_after=None
[2025-08-13T15:51:40.270+0000] {logging_mixin.py:150} INFO - [2025-08-13T15:51:40.270+0000] {dag.py:3504} INFO - Setting next_dagrun for dataset_produces_1 to 2025-08-12T00:00:00+00:00, run_after=2025-08-13T00:00:00+00:00
[2025-08-13T15:51:40.270+0000] {logging_mixin.py:150} INFO - [2025-08-13T15:51:40.270+0000] {dag.py:3504} INFO - Setting next_dagrun for dataset_produces_2 to None, run_after=None
[2025-08-13T15:51:40.292+0000] {processor.py:179} INFO - Processing /home/vscode/.local/lib/python3.10/site-packages/airflow/example_dags/example_datasets.py took 0.074 seconds
[2025-08-13T15:52:26.639+0000] {processor.py:157} INFO - Started process (PID=3918) to work on /home/vscode/.local/lib/python3.10/site-packages/airflow/example_dags/example_datasets.py
[2025-08-13T15:52:26.640+0000] {processor.py:826} INFO - Processing file /home/vscode/.local/lib/python3.10/site-packages/airflow/example_dags/example_datasets.py for tasks to queue
[2025-08-13T15:52:26.643+0000] {logging_mixin.py:150} INFO - [2025-08-13T15:52:26.642+0000] {dagbag.py:541} INFO - Filling up the DagBag from /home/vscode/.local/lib/python3.10/site-packages/airflow/example_dags/example_datasets.py
[2025-08-13T15:52:26.654+0000] {processor.py:836} INFO - DAG(s) dict_keys(['dataset_consumes_1_and_2', 'dataset_produces_1', 'dataset_consumes_1_never_scheduled', 'dataset_consumes_unknown_never_scheduled', 'dataset_produces_2', 'dataset_consumes_1']) retrieved from /home/vscode/.local/lib/python3.10/site-packages/airflow/example_dags/example_datasets.py
[2025-08-13T15:52:26.704+0000] {logging_mixin.py:150} INFO - [2025-08-13T15:52:26.704+0000] {dag.py:2742} INFO - Sync 6 DAGs
[2025-08-13T15:52:26.730+0000] {logging_mixin.py:150} INFO - [2025-08-13T15:52:26.730+0000] {dag.py:3504} INFO - Setting next_dagrun for dataset_consumes_1 to None, run_after=None
[2025-08-13T15:52:26.734+0000] {logging_mixin.py:150} INFO - [2025-08-13T15:52:26.733+0000] {dag.py:3504} INFO - Setting next_dagrun for dataset_consumes_1_and_2 to None, run_after=None
[2025-08-13T15:52:26.736+0000] {logging_mixin.py:150} INFO - [2025-08-13T15:52:26.736+0000] {dag.py:3504} INFO - Setting next_dagrun for dataset_consumes_1_never_scheduled to None, run_after=None
[2025-08-13T15:52:26.739+0000] {logging_mixin.py:150} INFO - [2025-08-13T15:52:26.739+0000] {dag.py:3504} INFO - Setting next_dagrun for dataset_consumes_unknown_never_scheduled to None, run_after=None
[2025-08-13T15:52:26.742+0000] {logging_mixin.py:150} INFO - [2025-08-13T15:52:26.742+0000] {dag.py:3504} INFO - Setting next_dagrun for dataset_produces_1 to 2025-08-12T00:00:00+00:00, run_after=2025-08-13T00:00:00+00:00
[2025-08-13T15:52:26.745+0000] {logging_mixin.py:150} INFO - [2025-08-13T15:52:26.745+0000] {dag.py:3504} INFO - Setting next_dagrun for dataset_produces_2 to None, run_after=None
[2025-08-13T15:52:27.083+0000] {processor.py:179} INFO - Processing /home/vscode/.local/lib/python3.10/site-packages/airflow/example_dags/example_datasets.py took 0.447 seconds
[2025-08-13T15:53:20.624+0000] {processor.py:157} INFO - Started process (PID=4292) to work on /home/vscode/.local/lib/python3.10/site-packages/airflow/example_dags/example_datasets.py
[2025-08-13T15:53:20.625+0000] {processor.py:826} INFO - Processing file /home/vscode/.local/lib/python3.10/site-packages/airflow/example_dags/example_datasets.py for tasks to queue
[2025-08-13T15:53:20.625+0000] {logging_mixin.py:150} INFO - [2025-08-13T15:53:20.625+0000] {dagbag.py:541} INFO - Filling up the DagBag from /home/vscode/.local/lib/python3.10/site-packages/airflow/example_dags/example_datasets.py
[2025-08-13T15:53:20.632+0000] {processor.py:836} INFO - DAG(s) dict_keys(['dataset_consumes_1', 'dataset_produces_1', 'dataset_consumes_1_never_scheduled', 'dataset_consumes_1_and_2', 'dataset_consumes_unknown_never_scheduled', 'dataset_produces_2']) retrieved from /home/vscode/.local/lib/python3.10/site-packages/airflow/example_dags/example_datasets.py
[2025-08-13T15:53:20.657+0000] {logging_mixin.py:150} INFO - [2025-08-13T15:53:20.657+0000] {dag.py:2742} INFO - Sync 6 DAGs
[2025-08-13T15:53:20.680+0000] {logging_mixin.py:150} INFO - [2025-08-13T15:53:20.680+0000] {dag.py:3504} INFO - Setting next_dagrun for dataset_consumes_1 to None, run_after=None
[2025-08-13T15:53:20.683+0000] {logging_mixin.py:150} INFO - [2025-08-13T15:53:20.683+0000] {dag.py:3504} INFO - Setting next_dagrun for dataset_consumes_1_and_2 to None, run_after=None
[2025-08-13T15:53:20.684+0000] {logging_mixin.py:150} INFO - [2025-08-13T15:53:20.684+0000] {dag.py:3504} INFO - Setting next_dagrun for dataset_consumes_1_never_scheduled to None, run_after=None
[2025-08-13T15:53:20.685+0000] {logging_mixin.py:150} INFO - [2025-08-13T15:53:20.685+0000] {dag.py:3504} INFO - Setting next_dagrun for dataset_consumes_unknown_never_scheduled to None, run_after=None
[2025-08-13T15:53:20.688+0000] {logging_mixin.py:150} INFO - [2025-08-13T15:53:20.688+0000] {dag.py:3504} INFO - Setting next_dagrun for dataset_produces_1 to 2025-08-12T00:00:00+00:00, run_after=2025-08-13T00:00:00+00:00
[2025-08-13T15:53:20.689+0000] {logging_mixin.py:150} INFO - [2025-08-13T15:53:20.689+0000] {dag.py:3504} INFO - Setting next_dagrun for dataset_produces_2 to None, run_after=None
[2025-08-13T15:53:20.719+0000] {processor.py:179} INFO - Processing /home/vscode/.local/lib/python3.10/site-packages/airflow/example_dags/example_datasets.py took 0.097 seconds
[2025-08-13T15:54:01.622+0000] {processor.py:157} INFO - Started process (PID=4598) to work on /home/vscode/.local/lib/python3.10/site-packages/airflow/example_dags/example_datasets.py
[2025-08-13T15:54:01.623+0000] {processor.py:826} INFO - Processing file /home/vscode/.local/lib/python3.10/site-packages/airflow/example_dags/example_datasets.py for tasks to queue
[2025-08-13T15:54:01.624+0000] {logging_mixin.py:150} INFO - [2025-08-13T15:54:01.624+0000] {dagbag.py:541} INFO - Filling up the DagBag from /home/vscode/.local/lib/python3.10/site-packages/airflow/example_dags/example_datasets.py
[2025-08-13T15:54:01.633+0000] {processor.py:836} INFO - DAG(s) dict_keys(['dataset_consumes_1_and_2', 'dataset_produces_2', 'dataset_consumes_1_never_scheduled', 'dataset_produces_1', 'dataset_consumes_1', 'dataset_consumes_unknown_never_scheduled']) retrieved from /home/vscode/.local/lib/python3.10/site-packages/airflow/example_dags/example_datasets.py
[2025-08-13T15:54:01.663+0000] {logging_mixin.py:150} INFO - [2025-08-13T15:54:01.663+0000] {dag.py:2742} INFO - Sync 6 DAGs
[2025-08-13T15:54:01.685+0000] {logging_mixin.py:150} INFO - [2025-08-13T15:54:01.685+0000] {dag.py:3504} INFO - Setting next_dagrun for dataset_consumes_1 to None, run_after=None
[2025-08-13T15:54:01.687+0000] {logging_mixin.py:150} INFO - [2025-08-13T15:54:01.687+0000] {dag.py:3504} INFO - Setting next_dagrun for dataset_consumes_1_and_2 to None, run_after=None
[2025-08-13T15:54:01.688+0000] {logging_mixin.py:150} INFO - [2025-08-13T15:54:01.688+0000] {dag.py:3504} INFO - Setting next_dagrun for dataset_consumes_1_never_scheduled to None, run_after=None
[2025-08-13T15:54:01.689+0000] {logging_mixin.py:150} INFO - [2025-08-13T15:54:01.688+0000] {dag.py:3504} INFO - Setting next_dagrun for dataset_consumes_unknown_never_scheduled to None, run_after=None
[2025-08-13T15:54:01.690+0000] {logging_mixin.py:150} INFO - [2025-08-13T15:54:01.690+0000] {dag.py:3504} INFO - Setting next_dagrun for dataset_produces_1 to 2025-08-12T00:00:00+00:00, run_after=2025-08-13T00:00:00+00:00
[2025-08-13T15:54:01.691+0000] {logging_mixin.py:150} INFO - [2025-08-13T15:54:01.691+0000] {dag.py:3504} INFO - Setting next_dagrun for dataset_produces_2 to None, run_after=None
[2025-08-13T15:54:01.714+0000] {processor.py:179} INFO - Processing /home/vscode/.local/lib/python3.10/site-packages/airflow/example_dags/example_datasets.py took 0.094 seconds
[2025-08-13T15:54:45.473+0000] {processor.py:157} INFO - Started process (PID=4909) to work on /home/vscode/.local/lib/python3.10/site-packages/airflow/example_dags/example_datasets.py
[2025-08-13T15:54:45.474+0000] {processor.py:826} INFO - Processing file /home/vscode/.local/lib/python3.10/site-packages/airflow/example_dags/example_datasets.py for tasks to queue
[2025-08-13T15:54:45.475+0000] {logging_mixin.py:150} INFO - [2025-08-13T15:54:45.475+0000] {dagbag.py:541} INFO - Filling up the DagBag from /home/vscode/.local/lib/python3.10/site-packages/airflow/example_dags/example_datasets.py
[2025-08-13T15:54:45.482+0000] {processor.py:836} INFO - DAG(s) dict_keys(['dataset_consumes_1_never_scheduled', 'dataset_consumes_unknown_never_scheduled', 'dataset_produces_1', 'dataset_consumes_1_and_2', 'dataset_produces_2', 'dataset_consumes_1']) retrieved from /home/vscode/.local/lib/python3.10/site-packages/airflow/example_dags/example_datasets.py
[2025-08-13T15:54:45.502+0000] {logging_mixin.py:150} INFO - [2025-08-13T15:54:45.502+0000] {dag.py:2742} INFO - Sync 6 DAGs
[2025-08-13T15:54:45.518+0000] {logging_mixin.py:150} INFO - [2025-08-13T15:54:45.518+0000] {dag.py:3504} INFO - Setting next_dagrun for dataset_consumes_1 to None, run_after=None
[2025-08-13T15:54:45.520+0000] {logging_mixin.py:150} INFO - [2025-08-13T15:54:45.520+0000] {dag.py:3504} INFO - Setting next_dagrun for dataset_consumes_1_and_2 to None, run_after=None
[2025-08-13T15:54:45.521+0000] {logging_mixin.py:150} INFO - [2025-08-13T15:54:45.521+0000] {dag.py:3504} INFO - Setting next_dagrun for dataset_consumes_1_never_scheduled to None, run_after=None
[2025-08-13T15:54:45.521+0000] {logging_mixin.py:150} INFO - [2025-08-13T15:54:45.521+0000] {dag.py:3504} INFO - Setting next_dagrun for dataset_consumes_unknown_never_scheduled to None, run_after=None
[2025-08-13T15:54:45.523+0000] {logging_mixin.py:150} INFO - [2025-08-13T15:54:45.523+0000] {dag.py:3504} INFO - Setting next_dagrun for dataset_produces_1 to 2025-08-12T00:00:00+00:00, run_after=2025-08-13T00:00:00+00:00
[2025-08-13T15:54:45.524+0000] {logging_mixin.py:150} INFO - [2025-08-13T15:54:45.524+0000] {dag.py:3504} INFO - Setting next_dagrun for dataset_produces_2 to None, run_after=None
[2025-08-13T15:54:45.546+0000] {processor.py:179} INFO - Processing /home/vscode/.local/lib/python3.10/site-packages/airflow/example_dags/example_datasets.py took 0.075 seconds
[2025-08-13T15:55:36.890+0000] {processor.py:157} INFO - Started process (PID=5271) to work on /home/vscode/.local/lib/python3.10/site-packages/airflow/example_dags/example_datasets.py
[2025-08-13T15:55:36.891+0000] {processor.py:826} INFO - Processing file /home/vscode/.local/lib/python3.10/site-packages/airflow/example_dags/example_datasets.py for tasks to queue
[2025-08-13T15:55:36.891+0000] {logging_mixin.py:150} INFO - [2025-08-13T15:55:36.891+0000] {dagbag.py:541} INFO - Filling up the DagBag from /home/vscode/.local/lib/python3.10/site-packages/airflow/example_dags/example_datasets.py
[2025-08-13T15:55:36.898+0000] {processor.py:836} INFO - DAG(s) dict_keys(['dataset_consumes_1_and_2', 'dataset_consumes_unknown_never_scheduled', 'dataset_produces_2', 'dataset_consumes_1_never_scheduled', 'dataset_produces_1', 'dataset_consumes_1']) retrieved from /home/vscode/.local/lib/python3.10/site-packages/airflow/example_dags/example_datasets.py
[2025-08-13T15:55:36.920+0000] {logging_mixin.py:150} INFO - [2025-08-13T15:55:36.920+0000] {dag.py:2742} INFO - Sync 6 DAGs
[2025-08-13T15:55:36.944+0000] {logging_mixin.py:150} INFO - [2025-08-13T15:55:36.944+0000] {dag.py:3504} INFO - Setting next_dagrun for dataset_consumes_1 to None, run_after=None
[2025-08-13T15:55:36.948+0000] {logging_mixin.py:150} INFO - [2025-08-13T15:55:36.948+0000] {dag.py:3504} INFO - Setting next_dagrun for dataset_consumes_1_and_2 to None, run_after=None
[2025-08-13T15:55:36.949+0000] {logging_mixin.py:150} INFO - [2025-08-13T15:55:36.949+0000] {dag.py:3504} INFO - Setting next_dagrun for dataset_consumes_1_never_scheduled to None, run_after=None
[2025-08-13T15:55:36.950+0000] {logging_mixin.py:150} INFO - [2025-08-13T15:55:36.950+0000] {dag.py:3504} INFO - Setting next_dagrun for dataset_consumes_unknown_never_scheduled to None, run_after=None
[2025-08-13T15:55:36.953+0000] {logging_mixin.py:150} INFO - [2025-08-13T15:55:36.953+0000] {dag.py:3504} INFO - Setting next_dagrun for dataset_produces_1 to 2025-08-12T00:00:00+00:00, run_after=2025-08-13T00:00:00+00:00
[2025-08-13T15:55:36.954+0000] {logging_mixin.py:150} INFO - [2025-08-13T15:55:36.954+0000] {dag.py:3504} INFO - Setting next_dagrun for dataset_produces_2 to None, run_after=None
[2025-08-13T15:55:36.977+0000] {processor.py:179} INFO - Processing /home/vscode/.local/lib/python3.10/site-packages/airflow/example_dags/example_datasets.py took 0.089 seconds
[2025-08-13T15:56:19.400+0000] {processor.py:157} INFO - Started process (PID=5650) to work on /home/vscode/.local/lib/python3.10/site-packages/airflow/example_dags/example_datasets.py
[2025-08-13T15:56:19.401+0000] {processor.py:826} INFO - Processing file /home/vscode/.local/lib/python3.10/site-packages/airflow/example_dags/example_datasets.py for tasks to queue
[2025-08-13T15:56:19.401+0000] {logging_mixin.py:150} INFO - [2025-08-13T15:56:19.401+0000] {dagbag.py:541} INFO - Filling up the DagBag from /home/vscode/.local/lib/python3.10/site-packages/airflow/example_dags/example_datasets.py
[2025-08-13T15:56:19.410+0000] {processor.py:836} INFO - DAG(s) dict_keys(['dataset_consumes_1_and_2', 'dataset_consumes_1', 'dataset_produces_1', 'dataset_produces_2', 'dataset_consumes_unknown_never_scheduled', 'dataset_consumes_1_never_scheduled']) retrieved from /home/vscode/.local/lib/python3.10/site-packages/airflow/example_dags/example_datasets.py
[2025-08-13T15:56:19.434+0000] {logging_mixin.py:150} INFO - [2025-08-13T15:56:19.434+0000] {dag.py:2742} INFO - Sync 6 DAGs
[2025-08-13T15:56:19.451+0000] {logging_mixin.py:150} INFO - [2025-08-13T15:56:19.451+0000] {dag.py:3504} INFO - Setting next_dagrun for dataset_consumes_1 to None, run_after=None
[2025-08-13T15:56:19.453+0000] {logging_mixin.py:150} INFO - [2025-08-13T15:56:19.453+0000] {dag.py:3504} INFO - Setting next_dagrun for dataset_consumes_1_and_2 to None, run_after=None
[2025-08-13T15:56:19.454+0000] {logging_mixin.py:150} INFO - [2025-08-13T15:56:19.454+0000] {dag.py:3504} INFO - Setting next_dagrun for dataset_consumes_1_never_scheduled to None, run_after=None
[2025-08-13T15:56:19.455+0000] {logging_mixin.py:150} INFO - [2025-08-13T15:56:19.455+0000] {dag.py:3504} INFO - Setting next_dagrun for dataset_consumes_unknown_never_scheduled to None, run_after=None
[2025-08-13T15:56:19.457+0000] {logging_mixin.py:150} INFO - [2025-08-13T15:56:19.456+0000] {dag.py:3504} INFO - Setting next_dagrun for dataset_produces_1 to 2025-08-12T00:00:00+00:00, run_after=2025-08-13T00:00:00+00:00
[2025-08-13T15:56:19.457+0000] {logging_mixin.py:150} INFO - [2025-08-13T15:56:19.457+0000] {dag.py:3504} INFO - Setting next_dagrun for dataset_produces_2 to None, run_after=None
[2025-08-13T15:56:19.482+0000] {processor.py:179} INFO - Processing /home/vscode/.local/lib/python3.10/site-packages/airflow/example_dags/example_datasets.py took 0.084 seconds
[2025-08-13T15:57:06.737+0000] {processor.py:157} INFO - Started process (PID=6116) to work on /home/vscode/.local/lib/python3.10/site-packages/airflow/example_dags/example_datasets.py
[2025-08-13T15:57:06.737+0000] {processor.py:826} INFO - Processing file /home/vscode/.local/lib/python3.10/site-packages/airflow/example_dags/example_datasets.py for tasks to queue
[2025-08-13T15:57:06.738+0000] {logging_mixin.py:150} INFO - [2025-08-13T15:57:06.738+0000] {dagbag.py:541} INFO - Filling up the DagBag from /home/vscode/.local/lib/python3.10/site-packages/airflow/example_dags/example_datasets.py
[2025-08-13T15:57:06.745+0000] {processor.py:836} INFO - DAG(s) dict_keys(['dataset_consumes_1_and_2', 'dataset_consumes_1', 'dataset_consumes_unknown_never_scheduled', 'dataset_consumes_1_never_scheduled', 'dataset_produces_2', 'dataset_produces_1']) retrieved from /home/vscode/.local/lib/python3.10/site-packages/airflow/example_dags/example_datasets.py
[2025-08-13T15:57:06.764+0000] {logging_mixin.py:150} INFO - [2025-08-13T15:57:06.764+0000] {dag.py:2742} INFO - Sync 6 DAGs
[2025-08-13T15:57:06.779+0000] {logging_mixin.py:150} INFO - [2025-08-13T15:57:06.779+0000] {dag.py:3504} INFO - Setting next_dagrun for dataset_consumes_1 to None, run_after=None
[2025-08-13T15:57:06.781+0000] {logging_mixin.py:150} INFO - [2025-08-13T15:57:06.781+0000] {dag.py:3504} INFO - Setting next_dagrun for dataset_consumes_1_and_2 to None, run_after=None
[2025-08-13T15:57:06.782+0000] {logging_mixin.py:150} INFO - [2025-08-13T15:57:06.782+0000] {dag.py:3504} INFO - Setting next_dagrun for dataset_consumes_1_never_scheduled to None, run_after=None
[2025-08-13T15:57:06.783+0000] {logging_mixin.py:150} INFO - [2025-08-13T15:57:06.783+0000] {dag.py:3504} INFO - Setting next_dagrun for dataset_consumes_unknown_never_scheduled to None, run_after=None
[2025-08-13T15:57:06.784+0000] {logging_mixin.py:150} INFO - [2025-08-13T15:57:06.784+0000] {dag.py:3504} INFO - Setting next_dagrun for dataset_produces_1 to 2025-08-12T00:00:00+00:00, run_after=2025-08-13T00:00:00+00:00
[2025-08-13T15:57:06.785+0000] {logging_mixin.py:150} INFO - [2025-08-13T15:57:06.785+0000] {dag.py:3504} INFO - Setting next_dagrun for dataset_produces_2 to None, run_after=None
[2025-08-13T15:57:06.806+0000] {processor.py:179} INFO - Processing /home/vscode/.local/lib/python3.10/site-packages/airflow/example_dags/example_datasets.py took 0.072 seconds
[2025-08-13T15:58:01.001+0000] {processor.py:157} INFO - Started process (PID=6478) to work on /home/vscode/.local/lib/python3.10/site-packages/airflow/example_dags/example_datasets.py
[2025-08-13T15:58:01.002+0000] {processor.py:826} INFO - Processing file /home/vscode/.local/lib/python3.10/site-packages/airflow/example_dags/example_datasets.py for tasks to queue
[2025-08-13T15:58:01.003+0000] {logging_mixin.py:150} INFO - [2025-08-13T15:58:01.003+0000] {dagbag.py:541} INFO - Filling up the DagBag from /home/vscode/.local/lib/python3.10/site-packages/airflow/example_dags/example_datasets.py
[2025-08-13T15:58:01.010+0000] {processor.py:836} INFO - DAG(s) dict_keys(['dataset_consumes_1_and_2', 'dataset_consumes_unknown_never_scheduled', 'dataset_consumes_1_never_scheduled', 'dataset_consumes_1', 'dataset_produces_1', 'dataset_produces_2']) retrieved from /home/vscode/.local/lib/python3.10/site-packages/airflow/example_dags/example_datasets.py
[2025-08-13T15:58:01.030+0000] {logging_mixin.py:150} INFO - [2025-08-13T15:58:01.029+0000] {dag.py:2742} INFO - Sync 6 DAGs
[2025-08-13T15:58:01.044+0000] {logging_mixin.py:150} INFO - [2025-08-13T15:58:01.044+0000] {dag.py:3504} INFO - Setting next_dagrun for dataset_consumes_1 to None, run_after=None
[2025-08-13T15:58:01.046+0000] {logging_mixin.py:150} INFO - [2025-08-13T15:58:01.046+0000] {dag.py:3504} INFO - Setting next_dagrun for dataset_consumes_1_and_2 to None, run_after=None
[2025-08-13T15:58:01.047+0000] {logging_mixin.py:150} INFO - [2025-08-13T15:58:01.047+0000] {dag.py:3504} INFO - Setting next_dagrun for dataset_consumes_1_never_scheduled to None, run_after=None
[2025-08-13T15:58:01.047+0000] {logging_mixin.py:150} INFO - [2025-08-13T15:58:01.047+0000] {dag.py:3504} INFO - Setting next_dagrun for dataset_consumes_unknown_never_scheduled to None, run_after=None
[2025-08-13T15:58:01.049+0000] {logging_mixin.py:150} INFO - [2025-08-13T15:58:01.049+0000] {dag.py:3504} INFO - Setting next_dagrun for dataset_produces_1 to 2025-08-12T00:00:00+00:00, run_after=2025-08-13T00:00:00+00:00
[2025-08-13T15:58:01.050+0000] {logging_mixin.py:150} INFO - [2025-08-13T15:58:01.050+0000] {dag.py:3504} INFO - Setting next_dagrun for dataset_produces_2 to None, run_after=None
[2025-08-13T15:58:01.072+0000] {processor.py:179} INFO - Processing /home/vscode/.local/lib/python3.10/site-packages/airflow/example_dags/example_datasets.py took 0.073 seconds
[2025-08-13T15:58:41.846+0000] {processor.py:157} INFO - Started process (PID=6757) to work on /home/vscode/.local/lib/python3.10/site-packages/airflow/example_dags/example_datasets.py
[2025-08-13T15:58:41.847+0000] {processor.py:826} INFO - Processing file /home/vscode/.local/lib/python3.10/site-packages/airflow/example_dags/example_datasets.py for tasks to queue
[2025-08-13T15:58:41.847+0000] {logging_mixin.py:150} INFO - [2025-08-13T15:58:41.847+0000] {dagbag.py:541} INFO - Filling up the DagBag from /home/vscode/.local/lib/python3.10/site-packages/airflow/example_dags/example_datasets.py
[2025-08-13T15:58:41.854+0000] {processor.py:836} INFO - DAG(s) dict_keys(['dataset_consumes_1_and_2', 'dataset_consumes_1', 'dataset_consumes_1_never_scheduled', 'dataset_consumes_unknown_never_scheduled', 'dataset_produces_2', 'dataset_produces_1']) retrieved from /home/vscode/.local/lib/python3.10/site-packages/airflow/example_dags/example_datasets.py
[2025-08-13T15:58:41.874+0000] {logging_mixin.py:150} INFO - [2025-08-13T15:58:41.874+0000] {dag.py:2742} INFO - Sync 6 DAGs
[2025-08-13T15:58:41.890+0000] {logging_mixin.py:150} INFO - [2025-08-13T15:58:41.890+0000] {dag.py:3504} INFO - Setting next_dagrun for dataset_consumes_1 to None, run_after=None
[2025-08-13T15:58:41.892+0000] {logging_mixin.py:150} INFO - [2025-08-13T15:58:41.892+0000] {dag.py:3504} INFO - Setting next_dagrun for dataset_consumes_1_and_2 to None, run_after=None
[2025-08-13T15:58:41.893+0000] {logging_mixin.py:150} INFO - [2025-08-13T15:58:41.893+0000] {dag.py:3504} INFO - Setting next_dagrun for dataset_consumes_1_never_scheduled to None, run_after=None
[2025-08-13T15:58:41.893+0000] {logging_mixin.py:150} INFO - [2025-08-13T15:58:41.893+0000] {dag.py:3504} INFO - Setting next_dagrun for dataset_consumes_unknown_never_scheduled to None, run_after=None
[2025-08-13T15:58:41.895+0000] {logging_mixin.py:150} INFO - [2025-08-13T15:58:41.895+0000] {dag.py:3504} INFO - Setting next_dagrun for dataset_produces_1 to 2025-08-12T00:00:00+00:00, run_after=2025-08-13T00:00:00+00:00
[2025-08-13T15:58:41.896+0000] {logging_mixin.py:150} INFO - [2025-08-13T15:58:41.896+0000] {dag.py:3504} INFO - Setting next_dagrun for dataset_produces_2 to None, run_after=None
[2025-08-13T15:58:41.918+0000] {processor.py:179} INFO - Processing /home/vscode/.local/lib/python3.10/site-packages/airflow/example_dags/example_datasets.py took 0.074 seconds
[2025-08-13T15:59:32.813+0000] {processor.py:157} INFO - Started process (PID=7094) to work on /home/vscode/.local/lib/python3.10/site-packages/airflow/example_dags/example_datasets.py
[2025-08-13T15:59:32.814+0000] {processor.py:826} INFO - Processing file /home/vscode/.local/lib/python3.10/site-packages/airflow/example_dags/example_datasets.py for tasks to queue
[2025-08-13T15:59:32.815+0000] {logging_mixin.py:150} INFO - [2025-08-13T15:59:32.815+0000] {dagbag.py:541} INFO - Filling up the DagBag from /home/vscode/.local/lib/python3.10/site-packages/airflow/example_dags/example_datasets.py
[2025-08-13T15:59:32.822+0000] {processor.py:836} INFO - DAG(s) dict_keys(['dataset_produces_1', 'dataset_consumes_1_never_scheduled', 'dataset_produces_2', 'dataset_consumes_unknown_never_scheduled', 'dataset_consumes_1', 'dataset_consumes_1_and_2']) retrieved from /home/vscode/.local/lib/python3.10/site-packages/airflow/example_dags/example_datasets.py
[2025-08-13T15:59:32.842+0000] {logging_mixin.py:150} INFO - [2025-08-13T15:59:32.842+0000] {dag.py:2742} INFO - Sync 6 DAGs
[2025-08-13T15:59:32.856+0000] {logging_mixin.py:150} INFO - [2025-08-13T15:59:32.856+0000] {dag.py:3504} INFO - Setting next_dagrun for dataset_consumes_1 to None, run_after=None
[2025-08-13T15:59:32.859+0000] {logging_mixin.py:150} INFO - [2025-08-13T15:59:32.859+0000] {dag.py:3504} INFO - Setting next_dagrun for dataset_consumes_1_and_2 to None, run_after=None
[2025-08-13T15:59:32.859+0000] {logging_mixin.py:150} INFO - [2025-08-13T15:59:32.859+0000] {dag.py:3504} INFO - Setting next_dagrun for dataset_consumes_1_never_scheduled to None, run_after=None
[2025-08-13T15:59:32.860+0000] {logging_mixin.py:150} INFO - [2025-08-13T15:59:32.860+0000] {dag.py:3504} INFO - Setting next_dagrun for dataset_consumes_unknown_never_scheduled to None, run_after=None
[2025-08-13T15:59:32.862+0000] {logging_mixin.py:150} INFO - [2025-08-13T15:59:32.862+0000] {dag.py:3504} INFO - Setting next_dagrun for dataset_produces_1 to 2025-08-12T00:00:00+00:00, run_after=2025-08-13T00:00:00+00:00
[2025-08-13T15:59:32.863+0000] {logging_mixin.py:150} INFO - [2025-08-13T15:59:32.863+0000] {dag.py:3504} INFO - Setting next_dagrun for dataset_produces_2 to None, run_after=None
[2025-08-13T15:59:32.900+0000] {processor.py:179} INFO - Processing /home/vscode/.local/lib/python3.10/site-packages/airflow/example_dags/example_datasets.py took 0.089 seconds
[2025-08-13T16:00:15.922+0000] {processor.py:157} INFO - Started process (PID=7416) to work on /home/vscode/.local/lib/python3.10/site-packages/airflow/example_dags/example_datasets.py
[2025-08-13T16:00:15.923+0000] {processor.py:826} INFO - Processing file /home/vscode/.local/lib/python3.10/site-packages/airflow/example_dags/example_datasets.py for tasks to queue
[2025-08-13T16:00:15.924+0000] {logging_mixin.py:150} INFO - [2025-08-13T16:00:15.923+0000] {dagbag.py:541} INFO - Filling up the DagBag from /home/vscode/.local/lib/python3.10/site-packages/airflow/example_dags/example_datasets.py
[2025-08-13T16:00:15.930+0000] {processor.py:836} INFO - DAG(s) dict_keys(['dataset_consumes_1_never_scheduled', 'dataset_produces_2', 'dataset_consumes_unknown_never_scheduled', 'dataset_consumes_1_and_2', 'dataset_produces_1', 'dataset_consumes_1']) retrieved from /home/vscode/.local/lib/python3.10/site-packages/airflow/example_dags/example_datasets.py
[2025-08-13T16:00:15.950+0000] {logging_mixin.py:150} INFO - [2025-08-13T16:00:15.950+0000] {dag.py:2742} INFO - Sync 6 DAGs
[2025-08-13T16:00:15.965+0000] {logging_mixin.py:150} INFO - [2025-08-13T16:00:15.965+0000] {dag.py:3504} INFO - Setting next_dagrun for dataset_consumes_1 to None, run_after=None
[2025-08-13T16:00:15.967+0000] {logging_mixin.py:150} INFO - [2025-08-13T16:00:15.967+0000] {dag.py:3504} INFO - Setting next_dagrun for dataset_consumes_1_and_2 to None, run_after=None
[2025-08-13T16:00:15.968+0000] {logging_mixin.py:150} INFO - [2025-08-13T16:00:15.968+0000] {dag.py:3504} INFO - Setting next_dagrun for dataset_consumes_1_never_scheduled to None, run_after=None
[2025-08-13T16:00:15.968+0000] {logging_mixin.py:150} INFO - [2025-08-13T16:00:15.968+0000] {dag.py:3504} INFO - Setting next_dagrun for dataset_consumes_unknown_never_scheduled to None, run_after=None
[2025-08-13T16:00:15.970+0000] {logging_mixin.py:150} INFO - [2025-08-13T16:00:15.970+0000] {dag.py:3504} INFO - Setting next_dagrun for dataset_produces_1 to 2025-08-12T00:00:00+00:00, run_after=2025-08-13T00:00:00+00:00
[2025-08-13T16:00:15.971+0000] {logging_mixin.py:150} INFO - [2025-08-13T16:00:15.971+0000] {dag.py:3504} INFO - Setting next_dagrun for dataset_produces_2 to None, run_after=None
[2025-08-13T16:00:15.997+0000] {processor.py:179} INFO - Processing /home/vscode/.local/lib/python3.10/site-packages/airflow/example_dags/example_datasets.py took 0.076 seconds
[2025-08-13T16:01:49.505+0000] {processor.py:157} INFO - Started process (PID=8387) to work on /home/vscode/.local/lib/python3.10/site-packages/airflow/example_dags/example_datasets.py
[2025-08-13T16:01:49.506+0000] {processor.py:826} INFO - Processing file /home/vscode/.local/lib/python3.10/site-packages/airflow/example_dags/example_datasets.py for tasks to queue
[2025-08-13T16:01:49.506+0000] {logging_mixin.py:150} INFO - [2025-08-13T16:01:49.506+0000] {dagbag.py:541} INFO - Filling up the DagBag from /home/vscode/.local/lib/python3.10/site-packages/airflow/example_dags/example_datasets.py
[2025-08-13T16:01:49.515+0000] {processor.py:836} INFO - DAG(s) dict_keys(['dataset_consumes_1_and_2', 'dataset_consumes_1', 'dataset_consumes_unknown_never_scheduled', 'dataset_consumes_1_never_scheduled', 'dataset_produces_1', 'dataset_produces_2']) retrieved from /home/vscode/.local/lib/python3.10/site-packages/airflow/example_dags/example_datasets.py
[2025-08-13T16:01:49.549+0000] {logging_mixin.py:150} INFO - [2025-08-13T16:01:49.549+0000] {dag.py:2742} INFO - Sync 6 DAGs
[2025-08-13T16:01:49.571+0000] {logging_mixin.py:150} INFO - [2025-08-13T16:01:49.570+0000] {dag.py:3504} INFO - Setting next_dagrun for dataset_consumes_1 to None, run_after=None
[2025-08-13T16:01:49.573+0000] {logging_mixin.py:150} INFO - [2025-08-13T16:01:49.573+0000] {dag.py:3504} INFO - Setting next_dagrun for dataset_consumes_1_and_2 to None, run_after=None
[2025-08-13T16:01:49.574+0000] {logging_mixin.py:150} INFO - [2025-08-13T16:01:49.573+0000] {dag.py:3504} INFO - Setting next_dagrun for dataset_consumes_1_never_scheduled to None, run_after=None
[2025-08-13T16:01:49.574+0000] {logging_mixin.py:150} INFO - [2025-08-13T16:01:49.574+0000] {dag.py:3504} INFO - Setting next_dagrun for dataset_consumes_unknown_never_scheduled to None, run_after=None
[2025-08-13T16:01:49.576+0000] {logging_mixin.py:150} INFO - [2025-08-13T16:01:49.576+0000] {dag.py:3504} INFO - Setting next_dagrun for dataset_produces_1 to 2025-08-12T00:00:00+00:00, run_after=2025-08-13T00:00:00+00:00
[2025-08-13T16:01:49.577+0000] {logging_mixin.py:150} INFO - [2025-08-13T16:01:49.577+0000] {dag.py:3504} INFO - Setting next_dagrun for dataset_produces_2 to None, run_after=None
[2025-08-13T16:01:49.600+0000] {processor.py:179} INFO - Processing /home/vscode/.local/lib/python3.10/site-packages/airflow/example_dags/example_datasets.py took 0.098 seconds
[2025-08-13T16:02:31.910+0000] {processor.py:157} INFO - Started process (PID=8675) to work on /home/vscode/.local/lib/python3.10/site-packages/airflow/example_dags/example_datasets.py
[2025-08-13T16:02:31.910+0000] {processor.py:826} INFO - Processing file /home/vscode/.local/lib/python3.10/site-packages/airflow/example_dags/example_datasets.py for tasks to queue
[2025-08-13T16:02:31.911+0000] {logging_mixin.py:150} INFO - [2025-08-13T16:02:31.911+0000] {dagbag.py:541} INFO - Filling up the DagBag from /home/vscode/.local/lib/python3.10/site-packages/airflow/example_dags/example_datasets.py
[2025-08-13T16:02:31.918+0000] {processor.py:836} INFO - DAG(s) dict_keys(['dataset_produces_2', 'dataset_consumes_1_never_scheduled', 'dataset_consumes_unknown_never_scheduled', 'dataset_consumes_1_and_2', 'dataset_produces_1', 'dataset_consumes_1']) retrieved from /home/vscode/.local/lib/python3.10/site-packages/airflow/example_dags/example_datasets.py
[2025-08-13T16:02:31.938+0000] {logging_mixin.py:150} INFO - [2025-08-13T16:02:31.938+0000] {dag.py:2742} INFO - Sync 6 DAGs
[2025-08-13T16:02:31.953+0000] {logging_mixin.py:150} INFO - [2025-08-13T16:02:31.953+0000] {dag.py:3504} INFO - Setting next_dagrun for dataset_consumes_1 to None, run_after=None
[2025-08-13T16:02:31.955+0000] {logging_mixin.py:150} INFO - [2025-08-13T16:02:31.955+0000] {dag.py:3504} INFO - Setting next_dagrun for dataset_consumes_1_and_2 to None, run_after=None
[2025-08-13T16:02:31.956+0000] {logging_mixin.py:150} INFO - [2025-08-13T16:02:31.956+0000] {dag.py:3504} INFO - Setting next_dagrun for dataset_consumes_1_never_scheduled to None, run_after=None
[2025-08-13T16:02:31.957+0000] {logging_mixin.py:150} INFO - [2025-08-13T16:02:31.957+0000] {dag.py:3504} INFO - Setting next_dagrun for dataset_consumes_unknown_never_scheduled to None, run_after=None
[2025-08-13T16:02:31.958+0000] {logging_mixin.py:150} INFO - [2025-08-13T16:02:31.958+0000] {dag.py:3504} INFO - Setting next_dagrun for dataset_produces_1 to 2025-08-12T00:00:00+00:00, run_after=2025-08-13T00:00:00+00:00
[2025-08-13T16:02:31.959+0000] {logging_mixin.py:150} INFO - [2025-08-13T16:02:31.959+0000] {dag.py:3504} INFO - Setting next_dagrun for dataset_produces_2 to None, run_after=None
[2025-08-13T16:02:31.981+0000] {processor.py:179} INFO - Processing /home/vscode/.local/lib/python3.10/site-packages/airflow/example_dags/example_datasets.py took 0.074 seconds
[2025-08-13T16:03:16.831+0000] {processor.py:157} INFO - Started process (PID=8970) to work on /home/vscode/.local/lib/python3.10/site-packages/airflow/example_dags/example_datasets.py
[2025-08-13T16:03:16.832+0000] {processor.py:826} INFO - Processing file /home/vscode/.local/lib/python3.10/site-packages/airflow/example_dags/example_datasets.py for tasks to queue
[2025-08-13T16:03:16.833+0000] {logging_mixin.py:150} INFO - [2025-08-13T16:03:16.832+0000] {dagbag.py:541} INFO - Filling up the DagBag from /home/vscode/.local/lib/python3.10/site-packages/airflow/example_dags/example_datasets.py
[2025-08-13T16:03:16.839+0000] {processor.py:836} INFO - DAG(s) dict_keys(['dataset_produces_1', 'dataset_consumes_1', 'dataset_consumes_1_and_2', 'dataset_produces_2', 'dataset_consumes_unknown_never_scheduled', 'dataset_consumes_1_never_scheduled']) retrieved from /home/vscode/.local/lib/python3.10/site-packages/airflow/example_dags/example_datasets.py
[2025-08-13T16:03:16.859+0000] {logging_mixin.py:150} INFO - [2025-08-13T16:03:16.859+0000] {dag.py:2742} INFO - Sync 6 DAGs
[2025-08-13T16:03:16.874+0000] {logging_mixin.py:150} INFO - [2025-08-13T16:03:16.874+0000] {dag.py:3504} INFO - Setting next_dagrun for dataset_consumes_1 to None, run_after=None
[2025-08-13T16:03:16.876+0000] {logging_mixin.py:150} INFO - [2025-08-13T16:03:16.876+0000] {dag.py:3504} INFO - Setting next_dagrun for dataset_consumes_1_and_2 to None, run_after=None
[2025-08-13T16:03:16.877+0000] {logging_mixin.py:150} INFO - [2025-08-13T16:03:16.877+0000] {dag.py:3504} INFO - Setting next_dagrun for dataset_consumes_1_never_scheduled to None, run_after=None
[2025-08-13T16:03:16.877+0000] {logging_mixin.py:150} INFO - [2025-08-13T16:03:16.877+0000] {dag.py:3504} INFO - Setting next_dagrun for dataset_consumes_unknown_never_scheduled to None, run_after=None
[2025-08-13T16:03:16.879+0000] {logging_mixin.py:150} INFO - [2025-08-13T16:03:16.879+0000] {dag.py:3504} INFO - Setting next_dagrun for dataset_produces_1 to 2025-08-12T00:00:00+00:00, run_after=2025-08-13T00:00:00+00:00
[2025-08-13T16:03:16.880+0000] {logging_mixin.py:150} INFO - [2025-08-13T16:03:16.880+0000] {dag.py:3504} INFO - Setting next_dagrun for dataset_produces_2 to None, run_after=None
[2025-08-13T16:03:16.901+0000] {processor.py:179} INFO - Processing /home/vscode/.local/lib/python3.10/site-packages/airflow/example_dags/example_datasets.py took 0.072 seconds
[2025-08-13T16:04:00.849+0000] {processor.py:157} INFO - Started process (PID=9304) to work on /home/vscode/.local/lib/python3.10/site-packages/airflow/example_dags/example_datasets.py
[2025-08-13T16:04:00.850+0000] {processor.py:826} INFO - Processing file /home/vscode/.local/lib/python3.10/site-packages/airflow/example_dags/example_datasets.py for tasks to queue
[2025-08-13T16:04:00.851+0000] {logging_mixin.py:150} INFO - [2025-08-13T16:04:00.850+0000] {dagbag.py:541} INFO - Filling up the DagBag from /home/vscode/.local/lib/python3.10/site-packages/airflow/example_dags/example_datasets.py
[2025-08-13T16:04:00.858+0000] {processor.py:836} INFO - DAG(s) dict_keys(['dataset_consumes_1', 'dataset_consumes_1_never_scheduled', 'dataset_consumes_1_and_2', 'dataset_consumes_unknown_never_scheduled', 'dataset_produces_1', 'dataset_produces_2']) retrieved from /home/vscode/.local/lib/python3.10/site-packages/airflow/example_dags/example_datasets.py
[2025-08-13T16:04:00.878+0000] {logging_mixin.py:150} INFO - [2025-08-13T16:04:00.878+0000] {dag.py:2742} INFO - Sync 6 DAGs
[2025-08-13T16:04:00.894+0000] {logging_mixin.py:150} INFO - [2025-08-13T16:04:00.893+0000] {dag.py:3504} INFO - Setting next_dagrun for dataset_consumes_1 to None, run_after=None
[2025-08-13T16:04:00.896+0000] {logging_mixin.py:150} INFO - [2025-08-13T16:04:00.896+0000] {dag.py:3504} INFO - Setting next_dagrun for dataset_consumes_1_and_2 to None, run_after=None
[2025-08-13T16:04:00.896+0000] {logging_mixin.py:150} INFO - [2025-08-13T16:04:00.896+0000] {dag.py:3504} INFO - Setting next_dagrun for dataset_consumes_1_never_scheduled to None, run_after=None
[2025-08-13T16:04:00.897+0000] {logging_mixin.py:150} INFO - [2025-08-13T16:04:00.897+0000] {dag.py:3504} INFO - Setting next_dagrun for dataset_consumes_unknown_never_scheduled to None, run_after=None
[2025-08-13T16:04:00.899+0000] {logging_mixin.py:150} INFO - [2025-08-13T16:04:00.899+0000] {dag.py:3504} INFO - Setting next_dagrun for dataset_produces_1 to 2025-08-12T00:00:00+00:00, run_after=2025-08-13T00:00:00+00:00
[2025-08-13T16:04:00.900+0000] {logging_mixin.py:150} INFO - [2025-08-13T16:04:00.900+0000] {dag.py:3504} INFO - Setting next_dagrun for dataset_produces_2 to None, run_after=None
[2025-08-13T16:04:00.923+0000] {processor.py:179} INFO - Processing /home/vscode/.local/lib/python3.10/site-packages/airflow/example_dags/example_datasets.py took 0.075 seconds
[2025-08-13T16:04:51.700+0000] {processor.py:157} INFO - Started process (PID=9656) to work on /home/vscode/.local/lib/python3.10/site-packages/airflow/example_dags/example_datasets.py
[2025-08-13T16:04:51.701+0000] {processor.py:826} INFO - Processing file /home/vscode/.local/lib/python3.10/site-packages/airflow/example_dags/example_datasets.py for tasks to queue
[2025-08-13T16:04:51.702+0000] {logging_mixin.py:150} INFO - [2025-08-13T16:04:51.701+0000] {dagbag.py:541} INFO - Filling up the DagBag from /home/vscode/.local/lib/python3.10/site-packages/airflow/example_dags/example_datasets.py
[2025-08-13T16:04:51.712+0000] {processor.py:836} INFO - DAG(s) dict_keys(['dataset_produces_2', 'dataset_consumes_unknown_never_scheduled', 'dataset_consumes_1_and_2', 'dataset_consumes_1_never_scheduled', 'dataset_consumes_1', 'dataset_produces_1']) retrieved from /home/vscode/.local/lib/python3.10/site-packages/airflow/example_dags/example_datasets.py
[2025-08-13T16:04:51.732+0000] {logging_mixin.py:150} INFO - [2025-08-13T16:04:51.732+0000] {dag.py:2742} INFO - Sync 6 DAGs
[2025-08-13T16:04:51.747+0000] {logging_mixin.py:150} INFO - [2025-08-13T16:04:51.747+0000] {dag.py:3504} INFO - Setting next_dagrun for dataset_consumes_1 to None, run_after=None
[2025-08-13T16:04:51.749+0000] {logging_mixin.py:150} INFO - [2025-08-13T16:04:51.749+0000] {dag.py:3504} INFO - Setting next_dagrun for dataset_consumes_1_and_2 to None, run_after=None
[2025-08-13T16:04:51.750+0000] {logging_mixin.py:150} INFO - [2025-08-13T16:04:51.750+0000] {dag.py:3504} INFO - Setting next_dagrun for dataset_consumes_1_never_scheduled to None, run_after=None
[2025-08-13T16:04:51.750+0000] {logging_mixin.py:150} INFO - [2025-08-13T16:04:51.750+0000] {dag.py:3504} INFO - Setting next_dagrun for dataset_consumes_unknown_never_scheduled to None, run_after=None
[2025-08-13T16:04:51.752+0000] {logging_mixin.py:150} INFO - [2025-08-13T16:04:51.752+0000] {dag.py:3504} INFO - Setting next_dagrun for dataset_produces_1 to 2025-08-12T00:00:00+00:00, run_after=2025-08-13T00:00:00+00:00
[2025-08-13T16:04:51.753+0000] {logging_mixin.py:150} INFO - [2025-08-13T16:04:51.753+0000] {dag.py:3504} INFO - Setting next_dagrun for dataset_produces_2 to None, run_after=None
[2025-08-13T16:04:51.776+0000] {processor.py:179} INFO - Processing /home/vscode/.local/lib/python3.10/site-packages/airflow/example_dags/example_datasets.py took 0.078 seconds
[2025-08-13T16:05:41.876+0000] {processor.py:157} INFO - Started process (PID=9995) to work on /home/vscode/.local/lib/python3.10/site-packages/airflow/example_dags/example_datasets.py
[2025-08-13T16:05:41.877+0000] {processor.py:826} INFO - Processing file /home/vscode/.local/lib/python3.10/site-packages/airflow/example_dags/example_datasets.py for tasks to queue
[2025-08-13T16:05:41.878+0000] {logging_mixin.py:150} INFO - [2025-08-13T16:05:41.877+0000] {dagbag.py:541} INFO - Filling up the DagBag from /home/vscode/.local/lib/python3.10/site-packages/airflow/example_dags/example_datasets.py
[2025-08-13T16:05:41.885+0000] {processor.py:836} INFO - DAG(s) dict_keys(['dataset_consumes_unknown_never_scheduled', 'dataset_consumes_1_and_2', 'dataset_produces_2', 'dataset_consumes_1', 'dataset_consumes_1_never_scheduled', 'dataset_produces_1']) retrieved from /home/vscode/.local/lib/python3.10/site-packages/airflow/example_dags/example_datasets.py
[2025-08-13T16:05:41.911+0000] {logging_mixin.py:150} INFO - [2025-08-13T16:05:41.911+0000] {dag.py:2742} INFO - Sync 6 DAGs
[2025-08-13T16:05:41.928+0000] {logging_mixin.py:150} INFO - [2025-08-13T16:05:41.928+0000] {dag.py:3504} INFO - Setting next_dagrun for dataset_consumes_1 to None, run_after=None
[2025-08-13T16:05:41.930+0000] {logging_mixin.py:150} INFO - [2025-08-13T16:05:41.930+0000] {dag.py:3504} INFO - Setting next_dagrun for dataset_consumes_1_and_2 to None, run_after=None
[2025-08-13T16:05:41.931+0000] {logging_mixin.py:150} INFO - [2025-08-13T16:05:41.931+0000] {dag.py:3504} INFO - Setting next_dagrun for dataset_consumes_1_never_scheduled to None, run_after=None
[2025-08-13T16:05:41.932+0000] {logging_mixin.py:150} INFO - [2025-08-13T16:05:41.931+0000] {dag.py:3504} INFO - Setting next_dagrun for dataset_consumes_unknown_never_scheduled to None, run_after=None
[2025-08-13T16:05:41.933+0000] {logging_mixin.py:150} INFO - [2025-08-13T16:05:41.933+0000] {dag.py:3504} INFO - Setting next_dagrun for dataset_produces_1 to 2025-08-12T00:00:00+00:00, run_after=2025-08-13T00:00:00+00:00
[2025-08-13T16:05:41.934+0000] {logging_mixin.py:150} INFO - [2025-08-13T16:05:41.934+0000] {dag.py:3504} INFO - Setting next_dagrun for dataset_produces_2 to None, run_after=None
[2025-08-13T16:05:41.957+0000] {processor.py:179} INFO - Processing /home/vscode/.local/lib/python3.10/site-packages/airflow/example_dags/example_datasets.py took 0.083 seconds
[2025-08-13T16:06:27.851+0000] {processor.py:157} INFO - Started process (PID=10377) to work on /home/vscode/.local/lib/python3.10/site-packages/airflow/example_dags/example_datasets.py
[2025-08-13T16:06:27.852+0000] {processor.py:826} INFO - Processing file /home/vscode/.local/lib/python3.10/site-packages/airflow/example_dags/example_datasets.py for tasks to queue
[2025-08-13T16:06:27.852+0000] {logging_mixin.py:150} INFO - [2025-08-13T16:06:27.852+0000] {dagbag.py:541} INFO - Filling up the DagBag from /home/vscode/.local/lib/python3.10/site-packages/airflow/example_dags/example_datasets.py
[2025-08-13T16:06:27.859+0000] {processor.py:836} INFO - DAG(s) dict_keys(['dataset_consumes_1_and_2', 'dataset_consumes_unknown_never_scheduled', 'dataset_consumes_1', 'dataset_consumes_1_never_scheduled', 'dataset_produces_2', 'dataset_produces_1']) retrieved from /home/vscode/.local/lib/python3.10/site-packages/airflow/example_dags/example_datasets.py
[2025-08-13T16:06:27.880+0000] {logging_mixin.py:150} INFO - [2025-08-13T16:06:27.880+0000] {dag.py:2742} INFO - Sync 6 DAGs
[2025-08-13T16:06:27.895+0000] {logging_mixin.py:150} INFO - [2025-08-13T16:06:27.895+0000] {dag.py:3504} INFO - Setting next_dagrun for dataset_consumes_1 to None, run_after=None
[2025-08-13T16:06:27.897+0000] {logging_mixin.py:150} INFO - [2025-08-13T16:06:27.897+0000] {dag.py:3504} INFO - Setting next_dagrun for dataset_consumes_1_and_2 to None, run_after=None
[2025-08-13T16:06:27.898+0000] {logging_mixin.py:150} INFO - [2025-08-13T16:06:27.898+0000] {dag.py:3504} INFO - Setting next_dagrun for dataset_consumes_1_never_scheduled to None, run_after=None
[2025-08-13T16:06:27.899+0000] {logging_mixin.py:150} INFO - [2025-08-13T16:06:27.899+0000] {dag.py:3504} INFO - Setting next_dagrun for dataset_consumes_unknown_never_scheduled to None, run_after=None
[2025-08-13T16:06:27.901+0000] {logging_mixin.py:150} INFO - [2025-08-13T16:06:27.901+0000] {dag.py:3504} INFO - Setting next_dagrun for dataset_produces_1 to 2025-08-12T00:00:00+00:00, run_after=2025-08-13T00:00:00+00:00
[2025-08-13T16:06:27.901+0000] {logging_mixin.py:150} INFO - [2025-08-13T16:06:27.901+0000] {dag.py:3504} INFO - Setting next_dagrun for dataset_produces_2 to None, run_after=None
[2025-08-13T16:06:27.924+0000] {processor.py:179} INFO - Processing /home/vscode/.local/lib/python3.10/site-packages/airflow/example_dags/example_datasets.py took 0.075 seconds
[2025-08-13T16:07:13.592+0000] {processor.py:157} INFO - Started process (PID=10693) to work on /home/vscode/.local/lib/python3.10/site-packages/airflow/example_dags/example_datasets.py
[2025-08-13T16:07:13.593+0000] {processor.py:826} INFO - Processing file /home/vscode/.local/lib/python3.10/site-packages/airflow/example_dags/example_datasets.py for tasks to queue
[2025-08-13T16:07:13.594+0000] {logging_mixin.py:150} INFO - [2025-08-13T16:07:13.594+0000] {dagbag.py:541} INFO - Filling up the DagBag from /home/vscode/.local/lib/python3.10/site-packages/airflow/example_dags/example_datasets.py
[2025-08-13T16:07:13.601+0000] {processor.py:836} INFO - DAG(s) dict_keys(['dataset_consumes_unknown_never_scheduled', 'dataset_produces_1', 'dataset_produces_2', 'dataset_consumes_1_never_scheduled', 'dataset_consumes_1_and_2', 'dataset_consumes_1']) retrieved from /home/vscode/.local/lib/python3.10/site-packages/airflow/example_dags/example_datasets.py
[2025-08-13T16:07:13.622+0000] {logging_mixin.py:150} INFO - [2025-08-13T16:07:13.622+0000] {dag.py:2742} INFO - Sync 6 DAGs
[2025-08-13T16:07:13.637+0000] {logging_mixin.py:150} INFO - [2025-08-13T16:07:13.637+0000] {dag.py:3504} INFO - Setting next_dagrun for dataset_consumes_1 to None, run_after=None
[2025-08-13T16:07:13.639+0000] {logging_mixin.py:150} INFO - [2025-08-13T16:07:13.639+0000] {dag.py:3504} INFO - Setting next_dagrun for dataset_consumes_1_and_2 to None, run_after=None
[2025-08-13T16:07:13.640+0000] {logging_mixin.py:150} INFO - [2025-08-13T16:07:13.640+0000] {dag.py:3504} INFO - Setting next_dagrun for dataset_consumes_1_never_scheduled to None, run_after=None
[2025-08-13T16:07:13.641+0000] {logging_mixin.py:150} INFO - [2025-08-13T16:07:13.640+0000] {dag.py:3504} INFO - Setting next_dagrun for dataset_consumes_unknown_never_scheduled to None, run_after=None
[2025-08-13T16:07:13.642+0000] {logging_mixin.py:150} INFO - [2025-08-13T16:07:13.642+0000] {dag.py:3504} INFO - Setting next_dagrun for dataset_produces_1 to 2025-08-12T00:00:00+00:00, run_after=2025-08-13T00:00:00+00:00
[2025-08-13T16:07:13.643+0000] {logging_mixin.py:150} INFO - [2025-08-13T16:07:13.643+0000] {dag.py:3504} INFO - Setting next_dagrun for dataset_produces_2 to None, run_after=None
[2025-08-13T16:07:13.666+0000] {processor.py:179} INFO - Processing /home/vscode/.local/lib/python3.10/site-packages/airflow/example_dags/example_datasets.py took 0.076 seconds
