[2025-08-13T02:42:35.354+0000] {processor.py:157} INFO - Started process (PID=8083) to work on /home/vscode/.local/lib/python3.10/site-packages/airflow/example_dags/example_task_group.py
[2025-08-13T02:42:35.355+0000] {processor.py:826} INFO - Processing file /home/vscode/.local/lib/python3.10/site-packages/airflow/example_dags/example_task_group.py for tasks to queue
[2025-08-13T02:42:35.356+0000] {logging_mixin.py:150} INFO - [2025-08-13T02:42:35.355+0000] {dagbag.py:541} INFO - Filling up the DagBag from /home/vscode/.local/lib/python3.10/site-packages/airflow/example_dags/example_task_group.py
[2025-08-13T02:42:35.364+0000] {processor.py:836} INFO - DAG(s) dict_keys(['example_task_group']) retrieved from /home/vscode/.local/lib/python3.10/site-packages/airflow/example_dags/example_task_group.py
[2025-08-13T02:42:35.445+0000] {logging_mixin.py:150} INFO - [2025-08-13T02:42:35.445+0000] {manager.py:504} INFO - Created Permission View: can read on DAG:example_task_group
[2025-08-13T02:42:35.457+0000] {logging_mixin.py:150} INFO - [2025-08-13T02:42:35.457+0000] {manager.py:504} INFO - Created Permission View: can delete on DAG:example_task_group
[2025-08-13T02:42:35.465+0000] {logging_mixin.py:150} INFO - [2025-08-13T02:42:35.464+0000] {manager.py:504} INFO - Created Permission View: can edit on DAG:example_task_group
[2025-08-13T02:42:35.474+0000] {logging_mixin.py:150} INFO - [2025-08-13T02:42:35.474+0000] {dag.py:2742} INFO - Sync 1 DAGs
[2025-08-13T02:42:35.482+0000] {logging_mixin.py:150} INFO - [2025-08-13T02:42:35.482+0000] {dag.py:2763} INFO - Creating ORM DAG for example_task_group
[2025-08-13T02:42:35.488+0000] {logging_mixin.py:150} INFO - [2025-08-13T02:42:35.488+0000] {dag.py:3504} INFO - Setting next_dagrun for example_task_group to 2025-08-12T02:42:35.488641+00:00, run_after=2025-08-13T02:42:35.488641+00:00
[2025-08-13T02:42:35.506+0000] {processor.py:179} INFO - Processing /home/vscode/.local/lib/python3.10/site-packages/airflow/example_dags/example_task_group.py took 0.154 seconds
[2025-08-13T02:43:21.774+0000] {processor.py:157} INFO - Started process (PID=8384) to work on /home/vscode/.local/lib/python3.10/site-packages/airflow/example_dags/example_task_group.py
[2025-08-13T02:43:21.775+0000] {processor.py:826} INFO - Processing file /home/vscode/.local/lib/python3.10/site-packages/airflow/example_dags/example_task_group.py for tasks to queue
[2025-08-13T02:43:21.775+0000] {logging_mixin.py:150} INFO - [2025-08-13T02:43:21.775+0000] {dagbag.py:541} INFO - Filling up the DagBag from /home/vscode/.local/lib/python3.10/site-packages/airflow/example_dags/example_task_group.py
[2025-08-13T02:43:21.781+0000] {processor.py:836} INFO - DAG(s) dict_keys(['example_task_group']) retrieved from /home/vscode/.local/lib/python3.10/site-packages/airflow/example_dags/example_task_group.py
[2025-08-13T02:43:21.793+0000] {logging_mixin.py:150} INFO - [2025-08-13T02:43:21.793+0000] {dag.py:2742} INFO - Sync 1 DAGs
[2025-08-13T02:43:21.807+0000] {logging_mixin.py:150} INFO - [2025-08-13T02:43:21.807+0000] {dag.py:3504} INFO - Setting next_dagrun for example_task_group to 2025-08-12T02:43:21.807588+00:00, run_after=2025-08-13T02:43:21.807588+00:00
[2025-08-13T02:43:21.823+0000] {processor.py:179} INFO - Processing /home/vscode/.local/lib/python3.10/site-packages/airflow/example_dags/example_task_group.py took 0.051 seconds
[2025-08-13T02:44:08.317+0000] {processor.py:157} INFO - Started process (PID=8692) to work on /home/vscode/.local/lib/python3.10/site-packages/airflow/example_dags/example_task_group.py
[2025-08-13T02:44:08.318+0000] {processor.py:826} INFO - Processing file /home/vscode/.local/lib/python3.10/site-packages/airflow/example_dags/example_task_group.py for tasks to queue
[2025-08-13T02:44:08.319+0000] {logging_mixin.py:150} INFO - [2025-08-13T02:44:08.318+0000] {dagbag.py:541} INFO - Filling up the DagBag from /home/vscode/.local/lib/python3.10/site-packages/airflow/example_dags/example_task_group.py
[2025-08-13T02:44:08.325+0000] {processor.py:836} INFO - DAG(s) dict_keys(['example_task_group']) retrieved from /home/vscode/.local/lib/python3.10/site-packages/airflow/example_dags/example_task_group.py
[2025-08-13T02:44:08.337+0000] {logging_mixin.py:150} INFO - [2025-08-13T02:44:08.337+0000] {dag.py:2742} INFO - Sync 1 DAGs
[2025-08-13T02:44:08.351+0000] {logging_mixin.py:150} INFO - [2025-08-13T02:44:08.351+0000] {dag.py:3504} INFO - Setting next_dagrun for example_task_group to 2025-08-12T02:44:08.351204+00:00, run_after=2025-08-13T02:44:08.351204+00:00
[2025-08-13T02:44:08.366+0000] {processor.py:179} INFO - Processing /home/vscode/.local/lib/python3.10/site-packages/airflow/example_dags/example_task_group.py took 0.051 seconds
