[2025-08-13T02:42:32.777+0000] {processor.py:157} INFO - Started process (PID=8060) to work on /home/vscode/.local/lib/python3.10/site-packages/airflow/example_dags/example_xcom.py
[2025-08-13T02:42:32.778+0000] {processor.py:826} INFO - Processing file /home/vscode/.local/lib/python3.10/site-packages/airflow/example_dags/example_xcom.py for tasks to queue
[2025-08-13T02:42:32.778+0000] {logging_mixin.py:150} INFO - [2025-08-13T02:42:32.778+0000] {dagbag.py:541} INFO - Filling up the DagBag from /home/vscode/.local/lib/python3.10/site-packages/airflow/example_dags/example_xcom.py
[2025-08-13T02:42:32.786+0000] {processor.py:836} INFO - DAG(s) dict_keys(['example_xcom']) retrieved from /home/vscode/.local/lib/python3.10/site-packages/airflow/example_dags/example_xcom.py
[2025-08-13T02:42:32.884+0000] {logging_mixin.py:150} INFO - [2025-08-13T02:42:32.884+0000] {manager.py:504} INFO - Created Permission View: can read on DAG:example_xcom
[2025-08-13T02:42:32.899+0000] {logging_mixin.py:150} INFO - [2025-08-13T02:42:32.898+0000] {manager.py:504} INFO - Created Permission View: can delete on DAG:example_xcom
[2025-08-13T02:42:32.906+0000] {logging_mixin.py:150} INFO - [2025-08-13T02:42:32.906+0000] {manager.py:504} INFO - Created Permission View: can edit on DAG:example_xcom
[2025-08-13T02:42:32.915+0000] {logging_mixin.py:150} INFO - [2025-08-13T02:42:32.915+0000] {dag.py:2742} INFO - Sync 1 DAGs
[2025-08-13T02:42:32.922+0000] {logging_mixin.py:150} INFO - [2025-08-13T02:42:32.922+0000] {dag.py:2763} INFO - Creating ORM DAG for example_xcom
[2025-08-13T02:42:32.929+0000] {logging_mixin.py:150} INFO - [2025-08-13T02:42:32.928+0000] {dag.py:3504} INFO - Setting next_dagrun for example_xcom to 2021-01-01T00:00:00+00:00, run_after=2021-01-01T00:00:00+00:00
[2025-08-13T02:42:32.947+0000] {processor.py:179} INFO - Processing /home/vscode/.local/lib/python3.10/site-packages/airflow/example_dags/example_xcom.py took 0.172 seconds
[2025-08-13T02:43:20.864+0000] {processor.py:157} INFO - Started process (PID=8375) to work on /home/vscode/.local/lib/python3.10/site-packages/airflow/example_dags/example_xcom.py
[2025-08-13T02:43:20.865+0000] {processor.py:826} INFO - Processing file /home/vscode/.local/lib/python3.10/site-packages/airflow/example_dags/example_xcom.py for tasks to queue
[2025-08-13T02:43:20.865+0000] {logging_mixin.py:150} INFO - [2025-08-13T02:43:20.865+0000] {dagbag.py:541} INFO - Filling up the DagBag from /home/vscode/.local/lib/python3.10/site-packages/airflow/example_dags/example_xcom.py
[2025-08-13T02:43:20.871+0000] {processor.py:836} INFO - DAG(s) dict_keys(['example_xcom']) retrieved from /home/vscode/.local/lib/python3.10/site-packages/airflow/example_dags/example_xcom.py
[2025-08-13T02:43:20.884+0000] {logging_mixin.py:150} INFO - [2025-08-13T02:43:20.883+0000] {dag.py:2742} INFO - Sync 1 DAGs
[2025-08-13T02:43:20.898+0000] {logging_mixin.py:150} INFO - [2025-08-13T02:43:20.898+0000] {dag.py:3504} INFO - Setting next_dagrun for example_xcom to 2021-01-01T00:00:00+00:00, run_after=2021-01-01T00:00:00+00:00
[2025-08-13T02:43:20.915+0000] {processor.py:179} INFO - Processing /home/vscode/.local/lib/python3.10/site-packages/airflow/example_dags/example_xcom.py took 0.053 seconds
[2025-08-13T02:44:06.111+0000] {processor.py:157} INFO - Started process (PID=8676) to work on /home/vscode/.local/lib/python3.10/site-packages/airflow/example_dags/example_xcom.py
[2025-08-13T02:44:06.112+0000] {processor.py:826} INFO - Processing file /home/vscode/.local/lib/python3.10/site-packages/airflow/example_dags/example_xcom.py for tasks to queue
[2025-08-13T02:44:06.113+0000] {logging_mixin.py:150} INFO - [2025-08-13T02:44:06.112+0000] {dagbag.py:541} INFO - Filling up the DagBag from /home/vscode/.local/lib/python3.10/site-packages/airflow/example_dags/example_xcom.py
[2025-08-13T02:44:06.118+0000] {processor.py:836} INFO - DAG(s) dict_keys(['example_xcom']) retrieved from /home/vscode/.local/lib/python3.10/site-packages/airflow/example_dags/example_xcom.py
[2025-08-13T02:44:06.131+0000] {logging_mixin.py:150} INFO - [2025-08-13T02:44:06.131+0000] {dag.py:2742} INFO - Sync 1 DAGs
[2025-08-13T02:44:06.145+0000] {logging_mixin.py:150} INFO - [2025-08-13T02:44:06.145+0000] {dag.py:3504} INFO - Setting next_dagrun for example_xcom to 2021-01-01T00:00:00+00:00, run_after=2021-01-01T00:00:00+00:00
[2025-08-13T02:44:06.160+0000] {processor.py:179} INFO - Processing /home/vscode/.local/lib/python3.10/site-packages/airflow/example_dags/example_xcom.py took 0.051 seconds
