[2025-08-13T15:48:54.069+0000] {processor.py:157} INFO - Started process (PID=2011) to work on /home/vscode/.local/lib/python3.10/site-packages/airflow/example_dags/example_xcomargs.py
[2025-08-13T15:48:54.070+0000] {processor.py:826} INFO - Processing file /home/vscode/.local/lib/python3.10/site-packages/airflow/example_dags/example_xcomargs.py for tasks to queue
[2025-08-13T15:48:54.070+0000] {logging_mixin.py:150} INFO - [2025-08-13T15:48:54.070+0000] {dagbag.py:541} INFO - Filling up the DagBag from /home/vscode/.local/lib/python3.10/site-packages/airflow/example_dags/example_xcomargs.py
[2025-08-13T15:48:54.080+0000] {processor.py:836} INFO - DAG(s) dict_keys(['example_xcom_args', 'example_xcom_args_with_operators']) retrieved from /home/vscode/.local/lib/python3.10/site-packages/airflow/example_dags/example_xcomargs.py
[2025-08-13T15:48:54.089+0000] {logging_mixin.py:150} INFO - [2025-08-13T15:48:54.089+0000] {dag.py:2742} INFO - Sync 2 DAGs
[2025-08-13T15:48:54.107+0000] {logging_mixin.py:150} INFO - [2025-08-13T15:48:54.107+0000] {dag.py:3504} INFO - Setting next_dagrun for example_xcom_args to None, run_after=None
[2025-08-13T15:48:54.109+0000] {logging_mixin.py:150} INFO - [2025-08-13T15:48:54.109+0000] {dag.py:3504} INFO - Setting next_dagrun for example_xcom_args_with_operators to None, run_after=None
[2025-08-13T15:48:54.123+0000] {processor.py:179} INFO - Processing /home/vscode/.local/lib/python3.10/site-packages/airflow/example_dags/example_xcomargs.py took 0.056 seconds
[2025-08-13T15:49:37.921+0000] {processor.py:157} INFO - Started process (PID=2326) to work on /home/vscode/.local/lib/python3.10/site-packages/airflow/example_dags/example_xcomargs.py
[2025-08-13T15:49:37.922+0000] {processor.py:826} INFO - Processing file /home/vscode/.local/lib/python3.10/site-packages/airflow/example_dags/example_xcomargs.py for tasks to queue
[2025-08-13T15:49:37.923+0000] {logging_mixin.py:150} INFO - [2025-08-13T15:49:37.922+0000] {dagbag.py:541} INFO - Filling up the DagBag from /home/vscode/.local/lib/python3.10/site-packages/airflow/example_dags/example_xcomargs.py
[2025-08-13T15:49:37.928+0000] {processor.py:836} INFO - DAG(s) dict_keys(['example_xcom_args_with_operators', 'example_xcom_args']) retrieved from /home/vscode/.local/lib/python3.10/site-packages/airflow/example_dags/example_xcomargs.py
[2025-08-13T15:49:37.943+0000] {logging_mixin.py:150} INFO - [2025-08-13T15:49:37.943+0000] {dag.py:2742} INFO - Sync 2 DAGs
[2025-08-13T15:49:37.957+0000] {logging_mixin.py:150} INFO - [2025-08-13T15:49:37.957+0000] {dag.py:3504} INFO - Setting next_dagrun for example_xcom_args to None, run_after=None
[2025-08-13T15:49:37.959+0000] {logging_mixin.py:150} INFO - [2025-08-13T15:49:37.959+0000] {dag.py:3504} INFO - Setting next_dagrun for example_xcom_args_with_operators to None, run_after=None
[2025-08-13T15:49:37.974+0000] {processor.py:179} INFO - Processing /home/vscode/.local/lib/python3.10/site-packages/airflow/example_dags/example_xcomargs.py took 0.055 seconds
[2025-08-13T15:50:21.973+0000] {processor.py:157} INFO - Started process (PID=2706) to work on /home/vscode/.local/lib/python3.10/site-packages/airflow/example_dags/example_xcomargs.py
[2025-08-13T15:50:21.974+0000] {processor.py:826} INFO - Processing file /home/vscode/.local/lib/python3.10/site-packages/airflow/example_dags/example_xcomargs.py for tasks to queue
[2025-08-13T15:50:21.974+0000] {logging_mixin.py:150} INFO - [2025-08-13T15:50:21.974+0000] {dagbag.py:541} INFO - Filling up the DagBag from /home/vscode/.local/lib/python3.10/site-packages/airflow/example_dags/example_xcomargs.py
[2025-08-13T15:50:21.981+0000] {processor.py:836} INFO - DAG(s) dict_keys(['example_xcom_args_with_operators', 'example_xcom_args']) retrieved from /home/vscode/.local/lib/python3.10/site-packages/airflow/example_dags/example_xcomargs.py
[2025-08-13T15:50:21.995+0000] {logging_mixin.py:150} INFO - [2025-08-13T15:50:21.995+0000] {dag.py:2742} INFO - Sync 2 DAGs
[2025-08-13T15:50:22.009+0000] {logging_mixin.py:150} INFO - [2025-08-13T15:50:22.009+0000] {dag.py:3504} INFO - Setting next_dagrun for example_xcom_args to None, run_after=None
[2025-08-13T15:50:22.011+0000] {logging_mixin.py:150} INFO - [2025-08-13T15:50:22.011+0000] {dag.py:3504} INFO - Setting next_dagrun for example_xcom_args_with_operators to None, run_after=None
[2025-08-13T15:50:22.027+0000] {processor.py:179} INFO - Processing /home/vscode/.local/lib/python3.10/site-packages/airflow/example_dags/example_xcomargs.py took 0.056 seconds
[2025-08-13T15:51:04.198+0000] {processor.py:157} INFO - Started process (PID=3093) to work on /home/vscode/.local/lib/python3.10/site-packages/airflow/example_dags/example_xcomargs.py
[2025-08-13T15:51:04.199+0000] {processor.py:826} INFO - Processing file /home/vscode/.local/lib/python3.10/site-packages/airflow/example_dags/example_xcomargs.py for tasks to queue
[2025-08-13T15:51:04.200+0000] {logging_mixin.py:150} INFO - [2025-08-13T15:51:04.199+0000] {dagbag.py:541} INFO - Filling up the DagBag from /home/vscode/.local/lib/python3.10/site-packages/airflow/example_dags/example_xcomargs.py
[2025-08-13T15:51:04.205+0000] {processor.py:836} INFO - DAG(s) dict_keys(['example_xcom_args', 'example_xcom_args_with_operators']) retrieved from /home/vscode/.local/lib/python3.10/site-packages/airflow/example_dags/example_xcomargs.py
[2025-08-13T15:51:04.219+0000] {logging_mixin.py:150} INFO - [2025-08-13T15:51:04.219+0000] {dag.py:2742} INFO - Sync 2 DAGs
[2025-08-13T15:51:04.232+0000] {logging_mixin.py:150} INFO - [2025-08-13T15:51:04.232+0000] {dag.py:3504} INFO - Setting next_dagrun for example_xcom_args to None, run_after=None
[2025-08-13T15:51:04.235+0000] {logging_mixin.py:150} INFO - [2025-08-13T15:51:04.234+0000] {dag.py:3504} INFO - Setting next_dagrun for example_xcom_args_with_operators to None, run_after=None
[2025-08-13T15:51:04.248+0000] {processor.py:179} INFO - Processing /home/vscode/.local/lib/python3.10/site-packages/airflow/example_dags/example_xcomargs.py took 0.052 seconds
[2025-08-13T15:51:48.724+0000] {processor.py:157} INFO - Started process (PID=3425) to work on /home/vscode/.local/lib/python3.10/site-packages/airflow/example_dags/example_xcomargs.py
[2025-08-13T15:51:48.725+0000] {processor.py:826} INFO - Processing file /home/vscode/.local/lib/python3.10/site-packages/airflow/example_dags/example_xcomargs.py for tasks to queue
[2025-08-13T15:51:48.726+0000] {logging_mixin.py:150} INFO - [2025-08-13T15:51:48.725+0000] {dagbag.py:541} INFO - Filling up the DagBag from /home/vscode/.local/lib/python3.10/site-packages/airflow/example_dags/example_xcomargs.py
[2025-08-13T15:51:48.732+0000] {processor.py:836} INFO - DAG(s) dict_keys(['example_xcom_args', 'example_xcom_args_with_operators']) retrieved from /home/vscode/.local/lib/python3.10/site-packages/airflow/example_dags/example_xcomargs.py
[2025-08-13T15:51:48.746+0000] {logging_mixin.py:150} INFO - [2025-08-13T15:51:48.746+0000] {dag.py:2742} INFO - Sync 2 DAGs
[2025-08-13T15:51:48.761+0000] {logging_mixin.py:150} INFO - [2025-08-13T15:51:48.761+0000] {dag.py:3504} INFO - Setting next_dagrun for example_xcom_args to None, run_after=None
[2025-08-13T15:51:48.763+0000] {logging_mixin.py:150} INFO - [2025-08-13T15:51:48.763+0000] {dag.py:3504} INFO - Setting next_dagrun for example_xcom_args_with_operators to None, run_after=None
[2025-08-13T15:51:48.777+0000] {processor.py:179} INFO - Processing /home/vscode/.local/lib/python3.10/site-packages/airflow/example_dags/example_xcomargs.py took 0.055 seconds
[2025-08-13T15:52:37.424+0000] {processor.py:157} INFO - Started process (PID=3988) to work on /home/vscode/.local/lib/python3.10/site-packages/airflow/example_dags/example_xcomargs.py
[2025-08-13T15:52:37.425+0000] {processor.py:826} INFO - Processing file /home/vscode/.local/lib/python3.10/site-packages/airflow/example_dags/example_xcomargs.py for tasks to queue
[2025-08-13T15:52:37.426+0000] {logging_mixin.py:150} INFO - [2025-08-13T15:52:37.425+0000] {dagbag.py:541} INFO - Filling up the DagBag from /home/vscode/.local/lib/python3.10/site-packages/airflow/example_dags/example_xcomargs.py
[2025-08-13T15:52:37.432+0000] {processor.py:836} INFO - DAG(s) dict_keys(['example_xcom_args_with_operators', 'example_xcom_args']) retrieved from /home/vscode/.local/lib/python3.10/site-packages/airflow/example_dags/example_xcomargs.py
[2025-08-13T15:52:37.445+0000] {logging_mixin.py:150} INFO - [2025-08-13T15:52:37.445+0000] {dag.py:2742} INFO - Sync 2 DAGs
[2025-08-13T15:52:37.459+0000] {logging_mixin.py:150} INFO - [2025-08-13T15:52:37.459+0000] {dag.py:3504} INFO - Setting next_dagrun for example_xcom_args to None, run_after=None
[2025-08-13T15:52:37.461+0000] {logging_mixin.py:150} INFO - [2025-08-13T15:52:37.461+0000] {dag.py:3504} INFO - Setting next_dagrun for example_xcom_args_with_operators to None, run_after=None
[2025-08-13T15:52:37.503+0000] {processor.py:179} INFO - Processing /home/vscode/.local/lib/python3.10/site-packages/airflow/example_dags/example_xcomargs.py took 0.081 seconds
[2025-08-13T15:53:16.081+0000] {processor.py:157} INFO - Started process (PID=4272) to work on /home/vscode/.local/lib/python3.10/site-packages/airflow/example_dags/example_xcomargs.py
[2025-08-13T15:53:16.082+0000] {processor.py:826} INFO - Processing file /home/vscode/.local/lib/python3.10/site-packages/airflow/example_dags/example_xcomargs.py for tasks to queue
[2025-08-13T15:53:16.082+0000] {logging_mixin.py:150} INFO - [2025-08-13T15:53:16.082+0000] {dagbag.py:541} INFO - Filling up the DagBag from /home/vscode/.local/lib/python3.10/site-packages/airflow/example_dags/example_xcomargs.py
[2025-08-13T15:53:16.089+0000] {processor.py:836} INFO - DAG(s) dict_keys(['example_xcom_args', 'example_xcom_args_with_operators']) retrieved from /home/vscode/.local/lib/python3.10/site-packages/airflow/example_dags/example_xcomargs.py
[2025-08-13T15:53:16.104+0000] {logging_mixin.py:150} INFO - [2025-08-13T15:53:16.104+0000] {dag.py:2742} INFO - Sync 2 DAGs
[2025-08-13T15:53:16.120+0000] {logging_mixin.py:150} INFO - [2025-08-13T15:53:16.119+0000] {dag.py:3504} INFO - Setting next_dagrun for example_xcom_args to None, run_after=None
[2025-08-13T15:53:16.122+0000] {logging_mixin.py:150} INFO - [2025-08-13T15:53:16.122+0000] {dag.py:3504} INFO - Setting next_dagrun for example_xcom_args_with_operators to None, run_after=None
[2025-08-13T15:53:16.137+0000] {processor.py:179} INFO - Processing /home/vscode/.local/lib/python3.10/site-packages/airflow/example_dags/example_xcomargs.py took 0.058 seconds
[2025-08-13T15:53:57.796+0000] {processor.py:157} INFO - Started process (PID=4571) to work on /home/vscode/.local/lib/python3.10/site-packages/airflow/example_dags/example_xcomargs.py
[2025-08-13T15:53:57.797+0000] {processor.py:826} INFO - Processing file /home/vscode/.local/lib/python3.10/site-packages/airflow/example_dags/example_xcomargs.py for tasks to queue
[2025-08-13T15:53:57.797+0000] {logging_mixin.py:150} INFO - [2025-08-13T15:53:57.797+0000] {dagbag.py:541} INFO - Filling up the DagBag from /home/vscode/.local/lib/python3.10/site-packages/airflow/example_dags/example_xcomargs.py
[2025-08-13T15:53:57.804+0000] {processor.py:836} INFO - DAG(s) dict_keys(['example_xcom_args', 'example_xcom_args_with_operators']) retrieved from /home/vscode/.local/lib/python3.10/site-packages/airflow/example_dags/example_xcomargs.py
[2025-08-13T15:53:57.818+0000] {logging_mixin.py:150} INFO - [2025-08-13T15:53:57.818+0000] {dag.py:2742} INFO - Sync 2 DAGs
[2025-08-13T15:53:57.832+0000] {logging_mixin.py:150} INFO - [2025-08-13T15:53:57.832+0000] {dag.py:3504} INFO - Setting next_dagrun for example_xcom_args to None, run_after=None
[2025-08-13T15:53:57.834+0000] {logging_mixin.py:150} INFO - [2025-08-13T15:53:57.834+0000] {dag.py:3504} INFO - Setting next_dagrun for example_xcom_args_with_operators to None, run_after=None
[2025-08-13T15:53:57.847+0000] {processor.py:179} INFO - Processing /home/vscode/.local/lib/python3.10/site-packages/airflow/example_dags/example_xcomargs.py took 0.054 seconds
[2025-08-13T15:54:39.487+0000] {processor.py:157} INFO - Started process (PID=4870) to work on /home/vscode/.local/lib/python3.10/site-packages/airflow/example_dags/example_xcomargs.py
[2025-08-13T15:54:39.488+0000] {processor.py:826} INFO - Processing file /home/vscode/.local/lib/python3.10/site-packages/airflow/example_dags/example_xcomargs.py for tasks to queue
[2025-08-13T15:54:39.488+0000] {logging_mixin.py:150} INFO - [2025-08-13T15:54:39.488+0000] {dagbag.py:541} INFO - Filling up the DagBag from /home/vscode/.local/lib/python3.10/site-packages/airflow/example_dags/example_xcomargs.py
[2025-08-13T15:54:39.494+0000] {processor.py:836} INFO - DAG(s) dict_keys(['example_xcom_args_with_operators', 'example_xcom_args']) retrieved from /home/vscode/.local/lib/python3.10/site-packages/airflow/example_dags/example_xcomargs.py
[2025-08-13T15:54:39.508+0000] {logging_mixin.py:150} INFO - [2025-08-13T15:54:39.508+0000] {dag.py:2742} INFO - Sync 2 DAGs
[2025-08-13T15:54:39.523+0000] {logging_mixin.py:150} INFO - [2025-08-13T15:54:39.523+0000] {dag.py:3504} INFO - Setting next_dagrun for example_xcom_args to None, run_after=None
[2025-08-13T15:54:39.525+0000] {logging_mixin.py:150} INFO - [2025-08-13T15:54:39.525+0000] {dag.py:3504} INFO - Setting next_dagrun for example_xcom_args_with_operators to None, run_after=None
[2025-08-13T15:54:39.539+0000] {processor.py:179} INFO - Processing /home/vscode/.local/lib/python3.10/site-packages/airflow/example_dags/example_xcomargs.py took 0.054 seconds
[2025-08-13T15:55:16.628+0000] {processor.py:157} INFO - Started process (PID=5134) to work on /home/vscode/.local/lib/python3.10/site-packages/airflow/example_dags/example_xcomargs.py
[2025-08-13T15:55:16.629+0000] {processor.py:826} INFO - Processing file /home/vscode/.local/lib/python3.10/site-packages/airflow/example_dags/example_xcomargs.py for tasks to queue
[2025-08-13T15:55:16.629+0000] {logging_mixin.py:150} INFO - [2025-08-13T15:55:16.629+0000] {dagbag.py:541} INFO - Filling up the DagBag from /home/vscode/.local/lib/python3.10/site-packages/airflow/example_dags/example_xcomargs.py
[2025-08-13T15:55:16.636+0000] {processor.py:836} INFO - DAG(s) dict_keys(['example_xcom_args_with_operators', 'example_xcom_args']) retrieved from /home/vscode/.local/lib/python3.10/site-packages/airflow/example_dags/example_xcomargs.py
[2025-08-13T15:55:16.650+0000] {logging_mixin.py:150} INFO - [2025-08-13T15:55:16.650+0000] {dag.py:2742} INFO - Sync 2 DAGs
[2025-08-13T15:55:16.664+0000] {logging_mixin.py:150} INFO - [2025-08-13T15:55:16.664+0000] {dag.py:3504} INFO - Setting next_dagrun for example_xcom_args to None, run_after=None
[2025-08-13T15:55:16.666+0000] {logging_mixin.py:150} INFO - [2025-08-13T15:55:16.666+0000] {dag.py:3504} INFO - Setting next_dagrun for example_xcom_args_with_operators to None, run_after=None
[2025-08-13T15:55:16.680+0000] {processor.py:179} INFO - Processing /home/vscode/.local/lib/python3.10/site-packages/airflow/example_dags/example_xcomargs.py took 0.054 seconds
[2025-08-13T15:55:57.694+0000] {processor.py:157} INFO - Started process (PID=5478) to work on /home/vscode/.local/lib/python3.10/site-packages/airflow/example_dags/example_xcomargs.py
[2025-08-13T15:55:57.694+0000] {processor.py:826} INFO - Processing file /home/vscode/.local/lib/python3.10/site-packages/airflow/example_dags/example_xcomargs.py for tasks to queue
[2025-08-13T15:55:57.695+0000] {logging_mixin.py:150} INFO - [2025-08-13T15:55:57.695+0000] {dagbag.py:541} INFO - Filling up the DagBag from /home/vscode/.local/lib/python3.10/site-packages/airflow/example_dags/example_xcomargs.py
[2025-08-13T15:55:57.701+0000] {processor.py:836} INFO - DAG(s) dict_keys(['example_xcom_args_with_operators', 'example_xcom_args']) retrieved from /home/vscode/.local/lib/python3.10/site-packages/airflow/example_dags/example_xcomargs.py
[2025-08-13T15:55:57.717+0000] {logging_mixin.py:150} INFO - [2025-08-13T15:55:57.717+0000] {dag.py:2742} INFO - Sync 2 DAGs
[2025-08-13T15:55:57.732+0000] {logging_mixin.py:150} INFO - [2025-08-13T15:55:57.732+0000] {dag.py:3504} INFO - Setting next_dagrun for example_xcom_args to None, run_after=None
[2025-08-13T15:55:57.734+0000] {logging_mixin.py:150} INFO - [2025-08-13T15:55:57.734+0000] {dag.py:3504} INFO - Setting next_dagrun for example_xcom_args_with_operators to None, run_after=None
[2025-08-13T15:55:57.748+0000] {processor.py:179} INFO - Processing /home/vscode/.local/lib/python3.10/site-packages/airflow/example_dags/example_xcomargs.py took 0.057 seconds
[2025-08-13T15:56:46.513+0000] {processor.py:157} INFO - Started process (PID=5957) to work on /home/vscode/.local/lib/python3.10/site-packages/airflow/example_dags/example_xcomargs.py
[2025-08-13T15:56:46.514+0000] {processor.py:826} INFO - Processing file /home/vscode/.local/lib/python3.10/site-packages/airflow/example_dags/example_xcomargs.py for tasks to queue
[2025-08-13T15:56:46.515+0000] {logging_mixin.py:150} INFO - [2025-08-13T15:56:46.515+0000] {dagbag.py:541} INFO - Filling up the DagBag from /home/vscode/.local/lib/python3.10/site-packages/airflow/example_dags/example_xcomargs.py
[2025-08-13T15:56:46.521+0000] {processor.py:836} INFO - DAG(s) dict_keys(['example_xcom_args', 'example_xcom_args_with_operators']) retrieved from /home/vscode/.local/lib/python3.10/site-packages/airflow/example_dags/example_xcomargs.py
[2025-08-13T15:56:46.534+0000] {logging_mixin.py:150} INFO - [2025-08-13T15:56:46.534+0000] {dag.py:2742} INFO - Sync 2 DAGs
[2025-08-13T15:56:46.548+0000] {logging_mixin.py:150} INFO - [2025-08-13T15:56:46.548+0000] {dag.py:3504} INFO - Setting next_dagrun for example_xcom_args to None, run_after=None
[2025-08-13T15:56:46.550+0000] {logging_mixin.py:150} INFO - [2025-08-13T15:56:46.550+0000] {dag.py:3504} INFO - Setting next_dagrun for example_xcom_args_with_operators to None, run_after=None
[2025-08-13T15:56:46.564+0000] {processor.py:179} INFO - Processing /home/vscode/.local/lib/python3.10/site-packages/airflow/example_dags/example_xcomargs.py took 0.052 seconds
[2025-08-13T15:57:29.597+0000] {processor.py:157} INFO - Started process (PID=6271) to work on /home/vscode/.local/lib/python3.10/site-packages/airflow/example_dags/example_xcomargs.py
[2025-08-13T15:57:29.598+0000] {processor.py:826} INFO - Processing file /home/vscode/.local/lib/python3.10/site-packages/airflow/example_dags/example_xcomargs.py for tasks to queue
[2025-08-13T15:57:29.599+0000] {logging_mixin.py:150} INFO - [2025-08-13T15:57:29.598+0000] {dagbag.py:541} INFO - Filling up the DagBag from /home/vscode/.local/lib/python3.10/site-packages/airflow/example_dags/example_xcomargs.py
[2025-08-13T15:57:29.605+0000] {processor.py:836} INFO - DAG(s) dict_keys(['example_xcom_args', 'example_xcom_args_with_operators']) retrieved from /home/vscode/.local/lib/python3.10/site-packages/airflow/example_dags/example_xcomargs.py
[2025-08-13T15:57:29.618+0000] {logging_mixin.py:150} INFO - [2025-08-13T15:57:29.618+0000] {dag.py:2742} INFO - Sync 2 DAGs
[2025-08-13T15:57:29.633+0000] {logging_mixin.py:150} INFO - [2025-08-13T15:57:29.633+0000] {dag.py:3504} INFO - Setting next_dagrun for example_xcom_args to None, run_after=None
[2025-08-13T15:57:29.635+0000] {logging_mixin.py:150} INFO - [2025-08-13T15:57:29.635+0000] {dag.py:3504} INFO - Setting next_dagrun for example_xcom_args_with_operators to None, run_after=None
[2025-08-13T15:57:29.649+0000] {processor.py:179} INFO - Processing /home/vscode/.local/lib/python3.10/site-packages/airflow/example_dags/example_xcomargs.py took 0.054 seconds
[2025-08-13T15:58:15.001+0000] {processor.py:157} INFO - Started process (PID=6572) to work on /home/vscode/.local/lib/python3.10/site-packages/airflow/example_dags/example_xcomargs.py
[2025-08-13T15:58:15.001+0000] {processor.py:826} INFO - Processing file /home/vscode/.local/lib/python3.10/site-packages/airflow/example_dags/example_xcomargs.py for tasks to queue
[2025-08-13T15:58:15.002+0000] {logging_mixin.py:150} INFO - [2025-08-13T15:58:15.002+0000] {dagbag.py:541} INFO - Filling up the DagBag from /home/vscode/.local/lib/python3.10/site-packages/airflow/example_dags/example_xcomargs.py
[2025-08-13T15:58:15.008+0000] {processor.py:836} INFO - DAG(s) dict_keys(['example_xcom_args_with_operators', 'example_xcom_args']) retrieved from /home/vscode/.local/lib/python3.10/site-packages/airflow/example_dags/example_xcomargs.py
[2025-08-13T15:58:15.022+0000] {logging_mixin.py:150} INFO - [2025-08-13T15:58:15.022+0000] {dag.py:2742} INFO - Sync 2 DAGs
[2025-08-13T15:58:15.037+0000] {logging_mixin.py:150} INFO - [2025-08-13T15:58:15.036+0000] {dag.py:3504} INFO - Setting next_dagrun for example_xcom_args to None, run_after=None
[2025-08-13T15:58:15.039+0000] {logging_mixin.py:150} INFO - [2025-08-13T15:58:15.039+0000] {dag.py:3504} INFO - Setting next_dagrun for example_xcom_args_with_operators to None, run_after=None
[2025-08-13T15:58:15.052+0000] {processor.py:179} INFO - Processing /home/vscode/.local/lib/python3.10/site-packages/airflow/example_dags/example_xcomargs.py took 0.053 seconds
[2025-08-13T15:58:55.981+0000] {processor.py:157} INFO - Started process (PID=6845) to work on /home/vscode/.local/lib/python3.10/site-packages/airflow/example_dags/example_xcomargs.py
[2025-08-13T15:58:55.982+0000] {processor.py:826} INFO - Processing file /home/vscode/.local/lib/python3.10/site-packages/airflow/example_dags/example_xcomargs.py for tasks to queue
[2025-08-13T15:58:55.982+0000] {logging_mixin.py:150} INFO - [2025-08-13T15:58:55.982+0000] {dagbag.py:541} INFO - Filling up the DagBag from /home/vscode/.local/lib/python3.10/site-packages/airflow/example_dags/example_xcomargs.py
[2025-08-13T15:58:55.989+0000] {processor.py:836} INFO - DAG(s) dict_keys(['example_xcom_args_with_operators', 'example_xcom_args']) retrieved from /home/vscode/.local/lib/python3.10/site-packages/airflow/example_dags/example_xcomargs.py
[2025-08-13T15:58:56.004+0000] {logging_mixin.py:150} INFO - [2025-08-13T15:58:56.003+0000] {dag.py:2742} INFO - Sync 2 DAGs
[2025-08-13T15:58:56.019+0000] {logging_mixin.py:150} INFO - [2025-08-13T15:58:56.019+0000] {dag.py:3504} INFO - Setting next_dagrun for example_xcom_args to None, run_after=None
[2025-08-13T15:58:56.022+0000] {logging_mixin.py:150} INFO - [2025-08-13T15:58:56.021+0000] {dag.py:3504} INFO - Setting next_dagrun for example_xcom_args_with_operators to None, run_after=None
[2025-08-13T15:58:56.036+0000] {processor.py:179} INFO - Processing /home/vscode/.local/lib/python3.10/site-packages/airflow/example_dags/example_xcomargs.py took 0.058 seconds
[2025-08-13T15:59:43.115+0000] {processor.py:157} INFO - Started process (PID=7169) to work on /home/vscode/.local/lib/python3.10/site-packages/airflow/example_dags/example_xcomargs.py
[2025-08-13T15:59:43.116+0000] {processor.py:826} INFO - Processing file /home/vscode/.local/lib/python3.10/site-packages/airflow/example_dags/example_xcomargs.py for tasks to queue
[2025-08-13T15:59:43.117+0000] {logging_mixin.py:150} INFO - [2025-08-13T15:59:43.116+0000] {dagbag.py:541} INFO - Filling up the DagBag from /home/vscode/.local/lib/python3.10/site-packages/airflow/example_dags/example_xcomargs.py
[2025-08-13T15:59:43.123+0000] {processor.py:836} INFO - DAG(s) dict_keys(['example_xcom_args_with_operators', 'example_xcom_args']) retrieved from /home/vscode/.local/lib/python3.10/site-packages/airflow/example_dags/example_xcomargs.py
[2025-08-13T15:59:43.138+0000] {logging_mixin.py:150} INFO - [2025-08-13T15:59:43.138+0000] {dag.py:2742} INFO - Sync 2 DAGs
[2025-08-13T15:59:43.152+0000] {logging_mixin.py:150} INFO - [2025-08-13T15:59:43.152+0000] {dag.py:3504} INFO - Setting next_dagrun for example_xcom_args to None, run_after=None
[2025-08-13T15:59:43.154+0000] {logging_mixin.py:150} INFO - [2025-08-13T15:59:43.154+0000] {dag.py:3504} INFO - Setting next_dagrun for example_xcom_args_with_operators to None, run_after=None
[2025-08-13T15:59:43.169+0000] {processor.py:179} INFO - Processing /home/vscode/.local/lib/python3.10/site-packages/airflow/example_dags/example_xcomargs.py took 0.056 seconds
[2025-08-13T16:00:25.065+0000] {processor.py:157} INFO - Started process (PID=7492) to work on /home/vscode/.local/lib/python3.10/site-packages/airflow/example_dags/example_xcomargs.py
[2025-08-13T16:00:25.066+0000] {processor.py:826} INFO - Processing file /home/vscode/.local/lib/python3.10/site-packages/airflow/example_dags/example_xcomargs.py for tasks to queue
[2025-08-13T16:00:25.067+0000] {logging_mixin.py:150} INFO - [2025-08-13T16:00:25.066+0000] {dagbag.py:541} INFO - Filling up the DagBag from /home/vscode/.local/lib/python3.10/site-packages/airflow/example_dags/example_xcomargs.py
[2025-08-13T16:00:25.073+0000] {processor.py:836} INFO - DAG(s) dict_keys(['example_xcom_args', 'example_xcom_args_with_operators']) retrieved from /home/vscode/.local/lib/python3.10/site-packages/airflow/example_dags/example_xcomargs.py
[2025-08-13T16:00:25.088+0000] {logging_mixin.py:150} INFO - [2025-08-13T16:00:25.088+0000] {dag.py:2742} INFO - Sync 2 DAGs
[2025-08-13T16:00:25.104+0000] {logging_mixin.py:150} INFO - [2025-08-13T16:00:25.103+0000] {dag.py:3504} INFO - Setting next_dagrun for example_xcom_args to None, run_after=None
[2025-08-13T16:00:25.106+0000] {logging_mixin.py:150} INFO - [2025-08-13T16:00:25.106+0000] {dag.py:3504} INFO - Setting next_dagrun for example_xcom_args_with_operators to None, run_after=None
[2025-08-13T16:00:25.121+0000] {processor.py:179} INFO - Processing /home/vscode/.local/lib/python3.10/site-packages/airflow/example_dags/example_xcomargs.py took 0.059 seconds
[2025-08-13T16:01:25.190+0000] {processor.py:157} INFO - Started process (PID=8140) to work on /home/vscode/.local/lib/python3.10/site-packages/airflow/example_dags/example_xcomargs.py
[2025-08-13T16:01:25.191+0000] {processor.py:826} INFO - Processing file /home/vscode/.local/lib/python3.10/site-packages/airflow/example_dags/example_xcomargs.py for tasks to queue
[2025-08-13T16:01:25.192+0000] {logging_mixin.py:150} INFO - [2025-08-13T16:01:25.191+0000] {dagbag.py:541} INFO - Filling up the DagBag from /home/vscode/.local/lib/python3.10/site-packages/airflow/example_dags/example_xcomargs.py
[2025-08-13T16:01:25.199+0000] {processor.py:836} INFO - DAG(s) dict_keys(['example_xcom_args_with_operators', 'example_xcom_args']) retrieved from /home/vscode/.local/lib/python3.10/site-packages/airflow/example_dags/example_xcomargs.py
[2025-08-13T16:01:25.213+0000] {logging_mixin.py:150} INFO - [2025-08-13T16:01:25.213+0000] {dag.py:2742} INFO - Sync 2 DAGs
[2025-08-13T16:01:25.229+0000] {logging_mixin.py:150} INFO - [2025-08-13T16:01:25.228+0000] {dag.py:3504} INFO - Setting next_dagrun for example_xcom_args to None, run_after=None
[2025-08-13T16:01:25.231+0000] {logging_mixin.py:150} INFO - [2025-08-13T16:01:25.231+0000] {dag.py:3504} INFO - Setting next_dagrun for example_xcom_args_with_operators to None, run_after=None
[2025-08-13T16:01:25.245+0000] {processor.py:179} INFO - Processing /home/vscode/.local/lib/python3.10/site-packages/airflow/example_dags/example_xcomargs.py took 0.057 seconds
[2025-08-13T16:02:07.794+0000] {processor.py:157} INFO - Started process (PID=8512) to work on /home/vscode/.local/lib/python3.10/site-packages/airflow/example_dags/example_xcomargs.py
[2025-08-13T16:02:07.795+0000] {processor.py:826} INFO - Processing file /home/vscode/.local/lib/python3.10/site-packages/airflow/example_dags/example_xcomargs.py for tasks to queue
[2025-08-13T16:02:07.795+0000] {logging_mixin.py:150} INFO - [2025-08-13T16:02:07.795+0000] {dagbag.py:541} INFO - Filling up the DagBag from /home/vscode/.local/lib/python3.10/site-packages/airflow/example_dags/example_xcomargs.py
[2025-08-13T16:02:07.801+0000] {processor.py:836} INFO - DAG(s) dict_keys(['example_xcom_args_with_operators', 'example_xcom_args']) retrieved from /home/vscode/.local/lib/python3.10/site-packages/airflow/example_dags/example_xcomargs.py
[2025-08-13T16:02:07.814+0000] {logging_mixin.py:150} INFO - [2025-08-13T16:02:07.814+0000] {dag.py:2742} INFO - Sync 2 DAGs
[2025-08-13T16:02:07.828+0000] {logging_mixin.py:150} INFO - [2025-08-13T16:02:07.828+0000] {dag.py:3504} INFO - Setting next_dagrun for example_xcom_args to None, run_after=None
[2025-08-13T16:02:07.830+0000] {logging_mixin.py:150} INFO - [2025-08-13T16:02:07.830+0000] {dag.py:3504} INFO - Setting next_dagrun for example_xcom_args_with_operators to None, run_after=None
[2025-08-13T16:02:07.844+0000] {processor.py:179} INFO - Processing /home/vscode/.local/lib/python3.10/site-packages/airflow/example_dags/example_xcomargs.py took 0.052 seconds
[2025-08-13T16:02:51.335+0000] {processor.py:157} INFO - Started process (PID=8810) to work on /home/vscode/.local/lib/python3.10/site-packages/airflow/example_dags/example_xcomargs.py
[2025-08-13T16:02:51.336+0000] {processor.py:826} INFO - Processing file /home/vscode/.local/lib/python3.10/site-packages/airflow/example_dags/example_xcomargs.py for tasks to queue
[2025-08-13T16:02:51.336+0000] {logging_mixin.py:150} INFO - [2025-08-13T16:02:51.336+0000] {dagbag.py:541} INFO - Filling up the DagBag from /home/vscode/.local/lib/python3.10/site-packages/airflow/example_dags/example_xcomargs.py
[2025-08-13T16:02:51.343+0000] {processor.py:836} INFO - DAG(s) dict_keys(['example_xcom_args_with_operators', 'example_xcom_args']) retrieved from /home/vscode/.local/lib/python3.10/site-packages/airflow/example_dags/example_xcomargs.py
[2025-08-13T16:02:51.356+0000] {logging_mixin.py:150} INFO - [2025-08-13T16:02:51.356+0000] {dag.py:2742} INFO - Sync 2 DAGs
[2025-08-13T16:02:51.371+0000] {logging_mixin.py:150} INFO - [2025-08-13T16:02:51.371+0000] {dag.py:3504} INFO - Setting next_dagrun for example_xcom_args to None, run_after=None
[2025-08-13T16:02:51.373+0000] {logging_mixin.py:150} INFO - [2025-08-13T16:02:51.373+0000] {dag.py:3504} INFO - Setting next_dagrun for example_xcom_args_with_operators to None, run_after=None
[2025-08-13T16:02:51.387+0000] {processor.py:179} INFO - Processing /home/vscode/.local/lib/python3.10/site-packages/airflow/example_dags/example_xcomargs.py took 0.054 seconds
[2025-08-13T16:03:35.125+0000] {processor.py:157} INFO - Started process (PID=9112) to work on /home/vscode/.local/lib/python3.10/site-packages/airflow/example_dags/example_xcomargs.py
[2025-08-13T16:03:35.125+0000] {processor.py:826} INFO - Processing file /home/vscode/.local/lib/python3.10/site-packages/airflow/example_dags/example_xcomargs.py for tasks to queue
[2025-08-13T16:03:35.126+0000] {logging_mixin.py:150} INFO - [2025-08-13T16:03:35.126+0000] {dagbag.py:541} INFO - Filling up the DagBag from /home/vscode/.local/lib/python3.10/site-packages/airflow/example_dags/example_xcomargs.py
[2025-08-13T16:03:35.132+0000] {processor.py:836} INFO - DAG(s) dict_keys(['example_xcom_args', 'example_xcom_args_with_operators']) retrieved from /home/vscode/.local/lib/python3.10/site-packages/airflow/example_dags/example_xcomargs.py
[2025-08-13T16:03:35.147+0000] {logging_mixin.py:150} INFO - [2025-08-13T16:03:35.147+0000] {dag.py:2742} INFO - Sync 2 DAGs
[2025-08-13T16:03:35.161+0000] {logging_mixin.py:150} INFO - [2025-08-13T16:03:35.161+0000] {dag.py:3504} INFO - Setting next_dagrun for example_xcom_args to None, run_after=None
[2025-08-13T16:03:35.163+0000] {logging_mixin.py:150} INFO - [2025-08-13T16:03:35.163+0000] {dag.py:3504} INFO - Setting next_dagrun for example_xcom_args_with_operators to None, run_after=None
[2025-08-13T16:03:35.178+0000] {processor.py:179} INFO - Processing /home/vscode/.local/lib/python3.10/site-packages/airflow/example_dags/example_xcomargs.py took 0.056 seconds
[2025-08-13T16:04:18.571+0000] {processor.py:157} INFO - Started process (PID=9425) to work on /home/vscode/.local/lib/python3.10/site-packages/airflow/example_dags/example_xcomargs.py
[2025-08-13T16:04:18.571+0000] {processor.py:826} INFO - Processing file /home/vscode/.local/lib/python3.10/site-packages/airflow/example_dags/example_xcomargs.py for tasks to queue
[2025-08-13T16:04:18.572+0000] {logging_mixin.py:150} INFO - [2025-08-13T16:04:18.572+0000] {dagbag.py:541} INFO - Filling up the DagBag from /home/vscode/.local/lib/python3.10/site-packages/airflow/example_dags/example_xcomargs.py
[2025-08-13T16:04:18.578+0000] {processor.py:836} INFO - DAG(s) dict_keys(['example_xcom_args', 'example_xcom_args_with_operators']) retrieved from /home/vscode/.local/lib/python3.10/site-packages/airflow/example_dags/example_xcomargs.py
[2025-08-13T16:04:18.591+0000] {logging_mixin.py:150} INFO - [2025-08-13T16:04:18.591+0000] {dag.py:2742} INFO - Sync 2 DAGs
[2025-08-13T16:04:18.605+0000] {logging_mixin.py:150} INFO - [2025-08-13T16:04:18.605+0000] {dag.py:3504} INFO - Setting next_dagrun for example_xcom_args to None, run_after=None
[2025-08-13T16:04:18.607+0000] {logging_mixin.py:150} INFO - [2025-08-13T16:04:18.607+0000] {dag.py:3504} INFO - Setting next_dagrun for example_xcom_args_with_operators to None, run_after=None
[2025-08-13T16:04:18.621+0000] {processor.py:179} INFO - Processing /home/vscode/.local/lib/python3.10/site-packages/airflow/example_dags/example_xcomargs.py took 0.052 seconds
[2025-08-13T16:05:02.560+0000] {processor.py:157} INFO - Started process (PID=9732) to work on /home/vscode/.local/lib/python3.10/site-packages/airflow/example_dags/example_xcomargs.py
[2025-08-13T16:05:02.561+0000] {processor.py:826} INFO - Processing file /home/vscode/.local/lib/python3.10/site-packages/airflow/example_dags/example_xcomargs.py for tasks to queue
[2025-08-13T16:05:02.561+0000] {logging_mixin.py:150} INFO - [2025-08-13T16:05:02.561+0000] {dagbag.py:541} INFO - Filling up the DagBag from /home/vscode/.local/lib/python3.10/site-packages/airflow/example_dags/example_xcomargs.py
[2025-08-13T16:05:02.567+0000] {processor.py:836} INFO - DAG(s) dict_keys(['example_xcom_args', 'example_xcom_args_with_operators']) retrieved from /home/vscode/.local/lib/python3.10/site-packages/airflow/example_dags/example_xcomargs.py
[2025-08-13T16:05:02.581+0000] {logging_mixin.py:150} INFO - [2025-08-13T16:05:02.581+0000] {dag.py:2742} INFO - Sync 2 DAGs
[2025-08-13T16:05:02.595+0000] {logging_mixin.py:150} INFO - [2025-08-13T16:05:02.595+0000] {dag.py:3504} INFO - Setting next_dagrun for example_xcom_args to None, run_after=None
[2025-08-13T16:05:02.597+0000] {logging_mixin.py:150} INFO - [2025-08-13T16:05:02.597+0000] {dag.py:3504} INFO - Setting next_dagrun for example_xcom_args_with_operators to None, run_after=None
[2025-08-13T16:05:02.612+0000] {processor.py:179} INFO - Processing /home/vscode/.local/lib/python3.10/site-packages/airflow/example_dags/example_xcomargs.py took 0.054 seconds
[2025-08-13T16:05:51.024+0000] {processor.py:157} INFO - Started process (PID=10140) to work on /home/vscode/.local/lib/python3.10/site-packages/airflow/example_dags/example_xcomargs.py
[2025-08-13T16:05:51.024+0000] {processor.py:826} INFO - Processing file /home/vscode/.local/lib/python3.10/site-packages/airflow/example_dags/example_xcomargs.py for tasks to queue
[2025-08-13T16:05:51.025+0000] {logging_mixin.py:150} INFO - [2025-08-13T16:05:51.025+0000] {dagbag.py:541} INFO - Filling up the DagBag from /home/vscode/.local/lib/python3.10/site-packages/airflow/example_dags/example_xcomargs.py
[2025-08-13T16:05:51.031+0000] {processor.py:836} INFO - DAG(s) dict_keys(['example_xcom_args', 'example_xcom_args_with_operators']) retrieved from /home/vscode/.local/lib/python3.10/site-packages/airflow/example_dags/example_xcomargs.py
[2025-08-13T16:05:51.046+0000] {logging_mixin.py:150} INFO - [2025-08-13T16:05:51.045+0000] {dag.py:2742} INFO - Sync 2 DAGs
[2025-08-13T16:05:51.060+0000] {logging_mixin.py:150} INFO - [2025-08-13T16:05:51.060+0000] {dag.py:3504} INFO - Setting next_dagrun for example_xcom_args to None, run_after=None
[2025-08-13T16:05:51.062+0000] {logging_mixin.py:150} INFO - [2025-08-13T16:05:51.062+0000] {dag.py:3504} INFO - Setting next_dagrun for example_xcom_args_with_operators to None, run_after=None
[2025-08-13T16:05:51.078+0000] {processor.py:179} INFO - Processing /home/vscode/.local/lib/python3.10/site-packages/airflow/example_dags/example_xcomargs.py took 0.056 seconds
[2025-08-13T16:06:35.718+0000] {processor.py:157} INFO - Started process (PID=10436) to work on /home/vscode/.local/lib/python3.10/site-packages/airflow/example_dags/example_xcomargs.py
[2025-08-13T16:06:35.719+0000] {processor.py:826} INFO - Processing file /home/vscode/.local/lib/python3.10/site-packages/airflow/example_dags/example_xcomargs.py for tasks to queue
[2025-08-13T16:06:35.720+0000] {logging_mixin.py:150} INFO - [2025-08-13T16:06:35.719+0000] {dagbag.py:541} INFO - Filling up the DagBag from /home/vscode/.local/lib/python3.10/site-packages/airflow/example_dags/example_xcomargs.py
[2025-08-13T16:06:35.726+0000] {processor.py:836} INFO - DAG(s) dict_keys(['example_xcom_args_with_operators', 'example_xcom_args']) retrieved from /home/vscode/.local/lib/python3.10/site-packages/airflow/example_dags/example_xcomargs.py
[2025-08-13T16:06:35.739+0000] {logging_mixin.py:150} INFO - [2025-08-13T16:06:35.739+0000] {dag.py:2742} INFO - Sync 2 DAGs
[2025-08-13T16:06:35.753+0000] {logging_mixin.py:150} INFO - [2025-08-13T16:06:35.753+0000] {dag.py:3504} INFO - Setting next_dagrun for example_xcom_args to None, run_after=None
[2025-08-13T16:06:35.755+0000] {logging_mixin.py:150} INFO - [2025-08-13T16:06:35.755+0000] {dag.py:3504} INFO - Setting next_dagrun for example_xcom_args_with_operators to None, run_after=None
[2025-08-13T16:06:35.770+0000] {processor.py:179} INFO - Processing /home/vscode/.local/lib/python3.10/site-packages/airflow/example_dags/example_xcomargs.py took 0.054 seconds
[2025-08-13T16:07:21.349+0000] {processor.py:157} INFO - Started process (PID=10739) to work on /home/vscode/.local/lib/python3.10/site-packages/airflow/example_dags/example_xcomargs.py
[2025-08-13T16:07:21.350+0000] {processor.py:826} INFO - Processing file /home/vscode/.local/lib/python3.10/site-packages/airflow/example_dags/example_xcomargs.py for tasks to queue
[2025-08-13T16:07:21.351+0000] {logging_mixin.py:150} INFO - [2025-08-13T16:07:21.350+0000] {dagbag.py:541} INFO - Filling up the DagBag from /home/vscode/.local/lib/python3.10/site-packages/airflow/example_dags/example_xcomargs.py
[2025-08-13T16:07:21.357+0000] {processor.py:836} INFO - DAG(s) dict_keys(['example_xcom_args_with_operators', 'example_xcom_args']) retrieved from /home/vscode/.local/lib/python3.10/site-packages/airflow/example_dags/example_xcomargs.py
[2025-08-13T16:07:21.371+0000] {logging_mixin.py:150} INFO - [2025-08-13T16:07:21.371+0000] {dag.py:2742} INFO - Sync 2 DAGs
[2025-08-13T16:07:21.385+0000] {logging_mixin.py:150} INFO - [2025-08-13T16:07:21.385+0000] {dag.py:3504} INFO - Setting next_dagrun for example_xcom_args to None, run_after=None
[2025-08-13T16:07:21.387+0000] {logging_mixin.py:150} INFO - [2025-08-13T16:07:21.387+0000] {dag.py:3504} INFO - Setting next_dagrun for example_xcom_args_with_operators to None, run_after=None
[2025-08-13T16:07:21.401+0000] {processor.py:179} INFO - Processing /home/vscode/.local/lib/python3.10/site-packages/airflow/example_dags/example_xcomargs.py took 0.054 seconds
