[2025-08-13T15:49:12.216+0000] {processor.py:157} INFO - Started process (PID=2143) to work on /home/vscode/.local/lib/python3.10/site-packages/airflow/example_dags/example_nested_branch_dag.py
[2025-08-13T15:49:12.217+0000] {processor.py:826} INFO - Processing file /home/vscode/.local/lib/python3.10/site-packages/airflow/example_dags/example_nested_branch_dag.py for tasks to queue
[2025-08-13T15:49:12.218+0000] {logging_mixin.py:150} INFO - [2025-08-13T15:49:12.217+0000] {dagbag.py:541} INFO - Filling up the DagBag from /home/vscode/.local/lib/python3.10/site-packages/airflow/example_dags/example_nested_branch_dag.py
[2025-08-13T15:49:12.226+0000] {processor.py:836} INFO - DAG(s) dict_keys(['example_nested_branch_dag']) retrieved from /home/vscode/.local/lib/python3.10/site-packages/airflow/example_dags/example_nested_branch_dag.py
[2025-08-13T15:49:12.232+0000] {logging_mixin.py:150} INFO - [2025-08-13T15:49:12.231+0000] {dag.py:2742} INFO - Sync 1 DAGs
[2025-08-13T15:49:12.248+0000] {logging_mixin.py:150} INFO - [2025-08-13T15:49:12.248+0000] {dag.py:3504} INFO - Setting next_dagrun for example_nested_branch_dag to 2025-08-12T00:00:00+00:00, run_after=2025-08-13T00:00:00+00:00
[2025-08-13T15:49:12.265+0000] {processor.py:179} INFO - Processing /home/vscode/.local/lib/python3.10/site-packages/airflow/example_dags/example_nested_branch_dag.py took 0.052 seconds
[2025-08-13T15:49:54.582+0000] {processor.py:157} INFO - Started process (PID=2450) to work on /home/vscode/.local/lib/python3.10/site-packages/airflow/example_dags/example_nested_branch_dag.py
[2025-08-13T15:49:54.582+0000] {processor.py:826} INFO - Processing file /home/vscode/.local/lib/python3.10/site-packages/airflow/example_dags/example_nested_branch_dag.py for tasks to queue
[2025-08-13T15:49:54.583+0000] {logging_mixin.py:150} INFO - [2025-08-13T15:49:54.583+0000] {dagbag.py:541} INFO - Filling up the DagBag from /home/vscode/.local/lib/python3.10/site-packages/airflow/example_dags/example_nested_branch_dag.py
[2025-08-13T15:49:54.591+0000] {processor.py:836} INFO - DAG(s) dict_keys(['example_nested_branch_dag']) retrieved from /home/vscode/.local/lib/python3.10/site-packages/airflow/example_dags/example_nested_branch_dag.py
[2025-08-13T15:49:54.604+0000] {logging_mixin.py:150} INFO - [2025-08-13T15:49:54.604+0000] {dag.py:2742} INFO - Sync 1 DAGs
[2025-08-13T15:49:54.623+0000] {logging_mixin.py:150} INFO - [2025-08-13T15:49:54.623+0000] {dag.py:3504} INFO - Setting next_dagrun for example_nested_branch_dag to 2025-08-12T00:00:00+00:00, run_after=2025-08-13T00:00:00+00:00
[2025-08-13T15:49:54.646+0000] {processor.py:179} INFO - Processing /home/vscode/.local/lib/python3.10/site-packages/airflow/example_dags/example_nested_branch_dag.py took 0.066 seconds
[2025-08-13T15:50:39.613+0000] {processor.py:157} INFO - Started process (PID=2831) to work on /home/vscode/.local/lib/python3.10/site-packages/airflow/example_dags/example_nested_branch_dag.py
[2025-08-13T15:50:39.614+0000] {processor.py:826} INFO - Processing file /home/vscode/.local/lib/python3.10/site-packages/airflow/example_dags/example_nested_branch_dag.py for tasks to queue
[2025-08-13T15:50:39.614+0000] {logging_mixin.py:150} INFO - [2025-08-13T15:50:39.614+0000] {dagbag.py:541} INFO - Filling up the DagBag from /home/vscode/.local/lib/python3.10/site-packages/airflow/example_dags/example_nested_branch_dag.py
[2025-08-13T15:50:39.622+0000] {processor.py:836} INFO - DAG(s) dict_keys(['example_nested_branch_dag']) retrieved from /home/vscode/.local/lib/python3.10/site-packages/airflow/example_dags/example_nested_branch_dag.py
[2025-08-13T15:50:39.634+0000] {logging_mixin.py:150} INFO - [2025-08-13T15:50:39.634+0000] {dag.py:2742} INFO - Sync 1 DAGs
[2025-08-13T15:50:39.649+0000] {logging_mixin.py:150} INFO - [2025-08-13T15:50:39.649+0000] {dag.py:3504} INFO - Setting next_dagrun for example_nested_branch_dag to 2025-08-12T00:00:00+00:00, run_after=2025-08-13T00:00:00+00:00
[2025-08-13T15:50:39.665+0000] {processor.py:179} INFO - Processing /home/vscode/.local/lib/python3.10/site-packages/airflow/example_dags/example_nested_branch_dag.py took 0.054 seconds
[2025-08-13T15:51:22.779+0000] {processor.py:157} INFO - Started process (PID=3248) to work on /home/vscode/.local/lib/python3.10/site-packages/airflow/example_dags/example_nested_branch_dag.py
[2025-08-13T15:51:22.780+0000] {processor.py:826} INFO - Processing file /home/vscode/.local/lib/python3.10/site-packages/airflow/example_dags/example_nested_branch_dag.py for tasks to queue
[2025-08-13T15:51:22.781+0000] {logging_mixin.py:150} INFO - [2025-08-13T15:51:22.780+0000] {dagbag.py:541} INFO - Filling up the DagBag from /home/vscode/.local/lib/python3.10/site-packages/airflow/example_dags/example_nested_branch_dag.py
[2025-08-13T15:51:22.788+0000] {processor.py:836} INFO - DAG(s) dict_keys(['example_nested_branch_dag']) retrieved from /home/vscode/.local/lib/python3.10/site-packages/airflow/example_dags/example_nested_branch_dag.py
[2025-08-13T15:51:22.800+0000] {logging_mixin.py:150} INFO - [2025-08-13T15:51:22.800+0000] {dag.py:2742} INFO - Sync 1 DAGs
[2025-08-13T15:51:22.815+0000] {logging_mixin.py:150} INFO - [2025-08-13T15:51:22.815+0000] {dag.py:3504} INFO - Setting next_dagrun for example_nested_branch_dag to 2025-08-12T00:00:00+00:00, run_after=2025-08-13T00:00:00+00:00
[2025-08-13T15:51:22.832+0000] {processor.py:179} INFO - Processing /home/vscode/.local/lib/python3.10/site-packages/airflow/example_dags/example_nested_branch_dag.py took 0.055 seconds
[2025-08-13T15:52:08.144+0000] {processor.py:157} INFO - Started process (PID=3549) to work on /home/vscode/.local/lib/python3.10/site-packages/airflow/example_dags/example_nested_branch_dag.py
[2025-08-13T15:52:08.145+0000] {processor.py:826} INFO - Processing file /home/vscode/.local/lib/python3.10/site-packages/airflow/example_dags/example_nested_branch_dag.py for tasks to queue
[2025-08-13T15:52:08.145+0000] {logging_mixin.py:150} INFO - [2025-08-13T15:52:08.145+0000] {dagbag.py:541} INFO - Filling up the DagBag from /home/vscode/.local/lib/python3.10/site-packages/airflow/example_dags/example_nested_branch_dag.py
[2025-08-13T15:52:08.153+0000] {processor.py:836} INFO - DAG(s) dict_keys(['example_nested_branch_dag']) retrieved from /home/vscode/.local/lib/python3.10/site-packages/airflow/example_dags/example_nested_branch_dag.py
[2025-08-13T15:52:08.165+0000] {logging_mixin.py:150} INFO - [2025-08-13T15:52:08.165+0000] {dag.py:2742} INFO - Sync 1 DAGs
[2025-08-13T15:52:08.180+0000] {logging_mixin.py:150} INFO - [2025-08-13T15:52:08.180+0000] {dag.py:3504} INFO - Setting next_dagrun for example_nested_branch_dag to 2025-08-12T00:00:00+00:00, run_after=2025-08-13T00:00:00+00:00
[2025-08-13T15:52:08.194+0000] {processor.py:179} INFO - Processing /home/vscode/.local/lib/python3.10/site-packages/airflow/example_dags/example_nested_branch_dag.py took 0.053 seconds
[2025-08-13T15:53:02.555+0000] {processor.py:157} INFO - Started process (PID=4168) to work on /home/vscode/.local/lib/python3.10/site-packages/airflow/example_dags/example_nested_branch_dag.py
[2025-08-13T15:53:02.556+0000] {processor.py:826} INFO - Processing file /home/vscode/.local/lib/python3.10/site-packages/airflow/example_dags/example_nested_branch_dag.py for tasks to queue
[2025-08-13T15:53:02.557+0000] {logging_mixin.py:150} INFO - [2025-08-13T15:53:02.556+0000] {dagbag.py:541} INFO - Filling up the DagBag from /home/vscode/.local/lib/python3.10/site-packages/airflow/example_dags/example_nested_branch_dag.py
[2025-08-13T15:53:02.564+0000] {processor.py:836} INFO - DAG(s) dict_keys(['example_nested_branch_dag']) retrieved from /home/vscode/.local/lib/python3.10/site-packages/airflow/example_dags/example_nested_branch_dag.py
[2025-08-13T15:53:02.576+0000] {logging_mixin.py:150} INFO - [2025-08-13T15:53:02.576+0000] {dag.py:2742} INFO - Sync 1 DAGs
[2025-08-13T15:53:02.592+0000] {logging_mixin.py:150} INFO - [2025-08-13T15:53:02.592+0000] {dag.py:3504} INFO - Setting next_dagrun for example_nested_branch_dag to 2025-08-12T00:00:00+00:00, run_after=2025-08-13T00:00:00+00:00
[2025-08-13T15:53:02.607+0000] {processor.py:179} INFO - Processing /home/vscode/.local/lib/python3.10/site-packages/airflow/example_dags/example_nested_branch_dag.py took 0.054 seconds
[2025-08-13T15:53:45.052+0000] {processor.py:157} INFO - Started process (PID=4459) to work on /home/vscode/.local/lib/python3.10/site-packages/airflow/example_dags/example_nested_branch_dag.py
[2025-08-13T15:53:45.052+0000] {processor.py:826} INFO - Processing file /home/vscode/.local/lib/python3.10/site-packages/airflow/example_dags/example_nested_branch_dag.py for tasks to queue
[2025-08-13T15:53:45.053+0000] {logging_mixin.py:150} INFO - [2025-08-13T15:53:45.053+0000] {dagbag.py:541} INFO - Filling up the DagBag from /home/vscode/.local/lib/python3.10/site-packages/airflow/example_dags/example_nested_branch_dag.py
[2025-08-13T15:53:45.060+0000] {processor.py:836} INFO - DAG(s) dict_keys(['example_nested_branch_dag']) retrieved from /home/vscode/.local/lib/python3.10/site-packages/airflow/example_dags/example_nested_branch_dag.py
[2025-08-13T15:53:45.073+0000] {logging_mixin.py:150} INFO - [2025-08-13T15:53:45.073+0000] {dag.py:2742} INFO - Sync 1 DAGs
[2025-08-13T15:53:45.087+0000] {logging_mixin.py:150} INFO - [2025-08-13T15:53:45.087+0000] {dag.py:3504} INFO - Setting next_dagrun for example_nested_branch_dag to 2025-08-12T00:00:00+00:00, run_after=2025-08-13T00:00:00+00:00
[2025-08-13T15:53:45.102+0000] {processor.py:179} INFO - Processing /home/vscode/.local/lib/python3.10/site-packages/airflow/example_dags/example_nested_branch_dag.py took 0.052 seconds
[2025-08-13T15:54:28.068+0000] {processor.py:157} INFO - Started process (PID=4794) to work on /home/vscode/.local/lib/python3.10/site-packages/airflow/example_dags/example_nested_branch_dag.py
[2025-08-13T15:54:28.068+0000] {processor.py:826} INFO - Processing file /home/vscode/.local/lib/python3.10/site-packages/airflow/example_dags/example_nested_branch_dag.py for tasks to queue
[2025-08-13T15:54:28.069+0000] {logging_mixin.py:150} INFO - [2025-08-13T15:54:28.069+0000] {dagbag.py:541} INFO - Filling up the DagBag from /home/vscode/.local/lib/python3.10/site-packages/airflow/example_dags/example_nested_branch_dag.py
[2025-08-13T15:54:28.076+0000] {processor.py:836} INFO - DAG(s) dict_keys(['example_nested_branch_dag']) retrieved from /home/vscode/.local/lib/python3.10/site-packages/airflow/example_dags/example_nested_branch_dag.py
[2025-08-13T15:54:28.089+0000] {logging_mixin.py:150} INFO - [2025-08-13T15:54:28.089+0000] {dag.py:2742} INFO - Sync 1 DAGs
[2025-08-13T15:54:28.105+0000] {logging_mixin.py:150} INFO - [2025-08-13T15:54:28.105+0000] {dag.py:3504} INFO - Setting next_dagrun for example_nested_branch_dag to 2025-08-12T00:00:00+00:00, run_after=2025-08-13T00:00:00+00:00
[2025-08-13T15:54:28.120+0000] {processor.py:179} INFO - Processing /home/vscode/.local/lib/python3.10/site-packages/airflow/example_dags/example_nested_branch_dag.py took 0.054 seconds
[2025-08-13T15:55:09.895+0000] {processor.py:157} INFO - Started process (PID=5090) to work on /home/vscode/.local/lib/python3.10/site-packages/airflow/example_dags/example_nested_branch_dag.py
[2025-08-13T15:55:09.896+0000] {processor.py:826} INFO - Processing file /home/vscode/.local/lib/python3.10/site-packages/airflow/example_dags/example_nested_branch_dag.py for tasks to queue
[2025-08-13T15:55:09.896+0000] {logging_mixin.py:150} INFO - [2025-08-13T15:55:09.896+0000] {dagbag.py:541} INFO - Filling up the DagBag from /home/vscode/.local/lib/python3.10/site-packages/airflow/example_dags/example_nested_branch_dag.py
[2025-08-13T15:55:09.904+0000] {processor.py:836} INFO - DAG(s) dict_keys(['example_nested_branch_dag']) retrieved from /home/vscode/.local/lib/python3.10/site-packages/airflow/example_dags/example_nested_branch_dag.py
[2025-08-13T15:55:09.923+0000] {logging_mixin.py:150} INFO - [2025-08-13T15:55:09.923+0000] {dag.py:2742} INFO - Sync 1 DAGs
[2025-08-13T15:55:09.945+0000] {logging_mixin.py:150} INFO - [2025-08-13T15:55:09.945+0000] {dag.py:3504} INFO - Setting next_dagrun for example_nested_branch_dag to 2025-08-12T00:00:00+00:00, run_after=2025-08-13T00:00:00+00:00
[2025-08-13T15:55:09.966+0000] {processor.py:179} INFO - Processing /home/vscode/.local/lib/python3.10/site-packages/airflow/example_dags/example_nested_branch_dag.py took 0.073 seconds
[2025-08-13T15:56:02.835+0000] {processor.py:157} INFO - Started process (PID=5538) to work on /home/vscode/.local/lib/python3.10/site-packages/airflow/example_dags/example_nested_branch_dag.py
[2025-08-13T15:56:02.836+0000] {processor.py:826} INFO - Processing file /home/vscode/.local/lib/python3.10/site-packages/airflow/example_dags/example_nested_branch_dag.py for tasks to queue
[2025-08-13T15:56:02.837+0000] {logging_mixin.py:150} INFO - [2025-08-13T15:56:02.837+0000] {dagbag.py:541} INFO - Filling up the DagBag from /home/vscode/.local/lib/python3.10/site-packages/airflow/example_dags/example_nested_branch_dag.py
[2025-08-13T15:56:02.845+0000] {processor.py:836} INFO - DAG(s) dict_keys(['example_nested_branch_dag']) retrieved from /home/vscode/.local/lib/python3.10/site-packages/airflow/example_dags/example_nested_branch_dag.py
[2025-08-13T15:56:02.859+0000] {logging_mixin.py:150} INFO - [2025-08-13T15:56:02.859+0000] {dag.py:2742} INFO - Sync 1 DAGs
[2025-08-13T15:56:02.876+0000] {logging_mixin.py:150} INFO - [2025-08-13T15:56:02.876+0000] {dag.py:3504} INFO - Setting next_dagrun for example_nested_branch_dag to 2025-08-12T00:00:00+00:00, run_after=2025-08-13T00:00:00+00:00
[2025-08-13T15:56:02.894+0000] {processor.py:179} INFO - Processing /home/vscode/.local/lib/python3.10/site-packages/airflow/example_dags/example_nested_branch_dag.py took 0.061 seconds
[2025-08-13T15:56:51.319+0000] {processor.py:157} INFO - Started process (PID=6008) to work on /home/vscode/.local/lib/python3.10/site-packages/airflow/example_dags/example_nested_branch_dag.py
[2025-08-13T15:56:51.320+0000] {processor.py:826} INFO - Processing file /home/vscode/.local/lib/python3.10/site-packages/airflow/example_dags/example_nested_branch_dag.py for tasks to queue
[2025-08-13T15:56:51.320+0000] {logging_mixin.py:150} INFO - [2025-08-13T15:56:51.320+0000] {dagbag.py:541} INFO - Filling up the DagBag from /home/vscode/.local/lib/python3.10/site-packages/airflow/example_dags/example_nested_branch_dag.py
[2025-08-13T15:56:51.327+0000] {processor.py:836} INFO - DAG(s) dict_keys(['example_nested_branch_dag']) retrieved from /home/vscode/.local/lib/python3.10/site-packages/airflow/example_dags/example_nested_branch_dag.py
[2025-08-13T15:56:51.341+0000] {logging_mixin.py:150} INFO - [2025-08-13T15:56:51.341+0000] {dag.py:2742} INFO - Sync 1 DAGs
[2025-08-13T15:56:51.356+0000] {logging_mixin.py:150} INFO - [2025-08-13T15:56:51.356+0000] {dag.py:3504} INFO - Setting next_dagrun for example_nested_branch_dag to 2025-08-12T00:00:00+00:00, run_after=2025-08-13T00:00:00+00:00
[2025-08-13T15:56:51.371+0000] {processor.py:179} INFO - Processing /home/vscode/.local/lib/python3.10/site-packages/airflow/example_dags/example_nested_branch_dag.py took 0.054 seconds
[2025-08-13T15:57:34.828+0000] {processor.py:157} INFO - Started process (PID=6305) to work on /home/vscode/.local/lib/python3.10/site-packages/airflow/example_dags/example_nested_branch_dag.py
[2025-08-13T15:57:34.829+0000] {processor.py:826} INFO - Processing file /home/vscode/.local/lib/python3.10/site-packages/airflow/example_dags/example_nested_branch_dag.py for tasks to queue
[2025-08-13T15:57:34.830+0000] {logging_mixin.py:150} INFO - [2025-08-13T15:57:34.830+0000] {dagbag.py:541} INFO - Filling up the DagBag from /home/vscode/.local/lib/python3.10/site-packages/airflow/example_dags/example_nested_branch_dag.py
[2025-08-13T15:57:34.837+0000] {processor.py:836} INFO - DAG(s) dict_keys(['example_nested_branch_dag']) retrieved from /home/vscode/.local/lib/python3.10/site-packages/airflow/example_dags/example_nested_branch_dag.py
[2025-08-13T15:57:34.849+0000] {logging_mixin.py:150} INFO - [2025-08-13T15:57:34.849+0000] {dag.py:2742} INFO - Sync 1 DAGs
[2025-08-13T15:57:34.865+0000] {logging_mixin.py:150} INFO - [2025-08-13T15:57:34.864+0000] {dag.py:3504} INFO - Setting next_dagrun for example_nested_branch_dag to 2025-08-12T00:00:00+00:00, run_after=2025-08-13T00:00:00+00:00
[2025-08-13T15:57:34.885+0000] {processor.py:179} INFO - Processing /home/vscode/.local/lib/python3.10/site-packages/airflow/example_dags/example_nested_branch_dag.py took 0.059 seconds
[2025-08-13T15:58:19.131+0000] {processor.py:157} INFO - Started process (PID=6599) to work on /home/vscode/.local/lib/python3.10/site-packages/airflow/example_dags/example_nested_branch_dag.py
[2025-08-13T15:58:19.132+0000] {processor.py:826} INFO - Processing file /home/vscode/.local/lib/python3.10/site-packages/airflow/example_dags/example_nested_branch_dag.py for tasks to queue
[2025-08-13T15:58:19.132+0000] {logging_mixin.py:150} INFO - [2025-08-13T15:58:19.132+0000] {dagbag.py:541} INFO - Filling up the DagBag from /home/vscode/.local/lib/python3.10/site-packages/airflow/example_dags/example_nested_branch_dag.py
[2025-08-13T15:58:19.139+0000] {processor.py:836} INFO - DAG(s) dict_keys(['example_nested_branch_dag']) retrieved from /home/vscode/.local/lib/python3.10/site-packages/airflow/example_dags/example_nested_branch_dag.py
[2025-08-13T15:58:19.152+0000] {logging_mixin.py:150} INFO - [2025-08-13T15:58:19.152+0000] {dag.py:2742} INFO - Sync 1 DAGs
[2025-08-13T15:58:19.167+0000] {logging_mixin.py:150} INFO - [2025-08-13T15:58:19.167+0000] {dag.py:3504} INFO - Setting next_dagrun for example_nested_branch_dag to 2025-08-12T00:00:00+00:00, run_after=2025-08-13T00:00:00+00:00
[2025-08-13T15:58:19.182+0000] {processor.py:179} INFO - Processing /home/vscode/.local/lib/python3.10/site-packages/airflow/example_dags/example_nested_branch_dag.py took 0.053 seconds
[2025-08-13T15:59:07.396+0000] {processor.py:157} INFO - Started process (PID=6923) to work on /home/vscode/.local/lib/python3.10/site-packages/airflow/example_dags/example_nested_branch_dag.py
[2025-08-13T15:59:07.397+0000] {processor.py:826} INFO - Processing file /home/vscode/.local/lib/python3.10/site-packages/airflow/example_dags/example_nested_branch_dag.py for tasks to queue
[2025-08-13T15:59:07.397+0000] {logging_mixin.py:150} INFO - [2025-08-13T15:59:07.397+0000] {dagbag.py:541} INFO - Filling up the DagBag from /home/vscode/.local/lib/python3.10/site-packages/airflow/example_dags/example_nested_branch_dag.py
[2025-08-13T15:59:07.405+0000] {processor.py:836} INFO - DAG(s) dict_keys(['example_nested_branch_dag']) retrieved from /home/vscode/.local/lib/python3.10/site-packages/airflow/example_dags/example_nested_branch_dag.py
[2025-08-13T15:59:07.419+0000] {logging_mixin.py:150} INFO - [2025-08-13T15:59:07.418+0000] {dag.py:2742} INFO - Sync 1 DAGs
[2025-08-13T15:59:07.434+0000] {logging_mixin.py:150} INFO - [2025-08-13T15:59:07.434+0000] {dag.py:3504} INFO - Setting next_dagrun for example_nested_branch_dag to 2025-08-12T00:00:00+00:00, run_after=2025-08-13T00:00:00+00:00
[2025-08-13T15:59:07.450+0000] {processor.py:179} INFO - Processing /home/vscode/.local/lib/python3.10/site-packages/airflow/example_dags/example_nested_branch_dag.py took 0.057 seconds
[2025-08-13T15:59:50.438+0000] {processor.py:157} INFO - Started process (PID=7226) to work on /home/vscode/.local/lib/python3.10/site-packages/airflow/example_dags/example_nested_branch_dag.py
[2025-08-13T15:59:50.439+0000] {processor.py:826} INFO - Processing file /home/vscode/.local/lib/python3.10/site-packages/airflow/example_dags/example_nested_branch_dag.py for tasks to queue
[2025-08-13T15:59:50.440+0000] {logging_mixin.py:150} INFO - [2025-08-13T15:59:50.440+0000] {dagbag.py:541} INFO - Filling up the DagBag from /home/vscode/.local/lib/python3.10/site-packages/airflow/example_dags/example_nested_branch_dag.py
[2025-08-13T15:59:50.447+0000] {processor.py:836} INFO - DAG(s) dict_keys(['example_nested_branch_dag']) retrieved from /home/vscode/.local/lib/python3.10/site-packages/airflow/example_dags/example_nested_branch_dag.py
[2025-08-13T15:59:50.459+0000] {logging_mixin.py:150} INFO - [2025-08-13T15:59:50.459+0000] {dag.py:2742} INFO - Sync 1 DAGs
[2025-08-13T15:59:50.474+0000] {logging_mixin.py:150} INFO - [2025-08-13T15:59:50.474+0000] {dag.py:3504} INFO - Setting next_dagrun for example_nested_branch_dag to 2025-08-12T00:00:00+00:00, run_after=2025-08-13T00:00:00+00:00
[2025-08-13T15:59:50.489+0000] {processor.py:179} INFO - Processing /home/vscode/.local/lib/python3.10/site-packages/airflow/example_dags/example_nested_branch_dag.py took 0.053 seconds
[2025-08-13T16:01:41.906+0000] {processor.py:157} INFO - Started process (PID=8342) to work on /home/vscode/.local/lib/python3.10/site-packages/airflow/example_dags/example_nested_branch_dag.py
[2025-08-13T16:01:41.906+0000] {processor.py:826} INFO - Processing file /home/vscode/.local/lib/python3.10/site-packages/airflow/example_dags/example_nested_branch_dag.py for tasks to queue
[2025-08-13T16:01:41.907+0000] {logging_mixin.py:150} INFO - [2025-08-13T16:01:41.907+0000] {dagbag.py:541} INFO - Filling up the DagBag from /home/vscode/.local/lib/python3.10/site-packages/airflow/example_dags/example_nested_branch_dag.py
[2025-08-13T16:01:41.915+0000] {processor.py:836} INFO - DAG(s) dict_keys(['example_nested_branch_dag']) retrieved from /home/vscode/.local/lib/python3.10/site-packages/airflow/example_dags/example_nested_branch_dag.py
[2025-08-13T16:01:41.930+0000] {logging_mixin.py:150} INFO - [2025-08-13T16:01:41.930+0000] {dag.py:2742} INFO - Sync 1 DAGs
[2025-08-13T16:01:41.949+0000] {logging_mixin.py:150} INFO - [2025-08-13T16:01:41.949+0000] {dag.py:3504} INFO - Setting next_dagrun for example_nested_branch_dag to 2025-08-12T00:00:00+00:00, run_after=2025-08-13T00:00:00+00:00
[2025-08-13T16:01:41.968+0000] {processor.py:179} INFO - Processing /home/vscode/.local/lib/python3.10/site-packages/airflow/example_dags/example_nested_branch_dag.py took 0.064 seconds
[2025-08-13T16:02:24.500+0000] {processor.py:157} INFO - Started process (PID=8629) to work on /home/vscode/.local/lib/python3.10/site-packages/airflow/example_dags/example_nested_branch_dag.py
[2025-08-13T16:02:24.501+0000] {processor.py:826} INFO - Processing file /home/vscode/.local/lib/python3.10/site-packages/airflow/example_dags/example_nested_branch_dag.py for tasks to queue
[2025-08-13T16:02:24.501+0000] {logging_mixin.py:150} INFO - [2025-08-13T16:02:24.501+0000] {dagbag.py:541} INFO - Filling up the DagBag from /home/vscode/.local/lib/python3.10/site-packages/airflow/example_dags/example_nested_branch_dag.py
[2025-08-13T16:02:24.509+0000] {processor.py:836} INFO - DAG(s) dict_keys(['example_nested_branch_dag']) retrieved from /home/vscode/.local/lib/python3.10/site-packages/airflow/example_dags/example_nested_branch_dag.py
[2025-08-13T16:02:24.523+0000] {logging_mixin.py:150} INFO - [2025-08-13T16:02:24.523+0000] {dag.py:2742} INFO - Sync 1 DAGs
[2025-08-13T16:02:24.540+0000] {logging_mixin.py:150} INFO - [2025-08-13T16:02:24.539+0000] {dag.py:3504} INFO - Setting next_dagrun for example_nested_branch_dag to 2025-08-12T00:00:00+00:00, run_after=2025-08-13T00:00:00+00:00
[2025-08-13T16:02:24.559+0000] {processor.py:179} INFO - Processing /home/vscode/.local/lib/python3.10/site-packages/airflow/example_dags/example_nested_branch_dag.py took 0.061 seconds
[2025-08-13T16:03:09.557+0000] {processor.py:157} INFO - Started process (PID=8930) to work on /home/vscode/.local/lib/python3.10/site-packages/airflow/example_dags/example_nested_branch_dag.py
[2025-08-13T16:03:09.558+0000] {processor.py:826} INFO - Processing file /home/vscode/.local/lib/python3.10/site-packages/airflow/example_dags/example_nested_branch_dag.py for tasks to queue
[2025-08-13T16:03:09.559+0000] {logging_mixin.py:150} INFO - [2025-08-13T16:03:09.558+0000] {dagbag.py:541} INFO - Filling up the DagBag from /home/vscode/.local/lib/python3.10/site-packages/airflow/example_dags/example_nested_branch_dag.py
[2025-08-13T16:03:09.569+0000] {processor.py:836} INFO - DAG(s) dict_keys(['example_nested_branch_dag']) retrieved from /home/vscode/.local/lib/python3.10/site-packages/airflow/example_dags/example_nested_branch_dag.py
[2025-08-13T16:03:09.591+0000] {logging_mixin.py:150} INFO - [2025-08-13T16:03:09.590+0000] {dag.py:2742} INFO - Sync 1 DAGs
[2025-08-13T16:03:09.606+0000] {logging_mixin.py:150} INFO - [2025-08-13T16:03:09.606+0000] {dag.py:3504} INFO - Setting next_dagrun for example_nested_branch_dag to 2025-08-12T00:00:00+00:00, run_after=2025-08-13T00:00:00+00:00
[2025-08-13T16:03:09.622+0000] {processor.py:179} INFO - Processing /home/vscode/.local/lib/python3.10/site-packages/airflow/example_dags/example_nested_branch_dag.py took 0.068 seconds
[2025-08-13T16:03:52.845+0000] {processor.py:157} INFO - Started process (PID=9242) to work on /home/vscode/.local/lib/python3.10/site-packages/airflow/example_dags/example_nested_branch_dag.py
[2025-08-13T16:03:52.846+0000] {processor.py:826} INFO - Processing file /home/vscode/.local/lib/python3.10/site-packages/airflow/example_dags/example_nested_branch_dag.py for tasks to queue
[2025-08-13T16:03:52.847+0000] {logging_mixin.py:150} INFO - [2025-08-13T16:03:52.846+0000] {dagbag.py:541} INFO - Filling up the DagBag from /home/vscode/.local/lib/python3.10/site-packages/airflow/example_dags/example_nested_branch_dag.py
[2025-08-13T16:03:52.854+0000] {processor.py:836} INFO - DAG(s) dict_keys(['example_nested_branch_dag']) retrieved from /home/vscode/.local/lib/python3.10/site-packages/airflow/example_dags/example_nested_branch_dag.py
[2025-08-13T16:03:52.867+0000] {logging_mixin.py:150} INFO - [2025-08-13T16:03:52.867+0000] {dag.py:2742} INFO - Sync 1 DAGs
[2025-08-13T16:03:52.885+0000] {logging_mixin.py:150} INFO - [2025-08-13T16:03:52.885+0000] {dag.py:3504} INFO - Setting next_dagrun for example_nested_branch_dag to 2025-08-12T00:00:00+00:00, run_after=2025-08-13T00:00:00+00:00
[2025-08-13T16:03:52.907+0000] {processor.py:179} INFO - Processing /home/vscode/.local/lib/python3.10/site-packages/airflow/example_dags/example_nested_branch_dag.py took 0.064 seconds
[2025-08-13T16:04:43.085+0000] {processor.py:157} INFO - Started process (PID=9598) to work on /home/vscode/.local/lib/python3.10/site-packages/airflow/example_dags/example_nested_branch_dag.py
[2025-08-13T16:04:43.086+0000] {processor.py:826} INFO - Processing file /home/vscode/.local/lib/python3.10/site-packages/airflow/example_dags/example_nested_branch_dag.py for tasks to queue
[2025-08-13T16:04:43.086+0000] {logging_mixin.py:150} INFO - [2025-08-13T16:04:43.086+0000] {dagbag.py:541} INFO - Filling up the DagBag from /home/vscode/.local/lib/python3.10/site-packages/airflow/example_dags/example_nested_branch_dag.py
[2025-08-13T16:04:43.094+0000] {processor.py:836} INFO - DAG(s) dict_keys(['example_nested_branch_dag']) retrieved from /home/vscode/.local/lib/python3.10/site-packages/airflow/example_dags/example_nested_branch_dag.py
[2025-08-13T16:04:43.107+0000] {logging_mixin.py:150} INFO - [2025-08-13T16:04:43.107+0000] {dag.py:2742} INFO - Sync 1 DAGs
[2025-08-13T16:04:43.122+0000] {logging_mixin.py:150} INFO - [2025-08-13T16:04:43.122+0000] {dag.py:3504} INFO - Setting next_dagrun for example_nested_branch_dag to 2025-08-12T00:00:00+00:00, run_after=2025-08-13T00:00:00+00:00
[2025-08-13T16:04:43.137+0000] {processor.py:179} INFO - Processing /home/vscode/.local/lib/python3.10/site-packages/airflow/example_dags/example_nested_branch_dag.py took 0.054 seconds
[2025-08-13T16:05:33.333+0000] {processor.py:157} INFO - Started process (PID=9932) to work on /home/vscode/.local/lib/python3.10/site-packages/airflow/example_dags/example_nested_branch_dag.py
[2025-08-13T16:05:33.333+0000] {processor.py:826} INFO - Processing file /home/vscode/.local/lib/python3.10/site-packages/airflow/example_dags/example_nested_branch_dag.py for tasks to queue
[2025-08-13T16:05:33.334+0000] {logging_mixin.py:150} INFO - [2025-08-13T16:05:33.334+0000] {dagbag.py:541} INFO - Filling up the DagBag from /home/vscode/.local/lib/python3.10/site-packages/airflow/example_dags/example_nested_branch_dag.py
[2025-08-13T16:05:33.341+0000] {processor.py:836} INFO - DAG(s) dict_keys(['example_nested_branch_dag']) retrieved from /home/vscode/.local/lib/python3.10/site-packages/airflow/example_dags/example_nested_branch_dag.py
[2025-08-13T16:05:33.354+0000] {logging_mixin.py:150} INFO - [2025-08-13T16:05:33.354+0000] {dag.py:2742} INFO - Sync 1 DAGs
[2025-08-13T16:05:33.368+0000] {logging_mixin.py:150} INFO - [2025-08-13T16:05:33.368+0000] {dag.py:3504} INFO - Setting next_dagrun for example_nested_branch_dag to 2025-08-12T00:00:00+00:00, run_after=2025-08-13T00:00:00+00:00
[2025-08-13T16:05:33.384+0000] {processor.py:179} INFO - Processing /home/vscode/.local/lib/python3.10/site-packages/airflow/example_dags/example_nested_branch_dag.py took 0.053 seconds
[2025-08-13T16:06:19.593+0000] {processor.py:157} INFO - Started process (PID=10324) to work on /home/vscode/.local/lib/python3.10/site-packages/airflow/example_dags/example_nested_branch_dag.py
[2025-08-13T16:06:19.593+0000] {processor.py:826} INFO - Processing file /home/vscode/.local/lib/python3.10/site-packages/airflow/example_dags/example_nested_branch_dag.py for tasks to queue
[2025-08-13T16:06:19.594+0000] {logging_mixin.py:150} INFO - [2025-08-13T16:06:19.594+0000] {dagbag.py:541} INFO - Filling up the DagBag from /home/vscode/.local/lib/python3.10/site-packages/airflow/example_dags/example_nested_branch_dag.py
[2025-08-13T16:06:19.601+0000] {processor.py:836} INFO - DAG(s) dict_keys(['example_nested_branch_dag']) retrieved from /home/vscode/.local/lib/python3.10/site-packages/airflow/example_dags/example_nested_branch_dag.py
[2025-08-13T16:06:19.614+0000] {logging_mixin.py:150} INFO - [2025-08-13T16:06:19.614+0000] {dag.py:2742} INFO - Sync 1 DAGs
[2025-08-13T16:06:19.629+0000] {logging_mixin.py:150} INFO - [2025-08-13T16:06:19.629+0000] {dag.py:3504} INFO - Setting next_dagrun for example_nested_branch_dag to 2025-08-12T00:00:00+00:00, run_after=2025-08-13T00:00:00+00:00
[2025-08-13T16:06:19.644+0000] {processor.py:179} INFO - Processing /home/vscode/.local/lib/python3.10/site-packages/airflow/example_dags/example_nested_branch_dag.py took 0.053 seconds
[2025-08-13T16:07:06.130+0000] {processor.py:157} INFO - Started process (PID=10642) to work on /home/vscode/.local/lib/python3.10/site-packages/airflow/example_dags/example_nested_branch_dag.py
[2025-08-13T16:07:06.131+0000] {processor.py:826} INFO - Processing file /home/vscode/.local/lib/python3.10/site-packages/airflow/example_dags/example_nested_branch_dag.py for tasks to queue
[2025-08-13T16:07:06.132+0000] {logging_mixin.py:150} INFO - [2025-08-13T16:07:06.131+0000] {dagbag.py:541} INFO - Filling up the DagBag from /home/vscode/.local/lib/python3.10/site-packages/airflow/example_dags/example_nested_branch_dag.py
[2025-08-13T16:07:06.141+0000] {processor.py:836} INFO - DAG(s) dict_keys(['example_nested_branch_dag']) retrieved from /home/vscode/.local/lib/python3.10/site-packages/airflow/example_dags/example_nested_branch_dag.py
[2025-08-13T16:07:06.154+0000] {logging_mixin.py:150} INFO - [2025-08-13T16:07:06.154+0000] {dag.py:2742} INFO - Sync 1 DAGs
[2025-08-13T16:07:06.172+0000] {logging_mixin.py:150} INFO - [2025-08-13T16:07:06.172+0000] {dag.py:3504} INFO - Setting next_dagrun for example_nested_branch_dag to 2025-08-12T00:00:00+00:00, run_after=2025-08-13T00:00:00+00:00
[2025-08-13T16:07:06.187+0000] {processor.py:179} INFO - Processing /home/vscode/.local/lib/python3.10/site-packages/airflow/example_dags/example_nested_branch_dag.py took 0.061 seconds
