[2025-08-13T03:24:54.272+0000] {processor.py:157} INFO - Started process (PID=4830) to work on /workspaces/hands-on-introduction-data-engineering-4395021/airflow_env/lib/python3.10/site-packages/airflow/example_dags/example_skip_dag.py
[2025-08-13T03:24:54.272+0000] {processor.py:826} INFO - Processing file /workspaces/hands-on-introduction-data-engineering-4395021/airflow_env/lib/python3.10/site-packages/airflow/example_dags/example_skip_dag.py for tasks to queue
[2025-08-13T03:24:54.273+0000] {logging_mixin.py:150} INFO - [2025-08-13T03:24:54.273+0000] {dagbag.py:541} INFO - Filling up the DagBag from /workspaces/hands-on-introduction-data-engineering-4395021/airflow_env/lib/python3.10/site-packages/airflow/example_dags/example_skip_dag.py
[2025-08-13T03:24:54.281+0000] {processor.py:836} INFO - DAG(s) dict_keys(['example_skip_dag']) retrieved from /workspaces/hands-on-introduction-data-engineering-4395021/airflow_env/lib/python3.10/site-packages/airflow/example_dags/example_skip_dag.py
[2025-08-13T03:24:54.381+0000] {logging_mixin.py:150} INFO - [2025-08-13T03:24:54.381+0000] {manager.py:504} INFO - Created Permission View: can read on DAG:example_skip_dag
[2025-08-13T03:24:54.391+0000] {logging_mixin.py:150} INFO - [2025-08-13T03:24:54.391+0000] {manager.py:504} INFO - Created Permission View: can edit on DAG:example_skip_dag
[2025-08-13T03:24:54.398+0000] {logging_mixin.py:150} INFO - [2025-08-13T03:24:54.398+0000] {manager.py:504} INFO - Created Permission View: can delete on DAG:example_skip_dag
[2025-08-13T03:24:54.407+0000] {logging_mixin.py:150} INFO - [2025-08-13T03:24:54.407+0000] {dag.py:2742} INFO - Sync 1 DAGs
[2025-08-13T03:24:54.416+0000] {logging_mixin.py:150} INFO - [2025-08-13T03:24:54.416+0000] {dag.py:2763} INFO - Creating ORM DAG for example_skip_dag
[2025-08-13T03:24:54.423+0000] {logging_mixin.py:150} INFO - [2025-08-13T03:24:54.423+0000] {dag.py:3504} INFO - Setting next_dagrun for example_skip_dag to 2025-08-12T03:24:54.422838+00:00, run_after=2025-08-13T03:24:54.422838+00:00
[2025-08-13T03:24:54.440+0000] {processor.py:179} INFO - Processing /workspaces/hands-on-introduction-data-engineering-4395021/airflow_env/lib/python3.10/site-packages/airflow/example_dags/example_skip_dag.py took 0.171 seconds
[2025-08-13T03:25:41.556+0000] {processor.py:157} INFO - Started process (PID=5164) to work on /workspaces/hands-on-introduction-data-engineering-4395021/airflow_env/lib/python3.10/site-packages/airflow/example_dags/example_skip_dag.py
[2025-08-13T03:25:41.557+0000] {processor.py:826} INFO - Processing file /workspaces/hands-on-introduction-data-engineering-4395021/airflow_env/lib/python3.10/site-packages/airflow/example_dags/example_skip_dag.py for tasks to queue
[2025-08-13T03:25:41.557+0000] {logging_mixin.py:150} INFO - [2025-08-13T03:25:41.557+0000] {dagbag.py:541} INFO - Filling up the DagBag from /workspaces/hands-on-introduction-data-engineering-4395021/airflow_env/lib/python3.10/site-packages/airflow/example_dags/example_skip_dag.py
[2025-08-13T03:25:41.563+0000] {processor.py:836} INFO - DAG(s) dict_keys(['example_skip_dag']) retrieved from /workspaces/hands-on-introduction-data-engineering-4395021/airflow_env/lib/python3.10/site-packages/airflow/example_dags/example_skip_dag.py
[2025-08-13T03:25:41.574+0000] {logging_mixin.py:150} INFO - [2025-08-13T03:25:41.574+0000] {dag.py:2742} INFO - Sync 1 DAGs
[2025-08-13T03:25:41.589+0000] {logging_mixin.py:150} INFO - [2025-08-13T03:25:41.589+0000] {dag.py:3504} INFO - Setting next_dagrun for example_skip_dag to 2025-08-12T03:25:41.589369+00:00, run_after=2025-08-13T03:25:41.589369+00:00
[2025-08-13T03:25:41.604+0000] {processor.py:179} INFO - Processing /workspaces/hands-on-introduction-data-engineering-4395021/airflow_env/lib/python3.10/site-packages/airflow/example_dags/example_skip_dag.py took 0.050 seconds
[2025-08-13T03:26:25.810+0000] {processor.py:157} INFO - Started process (PID=5459) to work on /workspaces/hands-on-introduction-data-engineering-4395021/airflow_env/lib/python3.10/site-packages/airflow/example_dags/example_skip_dag.py
[2025-08-13T03:26:25.811+0000] {processor.py:826} INFO - Processing file /workspaces/hands-on-introduction-data-engineering-4395021/airflow_env/lib/python3.10/site-packages/airflow/example_dags/example_skip_dag.py for tasks to queue
[2025-08-13T03:26:25.811+0000] {logging_mixin.py:150} INFO - [2025-08-13T03:26:25.811+0000] {dagbag.py:541} INFO - Filling up the DagBag from /workspaces/hands-on-introduction-data-engineering-4395021/airflow_env/lib/python3.10/site-packages/airflow/example_dags/example_skip_dag.py
[2025-08-13T03:26:25.817+0000] {processor.py:836} INFO - DAG(s) dict_keys(['example_skip_dag']) retrieved from /workspaces/hands-on-introduction-data-engineering-4395021/airflow_env/lib/python3.10/site-packages/airflow/example_dags/example_skip_dag.py
[2025-08-13T03:26:25.828+0000] {logging_mixin.py:150} INFO - [2025-08-13T03:26:25.828+0000] {dag.py:2742} INFO - Sync 1 DAGs
[2025-08-13T03:26:25.842+0000] {logging_mixin.py:150} INFO - [2025-08-13T03:26:25.842+0000] {dag.py:3504} INFO - Setting next_dagrun for example_skip_dag to 2025-08-12T03:26:25.842387+00:00, run_after=2025-08-13T03:26:25.842387+00:00
[2025-08-13T03:26:25.857+0000] {processor.py:179} INFO - Processing /workspaces/hands-on-introduction-data-engineering-4395021/airflow_env/lib/python3.10/site-packages/airflow/example_dags/example_skip_dag.py took 0.049 seconds
[2025-08-13T03:27:11.288+0000] {processor.py:157} INFO - Started process (PID=5762) to work on /workspaces/hands-on-introduction-data-engineering-4395021/airflow_env/lib/python3.10/site-packages/airflow/example_dags/example_skip_dag.py
[2025-08-13T03:27:11.289+0000] {processor.py:826} INFO - Processing file /workspaces/hands-on-introduction-data-engineering-4395021/airflow_env/lib/python3.10/site-packages/airflow/example_dags/example_skip_dag.py for tasks to queue
[2025-08-13T03:27:11.290+0000] {logging_mixin.py:150} INFO - [2025-08-13T03:27:11.289+0000] {dagbag.py:541} INFO - Filling up the DagBag from /workspaces/hands-on-introduction-data-engineering-4395021/airflow_env/lib/python3.10/site-packages/airflow/example_dags/example_skip_dag.py
[2025-08-13T03:27:11.295+0000] {processor.py:836} INFO - DAG(s) dict_keys(['example_skip_dag']) retrieved from /workspaces/hands-on-introduction-data-engineering-4395021/airflow_env/lib/python3.10/site-packages/airflow/example_dags/example_skip_dag.py
[2025-08-13T03:27:11.307+0000] {logging_mixin.py:150} INFO - [2025-08-13T03:27:11.307+0000] {dag.py:2742} INFO - Sync 1 DAGs
[2025-08-13T03:27:11.321+0000] {logging_mixin.py:150} INFO - [2025-08-13T03:27:11.321+0000] {dag.py:3504} INFO - Setting next_dagrun for example_skip_dag to 2025-08-12T03:27:11.320989+00:00, run_after=2025-08-13T03:27:11.320989+00:00
[2025-08-13T03:27:11.335+0000] {processor.py:179} INFO - Processing /workspaces/hands-on-introduction-data-engineering-4395021/airflow_env/lib/python3.10/site-packages/airflow/example_dags/example_skip_dag.py took 0.049 seconds
[2025-08-13T03:28:01.502+0000] {processor.py:157} INFO - Started process (PID=6197) to work on /workspaces/hands-on-introduction-data-engineering-4395021/airflow_env/lib/python3.10/site-packages/airflow/example_dags/example_skip_dag.py
[2025-08-13T03:28:01.503+0000] {processor.py:826} INFO - Processing file /workspaces/hands-on-introduction-data-engineering-4395021/airflow_env/lib/python3.10/site-packages/airflow/example_dags/example_skip_dag.py for tasks to queue
[2025-08-13T03:28:01.503+0000] {logging_mixin.py:150} INFO - [2025-08-13T03:28:01.503+0000] {dagbag.py:541} INFO - Filling up the DagBag from /workspaces/hands-on-introduction-data-engineering-4395021/airflow_env/lib/python3.10/site-packages/airflow/example_dags/example_skip_dag.py
[2025-08-13T03:28:01.509+0000] {processor.py:836} INFO - DAG(s) dict_keys(['example_skip_dag']) retrieved from /workspaces/hands-on-introduction-data-engineering-4395021/airflow_env/lib/python3.10/site-packages/airflow/example_dags/example_skip_dag.py
[2025-08-13T03:28:01.521+0000] {logging_mixin.py:150} INFO - [2025-08-13T03:28:01.520+0000] {dag.py:2742} INFO - Sync 1 DAGs
[2025-08-13T03:28:01.535+0000] {logging_mixin.py:150} INFO - [2025-08-13T03:28:01.535+0000] {dag.py:3504} INFO - Setting next_dagrun for example_skip_dag to 2025-08-12T03:28:01.535151+00:00, run_after=2025-08-13T03:28:01.535151+00:00
[2025-08-13T03:28:01.550+0000] {processor.py:179} INFO - Processing /workspaces/hands-on-introduction-data-engineering-4395021/airflow_env/lib/python3.10/site-packages/airflow/example_dags/example_skip_dag.py took 0.050 seconds
[2025-08-13T03:28:44.780+0000] {processor.py:157} INFO - Started process (PID=6530) to work on /workspaces/hands-on-introduction-data-engineering-4395021/airflow_env/lib/python3.10/site-packages/airflow/example_dags/example_skip_dag.py
[2025-08-13T03:28:44.780+0000] {processor.py:826} INFO - Processing file /workspaces/hands-on-introduction-data-engineering-4395021/airflow_env/lib/python3.10/site-packages/airflow/example_dags/example_skip_dag.py for tasks to queue
[2025-08-13T03:28:44.781+0000] {logging_mixin.py:150} INFO - [2025-08-13T03:28:44.781+0000] {dagbag.py:541} INFO - Filling up the DagBag from /workspaces/hands-on-introduction-data-engineering-4395021/airflow_env/lib/python3.10/site-packages/airflow/example_dags/example_skip_dag.py
[2025-08-13T03:28:44.786+0000] {processor.py:836} INFO - DAG(s) dict_keys(['example_skip_dag']) retrieved from /workspaces/hands-on-introduction-data-engineering-4395021/airflow_env/lib/python3.10/site-packages/airflow/example_dags/example_skip_dag.py
[2025-08-13T03:28:44.798+0000] {logging_mixin.py:150} INFO - [2025-08-13T03:28:44.798+0000] {dag.py:2742} INFO - Sync 1 DAGs
[2025-08-13T03:28:44.813+0000] {logging_mixin.py:150} INFO - [2025-08-13T03:28:44.813+0000] {dag.py:3504} INFO - Setting next_dagrun for example_skip_dag to 2025-08-12T03:28:44.813489+00:00, run_after=2025-08-13T03:28:44.813489+00:00
[2025-08-13T03:28:44.830+0000] {processor.py:179} INFO - Processing /workspaces/hands-on-introduction-data-engineering-4395021/airflow_env/lib/python3.10/site-packages/airflow/example_dags/example_skip_dag.py took 0.053 seconds
[2025-08-13T03:29:29.180+0000] {processor.py:157} INFO - Started process (PID=6971) to work on /workspaces/hands-on-introduction-data-engineering-4395021/airflow_env/lib/python3.10/site-packages/airflow/example_dags/example_skip_dag.py
[2025-08-13T03:29:29.181+0000] {processor.py:826} INFO - Processing file /workspaces/hands-on-introduction-data-engineering-4395021/airflow_env/lib/python3.10/site-packages/airflow/example_dags/example_skip_dag.py for tasks to queue
[2025-08-13T03:29:29.181+0000] {logging_mixin.py:150} INFO - [2025-08-13T03:29:29.181+0000] {dagbag.py:541} INFO - Filling up the DagBag from /workspaces/hands-on-introduction-data-engineering-4395021/airflow_env/lib/python3.10/site-packages/airflow/example_dags/example_skip_dag.py
[2025-08-13T03:29:29.187+0000] {processor.py:836} INFO - DAG(s) dict_keys(['example_skip_dag']) retrieved from /workspaces/hands-on-introduction-data-engineering-4395021/airflow_env/lib/python3.10/site-packages/airflow/example_dags/example_skip_dag.py
[2025-08-13T03:29:29.198+0000] {logging_mixin.py:150} INFO - [2025-08-13T03:29:29.198+0000] {dag.py:2742} INFO - Sync 1 DAGs
[2025-08-13T03:29:29.212+0000] {logging_mixin.py:150} INFO - [2025-08-13T03:29:29.212+0000] {dag.py:3504} INFO - Setting next_dagrun for example_skip_dag to 2025-08-12T03:29:29.212388+00:00, run_after=2025-08-13T03:29:29.212388+00:00
[2025-08-13T03:29:29.227+0000] {processor.py:179} INFO - Processing /workspaces/hands-on-introduction-data-engineering-4395021/airflow_env/lib/python3.10/site-packages/airflow/example_dags/example_skip_dag.py took 0.049 seconds
[2025-08-13T03:30:14.857+0000] {processor.py:157} INFO - Started process (PID=7405) to work on /workspaces/hands-on-introduction-data-engineering-4395021/airflow_env/lib/python3.10/site-packages/airflow/example_dags/example_skip_dag.py
[2025-08-13T03:30:14.858+0000] {processor.py:826} INFO - Processing file /workspaces/hands-on-introduction-data-engineering-4395021/airflow_env/lib/python3.10/site-packages/airflow/example_dags/example_skip_dag.py for tasks to queue
[2025-08-13T03:30:14.858+0000] {logging_mixin.py:150} INFO - [2025-08-13T03:30:14.858+0000] {dagbag.py:541} INFO - Filling up the DagBag from /workspaces/hands-on-introduction-data-engineering-4395021/airflow_env/lib/python3.10/site-packages/airflow/example_dags/example_skip_dag.py
[2025-08-13T03:30:14.864+0000] {processor.py:836} INFO - DAG(s) dict_keys(['example_skip_dag']) retrieved from /workspaces/hands-on-introduction-data-engineering-4395021/airflow_env/lib/python3.10/site-packages/airflow/example_dags/example_skip_dag.py
[2025-08-13T03:30:14.876+0000] {logging_mixin.py:150} INFO - [2025-08-13T03:30:14.875+0000] {dag.py:2742} INFO - Sync 1 DAGs
[2025-08-13T03:30:14.889+0000] {logging_mixin.py:150} INFO - [2025-08-13T03:30:14.889+0000] {dag.py:3504} INFO - Setting next_dagrun for example_skip_dag to 2025-08-12T03:30:14.889664+00:00, run_after=2025-08-13T03:30:14.889664+00:00
[2025-08-13T03:30:14.905+0000] {processor.py:179} INFO - Processing /workspaces/hands-on-introduction-data-engineering-4395021/airflow_env/lib/python3.10/site-packages/airflow/example_dags/example_skip_dag.py took 0.050 seconds
[2025-08-13T03:30:57.130+0000] {processor.py:157} INFO - Started process (PID=7685) to work on /workspaces/hands-on-introduction-data-engineering-4395021/airflow_env/lib/python3.10/site-packages/airflow/example_dags/example_skip_dag.py
[2025-08-13T03:30:57.130+0000] {processor.py:826} INFO - Processing file /workspaces/hands-on-introduction-data-engineering-4395021/airflow_env/lib/python3.10/site-packages/airflow/example_dags/example_skip_dag.py for tasks to queue
[2025-08-13T03:30:57.131+0000] {logging_mixin.py:150} INFO - [2025-08-13T03:30:57.131+0000] {dagbag.py:541} INFO - Filling up the DagBag from /workspaces/hands-on-introduction-data-engineering-4395021/airflow_env/lib/python3.10/site-packages/airflow/example_dags/example_skip_dag.py
[2025-08-13T03:30:57.136+0000] {processor.py:836} INFO - DAG(s) dict_keys(['example_skip_dag']) retrieved from /workspaces/hands-on-introduction-data-engineering-4395021/airflow_env/lib/python3.10/site-packages/airflow/example_dags/example_skip_dag.py
[2025-08-13T03:30:57.148+0000] {logging_mixin.py:150} INFO - [2025-08-13T03:30:57.148+0000] {dag.py:2742} INFO - Sync 1 DAGs
[2025-08-13T03:30:57.163+0000] {logging_mixin.py:150} INFO - [2025-08-13T03:30:57.163+0000] {dag.py:3504} INFO - Setting next_dagrun for example_skip_dag to 2025-08-12T03:30:57.163209+00:00, run_after=2025-08-13T03:30:57.163209+00:00
[2025-08-13T03:30:57.179+0000] {processor.py:179} INFO - Processing /workspaces/hands-on-introduction-data-engineering-4395021/airflow_env/lib/python3.10/site-packages/airflow/example_dags/example_skip_dag.py took 0.051 seconds
[2025-08-13T03:31:39.993+0000] {processor.py:157} INFO - Started process (PID=7970) to work on /workspaces/hands-on-introduction-data-engineering-4395021/airflow_env/lib/python3.10/site-packages/airflow/example_dags/example_skip_dag.py
[2025-08-13T03:31:39.993+0000] {processor.py:826} INFO - Processing file /workspaces/hands-on-introduction-data-engineering-4395021/airflow_env/lib/python3.10/site-packages/airflow/example_dags/example_skip_dag.py for tasks to queue
[2025-08-13T03:31:39.994+0000] {logging_mixin.py:150} INFO - [2025-08-13T03:31:39.994+0000] {dagbag.py:541} INFO - Filling up the DagBag from /workspaces/hands-on-introduction-data-engineering-4395021/airflow_env/lib/python3.10/site-packages/airflow/example_dags/example_skip_dag.py
[2025-08-13T03:31:39.999+0000] {processor.py:836} INFO - DAG(s) dict_keys(['example_skip_dag']) retrieved from /workspaces/hands-on-introduction-data-engineering-4395021/airflow_env/lib/python3.10/site-packages/airflow/example_dags/example_skip_dag.py
[2025-08-13T03:31:40.012+0000] {logging_mixin.py:150} INFO - [2025-08-13T03:31:40.011+0000] {dag.py:2742} INFO - Sync 1 DAGs
[2025-08-13T03:31:40.026+0000] {logging_mixin.py:150} INFO - [2025-08-13T03:31:40.026+0000] {dag.py:3504} INFO - Setting next_dagrun for example_skip_dag to 2025-08-12T03:31:40.026162+00:00, run_after=2025-08-13T03:31:40.026162+00:00
[2025-08-13T03:31:40.041+0000] {processor.py:179} INFO - Processing /workspaces/hands-on-introduction-data-engineering-4395021/airflow_env/lib/python3.10/site-packages/airflow/example_dags/example_skip_dag.py took 0.051 seconds
[2025-08-13T03:32:27.532+0000] {processor.py:157} INFO - Started process (PID=8294) to work on /workspaces/hands-on-introduction-data-engineering-4395021/airflow_env/lib/python3.10/site-packages/airflow/example_dags/example_skip_dag.py
[2025-08-13T03:32:27.533+0000] {processor.py:826} INFO - Processing file /workspaces/hands-on-introduction-data-engineering-4395021/airflow_env/lib/python3.10/site-packages/airflow/example_dags/example_skip_dag.py for tasks to queue
[2025-08-13T03:32:27.534+0000] {logging_mixin.py:150} INFO - [2025-08-13T03:32:27.533+0000] {dagbag.py:541} INFO - Filling up the DagBag from /workspaces/hands-on-introduction-data-engineering-4395021/airflow_env/lib/python3.10/site-packages/airflow/example_dags/example_skip_dag.py
[2025-08-13T03:32:27.539+0000] {processor.py:836} INFO - DAG(s) dict_keys(['example_skip_dag']) retrieved from /workspaces/hands-on-introduction-data-engineering-4395021/airflow_env/lib/python3.10/site-packages/airflow/example_dags/example_skip_dag.py
[2025-08-13T03:32:27.551+0000] {logging_mixin.py:150} INFO - [2025-08-13T03:32:27.551+0000] {dag.py:2742} INFO - Sync 1 DAGs
[2025-08-13T03:32:27.565+0000] {logging_mixin.py:150} INFO - [2025-08-13T03:32:27.565+0000] {dag.py:3504} INFO - Setting next_dagrun for example_skip_dag to 2025-08-12T03:32:27.565221+00:00, run_after=2025-08-13T03:32:27.565221+00:00
[2025-08-13T03:32:27.580+0000] {processor.py:179} INFO - Processing /workspaces/hands-on-introduction-data-engineering-4395021/airflow_env/lib/python3.10/site-packages/airflow/example_dags/example_skip_dag.py took 0.050 seconds
[2025-08-13T03:33:13.424+0000] {processor.py:157} INFO - Started process (PID=8597) to work on /workspaces/hands-on-introduction-data-engineering-4395021/airflow_env/lib/python3.10/site-packages/airflow/example_dags/example_skip_dag.py
[2025-08-13T03:33:13.425+0000] {processor.py:826} INFO - Processing file /workspaces/hands-on-introduction-data-engineering-4395021/airflow_env/lib/python3.10/site-packages/airflow/example_dags/example_skip_dag.py for tasks to queue
[2025-08-13T03:33:13.425+0000] {logging_mixin.py:150} INFO - [2025-08-13T03:33:13.425+0000] {dagbag.py:541} INFO - Filling up the DagBag from /workspaces/hands-on-introduction-data-engineering-4395021/airflow_env/lib/python3.10/site-packages/airflow/example_dags/example_skip_dag.py
[2025-08-13T03:33:13.431+0000] {processor.py:836} INFO - DAG(s) dict_keys(['example_skip_dag']) retrieved from /workspaces/hands-on-introduction-data-engineering-4395021/airflow_env/lib/python3.10/site-packages/airflow/example_dags/example_skip_dag.py
[2025-08-13T03:33:13.443+0000] {logging_mixin.py:150} INFO - [2025-08-13T03:33:13.443+0000] {dag.py:2742} INFO - Sync 1 DAGs
[2025-08-13T03:33:13.458+0000] {logging_mixin.py:150} INFO - [2025-08-13T03:33:13.458+0000] {dag.py:3504} INFO - Setting next_dagrun for example_skip_dag to 2025-08-12T03:33:13.458503+00:00, run_after=2025-08-13T03:33:13.458503+00:00
[2025-08-13T03:33:13.474+0000] {processor.py:179} INFO - Processing /workspaces/hands-on-introduction-data-engineering-4395021/airflow_env/lib/python3.10/site-packages/airflow/example_dags/example_skip_dag.py took 0.052 seconds
[2025-08-13T03:33:54.830+0000] {processor.py:157} INFO - Started process (PID=8874) to work on /workspaces/hands-on-introduction-data-engineering-4395021/airflow_env/lib/python3.10/site-packages/airflow/example_dags/example_skip_dag.py
[2025-08-13T03:33:54.831+0000] {processor.py:826} INFO - Processing file /workspaces/hands-on-introduction-data-engineering-4395021/airflow_env/lib/python3.10/site-packages/airflow/example_dags/example_skip_dag.py for tasks to queue
[2025-08-13T03:33:54.831+0000] {logging_mixin.py:150} INFO - [2025-08-13T03:33:54.831+0000] {dagbag.py:541} INFO - Filling up the DagBag from /workspaces/hands-on-introduction-data-engineering-4395021/airflow_env/lib/python3.10/site-packages/airflow/example_dags/example_skip_dag.py
[2025-08-13T03:33:54.837+0000] {processor.py:836} INFO - DAG(s) dict_keys(['example_skip_dag']) retrieved from /workspaces/hands-on-introduction-data-engineering-4395021/airflow_env/lib/python3.10/site-packages/airflow/example_dags/example_skip_dag.py
[2025-08-13T03:33:54.849+0000] {logging_mixin.py:150} INFO - [2025-08-13T03:33:54.849+0000] {dag.py:2742} INFO - Sync 1 DAGs
[2025-08-13T03:33:54.863+0000] {logging_mixin.py:150} INFO - [2025-08-13T03:33:54.863+0000] {dag.py:3504} INFO - Setting next_dagrun for example_skip_dag to 2025-08-12T03:33:54.862994+00:00, run_after=2025-08-13T03:33:54.862994+00:00
[2025-08-13T03:33:54.879+0000] {processor.py:179} INFO - Processing /workspaces/hands-on-introduction-data-engineering-4395021/airflow_env/lib/python3.10/site-packages/airflow/example_dags/example_skip_dag.py took 0.051 seconds
[2025-08-13T03:34:40.494+0000] {processor.py:157} INFO - Started process (PID=9185) to work on /workspaces/hands-on-introduction-data-engineering-4395021/airflow_env/lib/python3.10/site-packages/airflow/example_dags/example_skip_dag.py
[2025-08-13T03:34:40.497+0000] {processor.py:826} INFO - Processing file /workspaces/hands-on-introduction-data-engineering-4395021/airflow_env/lib/python3.10/site-packages/airflow/example_dags/example_skip_dag.py for tasks to queue
[2025-08-13T03:34:40.497+0000] {logging_mixin.py:150} INFO - [2025-08-13T03:34:40.497+0000] {dagbag.py:541} INFO - Filling up the DagBag from /workspaces/hands-on-introduction-data-engineering-4395021/airflow_env/lib/python3.10/site-packages/airflow/example_dags/example_skip_dag.py
[2025-08-13T03:34:40.510+0000] {processor.py:836} INFO - DAG(s) dict_keys(['example_skip_dag']) retrieved from /workspaces/hands-on-introduction-data-engineering-4395021/airflow_env/lib/python3.10/site-packages/airflow/example_dags/example_skip_dag.py
[2025-08-13T03:34:40.535+0000] {logging_mixin.py:150} INFO - [2025-08-13T03:34:40.535+0000] {dag.py:2742} INFO - Sync 1 DAGs
[2025-08-13T03:34:40.572+0000] {logging_mixin.py:150} INFO - [2025-08-13T03:34:40.572+0000] {dag.py:3504} INFO - Setting next_dagrun for example_skip_dag to 2025-08-12T03:34:40.572263+00:00, run_after=2025-08-13T03:34:40.572263+00:00
[2025-08-13T03:34:40.596+0000] {processor.py:179} INFO - Processing /workspaces/hands-on-introduction-data-engineering-4395021/airflow_env/lib/python3.10/site-packages/airflow/example_dags/example_skip_dag.py took 0.105 seconds
[2025-08-13T03:35:22.897+0000] {processor.py:157} INFO - Started process (PID=9515) to work on /workspaces/hands-on-introduction-data-engineering-4395021/airflow_env/lib/python3.10/site-packages/airflow/example_dags/example_skip_dag.py
[2025-08-13T03:35:22.897+0000] {processor.py:826} INFO - Processing file /workspaces/hands-on-introduction-data-engineering-4395021/airflow_env/lib/python3.10/site-packages/airflow/example_dags/example_skip_dag.py for tasks to queue
[2025-08-13T03:35:22.898+0000] {logging_mixin.py:150} INFO - [2025-08-13T03:35:22.898+0000] {dagbag.py:541} INFO - Filling up the DagBag from /workspaces/hands-on-introduction-data-engineering-4395021/airflow_env/lib/python3.10/site-packages/airflow/example_dags/example_skip_dag.py
[2025-08-13T03:35:22.904+0000] {processor.py:836} INFO - DAG(s) dict_keys(['example_skip_dag']) retrieved from /workspaces/hands-on-introduction-data-engineering-4395021/airflow_env/lib/python3.10/site-packages/airflow/example_dags/example_skip_dag.py
[2025-08-13T03:35:22.916+0000] {logging_mixin.py:150} INFO - [2025-08-13T03:35:22.915+0000] {dag.py:2742} INFO - Sync 1 DAGs
[2025-08-13T03:35:22.930+0000] {logging_mixin.py:150} INFO - [2025-08-13T03:35:22.930+0000] {dag.py:3504} INFO - Setting next_dagrun for example_skip_dag to 2025-08-12T03:35:22.930446+00:00, run_after=2025-08-13T03:35:22.930446+00:00
[2025-08-13T03:35:22.945+0000] {processor.py:179} INFO - Processing /workspaces/hands-on-introduction-data-engineering-4395021/airflow_env/lib/python3.10/site-packages/airflow/example_dags/example_skip_dag.py took 0.051 seconds
[2025-08-13T03:36:08.460+0000] {processor.py:157} INFO - Started process (PID=9992) to work on /workspaces/hands-on-introduction-data-engineering-4395021/airflow_env/lib/python3.10/site-packages/airflow/example_dags/example_skip_dag.py
[2025-08-13T03:36:08.461+0000] {processor.py:826} INFO - Processing file /workspaces/hands-on-introduction-data-engineering-4395021/airflow_env/lib/python3.10/site-packages/airflow/example_dags/example_skip_dag.py for tasks to queue
[2025-08-13T03:36:08.461+0000] {logging_mixin.py:150} INFO - [2025-08-13T03:36:08.461+0000] {dagbag.py:541} INFO - Filling up the DagBag from /workspaces/hands-on-introduction-data-engineering-4395021/airflow_env/lib/python3.10/site-packages/airflow/example_dags/example_skip_dag.py
[2025-08-13T03:36:08.467+0000] {processor.py:836} INFO - DAG(s) dict_keys(['example_skip_dag']) retrieved from /workspaces/hands-on-introduction-data-engineering-4395021/airflow_env/lib/python3.10/site-packages/airflow/example_dags/example_skip_dag.py
[2025-08-13T03:36:08.479+0000] {logging_mixin.py:150} INFO - [2025-08-13T03:36:08.479+0000] {dag.py:2742} INFO - Sync 1 DAGs
[2025-08-13T03:36:08.493+0000] {logging_mixin.py:150} INFO - [2025-08-13T03:36:08.493+0000] {dag.py:3504} INFO - Setting next_dagrun for example_skip_dag to 2025-08-12T03:36:08.493492+00:00, run_after=2025-08-13T03:36:08.493492+00:00
[2025-08-13T03:36:08.509+0000] {processor.py:179} INFO - Processing /workspaces/hands-on-introduction-data-engineering-4395021/airflow_env/lib/python3.10/site-packages/airflow/example_dags/example_skip_dag.py took 0.051 seconds
[2025-08-13T03:36:50.595+0000] {processor.py:157} INFO - Started process (PID=10296) to work on /workspaces/hands-on-introduction-data-engineering-4395021/airflow_env/lib/python3.10/site-packages/airflow/example_dags/example_skip_dag.py
[2025-08-13T03:36:50.595+0000] {processor.py:826} INFO - Processing file /workspaces/hands-on-introduction-data-engineering-4395021/airflow_env/lib/python3.10/site-packages/airflow/example_dags/example_skip_dag.py for tasks to queue
[2025-08-13T03:36:50.596+0000] {logging_mixin.py:150} INFO - [2025-08-13T03:36:50.596+0000] {dagbag.py:541} INFO - Filling up the DagBag from /workspaces/hands-on-introduction-data-engineering-4395021/airflow_env/lib/python3.10/site-packages/airflow/example_dags/example_skip_dag.py
[2025-08-13T03:36:50.601+0000] {processor.py:836} INFO - DAG(s) dict_keys(['example_skip_dag']) retrieved from /workspaces/hands-on-introduction-data-engineering-4395021/airflow_env/lib/python3.10/site-packages/airflow/example_dags/example_skip_dag.py
[2025-08-13T03:36:50.613+0000] {logging_mixin.py:150} INFO - [2025-08-13T03:36:50.613+0000] {dag.py:2742} INFO - Sync 1 DAGs
[2025-08-13T03:36:50.627+0000] {logging_mixin.py:150} INFO - [2025-08-13T03:36:50.627+0000] {dag.py:3504} INFO - Setting next_dagrun for example_skip_dag to 2025-08-12T03:36:50.627335+00:00, run_after=2025-08-13T03:36:50.627335+00:00
[2025-08-13T03:36:50.643+0000] {processor.py:179} INFO - Processing /workspaces/hands-on-introduction-data-engineering-4395021/airflow_env/lib/python3.10/site-packages/airflow/example_dags/example_skip_dag.py took 0.050 seconds
[2025-08-13T03:37:34.122+0000] {processor.py:157} INFO - Started process (PID=10735) to work on /workspaces/hands-on-introduction-data-engineering-4395021/airflow_env/lib/python3.10/site-packages/airflow/example_dags/example_skip_dag.py
[2025-08-13T03:37:34.122+0000] {processor.py:826} INFO - Processing file /workspaces/hands-on-introduction-data-engineering-4395021/airflow_env/lib/python3.10/site-packages/airflow/example_dags/example_skip_dag.py for tasks to queue
[2025-08-13T03:37:34.123+0000] {logging_mixin.py:150} INFO - [2025-08-13T03:37:34.123+0000] {dagbag.py:541} INFO - Filling up the DagBag from /workspaces/hands-on-introduction-data-engineering-4395021/airflow_env/lib/python3.10/site-packages/airflow/example_dags/example_skip_dag.py
[2025-08-13T03:37:34.128+0000] {processor.py:836} INFO - DAG(s) dict_keys(['example_skip_dag']) retrieved from /workspaces/hands-on-introduction-data-engineering-4395021/airflow_env/lib/python3.10/site-packages/airflow/example_dags/example_skip_dag.py
[2025-08-13T03:37:34.140+0000] {logging_mixin.py:150} INFO - [2025-08-13T03:37:34.140+0000] {dag.py:2742} INFO - Sync 1 DAGs
[2025-08-13T03:37:34.154+0000] {logging_mixin.py:150} INFO - [2025-08-13T03:37:34.154+0000] {dag.py:3504} INFO - Setting next_dagrun for example_skip_dag to 2025-08-12T03:37:34.154401+00:00, run_after=2025-08-13T03:37:34.154401+00:00
[2025-08-13T03:37:34.169+0000] {processor.py:179} INFO - Processing /workspaces/hands-on-introduction-data-engineering-4395021/airflow_env/lib/python3.10/site-packages/airflow/example_dags/example_skip_dag.py took 0.050 seconds
[2025-08-13T03:38:17.142+0000] {processor.py:157} INFO - Started process (PID=11057) to work on /workspaces/hands-on-introduction-data-engineering-4395021/airflow_env/lib/python3.10/site-packages/airflow/example_dags/example_skip_dag.py
[2025-08-13T03:38:17.143+0000] {processor.py:826} INFO - Processing file /workspaces/hands-on-introduction-data-engineering-4395021/airflow_env/lib/python3.10/site-packages/airflow/example_dags/example_skip_dag.py for tasks to queue
[2025-08-13T03:38:17.143+0000] {logging_mixin.py:150} INFO - [2025-08-13T03:38:17.143+0000] {dagbag.py:541} INFO - Filling up the DagBag from /workspaces/hands-on-introduction-data-engineering-4395021/airflow_env/lib/python3.10/site-packages/airflow/example_dags/example_skip_dag.py
[2025-08-13T03:38:17.149+0000] {processor.py:836} INFO - DAG(s) dict_keys(['example_skip_dag']) retrieved from /workspaces/hands-on-introduction-data-engineering-4395021/airflow_env/lib/python3.10/site-packages/airflow/example_dags/example_skip_dag.py
[2025-08-13T03:38:17.161+0000] {logging_mixin.py:150} INFO - [2025-08-13T03:38:17.161+0000] {dag.py:2742} INFO - Sync 1 DAGs
[2025-08-13T03:38:17.175+0000] {logging_mixin.py:150} INFO - [2025-08-13T03:38:17.175+0000] {dag.py:3504} INFO - Setting next_dagrun for example_skip_dag to 2025-08-12T03:38:17.175163+00:00, run_after=2025-08-13T03:38:17.175163+00:00
[2025-08-13T03:38:17.191+0000] {processor.py:179} INFO - Processing /workspaces/hands-on-introduction-data-engineering-4395021/airflow_env/lib/python3.10/site-packages/airflow/example_dags/example_skip_dag.py took 0.051 seconds
[2025-08-13T10:25:46.250+0000] {processor.py:157} INFO - Started process (PID=2334) to work on /workspaces/hands-on-introduction-data-engineering-4395021/airflow_env/lib/python3.10/site-packages/airflow/example_dags/example_skip_dag.py
[2025-08-13T10:25:46.252+0000] {processor.py:826} INFO - Processing file /workspaces/hands-on-introduction-data-engineering-4395021/airflow_env/lib/python3.10/site-packages/airflow/example_dags/example_skip_dag.py for tasks to queue
[2025-08-13T10:25:46.252+0000] {logging_mixin.py:150} INFO - [2025-08-13T10:25:46.252+0000] {dagbag.py:541} INFO - Filling up the DagBag from /workspaces/hands-on-introduction-data-engineering-4395021/airflow_env/lib/python3.10/site-packages/airflow/example_dags/example_skip_dag.py
[2025-08-13T10:25:46.260+0000] {processor.py:836} INFO - DAG(s) dict_keys(['example_skip_dag']) retrieved from /workspaces/hands-on-introduction-data-engineering-4395021/airflow_env/lib/python3.10/site-packages/airflow/example_dags/example_skip_dag.py
[2025-08-13T10:25:46.273+0000] {logging_mixin.py:150} INFO - [2025-08-13T10:25:46.273+0000] {dag.py:2742} INFO - Sync 1 DAGs
[2025-08-13T10:25:46.287+0000] {logging_mixin.py:150} INFO - [2025-08-13T10:25:46.287+0000] {dag.py:3504} INFO - Setting next_dagrun for example_skip_dag to 2025-08-12T10:25:46.287000+00:00, run_after=2025-08-13T10:25:46.287000+00:00
[2025-08-13T10:25:46.302+0000] {processor.py:179} INFO - Processing /workspaces/hands-on-introduction-data-engineering-4395021/airflow_env/lib/python3.10/site-packages/airflow/example_dags/example_skip_dag.py took 0.055 seconds
[2025-08-13T10:26:30.304+0000] {processor.py:157} INFO - Started process (PID=2711) to work on /workspaces/hands-on-introduction-data-engineering-4395021/airflow_env/lib/python3.10/site-packages/airflow/example_dags/example_skip_dag.py
[2025-08-13T10:26:30.305+0000] {processor.py:826} INFO - Processing file /workspaces/hands-on-introduction-data-engineering-4395021/airflow_env/lib/python3.10/site-packages/airflow/example_dags/example_skip_dag.py for tasks to queue
[2025-08-13T10:26:30.305+0000] {logging_mixin.py:150} INFO - [2025-08-13T10:26:30.305+0000] {dagbag.py:541} INFO - Filling up the DagBag from /workspaces/hands-on-introduction-data-engineering-4395021/airflow_env/lib/python3.10/site-packages/airflow/example_dags/example_skip_dag.py
[2025-08-13T10:26:30.311+0000] {processor.py:836} INFO - DAG(s) dict_keys(['example_skip_dag']) retrieved from /workspaces/hands-on-introduction-data-engineering-4395021/airflow_env/lib/python3.10/site-packages/airflow/example_dags/example_skip_dag.py
[2025-08-13T10:26:30.323+0000] {logging_mixin.py:150} INFO - [2025-08-13T10:26:30.323+0000] {dag.py:2742} INFO - Sync 1 DAGs
[2025-08-13T10:26:30.339+0000] {logging_mixin.py:150} INFO - [2025-08-13T10:26:30.338+0000] {dag.py:3504} INFO - Setting next_dagrun for example_skip_dag to 2025-08-12T10:26:30.338666+00:00, run_after=2025-08-13T10:26:30.338666+00:00
[2025-08-13T10:26:30.355+0000] {processor.py:179} INFO - Processing /workspaces/hands-on-introduction-data-engineering-4395021/airflow_env/lib/python3.10/site-packages/airflow/example_dags/example_skip_dag.py took 0.053 seconds
[2025-08-13T10:27:14.789+0000] {processor.py:157} INFO - Started process (PID=3004) to work on /workspaces/hands-on-introduction-data-engineering-4395021/airflow_env/lib/python3.10/site-packages/airflow/example_dags/example_skip_dag.py
[2025-08-13T10:27:14.790+0000] {processor.py:826} INFO - Processing file /workspaces/hands-on-introduction-data-engineering-4395021/airflow_env/lib/python3.10/site-packages/airflow/example_dags/example_skip_dag.py for tasks to queue
[2025-08-13T10:27:14.791+0000] {logging_mixin.py:150} INFO - [2025-08-13T10:27:14.791+0000] {dagbag.py:541} INFO - Filling up the DagBag from /workspaces/hands-on-introduction-data-engineering-4395021/airflow_env/lib/python3.10/site-packages/airflow/example_dags/example_skip_dag.py
[2025-08-13T10:27:14.796+0000] {processor.py:836} INFO - DAG(s) dict_keys(['example_skip_dag']) retrieved from /workspaces/hands-on-introduction-data-engineering-4395021/airflow_env/lib/python3.10/site-packages/airflow/example_dags/example_skip_dag.py
[2025-08-13T10:27:14.808+0000] {logging_mixin.py:150} INFO - [2025-08-13T10:27:14.808+0000] {dag.py:2742} INFO - Sync 1 DAGs
[2025-08-13T10:27:14.824+0000] {logging_mixin.py:150} INFO - [2025-08-13T10:27:14.824+0000] {dag.py:3504} INFO - Setting next_dagrun for example_skip_dag to 2025-08-12T10:27:14.823817+00:00, run_after=2025-08-13T10:27:14.823817+00:00
[2025-08-13T10:27:14.840+0000] {processor.py:179} INFO - Processing /workspaces/hands-on-introduction-data-engineering-4395021/airflow_env/lib/python3.10/site-packages/airflow/example_dags/example_skip_dag.py took 0.053 seconds
[2025-08-13T10:27:57.617+0000] {processor.py:157} INFO - Started process (PID=3379) to work on /workspaces/hands-on-introduction-data-engineering-4395021/airflow_env/lib/python3.10/site-packages/airflow/example_dags/example_skip_dag.py
[2025-08-13T10:27:57.618+0000] {processor.py:826} INFO - Processing file /workspaces/hands-on-introduction-data-engineering-4395021/airflow_env/lib/python3.10/site-packages/airflow/example_dags/example_skip_dag.py for tasks to queue
[2025-08-13T10:27:57.619+0000] {logging_mixin.py:150} INFO - [2025-08-13T10:27:57.618+0000] {dagbag.py:541} INFO - Filling up the DagBag from /workspaces/hands-on-introduction-data-engineering-4395021/airflow_env/lib/python3.10/site-packages/airflow/example_dags/example_skip_dag.py
[2025-08-13T10:27:57.624+0000] {processor.py:836} INFO - DAG(s) dict_keys(['example_skip_dag']) retrieved from /workspaces/hands-on-introduction-data-engineering-4395021/airflow_env/lib/python3.10/site-packages/airflow/example_dags/example_skip_dag.py
[2025-08-13T10:27:57.635+0000] {logging_mixin.py:150} INFO - [2025-08-13T10:27:57.635+0000] {dag.py:2742} INFO - Sync 1 DAGs
[2025-08-13T10:27:57.649+0000] {logging_mixin.py:150} INFO - [2025-08-13T10:27:57.649+0000] {dag.py:3504} INFO - Setting next_dagrun for example_skip_dag to 2025-08-12T10:27:57.649402+00:00, run_after=2025-08-13T10:27:57.649402+00:00
[2025-08-13T10:27:57.665+0000] {processor.py:179} INFO - Processing /workspaces/hands-on-introduction-data-engineering-4395021/airflow_env/lib/python3.10/site-packages/airflow/example_dags/example_skip_dag.py took 0.049 seconds
[2025-08-13T10:28:41.098+0000] {processor.py:157} INFO - Started process (PID=3740) to work on /workspaces/hands-on-introduction-data-engineering-4395021/airflow_env/lib/python3.10/site-packages/airflow/example_dags/example_skip_dag.py
[2025-08-13T10:28:41.099+0000] {processor.py:826} INFO - Processing file /workspaces/hands-on-introduction-data-engineering-4395021/airflow_env/lib/python3.10/site-packages/airflow/example_dags/example_skip_dag.py for tasks to queue
[2025-08-13T10:28:41.100+0000] {logging_mixin.py:150} INFO - [2025-08-13T10:28:41.100+0000] {dagbag.py:541} INFO - Filling up the DagBag from /workspaces/hands-on-introduction-data-engineering-4395021/airflow_env/lib/python3.10/site-packages/airflow/example_dags/example_skip_dag.py
[2025-08-13T10:28:41.113+0000] {processor.py:836} INFO - DAG(s) dict_keys(['example_skip_dag']) retrieved from /workspaces/hands-on-introduction-data-engineering-4395021/airflow_env/lib/python3.10/site-packages/airflow/example_dags/example_skip_dag.py
[2025-08-13T10:28:41.130+0000] {logging_mixin.py:150} INFO - [2025-08-13T10:28:41.130+0000] {dag.py:2742} INFO - Sync 1 DAGs
[2025-08-13T10:28:41.151+0000] {logging_mixin.py:150} INFO - [2025-08-13T10:28:41.151+0000] {dag.py:3504} INFO - Setting next_dagrun for example_skip_dag to 2025-08-12T10:28:41.150762+00:00, run_after=2025-08-13T10:28:41.150762+00:00
[2025-08-13T10:28:41.181+0000] {processor.py:179} INFO - Processing /workspaces/hands-on-introduction-data-engineering-4395021/airflow_env/lib/python3.10/site-packages/airflow/example_dags/example_skip_dag.py took 0.084 seconds
[2025-08-13T10:29:27.826+0000] {processor.py:157} INFO - Started process (PID=4122) to work on /workspaces/hands-on-introduction-data-engineering-4395021/airflow_env/lib/python3.10/site-packages/airflow/example_dags/example_skip_dag.py
[2025-08-13T10:29:27.827+0000] {processor.py:826} INFO - Processing file /workspaces/hands-on-introduction-data-engineering-4395021/airflow_env/lib/python3.10/site-packages/airflow/example_dags/example_skip_dag.py for tasks to queue
[2025-08-13T10:29:27.828+0000] {logging_mixin.py:150} INFO - [2025-08-13T10:29:27.827+0000] {dagbag.py:541} INFO - Filling up the DagBag from /workspaces/hands-on-introduction-data-engineering-4395021/airflow_env/lib/python3.10/site-packages/airflow/example_dags/example_skip_dag.py
[2025-08-13T10:29:27.833+0000] {processor.py:836} INFO - DAG(s) dict_keys(['example_skip_dag']) retrieved from /workspaces/hands-on-introduction-data-engineering-4395021/airflow_env/lib/python3.10/site-packages/airflow/example_dags/example_skip_dag.py
[2025-08-13T10:29:27.847+0000] {logging_mixin.py:150} INFO - [2025-08-13T10:29:27.847+0000] {dag.py:2742} INFO - Sync 1 DAGs
[2025-08-13T10:29:27.868+0000] {logging_mixin.py:150} INFO - [2025-08-13T10:29:27.868+0000] {dag.py:3504} INFO - Setting next_dagrun for example_skip_dag to 2025-08-12T10:29:27.868020+00:00, run_after=2025-08-13T10:29:27.868020+00:00
[2025-08-13T10:29:27.883+0000] {processor.py:179} INFO - Processing /workspaces/hands-on-introduction-data-engineering-4395021/airflow_env/lib/python3.10/site-packages/airflow/example_dags/example_skip_dag.py took 0.059 seconds
[2025-08-13T10:30:11.143+0000] {processor.py:157} INFO - Started process (PID=4421) to work on /workspaces/hands-on-introduction-data-engineering-4395021/airflow_env/lib/python3.10/site-packages/airflow/example_dags/example_skip_dag.py
[2025-08-13T10:30:11.143+0000] {processor.py:826} INFO - Processing file /workspaces/hands-on-introduction-data-engineering-4395021/airflow_env/lib/python3.10/site-packages/airflow/example_dags/example_skip_dag.py for tasks to queue
[2025-08-13T10:30:11.144+0000] {logging_mixin.py:150} INFO - [2025-08-13T10:30:11.144+0000] {dagbag.py:541} INFO - Filling up the DagBag from /workspaces/hands-on-introduction-data-engineering-4395021/airflow_env/lib/python3.10/site-packages/airflow/example_dags/example_skip_dag.py
[2025-08-13T10:30:11.149+0000] {processor.py:836} INFO - DAG(s) dict_keys(['example_skip_dag']) retrieved from /workspaces/hands-on-introduction-data-engineering-4395021/airflow_env/lib/python3.10/site-packages/airflow/example_dags/example_skip_dag.py
[2025-08-13T10:30:11.161+0000] {logging_mixin.py:150} INFO - [2025-08-13T10:30:11.161+0000] {dag.py:2742} INFO - Sync 1 DAGs
[2025-08-13T10:30:11.175+0000] {logging_mixin.py:150} INFO - [2025-08-13T10:30:11.175+0000] {dag.py:3504} INFO - Setting next_dagrun for example_skip_dag to 2025-08-12T10:30:11.175140+00:00, run_after=2025-08-13T10:30:11.175140+00:00
[2025-08-13T10:30:11.190+0000] {processor.py:179} INFO - Processing /workspaces/hands-on-introduction-data-engineering-4395021/airflow_env/lib/python3.10/site-packages/airflow/example_dags/example_skip_dag.py took 0.049 seconds
[2025-08-13T10:30:57.370+0000] {processor.py:157} INFO - Started process (PID=4747) to work on /workspaces/hands-on-introduction-data-engineering-4395021/airflow_env/lib/python3.10/site-packages/airflow/example_dags/example_skip_dag.py
[2025-08-13T10:30:57.371+0000] {processor.py:826} INFO - Processing file /workspaces/hands-on-introduction-data-engineering-4395021/airflow_env/lib/python3.10/site-packages/airflow/example_dags/example_skip_dag.py for tasks to queue
[2025-08-13T10:30:57.371+0000] {logging_mixin.py:150} INFO - [2025-08-13T10:30:57.371+0000] {dagbag.py:541} INFO - Filling up the DagBag from /workspaces/hands-on-introduction-data-engineering-4395021/airflow_env/lib/python3.10/site-packages/airflow/example_dags/example_skip_dag.py
[2025-08-13T10:30:57.377+0000] {processor.py:836} INFO - DAG(s) dict_keys(['example_skip_dag']) retrieved from /workspaces/hands-on-introduction-data-engineering-4395021/airflow_env/lib/python3.10/site-packages/airflow/example_dags/example_skip_dag.py
[2025-08-13T10:30:57.388+0000] {logging_mixin.py:150} INFO - [2025-08-13T10:30:57.388+0000] {dag.py:2742} INFO - Sync 1 DAGs
[2025-08-13T10:30:57.402+0000] {logging_mixin.py:150} INFO - [2025-08-13T10:30:57.402+0000] {dag.py:3504} INFO - Setting next_dagrun for example_skip_dag to 2025-08-12T10:30:57.402384+00:00, run_after=2025-08-13T10:30:57.402384+00:00
[2025-08-13T10:30:57.417+0000] {processor.py:179} INFO - Processing /workspaces/hands-on-introduction-data-engineering-4395021/airflow_env/lib/python3.10/site-packages/airflow/example_dags/example_skip_dag.py took 0.049 seconds
[2025-08-13T10:31:41.884+0000] {processor.py:157} INFO - Started process (PID=5047) to work on /workspaces/hands-on-introduction-data-engineering-4395021/airflow_env/lib/python3.10/site-packages/airflow/example_dags/example_skip_dag.py
[2025-08-13T10:31:41.884+0000] {processor.py:826} INFO - Processing file /workspaces/hands-on-introduction-data-engineering-4395021/airflow_env/lib/python3.10/site-packages/airflow/example_dags/example_skip_dag.py for tasks to queue
[2025-08-13T10:31:41.885+0000] {logging_mixin.py:150} INFO - [2025-08-13T10:31:41.885+0000] {dagbag.py:541} INFO - Filling up the DagBag from /workspaces/hands-on-introduction-data-engineering-4395021/airflow_env/lib/python3.10/site-packages/airflow/example_dags/example_skip_dag.py
[2025-08-13T10:31:41.891+0000] {processor.py:836} INFO - DAG(s) dict_keys(['example_skip_dag']) retrieved from /workspaces/hands-on-introduction-data-engineering-4395021/airflow_env/lib/python3.10/site-packages/airflow/example_dags/example_skip_dag.py
[2025-08-13T10:31:41.903+0000] {logging_mixin.py:150} INFO - [2025-08-13T10:31:41.902+0000] {dag.py:2742} INFO - Sync 1 DAGs
[2025-08-13T10:31:41.917+0000] {logging_mixin.py:150} INFO - [2025-08-13T10:31:41.917+0000] {dag.py:3504} INFO - Setting next_dagrun for example_skip_dag to 2025-08-12T10:31:41.917079+00:00, run_after=2025-08-13T10:31:41.917079+00:00
[2025-08-13T10:31:41.932+0000] {processor.py:179} INFO - Processing /workspaces/hands-on-introduction-data-engineering-4395021/airflow_env/lib/python3.10/site-packages/airflow/example_dags/example_skip_dag.py took 0.050 seconds
[2025-08-13T10:32:23.600+0000] {processor.py:157} INFO - Started process (PID=5323) to work on /workspaces/hands-on-introduction-data-engineering-4395021/airflow_env/lib/python3.10/site-packages/airflow/example_dags/example_skip_dag.py
[2025-08-13T10:32:23.600+0000] {processor.py:826} INFO - Processing file /workspaces/hands-on-introduction-data-engineering-4395021/airflow_env/lib/python3.10/site-packages/airflow/example_dags/example_skip_dag.py for tasks to queue
[2025-08-13T10:32:23.601+0000] {logging_mixin.py:150} INFO - [2025-08-13T10:32:23.601+0000] {dagbag.py:541} INFO - Filling up the DagBag from /workspaces/hands-on-introduction-data-engineering-4395021/airflow_env/lib/python3.10/site-packages/airflow/example_dags/example_skip_dag.py
[2025-08-13T10:32:23.606+0000] {processor.py:836} INFO - DAG(s) dict_keys(['example_skip_dag']) retrieved from /workspaces/hands-on-introduction-data-engineering-4395021/airflow_env/lib/python3.10/site-packages/airflow/example_dags/example_skip_dag.py
[2025-08-13T10:32:23.618+0000] {logging_mixin.py:150} INFO - [2025-08-13T10:32:23.618+0000] {dag.py:2742} INFO - Sync 1 DAGs
[2025-08-13T10:32:23.631+0000] {logging_mixin.py:150} INFO - [2025-08-13T10:32:23.631+0000] {dag.py:3504} INFO - Setting next_dagrun for example_skip_dag to 2025-08-12T10:32:23.631641+00:00, run_after=2025-08-13T10:32:23.631641+00:00
[2025-08-13T10:32:23.647+0000] {processor.py:179} INFO - Processing /workspaces/hands-on-introduction-data-engineering-4395021/airflow_env/lib/python3.10/site-packages/airflow/example_dags/example_skip_dag.py took 0.050 seconds
[2025-08-13T10:33:09.813+0000] {processor.py:157} INFO - Started process (PID=5719) to work on /workspaces/hands-on-introduction-data-engineering-4395021/airflow_env/lib/python3.10/site-packages/airflow/example_dags/example_skip_dag.py
[2025-08-13T10:33:09.814+0000] {processor.py:826} INFO - Processing file /workspaces/hands-on-introduction-data-engineering-4395021/airflow_env/lib/python3.10/site-packages/airflow/example_dags/example_skip_dag.py for tasks to queue
[2025-08-13T10:33:09.814+0000] {logging_mixin.py:150} INFO - [2025-08-13T10:33:09.814+0000] {dagbag.py:541} INFO - Filling up the DagBag from /workspaces/hands-on-introduction-data-engineering-4395021/airflow_env/lib/python3.10/site-packages/airflow/example_dags/example_skip_dag.py
[2025-08-13T10:33:09.820+0000] {processor.py:836} INFO - DAG(s) dict_keys(['example_skip_dag']) retrieved from /workspaces/hands-on-introduction-data-engineering-4395021/airflow_env/lib/python3.10/site-packages/airflow/example_dags/example_skip_dag.py
[2025-08-13T10:33:09.832+0000] {logging_mixin.py:150} INFO - [2025-08-13T10:33:09.832+0000] {dag.py:2742} INFO - Sync 1 DAGs
[2025-08-13T10:33:09.848+0000] {logging_mixin.py:150} INFO - [2025-08-13T10:33:09.848+0000] {dag.py:3504} INFO - Setting next_dagrun for example_skip_dag to 2025-08-12T10:33:09.848230+00:00, run_after=2025-08-13T10:33:09.848230+00:00
[2025-08-13T10:33:09.863+0000] {processor.py:179} INFO - Processing /workspaces/hands-on-introduction-data-engineering-4395021/airflow_env/lib/python3.10/site-packages/airflow/example_dags/example_skip_dag.py took 0.052 seconds
[2025-08-13T10:33:52.225+0000] {processor.py:157} INFO - Started process (PID=6089) to work on /workspaces/hands-on-introduction-data-engineering-4395021/airflow_env/lib/python3.10/site-packages/airflow/example_dags/example_skip_dag.py
[2025-08-13T10:33:52.226+0000] {processor.py:826} INFO - Processing file /workspaces/hands-on-introduction-data-engineering-4395021/airflow_env/lib/python3.10/site-packages/airflow/example_dags/example_skip_dag.py for tasks to queue
[2025-08-13T10:33:52.227+0000] {logging_mixin.py:150} INFO - [2025-08-13T10:33:52.226+0000] {dagbag.py:541} INFO - Filling up the DagBag from /workspaces/hands-on-introduction-data-engineering-4395021/airflow_env/lib/python3.10/site-packages/airflow/example_dags/example_skip_dag.py
[2025-08-13T10:33:52.232+0000] {processor.py:836} INFO - DAG(s) dict_keys(['example_skip_dag']) retrieved from /workspaces/hands-on-introduction-data-engineering-4395021/airflow_env/lib/python3.10/site-packages/airflow/example_dags/example_skip_dag.py
[2025-08-13T10:33:52.243+0000] {logging_mixin.py:150} INFO - [2025-08-13T10:33:52.243+0000] {dag.py:2742} INFO - Sync 1 DAGs
[2025-08-13T10:33:52.258+0000] {logging_mixin.py:150} INFO - [2025-08-13T10:33:52.258+0000] {dag.py:3504} INFO - Setting next_dagrun for example_skip_dag to 2025-08-12T10:33:52.257839+00:00, run_after=2025-08-13T10:33:52.257839+00:00
[2025-08-13T10:33:52.272+0000] {processor.py:179} INFO - Processing /workspaces/hands-on-introduction-data-engineering-4395021/airflow_env/lib/python3.10/site-packages/airflow/example_dags/example_skip_dag.py took 0.049 seconds
[2025-08-13T10:34:37.318+0000] {processor.py:157} INFO - Started process (PID=6451) to work on /workspaces/hands-on-introduction-data-engineering-4395021/airflow_env/lib/python3.10/site-packages/airflow/example_dags/example_skip_dag.py
[2025-08-13T10:34:37.319+0000] {processor.py:826} INFO - Processing file /workspaces/hands-on-introduction-data-engineering-4395021/airflow_env/lib/python3.10/site-packages/airflow/example_dags/example_skip_dag.py for tasks to queue
[2025-08-13T10:34:37.320+0000] {logging_mixin.py:150} INFO - [2025-08-13T10:34:37.319+0000] {dagbag.py:541} INFO - Filling up the DagBag from /workspaces/hands-on-introduction-data-engineering-4395021/airflow_env/lib/python3.10/site-packages/airflow/example_dags/example_skip_dag.py
[2025-08-13T10:34:37.325+0000] {processor.py:836} INFO - DAG(s) dict_keys(['example_skip_dag']) retrieved from /workspaces/hands-on-introduction-data-engineering-4395021/airflow_env/lib/python3.10/site-packages/airflow/example_dags/example_skip_dag.py
[2025-08-13T10:34:37.336+0000] {logging_mixin.py:150} INFO - [2025-08-13T10:34:37.336+0000] {dag.py:2742} INFO - Sync 1 DAGs
[2025-08-13T10:34:37.350+0000] {logging_mixin.py:150} INFO - [2025-08-13T10:34:37.350+0000] {dag.py:3504} INFO - Setting next_dagrun for example_skip_dag to 2025-08-12T10:34:37.350352+00:00, run_after=2025-08-13T10:34:37.350352+00:00
[2025-08-13T10:34:37.365+0000] {processor.py:179} INFO - Processing /workspaces/hands-on-introduction-data-engineering-4395021/airflow_env/lib/python3.10/site-packages/airflow/example_dags/example_skip_dag.py took 0.049 seconds
[2025-08-13T10:35:24.768+0000] {processor.py:157} INFO - Started process (PID=6817) to work on /workspaces/hands-on-introduction-data-engineering-4395021/airflow_env/lib/python3.10/site-packages/airflow/example_dags/example_skip_dag.py
[2025-08-13T10:35:24.768+0000] {processor.py:826} INFO - Processing file /workspaces/hands-on-introduction-data-engineering-4395021/airflow_env/lib/python3.10/site-packages/airflow/example_dags/example_skip_dag.py for tasks to queue
[2025-08-13T10:35:24.769+0000] {logging_mixin.py:150} INFO - [2025-08-13T10:35:24.769+0000] {dagbag.py:541} INFO - Filling up the DagBag from /workspaces/hands-on-introduction-data-engineering-4395021/airflow_env/lib/python3.10/site-packages/airflow/example_dags/example_skip_dag.py
[2025-08-13T10:35:24.774+0000] {processor.py:836} INFO - DAG(s) dict_keys(['example_skip_dag']) retrieved from /workspaces/hands-on-introduction-data-engineering-4395021/airflow_env/lib/python3.10/site-packages/airflow/example_dags/example_skip_dag.py
[2025-08-13T10:35:24.786+0000] {logging_mixin.py:150} INFO - [2025-08-13T10:35:24.786+0000] {dag.py:2742} INFO - Sync 1 DAGs
[2025-08-13T10:35:24.800+0000] {logging_mixin.py:150} INFO - [2025-08-13T10:35:24.800+0000] {dag.py:3504} INFO - Setting next_dagrun for example_skip_dag to 2025-08-12T10:35:24.800504+00:00, run_after=2025-08-13T10:35:24.800504+00:00
[2025-08-13T10:35:24.816+0000] {processor.py:179} INFO - Processing /workspaces/hands-on-introduction-data-engineering-4395021/airflow_env/lib/python3.10/site-packages/airflow/example_dags/example_skip_dag.py took 0.050 seconds
[2025-08-13T10:36:04.360+0000] {processor.py:157} INFO - Started process (PID=7088) to work on /workspaces/hands-on-introduction-data-engineering-4395021/airflow_env/lib/python3.10/site-packages/airflow/example_dags/example_skip_dag.py
[2025-08-13T10:36:04.361+0000] {processor.py:826} INFO - Processing file /workspaces/hands-on-introduction-data-engineering-4395021/airflow_env/lib/python3.10/site-packages/airflow/example_dags/example_skip_dag.py for tasks to queue
[2025-08-13T10:36:04.361+0000] {logging_mixin.py:150} INFO - [2025-08-13T10:36:04.361+0000] {dagbag.py:541} INFO - Filling up the DagBag from /workspaces/hands-on-introduction-data-engineering-4395021/airflow_env/lib/python3.10/site-packages/airflow/example_dags/example_skip_dag.py
[2025-08-13T10:36:04.367+0000] {processor.py:836} INFO - DAG(s) dict_keys(['example_skip_dag']) retrieved from /workspaces/hands-on-introduction-data-engineering-4395021/airflow_env/lib/python3.10/site-packages/airflow/example_dags/example_skip_dag.py
[2025-08-13T10:36:04.379+0000] {logging_mixin.py:150} INFO - [2025-08-13T10:36:04.378+0000] {dag.py:2742} INFO - Sync 1 DAGs
[2025-08-13T10:36:04.393+0000] {logging_mixin.py:150} INFO - [2025-08-13T10:36:04.393+0000] {dag.py:3504} INFO - Setting next_dagrun for example_skip_dag to 2025-08-12T10:36:04.393175+00:00, run_after=2025-08-13T10:36:04.393175+00:00
[2025-08-13T10:36:04.410+0000] {processor.py:179} INFO - Processing /workspaces/hands-on-introduction-data-engineering-4395021/airflow_env/lib/python3.10/site-packages/airflow/example_dags/example_skip_dag.py took 0.052 seconds
[2025-08-13T10:36:49.717+0000] {processor.py:157} INFO - Started process (PID=7389) to work on /workspaces/hands-on-introduction-data-engineering-4395021/airflow_env/lib/python3.10/site-packages/airflow/example_dags/example_skip_dag.py
[2025-08-13T10:36:49.718+0000] {processor.py:826} INFO - Processing file /workspaces/hands-on-introduction-data-engineering-4395021/airflow_env/lib/python3.10/site-packages/airflow/example_dags/example_skip_dag.py for tasks to queue
[2025-08-13T10:36:49.719+0000] {logging_mixin.py:150} INFO - [2025-08-13T10:36:49.719+0000] {dagbag.py:541} INFO - Filling up the DagBag from /workspaces/hands-on-introduction-data-engineering-4395021/airflow_env/lib/python3.10/site-packages/airflow/example_dags/example_skip_dag.py
[2025-08-13T10:36:49.724+0000] {processor.py:836} INFO - DAG(s) dict_keys(['example_skip_dag']) retrieved from /workspaces/hands-on-introduction-data-engineering-4395021/airflow_env/lib/python3.10/site-packages/airflow/example_dags/example_skip_dag.py
[2025-08-13T10:36:49.735+0000] {logging_mixin.py:150} INFO - [2025-08-13T10:36:49.735+0000] {dag.py:2742} INFO - Sync 1 DAGs
[2025-08-13T10:36:49.749+0000] {logging_mixin.py:150} INFO - [2025-08-13T10:36:49.749+0000] {dag.py:3504} INFO - Setting next_dagrun for example_skip_dag to 2025-08-12T10:36:49.749485+00:00, run_after=2025-08-13T10:36:49.749485+00:00
[2025-08-13T10:36:49.765+0000] {processor.py:179} INFO - Processing /workspaces/hands-on-introduction-data-engineering-4395021/airflow_env/lib/python3.10/site-packages/airflow/example_dags/example_skip_dag.py took 0.049 seconds
[2025-08-13T10:37:31.967+0000] {processor.py:157} INFO - Started process (PID=7674) to work on /workspaces/hands-on-introduction-data-engineering-4395021/airflow_env/lib/python3.10/site-packages/airflow/example_dags/example_skip_dag.py
[2025-08-13T10:37:31.967+0000] {processor.py:826} INFO - Processing file /workspaces/hands-on-introduction-data-engineering-4395021/airflow_env/lib/python3.10/site-packages/airflow/example_dags/example_skip_dag.py for tasks to queue
[2025-08-13T10:37:31.968+0000] {logging_mixin.py:150} INFO - [2025-08-13T10:37:31.968+0000] {dagbag.py:541} INFO - Filling up the DagBag from /workspaces/hands-on-introduction-data-engineering-4395021/airflow_env/lib/python3.10/site-packages/airflow/example_dags/example_skip_dag.py
[2025-08-13T10:37:31.973+0000] {processor.py:836} INFO - DAG(s) dict_keys(['example_skip_dag']) retrieved from /workspaces/hands-on-introduction-data-engineering-4395021/airflow_env/lib/python3.10/site-packages/airflow/example_dags/example_skip_dag.py
[2025-08-13T10:37:31.985+0000] {logging_mixin.py:150} INFO - [2025-08-13T10:37:31.985+0000] {dag.py:2742} INFO - Sync 1 DAGs
[2025-08-13T10:37:32.001+0000] {logging_mixin.py:150} INFO - [2025-08-13T10:37:32.001+0000] {dag.py:3504} INFO - Setting next_dagrun for example_skip_dag to 2025-08-12T10:37:32.001317+00:00, run_after=2025-08-13T10:37:32.001317+00:00
[2025-08-13T10:37:32.017+0000] {processor.py:179} INFO - Processing /workspaces/hands-on-introduction-data-engineering-4395021/airflow_env/lib/python3.10/site-packages/airflow/example_dags/example_skip_dag.py took 0.052 seconds
[2025-08-13T10:38:16.638+0000] {processor.py:157} INFO - Started process (PID=8017) to work on /workspaces/hands-on-introduction-data-engineering-4395021/airflow_env/lib/python3.10/site-packages/airflow/example_dags/example_skip_dag.py
[2025-08-13T10:38:16.639+0000] {processor.py:826} INFO - Processing file /workspaces/hands-on-introduction-data-engineering-4395021/airflow_env/lib/python3.10/site-packages/airflow/example_dags/example_skip_dag.py for tasks to queue
[2025-08-13T10:38:16.640+0000] {logging_mixin.py:150} INFO - [2025-08-13T10:38:16.639+0000] {dagbag.py:541} INFO - Filling up the DagBag from /workspaces/hands-on-introduction-data-engineering-4395021/airflow_env/lib/python3.10/site-packages/airflow/example_dags/example_skip_dag.py
[2025-08-13T10:38:16.645+0000] {processor.py:836} INFO - DAG(s) dict_keys(['example_skip_dag']) retrieved from /workspaces/hands-on-introduction-data-engineering-4395021/airflow_env/lib/python3.10/site-packages/airflow/example_dags/example_skip_dag.py
[2025-08-13T10:38:16.657+0000] {logging_mixin.py:150} INFO - [2025-08-13T10:38:16.657+0000] {dag.py:2742} INFO - Sync 1 DAGs
[2025-08-13T10:38:16.673+0000] {logging_mixin.py:150} INFO - [2025-08-13T10:38:16.673+0000] {dag.py:3504} INFO - Setting next_dagrun for example_skip_dag to 2025-08-12T10:38:16.672915+00:00, run_after=2025-08-13T10:38:16.672915+00:00
[2025-08-13T10:38:16.689+0000] {processor.py:179} INFO - Processing /workspaces/hands-on-introduction-data-engineering-4395021/airflow_env/lib/python3.10/site-packages/airflow/example_dags/example_skip_dag.py took 0.053 seconds
[2025-08-13T10:39:01.859+0000] {processor.py:157} INFO - Started process (PID=8313) to work on /workspaces/hands-on-introduction-data-engineering-4395021/airflow_env/lib/python3.10/site-packages/airflow/example_dags/example_skip_dag.py
[2025-08-13T10:39:01.860+0000] {processor.py:826} INFO - Processing file /workspaces/hands-on-introduction-data-engineering-4395021/airflow_env/lib/python3.10/site-packages/airflow/example_dags/example_skip_dag.py for tasks to queue
[2025-08-13T10:39:01.861+0000] {logging_mixin.py:150} INFO - [2025-08-13T10:39:01.861+0000] {dagbag.py:541} INFO - Filling up the DagBag from /workspaces/hands-on-introduction-data-engineering-4395021/airflow_env/lib/python3.10/site-packages/airflow/example_dags/example_skip_dag.py
[2025-08-13T10:39:01.869+0000] {processor.py:836} INFO - DAG(s) dict_keys(['example_skip_dag']) retrieved from /workspaces/hands-on-introduction-data-engineering-4395021/airflow_env/lib/python3.10/site-packages/airflow/example_dags/example_skip_dag.py
[2025-08-13T10:39:01.887+0000] {logging_mixin.py:150} INFO - [2025-08-13T10:39:01.887+0000] {dag.py:2742} INFO - Sync 1 DAGs
[2025-08-13T10:39:01.907+0000] {logging_mixin.py:150} INFO - [2025-08-13T10:39:01.907+0000] {dag.py:3504} INFO - Setting next_dagrun for example_skip_dag to 2025-08-12T10:39:01.907503+00:00, run_after=2025-08-13T10:39:01.907503+00:00
[2025-08-13T10:39:01.923+0000] {processor.py:179} INFO - Processing /workspaces/hands-on-introduction-data-engineering-4395021/airflow_env/lib/python3.10/site-packages/airflow/example_dags/example_skip_dag.py took 0.066 seconds
[2025-08-13T10:39:48.683+0000] {processor.py:157} INFO - Started process (PID=8627) to work on /workspaces/hands-on-introduction-data-engineering-4395021/airflow_env/lib/python3.10/site-packages/airflow/example_dags/example_skip_dag.py
[2025-08-13T10:39:48.683+0000] {processor.py:826} INFO - Processing file /workspaces/hands-on-introduction-data-engineering-4395021/airflow_env/lib/python3.10/site-packages/airflow/example_dags/example_skip_dag.py for tasks to queue
[2025-08-13T10:39:48.684+0000] {logging_mixin.py:150} INFO - [2025-08-13T10:39:48.684+0000] {dagbag.py:541} INFO - Filling up the DagBag from /workspaces/hands-on-introduction-data-engineering-4395021/airflow_env/lib/python3.10/site-packages/airflow/example_dags/example_skip_dag.py
[2025-08-13T10:39:48.689+0000] {processor.py:836} INFO - DAG(s) dict_keys(['example_skip_dag']) retrieved from /workspaces/hands-on-introduction-data-engineering-4395021/airflow_env/lib/python3.10/site-packages/airflow/example_dags/example_skip_dag.py
[2025-08-13T10:39:48.701+0000] {logging_mixin.py:150} INFO - [2025-08-13T10:39:48.701+0000] {dag.py:2742} INFO - Sync 1 DAGs
[2025-08-13T10:39:48.716+0000] {logging_mixin.py:150} INFO - [2025-08-13T10:39:48.716+0000] {dag.py:3504} INFO - Setting next_dagrun for example_skip_dag to 2025-08-12T10:39:48.716433+00:00, run_after=2025-08-13T10:39:48.716433+00:00
[2025-08-13T10:39:48.742+0000] {processor.py:179} INFO - Processing /workspaces/hands-on-introduction-data-engineering-4395021/airflow_env/lib/python3.10/site-packages/airflow/example_dags/example_skip_dag.py took 0.061 seconds
[2025-08-13T10:40:30.819+0000] {processor.py:157} INFO - Started process (PID=8935) to work on /workspaces/hands-on-introduction-data-engineering-4395021/airflow_env/lib/python3.10/site-packages/airflow/example_dags/example_skip_dag.py
[2025-08-13T10:40:30.820+0000] {processor.py:826} INFO - Processing file /workspaces/hands-on-introduction-data-engineering-4395021/airflow_env/lib/python3.10/site-packages/airflow/example_dags/example_skip_dag.py for tasks to queue
[2025-08-13T10:40:30.821+0000] {logging_mixin.py:150} INFO - [2025-08-13T10:40:30.820+0000] {dagbag.py:541} INFO - Filling up the DagBag from /workspaces/hands-on-introduction-data-engineering-4395021/airflow_env/lib/python3.10/site-packages/airflow/example_dags/example_skip_dag.py
[2025-08-13T10:40:30.826+0000] {processor.py:836} INFO - DAG(s) dict_keys(['example_skip_dag']) retrieved from /workspaces/hands-on-introduction-data-engineering-4395021/airflow_env/lib/python3.10/site-packages/airflow/example_dags/example_skip_dag.py
[2025-08-13T10:40:30.838+0000] {logging_mixin.py:150} INFO - [2025-08-13T10:40:30.838+0000] {dag.py:2742} INFO - Sync 1 DAGs
[2025-08-13T10:40:30.854+0000] {logging_mixin.py:150} INFO - [2025-08-13T10:40:30.853+0000] {dag.py:3504} INFO - Setting next_dagrun for example_skip_dag to 2025-08-12T10:40:30.853310+00:00, run_after=2025-08-13T10:40:30.853310+00:00
[2025-08-13T10:40:30.878+0000] {processor.py:179} INFO - Processing /workspaces/hands-on-introduction-data-engineering-4395021/airflow_env/lib/python3.10/site-packages/airflow/example_dags/example_skip_dag.py took 0.060 seconds
