[2025-08-13T03:25:04.049+0000] {processor.py:157} INFO - Started process (PID=4915) to work on /workspaces/hands-on-introduction-data-engineering-4395021/airflow_env/lib/python3.10/site-packages/airflow/example_dags/example_params_trigger_ui.py
[2025-08-13T03:25:04.050+0000] {processor.py:826} INFO - Processing file /workspaces/hands-on-introduction-data-engineering-4395021/airflow_env/lib/python3.10/site-packages/airflow/example_dags/example_params_trigger_ui.py for tasks to queue
[2025-08-13T03:25:04.051+0000] {logging_mixin.py:150} INFO - [2025-08-13T03:25:04.051+0000] {dagbag.py:541} INFO - Filling up the DagBag from /workspaces/hands-on-introduction-data-engineering-4395021/airflow_env/lib/python3.10/site-packages/airflow/example_dags/example_params_trigger_ui.py
[2025-08-13T03:25:04.067+0000] {processor.py:836} INFO - DAG(s) dict_keys(['example_params_trigger_ui']) retrieved from /workspaces/hands-on-introduction-data-engineering-4395021/airflow_env/lib/python3.10/site-packages/airflow/example_dags/example_params_trigger_ui.py
[2025-08-13T03:25:04.190+0000] {logging_mixin.py:150} INFO - [2025-08-13T03:25:04.190+0000] {manager.py:504} INFO - Created Permission View: can read on DAG:example_params_trigger_ui
[2025-08-13T03:25:04.199+0000] {logging_mixin.py:150} INFO - [2025-08-13T03:25:04.199+0000] {manager.py:504} INFO - Created Permission View: can edit on DAG:example_params_trigger_ui
[2025-08-13T03:25:04.206+0000] {logging_mixin.py:150} INFO - [2025-08-13T03:25:04.205+0000] {manager.py:504} INFO - Created Permission View: can delete on DAG:example_params_trigger_ui
[2025-08-13T03:25:04.215+0000] {logging_mixin.py:150} INFO - [2025-08-13T03:25:04.215+0000] {dag.py:2742} INFO - Sync 1 DAGs
[2025-08-13T03:25:04.223+0000] {logging_mixin.py:150} INFO - [2025-08-13T03:25:04.223+0000] {dag.py:2763} INFO - Creating ORM DAG for example_params_trigger_ui
[2025-08-13T03:25:04.230+0000] {logging_mixin.py:150} INFO - [2025-08-13T03:25:04.229+0000] {dag.py:3504} INFO - Setting next_dagrun for example_params_trigger_ui to None, run_after=None
[2025-08-13T03:25:04.247+0000] {processor.py:179} INFO - Processing /workspaces/hands-on-introduction-data-engineering-4395021/airflow_env/lib/python3.10/site-packages/airflow/example_dags/example_params_trigger_ui.py took 0.202 seconds
[2025-08-13T03:25:48.975+0000] {processor.py:157} INFO - Started process (PID=5210) to work on /workspaces/hands-on-introduction-data-engineering-4395021/airflow_env/lib/python3.10/site-packages/airflow/example_dags/example_params_trigger_ui.py
[2025-08-13T03:25:48.976+0000] {processor.py:826} INFO - Processing file /workspaces/hands-on-introduction-data-engineering-4395021/airflow_env/lib/python3.10/site-packages/airflow/example_dags/example_params_trigger_ui.py for tasks to queue
[2025-08-13T03:25:48.976+0000] {logging_mixin.py:150} INFO - [2025-08-13T03:25:48.976+0000] {dagbag.py:541} INFO - Filling up the DagBag from /workspaces/hands-on-introduction-data-engineering-4395021/airflow_env/lib/python3.10/site-packages/airflow/example_dags/example_params_trigger_ui.py
[2025-08-13T03:25:48.988+0000] {processor.py:836} INFO - DAG(s) dict_keys(['example_params_trigger_ui']) retrieved from /workspaces/hands-on-introduction-data-engineering-4395021/airflow_env/lib/python3.10/site-packages/airflow/example_dags/example_params_trigger_ui.py
[2025-08-13T03:25:49.019+0000] {logging_mixin.py:150} INFO - [2025-08-13T03:25:49.019+0000] {dag.py:2742} INFO - Sync 1 DAGs
[2025-08-13T03:25:49.033+0000] {logging_mixin.py:150} INFO - [2025-08-13T03:25:49.033+0000] {dag.py:3504} INFO - Setting next_dagrun for example_params_trigger_ui to None, run_after=None
[2025-08-13T03:25:49.048+0000] {processor.py:179} INFO - Processing /workspaces/hands-on-introduction-data-engineering-4395021/airflow_env/lib/python3.10/site-packages/airflow/example_dags/example_params_trigger_ui.py took 0.075 seconds
[2025-08-13T03:26:34.014+0000] {processor.py:157} INFO - Started process (PID=5517) to work on /workspaces/hands-on-introduction-data-engineering-4395021/airflow_env/lib/python3.10/site-packages/airflow/example_dags/example_params_trigger_ui.py
[2025-08-13T03:26:34.015+0000] {processor.py:826} INFO - Processing file /workspaces/hands-on-introduction-data-engineering-4395021/airflow_env/lib/python3.10/site-packages/airflow/example_dags/example_params_trigger_ui.py for tasks to queue
[2025-08-13T03:26:34.015+0000] {logging_mixin.py:150} INFO - [2025-08-13T03:26:34.015+0000] {dagbag.py:541} INFO - Filling up the DagBag from /workspaces/hands-on-introduction-data-engineering-4395021/airflow_env/lib/python3.10/site-packages/airflow/example_dags/example_params_trigger_ui.py
[2025-08-13T03:26:34.027+0000] {processor.py:836} INFO - DAG(s) dict_keys(['example_params_trigger_ui']) retrieved from /workspaces/hands-on-introduction-data-engineering-4395021/airflow_env/lib/python3.10/site-packages/airflow/example_dags/example_params_trigger_ui.py
[2025-08-13T03:26:34.059+0000] {logging_mixin.py:150} INFO - [2025-08-13T03:26:34.058+0000] {dag.py:2742} INFO - Sync 1 DAGs
[2025-08-13T03:26:34.081+0000] {logging_mixin.py:150} INFO - [2025-08-13T03:26:34.081+0000] {dag.py:3504} INFO - Setting next_dagrun for example_params_trigger_ui to None, run_after=None
[2025-08-13T03:26:34.109+0000] {processor.py:179} INFO - Processing /workspaces/hands-on-introduction-data-engineering-4395021/airflow_env/lib/python3.10/site-packages/airflow/example_dags/example_params_trigger_ui.py took 0.097 seconds
[2025-08-13T03:27:22.697+0000] {processor.py:157} INFO - Started process (PID=5838) to work on /workspaces/hands-on-introduction-data-engineering-4395021/airflow_env/lib/python3.10/site-packages/airflow/example_dags/example_params_trigger_ui.py
[2025-08-13T03:27:22.698+0000] {processor.py:826} INFO - Processing file /workspaces/hands-on-introduction-data-engineering-4395021/airflow_env/lib/python3.10/site-packages/airflow/example_dags/example_params_trigger_ui.py for tasks to queue
[2025-08-13T03:27:22.699+0000] {logging_mixin.py:150} INFO - [2025-08-13T03:27:22.698+0000] {dagbag.py:541} INFO - Filling up the DagBag from /workspaces/hands-on-introduction-data-engineering-4395021/airflow_env/lib/python3.10/site-packages/airflow/example_dags/example_params_trigger_ui.py
[2025-08-13T03:27:22.711+0000] {processor.py:836} INFO - DAG(s) dict_keys(['example_params_trigger_ui']) retrieved from /workspaces/hands-on-introduction-data-engineering-4395021/airflow_env/lib/python3.10/site-packages/airflow/example_dags/example_params_trigger_ui.py
[2025-08-13T03:27:22.747+0000] {logging_mixin.py:150} INFO - [2025-08-13T03:27:22.747+0000] {dag.py:2742} INFO - Sync 1 DAGs
[2025-08-13T03:27:22.769+0000] {logging_mixin.py:150} INFO - [2025-08-13T03:27:22.769+0000] {dag.py:3504} INFO - Setting next_dagrun for example_params_trigger_ui to None, run_after=None
[2025-08-13T03:27:22.796+0000] {processor.py:179} INFO - Processing /workspaces/hands-on-introduction-data-engineering-4395021/airflow_env/lib/python3.10/site-packages/airflow/example_dags/example_params_trigger_ui.py took 0.100 seconds
[2025-08-13T03:28:10.640+0000] {processor.py:157} INFO - Started process (PID=6246) to work on /workspaces/hands-on-introduction-data-engineering-4395021/airflow_env/lib/python3.10/site-packages/airflow/example_dags/example_params_trigger_ui.py
[2025-08-13T03:28:10.640+0000] {processor.py:826} INFO - Processing file /workspaces/hands-on-introduction-data-engineering-4395021/airflow_env/lib/python3.10/site-packages/airflow/example_dags/example_params_trigger_ui.py for tasks to queue
[2025-08-13T03:28:10.641+0000] {logging_mixin.py:150} INFO - [2025-08-13T03:28:10.641+0000] {dagbag.py:541} INFO - Filling up the DagBag from /workspaces/hands-on-introduction-data-engineering-4395021/airflow_env/lib/python3.10/site-packages/airflow/example_dags/example_params_trigger_ui.py
[2025-08-13T03:28:10.653+0000] {processor.py:836} INFO - DAG(s) dict_keys(['example_params_trigger_ui']) retrieved from /workspaces/hands-on-introduction-data-engineering-4395021/airflow_env/lib/python3.10/site-packages/airflow/example_dags/example_params_trigger_ui.py
[2025-08-13T03:28:10.684+0000] {logging_mixin.py:150} INFO - [2025-08-13T03:28:10.684+0000] {dag.py:2742} INFO - Sync 1 DAGs
[2025-08-13T03:28:10.700+0000] {logging_mixin.py:150} INFO - [2025-08-13T03:28:10.700+0000] {dag.py:3504} INFO - Setting next_dagrun for example_params_trigger_ui to None, run_after=None
[2025-08-13T03:28:10.715+0000] {processor.py:179} INFO - Processing /workspaces/hands-on-introduction-data-engineering-4395021/airflow_env/lib/python3.10/site-packages/airflow/example_dags/example_params_trigger_ui.py took 0.078 seconds
[2025-08-13T03:28:53.926+0000] {processor.py:157} INFO - Started process (PID=6597) to work on /workspaces/hands-on-introduction-data-engineering-4395021/airflow_env/lib/python3.10/site-packages/airflow/example_dags/example_params_trigger_ui.py
[2025-08-13T03:28:53.927+0000] {processor.py:826} INFO - Processing file /workspaces/hands-on-introduction-data-engineering-4395021/airflow_env/lib/python3.10/site-packages/airflow/example_dags/example_params_trigger_ui.py for tasks to queue
[2025-08-13T03:28:53.927+0000] {logging_mixin.py:150} INFO - [2025-08-13T03:28:53.927+0000] {dagbag.py:541} INFO - Filling up the DagBag from /workspaces/hands-on-introduction-data-engineering-4395021/airflow_env/lib/python3.10/site-packages/airflow/example_dags/example_params_trigger_ui.py
[2025-08-13T03:28:53.939+0000] {processor.py:836} INFO - DAG(s) dict_keys(['example_params_trigger_ui']) retrieved from /workspaces/hands-on-introduction-data-engineering-4395021/airflow_env/lib/python3.10/site-packages/airflow/example_dags/example_params_trigger_ui.py
[2025-08-13T03:28:53.970+0000] {logging_mixin.py:150} INFO - [2025-08-13T03:28:53.969+0000] {dag.py:2742} INFO - Sync 1 DAGs
[2025-08-13T03:28:53.984+0000] {logging_mixin.py:150} INFO - [2025-08-13T03:28:53.984+0000] {dag.py:3504} INFO - Setting next_dagrun for example_params_trigger_ui to None, run_after=None
[2025-08-13T03:28:53.998+0000] {processor.py:179} INFO - Processing /workspaces/hands-on-introduction-data-engineering-4395021/airflow_env/lib/python3.10/site-packages/airflow/example_dags/example_params_trigger_ui.py took 0.074 seconds
[2025-08-13T03:29:40.447+0000] {processor.py:157} INFO - Started process (PID=7121) to work on /workspaces/hands-on-introduction-data-engineering-4395021/airflow_env/lib/python3.10/site-packages/airflow/example_dags/example_params_trigger_ui.py
[2025-08-13T03:29:40.448+0000] {processor.py:826} INFO - Processing file /workspaces/hands-on-introduction-data-engineering-4395021/airflow_env/lib/python3.10/site-packages/airflow/example_dags/example_params_trigger_ui.py for tasks to queue
[2025-08-13T03:29:40.449+0000] {logging_mixin.py:150} INFO - [2025-08-13T03:29:40.448+0000] {dagbag.py:541} INFO - Filling up the DagBag from /workspaces/hands-on-introduction-data-engineering-4395021/airflow_env/lib/python3.10/site-packages/airflow/example_dags/example_params_trigger_ui.py
[2025-08-13T03:29:40.460+0000] {processor.py:836} INFO - DAG(s) dict_keys(['example_params_trigger_ui']) retrieved from /workspaces/hands-on-introduction-data-engineering-4395021/airflow_env/lib/python3.10/site-packages/airflow/example_dags/example_params_trigger_ui.py
[2025-08-13T03:29:40.494+0000] {logging_mixin.py:150} INFO - [2025-08-13T03:29:40.494+0000] {dag.py:2742} INFO - Sync 1 DAGs
[2025-08-13T03:29:40.508+0000] {logging_mixin.py:150} INFO - [2025-08-13T03:29:40.508+0000] {dag.py:3504} INFO - Setting next_dagrun for example_params_trigger_ui to None, run_after=None
[2025-08-13T03:29:40.523+0000] {processor.py:179} INFO - Processing /workspaces/hands-on-introduction-data-engineering-4395021/airflow_env/lib/python3.10/site-packages/airflow/example_dags/example_params_trigger_ui.py took 0.078 seconds
[2025-08-13T03:30:22.125+0000] {processor.py:157} INFO - Started process (PID=7457) to work on /workspaces/hands-on-introduction-data-engineering-4395021/airflow_env/lib/python3.10/site-packages/airflow/example_dags/example_params_trigger_ui.py
[2025-08-13T03:30:22.126+0000] {processor.py:826} INFO - Processing file /workspaces/hands-on-introduction-data-engineering-4395021/airflow_env/lib/python3.10/site-packages/airflow/example_dags/example_params_trigger_ui.py for tasks to queue
[2025-08-13T03:30:22.126+0000] {logging_mixin.py:150} INFO - [2025-08-13T03:30:22.126+0000] {dagbag.py:541} INFO - Filling up the DagBag from /workspaces/hands-on-introduction-data-engineering-4395021/airflow_env/lib/python3.10/site-packages/airflow/example_dags/example_params_trigger_ui.py
[2025-08-13T03:30:22.139+0000] {processor.py:836} INFO - DAG(s) dict_keys(['example_params_trigger_ui']) retrieved from /workspaces/hands-on-introduction-data-engineering-4395021/airflow_env/lib/python3.10/site-packages/airflow/example_dags/example_params_trigger_ui.py
[2025-08-13T03:30:22.175+0000] {logging_mixin.py:150} INFO - [2025-08-13T03:30:22.175+0000] {dag.py:2742} INFO - Sync 1 DAGs
[2025-08-13T03:30:22.190+0000] {logging_mixin.py:150} INFO - [2025-08-13T03:30:22.190+0000] {dag.py:3504} INFO - Setting next_dagrun for example_params_trigger_ui to None, run_after=None
[2025-08-13T03:30:22.205+0000] {processor.py:179} INFO - Processing /workspaces/hands-on-introduction-data-engineering-4395021/airflow_env/lib/python3.10/site-packages/airflow/example_dags/example_params_trigger_ui.py took 0.083 seconds
[2025-08-13T03:31:05.127+0000] {processor.py:157} INFO - Started process (PID=7737) to work on /workspaces/hands-on-introduction-data-engineering-4395021/airflow_env/lib/python3.10/site-packages/airflow/example_dags/example_params_trigger_ui.py
[2025-08-13T03:31:05.127+0000] {processor.py:826} INFO - Processing file /workspaces/hands-on-introduction-data-engineering-4395021/airflow_env/lib/python3.10/site-packages/airflow/example_dags/example_params_trigger_ui.py for tasks to queue
[2025-08-13T03:31:05.128+0000] {logging_mixin.py:150} INFO - [2025-08-13T03:31:05.128+0000] {dagbag.py:541} INFO - Filling up the DagBag from /workspaces/hands-on-introduction-data-engineering-4395021/airflow_env/lib/python3.10/site-packages/airflow/example_dags/example_params_trigger_ui.py
[2025-08-13T03:31:05.140+0000] {processor.py:836} INFO - DAG(s) dict_keys(['example_params_trigger_ui']) retrieved from /workspaces/hands-on-introduction-data-engineering-4395021/airflow_env/lib/python3.10/site-packages/airflow/example_dags/example_params_trigger_ui.py
[2025-08-13T03:31:05.171+0000] {logging_mixin.py:150} INFO - [2025-08-13T03:31:05.170+0000] {dag.py:2742} INFO - Sync 1 DAGs
[2025-08-13T03:31:05.184+0000] {logging_mixin.py:150} INFO - [2025-08-13T03:31:05.184+0000] {dag.py:3504} INFO - Setting next_dagrun for example_params_trigger_ui to None, run_after=None
[2025-08-13T03:31:05.200+0000] {processor.py:179} INFO - Processing /workspaces/hands-on-introduction-data-engineering-4395021/airflow_env/lib/python3.10/site-packages/airflow/example_dags/example_params_trigger_ui.py took 0.075 seconds
[2025-08-13T03:31:48.728+0000] {processor.py:157} INFO - Started process (PID=8035) to work on /workspaces/hands-on-introduction-data-engineering-4395021/airflow_env/lib/python3.10/site-packages/airflow/example_dags/example_params_trigger_ui.py
[2025-08-13T03:31:48.728+0000] {processor.py:826} INFO - Processing file /workspaces/hands-on-introduction-data-engineering-4395021/airflow_env/lib/python3.10/site-packages/airflow/example_dags/example_params_trigger_ui.py for tasks to queue
[2025-08-13T03:31:48.729+0000] {logging_mixin.py:150} INFO - [2025-08-13T03:31:48.729+0000] {dagbag.py:541} INFO - Filling up the DagBag from /workspaces/hands-on-introduction-data-engineering-4395021/airflow_env/lib/python3.10/site-packages/airflow/example_dags/example_params_trigger_ui.py
[2025-08-13T03:31:48.750+0000] {processor.py:836} INFO - DAG(s) dict_keys(['example_params_trigger_ui']) retrieved from /workspaces/hands-on-introduction-data-engineering-4395021/airflow_env/lib/python3.10/site-packages/airflow/example_dags/example_params_trigger_ui.py
[2025-08-13T03:31:48.790+0000] {logging_mixin.py:150} INFO - [2025-08-13T03:31:48.790+0000] {dag.py:2742} INFO - Sync 1 DAGs
[2025-08-13T03:31:48.807+0000] {logging_mixin.py:150} INFO - [2025-08-13T03:31:48.807+0000] {dag.py:3504} INFO - Setting next_dagrun for example_params_trigger_ui to None, run_after=None
[2025-08-13T03:31:48.823+0000] {processor.py:179} INFO - Processing /workspaces/hands-on-introduction-data-engineering-4395021/airflow_env/lib/python3.10/site-packages/airflow/example_dags/example_params_trigger_ui.py took 0.099 seconds
[2025-08-13T03:32:34.727+0000] {processor.py:157} INFO - Started process (PID=8339) to work on /workspaces/hands-on-introduction-data-engineering-4395021/airflow_env/lib/python3.10/site-packages/airflow/example_dags/example_params_trigger_ui.py
[2025-08-13T03:32:34.728+0000] {processor.py:826} INFO - Processing file /workspaces/hands-on-introduction-data-engineering-4395021/airflow_env/lib/python3.10/site-packages/airflow/example_dags/example_params_trigger_ui.py for tasks to queue
[2025-08-13T03:32:34.728+0000] {logging_mixin.py:150} INFO - [2025-08-13T03:32:34.728+0000] {dagbag.py:541} INFO - Filling up the DagBag from /workspaces/hands-on-introduction-data-engineering-4395021/airflow_env/lib/python3.10/site-packages/airflow/example_dags/example_params_trigger_ui.py
[2025-08-13T03:32:34.740+0000] {processor.py:836} INFO - DAG(s) dict_keys(['example_params_trigger_ui']) retrieved from /workspaces/hands-on-introduction-data-engineering-4395021/airflow_env/lib/python3.10/site-packages/airflow/example_dags/example_params_trigger_ui.py
[2025-08-13T03:32:34.771+0000] {logging_mixin.py:150} INFO - [2025-08-13T03:32:34.771+0000] {dag.py:2742} INFO - Sync 1 DAGs
[2025-08-13T03:32:34.787+0000] {logging_mixin.py:150} INFO - [2025-08-13T03:32:34.787+0000] {dag.py:3504} INFO - Setting next_dagrun for example_params_trigger_ui to None, run_after=None
[2025-08-13T03:32:34.802+0000] {processor.py:179} INFO - Processing /workspaces/hands-on-introduction-data-engineering-4395021/airflow_env/lib/python3.10/site-packages/airflow/example_dags/example_params_trigger_ui.py took 0.077 seconds
[2025-08-13T03:33:21.127+0000] {processor.py:157} INFO - Started process (PID=8648) to work on /workspaces/hands-on-introduction-data-engineering-4395021/airflow_env/lib/python3.10/site-packages/airflow/example_dags/example_params_trigger_ui.py
[2025-08-13T03:33:21.127+0000] {processor.py:826} INFO - Processing file /workspaces/hands-on-introduction-data-engineering-4395021/airflow_env/lib/python3.10/site-packages/airflow/example_dags/example_params_trigger_ui.py for tasks to queue
[2025-08-13T03:33:21.128+0000] {logging_mixin.py:150} INFO - [2025-08-13T03:33:21.128+0000] {dagbag.py:541} INFO - Filling up the DagBag from /workspaces/hands-on-introduction-data-engineering-4395021/airflow_env/lib/python3.10/site-packages/airflow/example_dags/example_params_trigger_ui.py
[2025-08-13T03:33:21.148+0000] {processor.py:836} INFO - DAG(s) dict_keys(['example_params_trigger_ui']) retrieved from /workspaces/hands-on-introduction-data-engineering-4395021/airflow_env/lib/python3.10/site-packages/airflow/example_dags/example_params_trigger_ui.py
[2025-08-13T03:33:21.183+0000] {logging_mixin.py:150} INFO - [2025-08-13T03:33:21.182+0000] {dag.py:2742} INFO - Sync 1 DAGs
[2025-08-13T03:33:21.196+0000] {logging_mixin.py:150} INFO - [2025-08-13T03:33:21.196+0000] {dag.py:3504} INFO - Setting next_dagrun for example_params_trigger_ui to None, run_after=None
[2025-08-13T03:33:21.212+0000] {processor.py:179} INFO - Processing /workspaces/hands-on-introduction-data-engineering-4395021/airflow_env/lib/python3.10/site-packages/airflow/example_dags/example_params_trigger_ui.py took 0.087 seconds
[2025-08-13T03:34:06.251+0000] {processor.py:157} INFO - Started process (PID=8950) to work on /workspaces/hands-on-introduction-data-engineering-4395021/airflow_env/lib/python3.10/site-packages/airflow/example_dags/example_params_trigger_ui.py
[2025-08-13T03:34:06.251+0000] {processor.py:826} INFO - Processing file /workspaces/hands-on-introduction-data-engineering-4395021/airflow_env/lib/python3.10/site-packages/airflow/example_dags/example_params_trigger_ui.py for tasks to queue
[2025-08-13T03:34:06.252+0000] {logging_mixin.py:150} INFO - [2025-08-13T03:34:06.252+0000] {dagbag.py:541} INFO - Filling up the DagBag from /workspaces/hands-on-introduction-data-engineering-4395021/airflow_env/lib/python3.10/site-packages/airflow/example_dags/example_params_trigger_ui.py
[2025-08-13T03:34:06.264+0000] {processor.py:836} INFO - DAG(s) dict_keys(['example_params_trigger_ui']) retrieved from /workspaces/hands-on-introduction-data-engineering-4395021/airflow_env/lib/python3.10/site-packages/airflow/example_dags/example_params_trigger_ui.py
[2025-08-13T03:34:06.294+0000] {logging_mixin.py:150} INFO - [2025-08-13T03:34:06.294+0000] {dag.py:2742} INFO - Sync 1 DAGs
[2025-08-13T03:34:06.308+0000] {logging_mixin.py:150} INFO - [2025-08-13T03:34:06.308+0000] {dag.py:3504} INFO - Setting next_dagrun for example_params_trigger_ui to None, run_after=None
[2025-08-13T03:34:06.322+0000] {processor.py:179} INFO - Processing /workspaces/hands-on-introduction-data-engineering-4395021/airflow_env/lib/python3.10/site-packages/airflow/example_dags/example_params_trigger_ui.py took 0.073 seconds
[2025-08-13T03:34:49.604+0000] {processor.py:157} INFO - Started process (PID=9299) to work on /workspaces/hands-on-introduction-data-engineering-4395021/airflow_env/lib/python3.10/site-packages/airflow/example_dags/example_params_trigger_ui.py
[2025-08-13T03:34:49.605+0000] {processor.py:826} INFO - Processing file /workspaces/hands-on-introduction-data-engineering-4395021/airflow_env/lib/python3.10/site-packages/airflow/example_dags/example_params_trigger_ui.py for tasks to queue
[2025-08-13T03:34:49.606+0000] {logging_mixin.py:150} INFO - [2025-08-13T03:34:49.605+0000] {dagbag.py:541} INFO - Filling up the DagBag from /workspaces/hands-on-introduction-data-engineering-4395021/airflow_env/lib/python3.10/site-packages/airflow/example_dags/example_params_trigger_ui.py
[2025-08-13T03:34:49.618+0000] {processor.py:836} INFO - DAG(s) dict_keys(['example_params_trigger_ui']) retrieved from /workspaces/hands-on-introduction-data-engineering-4395021/airflow_env/lib/python3.10/site-packages/airflow/example_dags/example_params_trigger_ui.py
[2025-08-13T03:34:49.648+0000] {logging_mixin.py:150} INFO - [2025-08-13T03:34:49.648+0000] {dag.py:2742} INFO - Sync 1 DAGs
[2025-08-13T03:34:49.662+0000] {logging_mixin.py:150} INFO - [2025-08-13T03:34:49.662+0000] {dag.py:3504} INFO - Setting next_dagrun for example_params_trigger_ui to None, run_after=None
[2025-08-13T03:34:49.678+0000] {processor.py:179} INFO - Processing /workspaces/hands-on-introduction-data-engineering-4395021/airflow_env/lib/python3.10/site-packages/airflow/example_dags/example_params_trigger_ui.py took 0.076 seconds
[2025-08-13T03:35:34.165+0000] {processor.py:157} INFO - Started process (PID=9598) to work on /workspaces/hands-on-introduction-data-engineering-4395021/airflow_env/lib/python3.10/site-packages/airflow/example_dags/example_params_trigger_ui.py
[2025-08-13T03:35:34.166+0000] {processor.py:826} INFO - Processing file /workspaces/hands-on-introduction-data-engineering-4395021/airflow_env/lib/python3.10/site-packages/airflow/example_dags/example_params_trigger_ui.py for tasks to queue
[2025-08-13T03:35:34.166+0000] {logging_mixin.py:150} INFO - [2025-08-13T03:35:34.166+0000] {dagbag.py:541} INFO - Filling up the DagBag from /workspaces/hands-on-introduction-data-engineering-4395021/airflow_env/lib/python3.10/site-packages/airflow/example_dags/example_params_trigger_ui.py
[2025-08-13T03:35:34.178+0000] {processor.py:836} INFO - DAG(s) dict_keys(['example_params_trigger_ui']) retrieved from /workspaces/hands-on-introduction-data-engineering-4395021/airflow_env/lib/python3.10/site-packages/airflow/example_dags/example_params_trigger_ui.py
[2025-08-13T03:35:34.209+0000] {logging_mixin.py:150} INFO - [2025-08-13T03:35:34.209+0000] {dag.py:2742} INFO - Sync 1 DAGs
[2025-08-13T03:35:34.223+0000] {logging_mixin.py:150} INFO - [2025-08-13T03:35:34.223+0000] {dag.py:3504} INFO - Setting next_dagrun for example_params_trigger_ui to None, run_after=None
[2025-08-13T03:35:34.238+0000] {processor.py:179} INFO - Processing /workspaces/hands-on-introduction-data-engineering-4395021/airflow_env/lib/python3.10/site-packages/airflow/example_dags/example_params_trigger_ui.py took 0.075 seconds
[2025-08-13T03:36:20.881+0000] {processor.py:157} INFO - Started process (PID=10095) to work on /workspaces/hands-on-introduction-data-engineering-4395021/airflow_env/lib/python3.10/site-packages/airflow/example_dags/example_params_trigger_ui.py
[2025-08-13T03:36:20.881+0000] {processor.py:826} INFO - Processing file /workspaces/hands-on-introduction-data-engineering-4395021/airflow_env/lib/python3.10/site-packages/airflow/example_dags/example_params_trigger_ui.py for tasks to queue
[2025-08-13T03:36:20.882+0000] {logging_mixin.py:150} INFO - [2025-08-13T03:36:20.881+0000] {dagbag.py:541} INFO - Filling up the DagBag from /workspaces/hands-on-introduction-data-engineering-4395021/airflow_env/lib/python3.10/site-packages/airflow/example_dags/example_params_trigger_ui.py
[2025-08-13T03:36:20.894+0000] {processor.py:836} INFO - DAG(s) dict_keys(['example_params_trigger_ui']) retrieved from /workspaces/hands-on-introduction-data-engineering-4395021/airflow_env/lib/python3.10/site-packages/airflow/example_dags/example_params_trigger_ui.py
[2025-08-13T03:36:20.924+0000] {logging_mixin.py:150} INFO - [2025-08-13T03:36:20.924+0000] {dag.py:2742} INFO - Sync 1 DAGs
[2025-08-13T03:36:20.940+0000] {logging_mixin.py:150} INFO - [2025-08-13T03:36:20.940+0000] {dag.py:3504} INFO - Setting next_dagrun for example_params_trigger_ui to None, run_after=None
[2025-08-13T03:36:20.961+0000] {processor.py:179} INFO - Processing /workspaces/hands-on-introduction-data-engineering-4395021/airflow_env/lib/python3.10/site-packages/airflow/example_dags/example_params_trigger_ui.py took 0.083 seconds
[2025-08-13T03:37:00.875+0000] {processor.py:157} INFO - Started process (PID=10365) to work on /workspaces/hands-on-introduction-data-engineering-4395021/airflow_env/lib/python3.10/site-packages/airflow/example_dags/example_params_trigger_ui.py
[2025-08-13T03:37:00.876+0000] {processor.py:826} INFO - Processing file /workspaces/hands-on-introduction-data-engineering-4395021/airflow_env/lib/python3.10/site-packages/airflow/example_dags/example_params_trigger_ui.py for tasks to queue
[2025-08-13T03:37:00.876+0000] {logging_mixin.py:150} INFO - [2025-08-13T03:37:00.876+0000] {dagbag.py:541} INFO - Filling up the DagBag from /workspaces/hands-on-introduction-data-engineering-4395021/airflow_env/lib/python3.10/site-packages/airflow/example_dags/example_params_trigger_ui.py
[2025-08-13T03:37:00.889+0000] {processor.py:836} INFO - DAG(s) dict_keys(['example_params_trigger_ui']) retrieved from /workspaces/hands-on-introduction-data-engineering-4395021/airflow_env/lib/python3.10/site-packages/airflow/example_dags/example_params_trigger_ui.py
[2025-08-13T03:37:00.924+0000] {logging_mixin.py:150} INFO - [2025-08-13T03:37:00.924+0000] {dag.py:2742} INFO - Sync 1 DAGs
[2025-08-13T03:37:00.938+0000] {logging_mixin.py:150} INFO - [2025-08-13T03:37:00.938+0000] {dag.py:3504} INFO - Setting next_dagrun for example_params_trigger_ui to None, run_after=None
[2025-08-13T03:37:00.955+0000] {processor.py:179} INFO - Processing /workspaces/hands-on-introduction-data-engineering-4395021/airflow_env/lib/python3.10/site-packages/airflow/example_dags/example_params_trigger_ui.py took 0.082 seconds
[2025-08-13T03:37:44.556+0000] {processor.py:157} INFO - Started process (PID=10822) to work on /workspaces/hands-on-introduction-data-engineering-4395021/airflow_env/lib/python3.10/site-packages/airflow/example_dags/example_params_trigger_ui.py
[2025-08-13T03:37:44.557+0000] {processor.py:826} INFO - Processing file /workspaces/hands-on-introduction-data-engineering-4395021/airflow_env/lib/python3.10/site-packages/airflow/example_dags/example_params_trigger_ui.py for tasks to queue
[2025-08-13T03:37:44.557+0000] {logging_mixin.py:150} INFO - [2025-08-13T03:37:44.557+0000] {dagbag.py:541} INFO - Filling up the DagBag from /workspaces/hands-on-introduction-data-engineering-4395021/airflow_env/lib/python3.10/site-packages/airflow/example_dags/example_params_trigger_ui.py
[2025-08-13T03:37:44.569+0000] {processor.py:836} INFO - DAG(s) dict_keys(['example_params_trigger_ui']) retrieved from /workspaces/hands-on-introduction-data-engineering-4395021/airflow_env/lib/python3.10/site-packages/airflow/example_dags/example_params_trigger_ui.py
[2025-08-13T03:37:44.599+0000] {logging_mixin.py:150} INFO - [2025-08-13T03:37:44.599+0000] {dag.py:2742} INFO - Sync 1 DAGs
[2025-08-13T03:37:44.615+0000] {logging_mixin.py:150} INFO - [2025-08-13T03:37:44.614+0000] {dag.py:3504} INFO - Setting next_dagrun for example_params_trigger_ui to None, run_after=None
[2025-08-13T03:37:44.634+0000] {processor.py:179} INFO - Processing /workspaces/hands-on-introduction-data-engineering-4395021/airflow_env/lib/python3.10/site-packages/airflow/example_dags/example_params_trigger_ui.py took 0.080 seconds
[2025-08-13T03:38:31.930+0000] {processor.py:157} INFO - Started process (PID=11221) to work on /workspaces/hands-on-introduction-data-engineering-4395021/airflow_env/lib/python3.10/site-packages/airflow/example_dags/example_params_trigger_ui.py
[2025-08-13T03:38:31.931+0000] {processor.py:826} INFO - Processing file /workspaces/hands-on-introduction-data-engineering-4395021/airflow_env/lib/python3.10/site-packages/airflow/example_dags/example_params_trigger_ui.py for tasks to queue
[2025-08-13T03:38:31.932+0000] {logging_mixin.py:150} INFO - [2025-08-13T03:38:31.931+0000] {dagbag.py:541} INFO - Filling up the DagBag from /workspaces/hands-on-introduction-data-engineering-4395021/airflow_env/lib/python3.10/site-packages/airflow/example_dags/example_params_trigger_ui.py
[2025-08-13T03:38:31.944+0000] {processor.py:836} INFO - DAG(s) dict_keys(['example_params_trigger_ui']) retrieved from /workspaces/hands-on-introduction-data-engineering-4395021/airflow_env/lib/python3.10/site-packages/airflow/example_dags/example_params_trigger_ui.py
[2025-08-13T03:38:31.974+0000] {logging_mixin.py:150} INFO - [2025-08-13T03:38:31.974+0000] {dag.py:2742} INFO - Sync 1 DAGs
[2025-08-13T03:38:31.988+0000] {logging_mixin.py:150} INFO - [2025-08-13T03:38:31.988+0000] {dag.py:3504} INFO - Setting next_dagrun for example_params_trigger_ui to None, run_after=None
[2025-08-13T03:38:32.003+0000] {processor.py:179} INFO - Processing /workspaces/hands-on-introduction-data-engineering-4395021/airflow_env/lib/python3.10/site-packages/airflow/example_dags/example_params_trigger_ui.py took 0.075 seconds
[2025-08-13T10:25:54.129+0000] {processor.py:157} INFO - Started process (PID=2387) to work on /workspaces/hands-on-introduction-data-engineering-4395021/airflow_env/lib/python3.10/site-packages/airflow/example_dags/example_params_trigger_ui.py
[2025-08-13T10:25:54.134+0000] {processor.py:826} INFO - Processing file /workspaces/hands-on-introduction-data-engineering-4395021/airflow_env/lib/python3.10/site-packages/airflow/example_dags/example_params_trigger_ui.py for tasks to queue
[2025-08-13T10:25:54.134+0000] {logging_mixin.py:150} INFO - [2025-08-13T10:25:54.134+0000] {dagbag.py:541} INFO - Filling up the DagBag from /workspaces/hands-on-introduction-data-engineering-4395021/airflow_env/lib/python3.10/site-packages/airflow/example_dags/example_params_trigger_ui.py
[2025-08-13T10:25:54.151+0000] {processor.py:836} INFO - DAG(s) dict_keys(['example_params_trigger_ui']) retrieved from /workspaces/hands-on-introduction-data-engineering-4395021/airflow_env/lib/python3.10/site-packages/airflow/example_dags/example_params_trigger_ui.py
[2025-08-13T10:25:54.183+0000] {logging_mixin.py:150} INFO - [2025-08-13T10:25:54.182+0000] {dag.py:2742} INFO - Sync 1 DAGs
[2025-08-13T10:25:54.197+0000] {logging_mixin.py:150} INFO - [2025-08-13T10:25:54.197+0000] {dag.py:3504} INFO - Setting next_dagrun for example_params_trigger_ui to None, run_after=None
[2025-08-13T10:25:54.212+0000] {processor.py:179} INFO - Processing /workspaces/hands-on-introduction-data-engineering-4395021/airflow_env/lib/python3.10/site-packages/airflow/example_dags/example_params_trigger_ui.py took 0.086 seconds
[2025-08-13T10:26:38.393+0000] {processor.py:157} INFO - Started process (PID=2757) to work on /workspaces/hands-on-introduction-data-engineering-4395021/airflow_env/lib/python3.10/site-packages/airflow/example_dags/example_params_trigger_ui.py
[2025-08-13T10:26:38.393+0000] {processor.py:826} INFO - Processing file /workspaces/hands-on-introduction-data-engineering-4395021/airflow_env/lib/python3.10/site-packages/airflow/example_dags/example_params_trigger_ui.py for tasks to queue
[2025-08-13T10:26:38.394+0000] {logging_mixin.py:150} INFO - [2025-08-13T10:26:38.394+0000] {dagbag.py:541} INFO - Filling up the DagBag from /workspaces/hands-on-introduction-data-engineering-4395021/airflow_env/lib/python3.10/site-packages/airflow/example_dags/example_params_trigger_ui.py
[2025-08-13T10:26:38.406+0000] {processor.py:836} INFO - DAG(s) dict_keys(['example_params_trigger_ui']) retrieved from /workspaces/hands-on-introduction-data-engineering-4395021/airflow_env/lib/python3.10/site-packages/airflow/example_dags/example_params_trigger_ui.py
[2025-08-13T10:26:38.438+0000] {logging_mixin.py:150} INFO - [2025-08-13T10:26:38.438+0000] {dag.py:2742} INFO - Sync 1 DAGs
[2025-08-13T10:26:38.453+0000] {logging_mixin.py:150} INFO - [2025-08-13T10:26:38.453+0000] {dag.py:3504} INFO - Setting next_dagrun for example_params_trigger_ui to None, run_after=None
[2025-08-13T10:26:38.468+0000] {processor.py:179} INFO - Processing /workspaces/hands-on-introduction-data-engineering-4395021/airflow_env/lib/python3.10/site-packages/airflow/example_dags/example_params_trigger_ui.py took 0.078 seconds
[2025-08-13T10:27:22.877+0000] {processor.py:157} INFO - Started process (PID=3056) to work on /workspaces/hands-on-introduction-data-engineering-4395021/airflow_env/lib/python3.10/site-packages/airflow/example_dags/example_params_trigger_ui.py
[2025-08-13T10:27:22.878+0000] {processor.py:826} INFO - Processing file /workspaces/hands-on-introduction-data-engineering-4395021/airflow_env/lib/python3.10/site-packages/airflow/example_dags/example_params_trigger_ui.py for tasks to queue
[2025-08-13T10:27:22.879+0000] {logging_mixin.py:150} INFO - [2025-08-13T10:27:22.878+0000] {dagbag.py:541} INFO - Filling up the DagBag from /workspaces/hands-on-introduction-data-engineering-4395021/airflow_env/lib/python3.10/site-packages/airflow/example_dags/example_params_trigger_ui.py
[2025-08-13T10:27:22.890+0000] {processor.py:836} INFO - DAG(s) dict_keys(['example_params_trigger_ui']) retrieved from /workspaces/hands-on-introduction-data-engineering-4395021/airflow_env/lib/python3.10/site-packages/airflow/example_dags/example_params_trigger_ui.py
[2025-08-13T10:27:22.924+0000] {logging_mixin.py:150} INFO - [2025-08-13T10:27:22.924+0000] {dag.py:2742} INFO - Sync 1 DAGs
[2025-08-13T10:27:22.938+0000] {logging_mixin.py:150} INFO - [2025-08-13T10:27:22.938+0000] {dag.py:3504} INFO - Setting next_dagrun for example_params_trigger_ui to None, run_after=None
[2025-08-13T10:27:22.953+0000] {processor.py:179} INFO - Processing /workspaces/hands-on-introduction-data-engineering-4395021/airflow_env/lib/python3.10/site-packages/airflow/example_dags/example_params_trigger_ui.py took 0.078 seconds
[2025-08-13T10:28:06.757+0000] {processor.py:157} INFO - Started process (PID=3478) to work on /workspaces/hands-on-introduction-data-engineering-4395021/airflow_env/lib/python3.10/site-packages/airflow/example_dags/example_params_trigger_ui.py
[2025-08-13T10:28:06.758+0000] {processor.py:826} INFO - Processing file /workspaces/hands-on-introduction-data-engineering-4395021/airflow_env/lib/python3.10/site-packages/airflow/example_dags/example_params_trigger_ui.py for tasks to queue
[2025-08-13T10:28:06.759+0000] {logging_mixin.py:150} INFO - [2025-08-13T10:28:06.758+0000] {dagbag.py:541} INFO - Filling up the DagBag from /workspaces/hands-on-introduction-data-engineering-4395021/airflow_env/lib/python3.10/site-packages/airflow/example_dags/example_params_trigger_ui.py
[2025-08-13T10:28:06.770+0000] {processor.py:836} INFO - DAG(s) dict_keys(['example_params_trigger_ui']) retrieved from /workspaces/hands-on-introduction-data-engineering-4395021/airflow_env/lib/python3.10/site-packages/airflow/example_dags/example_params_trigger_ui.py
[2025-08-13T10:28:06.802+0000] {logging_mixin.py:150} INFO - [2025-08-13T10:28:06.801+0000] {dag.py:2742} INFO - Sync 1 DAGs
[2025-08-13T10:28:06.818+0000] {logging_mixin.py:150} INFO - [2025-08-13T10:28:06.818+0000] {dag.py:3504} INFO - Setting next_dagrun for example_params_trigger_ui to None, run_after=None
[2025-08-13T10:28:06.835+0000] {processor.py:179} INFO - Processing /workspaces/hands-on-introduction-data-engineering-4395021/airflow_env/lib/python3.10/site-packages/airflow/example_dags/example_params_trigger_ui.py took 0.079 seconds
[2025-08-13T10:28:48.915+0000] {processor.py:157} INFO - Started process (PID=3780) to work on /workspaces/hands-on-introduction-data-engineering-4395021/airflow_env/lib/python3.10/site-packages/airflow/example_dags/example_params_trigger_ui.py
[2025-08-13T10:28:48.916+0000] {processor.py:826} INFO - Processing file /workspaces/hands-on-introduction-data-engineering-4395021/airflow_env/lib/python3.10/site-packages/airflow/example_dags/example_params_trigger_ui.py for tasks to queue
[2025-08-13T10:28:48.916+0000] {logging_mixin.py:150} INFO - [2025-08-13T10:28:48.916+0000] {dagbag.py:541} INFO - Filling up the DagBag from /workspaces/hands-on-introduction-data-engineering-4395021/airflow_env/lib/python3.10/site-packages/airflow/example_dags/example_params_trigger_ui.py
[2025-08-13T10:28:48.928+0000] {processor.py:836} INFO - DAG(s) dict_keys(['example_params_trigger_ui']) retrieved from /workspaces/hands-on-introduction-data-engineering-4395021/airflow_env/lib/python3.10/site-packages/airflow/example_dags/example_params_trigger_ui.py
[2025-08-13T10:28:48.966+0000] {logging_mixin.py:150} INFO - [2025-08-13T10:28:48.966+0000] {dag.py:2742} INFO - Sync 1 DAGs
[2025-08-13T10:28:48.988+0000] {logging_mixin.py:150} INFO - [2025-08-13T10:28:48.988+0000] {dag.py:3504} INFO - Setting next_dagrun for example_params_trigger_ui to None, run_after=None
[2025-08-13T10:28:49.010+0000] {processor.py:179} INFO - Processing /workspaces/hands-on-introduction-data-engineering-4395021/airflow_env/lib/python3.10/site-packages/airflow/example_dags/example_params_trigger_ui.py took 0.097 seconds
[2025-08-13T10:29:35.133+0000] {processor.py:157} INFO - Started process (PID=4179) to work on /workspaces/hands-on-introduction-data-engineering-4395021/airflow_env/lib/python3.10/site-packages/airflow/example_dags/example_params_trigger_ui.py
[2025-08-13T10:29:35.134+0000] {processor.py:826} INFO - Processing file /workspaces/hands-on-introduction-data-engineering-4395021/airflow_env/lib/python3.10/site-packages/airflow/example_dags/example_params_trigger_ui.py for tasks to queue
[2025-08-13T10:29:35.134+0000] {logging_mixin.py:150} INFO - [2025-08-13T10:29:35.134+0000] {dagbag.py:541} INFO - Filling up the DagBag from /workspaces/hands-on-introduction-data-engineering-4395021/airflow_env/lib/python3.10/site-packages/airflow/example_dags/example_params_trigger_ui.py
[2025-08-13T10:29:35.146+0000] {processor.py:836} INFO - DAG(s) dict_keys(['example_params_trigger_ui']) retrieved from /workspaces/hands-on-introduction-data-engineering-4395021/airflow_env/lib/python3.10/site-packages/airflow/example_dags/example_params_trigger_ui.py
[2025-08-13T10:29:35.177+0000] {logging_mixin.py:150} INFO - [2025-08-13T10:29:35.177+0000] {dag.py:2742} INFO - Sync 1 DAGs
[2025-08-13T10:29:35.191+0000] {logging_mixin.py:150} INFO - [2025-08-13T10:29:35.191+0000] {dag.py:3504} INFO - Setting next_dagrun for example_params_trigger_ui to None, run_after=None
[2025-08-13T10:29:35.206+0000] {processor.py:179} INFO - Processing /workspaces/hands-on-introduction-data-engineering-4395021/airflow_env/lib/python3.10/site-packages/airflow/example_dags/example_params_trigger_ui.py took 0.075 seconds
[2025-08-13T10:30:19.705+0000] {processor.py:157} INFO - Started process (PID=4475) to work on /workspaces/hands-on-introduction-data-engineering-4395021/airflow_env/lib/python3.10/site-packages/airflow/example_dags/example_params_trigger_ui.py
[2025-08-13T10:30:19.706+0000] {processor.py:826} INFO - Processing file /workspaces/hands-on-introduction-data-engineering-4395021/airflow_env/lib/python3.10/site-packages/airflow/example_dags/example_params_trigger_ui.py for tasks to queue
[2025-08-13T10:30:19.706+0000] {logging_mixin.py:150} INFO - [2025-08-13T10:30:19.706+0000] {dagbag.py:541} INFO - Filling up the DagBag from /workspaces/hands-on-introduction-data-engineering-4395021/airflow_env/lib/python3.10/site-packages/airflow/example_dags/example_params_trigger_ui.py
[2025-08-13T10:30:19.718+0000] {processor.py:836} INFO - DAG(s) dict_keys(['example_params_trigger_ui']) retrieved from /workspaces/hands-on-introduction-data-engineering-4395021/airflow_env/lib/python3.10/site-packages/airflow/example_dags/example_params_trigger_ui.py
[2025-08-13T10:30:19.749+0000] {logging_mixin.py:150} INFO - [2025-08-13T10:30:19.749+0000] {dag.py:2742} INFO - Sync 1 DAGs
[2025-08-13T10:30:19.763+0000] {logging_mixin.py:150} INFO - [2025-08-13T10:30:19.763+0000] {dag.py:3504} INFO - Setting next_dagrun for example_params_trigger_ui to None, run_after=None
[2025-08-13T10:30:19.778+0000] {processor.py:179} INFO - Processing /workspaces/hands-on-introduction-data-engineering-4395021/airflow_env/lib/python3.10/site-packages/airflow/example_dags/example_params_trigger_ui.py took 0.075 seconds
[2025-08-13T10:31:05.223+0000] {processor.py:157} INFO - Started process (PID=4798) to work on /workspaces/hands-on-introduction-data-engineering-4395021/airflow_env/lib/python3.10/site-packages/airflow/example_dags/example_params_trigger_ui.py
[2025-08-13T10:31:05.224+0000] {processor.py:826} INFO - Processing file /workspaces/hands-on-introduction-data-engineering-4395021/airflow_env/lib/python3.10/site-packages/airflow/example_dags/example_params_trigger_ui.py for tasks to queue
[2025-08-13T10:31:05.224+0000] {logging_mixin.py:150} INFO - [2025-08-13T10:31:05.224+0000] {dagbag.py:541} INFO - Filling up the DagBag from /workspaces/hands-on-introduction-data-engineering-4395021/airflow_env/lib/python3.10/site-packages/airflow/example_dags/example_params_trigger_ui.py
[2025-08-13T10:31:05.236+0000] {processor.py:836} INFO - DAG(s) dict_keys(['example_params_trigger_ui']) retrieved from /workspaces/hands-on-introduction-data-engineering-4395021/airflow_env/lib/python3.10/site-packages/airflow/example_dags/example_params_trigger_ui.py
[2025-08-13T10:31:05.267+0000] {logging_mixin.py:150} INFO - [2025-08-13T10:31:05.267+0000] {dag.py:2742} INFO - Sync 1 DAGs
[2025-08-13T10:31:05.281+0000] {logging_mixin.py:150} INFO - [2025-08-13T10:31:05.281+0000] {dag.py:3504} INFO - Setting next_dagrun for example_params_trigger_ui to None, run_after=None
[2025-08-13T10:31:05.295+0000] {processor.py:179} INFO - Processing /workspaces/hands-on-introduction-data-engineering-4395021/airflow_env/lib/python3.10/site-packages/airflow/example_dags/example_params_trigger_ui.py took 0.074 seconds
[2025-08-13T10:31:48.755+0000] {processor.py:157} INFO - Started process (PID=5085) to work on /workspaces/hands-on-introduction-data-engineering-4395021/airflow_env/lib/python3.10/site-packages/airflow/example_dags/example_params_trigger_ui.py
[2025-08-13T10:31:48.756+0000] {processor.py:826} INFO - Processing file /workspaces/hands-on-introduction-data-engineering-4395021/airflow_env/lib/python3.10/site-packages/airflow/example_dags/example_params_trigger_ui.py for tasks to queue
[2025-08-13T10:31:48.756+0000] {logging_mixin.py:150} INFO - [2025-08-13T10:31:48.756+0000] {dagbag.py:541} INFO - Filling up the DagBag from /workspaces/hands-on-introduction-data-engineering-4395021/airflow_env/lib/python3.10/site-packages/airflow/example_dags/example_params_trigger_ui.py
[2025-08-13T10:31:48.769+0000] {processor.py:836} INFO - DAG(s) dict_keys(['example_params_trigger_ui']) retrieved from /workspaces/hands-on-introduction-data-engineering-4395021/airflow_env/lib/python3.10/site-packages/airflow/example_dags/example_params_trigger_ui.py
[2025-08-13T10:31:48.799+0000] {logging_mixin.py:150} INFO - [2025-08-13T10:31:48.799+0000] {dag.py:2742} INFO - Sync 1 DAGs
[2025-08-13T10:31:48.813+0000] {logging_mixin.py:150} INFO - [2025-08-13T10:31:48.813+0000] {dag.py:3504} INFO - Setting next_dagrun for example_params_trigger_ui to None, run_after=None
[2025-08-13T10:31:48.828+0000] {processor.py:179} INFO - Processing /workspaces/hands-on-introduction-data-engineering-4395021/airflow_env/lib/python3.10/site-packages/airflow/example_dags/example_params_trigger_ui.py took 0.075 seconds
[2025-08-13T10:32:31.397+0000] {processor.py:157} INFO - Started process (PID=5369) to work on /workspaces/hands-on-introduction-data-engineering-4395021/airflow_env/lib/python3.10/site-packages/airflow/example_dags/example_params_trigger_ui.py
[2025-08-13T10:32:31.397+0000] {processor.py:826} INFO - Processing file /workspaces/hands-on-introduction-data-engineering-4395021/airflow_env/lib/python3.10/site-packages/airflow/example_dags/example_params_trigger_ui.py for tasks to queue
[2025-08-13T10:32:31.398+0000] {logging_mixin.py:150} INFO - [2025-08-13T10:32:31.398+0000] {dagbag.py:541} INFO - Filling up the DagBag from /workspaces/hands-on-introduction-data-engineering-4395021/airflow_env/lib/python3.10/site-packages/airflow/example_dags/example_params_trigger_ui.py
[2025-08-13T10:32:31.410+0000] {processor.py:836} INFO - DAG(s) dict_keys(['example_params_trigger_ui']) retrieved from /workspaces/hands-on-introduction-data-engineering-4395021/airflow_env/lib/python3.10/site-packages/airflow/example_dags/example_params_trigger_ui.py
[2025-08-13T10:32:31.441+0000] {logging_mixin.py:150} INFO - [2025-08-13T10:32:31.441+0000] {dag.py:2742} INFO - Sync 1 DAGs
[2025-08-13T10:32:31.455+0000] {logging_mixin.py:150} INFO - [2025-08-13T10:32:31.455+0000] {dag.py:3504} INFO - Setting next_dagrun for example_params_trigger_ui to None, run_after=None
[2025-08-13T10:32:31.471+0000] {processor.py:179} INFO - Processing /workspaces/hands-on-introduction-data-engineering-4395021/airflow_env/lib/python3.10/site-packages/airflow/example_dags/example_params_trigger_ui.py took 0.076 seconds
[2025-08-13T10:33:16.769+0000] {processor.py:157} INFO - Started process (PID=5779) to work on /workspaces/hands-on-introduction-data-engineering-4395021/airflow_env/lib/python3.10/site-packages/airflow/example_dags/example_params_trigger_ui.py
[2025-08-13T10:33:16.770+0000] {processor.py:826} INFO - Processing file /workspaces/hands-on-introduction-data-engineering-4395021/airflow_env/lib/python3.10/site-packages/airflow/example_dags/example_params_trigger_ui.py for tasks to queue
[2025-08-13T10:33:16.771+0000] {logging_mixin.py:150} INFO - [2025-08-13T10:33:16.771+0000] {dagbag.py:541} INFO - Filling up the DagBag from /workspaces/hands-on-introduction-data-engineering-4395021/airflow_env/lib/python3.10/site-packages/airflow/example_dags/example_params_trigger_ui.py
[2025-08-13T10:33:16.791+0000] {processor.py:836} INFO - DAG(s) dict_keys(['example_params_trigger_ui']) retrieved from /workspaces/hands-on-introduction-data-engineering-4395021/airflow_env/lib/python3.10/site-packages/airflow/example_dags/example_params_trigger_ui.py
[2025-08-13T10:33:16.841+0000] {logging_mixin.py:150} INFO - [2025-08-13T10:33:16.840+0000] {dag.py:2742} INFO - Sync 1 DAGs
[2025-08-13T10:33:16.859+0000] {logging_mixin.py:150} INFO - [2025-08-13T10:33:16.859+0000] {dag.py:3504} INFO - Setting next_dagrun for example_params_trigger_ui to None, run_after=None
[2025-08-13T10:33:16.874+0000] {processor.py:179} INFO - Processing /workspaces/hands-on-introduction-data-engineering-4395021/airflow_env/lib/python3.10/site-packages/airflow/example_dags/example_params_trigger_ui.py took 0.108 seconds
[2025-08-13T10:34:00.767+0000] {processor.py:157} INFO - Started process (PID=6152) to work on /workspaces/hands-on-introduction-data-engineering-4395021/airflow_env/lib/python3.10/site-packages/airflow/example_dags/example_params_trigger_ui.py
[2025-08-13T10:34:00.768+0000] {processor.py:826} INFO - Processing file /workspaces/hands-on-introduction-data-engineering-4395021/airflow_env/lib/python3.10/site-packages/airflow/example_dags/example_params_trigger_ui.py for tasks to queue
[2025-08-13T10:34:00.769+0000] {logging_mixin.py:150} INFO - [2025-08-13T10:34:00.768+0000] {dagbag.py:541} INFO - Filling up the DagBag from /workspaces/hands-on-introduction-data-engineering-4395021/airflow_env/lib/python3.10/site-packages/airflow/example_dags/example_params_trigger_ui.py
[2025-08-13T10:34:00.780+0000] {processor.py:836} INFO - DAG(s) dict_keys(['example_params_trigger_ui']) retrieved from /workspaces/hands-on-introduction-data-engineering-4395021/airflow_env/lib/python3.10/site-packages/airflow/example_dags/example_params_trigger_ui.py
[2025-08-13T10:34:00.811+0000] {logging_mixin.py:150} INFO - [2025-08-13T10:34:00.811+0000] {dag.py:2742} INFO - Sync 1 DAGs
[2025-08-13T10:34:00.825+0000] {logging_mixin.py:150} INFO - [2025-08-13T10:34:00.825+0000] {dag.py:3504} INFO - Setting next_dagrun for example_params_trigger_ui to None, run_after=None
[2025-08-13T10:34:00.844+0000] {processor.py:179} INFO - Processing /workspaces/hands-on-introduction-data-engineering-4395021/airflow_env/lib/python3.10/site-packages/airflow/example_dags/example_params_trigger_ui.py took 0.079 seconds
[2025-08-13T10:34:45.897+0000] {processor.py:157} INFO - Started process (PID=6563) to work on /workspaces/hands-on-introduction-data-engineering-4395021/airflow_env/lib/python3.10/site-packages/airflow/example_dags/example_params_trigger_ui.py
[2025-08-13T10:34:45.898+0000] {processor.py:826} INFO - Processing file /workspaces/hands-on-introduction-data-engineering-4395021/airflow_env/lib/python3.10/site-packages/airflow/example_dags/example_params_trigger_ui.py for tasks to queue
[2025-08-13T10:34:45.898+0000] {logging_mixin.py:150} INFO - [2025-08-13T10:34:45.898+0000] {dagbag.py:541} INFO - Filling up the DagBag from /workspaces/hands-on-introduction-data-engineering-4395021/airflow_env/lib/python3.10/site-packages/airflow/example_dags/example_params_trigger_ui.py
[2025-08-13T10:34:45.912+0000] {processor.py:836} INFO - DAG(s) dict_keys(['example_params_trigger_ui']) retrieved from /workspaces/hands-on-introduction-data-engineering-4395021/airflow_env/lib/python3.10/site-packages/airflow/example_dags/example_params_trigger_ui.py
[2025-08-13T10:34:45.943+0000] {logging_mixin.py:150} INFO - [2025-08-13T10:34:45.943+0000] {dag.py:2742} INFO - Sync 1 DAGs
[2025-08-13T10:34:45.957+0000] {logging_mixin.py:150} INFO - [2025-08-13T10:34:45.957+0000] {dag.py:3504} INFO - Setting next_dagrun for example_params_trigger_ui to None, run_after=None
[2025-08-13T10:34:45.972+0000] {processor.py:179} INFO - Processing /workspaces/hands-on-introduction-data-engineering-4395021/airflow_env/lib/python3.10/site-packages/airflow/example_dags/example_params_trigger_ui.py took 0.077 seconds
[2025-08-13T10:35:30.241+0000] {processor.py:157} INFO - Started process (PID=6855) to work on /workspaces/hands-on-introduction-data-engineering-4395021/airflow_env/lib/python3.10/site-packages/airflow/example_dags/example_params_trigger_ui.py
[2025-08-13T10:35:30.242+0000] {processor.py:826} INFO - Processing file /workspaces/hands-on-introduction-data-engineering-4395021/airflow_env/lib/python3.10/site-packages/airflow/example_dags/example_params_trigger_ui.py for tasks to queue
[2025-08-13T10:35:30.242+0000] {logging_mixin.py:150} INFO - [2025-08-13T10:35:30.242+0000] {dagbag.py:541} INFO - Filling up the DagBag from /workspaces/hands-on-introduction-data-engineering-4395021/airflow_env/lib/python3.10/site-packages/airflow/example_dags/example_params_trigger_ui.py
[2025-08-13T10:35:30.254+0000] {processor.py:836} INFO - DAG(s) dict_keys(['example_params_trigger_ui']) retrieved from /workspaces/hands-on-introduction-data-engineering-4395021/airflow_env/lib/python3.10/site-packages/airflow/example_dags/example_params_trigger_ui.py
[2025-08-13T10:35:30.285+0000] {logging_mixin.py:150} INFO - [2025-08-13T10:35:30.285+0000] {dag.py:2742} INFO - Sync 1 DAGs
[2025-08-13T10:35:30.299+0000] {logging_mixin.py:150} INFO - [2025-08-13T10:35:30.299+0000] {dag.py:3504} INFO - Setting next_dagrun for example_params_trigger_ui to None, run_after=None
[2025-08-13T10:35:30.313+0000] {processor.py:179} INFO - Processing /workspaces/hands-on-introduction-data-engineering-4395021/airflow_env/lib/python3.10/site-packages/airflow/example_dags/example_params_trigger_ui.py took 0.074 seconds
[2025-08-13T10:36:13.186+0000] {processor.py:157} INFO - Started process (PID=7141) to work on /workspaces/hands-on-introduction-data-engineering-4395021/airflow_env/lib/python3.10/site-packages/airflow/example_dags/example_params_trigger_ui.py
[2025-08-13T10:36:13.187+0000] {processor.py:826} INFO - Processing file /workspaces/hands-on-introduction-data-engineering-4395021/airflow_env/lib/python3.10/site-packages/airflow/example_dags/example_params_trigger_ui.py for tasks to queue
[2025-08-13T10:36:13.188+0000] {logging_mixin.py:150} INFO - [2025-08-13T10:36:13.187+0000] {dagbag.py:541} INFO - Filling up the DagBag from /workspaces/hands-on-introduction-data-engineering-4395021/airflow_env/lib/python3.10/site-packages/airflow/example_dags/example_params_trigger_ui.py
[2025-08-13T10:36:13.200+0000] {processor.py:836} INFO - DAG(s) dict_keys(['example_params_trigger_ui']) retrieved from /workspaces/hands-on-introduction-data-engineering-4395021/airflow_env/lib/python3.10/site-packages/airflow/example_dags/example_params_trigger_ui.py
[2025-08-13T10:36:13.232+0000] {logging_mixin.py:150} INFO - [2025-08-13T10:36:13.232+0000] {dag.py:2742} INFO - Sync 1 DAGs
[2025-08-13T10:36:13.247+0000] {logging_mixin.py:150} INFO - [2025-08-13T10:36:13.247+0000] {dag.py:3504} INFO - Setting next_dagrun for example_params_trigger_ui to None, run_after=None
[2025-08-13T10:36:13.263+0000] {processor.py:179} INFO - Processing /workspaces/hands-on-introduction-data-engineering-4395021/airflow_env/lib/python3.10/site-packages/airflow/example_dags/example_params_trigger_ui.py took 0.079 seconds
[2025-08-13T10:36:58.719+0000] {processor.py:157} INFO - Started process (PID=7443) to work on /workspaces/hands-on-introduction-data-engineering-4395021/airflow_env/lib/python3.10/site-packages/airflow/example_dags/example_params_trigger_ui.py
[2025-08-13T10:36:58.719+0000] {processor.py:826} INFO - Processing file /workspaces/hands-on-introduction-data-engineering-4395021/airflow_env/lib/python3.10/site-packages/airflow/example_dags/example_params_trigger_ui.py for tasks to queue
[2025-08-13T10:36:58.720+0000] {logging_mixin.py:150} INFO - [2025-08-13T10:36:58.720+0000] {dagbag.py:541} INFO - Filling up the DagBag from /workspaces/hands-on-introduction-data-engineering-4395021/airflow_env/lib/python3.10/site-packages/airflow/example_dags/example_params_trigger_ui.py
[2025-08-13T10:36:58.732+0000] {processor.py:836} INFO - DAG(s) dict_keys(['example_params_trigger_ui']) retrieved from /workspaces/hands-on-introduction-data-engineering-4395021/airflow_env/lib/python3.10/site-packages/airflow/example_dags/example_params_trigger_ui.py
[2025-08-13T10:36:58.763+0000] {logging_mixin.py:150} INFO - [2025-08-13T10:36:58.763+0000] {dag.py:2742} INFO - Sync 1 DAGs
[2025-08-13T10:36:58.778+0000] {logging_mixin.py:150} INFO - [2025-08-13T10:36:58.777+0000] {dag.py:3504} INFO - Setting next_dagrun for example_params_trigger_ui to None, run_after=None
[2025-08-13T10:36:58.793+0000] {processor.py:179} INFO - Processing /workspaces/hands-on-introduction-data-engineering-4395021/airflow_env/lib/python3.10/site-packages/airflow/example_dags/example_params_trigger_ui.py took 0.076 seconds
[2025-08-13T10:37:40.537+0000] {processor.py:157} INFO - Started process (PID=7727) to work on /workspaces/hands-on-introduction-data-engineering-4395021/airflow_env/lib/python3.10/site-packages/airflow/example_dags/example_params_trigger_ui.py
[2025-08-13T10:37:40.538+0000] {processor.py:826} INFO - Processing file /workspaces/hands-on-introduction-data-engineering-4395021/airflow_env/lib/python3.10/site-packages/airflow/example_dags/example_params_trigger_ui.py for tasks to queue
[2025-08-13T10:37:40.538+0000] {logging_mixin.py:150} INFO - [2025-08-13T10:37:40.538+0000] {dagbag.py:541} INFO - Filling up the DagBag from /workspaces/hands-on-introduction-data-engineering-4395021/airflow_env/lib/python3.10/site-packages/airflow/example_dags/example_params_trigger_ui.py
[2025-08-13T10:37:40.550+0000] {processor.py:836} INFO - DAG(s) dict_keys(['example_params_trigger_ui']) retrieved from /workspaces/hands-on-introduction-data-engineering-4395021/airflow_env/lib/python3.10/site-packages/airflow/example_dags/example_params_trigger_ui.py
[2025-08-13T10:37:40.583+0000] {logging_mixin.py:150} INFO - [2025-08-13T10:37:40.582+0000] {dag.py:2742} INFO - Sync 1 DAGs
[2025-08-13T10:37:40.598+0000] {logging_mixin.py:150} INFO - [2025-08-13T10:37:40.597+0000] {dag.py:3504} INFO - Setting next_dagrun for example_params_trigger_ui to None, run_after=None
[2025-08-13T10:37:40.614+0000] {processor.py:179} INFO - Processing /workspaces/hands-on-introduction-data-engineering-4395021/airflow_env/lib/python3.10/site-packages/airflow/example_dags/example_params_trigger_ui.py took 0.079 seconds
[2025-08-13T10:38:24.639+0000] {processor.py:157} INFO - Started process (PID=8069) to work on /workspaces/hands-on-introduction-data-engineering-4395021/airflow_env/lib/python3.10/site-packages/airflow/example_dags/example_params_trigger_ui.py
[2025-08-13T10:38:24.640+0000] {processor.py:826} INFO - Processing file /workspaces/hands-on-introduction-data-engineering-4395021/airflow_env/lib/python3.10/site-packages/airflow/example_dags/example_params_trigger_ui.py for tasks to queue
[2025-08-13T10:38:24.640+0000] {logging_mixin.py:150} INFO - [2025-08-13T10:38:24.640+0000] {dagbag.py:541} INFO - Filling up the DagBag from /workspaces/hands-on-introduction-data-engineering-4395021/airflow_env/lib/python3.10/site-packages/airflow/example_dags/example_params_trigger_ui.py
[2025-08-13T10:38:24.653+0000] {processor.py:836} INFO - DAG(s) dict_keys(['example_params_trigger_ui']) retrieved from /workspaces/hands-on-introduction-data-engineering-4395021/airflow_env/lib/python3.10/site-packages/airflow/example_dags/example_params_trigger_ui.py
[2025-08-13T10:38:24.684+0000] {logging_mixin.py:150} INFO - [2025-08-13T10:38:24.684+0000] {dag.py:2742} INFO - Sync 1 DAGs
[2025-08-13T10:38:24.699+0000] {logging_mixin.py:150} INFO - [2025-08-13T10:38:24.699+0000] {dag.py:3504} INFO - Setting next_dagrun for example_params_trigger_ui to None, run_after=None
[2025-08-13T10:38:24.715+0000] {processor.py:179} INFO - Processing /workspaces/hands-on-introduction-data-engineering-4395021/airflow_env/lib/python3.10/site-packages/airflow/example_dags/example_params_trigger_ui.py took 0.078 seconds
[2025-08-13T10:39:09.864+0000] {processor.py:157} INFO - Started process (PID=8371) to work on /workspaces/hands-on-introduction-data-engineering-4395021/airflow_env/lib/python3.10/site-packages/airflow/example_dags/example_params_trigger_ui.py
[2025-08-13T10:39:09.865+0000] {processor.py:826} INFO - Processing file /workspaces/hands-on-introduction-data-engineering-4395021/airflow_env/lib/python3.10/site-packages/airflow/example_dags/example_params_trigger_ui.py for tasks to queue
[2025-08-13T10:39:09.865+0000] {logging_mixin.py:150} INFO - [2025-08-13T10:39:09.865+0000] {dagbag.py:541} INFO - Filling up the DagBag from /workspaces/hands-on-introduction-data-engineering-4395021/airflow_env/lib/python3.10/site-packages/airflow/example_dags/example_params_trigger_ui.py
[2025-08-13T10:39:09.877+0000] {processor.py:836} INFO - DAG(s) dict_keys(['example_params_trigger_ui']) retrieved from /workspaces/hands-on-introduction-data-engineering-4395021/airflow_env/lib/python3.10/site-packages/airflow/example_dags/example_params_trigger_ui.py
[2025-08-13T10:39:09.909+0000] {logging_mixin.py:150} INFO - [2025-08-13T10:39:09.909+0000] {dag.py:2742} INFO - Sync 1 DAGs
[2025-08-13T10:39:09.924+0000] {logging_mixin.py:150} INFO - [2025-08-13T10:39:09.924+0000] {dag.py:3504} INFO - Setting next_dagrun for example_params_trigger_ui to None, run_after=None
[2025-08-13T10:39:09.939+0000] {processor.py:179} INFO - Processing /workspaces/hands-on-introduction-data-engineering-4395021/airflow_env/lib/python3.10/site-packages/airflow/example_dags/example_params_trigger_ui.py took 0.077 seconds
[2025-08-13T10:39:56.125+0000] {processor.py:157} INFO - Started process (PID=8678) to work on /workspaces/hands-on-introduction-data-engineering-4395021/airflow_env/lib/python3.10/site-packages/airflow/example_dags/example_params_trigger_ui.py
[2025-08-13T10:39:56.126+0000] {processor.py:826} INFO - Processing file /workspaces/hands-on-introduction-data-engineering-4395021/airflow_env/lib/python3.10/site-packages/airflow/example_dags/example_params_trigger_ui.py for tasks to queue
[2025-08-13T10:39:56.126+0000] {logging_mixin.py:150} INFO - [2025-08-13T10:39:56.126+0000] {dagbag.py:541} INFO - Filling up the DagBag from /workspaces/hands-on-introduction-data-engineering-4395021/airflow_env/lib/python3.10/site-packages/airflow/example_dags/example_params_trigger_ui.py
[2025-08-13T10:39:56.138+0000] {processor.py:836} INFO - DAG(s) dict_keys(['example_params_trigger_ui']) retrieved from /workspaces/hands-on-introduction-data-engineering-4395021/airflow_env/lib/python3.10/site-packages/airflow/example_dags/example_params_trigger_ui.py
[2025-08-13T10:39:56.169+0000] {logging_mixin.py:150} INFO - [2025-08-13T10:39:56.169+0000] {dag.py:2742} INFO - Sync 1 DAGs
[2025-08-13T10:39:56.183+0000] {logging_mixin.py:150} INFO - [2025-08-13T10:39:56.183+0000] {dag.py:3504} INFO - Setting next_dagrun for example_params_trigger_ui to None, run_after=None
[2025-08-13T10:39:56.198+0000] {processor.py:179} INFO - Processing /workspaces/hands-on-introduction-data-engineering-4395021/airflow_env/lib/python3.10/site-packages/airflow/example_dags/example_params_trigger_ui.py took 0.075 seconds
[2025-08-13T10:40:38.229+0000] {processor.py:157} INFO - Started process (PID=8986) to work on /workspaces/hands-on-introduction-data-engineering-4395021/airflow_env/lib/python3.10/site-packages/airflow/example_dags/example_params_trigger_ui.py
[2025-08-13T10:40:38.230+0000] {processor.py:826} INFO - Processing file /workspaces/hands-on-introduction-data-engineering-4395021/airflow_env/lib/python3.10/site-packages/airflow/example_dags/example_params_trigger_ui.py for tasks to queue
[2025-08-13T10:40:38.231+0000] {logging_mixin.py:150} INFO - [2025-08-13T10:40:38.230+0000] {dagbag.py:541} INFO - Filling up the DagBag from /workspaces/hands-on-introduction-data-engineering-4395021/airflow_env/lib/python3.10/site-packages/airflow/example_dags/example_params_trigger_ui.py
[2025-08-13T10:40:38.243+0000] {processor.py:836} INFO - DAG(s) dict_keys(['example_params_trigger_ui']) retrieved from /workspaces/hands-on-introduction-data-engineering-4395021/airflow_env/lib/python3.10/site-packages/airflow/example_dags/example_params_trigger_ui.py
[2025-08-13T10:40:38.273+0000] {logging_mixin.py:150} INFO - [2025-08-13T10:40:38.273+0000] {dag.py:2742} INFO - Sync 1 DAGs
[2025-08-13T10:40:38.287+0000] {logging_mixin.py:150} INFO - [2025-08-13T10:40:38.287+0000] {dag.py:3504} INFO - Setting next_dagrun for example_params_trigger_ui to None, run_after=None
[2025-08-13T10:40:38.302+0000] {processor.py:179} INFO - Processing /workspaces/hands-on-introduction-data-engineering-4395021/airflow_env/lib/python3.10/site-packages/airflow/example_dags/example_params_trigger_ui.py took 0.074 seconds
