[2025-08-13T03:25:06.685+0000] {processor.py:157} INFO - Started process (PID=4927) to work on /workspaces/hands-on-introduction-data-engineering-4395021/airflow_env/lib/python3.10/site-packages/airflow/example_dags/example_latest_only_with_trigger.py
[2025-08-13T03:25:06.686+0000] {processor.py:826} INFO - Processing file /workspaces/hands-on-introduction-data-engineering-4395021/airflow_env/lib/python3.10/site-packages/airflow/example_dags/example_latest_only_with_trigger.py for tasks to queue
[2025-08-13T03:25:06.687+0000] {logging_mixin.py:150} INFO - [2025-08-13T03:25:06.686+0000] {dagbag.py:541} INFO - Filling up the DagBag from /workspaces/hands-on-introduction-data-engineering-4395021/airflow_env/lib/python3.10/site-packages/airflow/example_dags/example_latest_only_with_trigger.py
[2025-08-13T03:25:06.691+0000] {processor.py:836} INFO - DAG(s) dict_keys(['latest_only_with_trigger']) retrieved from /workspaces/hands-on-introduction-data-engineering-4395021/airflow_env/lib/python3.10/site-packages/airflow/example_dags/example_latest_only_with_trigger.py
[2025-08-13T03:25:06.769+0000] {logging_mixin.py:150} INFO - [2025-08-13T03:25:06.769+0000] {manager.py:504} INFO - Created Permission View: can read on DAG:latest_only_with_trigger
[2025-08-13T03:25:06.777+0000] {logging_mixin.py:150} INFO - [2025-08-13T03:25:06.777+0000] {manager.py:504} INFO - Created Permission View: can edit on DAG:latest_only_with_trigger
[2025-08-13T03:25:06.784+0000] {logging_mixin.py:150} INFO - [2025-08-13T03:25:06.783+0000] {manager.py:504} INFO - Created Permission View: can delete on DAG:latest_only_with_trigger
[2025-08-13T03:25:06.791+0000] {logging_mixin.py:150} INFO - [2025-08-13T03:25:06.791+0000] {dag.py:2742} INFO - Sync 1 DAGs
[2025-08-13T03:25:06.798+0000] {logging_mixin.py:150} INFO - [2025-08-13T03:25:06.798+0000] {dag.py:2763} INFO - Creating ORM DAG for latest_only_with_trigger
[2025-08-13T03:25:06.805+0000] {logging_mixin.py:150} INFO - [2025-08-13T03:25:06.805+0000] {dag.py:3504} INFO - Setting next_dagrun for latest_only_with_trigger to 2025-08-12T23:25:06.805273+00:00, run_after=2025-08-13T03:25:06.805273+00:00
[2025-08-13T03:25:06.822+0000] {processor.py:179} INFO - Processing /workspaces/hands-on-introduction-data-engineering-4395021/airflow_env/lib/python3.10/site-packages/airflow/example_dags/example_latest_only_with_trigger.py took 0.139 seconds
[2025-08-13T03:25:51.841+0000] {processor.py:157} INFO - Started process (PID=5234) to work on /workspaces/hands-on-introduction-data-engineering-4395021/airflow_env/lib/python3.10/site-packages/airflow/example_dags/example_latest_only_with_trigger.py
[2025-08-13T03:25:51.842+0000] {processor.py:826} INFO - Processing file /workspaces/hands-on-introduction-data-engineering-4395021/airflow_env/lib/python3.10/site-packages/airflow/example_dags/example_latest_only_with_trigger.py for tasks to queue
[2025-08-13T03:25:51.843+0000] {logging_mixin.py:150} INFO - [2025-08-13T03:25:51.842+0000] {dagbag.py:541} INFO - Filling up the DagBag from /workspaces/hands-on-introduction-data-engineering-4395021/airflow_env/lib/python3.10/site-packages/airflow/example_dags/example_latest_only_with_trigger.py
[2025-08-13T03:25:51.847+0000] {processor.py:836} INFO - DAG(s) dict_keys(['latest_only_with_trigger']) retrieved from /workspaces/hands-on-introduction-data-engineering-4395021/airflow_env/lib/python3.10/site-packages/airflow/example_dags/example_latest_only_with_trigger.py
[2025-08-13T03:25:51.859+0000] {logging_mixin.py:150} INFO - [2025-08-13T03:25:51.859+0000] {dag.py:2742} INFO - Sync 1 DAGs
[2025-08-13T03:25:51.872+0000] {logging_mixin.py:150} INFO - [2025-08-13T03:25:51.872+0000] {dag.py:3504} INFO - Setting next_dagrun for latest_only_with_trigger to 2025-08-12T23:25:51.872677+00:00, run_after=2025-08-13T03:25:51.872677+00:00
[2025-08-13T03:25:51.888+0000] {processor.py:179} INFO - Processing /workspaces/hands-on-introduction-data-engineering-4395021/airflow_env/lib/python3.10/site-packages/airflow/example_dags/example_latest_only_with_trigger.py took 0.049 seconds
[2025-08-13T03:26:37.084+0000] {processor.py:157} INFO - Started process (PID=5529) to work on /workspaces/hands-on-introduction-data-engineering-4395021/airflow_env/lib/python3.10/site-packages/airflow/example_dags/example_latest_only_with_trigger.py
[2025-08-13T03:26:37.085+0000] {processor.py:826} INFO - Processing file /workspaces/hands-on-introduction-data-engineering-4395021/airflow_env/lib/python3.10/site-packages/airflow/example_dags/example_latest_only_with_trigger.py for tasks to queue
[2025-08-13T03:26:37.085+0000] {logging_mixin.py:150} INFO - [2025-08-13T03:26:37.085+0000] {dagbag.py:541} INFO - Filling up the DagBag from /workspaces/hands-on-introduction-data-engineering-4395021/airflow_env/lib/python3.10/site-packages/airflow/example_dags/example_latest_only_with_trigger.py
[2025-08-13T03:26:37.090+0000] {processor.py:836} INFO - DAG(s) dict_keys(['latest_only_with_trigger']) retrieved from /workspaces/hands-on-introduction-data-engineering-4395021/airflow_env/lib/python3.10/site-packages/airflow/example_dags/example_latest_only_with_trigger.py
[2025-08-13T03:26:37.102+0000] {logging_mixin.py:150} INFO - [2025-08-13T03:26:37.102+0000] {dag.py:2742} INFO - Sync 1 DAGs
[2025-08-13T03:26:37.116+0000] {logging_mixin.py:150} INFO - [2025-08-13T03:26:37.116+0000] {dag.py:3504} INFO - Setting next_dagrun for latest_only_with_trigger to 2025-08-12T23:26:37.116623+00:00, run_after=2025-08-13T03:26:37.116623+00:00
[2025-08-13T03:26:37.132+0000] {processor.py:179} INFO - Processing /workspaces/hands-on-introduction-data-engineering-4395021/airflow_env/lib/python3.10/site-packages/airflow/example_dags/example_latest_only_with_trigger.py took 0.051 seconds
[2025-08-13T03:27:25.577+0000] {processor.py:157} INFO - Started process (PID=5856) to work on /workspaces/hands-on-introduction-data-engineering-4395021/airflow_env/lib/python3.10/site-packages/airflow/example_dags/example_latest_only_with_trigger.py
[2025-08-13T03:27:25.578+0000] {processor.py:826} INFO - Processing file /workspaces/hands-on-introduction-data-engineering-4395021/airflow_env/lib/python3.10/site-packages/airflow/example_dags/example_latest_only_with_trigger.py for tasks to queue
[2025-08-13T03:27:25.578+0000] {logging_mixin.py:150} INFO - [2025-08-13T03:27:25.578+0000] {dagbag.py:541} INFO - Filling up the DagBag from /workspaces/hands-on-introduction-data-engineering-4395021/airflow_env/lib/python3.10/site-packages/airflow/example_dags/example_latest_only_with_trigger.py
[2025-08-13T03:27:25.583+0000] {processor.py:836} INFO - DAG(s) dict_keys(['latest_only_with_trigger']) retrieved from /workspaces/hands-on-introduction-data-engineering-4395021/airflow_env/lib/python3.10/site-packages/airflow/example_dags/example_latest_only_with_trigger.py
[2025-08-13T03:27:25.595+0000] {logging_mixin.py:150} INFO - [2025-08-13T03:27:25.595+0000] {dag.py:2742} INFO - Sync 1 DAGs
[2025-08-13T03:27:25.609+0000] {logging_mixin.py:150} INFO - [2025-08-13T03:27:25.608+0000] {dag.py:3504} INFO - Setting next_dagrun for latest_only_with_trigger to 2025-08-12T23:27:25.608640+00:00, run_after=2025-08-13T03:27:25.608640+00:00
[2025-08-13T03:27:25.626+0000] {processor.py:179} INFO - Processing /workspaces/hands-on-introduction-data-engineering-4395021/airflow_env/lib/python3.10/site-packages/airflow/example_dags/example_latest_only_with_trigger.py took 0.051 seconds
[2025-08-13T03:28:14.047+0000] {processor.py:157} INFO - Started process (PID=6277) to work on /workspaces/hands-on-introduction-data-engineering-4395021/airflow_env/lib/python3.10/site-packages/airflow/example_dags/example_latest_only_with_trigger.py
[2025-08-13T03:28:14.048+0000] {processor.py:826} INFO - Processing file /workspaces/hands-on-introduction-data-engineering-4395021/airflow_env/lib/python3.10/site-packages/airflow/example_dags/example_latest_only_with_trigger.py for tasks to queue
[2025-08-13T03:28:14.048+0000] {logging_mixin.py:150} INFO - [2025-08-13T03:28:14.048+0000] {dagbag.py:541} INFO - Filling up the DagBag from /workspaces/hands-on-introduction-data-engineering-4395021/airflow_env/lib/python3.10/site-packages/airflow/example_dags/example_latest_only_with_trigger.py
[2025-08-13T03:28:14.053+0000] {processor.py:836} INFO - DAG(s) dict_keys(['latest_only_with_trigger']) retrieved from /workspaces/hands-on-introduction-data-engineering-4395021/airflow_env/lib/python3.10/site-packages/airflow/example_dags/example_latest_only_with_trigger.py
[2025-08-13T03:28:14.065+0000] {logging_mixin.py:150} INFO - [2025-08-13T03:28:14.065+0000] {dag.py:2742} INFO - Sync 1 DAGs
[2025-08-13T03:28:14.080+0000] {logging_mixin.py:150} INFO - [2025-08-13T03:28:14.080+0000] {dag.py:3504} INFO - Setting next_dagrun for latest_only_with_trigger to 2025-08-12T23:28:14.079849+00:00, run_after=2025-08-13T03:28:14.079849+00:00
[2025-08-13T03:28:14.096+0000] {processor.py:179} INFO - Processing /workspaces/hands-on-introduction-data-engineering-4395021/airflow_env/lib/python3.10/site-packages/airflow/example_dags/example_latest_only_with_trigger.py took 0.051 seconds
[2025-08-13T03:28:56.792+0000] {processor.py:157} INFO - Started process (PID=6630) to work on /workspaces/hands-on-introduction-data-engineering-4395021/airflow_env/lib/python3.10/site-packages/airflow/example_dags/example_latest_only_with_trigger.py
[2025-08-13T03:28:56.793+0000] {processor.py:826} INFO - Processing file /workspaces/hands-on-introduction-data-engineering-4395021/airflow_env/lib/python3.10/site-packages/airflow/example_dags/example_latest_only_with_trigger.py for tasks to queue
[2025-08-13T03:28:56.793+0000] {logging_mixin.py:150} INFO - [2025-08-13T03:28:56.793+0000] {dagbag.py:541} INFO - Filling up the DagBag from /workspaces/hands-on-introduction-data-engineering-4395021/airflow_env/lib/python3.10/site-packages/airflow/example_dags/example_latest_only_with_trigger.py
[2025-08-13T03:28:56.798+0000] {processor.py:836} INFO - DAG(s) dict_keys(['latest_only_with_trigger']) retrieved from /workspaces/hands-on-introduction-data-engineering-4395021/airflow_env/lib/python3.10/site-packages/airflow/example_dags/example_latest_only_with_trigger.py
[2025-08-13T03:28:56.809+0000] {logging_mixin.py:150} INFO - [2025-08-13T03:28:56.809+0000] {dag.py:2742} INFO - Sync 1 DAGs
[2025-08-13T03:28:56.824+0000] {logging_mixin.py:150} INFO - [2025-08-13T03:28:56.824+0000] {dag.py:3504} INFO - Setting next_dagrun for latest_only_with_trigger to 2025-08-12T23:28:56.823778+00:00, run_after=2025-08-13T03:28:56.823778+00:00
[2025-08-13T03:28:56.839+0000] {processor.py:179} INFO - Processing /workspaces/hands-on-introduction-data-engineering-4395021/airflow_env/lib/python3.10/site-packages/airflow/example_dags/example_latest_only_with_trigger.py took 0.049 seconds
[2025-08-13T03:29:43.017+0000] {processor.py:157} INFO - Started process (PID=7141) to work on /workspaces/hands-on-introduction-data-engineering-4395021/airflow_env/lib/python3.10/site-packages/airflow/example_dags/example_latest_only_with_trigger.py
[2025-08-13T03:29:43.017+0000] {processor.py:826} INFO - Processing file /workspaces/hands-on-introduction-data-engineering-4395021/airflow_env/lib/python3.10/site-packages/airflow/example_dags/example_latest_only_with_trigger.py for tasks to queue
[2025-08-13T03:29:43.018+0000] {logging_mixin.py:150} INFO - [2025-08-13T03:29:43.018+0000] {dagbag.py:541} INFO - Filling up the DagBag from /workspaces/hands-on-introduction-data-engineering-4395021/airflow_env/lib/python3.10/site-packages/airflow/example_dags/example_latest_only_with_trigger.py
[2025-08-13T03:29:43.023+0000] {processor.py:836} INFO - DAG(s) dict_keys(['latest_only_with_trigger']) retrieved from /workspaces/hands-on-introduction-data-engineering-4395021/airflow_env/lib/python3.10/site-packages/airflow/example_dags/example_latest_only_with_trigger.py
[2025-08-13T03:29:43.034+0000] {logging_mixin.py:150} INFO - [2025-08-13T03:29:43.034+0000] {dag.py:2742} INFO - Sync 1 DAGs
[2025-08-13T03:29:43.049+0000] {logging_mixin.py:150} INFO - [2025-08-13T03:29:43.049+0000] {dag.py:3504} INFO - Setting next_dagrun for latest_only_with_trigger to 2025-08-12T23:29:43.048821+00:00, run_after=2025-08-13T03:29:43.048821+00:00
[2025-08-13T03:29:43.065+0000] {processor.py:179} INFO - Processing /workspaces/hands-on-introduction-data-engineering-4395021/airflow_env/lib/python3.10/site-packages/airflow/example_dags/example_latest_only_with_trigger.py took 0.050 seconds
[2025-08-13T03:30:28.850+0000] {processor.py:157} INFO - Started process (PID=7500) to work on /workspaces/hands-on-introduction-data-engineering-4395021/airflow_env/lib/python3.10/site-packages/airflow/example_dags/example_latest_only_with_trigger.py
[2025-08-13T03:30:28.851+0000] {processor.py:826} INFO - Processing file /workspaces/hands-on-introduction-data-engineering-4395021/airflow_env/lib/python3.10/site-packages/airflow/example_dags/example_latest_only_with_trigger.py for tasks to queue
[2025-08-13T03:30:28.852+0000] {logging_mixin.py:150} INFO - [2025-08-13T03:30:28.851+0000] {dagbag.py:541} INFO - Filling up the DagBag from /workspaces/hands-on-introduction-data-engineering-4395021/airflow_env/lib/python3.10/site-packages/airflow/example_dags/example_latest_only_with_trigger.py
[2025-08-13T03:30:28.856+0000] {processor.py:836} INFO - DAG(s) dict_keys(['latest_only_with_trigger']) retrieved from /workspaces/hands-on-introduction-data-engineering-4395021/airflow_env/lib/python3.10/site-packages/airflow/example_dags/example_latest_only_with_trigger.py
[2025-08-13T03:30:28.868+0000] {logging_mixin.py:150} INFO - [2025-08-13T03:30:28.868+0000] {dag.py:2742} INFO - Sync 1 DAGs
[2025-08-13T03:30:28.882+0000] {logging_mixin.py:150} INFO - [2025-08-13T03:30:28.882+0000] {dag.py:3504} INFO - Setting next_dagrun for latest_only_with_trigger to 2025-08-12T23:30:28.882578+00:00, run_after=2025-08-13T03:30:28.882578+00:00
[2025-08-13T03:30:28.897+0000] {processor.py:179} INFO - Processing /workspaces/hands-on-introduction-data-engineering-4395021/airflow_env/lib/python3.10/site-packages/airflow/example_dags/example_latest_only_with_trigger.py took 0.049 seconds
[2025-08-13T03:31:09.487+0000] {processor.py:157} INFO - Started process (PID=7765) to work on /workspaces/hands-on-introduction-data-engineering-4395021/airflow_env/lib/python3.10/site-packages/airflow/example_dags/example_latest_only_with_trigger.py
[2025-08-13T03:31:09.488+0000] {processor.py:826} INFO - Processing file /workspaces/hands-on-introduction-data-engineering-4395021/airflow_env/lib/python3.10/site-packages/airflow/example_dags/example_latest_only_with_trigger.py for tasks to queue
[2025-08-13T03:31:09.488+0000] {logging_mixin.py:150} INFO - [2025-08-13T03:31:09.488+0000] {dagbag.py:541} INFO - Filling up the DagBag from /workspaces/hands-on-introduction-data-engineering-4395021/airflow_env/lib/python3.10/site-packages/airflow/example_dags/example_latest_only_with_trigger.py
[2025-08-13T03:31:09.493+0000] {processor.py:836} INFO - DAG(s) dict_keys(['latest_only_with_trigger']) retrieved from /workspaces/hands-on-introduction-data-engineering-4395021/airflow_env/lib/python3.10/site-packages/airflow/example_dags/example_latest_only_with_trigger.py
[2025-08-13T03:31:09.504+0000] {logging_mixin.py:150} INFO - [2025-08-13T03:31:09.504+0000] {dag.py:2742} INFO - Sync 1 DAGs
[2025-08-13T03:31:09.525+0000] {logging_mixin.py:150} INFO - [2025-08-13T03:31:09.525+0000] {dag.py:3504} INFO - Setting next_dagrun for latest_only_with_trigger to 2025-08-12T23:31:09.525040+00:00, run_after=2025-08-13T03:31:09.525040+00:00
[2025-08-13T03:31:09.545+0000] {processor.py:179} INFO - Processing /workspaces/hands-on-introduction-data-engineering-4395021/airflow_env/lib/python3.10/site-packages/airflow/example_dags/example_latest_only_with_trigger.py took 0.060 seconds
[2025-08-13T03:31:55.232+0000] {processor.py:157} INFO - Started process (PID=8079) to work on /workspaces/hands-on-introduction-data-engineering-4395021/airflow_env/lib/python3.10/site-packages/airflow/example_dags/example_latest_only_with_trigger.py
[2025-08-13T03:31:55.232+0000] {processor.py:826} INFO - Processing file /workspaces/hands-on-introduction-data-engineering-4395021/airflow_env/lib/python3.10/site-packages/airflow/example_dags/example_latest_only_with_trigger.py for tasks to queue
[2025-08-13T03:31:55.233+0000] {logging_mixin.py:150} INFO - [2025-08-13T03:31:55.233+0000] {dagbag.py:541} INFO - Filling up the DagBag from /workspaces/hands-on-introduction-data-engineering-4395021/airflow_env/lib/python3.10/site-packages/airflow/example_dags/example_latest_only_with_trigger.py
[2025-08-13T03:31:55.238+0000] {processor.py:836} INFO - DAG(s) dict_keys(['latest_only_with_trigger']) retrieved from /workspaces/hands-on-introduction-data-engineering-4395021/airflow_env/lib/python3.10/site-packages/airflow/example_dags/example_latest_only_with_trigger.py
[2025-08-13T03:31:55.250+0000] {logging_mixin.py:150} INFO - [2025-08-13T03:31:55.250+0000] {dag.py:2742} INFO - Sync 1 DAGs
[2025-08-13T03:31:55.264+0000] {logging_mixin.py:150} INFO - [2025-08-13T03:31:55.264+0000] {dag.py:3504} INFO - Setting next_dagrun for latest_only_with_trigger to 2025-08-12T23:31:55.264142+00:00, run_after=2025-08-13T03:31:55.264142+00:00
[2025-08-13T03:31:55.279+0000] {processor.py:179} INFO - Processing /workspaces/hands-on-introduction-data-engineering-4395021/airflow_env/lib/python3.10/site-packages/airflow/example_dags/example_latest_only_with_trigger.py took 0.050 seconds
[2025-08-13T03:32:42.918+0000] {processor.py:157} INFO - Started process (PID=8391) to work on /workspaces/hands-on-introduction-data-engineering-4395021/airflow_env/lib/python3.10/site-packages/airflow/example_dags/example_latest_only_with_trigger.py
[2025-08-13T03:32:42.919+0000] {processor.py:826} INFO - Processing file /workspaces/hands-on-introduction-data-engineering-4395021/airflow_env/lib/python3.10/site-packages/airflow/example_dags/example_latest_only_with_trigger.py for tasks to queue
[2025-08-13T03:32:42.919+0000] {logging_mixin.py:150} INFO - [2025-08-13T03:32:42.919+0000] {dagbag.py:541} INFO - Filling up the DagBag from /workspaces/hands-on-introduction-data-engineering-4395021/airflow_env/lib/python3.10/site-packages/airflow/example_dags/example_latest_only_with_trigger.py
[2025-08-13T03:32:42.924+0000] {processor.py:836} INFO - DAG(s) dict_keys(['latest_only_with_trigger']) retrieved from /workspaces/hands-on-introduction-data-engineering-4395021/airflow_env/lib/python3.10/site-packages/airflow/example_dags/example_latest_only_with_trigger.py
[2025-08-13T03:32:42.935+0000] {logging_mixin.py:150} INFO - [2025-08-13T03:32:42.935+0000] {dag.py:2742} INFO - Sync 1 DAGs
[2025-08-13T03:32:42.950+0000] {logging_mixin.py:150} INFO - [2025-08-13T03:32:42.950+0000] {dag.py:3504} INFO - Setting next_dagrun for latest_only_with_trigger to 2025-08-12T23:32:42.950129+00:00, run_after=2025-08-13T03:32:42.950129+00:00
[2025-08-13T03:32:42.965+0000] {processor.py:179} INFO - Processing /workspaces/hands-on-introduction-data-engineering-4395021/airflow_env/lib/python3.10/site-packages/airflow/example_dags/example_latest_only_with_trigger.py took 0.050 seconds
[2025-08-13T03:33:25.133+0000] {processor.py:157} INFO - Started process (PID=8676) to work on /workspaces/hands-on-introduction-data-engineering-4395021/airflow_env/lib/python3.10/site-packages/airflow/example_dags/example_latest_only_with_trigger.py
[2025-08-13T03:33:25.134+0000] {processor.py:826} INFO - Processing file /workspaces/hands-on-introduction-data-engineering-4395021/airflow_env/lib/python3.10/site-packages/airflow/example_dags/example_latest_only_with_trigger.py for tasks to queue
[2025-08-13T03:33:25.135+0000] {logging_mixin.py:150} INFO - [2025-08-13T03:33:25.134+0000] {dagbag.py:541} INFO - Filling up the DagBag from /workspaces/hands-on-introduction-data-engineering-4395021/airflow_env/lib/python3.10/site-packages/airflow/example_dags/example_latest_only_with_trigger.py
[2025-08-13T03:33:25.139+0000] {processor.py:836} INFO - DAG(s) dict_keys(['latest_only_with_trigger']) retrieved from /workspaces/hands-on-introduction-data-engineering-4395021/airflow_env/lib/python3.10/site-packages/airflow/example_dags/example_latest_only_with_trigger.py
[2025-08-13T03:33:25.157+0000] {logging_mixin.py:150} INFO - [2025-08-13T03:33:25.156+0000] {dag.py:2742} INFO - Sync 1 DAGs
[2025-08-13T03:33:25.171+0000] {logging_mixin.py:150} INFO - [2025-08-13T03:33:25.171+0000] {dag.py:3504} INFO - Setting next_dagrun for latest_only_with_trigger to 2025-08-12T23:33:25.171205+00:00, run_after=2025-08-13T03:33:25.171205+00:00
[2025-08-13T03:33:25.186+0000] {processor.py:179} INFO - Processing /workspaces/hands-on-introduction-data-engineering-4395021/airflow_env/lib/python3.10/site-packages/airflow/example_dags/example_latest_only_with_trigger.py took 0.055 seconds
[2025-08-13T03:34:09.078+0000] {processor.py:157} INFO - Started process (PID=8962) to work on /workspaces/hands-on-introduction-data-engineering-4395021/airflow_env/lib/python3.10/site-packages/airflow/example_dags/example_latest_only_with_trigger.py
[2025-08-13T03:34:09.078+0000] {processor.py:826} INFO - Processing file /workspaces/hands-on-introduction-data-engineering-4395021/airflow_env/lib/python3.10/site-packages/airflow/example_dags/example_latest_only_with_trigger.py for tasks to queue
[2025-08-13T03:34:09.079+0000] {logging_mixin.py:150} INFO - [2025-08-13T03:34:09.079+0000] {dagbag.py:541} INFO - Filling up the DagBag from /workspaces/hands-on-introduction-data-engineering-4395021/airflow_env/lib/python3.10/site-packages/airflow/example_dags/example_latest_only_with_trigger.py
[2025-08-13T03:34:09.083+0000] {processor.py:836} INFO - DAG(s) dict_keys(['latest_only_with_trigger']) retrieved from /workspaces/hands-on-introduction-data-engineering-4395021/airflow_env/lib/python3.10/site-packages/airflow/example_dags/example_latest_only_with_trigger.py
[2025-08-13T03:34:09.095+0000] {logging_mixin.py:150} INFO - [2025-08-13T03:34:09.095+0000] {dag.py:2742} INFO - Sync 1 DAGs
[2025-08-13T03:34:09.109+0000] {logging_mixin.py:150} INFO - [2025-08-13T03:34:09.109+0000] {dag.py:3504} INFO - Setting next_dagrun for latest_only_with_trigger to 2025-08-12T23:34:09.109217+00:00, run_after=2025-08-13T03:34:09.109217+00:00
[2025-08-13T03:34:09.124+0000] {processor.py:179} INFO - Processing /workspaces/hands-on-introduction-data-engineering-4395021/airflow_env/lib/python3.10/site-packages/airflow/example_dags/example_latest_only_with_trigger.py took 0.049 seconds
[2025-08-13T03:34:52.477+0000] {processor.py:157} INFO - Started process (PID=9310) to work on /workspaces/hands-on-introduction-data-engineering-4395021/airflow_env/lib/python3.10/site-packages/airflow/example_dags/example_latest_only_with_trigger.py
[2025-08-13T03:34:52.478+0000] {processor.py:826} INFO - Processing file /workspaces/hands-on-introduction-data-engineering-4395021/airflow_env/lib/python3.10/site-packages/airflow/example_dags/example_latest_only_with_trigger.py for tasks to queue
[2025-08-13T03:34:52.479+0000] {logging_mixin.py:150} INFO - [2025-08-13T03:34:52.479+0000] {dagbag.py:541} INFO - Filling up the DagBag from /workspaces/hands-on-introduction-data-engineering-4395021/airflow_env/lib/python3.10/site-packages/airflow/example_dags/example_latest_only_with_trigger.py
[2025-08-13T03:34:52.484+0000] {processor.py:836} INFO - DAG(s) dict_keys(['latest_only_with_trigger']) retrieved from /workspaces/hands-on-introduction-data-engineering-4395021/airflow_env/lib/python3.10/site-packages/airflow/example_dags/example_latest_only_with_trigger.py
[2025-08-13T03:34:52.495+0000] {logging_mixin.py:150} INFO - [2025-08-13T03:34:52.495+0000] {dag.py:2742} INFO - Sync 1 DAGs
[2025-08-13T03:34:52.510+0000] {logging_mixin.py:150} INFO - [2025-08-13T03:34:52.510+0000] {dag.py:3504} INFO - Setting next_dagrun for latest_only_with_trigger to 2025-08-12T23:34:52.510031+00:00, run_after=2025-08-13T03:34:52.510031+00:00
[2025-08-13T03:34:52.526+0000] {processor.py:179} INFO - Processing /workspaces/hands-on-introduction-data-engineering-4395021/airflow_env/lib/python3.10/site-packages/airflow/example_dags/example_latest_only_with_trigger.py took 0.050 seconds
[2025-08-13T03:35:37.399+0000] {processor.py:157} INFO - Started process (PID=9616) to work on /workspaces/hands-on-introduction-data-engineering-4395021/airflow_env/lib/python3.10/site-packages/airflow/example_dags/example_latest_only_with_trigger.py
[2025-08-13T03:35:37.399+0000] {processor.py:826} INFO - Processing file /workspaces/hands-on-introduction-data-engineering-4395021/airflow_env/lib/python3.10/site-packages/airflow/example_dags/example_latest_only_with_trigger.py for tasks to queue
[2025-08-13T03:35:37.400+0000] {logging_mixin.py:150} INFO - [2025-08-13T03:35:37.400+0000] {dagbag.py:541} INFO - Filling up the DagBag from /workspaces/hands-on-introduction-data-engineering-4395021/airflow_env/lib/python3.10/site-packages/airflow/example_dags/example_latest_only_with_trigger.py
[2025-08-13T03:35:37.405+0000] {processor.py:836} INFO - DAG(s) dict_keys(['latest_only_with_trigger']) retrieved from /workspaces/hands-on-introduction-data-engineering-4395021/airflow_env/lib/python3.10/site-packages/airflow/example_dags/example_latest_only_with_trigger.py
[2025-08-13T03:35:37.416+0000] {logging_mixin.py:150} INFO - [2025-08-13T03:35:37.416+0000] {dag.py:2742} INFO - Sync 1 DAGs
[2025-08-13T03:35:37.430+0000] {logging_mixin.py:150} INFO - [2025-08-13T03:35:37.430+0000] {dag.py:3504} INFO - Setting next_dagrun for latest_only_with_trigger to 2025-08-12T23:35:37.429894+00:00, run_after=2025-08-13T03:35:37.429894+00:00
[2025-08-13T03:35:37.445+0000] {processor.py:179} INFO - Processing /workspaces/hands-on-introduction-data-engineering-4395021/airflow_env/lib/python3.10/site-packages/airflow/example_dags/example_latest_only_with_trigger.py took 0.048 seconds
[2025-08-13T03:36:23.604+0000] {processor.py:157} INFO - Started process (PID=10112) to work on /workspaces/hands-on-introduction-data-engineering-4395021/airflow_env/lib/python3.10/site-packages/airflow/example_dags/example_latest_only_with_trigger.py
[2025-08-13T03:36:23.605+0000] {processor.py:826} INFO - Processing file /workspaces/hands-on-introduction-data-engineering-4395021/airflow_env/lib/python3.10/site-packages/airflow/example_dags/example_latest_only_with_trigger.py for tasks to queue
[2025-08-13T03:36:23.606+0000] {logging_mixin.py:150} INFO - [2025-08-13T03:36:23.605+0000] {dagbag.py:541} INFO - Filling up the DagBag from /workspaces/hands-on-introduction-data-engineering-4395021/airflow_env/lib/python3.10/site-packages/airflow/example_dags/example_latest_only_with_trigger.py
[2025-08-13T03:36:23.610+0000] {processor.py:836} INFO - DAG(s) dict_keys(['latest_only_with_trigger']) retrieved from /workspaces/hands-on-introduction-data-engineering-4395021/airflow_env/lib/python3.10/site-packages/airflow/example_dags/example_latest_only_with_trigger.py
[2025-08-13T03:36:23.622+0000] {logging_mixin.py:150} INFO - [2025-08-13T03:36:23.621+0000] {dag.py:2742} INFO - Sync 1 DAGs
[2025-08-13T03:36:23.636+0000] {logging_mixin.py:150} INFO - [2025-08-13T03:36:23.636+0000] {dag.py:3504} INFO - Setting next_dagrun for latest_only_with_trigger to 2025-08-12T23:36:23.636055+00:00, run_after=2025-08-13T03:36:23.636055+00:00
[2025-08-13T03:36:23.651+0000] {processor.py:179} INFO - Processing /workspaces/hands-on-introduction-data-engineering-4395021/airflow_env/lib/python3.10/site-packages/airflow/example_dags/example_latest_only_with_trigger.py took 0.048 seconds
[2025-08-13T03:37:04.129+0000] {processor.py:157} INFO - Started process (PID=10389) to work on /workspaces/hands-on-introduction-data-engineering-4395021/airflow_env/lib/python3.10/site-packages/airflow/example_dags/example_latest_only_with_trigger.py
[2025-08-13T03:37:04.129+0000] {processor.py:826} INFO - Processing file /workspaces/hands-on-introduction-data-engineering-4395021/airflow_env/lib/python3.10/site-packages/airflow/example_dags/example_latest_only_with_trigger.py for tasks to queue
[2025-08-13T03:37:04.130+0000] {logging_mixin.py:150} INFO - [2025-08-13T03:37:04.130+0000] {dagbag.py:541} INFO - Filling up the DagBag from /workspaces/hands-on-introduction-data-engineering-4395021/airflow_env/lib/python3.10/site-packages/airflow/example_dags/example_latest_only_with_trigger.py
[2025-08-13T03:37:04.135+0000] {processor.py:836} INFO - DAG(s) dict_keys(['latest_only_with_trigger']) retrieved from /workspaces/hands-on-introduction-data-engineering-4395021/airflow_env/lib/python3.10/site-packages/airflow/example_dags/example_latest_only_with_trigger.py
[2025-08-13T03:37:04.146+0000] {logging_mixin.py:150} INFO - [2025-08-13T03:37:04.146+0000] {dag.py:2742} INFO - Sync 1 DAGs
[2025-08-13T03:37:04.160+0000] {logging_mixin.py:150} INFO - [2025-08-13T03:37:04.160+0000] {dag.py:3504} INFO - Setting next_dagrun for latest_only_with_trigger to 2025-08-12T23:37:04.160198+00:00, run_after=2025-08-13T03:37:04.160198+00:00
[2025-08-13T03:37:04.175+0000] {processor.py:179} INFO - Processing /workspaces/hands-on-introduction-data-engineering-4395021/airflow_env/lib/python3.10/site-packages/airflow/example_dags/example_latest_only_with_trigger.py took 0.049 seconds
[2025-08-13T03:37:47.432+0000] {processor.py:157} INFO - Started process (PID=10852) to work on /workspaces/hands-on-introduction-data-engineering-4395021/airflow_env/lib/python3.10/site-packages/airflow/example_dags/example_latest_only_with_trigger.py
[2025-08-13T03:37:47.433+0000] {processor.py:826} INFO - Processing file /workspaces/hands-on-introduction-data-engineering-4395021/airflow_env/lib/python3.10/site-packages/airflow/example_dags/example_latest_only_with_trigger.py for tasks to queue
[2025-08-13T03:37:47.434+0000] {logging_mixin.py:150} INFO - [2025-08-13T03:37:47.433+0000] {dagbag.py:541} INFO - Filling up the DagBag from /workspaces/hands-on-introduction-data-engineering-4395021/airflow_env/lib/python3.10/site-packages/airflow/example_dags/example_latest_only_with_trigger.py
[2025-08-13T03:37:47.438+0000] {processor.py:836} INFO - DAG(s) dict_keys(['latest_only_with_trigger']) retrieved from /workspaces/hands-on-introduction-data-engineering-4395021/airflow_env/lib/python3.10/site-packages/airflow/example_dags/example_latest_only_with_trigger.py
[2025-08-13T03:37:47.450+0000] {logging_mixin.py:150} INFO - [2025-08-13T03:37:47.450+0000] {dag.py:2742} INFO - Sync 1 DAGs
[2025-08-13T03:37:47.464+0000] {logging_mixin.py:150} INFO - [2025-08-13T03:37:47.464+0000] {dag.py:3504} INFO - Setting next_dagrun for latest_only_with_trigger to 2025-08-12T23:37:47.464210+00:00, run_after=2025-08-13T03:37:47.464210+00:00
[2025-08-13T03:37:47.480+0000] {processor.py:179} INFO - Processing /workspaces/hands-on-introduction-data-engineering-4395021/airflow_env/lib/python3.10/site-packages/airflow/example_dags/example_latest_only_with_trigger.py took 0.049 seconds
[2025-08-13T03:38:34.804+0000] {processor.py:157} INFO - Started process (PID=11238) to work on /workspaces/hands-on-introduction-data-engineering-4395021/airflow_env/lib/python3.10/site-packages/airflow/example_dags/example_latest_only_with_trigger.py
[2025-08-13T03:38:34.805+0000] {processor.py:826} INFO - Processing file /workspaces/hands-on-introduction-data-engineering-4395021/airflow_env/lib/python3.10/site-packages/airflow/example_dags/example_latest_only_with_trigger.py for tasks to queue
[2025-08-13T03:38:34.805+0000] {logging_mixin.py:150} INFO - [2025-08-13T03:38:34.805+0000] {dagbag.py:541} INFO - Filling up the DagBag from /workspaces/hands-on-introduction-data-engineering-4395021/airflow_env/lib/python3.10/site-packages/airflow/example_dags/example_latest_only_with_trigger.py
[2025-08-13T03:38:34.810+0000] {processor.py:836} INFO - DAG(s) dict_keys(['latest_only_with_trigger']) retrieved from /workspaces/hands-on-introduction-data-engineering-4395021/airflow_env/lib/python3.10/site-packages/airflow/example_dags/example_latest_only_with_trigger.py
[2025-08-13T03:38:34.821+0000] {logging_mixin.py:150} INFO - [2025-08-13T03:38:34.821+0000] {dag.py:2742} INFO - Sync 1 DAGs
[2025-08-13T03:38:34.835+0000] {logging_mixin.py:150} INFO - [2025-08-13T03:38:34.835+0000] {dag.py:3504} INFO - Setting next_dagrun for latest_only_with_trigger to 2025-08-12T23:38:34.835624+00:00, run_after=2025-08-13T03:38:34.835624+00:00
[2025-08-13T03:38:34.851+0000] {processor.py:179} INFO - Processing /workspaces/hands-on-introduction-data-engineering-4395021/airflow_env/lib/python3.10/site-packages/airflow/example_dags/example_latest_only_with_trigger.py took 0.050 seconds
[2025-08-13T10:25:57.525+0000] {processor.py:157} INFO - Started process (PID=2412) to work on /workspaces/hands-on-introduction-data-engineering-4395021/airflow_env/lib/python3.10/site-packages/airflow/example_dags/example_latest_only_with_trigger.py
[2025-08-13T10:25:57.551+0000] {processor.py:826} INFO - Processing file /workspaces/hands-on-introduction-data-engineering-4395021/airflow_env/lib/python3.10/site-packages/airflow/example_dags/example_latest_only_with_trigger.py for tasks to queue
[2025-08-13T10:25:57.552+0000] {logging_mixin.py:150} INFO - [2025-08-13T10:25:57.551+0000] {dagbag.py:541} INFO - Filling up the DagBag from /workspaces/hands-on-introduction-data-engineering-4395021/airflow_env/lib/python3.10/site-packages/airflow/example_dags/example_latest_only_with_trigger.py
[2025-08-13T10:25:57.558+0000] {processor.py:836} INFO - DAG(s) dict_keys(['latest_only_with_trigger']) retrieved from /workspaces/hands-on-introduction-data-engineering-4395021/airflow_env/lib/python3.10/site-packages/airflow/example_dags/example_latest_only_with_trigger.py
[2025-08-13T10:25:57.577+0000] {logging_mixin.py:150} INFO - [2025-08-13T10:25:57.577+0000] {dag.py:2742} INFO - Sync 1 DAGs
[2025-08-13T10:25:57.598+0000] {logging_mixin.py:150} INFO - [2025-08-13T10:25:57.598+0000] {dag.py:3504} INFO - Setting next_dagrun for latest_only_with_trigger to 2025-08-13T06:25:57.598035+00:00, run_after=2025-08-13T10:25:57.598035+00:00
[2025-08-13T10:25:57.623+0000] {processor.py:179} INFO - Processing /workspaces/hands-on-introduction-data-engineering-4395021/airflow_env/lib/python3.10/site-packages/airflow/example_dags/example_latest_only_with_trigger.py took 0.099 seconds
[2025-08-13T10:26:41.710+0000] {processor.py:157} INFO - Started process (PID=2781) to work on /workspaces/hands-on-introduction-data-engineering-4395021/airflow_env/lib/python3.10/site-packages/airflow/example_dags/example_latest_only_with_trigger.py
[2025-08-13T10:26:41.711+0000] {processor.py:826} INFO - Processing file /workspaces/hands-on-introduction-data-engineering-4395021/airflow_env/lib/python3.10/site-packages/airflow/example_dags/example_latest_only_with_trigger.py for tasks to queue
[2025-08-13T10:26:41.712+0000] {logging_mixin.py:150} INFO - [2025-08-13T10:26:41.711+0000] {dagbag.py:541} INFO - Filling up the DagBag from /workspaces/hands-on-introduction-data-engineering-4395021/airflow_env/lib/python3.10/site-packages/airflow/example_dags/example_latest_only_with_trigger.py
[2025-08-13T10:26:41.716+0000] {processor.py:836} INFO - DAG(s) dict_keys(['latest_only_with_trigger']) retrieved from /workspaces/hands-on-introduction-data-engineering-4395021/airflow_env/lib/python3.10/site-packages/airflow/example_dags/example_latest_only_with_trigger.py
[2025-08-13T10:26:41.728+0000] {logging_mixin.py:150} INFO - [2025-08-13T10:26:41.728+0000] {dag.py:2742} INFO - Sync 1 DAGs
[2025-08-13T10:26:41.742+0000] {logging_mixin.py:150} INFO - [2025-08-13T10:26:41.742+0000] {dag.py:3504} INFO - Setting next_dagrun for latest_only_with_trigger to 2025-08-13T06:26:41.742375+00:00, run_after=2025-08-13T10:26:41.742375+00:00
[2025-08-13T10:26:41.757+0000] {processor.py:179} INFO - Processing /workspaces/hands-on-introduction-data-engineering-4395021/airflow_env/lib/python3.10/site-packages/airflow/example_dags/example_latest_only_with_trigger.py took 0.049 seconds
[2025-08-13T10:27:25.743+0000] {processor.py:157} INFO - Started process (PID=3074) to work on /workspaces/hands-on-introduction-data-engineering-4395021/airflow_env/lib/python3.10/site-packages/airflow/example_dags/example_latest_only_with_trigger.py
[2025-08-13T10:27:25.744+0000] {processor.py:826} INFO - Processing file /workspaces/hands-on-introduction-data-engineering-4395021/airflow_env/lib/python3.10/site-packages/airflow/example_dags/example_latest_only_with_trigger.py for tasks to queue
[2025-08-13T10:27:25.745+0000] {logging_mixin.py:150} INFO - [2025-08-13T10:27:25.745+0000] {dagbag.py:541} INFO - Filling up the DagBag from /workspaces/hands-on-introduction-data-engineering-4395021/airflow_env/lib/python3.10/site-packages/airflow/example_dags/example_latest_only_with_trigger.py
[2025-08-13T10:27:25.749+0000] {processor.py:836} INFO - DAG(s) dict_keys(['latest_only_with_trigger']) retrieved from /workspaces/hands-on-introduction-data-engineering-4395021/airflow_env/lib/python3.10/site-packages/airflow/example_dags/example_latest_only_with_trigger.py
[2025-08-13T10:27:25.761+0000] {logging_mixin.py:150} INFO - [2025-08-13T10:27:25.761+0000] {dag.py:2742} INFO - Sync 1 DAGs
[2025-08-13T10:27:25.775+0000] {logging_mixin.py:150} INFO - [2025-08-13T10:27:25.775+0000] {dag.py:3504} INFO - Setting next_dagrun for latest_only_with_trigger to 2025-08-13T06:27:25.775348+00:00, run_after=2025-08-13T10:27:25.775348+00:00
[2025-08-13T10:27:25.791+0000] {processor.py:179} INFO - Processing /workspaces/hands-on-introduction-data-engineering-4395021/airflow_env/lib/python3.10/site-packages/airflow/example_dags/example_latest_only_with_trigger.py took 0.050 seconds
[2025-08-13T10:28:09.561+0000] {processor.py:157} INFO - Started process (PID=3496) to work on /workspaces/hands-on-introduction-data-engineering-4395021/airflow_env/lib/python3.10/site-packages/airflow/example_dags/example_latest_only_with_trigger.py
[2025-08-13T10:28:09.562+0000] {processor.py:826} INFO - Processing file /workspaces/hands-on-introduction-data-engineering-4395021/airflow_env/lib/python3.10/site-packages/airflow/example_dags/example_latest_only_with_trigger.py for tasks to queue
[2025-08-13T10:28:09.562+0000] {logging_mixin.py:150} INFO - [2025-08-13T10:28:09.562+0000] {dagbag.py:541} INFO - Filling up the DagBag from /workspaces/hands-on-introduction-data-engineering-4395021/airflow_env/lib/python3.10/site-packages/airflow/example_dags/example_latest_only_with_trigger.py
[2025-08-13T10:28:09.567+0000] {processor.py:836} INFO - DAG(s) dict_keys(['latest_only_with_trigger']) retrieved from /workspaces/hands-on-introduction-data-engineering-4395021/airflow_env/lib/python3.10/site-packages/airflow/example_dags/example_latest_only_with_trigger.py
[2025-08-13T10:28:09.578+0000] {logging_mixin.py:150} INFO - [2025-08-13T10:28:09.578+0000] {dag.py:2742} INFO - Sync 1 DAGs
[2025-08-13T10:28:09.592+0000] {logging_mixin.py:150} INFO - [2025-08-13T10:28:09.591+0000] {dag.py:3504} INFO - Setting next_dagrun for latest_only_with_trigger to 2025-08-13T06:28:09.591801+00:00, run_after=2025-08-13T10:28:09.591801+00:00
[2025-08-13T10:28:09.607+0000] {processor.py:179} INFO - Processing /workspaces/hands-on-introduction-data-engineering-4395021/airflow_env/lib/python3.10/site-packages/airflow/example_dags/example_latest_only_with_trigger.py took 0.048 seconds
[2025-08-13T10:28:55.186+0000] {processor.py:157} INFO - Started process (PID=3849) to work on /workspaces/hands-on-introduction-data-engineering-4395021/airflow_env/lib/python3.10/site-packages/airflow/example_dags/example_latest_only_with_trigger.py
[2025-08-13T10:28:55.186+0000] {processor.py:826} INFO - Processing file /workspaces/hands-on-introduction-data-engineering-4395021/airflow_env/lib/python3.10/site-packages/airflow/example_dags/example_latest_only_with_trigger.py for tasks to queue
[2025-08-13T10:28:55.187+0000] {logging_mixin.py:150} INFO - [2025-08-13T10:28:55.187+0000] {dagbag.py:541} INFO - Filling up the DagBag from /workspaces/hands-on-introduction-data-engineering-4395021/airflow_env/lib/python3.10/site-packages/airflow/example_dags/example_latest_only_with_trigger.py
[2025-08-13T10:28:55.191+0000] {processor.py:836} INFO - DAG(s) dict_keys(['latest_only_with_trigger']) retrieved from /workspaces/hands-on-introduction-data-engineering-4395021/airflow_env/lib/python3.10/site-packages/airflow/example_dags/example_latest_only_with_trigger.py
[2025-08-13T10:28:55.203+0000] {logging_mixin.py:150} INFO - [2025-08-13T10:28:55.202+0000] {dag.py:2742} INFO - Sync 1 DAGs
[2025-08-13T10:28:55.217+0000] {logging_mixin.py:150} INFO - [2025-08-13T10:28:55.217+0000] {dag.py:3504} INFO - Setting next_dagrun for latest_only_with_trigger to 2025-08-13T06:28:55.216894+00:00, run_after=2025-08-13T10:28:55.216894+00:00
[2025-08-13T10:28:55.232+0000] {processor.py:179} INFO - Processing /workspaces/hands-on-introduction-data-engineering-4395021/airflow_env/lib/python3.10/site-packages/airflow/example_dags/example_latest_only_with_trigger.py took 0.048 seconds
[2025-08-13T10:29:41.862+0000] {processor.py:157} INFO - Started process (PID=4223) to work on /workspaces/hands-on-introduction-data-engineering-4395021/airflow_env/lib/python3.10/site-packages/airflow/example_dags/example_latest_only_with_trigger.py
[2025-08-13T10:29:41.862+0000] {processor.py:826} INFO - Processing file /workspaces/hands-on-introduction-data-engineering-4395021/airflow_env/lib/python3.10/site-packages/airflow/example_dags/example_latest_only_with_trigger.py for tasks to queue
[2025-08-13T10:29:41.863+0000] {logging_mixin.py:150} INFO - [2025-08-13T10:29:41.863+0000] {dagbag.py:541} INFO - Filling up the DagBag from /workspaces/hands-on-introduction-data-engineering-4395021/airflow_env/lib/python3.10/site-packages/airflow/example_dags/example_latest_only_with_trigger.py
[2025-08-13T10:29:41.868+0000] {processor.py:836} INFO - DAG(s) dict_keys(['latest_only_with_trigger']) retrieved from /workspaces/hands-on-introduction-data-engineering-4395021/airflow_env/lib/python3.10/site-packages/airflow/example_dags/example_latest_only_with_trigger.py
[2025-08-13T10:29:41.885+0000] {logging_mixin.py:150} INFO - [2025-08-13T10:29:41.885+0000] {dag.py:2742} INFO - Sync 1 DAGs
[2025-08-13T10:29:41.905+0000] {logging_mixin.py:150} INFO - [2025-08-13T10:29:41.905+0000] {dag.py:3504} INFO - Setting next_dagrun for latest_only_with_trigger to 2025-08-13T06:29:41.905188+00:00, run_after=2025-08-13T10:29:41.905188+00:00
[2025-08-13T10:29:41.927+0000] {processor.py:179} INFO - Processing /workspaces/hands-on-introduction-data-engineering-4395021/airflow_env/lib/python3.10/site-packages/airflow/example_dags/example_latest_only_with_trigger.py took 0.067 seconds
[2025-08-13T10:30:25.441+0000] {processor.py:157} INFO - Started process (PID=4515) to work on /workspaces/hands-on-introduction-data-engineering-4395021/airflow_env/lib/python3.10/site-packages/airflow/example_dags/example_latest_only_with_trigger.py
[2025-08-13T10:30:25.442+0000] {processor.py:826} INFO - Processing file /workspaces/hands-on-introduction-data-engineering-4395021/airflow_env/lib/python3.10/site-packages/airflow/example_dags/example_latest_only_with_trigger.py for tasks to queue
[2025-08-13T10:30:25.442+0000] {logging_mixin.py:150} INFO - [2025-08-13T10:30:25.442+0000] {dagbag.py:541} INFO - Filling up the DagBag from /workspaces/hands-on-introduction-data-engineering-4395021/airflow_env/lib/python3.10/site-packages/airflow/example_dags/example_latest_only_with_trigger.py
[2025-08-13T10:30:25.447+0000] {processor.py:836} INFO - DAG(s) dict_keys(['latest_only_with_trigger']) retrieved from /workspaces/hands-on-introduction-data-engineering-4395021/airflow_env/lib/python3.10/site-packages/airflow/example_dags/example_latest_only_with_trigger.py
[2025-08-13T10:30:25.458+0000] {logging_mixin.py:150} INFO - [2025-08-13T10:30:25.458+0000] {dag.py:2742} INFO - Sync 1 DAGs
[2025-08-13T10:30:25.472+0000] {logging_mixin.py:150} INFO - [2025-08-13T10:30:25.472+0000] {dag.py:3504} INFO - Setting next_dagrun for latest_only_with_trigger to 2025-08-13T06:30:25.472600+00:00, run_after=2025-08-13T10:30:25.472600+00:00
[2025-08-13T10:30:25.488+0000] {processor.py:179} INFO - Processing /workspaces/hands-on-introduction-data-engineering-4395021/airflow_env/lib/python3.10/site-packages/airflow/example_dags/example_latest_only_with_trigger.py took 0.049 seconds
[2025-08-13T10:31:09.939+0000] {processor.py:157} INFO - Started process (PID=4826) to work on /workspaces/hands-on-introduction-data-engineering-4395021/airflow_env/lib/python3.10/site-packages/airflow/example_dags/example_latest_only_with_trigger.py
[2025-08-13T10:31:09.940+0000] {processor.py:826} INFO - Processing file /workspaces/hands-on-introduction-data-engineering-4395021/airflow_env/lib/python3.10/site-packages/airflow/example_dags/example_latest_only_with_trigger.py for tasks to queue
[2025-08-13T10:31:09.941+0000] {logging_mixin.py:150} INFO - [2025-08-13T10:31:09.940+0000] {dagbag.py:541} INFO - Filling up the DagBag from /workspaces/hands-on-introduction-data-engineering-4395021/airflow_env/lib/python3.10/site-packages/airflow/example_dags/example_latest_only_with_trigger.py
[2025-08-13T10:31:09.945+0000] {processor.py:836} INFO - DAG(s) dict_keys(['latest_only_with_trigger']) retrieved from /workspaces/hands-on-introduction-data-engineering-4395021/airflow_env/lib/python3.10/site-packages/airflow/example_dags/example_latest_only_with_trigger.py
[2025-08-13T10:31:09.956+0000] {logging_mixin.py:150} INFO - [2025-08-13T10:31:09.956+0000] {dag.py:2742} INFO - Sync 1 DAGs
[2025-08-13T10:31:09.972+0000] {logging_mixin.py:150} INFO - [2025-08-13T10:31:09.972+0000] {dag.py:3504} INFO - Setting next_dagrun for latest_only_with_trigger to 2025-08-13T06:31:09.972617+00:00, run_after=2025-08-13T10:31:09.972617+00:00
[2025-08-13T10:31:09.993+0000] {processor.py:179} INFO - Processing /workspaces/hands-on-introduction-data-engineering-4395021/airflow_env/lib/python3.10/site-packages/airflow/example_dags/example_latest_only_with_trigger.py took 0.056 seconds
[2025-08-13T10:31:52.754+0000] {processor.py:157} INFO - Started process (PID=5118) to work on /workspaces/hands-on-introduction-data-engineering-4395021/airflow_env/lib/python3.10/site-packages/airflow/example_dags/example_latest_only_with_trigger.py
[2025-08-13T10:31:52.755+0000] {processor.py:826} INFO - Processing file /workspaces/hands-on-introduction-data-engineering-4395021/airflow_env/lib/python3.10/site-packages/airflow/example_dags/example_latest_only_with_trigger.py for tasks to queue
[2025-08-13T10:31:52.756+0000] {logging_mixin.py:150} INFO - [2025-08-13T10:31:52.755+0000] {dagbag.py:541} INFO - Filling up the DagBag from /workspaces/hands-on-introduction-data-engineering-4395021/airflow_env/lib/python3.10/site-packages/airflow/example_dags/example_latest_only_with_trigger.py
[2025-08-13T10:31:52.761+0000] {processor.py:836} INFO - DAG(s) dict_keys(['latest_only_with_trigger']) retrieved from /workspaces/hands-on-introduction-data-engineering-4395021/airflow_env/lib/python3.10/site-packages/airflow/example_dags/example_latest_only_with_trigger.py
[2025-08-13T10:31:52.775+0000] {logging_mixin.py:150} INFO - [2025-08-13T10:31:52.775+0000] {dag.py:2742} INFO - Sync 1 DAGs
[2025-08-13T10:31:52.790+0000] {logging_mixin.py:150} INFO - [2025-08-13T10:31:52.790+0000] {dag.py:3504} INFO - Setting next_dagrun for latest_only_with_trigger to 2025-08-13T06:31:52.790644+00:00, run_after=2025-08-13T10:31:52.790644+00:00
[2025-08-13T10:31:52.807+0000] {processor.py:179} INFO - Processing /workspaces/hands-on-introduction-data-engineering-4395021/airflow_env/lib/python3.10/site-packages/airflow/example_dags/example_latest_only_with_trigger.py took 0.055 seconds
[2025-08-13T10:32:37.240+0000] {processor.py:157} INFO - Started process (PID=5411) to work on /workspaces/hands-on-introduction-data-engineering-4395021/airflow_env/lib/python3.10/site-packages/airflow/example_dags/example_latest_only_with_trigger.py
[2025-08-13T10:32:37.241+0000] {processor.py:826} INFO - Processing file /workspaces/hands-on-introduction-data-engineering-4395021/airflow_env/lib/python3.10/site-packages/airflow/example_dags/example_latest_only_with_trigger.py for tasks to queue
[2025-08-13T10:32:37.241+0000] {logging_mixin.py:150} INFO - [2025-08-13T10:32:37.241+0000] {dagbag.py:541} INFO - Filling up the DagBag from /workspaces/hands-on-introduction-data-engineering-4395021/airflow_env/lib/python3.10/site-packages/airflow/example_dags/example_latest_only_with_trigger.py
[2025-08-13T10:32:37.246+0000] {processor.py:836} INFO - DAG(s) dict_keys(['latest_only_with_trigger']) retrieved from /workspaces/hands-on-introduction-data-engineering-4395021/airflow_env/lib/python3.10/site-packages/airflow/example_dags/example_latest_only_with_trigger.py
[2025-08-13T10:32:37.257+0000] {logging_mixin.py:150} INFO - [2025-08-13T10:32:37.257+0000] {dag.py:2742} INFO - Sync 1 DAGs
[2025-08-13T10:32:37.271+0000] {logging_mixin.py:150} INFO - [2025-08-13T10:32:37.271+0000] {dag.py:3504} INFO - Setting next_dagrun for latest_only_with_trigger to 2025-08-13T06:32:37.271090+00:00, run_after=2025-08-13T10:32:37.271090+00:00
[2025-08-13T10:32:37.286+0000] {processor.py:179} INFO - Processing /workspaces/hands-on-introduction-data-engineering-4395021/airflow_env/lib/python3.10/site-packages/airflow/example_dags/example_latest_only_with_trigger.py took 0.048 seconds
[2025-08-13T10:33:23.501+0000] {processor.py:157} INFO - Started process (PID=5849) to work on /workspaces/hands-on-introduction-data-engineering-4395021/airflow_env/lib/python3.10/site-packages/airflow/example_dags/example_latest_only_with_trigger.py
[2025-08-13T10:33:23.502+0000] {processor.py:826} INFO - Processing file /workspaces/hands-on-introduction-data-engineering-4395021/airflow_env/lib/python3.10/site-packages/airflow/example_dags/example_latest_only_with_trigger.py for tasks to queue
[2025-08-13T10:33:23.502+0000] {logging_mixin.py:150} INFO - [2025-08-13T10:33:23.502+0000] {dagbag.py:541} INFO - Filling up the DagBag from /workspaces/hands-on-introduction-data-engineering-4395021/airflow_env/lib/python3.10/site-packages/airflow/example_dags/example_latest_only_with_trigger.py
[2025-08-13T10:33:23.508+0000] {processor.py:836} INFO - DAG(s) dict_keys(['latest_only_with_trigger']) retrieved from /workspaces/hands-on-introduction-data-engineering-4395021/airflow_env/lib/python3.10/site-packages/airflow/example_dags/example_latest_only_with_trigger.py
[2025-08-13T10:33:23.526+0000] {logging_mixin.py:150} INFO - [2025-08-13T10:33:23.526+0000] {dag.py:2742} INFO - Sync 1 DAGs
[2025-08-13T10:33:23.548+0000] {logging_mixin.py:150} INFO - [2025-08-13T10:33:23.547+0000] {dag.py:3504} INFO - Setting next_dagrun for latest_only_with_trigger to 2025-08-13T06:33:23.547569+00:00, run_after=2025-08-13T10:33:23.547569+00:00
[2025-08-13T10:33:23.567+0000] {processor.py:179} INFO - Processing /workspaces/hands-on-introduction-data-engineering-4395021/airflow_env/lib/python3.10/site-packages/airflow/example_dags/example_latest_only_with_trigger.py took 0.068 seconds
[2025-08-13T10:34:05.346+0000] {processor.py:157} INFO - Started process (PID=6180) to work on /workspaces/hands-on-introduction-data-engineering-4395021/airflow_env/lib/python3.10/site-packages/airflow/example_dags/example_latest_only_with_trigger.py
[2025-08-13T10:34:05.346+0000] {processor.py:826} INFO - Processing file /workspaces/hands-on-introduction-data-engineering-4395021/airflow_env/lib/python3.10/site-packages/airflow/example_dags/example_latest_only_with_trigger.py for tasks to queue
[2025-08-13T10:34:05.347+0000] {logging_mixin.py:150} INFO - [2025-08-13T10:34:05.347+0000] {dagbag.py:541} INFO - Filling up the DagBag from /workspaces/hands-on-introduction-data-engineering-4395021/airflow_env/lib/python3.10/site-packages/airflow/example_dags/example_latest_only_with_trigger.py
[2025-08-13T10:34:05.352+0000] {processor.py:836} INFO - DAG(s) dict_keys(['latest_only_with_trigger']) retrieved from /workspaces/hands-on-introduction-data-engineering-4395021/airflow_env/lib/python3.10/site-packages/airflow/example_dags/example_latest_only_with_trigger.py
[2025-08-13T10:34:05.363+0000] {logging_mixin.py:150} INFO - [2025-08-13T10:34:05.363+0000] {dag.py:2742} INFO - Sync 1 DAGs
[2025-08-13T10:34:05.377+0000] {logging_mixin.py:150} INFO - [2025-08-13T10:34:05.377+0000] {dag.py:3504} INFO - Setting next_dagrun for latest_only_with_trigger to 2025-08-13T06:34:05.376842+00:00, run_after=2025-08-13T10:34:05.376842+00:00
[2025-08-13T10:34:05.392+0000] {processor.py:179} INFO - Processing /workspaces/hands-on-introduction-data-engineering-4395021/airflow_env/lib/python3.10/site-packages/airflow/example_dags/example_latest_only_with_trigger.py took 0.048 seconds
[2025-08-13T10:34:51.023+0000] {processor.py:157} INFO - Started process (PID=6594) to work on /workspaces/hands-on-introduction-data-engineering-4395021/airflow_env/lib/python3.10/site-packages/airflow/example_dags/example_latest_only_with_trigger.py
[2025-08-13T10:34:51.024+0000] {processor.py:826} INFO - Processing file /workspaces/hands-on-introduction-data-engineering-4395021/airflow_env/lib/python3.10/site-packages/airflow/example_dags/example_latest_only_with_trigger.py for tasks to queue
[2025-08-13T10:34:51.025+0000] {logging_mixin.py:150} INFO - [2025-08-13T10:34:51.024+0000] {dagbag.py:541} INFO - Filling up the DagBag from /workspaces/hands-on-introduction-data-engineering-4395021/airflow_env/lib/python3.10/site-packages/airflow/example_dags/example_latest_only_with_trigger.py
[2025-08-13T10:34:51.029+0000] {processor.py:836} INFO - DAG(s) dict_keys(['latest_only_with_trigger']) retrieved from /workspaces/hands-on-introduction-data-engineering-4395021/airflow_env/lib/python3.10/site-packages/airflow/example_dags/example_latest_only_with_trigger.py
[2025-08-13T10:34:51.040+0000] {logging_mixin.py:150} INFO - [2025-08-13T10:34:51.040+0000] {dag.py:2742} INFO - Sync 1 DAGs
[2025-08-13T10:34:51.054+0000] {logging_mixin.py:150} INFO - [2025-08-13T10:34:51.054+0000] {dag.py:3504} INFO - Setting next_dagrun for latest_only_with_trigger to 2025-08-13T06:34:51.054364+00:00, run_after=2025-08-13T10:34:51.054364+00:00
[2025-08-13T10:34:51.070+0000] {processor.py:179} INFO - Processing /workspaces/hands-on-introduction-data-engineering-4395021/airflow_env/lib/python3.10/site-packages/airflow/example_dags/example_latest_only_with_trigger.py took 0.049 seconds
[2025-08-13T10:35:32.949+0000] {processor.py:157} INFO - Started process (PID=6872) to work on /workspaces/hands-on-introduction-data-engineering-4395021/airflow_env/lib/python3.10/site-packages/airflow/example_dags/example_latest_only_with_trigger.py
[2025-08-13T10:35:32.949+0000] {processor.py:826} INFO - Processing file /workspaces/hands-on-introduction-data-engineering-4395021/airflow_env/lib/python3.10/site-packages/airflow/example_dags/example_latest_only_with_trigger.py for tasks to queue
[2025-08-13T10:35:32.950+0000] {logging_mixin.py:150} INFO - [2025-08-13T10:35:32.950+0000] {dagbag.py:541} INFO - Filling up the DagBag from /workspaces/hands-on-introduction-data-engineering-4395021/airflow_env/lib/python3.10/site-packages/airflow/example_dags/example_latest_only_with_trigger.py
[2025-08-13T10:35:32.955+0000] {processor.py:836} INFO - DAG(s) dict_keys(['latest_only_with_trigger']) retrieved from /workspaces/hands-on-introduction-data-engineering-4395021/airflow_env/lib/python3.10/site-packages/airflow/example_dags/example_latest_only_with_trigger.py
[2025-08-13T10:35:32.966+0000] {logging_mixin.py:150} INFO - [2025-08-13T10:35:32.966+0000] {dag.py:2742} INFO - Sync 1 DAGs
[2025-08-13T10:35:32.979+0000] {logging_mixin.py:150} INFO - [2025-08-13T10:35:32.979+0000] {dag.py:3504} INFO - Setting next_dagrun for latest_only_with_trigger to 2025-08-13T06:35:32.979652+00:00, run_after=2025-08-13T10:35:32.979652+00:00
[2025-08-13T10:35:32.995+0000] {processor.py:179} INFO - Processing /workspaces/hands-on-introduction-data-engineering-4395021/airflow_env/lib/python3.10/site-packages/airflow/example_dags/example_latest_only_with_trigger.py took 0.048 seconds
[2025-08-13T10:36:15.913+0000] {processor.py:157} INFO - Started process (PID=7165) to work on /workspaces/hands-on-introduction-data-engineering-4395021/airflow_env/lib/python3.10/site-packages/airflow/example_dags/example_latest_only_with_trigger.py
[2025-08-13T10:36:15.914+0000] {processor.py:826} INFO - Processing file /workspaces/hands-on-introduction-data-engineering-4395021/airflow_env/lib/python3.10/site-packages/airflow/example_dags/example_latest_only_with_trigger.py for tasks to queue
[2025-08-13T10:36:15.915+0000] {logging_mixin.py:150} INFO - [2025-08-13T10:36:15.914+0000] {dagbag.py:541} INFO - Filling up the DagBag from /workspaces/hands-on-introduction-data-engineering-4395021/airflow_env/lib/python3.10/site-packages/airflow/example_dags/example_latest_only_with_trigger.py
[2025-08-13T10:36:15.919+0000] {processor.py:836} INFO - DAG(s) dict_keys(['latest_only_with_trigger']) retrieved from /workspaces/hands-on-introduction-data-engineering-4395021/airflow_env/lib/python3.10/site-packages/airflow/example_dags/example_latest_only_with_trigger.py
[2025-08-13T10:36:15.932+0000] {logging_mixin.py:150} INFO - [2025-08-13T10:36:15.931+0000] {dag.py:2742} INFO - Sync 1 DAGs
[2025-08-13T10:36:15.947+0000] {logging_mixin.py:150} INFO - [2025-08-13T10:36:15.947+0000] {dag.py:3504} INFO - Setting next_dagrun for latest_only_with_trigger to 2025-08-13T06:36:15.947268+00:00, run_after=2025-08-13T10:36:15.947268+00:00
[2025-08-13T10:36:15.964+0000] {processor.py:179} INFO - Processing /workspaces/hands-on-introduction-data-engineering-4395021/airflow_env/lib/python3.10/site-packages/airflow/example_dags/example_latest_only_with_trigger.py took 0.052 seconds
[2025-08-13T10:37:01.134+0000] {processor.py:157} INFO - Started process (PID=7463) to work on /workspaces/hands-on-introduction-data-engineering-4395021/airflow_env/lib/python3.10/site-packages/airflow/example_dags/example_latest_only_with_trigger.py
[2025-08-13T10:37:01.135+0000] {processor.py:826} INFO - Processing file /workspaces/hands-on-introduction-data-engineering-4395021/airflow_env/lib/python3.10/site-packages/airflow/example_dags/example_latest_only_with_trigger.py for tasks to queue
[2025-08-13T10:37:01.136+0000] {logging_mixin.py:150} INFO - [2025-08-13T10:37:01.135+0000] {dagbag.py:541} INFO - Filling up the DagBag from /workspaces/hands-on-introduction-data-engineering-4395021/airflow_env/lib/python3.10/site-packages/airflow/example_dags/example_latest_only_with_trigger.py
[2025-08-13T10:37:01.142+0000] {processor.py:836} INFO - DAG(s) dict_keys(['latest_only_with_trigger']) retrieved from /workspaces/hands-on-introduction-data-engineering-4395021/airflow_env/lib/python3.10/site-packages/airflow/example_dags/example_latest_only_with_trigger.py
[2025-08-13T10:37:01.160+0000] {logging_mixin.py:150} INFO - [2025-08-13T10:37:01.160+0000] {dag.py:2742} INFO - Sync 1 DAGs
[2025-08-13T10:37:01.176+0000] {logging_mixin.py:150} INFO - [2025-08-13T10:37:01.176+0000] {dag.py:3504} INFO - Setting next_dagrun for latest_only_with_trigger to 2025-08-13T06:37:01.176535+00:00, run_after=2025-08-13T10:37:01.176535+00:00
[2025-08-13T10:37:01.191+0000] {processor.py:179} INFO - Processing /workspaces/hands-on-introduction-data-engineering-4395021/airflow_env/lib/python3.10/site-packages/airflow/example_dags/example_latest_only_with_trigger.py took 0.060 seconds
[2025-08-13T10:37:43.404+0000] {processor.py:157} INFO - Started process (PID=7745) to work on /workspaces/hands-on-introduction-data-engineering-4395021/airflow_env/lib/python3.10/site-packages/airflow/example_dags/example_latest_only_with_trigger.py
[2025-08-13T10:37:43.405+0000] {processor.py:826} INFO - Processing file /workspaces/hands-on-introduction-data-engineering-4395021/airflow_env/lib/python3.10/site-packages/airflow/example_dags/example_latest_only_with_trigger.py for tasks to queue
[2025-08-13T10:37:43.406+0000] {logging_mixin.py:150} INFO - [2025-08-13T10:37:43.405+0000] {dagbag.py:541} INFO - Filling up the DagBag from /workspaces/hands-on-introduction-data-engineering-4395021/airflow_env/lib/python3.10/site-packages/airflow/example_dags/example_latest_only_with_trigger.py
[2025-08-13T10:37:43.410+0000] {processor.py:836} INFO - DAG(s) dict_keys(['latest_only_with_trigger']) retrieved from /workspaces/hands-on-introduction-data-engineering-4395021/airflow_env/lib/python3.10/site-packages/airflow/example_dags/example_latest_only_with_trigger.py
[2025-08-13T10:37:43.422+0000] {logging_mixin.py:150} INFO - [2025-08-13T10:37:43.422+0000] {dag.py:2742} INFO - Sync 1 DAGs
[2025-08-13T10:37:43.437+0000] {logging_mixin.py:150} INFO - [2025-08-13T10:37:43.437+0000] {dag.py:3504} INFO - Setting next_dagrun for latest_only_with_trigger to 2025-08-13T06:37:43.436962+00:00, run_after=2025-08-13T10:37:43.436962+00:00
[2025-08-13T10:37:43.452+0000] {processor.py:179} INFO - Processing /workspaces/hands-on-introduction-data-engineering-4395021/airflow_env/lib/python3.10/site-packages/airflow/example_dags/example_latest_only_with_trigger.py took 0.050 seconds
[2025-08-13T10:38:27.640+0000] {processor.py:157} INFO - Started process (PID=8093) to work on /workspaces/hands-on-introduction-data-engineering-4395021/airflow_env/lib/python3.10/site-packages/airflow/example_dags/example_latest_only_with_trigger.py
[2025-08-13T10:38:27.641+0000] {processor.py:826} INFO - Processing file /workspaces/hands-on-introduction-data-engineering-4395021/airflow_env/lib/python3.10/site-packages/airflow/example_dags/example_latest_only_with_trigger.py for tasks to queue
[2025-08-13T10:38:27.642+0000] {logging_mixin.py:150} INFO - [2025-08-13T10:38:27.642+0000] {dagbag.py:541} INFO - Filling up the DagBag from /workspaces/hands-on-introduction-data-engineering-4395021/airflow_env/lib/python3.10/site-packages/airflow/example_dags/example_latest_only_with_trigger.py
[2025-08-13T10:38:27.646+0000] {processor.py:836} INFO - DAG(s) dict_keys(['latest_only_with_trigger']) retrieved from /workspaces/hands-on-introduction-data-engineering-4395021/airflow_env/lib/python3.10/site-packages/airflow/example_dags/example_latest_only_with_trigger.py
[2025-08-13T10:38:27.657+0000] {logging_mixin.py:150} INFO - [2025-08-13T10:38:27.657+0000] {dag.py:2742} INFO - Sync 1 DAGs
[2025-08-13T10:38:27.671+0000] {logging_mixin.py:150} INFO - [2025-08-13T10:38:27.671+0000] {dag.py:3504} INFO - Setting next_dagrun for latest_only_with_trigger to 2025-08-13T06:38:27.671336+00:00, run_after=2025-08-13T10:38:27.671336+00:00
[2025-08-13T10:38:27.688+0000] {processor.py:179} INFO - Processing /workspaces/hands-on-introduction-data-engineering-4395021/airflow_env/lib/python3.10/site-packages/airflow/example_dags/example_latest_only_with_trigger.py took 0.050 seconds
[2025-08-13T10:39:13.271+0000] {processor.py:157} INFO - Started process (PID=8389) to work on /workspaces/hands-on-introduction-data-engineering-4395021/airflow_env/lib/python3.10/site-packages/airflow/example_dags/example_latest_only_with_trigger.py
[2025-08-13T10:39:13.272+0000] {processor.py:826} INFO - Processing file /workspaces/hands-on-introduction-data-engineering-4395021/airflow_env/lib/python3.10/site-packages/airflow/example_dags/example_latest_only_with_trigger.py for tasks to queue
[2025-08-13T10:39:13.273+0000] {logging_mixin.py:150} INFO - [2025-08-13T10:39:13.273+0000] {dagbag.py:541} INFO - Filling up the DagBag from /workspaces/hands-on-introduction-data-engineering-4395021/airflow_env/lib/python3.10/site-packages/airflow/example_dags/example_latest_only_with_trigger.py
[2025-08-13T10:39:13.280+0000] {processor.py:836} INFO - DAG(s) dict_keys(['latest_only_with_trigger']) retrieved from /workspaces/hands-on-introduction-data-engineering-4395021/airflow_env/lib/python3.10/site-packages/airflow/example_dags/example_latest_only_with_trigger.py
[2025-08-13T10:39:13.291+0000] {logging_mixin.py:150} INFO - [2025-08-13T10:39:13.291+0000] {dag.py:2742} INFO - Sync 1 DAGs
[2025-08-13T10:39:13.306+0000] {logging_mixin.py:150} INFO - [2025-08-13T10:39:13.306+0000] {dag.py:3504} INFO - Setting next_dagrun for latest_only_with_trigger to 2025-08-13T06:39:13.305916+00:00, run_after=2025-08-13T10:39:13.305916+00:00
[2025-08-13T10:39:13.322+0000] {processor.py:179} INFO - Processing /workspaces/hands-on-introduction-data-engineering-4395021/airflow_env/lib/python3.10/site-packages/airflow/example_dags/example_latest_only_with_trigger.py took 0.054 seconds
[2025-08-13T10:39:58.818+0000] {processor.py:157} INFO - Started process (PID=8696) to work on /workspaces/hands-on-introduction-data-engineering-4395021/airflow_env/lib/python3.10/site-packages/airflow/example_dags/example_latest_only_with_trigger.py
[2025-08-13T10:39:58.818+0000] {processor.py:826} INFO - Processing file /workspaces/hands-on-introduction-data-engineering-4395021/airflow_env/lib/python3.10/site-packages/airflow/example_dags/example_latest_only_with_trigger.py for tasks to queue
[2025-08-13T10:39:58.819+0000] {logging_mixin.py:150} INFO - [2025-08-13T10:39:58.819+0000] {dagbag.py:541} INFO - Filling up the DagBag from /workspaces/hands-on-introduction-data-engineering-4395021/airflow_env/lib/python3.10/site-packages/airflow/example_dags/example_latest_only_with_trigger.py
[2025-08-13T10:39:58.824+0000] {processor.py:836} INFO - DAG(s) dict_keys(['latest_only_with_trigger']) retrieved from /workspaces/hands-on-introduction-data-engineering-4395021/airflow_env/lib/python3.10/site-packages/airflow/example_dags/example_latest_only_with_trigger.py
[2025-08-13T10:39:58.835+0000] {logging_mixin.py:150} INFO - [2025-08-13T10:39:58.835+0000] {dag.py:2742} INFO - Sync 1 DAGs
[2025-08-13T10:39:58.849+0000] {logging_mixin.py:150} INFO - [2025-08-13T10:39:58.849+0000] {dag.py:3504} INFO - Setting next_dagrun for latest_only_with_trigger to 2025-08-13T06:39:58.848966+00:00, run_after=2025-08-13T10:39:58.848966+00:00
[2025-08-13T10:39:58.865+0000] {processor.py:179} INFO - Processing /workspaces/hands-on-introduction-data-engineering-4395021/airflow_env/lib/python3.10/site-packages/airflow/example_dags/example_latest_only_with_trigger.py took 0.049 seconds
[2025-08-13T10:40:41.573+0000] {processor.py:157} INFO - Started process (PID=9004) to work on /workspaces/hands-on-introduction-data-engineering-4395021/airflow_env/lib/python3.10/site-packages/airflow/example_dags/example_latest_only_with_trigger.py
[2025-08-13T10:40:41.573+0000] {processor.py:826} INFO - Processing file /workspaces/hands-on-introduction-data-engineering-4395021/airflow_env/lib/python3.10/site-packages/airflow/example_dags/example_latest_only_with_trigger.py for tasks to queue
[2025-08-13T10:40:41.574+0000] {logging_mixin.py:150} INFO - [2025-08-13T10:40:41.574+0000] {dagbag.py:541} INFO - Filling up the DagBag from /workspaces/hands-on-introduction-data-engineering-4395021/airflow_env/lib/python3.10/site-packages/airflow/example_dags/example_latest_only_with_trigger.py
[2025-08-13T10:40:41.579+0000] {processor.py:836} INFO - DAG(s) dict_keys(['latest_only_with_trigger']) retrieved from /workspaces/hands-on-introduction-data-engineering-4395021/airflow_env/lib/python3.10/site-packages/airflow/example_dags/example_latest_only_with_trigger.py
[2025-08-13T10:40:41.590+0000] {logging_mixin.py:150} INFO - [2025-08-13T10:40:41.590+0000] {dag.py:2742} INFO - Sync 1 DAGs
[2025-08-13T10:40:41.611+0000] {logging_mixin.py:150} INFO - [2025-08-13T10:40:41.611+0000] {dag.py:3504} INFO - Setting next_dagrun for latest_only_with_trigger to 2025-08-13T06:40:41.610978+00:00, run_after=2025-08-13T10:40:41.610978+00:00
[2025-08-13T10:40:41.628+0000] {processor.py:179} INFO - Processing /workspaces/hands-on-introduction-data-engineering-4395021/airflow_env/lib/python3.10/site-packages/airflow/example_dags/example_latest_only_with_trigger.py took 0.057 seconds
