[2025-08-13T02:42:43.432+0000] {processor.py:157} INFO - Started process (PID=8128) to work on /home/vscode/.local/lib/python3.10/site-packages/airflow/example_dags/example_short_circuit_decorator.py
[2025-08-13T02:42:43.432+0000] {processor.py:826} INFO - Processing file /home/vscode/.local/lib/python3.10/site-packages/airflow/example_dags/example_short_circuit_decorator.py for tasks to queue
[2025-08-13T02:42:43.433+0000] {logging_mixin.py:150} INFO - [2025-08-13T02:42:43.433+0000] {dagbag.py:541} INFO - Filling up the DagBag from /home/vscode/.local/lib/python3.10/site-packages/airflow/example_dags/example_short_circuit_decorator.py
[2025-08-13T02:42:43.440+0000] {processor.py:836} INFO - DAG(s) dict_keys(['example_short_circuit_decorator']) retrieved from /home/vscode/.local/lib/python3.10/site-packages/airflow/example_dags/example_short_circuit_decorator.py
[2025-08-13T02:42:43.519+0000] {logging_mixin.py:150} INFO - [2025-08-13T02:42:43.519+0000] {manager.py:504} INFO - Created Permission View: can read on DAG:example_short_circuit_decorator
[2025-08-13T02:42:43.529+0000] {logging_mixin.py:150} INFO - [2025-08-13T02:42:43.529+0000] {manager.py:504} INFO - Created Permission View: can delete on DAG:example_short_circuit_decorator
[2025-08-13T02:42:43.535+0000] {logging_mixin.py:150} INFO - [2025-08-13T02:42:43.535+0000] {manager.py:504} INFO - Created Permission View: can edit on DAG:example_short_circuit_decorator
[2025-08-13T02:42:43.544+0000] {logging_mixin.py:150} INFO - [2025-08-13T02:42:43.543+0000] {dag.py:2742} INFO - Sync 1 DAGs
[2025-08-13T02:42:43.550+0000] {logging_mixin.py:150} INFO - [2025-08-13T02:42:43.550+0000] {dag.py:2763} INFO - Creating ORM DAG for example_short_circuit_decorator
[2025-08-13T02:42:43.557+0000] {logging_mixin.py:150} INFO - [2025-08-13T02:42:43.557+0000] {dag.py:3504} INFO - Setting next_dagrun for example_short_circuit_decorator to 2025-08-12T02:42:43.556903+00:00, run_after=2025-08-13T02:42:43.556903+00:00
[2025-08-13T02:42:43.573+0000] {processor.py:179} INFO - Processing /home/vscode/.local/lib/python3.10/site-packages/airflow/example_dags/example_short_circuit_decorator.py took 0.144 seconds
[2025-08-13T02:43:30.016+0000] {processor.py:157} INFO - Started process (PID=8442) to work on /home/vscode/.local/lib/python3.10/site-packages/airflow/example_dags/example_short_circuit_decorator.py
[2025-08-13T02:43:30.017+0000] {processor.py:826} INFO - Processing file /home/vscode/.local/lib/python3.10/site-packages/airflow/example_dags/example_short_circuit_decorator.py for tasks to queue
[2025-08-13T02:43:30.018+0000] {logging_mixin.py:150} INFO - [2025-08-13T02:43:30.017+0000] {dagbag.py:541} INFO - Filling up the DagBag from /home/vscode/.local/lib/python3.10/site-packages/airflow/example_dags/example_short_circuit_decorator.py
[2025-08-13T02:43:30.025+0000] {processor.py:836} INFO - DAG(s) dict_keys(['example_short_circuit_decorator']) retrieved from /home/vscode/.local/lib/python3.10/site-packages/airflow/example_dags/example_short_circuit_decorator.py
[2025-08-13T02:43:30.038+0000] {logging_mixin.py:150} INFO - [2025-08-13T02:43:30.038+0000] {dag.py:2742} INFO - Sync 1 DAGs
[2025-08-13T02:43:30.052+0000] {logging_mixin.py:150} INFO - [2025-08-13T02:43:30.052+0000] {dag.py:3504} INFO - Setting next_dagrun for example_short_circuit_decorator to 2025-08-12T02:43:30.052084+00:00, run_after=2025-08-13T02:43:30.052084+00:00
[2025-08-13T02:43:30.068+0000] {processor.py:179} INFO - Processing /home/vscode/.local/lib/python3.10/site-packages/airflow/example_dags/example_short_circuit_decorator.py took 0.054 seconds
[2025-08-13T02:44:18.653+0000] {processor.py:157} INFO - Started process (PID=8761) to work on /home/vscode/.local/lib/python3.10/site-packages/airflow/example_dags/example_short_circuit_decorator.py
[2025-08-13T02:44:18.654+0000] {processor.py:826} INFO - Processing file /home/vscode/.local/lib/python3.10/site-packages/airflow/example_dags/example_short_circuit_decorator.py for tasks to queue
[2025-08-13T02:44:18.654+0000] {logging_mixin.py:150} INFO - [2025-08-13T02:44:18.654+0000] {dagbag.py:541} INFO - Filling up the DagBag from /home/vscode/.local/lib/python3.10/site-packages/airflow/example_dags/example_short_circuit_decorator.py
[2025-08-13T02:44:18.661+0000] {processor.py:836} INFO - DAG(s) dict_keys(['example_short_circuit_decorator']) retrieved from /home/vscode/.local/lib/python3.10/site-packages/airflow/example_dags/example_short_circuit_decorator.py
[2025-08-13T02:44:18.674+0000] {logging_mixin.py:150} INFO - [2025-08-13T02:44:18.674+0000] {dag.py:2742} INFO - Sync 1 DAGs
[2025-08-13T02:44:18.689+0000] {logging_mixin.py:150} INFO - [2025-08-13T02:44:18.689+0000] {dag.py:3504} INFO - Setting next_dagrun for example_short_circuit_decorator to 2025-08-12T02:44:18.689161+00:00, run_after=2025-08-13T02:44:18.689161+00:00
[2025-08-13T02:44:18.705+0000] {processor.py:179} INFO - Processing /home/vscode/.local/lib/python3.10/site-packages/airflow/example_dags/example_short_circuit_decorator.py took 0.054 seconds
