[2025-08-13T03:24:58.637+0000] {processor.py:157} INFO - Started process (PID=4868) to work on /workspaces/hands-on-introduction-data-engineering-4395021/airflow_env/lib/python3.10/site-packages/airflow/example_dags/example_sensor_decorator.py
[2025-08-13T03:24:58.648+0000] {processor.py:826} INFO - Processing file /workspaces/hands-on-introduction-data-engineering-4395021/airflow_env/lib/python3.10/site-packages/airflow/example_dags/example_sensor_decorator.py for tasks to queue
[2025-08-13T03:24:58.649+0000] {logging_mixin.py:150} INFO - [2025-08-13T03:24:58.648+0000] {dagbag.py:541} INFO - Filling up the DagBag from /workspaces/hands-on-introduction-data-engineering-4395021/airflow_env/lib/python3.10/site-packages/airflow/example_dags/example_sensor_decorator.py
[2025-08-13T03:24:58.667+0000] {processor.py:836} INFO - DAG(s) dict_keys(['example_sensor_decorator']) retrieved from /workspaces/hands-on-introduction-data-engineering-4395021/airflow_env/lib/python3.10/site-packages/airflow/example_dags/example_sensor_decorator.py
[2025-08-13T03:24:59.137+0000] {logging_mixin.py:150} INFO - [2025-08-13T03:24:59.137+0000] {manager.py:504} INFO - Created Permission View: can read on DAG:example_sensor_decorator
[2025-08-13T03:24:59.163+0000] {logging_mixin.py:150} INFO - [2025-08-13T03:24:59.163+0000] {manager.py:504} INFO - Created Permission View: can edit on DAG:example_sensor_decorator
[2025-08-13T03:24:59.191+0000] {logging_mixin.py:150} INFO - [2025-08-13T03:24:59.190+0000] {manager.py:504} INFO - Created Permission View: can delete on DAG:example_sensor_decorator
[2025-08-13T03:24:59.295+0000] {logging_mixin.py:150} INFO - [2025-08-13T03:24:59.294+0000] {dag.py:2742} INFO - Sync 1 DAGs
[2025-08-13T03:24:59.441+0000] {logging_mixin.py:150} INFO - [2025-08-13T03:24:59.441+0000] {dag.py:2763} INFO - Creating ORM DAG for example_sensor_decorator
[2025-08-13T03:24:59.518+0000] {logging_mixin.py:150} INFO - [2025-08-13T03:24:59.512+0000] {dag.py:3504} INFO - Setting next_dagrun for example_sensor_decorator to None, run_after=None
[2025-08-13T03:24:59.846+0000] {processor.py:179} INFO - Processing /workspaces/hands-on-introduction-data-engineering-4395021/airflow_env/lib/python3.10/site-packages/airflow/example_dags/example_sensor_decorator.py took 1.250 seconds
[2025-08-13T03:25:45.272+0000] {processor.py:157} INFO - Started process (PID=5190) to work on /workspaces/hands-on-introduction-data-engineering-4395021/airflow_env/lib/python3.10/site-packages/airflow/example_dags/example_sensor_decorator.py
[2025-08-13T03:25:45.273+0000] {processor.py:826} INFO - Processing file /workspaces/hands-on-introduction-data-engineering-4395021/airflow_env/lib/python3.10/site-packages/airflow/example_dags/example_sensor_decorator.py for tasks to queue
[2025-08-13T03:25:45.273+0000] {logging_mixin.py:150} INFO - [2025-08-13T03:25:45.273+0000] {dagbag.py:541} INFO - Filling up the DagBag from /workspaces/hands-on-introduction-data-engineering-4395021/airflow_env/lib/python3.10/site-packages/airflow/example_dags/example_sensor_decorator.py
[2025-08-13T03:25:45.277+0000] {processor.py:836} INFO - DAG(s) dict_keys(['example_sensor_decorator']) retrieved from /workspaces/hands-on-introduction-data-engineering-4395021/airflow_env/lib/python3.10/site-packages/airflow/example_dags/example_sensor_decorator.py
[2025-08-13T03:25:45.289+0000] {logging_mixin.py:150} INFO - [2025-08-13T03:25:45.289+0000] {dag.py:2742} INFO - Sync 1 DAGs
[2025-08-13T03:25:45.303+0000] {logging_mixin.py:150} INFO - [2025-08-13T03:25:45.303+0000] {dag.py:3504} INFO - Setting next_dagrun for example_sensor_decorator to None, run_after=None
[2025-08-13T03:25:45.318+0000] {processor.py:179} INFO - Processing /workspaces/hands-on-introduction-data-engineering-4395021/airflow_env/lib/python3.10/site-packages/airflow/example_dags/example_sensor_decorator.py took 0.048 seconds
[2025-08-13T03:26:30.214+0000] {processor.py:157} INFO - Started process (PID=5485) to work on /workspaces/hands-on-introduction-data-engineering-4395021/airflow_env/lib/python3.10/site-packages/airflow/example_dags/example_sensor_decorator.py
[2025-08-13T03:26:30.215+0000] {processor.py:826} INFO - Processing file /workspaces/hands-on-introduction-data-engineering-4395021/airflow_env/lib/python3.10/site-packages/airflow/example_dags/example_sensor_decorator.py for tasks to queue
[2025-08-13T03:26:30.215+0000] {logging_mixin.py:150} INFO - [2025-08-13T03:26:30.215+0000] {dagbag.py:541} INFO - Filling up the DagBag from /workspaces/hands-on-introduction-data-engineering-4395021/airflow_env/lib/python3.10/site-packages/airflow/example_dags/example_sensor_decorator.py
[2025-08-13T03:26:30.220+0000] {processor.py:836} INFO - DAG(s) dict_keys(['example_sensor_decorator']) retrieved from /workspaces/hands-on-introduction-data-engineering-4395021/airflow_env/lib/python3.10/site-packages/airflow/example_dags/example_sensor_decorator.py
[2025-08-13T03:26:30.231+0000] {logging_mixin.py:150} INFO - [2025-08-13T03:26:30.231+0000] {dag.py:2742} INFO - Sync 1 DAGs
[2025-08-13T03:26:30.244+0000] {logging_mixin.py:150} INFO - [2025-08-13T03:26:30.244+0000] {dag.py:3504} INFO - Setting next_dagrun for example_sensor_decorator to None, run_after=None
[2025-08-13T03:26:30.261+0000] {processor.py:179} INFO - Processing /workspaces/hands-on-introduction-data-engineering-4395021/airflow_env/lib/python3.10/site-packages/airflow/example_dags/example_sensor_decorator.py took 0.049 seconds
[2025-08-13T03:27:18.693+0000] {processor.py:157} INFO - Started process (PID=5812) to work on /workspaces/hands-on-introduction-data-engineering-4395021/airflow_env/lib/python3.10/site-packages/airflow/example_dags/example_sensor_decorator.py
[2025-08-13T03:27:18.694+0000] {processor.py:826} INFO - Processing file /workspaces/hands-on-introduction-data-engineering-4395021/airflow_env/lib/python3.10/site-packages/airflow/example_dags/example_sensor_decorator.py for tasks to queue
[2025-08-13T03:27:18.694+0000] {logging_mixin.py:150} INFO - [2025-08-13T03:27:18.694+0000] {dagbag.py:541} INFO - Filling up the DagBag from /workspaces/hands-on-introduction-data-engineering-4395021/airflow_env/lib/python3.10/site-packages/airflow/example_dags/example_sensor_decorator.py
[2025-08-13T03:27:18.699+0000] {processor.py:836} INFO - DAG(s) dict_keys(['example_sensor_decorator']) retrieved from /workspaces/hands-on-introduction-data-engineering-4395021/airflow_env/lib/python3.10/site-packages/airflow/example_dags/example_sensor_decorator.py
[2025-08-13T03:27:18.709+0000] {logging_mixin.py:150} INFO - [2025-08-13T03:27:18.709+0000] {dag.py:2742} INFO - Sync 1 DAGs
[2025-08-13T03:27:18.723+0000] {logging_mixin.py:150} INFO - [2025-08-13T03:27:18.723+0000] {dag.py:3504} INFO - Setting next_dagrun for example_sensor_decorator to None, run_after=None
[2025-08-13T03:27:18.738+0000] {processor.py:179} INFO - Processing /workspaces/hands-on-introduction-data-engineering-4395021/airflow_env/lib/python3.10/site-packages/airflow/example_dags/example_sensor_decorator.py took 0.047 seconds
[2025-08-13T03:28:07.090+0000] {processor.py:157} INFO - Started process (PID=6227) to work on /workspaces/hands-on-introduction-data-engineering-4395021/airflow_env/lib/python3.10/site-packages/airflow/example_dags/example_sensor_decorator.py
[2025-08-13T03:28:07.091+0000] {processor.py:826} INFO - Processing file /workspaces/hands-on-introduction-data-engineering-4395021/airflow_env/lib/python3.10/site-packages/airflow/example_dags/example_sensor_decorator.py for tasks to queue
[2025-08-13T03:28:07.092+0000] {logging_mixin.py:150} INFO - [2025-08-13T03:28:07.091+0000] {dagbag.py:541} INFO - Filling up the DagBag from /workspaces/hands-on-introduction-data-engineering-4395021/airflow_env/lib/python3.10/site-packages/airflow/example_dags/example_sensor_decorator.py
[2025-08-13T03:28:07.096+0000] {processor.py:836} INFO - DAG(s) dict_keys(['example_sensor_decorator']) retrieved from /workspaces/hands-on-introduction-data-engineering-4395021/airflow_env/lib/python3.10/site-packages/airflow/example_dags/example_sensor_decorator.py
[2025-08-13T03:28:07.107+0000] {logging_mixin.py:150} INFO - [2025-08-13T03:28:07.107+0000] {dag.py:2742} INFO - Sync 1 DAGs
[2025-08-13T03:28:07.121+0000] {logging_mixin.py:150} INFO - [2025-08-13T03:28:07.121+0000] {dag.py:3504} INFO - Setting next_dagrun for example_sensor_decorator to None, run_after=None
[2025-08-13T03:28:07.135+0000] {processor.py:179} INFO - Processing /workspaces/hands-on-introduction-data-engineering-4395021/airflow_env/lib/python3.10/site-packages/airflow/example_dags/example_sensor_decorator.py took 0.047 seconds
[2025-08-13T03:28:50.911+0000] {processor.py:157} INFO - Started process (PID=6566) to work on /workspaces/hands-on-introduction-data-engineering-4395021/airflow_env/lib/python3.10/site-packages/airflow/example_dags/example_sensor_decorator.py
[2025-08-13T03:28:50.911+0000] {processor.py:826} INFO - Processing file /workspaces/hands-on-introduction-data-engineering-4395021/airflow_env/lib/python3.10/site-packages/airflow/example_dags/example_sensor_decorator.py for tasks to queue
[2025-08-13T03:28:50.912+0000] {logging_mixin.py:150} INFO - [2025-08-13T03:28:50.912+0000] {dagbag.py:541} INFO - Filling up the DagBag from /workspaces/hands-on-introduction-data-engineering-4395021/airflow_env/lib/python3.10/site-packages/airflow/example_dags/example_sensor_decorator.py
[2025-08-13T03:28:50.916+0000] {processor.py:836} INFO - DAG(s) dict_keys(['example_sensor_decorator']) retrieved from /workspaces/hands-on-introduction-data-engineering-4395021/airflow_env/lib/python3.10/site-packages/airflow/example_dags/example_sensor_decorator.py
[2025-08-13T03:28:50.927+0000] {logging_mixin.py:150} INFO - [2025-08-13T03:28:50.927+0000] {dag.py:2742} INFO - Sync 1 DAGs
[2025-08-13T03:28:50.941+0000] {logging_mixin.py:150} INFO - [2025-08-13T03:28:50.941+0000] {dag.py:3504} INFO - Setting next_dagrun for example_sensor_decorator to None, run_after=None
[2025-08-13T03:28:50.958+0000] {processor.py:179} INFO - Processing /workspaces/hands-on-introduction-data-engineering-4395021/airflow_env/lib/python3.10/site-packages/airflow/example_dags/example_sensor_decorator.py took 0.049 seconds
[2025-08-13T03:29:36.743+0000] {processor.py:157} INFO - Started process (PID=7071) to work on /workspaces/hands-on-introduction-data-engineering-4395021/airflow_env/lib/python3.10/site-packages/airflow/example_dags/example_sensor_decorator.py
[2025-08-13T03:29:36.744+0000] {processor.py:826} INFO - Processing file /workspaces/hands-on-introduction-data-engineering-4395021/airflow_env/lib/python3.10/site-packages/airflow/example_dags/example_sensor_decorator.py for tasks to queue
[2025-08-13T03:29:36.744+0000] {logging_mixin.py:150} INFO - [2025-08-13T03:29:36.744+0000] {dagbag.py:541} INFO - Filling up the DagBag from /workspaces/hands-on-introduction-data-engineering-4395021/airflow_env/lib/python3.10/site-packages/airflow/example_dags/example_sensor_decorator.py
[2025-08-13T03:29:36.749+0000] {processor.py:836} INFO - DAG(s) dict_keys(['example_sensor_decorator']) retrieved from /workspaces/hands-on-introduction-data-engineering-4395021/airflow_env/lib/python3.10/site-packages/airflow/example_dags/example_sensor_decorator.py
[2025-08-13T03:29:36.760+0000] {logging_mixin.py:150} INFO - [2025-08-13T03:29:36.760+0000] {dag.py:2742} INFO - Sync 1 DAGs
[2025-08-13T03:29:36.778+0000] {logging_mixin.py:150} INFO - [2025-08-13T03:29:36.778+0000] {dag.py:3504} INFO - Setting next_dagrun for example_sensor_decorator to None, run_after=None
[2025-08-13T03:29:36.793+0000] {processor.py:179} INFO - Processing /workspaces/hands-on-introduction-data-engineering-4395021/airflow_env/lib/python3.10/site-packages/airflow/example_dags/example_sensor_decorator.py took 0.052 seconds
[2025-08-13T03:30:18.716+0000] {processor.py:157} INFO - Started process (PID=7431) to work on /workspaces/hands-on-introduction-data-engineering-4395021/airflow_env/lib/python3.10/site-packages/airflow/example_dags/example_sensor_decorator.py
[2025-08-13T03:30:18.717+0000] {processor.py:826} INFO - Processing file /workspaces/hands-on-introduction-data-engineering-4395021/airflow_env/lib/python3.10/site-packages/airflow/example_dags/example_sensor_decorator.py for tasks to queue
[2025-08-13T03:30:18.717+0000] {logging_mixin.py:150} INFO - [2025-08-13T03:30:18.717+0000] {dagbag.py:541} INFO - Filling up the DagBag from /workspaces/hands-on-introduction-data-engineering-4395021/airflow_env/lib/python3.10/site-packages/airflow/example_dags/example_sensor_decorator.py
[2025-08-13T03:30:18.721+0000] {processor.py:836} INFO - DAG(s) dict_keys(['example_sensor_decorator']) retrieved from /workspaces/hands-on-introduction-data-engineering-4395021/airflow_env/lib/python3.10/site-packages/airflow/example_dags/example_sensor_decorator.py
[2025-08-13T03:30:18.733+0000] {logging_mixin.py:150} INFO - [2025-08-13T03:30:18.732+0000] {dag.py:2742} INFO - Sync 1 DAGs
[2025-08-13T03:30:18.747+0000] {logging_mixin.py:150} INFO - [2025-08-13T03:30:18.747+0000] {dag.py:3504} INFO - Setting next_dagrun for example_sensor_decorator to None, run_after=None
[2025-08-13T03:30:18.761+0000] {processor.py:179} INFO - Processing /workspaces/hands-on-introduction-data-engineering-4395021/airflow_env/lib/python3.10/site-packages/airflow/example_dags/example_sensor_decorator.py took 0.048 seconds
[2025-08-13T03:31:01.127+0000] {processor.py:157} INFO - Started process (PID=7711) to work on /workspaces/hands-on-introduction-data-engineering-4395021/airflow_env/lib/python3.10/site-packages/airflow/example_dags/example_sensor_decorator.py
[2025-08-13T03:31:01.128+0000] {processor.py:826} INFO - Processing file /workspaces/hands-on-introduction-data-engineering-4395021/airflow_env/lib/python3.10/site-packages/airflow/example_dags/example_sensor_decorator.py for tasks to queue
[2025-08-13T03:31:01.128+0000] {logging_mixin.py:150} INFO - [2025-08-13T03:31:01.128+0000] {dagbag.py:541} INFO - Filling up the DagBag from /workspaces/hands-on-introduction-data-engineering-4395021/airflow_env/lib/python3.10/site-packages/airflow/example_dags/example_sensor_decorator.py
[2025-08-13T03:31:01.133+0000] {processor.py:836} INFO - DAG(s) dict_keys(['example_sensor_decorator']) retrieved from /workspaces/hands-on-introduction-data-engineering-4395021/airflow_env/lib/python3.10/site-packages/airflow/example_dags/example_sensor_decorator.py
[2025-08-13T03:31:01.146+0000] {logging_mixin.py:150} INFO - [2025-08-13T03:31:01.146+0000] {dag.py:2742} INFO - Sync 1 DAGs
[2025-08-13T03:31:01.161+0000] {logging_mixin.py:150} INFO - [2025-08-13T03:31:01.160+0000] {dag.py:3504} INFO - Setting next_dagrun for example_sensor_decorator to None, run_after=None
[2025-08-13T03:31:01.177+0000] {processor.py:179} INFO - Processing /workspaces/hands-on-introduction-data-engineering-4395021/airflow_env/lib/python3.10/site-packages/airflow/example_dags/example_sensor_decorator.py took 0.052 seconds
[2025-08-13T03:31:44.523+0000] {processor.py:157} INFO - Started process (PID=8009) to work on /workspaces/hands-on-introduction-data-engineering-4395021/airflow_env/lib/python3.10/site-packages/airflow/example_dags/example_sensor_decorator.py
[2025-08-13T03:31:44.524+0000] {processor.py:826} INFO - Processing file /workspaces/hands-on-introduction-data-engineering-4395021/airflow_env/lib/python3.10/site-packages/airflow/example_dags/example_sensor_decorator.py for tasks to queue
[2025-08-13T03:31:44.524+0000] {logging_mixin.py:150} INFO - [2025-08-13T03:31:44.524+0000] {dagbag.py:541} INFO - Filling up the DagBag from /workspaces/hands-on-introduction-data-engineering-4395021/airflow_env/lib/python3.10/site-packages/airflow/example_dags/example_sensor_decorator.py
[2025-08-13T03:31:44.529+0000] {processor.py:836} INFO - DAG(s) dict_keys(['example_sensor_decorator']) retrieved from /workspaces/hands-on-introduction-data-engineering-4395021/airflow_env/lib/python3.10/site-packages/airflow/example_dags/example_sensor_decorator.py
[2025-08-13T03:31:44.540+0000] {logging_mixin.py:150} INFO - [2025-08-13T03:31:44.540+0000] {dag.py:2742} INFO - Sync 1 DAGs
[2025-08-13T03:31:44.554+0000] {logging_mixin.py:150} INFO - [2025-08-13T03:31:44.554+0000] {dag.py:3504} INFO - Setting next_dagrun for example_sensor_decorator to None, run_after=None
[2025-08-13T03:31:44.568+0000] {processor.py:179} INFO - Processing /workspaces/hands-on-introduction-data-engineering-4395021/airflow_env/lib/python3.10/site-packages/airflow/example_dags/example_sensor_decorator.py took 0.047 seconds
[2025-08-13T03:32:31.747+0000] {processor.py:157} INFO - Started process (PID=8314) to work on /workspaces/hands-on-introduction-data-engineering-4395021/airflow_env/lib/python3.10/site-packages/airflow/example_dags/example_sensor_decorator.py
[2025-08-13T03:32:31.748+0000] {processor.py:826} INFO - Processing file /workspaces/hands-on-introduction-data-engineering-4395021/airflow_env/lib/python3.10/site-packages/airflow/example_dags/example_sensor_decorator.py for tasks to queue
[2025-08-13T03:32:31.749+0000] {logging_mixin.py:150} INFO - [2025-08-13T03:32:31.748+0000] {dagbag.py:541} INFO - Filling up the DagBag from /workspaces/hands-on-introduction-data-engineering-4395021/airflow_env/lib/python3.10/site-packages/airflow/example_dags/example_sensor_decorator.py
[2025-08-13T03:32:31.755+0000] {processor.py:836} INFO - DAG(s) dict_keys(['example_sensor_decorator']) retrieved from /workspaces/hands-on-introduction-data-engineering-4395021/airflow_env/lib/python3.10/site-packages/airflow/example_dags/example_sensor_decorator.py
[2025-08-13T03:32:31.772+0000] {logging_mixin.py:150} INFO - [2025-08-13T03:32:31.772+0000] {dag.py:2742} INFO - Sync 1 DAGs
[2025-08-13T03:32:31.790+0000] {logging_mixin.py:150} INFO - [2025-08-13T03:32:31.790+0000] {dag.py:3504} INFO - Setting next_dagrun for example_sensor_decorator to None, run_after=None
[2025-08-13T03:32:31.804+0000] {processor.py:179} INFO - Processing /workspaces/hands-on-introduction-data-engineering-4395021/airflow_env/lib/python3.10/site-packages/airflow/example_dags/example_sensor_decorator.py took 0.060 seconds
[2025-08-13T03:33:17.125+0000] {processor.py:157} INFO - Started process (PID=8622) to work on /workspaces/hands-on-introduction-data-engineering-4395021/airflow_env/lib/python3.10/site-packages/airflow/example_dags/example_sensor_decorator.py
[2025-08-13T03:33:17.126+0000] {processor.py:826} INFO - Processing file /workspaces/hands-on-introduction-data-engineering-4395021/airflow_env/lib/python3.10/site-packages/airflow/example_dags/example_sensor_decorator.py for tasks to queue
[2025-08-13T03:33:17.126+0000] {logging_mixin.py:150} INFO - [2025-08-13T03:33:17.126+0000] {dagbag.py:541} INFO - Filling up the DagBag from /workspaces/hands-on-introduction-data-engineering-4395021/airflow_env/lib/python3.10/site-packages/airflow/example_dags/example_sensor_decorator.py
[2025-08-13T03:33:17.131+0000] {processor.py:836} INFO - DAG(s) dict_keys(['example_sensor_decorator']) retrieved from /workspaces/hands-on-introduction-data-engineering-4395021/airflow_env/lib/python3.10/site-packages/airflow/example_dags/example_sensor_decorator.py
[2025-08-13T03:33:17.142+0000] {logging_mixin.py:150} INFO - [2025-08-13T03:33:17.142+0000] {dag.py:2742} INFO - Sync 1 DAGs
[2025-08-13T03:33:17.156+0000] {logging_mixin.py:150} INFO - [2025-08-13T03:33:17.156+0000] {dag.py:3504} INFO - Setting next_dagrun for example_sensor_decorator to None, run_after=None
[2025-08-13T03:33:17.171+0000] {processor.py:179} INFO - Processing /workspaces/hands-on-introduction-data-engineering-4395021/airflow_env/lib/python3.10/site-packages/airflow/example_dags/example_sensor_decorator.py took 0.048 seconds
[2025-08-13T03:33:59.375+0000] {processor.py:157} INFO - Started process (PID=8900) to work on /workspaces/hands-on-introduction-data-engineering-4395021/airflow_env/lib/python3.10/site-packages/airflow/example_dags/example_sensor_decorator.py
[2025-08-13T03:33:59.376+0000] {processor.py:826} INFO - Processing file /workspaces/hands-on-introduction-data-engineering-4395021/airflow_env/lib/python3.10/site-packages/airflow/example_dags/example_sensor_decorator.py for tasks to queue
[2025-08-13T03:33:59.376+0000] {logging_mixin.py:150} INFO - [2025-08-13T03:33:59.376+0000] {dagbag.py:541} INFO - Filling up the DagBag from /workspaces/hands-on-introduction-data-engineering-4395021/airflow_env/lib/python3.10/site-packages/airflow/example_dags/example_sensor_decorator.py
[2025-08-13T03:33:59.380+0000] {processor.py:836} INFO - DAG(s) dict_keys(['example_sensor_decorator']) retrieved from /workspaces/hands-on-introduction-data-engineering-4395021/airflow_env/lib/python3.10/site-packages/airflow/example_dags/example_sensor_decorator.py
[2025-08-13T03:33:59.391+0000] {logging_mixin.py:150} INFO - [2025-08-13T03:33:59.391+0000] {dag.py:2742} INFO - Sync 1 DAGs
[2025-08-13T03:33:59.405+0000] {logging_mixin.py:150} INFO - [2025-08-13T03:33:59.405+0000] {dag.py:3504} INFO - Setting next_dagrun for example_sensor_decorator to None, run_after=None
[2025-08-13T03:33:59.420+0000] {processor.py:179} INFO - Processing /workspaces/hands-on-introduction-data-engineering-4395021/airflow_env/lib/python3.10/site-packages/airflow/example_dags/example_sensor_decorator.py took 0.047 seconds
[2025-08-13T03:34:43.492+0000] {processor.py:157} INFO - Started process (PID=9244) to work on /workspaces/hands-on-introduction-data-engineering-4395021/airflow_env/lib/python3.10/site-packages/airflow/example_dags/example_sensor_decorator.py
[2025-08-13T03:34:43.492+0000] {processor.py:826} INFO - Processing file /workspaces/hands-on-introduction-data-engineering-4395021/airflow_env/lib/python3.10/site-packages/airflow/example_dags/example_sensor_decorator.py for tasks to queue
[2025-08-13T03:34:43.493+0000] {logging_mixin.py:150} INFO - [2025-08-13T03:34:43.493+0000] {dagbag.py:541} INFO - Filling up the DagBag from /workspaces/hands-on-introduction-data-engineering-4395021/airflow_env/lib/python3.10/site-packages/airflow/example_dags/example_sensor_decorator.py
[2025-08-13T03:34:43.497+0000] {processor.py:836} INFO - DAG(s) dict_keys(['example_sensor_decorator']) retrieved from /workspaces/hands-on-introduction-data-engineering-4395021/airflow_env/lib/python3.10/site-packages/airflow/example_dags/example_sensor_decorator.py
[2025-08-13T03:34:43.509+0000] {logging_mixin.py:150} INFO - [2025-08-13T03:34:43.509+0000] {dag.py:2742} INFO - Sync 1 DAGs
[2025-08-13T03:34:43.528+0000] {logging_mixin.py:150} INFO - [2025-08-13T03:34:43.528+0000] {dag.py:3504} INFO - Setting next_dagrun for example_sensor_decorator to None, run_after=None
[2025-08-13T03:34:43.544+0000] {processor.py:179} INFO - Processing /workspaces/hands-on-introduction-data-engineering-4395021/airflow_env/lib/python3.10/site-packages/airflow/example_dags/example_sensor_decorator.py took 0.054 seconds
[2025-08-13T03:35:26.994+0000] {processor.py:157} INFO - Started process (PID=9547) to work on /workspaces/hands-on-introduction-data-engineering-4395021/airflow_env/lib/python3.10/site-packages/airflow/example_dags/example_sensor_decorator.py
[2025-08-13T03:35:26.994+0000] {processor.py:826} INFO - Processing file /workspaces/hands-on-introduction-data-engineering-4395021/airflow_env/lib/python3.10/site-packages/airflow/example_dags/example_sensor_decorator.py for tasks to queue
[2025-08-13T03:35:26.995+0000] {logging_mixin.py:150} INFO - [2025-08-13T03:35:26.995+0000] {dagbag.py:541} INFO - Filling up the DagBag from /workspaces/hands-on-introduction-data-engineering-4395021/airflow_env/lib/python3.10/site-packages/airflow/example_dags/example_sensor_decorator.py
[2025-08-13T03:35:26.999+0000] {processor.py:836} INFO - DAG(s) dict_keys(['example_sensor_decorator']) retrieved from /workspaces/hands-on-introduction-data-engineering-4395021/airflow_env/lib/python3.10/site-packages/airflow/example_dags/example_sensor_decorator.py
[2025-08-13T03:35:27.010+0000] {logging_mixin.py:150} INFO - [2025-08-13T03:35:27.010+0000] {dag.py:2742} INFO - Sync 1 DAGs
[2025-08-13T03:35:27.024+0000] {logging_mixin.py:150} INFO - [2025-08-13T03:35:27.024+0000] {dag.py:3504} INFO - Setting next_dagrun for example_sensor_decorator to None, run_after=None
[2025-08-13T03:35:27.039+0000] {processor.py:179} INFO - Processing /workspaces/hands-on-introduction-data-engineering-4395021/airflow_env/lib/python3.10/site-packages/airflow/example_dags/example_sensor_decorator.py took 0.048 seconds
[2025-08-13T03:36:12.398+0000] {processor.py:157} INFO - Started process (PID=10036) to work on /workspaces/hands-on-introduction-data-engineering-4395021/airflow_env/lib/python3.10/site-packages/airflow/example_dags/example_sensor_decorator.py
[2025-08-13T03:36:12.399+0000] {processor.py:826} INFO - Processing file /workspaces/hands-on-introduction-data-engineering-4395021/airflow_env/lib/python3.10/site-packages/airflow/example_dags/example_sensor_decorator.py for tasks to queue
[2025-08-13T03:36:12.399+0000] {logging_mixin.py:150} INFO - [2025-08-13T03:36:12.399+0000] {dagbag.py:541} INFO - Filling up the DagBag from /workspaces/hands-on-introduction-data-engineering-4395021/airflow_env/lib/python3.10/site-packages/airflow/example_dags/example_sensor_decorator.py
[2025-08-13T03:36:12.404+0000] {processor.py:836} INFO - DAG(s) dict_keys(['example_sensor_decorator']) retrieved from /workspaces/hands-on-introduction-data-engineering-4395021/airflow_env/lib/python3.10/site-packages/airflow/example_dags/example_sensor_decorator.py
[2025-08-13T03:36:12.416+0000] {logging_mixin.py:150} INFO - [2025-08-13T03:36:12.416+0000] {dag.py:2742} INFO - Sync 1 DAGs
[2025-08-13T03:36:12.431+0000] {logging_mixin.py:150} INFO - [2025-08-13T03:36:12.431+0000] {dag.py:3504} INFO - Setting next_dagrun for example_sensor_decorator to None, run_after=None
[2025-08-13T03:36:12.445+0000] {processor.py:179} INFO - Processing /workspaces/hands-on-introduction-data-engineering-4395021/airflow_env/lib/python3.10/site-packages/airflow/example_dags/example_sensor_decorator.py took 0.049 seconds
[2025-08-13T03:36:54.594+0000] {processor.py:157} INFO - Started process (PID=10328) to work on /workspaces/hands-on-introduction-data-engineering-4395021/airflow_env/lib/python3.10/site-packages/airflow/example_dags/example_sensor_decorator.py
[2025-08-13T03:36:54.594+0000] {processor.py:826} INFO - Processing file /workspaces/hands-on-introduction-data-engineering-4395021/airflow_env/lib/python3.10/site-packages/airflow/example_dags/example_sensor_decorator.py for tasks to queue
[2025-08-13T03:36:54.595+0000] {logging_mixin.py:150} INFO - [2025-08-13T03:36:54.595+0000] {dagbag.py:541} INFO - Filling up the DagBag from /workspaces/hands-on-introduction-data-engineering-4395021/airflow_env/lib/python3.10/site-packages/airflow/example_dags/example_sensor_decorator.py
[2025-08-13T03:36:54.600+0000] {processor.py:836} INFO - DAG(s) dict_keys(['example_sensor_decorator']) retrieved from /workspaces/hands-on-introduction-data-engineering-4395021/airflow_env/lib/python3.10/site-packages/airflow/example_dags/example_sensor_decorator.py
[2025-08-13T03:36:54.612+0000] {logging_mixin.py:150} INFO - [2025-08-13T03:36:54.612+0000] {dag.py:2742} INFO - Sync 1 DAGs
[2025-08-13T03:36:54.626+0000] {logging_mixin.py:150} INFO - [2025-08-13T03:36:54.625+0000] {dag.py:3504} INFO - Setting next_dagrun for example_sensor_decorator to None, run_after=None
[2025-08-13T03:36:54.641+0000] {processor.py:179} INFO - Processing /workspaces/hands-on-introduction-data-engineering-4395021/airflow_env/lib/python3.10/site-packages/airflow/example_dags/example_sensor_decorator.py took 0.049 seconds
[2025-08-13T03:37:37.147+0000] {processor.py:157} INFO - Started process (PID=10777) to work on /workspaces/hands-on-introduction-data-engineering-4395021/airflow_env/lib/python3.10/site-packages/airflow/example_dags/example_sensor_decorator.py
[2025-08-13T03:37:37.148+0000] {processor.py:826} INFO - Processing file /workspaces/hands-on-introduction-data-engineering-4395021/airflow_env/lib/python3.10/site-packages/airflow/example_dags/example_sensor_decorator.py for tasks to queue
[2025-08-13T03:37:37.148+0000] {logging_mixin.py:150} INFO - [2025-08-13T03:37:37.148+0000] {dagbag.py:541} INFO - Filling up the DagBag from /workspaces/hands-on-introduction-data-engineering-4395021/airflow_env/lib/python3.10/site-packages/airflow/example_dags/example_sensor_decorator.py
[2025-08-13T03:37:37.153+0000] {processor.py:836} INFO - DAG(s) dict_keys(['example_sensor_decorator']) retrieved from /workspaces/hands-on-introduction-data-engineering-4395021/airflow_env/lib/python3.10/site-packages/airflow/example_dags/example_sensor_decorator.py
[2025-08-13T03:37:37.165+0000] {logging_mixin.py:150} INFO - [2025-08-13T03:37:37.165+0000] {dag.py:2742} INFO - Sync 1 DAGs
[2025-08-13T03:37:37.178+0000] {logging_mixin.py:150} INFO - [2025-08-13T03:37:37.178+0000] {dag.py:3504} INFO - Setting next_dagrun for example_sensor_decorator to None, run_after=None
[2025-08-13T03:37:37.194+0000] {processor.py:179} INFO - Processing /workspaces/hands-on-introduction-data-engineering-4395021/airflow_env/lib/python3.10/site-packages/airflow/example_dags/example_sensor_decorator.py took 0.049 seconds
[2025-08-13T03:38:21.690+0000] {processor.py:157} INFO - Started process (PID=11083) to work on /workspaces/hands-on-introduction-data-engineering-4395021/airflow_env/lib/python3.10/site-packages/airflow/example_dags/example_sensor_decorator.py
[2025-08-13T03:38:21.690+0000] {processor.py:826} INFO - Processing file /workspaces/hands-on-introduction-data-engineering-4395021/airflow_env/lib/python3.10/site-packages/airflow/example_dags/example_sensor_decorator.py for tasks to queue
[2025-08-13T03:38:21.691+0000] {logging_mixin.py:150} INFO - [2025-08-13T03:38:21.691+0000] {dagbag.py:541} INFO - Filling up the DagBag from /workspaces/hands-on-introduction-data-engineering-4395021/airflow_env/lib/python3.10/site-packages/airflow/example_dags/example_sensor_decorator.py
[2025-08-13T03:38:21.695+0000] {processor.py:836} INFO - DAG(s) dict_keys(['example_sensor_decorator']) retrieved from /workspaces/hands-on-introduction-data-engineering-4395021/airflow_env/lib/python3.10/site-packages/airflow/example_dags/example_sensor_decorator.py
[2025-08-13T03:38:21.706+0000] {logging_mixin.py:150} INFO - [2025-08-13T03:38:21.706+0000] {dag.py:2742} INFO - Sync 1 DAGs
[2025-08-13T03:38:21.720+0000] {logging_mixin.py:150} INFO - [2025-08-13T03:38:21.720+0000] {dag.py:3504} INFO - Setting next_dagrun for example_sensor_decorator to None, run_after=None
[2025-08-13T03:38:21.736+0000] {processor.py:179} INFO - Processing /workspaces/hands-on-introduction-data-engineering-4395021/airflow_env/lib/python3.10/site-packages/airflow/example_dags/example_sensor_decorator.py took 0.048 seconds
[2025-08-13T10:25:50.120+0000] {processor.py:157} INFO - Started process (PID=2361) to work on /workspaces/hands-on-introduction-data-engineering-4395021/airflow_env/lib/python3.10/site-packages/airflow/example_dags/example_sensor_decorator.py
[2025-08-13T10:25:50.121+0000] {processor.py:826} INFO - Processing file /workspaces/hands-on-introduction-data-engineering-4395021/airflow_env/lib/python3.10/site-packages/airflow/example_dags/example_sensor_decorator.py for tasks to queue
[2025-08-13T10:25:50.122+0000] {logging_mixin.py:150} INFO - [2025-08-13T10:25:50.122+0000] {dagbag.py:541} INFO - Filling up the DagBag from /workspaces/hands-on-introduction-data-engineering-4395021/airflow_env/lib/python3.10/site-packages/airflow/example_dags/example_sensor_decorator.py
[2025-08-13T10:25:50.126+0000] {processor.py:836} INFO - DAG(s) dict_keys(['example_sensor_decorator']) retrieved from /workspaces/hands-on-introduction-data-engineering-4395021/airflow_env/lib/python3.10/site-packages/airflow/example_dags/example_sensor_decorator.py
[2025-08-13T10:25:50.139+0000] {logging_mixin.py:150} INFO - [2025-08-13T10:25:50.139+0000] {dag.py:2742} INFO - Sync 1 DAGs
[2025-08-13T10:25:50.152+0000] {logging_mixin.py:150} INFO - [2025-08-13T10:25:50.152+0000] {dag.py:3504} INFO - Setting next_dagrun for example_sensor_decorator to None, run_after=None
[2025-08-13T10:25:50.167+0000] {processor.py:179} INFO - Processing /workspaces/hands-on-introduction-data-engineering-4395021/airflow_env/lib/python3.10/site-packages/airflow/example_dags/example_sensor_decorator.py took 0.049 seconds
[2025-08-13T10:26:34.301+0000] {processor.py:157} INFO - Started process (PID=2731) to work on /workspaces/hands-on-introduction-data-engineering-4395021/airflow_env/lib/python3.10/site-packages/airflow/example_dags/example_sensor_decorator.py
[2025-08-13T10:26:34.302+0000] {processor.py:826} INFO - Processing file /workspaces/hands-on-introduction-data-engineering-4395021/airflow_env/lib/python3.10/site-packages/airflow/example_dags/example_sensor_decorator.py for tasks to queue
[2025-08-13T10:26:34.302+0000] {logging_mixin.py:150} INFO - [2025-08-13T10:26:34.302+0000] {dagbag.py:541} INFO - Filling up the DagBag from /workspaces/hands-on-introduction-data-engineering-4395021/airflow_env/lib/python3.10/site-packages/airflow/example_dags/example_sensor_decorator.py
[2025-08-13T10:26:34.306+0000] {processor.py:836} INFO - DAG(s) dict_keys(['example_sensor_decorator']) retrieved from /workspaces/hands-on-introduction-data-engineering-4395021/airflow_env/lib/python3.10/site-packages/airflow/example_dags/example_sensor_decorator.py
[2025-08-13T10:26:34.318+0000] {logging_mixin.py:150} INFO - [2025-08-13T10:26:34.318+0000] {dag.py:2742} INFO - Sync 1 DAGs
[2025-08-13T10:26:34.332+0000] {logging_mixin.py:150} INFO - [2025-08-13T10:26:34.332+0000] {dag.py:3504} INFO - Setting next_dagrun for example_sensor_decorator to None, run_after=None
[2025-08-13T10:26:34.347+0000] {processor.py:179} INFO - Processing /workspaces/hands-on-introduction-data-engineering-4395021/airflow_env/lib/python3.10/site-packages/airflow/example_dags/example_sensor_decorator.py took 0.048 seconds
[2025-08-13T10:27:18.869+0000] {processor.py:157} INFO - Started process (PID=3030) to work on /workspaces/hands-on-introduction-data-engineering-4395021/airflow_env/lib/python3.10/site-packages/airflow/example_dags/example_sensor_decorator.py
[2025-08-13T10:27:18.870+0000] {processor.py:826} INFO - Processing file /workspaces/hands-on-introduction-data-engineering-4395021/airflow_env/lib/python3.10/site-packages/airflow/example_dags/example_sensor_decorator.py for tasks to queue
[2025-08-13T10:27:18.871+0000] {logging_mixin.py:150} INFO - [2025-08-13T10:27:18.870+0000] {dagbag.py:541} INFO - Filling up the DagBag from /workspaces/hands-on-introduction-data-engineering-4395021/airflow_env/lib/python3.10/site-packages/airflow/example_dags/example_sensor_decorator.py
[2025-08-13T10:27:18.875+0000] {processor.py:836} INFO - DAG(s) dict_keys(['example_sensor_decorator']) retrieved from /workspaces/hands-on-introduction-data-engineering-4395021/airflow_env/lib/python3.10/site-packages/airflow/example_dags/example_sensor_decorator.py
[2025-08-13T10:27:18.886+0000] {logging_mixin.py:150} INFO - [2025-08-13T10:27:18.886+0000] {dag.py:2742} INFO - Sync 1 DAGs
[2025-08-13T10:27:18.900+0000] {logging_mixin.py:150} INFO - [2025-08-13T10:27:18.899+0000] {dag.py:3504} INFO - Setting next_dagrun for example_sensor_decorator to None, run_after=None
[2025-08-13T10:27:18.915+0000] {processor.py:179} INFO - Processing /workspaces/hands-on-introduction-data-engineering-4395021/airflow_env/lib/python3.10/site-packages/airflow/example_dags/example_sensor_decorator.py took 0.047 seconds
[2025-08-13T10:28:00.562+0000] {processor.py:157} INFO - Started process (PID=3404) to work on /workspaces/hands-on-introduction-data-engineering-4395021/airflow_env/lib/python3.10/site-packages/airflow/example_dags/example_sensor_decorator.py
[2025-08-13T10:28:00.562+0000] {processor.py:826} INFO - Processing file /workspaces/hands-on-introduction-data-engineering-4395021/airflow_env/lib/python3.10/site-packages/airflow/example_dags/example_sensor_decorator.py for tasks to queue
[2025-08-13T10:28:00.563+0000] {logging_mixin.py:150} INFO - [2025-08-13T10:28:00.563+0000] {dagbag.py:541} INFO - Filling up the DagBag from /workspaces/hands-on-introduction-data-engineering-4395021/airflow_env/lib/python3.10/site-packages/airflow/example_dags/example_sensor_decorator.py
[2025-08-13T10:28:00.567+0000] {processor.py:836} INFO - DAG(s) dict_keys(['example_sensor_decorator']) retrieved from /workspaces/hands-on-introduction-data-engineering-4395021/airflow_env/lib/python3.10/site-packages/airflow/example_dags/example_sensor_decorator.py
[2025-08-13T10:28:00.578+0000] {logging_mixin.py:150} INFO - [2025-08-13T10:28:00.578+0000] {dag.py:2742} INFO - Sync 1 DAGs
[2025-08-13T10:28:00.592+0000] {logging_mixin.py:150} INFO - [2025-08-13T10:28:00.591+0000] {dag.py:3504} INFO - Setting next_dagrun for example_sensor_decorator to None, run_after=None
[2025-08-13T10:28:00.606+0000] {processor.py:179} INFO - Processing /workspaces/hands-on-introduction-data-engineering-4395021/airflow_env/lib/python3.10/site-packages/airflow/example_dags/example_sensor_decorator.py took 0.046 seconds
[2025-08-13T10:28:44.375+0000] {processor.py:157} INFO - Started process (PID=3753) to work on /workspaces/hands-on-introduction-data-engineering-4395021/airflow_env/lib/python3.10/site-packages/airflow/example_dags/example_sensor_decorator.py
[2025-08-13T10:28:44.375+0000] {processor.py:826} INFO - Processing file /workspaces/hands-on-introduction-data-engineering-4395021/airflow_env/lib/python3.10/site-packages/airflow/example_dags/example_sensor_decorator.py for tasks to queue
[2025-08-13T10:28:44.376+0000] {logging_mixin.py:150} INFO - [2025-08-13T10:28:44.376+0000] {dagbag.py:541} INFO - Filling up the DagBag from /workspaces/hands-on-introduction-data-engineering-4395021/airflow_env/lib/python3.10/site-packages/airflow/example_dags/example_sensor_decorator.py
[2025-08-13T10:28:44.380+0000] {processor.py:836} INFO - DAG(s) dict_keys(['example_sensor_decorator']) retrieved from /workspaces/hands-on-introduction-data-engineering-4395021/airflow_env/lib/python3.10/site-packages/airflow/example_dags/example_sensor_decorator.py
[2025-08-13T10:28:44.391+0000] {logging_mixin.py:150} INFO - [2025-08-13T10:28:44.391+0000] {dag.py:2742} INFO - Sync 1 DAGs
[2025-08-13T10:28:44.405+0000] {logging_mixin.py:150} INFO - [2025-08-13T10:28:44.405+0000] {dag.py:3504} INFO - Setting next_dagrun for example_sensor_decorator to None, run_after=None
[2025-08-13T10:28:44.420+0000] {processor.py:179} INFO - Processing /workspaces/hands-on-introduction-data-engineering-4395021/airflow_env/lib/python3.10/site-packages/airflow/example_dags/example_sensor_decorator.py took 0.047 seconds
[2025-08-13T10:29:30.587+0000] {processor.py:157} INFO - Started process (PID=4147) to work on /workspaces/hands-on-introduction-data-engineering-4395021/airflow_env/lib/python3.10/site-packages/airflow/example_dags/example_sensor_decorator.py
[2025-08-13T10:29:30.588+0000] {processor.py:826} INFO - Processing file /workspaces/hands-on-introduction-data-engineering-4395021/airflow_env/lib/python3.10/site-packages/airflow/example_dags/example_sensor_decorator.py for tasks to queue
[2025-08-13T10:29:30.588+0000] {logging_mixin.py:150} INFO - [2025-08-13T10:29:30.588+0000] {dagbag.py:541} INFO - Filling up the DagBag from /workspaces/hands-on-introduction-data-engineering-4395021/airflow_env/lib/python3.10/site-packages/airflow/example_dags/example_sensor_decorator.py
[2025-08-13T10:29:30.593+0000] {processor.py:836} INFO - DAG(s) dict_keys(['example_sensor_decorator']) retrieved from /workspaces/hands-on-introduction-data-engineering-4395021/airflow_env/lib/python3.10/site-packages/airflow/example_dags/example_sensor_decorator.py
[2025-08-13T10:29:30.605+0000] {logging_mixin.py:150} INFO - [2025-08-13T10:29:30.604+0000] {dag.py:2742} INFO - Sync 1 DAGs
[2025-08-13T10:29:30.618+0000] {logging_mixin.py:150} INFO - [2025-08-13T10:29:30.618+0000] {dag.py:3504} INFO - Setting next_dagrun for example_sensor_decorator to None, run_after=None
[2025-08-13T10:29:30.633+0000] {processor.py:179} INFO - Processing /workspaces/hands-on-introduction-data-engineering-4395021/airflow_env/lib/python3.10/site-packages/airflow/example_dags/example_sensor_decorator.py took 0.048 seconds
[2025-08-13T10:30:15.152+0000] {processor.py:157} INFO - Started process (PID=4448) to work on /workspaces/hands-on-introduction-data-engineering-4395021/airflow_env/lib/python3.10/site-packages/airflow/example_dags/example_sensor_decorator.py
[2025-08-13T10:30:15.152+0000] {processor.py:826} INFO - Processing file /workspaces/hands-on-introduction-data-engineering-4395021/airflow_env/lib/python3.10/site-packages/airflow/example_dags/example_sensor_decorator.py for tasks to queue
[2025-08-13T10:30:15.153+0000] {logging_mixin.py:150} INFO - [2025-08-13T10:30:15.153+0000] {dagbag.py:541} INFO - Filling up the DagBag from /workspaces/hands-on-introduction-data-engineering-4395021/airflow_env/lib/python3.10/site-packages/airflow/example_dags/example_sensor_decorator.py
[2025-08-13T10:30:15.158+0000] {processor.py:836} INFO - DAG(s) dict_keys(['example_sensor_decorator']) retrieved from /workspaces/hands-on-introduction-data-engineering-4395021/airflow_env/lib/python3.10/site-packages/airflow/example_dags/example_sensor_decorator.py
[2025-08-13T10:30:15.169+0000] {logging_mixin.py:150} INFO - [2025-08-13T10:30:15.169+0000] {dag.py:2742} INFO - Sync 1 DAGs
[2025-08-13T10:30:15.183+0000] {logging_mixin.py:150} INFO - [2025-08-13T10:30:15.183+0000] {dag.py:3504} INFO - Setting next_dagrun for example_sensor_decorator to None, run_after=None
[2025-08-13T10:30:15.198+0000] {processor.py:179} INFO - Processing /workspaces/hands-on-introduction-data-engineering-4395021/airflow_env/lib/python3.10/site-packages/airflow/example_dags/example_sensor_decorator.py took 0.049 seconds
[2025-08-13T10:31:01.370+0000] {processor.py:157} INFO - Started process (PID=4773) to work on /workspaces/hands-on-introduction-data-engineering-4395021/airflow_env/lib/python3.10/site-packages/airflow/example_dags/example_sensor_decorator.py
[2025-08-13T10:31:01.371+0000] {processor.py:826} INFO - Processing file /workspaces/hands-on-introduction-data-engineering-4395021/airflow_env/lib/python3.10/site-packages/airflow/example_dags/example_sensor_decorator.py for tasks to queue
[2025-08-13T10:31:01.371+0000] {logging_mixin.py:150} INFO - [2025-08-13T10:31:01.371+0000] {dagbag.py:541} INFO - Filling up the DagBag from /workspaces/hands-on-introduction-data-engineering-4395021/airflow_env/lib/python3.10/site-packages/airflow/example_dags/example_sensor_decorator.py
[2025-08-13T10:31:01.377+0000] {processor.py:836} INFO - DAG(s) dict_keys(['example_sensor_decorator']) retrieved from /workspaces/hands-on-introduction-data-engineering-4395021/airflow_env/lib/python3.10/site-packages/airflow/example_dags/example_sensor_decorator.py
[2025-08-13T10:31:01.395+0000] {logging_mixin.py:150} INFO - [2025-08-13T10:31:01.394+0000] {dag.py:2742} INFO - Sync 1 DAGs
[2025-08-13T10:31:01.415+0000] {logging_mixin.py:150} INFO - [2025-08-13T10:31:01.415+0000] {dag.py:3504} INFO - Setting next_dagrun for example_sensor_decorator to None, run_after=None
[2025-08-13T10:31:01.436+0000] {processor.py:179} INFO - Processing /workspaces/hands-on-introduction-data-engineering-4395021/airflow_env/lib/python3.10/site-packages/airflow/example_dags/example_sensor_decorator.py took 0.068 seconds
[2025-08-13T10:31:44.747+0000] {processor.py:157} INFO - Started process (PID=5065) to work on /workspaces/hands-on-introduction-data-engineering-4395021/airflow_env/lib/python3.10/site-packages/airflow/example_dags/example_sensor_decorator.py
[2025-08-13T10:31:44.748+0000] {processor.py:826} INFO - Processing file /workspaces/hands-on-introduction-data-engineering-4395021/airflow_env/lib/python3.10/site-packages/airflow/example_dags/example_sensor_decorator.py for tasks to queue
[2025-08-13T10:31:44.749+0000] {logging_mixin.py:150} INFO - [2025-08-13T10:31:44.748+0000] {dagbag.py:541} INFO - Filling up the DagBag from /workspaces/hands-on-introduction-data-engineering-4395021/airflow_env/lib/python3.10/site-packages/airflow/example_dags/example_sensor_decorator.py
[2025-08-13T10:31:44.753+0000] {processor.py:836} INFO - DAG(s) dict_keys(['example_sensor_decorator']) retrieved from /workspaces/hands-on-introduction-data-engineering-4395021/airflow_env/lib/python3.10/site-packages/airflow/example_dags/example_sensor_decorator.py
[2025-08-13T10:31:44.765+0000] {logging_mixin.py:150} INFO - [2025-08-13T10:31:44.765+0000] {dag.py:2742} INFO - Sync 1 DAGs
[2025-08-13T10:31:44.778+0000] {logging_mixin.py:150} INFO - [2025-08-13T10:31:44.778+0000] {dag.py:3504} INFO - Setting next_dagrun for example_sensor_decorator to None, run_after=None
[2025-08-13T10:31:44.795+0000] {processor.py:179} INFO - Processing /workspaces/hands-on-introduction-data-engineering-4395021/airflow_env/lib/python3.10/site-packages/airflow/example_dags/example_sensor_decorator.py took 0.050 seconds
[2025-08-13T10:32:28.137+0000] {processor.py:157} INFO - Started process (PID=5350) to work on /workspaces/hands-on-introduction-data-engineering-4395021/airflow_env/lib/python3.10/site-packages/airflow/example_dags/example_sensor_decorator.py
[2025-08-13T10:32:28.138+0000] {processor.py:826} INFO - Processing file /workspaces/hands-on-introduction-data-engineering-4395021/airflow_env/lib/python3.10/site-packages/airflow/example_dags/example_sensor_decorator.py for tasks to queue
[2025-08-13T10:32:28.138+0000] {logging_mixin.py:150} INFO - [2025-08-13T10:32:28.138+0000] {dagbag.py:541} INFO - Filling up the DagBag from /workspaces/hands-on-introduction-data-engineering-4395021/airflow_env/lib/python3.10/site-packages/airflow/example_dags/example_sensor_decorator.py
[2025-08-13T10:32:28.143+0000] {processor.py:836} INFO - DAG(s) dict_keys(['example_sensor_decorator']) retrieved from /workspaces/hands-on-introduction-data-engineering-4395021/airflow_env/lib/python3.10/site-packages/airflow/example_dags/example_sensor_decorator.py
[2025-08-13T10:32:28.154+0000] {logging_mixin.py:150} INFO - [2025-08-13T10:32:28.154+0000] {dag.py:2742} INFO - Sync 1 DAGs
[2025-08-13T10:32:28.168+0000] {logging_mixin.py:150} INFO - [2025-08-13T10:32:28.168+0000] {dag.py:3504} INFO - Setting next_dagrun for example_sensor_decorator to None, run_after=None
[2025-08-13T10:32:28.191+0000] {processor.py:179} INFO - Processing /workspaces/hands-on-introduction-data-engineering-4395021/airflow_env/lib/python3.10/site-packages/airflow/example_dags/example_sensor_decorator.py took 0.056 seconds
[2025-08-13T10:33:13.531+0000] {processor.py:157} INFO - Started process (PID=5763) to work on /workspaces/hands-on-introduction-data-engineering-4395021/airflow_env/lib/python3.10/site-packages/airflow/example_dags/example_sensor_decorator.py
[2025-08-13T10:33:13.532+0000] {processor.py:826} INFO - Processing file /workspaces/hands-on-introduction-data-engineering-4395021/airflow_env/lib/python3.10/site-packages/airflow/example_dags/example_sensor_decorator.py for tasks to queue
[2025-08-13T10:33:13.532+0000] {logging_mixin.py:150} INFO - [2025-08-13T10:33:13.532+0000] {dagbag.py:541} INFO - Filling up the DagBag from /workspaces/hands-on-introduction-data-engineering-4395021/airflow_env/lib/python3.10/site-packages/airflow/example_dags/example_sensor_decorator.py
[2025-08-13T10:33:13.536+0000] {processor.py:836} INFO - DAG(s) dict_keys(['example_sensor_decorator']) retrieved from /workspaces/hands-on-introduction-data-engineering-4395021/airflow_env/lib/python3.10/site-packages/airflow/example_dags/example_sensor_decorator.py
[2025-08-13T10:33:13.547+0000] {logging_mixin.py:150} INFO - [2025-08-13T10:33:13.547+0000] {dag.py:2742} INFO - Sync 1 DAGs
[2025-08-13T10:33:13.561+0000] {logging_mixin.py:150} INFO - [2025-08-13T10:33:13.561+0000] {dag.py:3504} INFO - Setting next_dagrun for example_sensor_decorator to None, run_after=None
[2025-08-13T10:33:13.575+0000] {processor.py:179} INFO - Processing /workspaces/hands-on-introduction-data-engineering-4395021/airflow_env/lib/python3.10/site-packages/airflow/example_dags/example_sensor_decorator.py took 0.047 seconds
[2025-08-13T10:33:56.225+0000] {processor.py:157} INFO - Started process (PID=6120) to work on /workspaces/hands-on-introduction-data-engineering-4395021/airflow_env/lib/python3.10/site-packages/airflow/example_dags/example_sensor_decorator.py
[2025-08-13T10:33:56.226+0000] {processor.py:826} INFO - Processing file /workspaces/hands-on-introduction-data-engineering-4395021/airflow_env/lib/python3.10/site-packages/airflow/example_dags/example_sensor_decorator.py for tasks to queue
[2025-08-13T10:33:56.227+0000] {logging_mixin.py:150} INFO - [2025-08-13T10:33:56.226+0000] {dagbag.py:541} INFO - Filling up the DagBag from /workspaces/hands-on-introduction-data-engineering-4395021/airflow_env/lib/python3.10/site-packages/airflow/example_dags/example_sensor_decorator.py
[2025-08-13T10:33:56.231+0000] {processor.py:836} INFO - DAG(s) dict_keys(['example_sensor_decorator']) retrieved from /workspaces/hands-on-introduction-data-engineering-4395021/airflow_env/lib/python3.10/site-packages/airflow/example_dags/example_sensor_decorator.py
[2025-08-13T10:33:56.242+0000] {logging_mixin.py:150} INFO - [2025-08-13T10:33:56.242+0000] {dag.py:2742} INFO - Sync 1 DAGs
[2025-08-13T10:33:56.256+0000] {logging_mixin.py:150} INFO - [2025-08-13T10:33:56.256+0000] {dag.py:3504} INFO - Setting next_dagrun for example_sensor_decorator to None, run_after=None
[2025-08-13T10:33:56.272+0000] {processor.py:179} INFO - Processing /workspaces/hands-on-introduction-data-engineering-4395021/airflow_env/lib/python3.10/site-packages/airflow/example_dags/example_sensor_decorator.py took 0.048 seconds
[2025-08-13T10:34:41.906+0000] {processor.py:157} INFO - Started process (PID=6498) to work on /workspaces/hands-on-introduction-data-engineering-4395021/airflow_env/lib/python3.10/site-packages/airflow/example_dags/example_sensor_decorator.py
[2025-08-13T10:34:41.910+0000] {processor.py:826} INFO - Processing file /workspaces/hands-on-introduction-data-engineering-4395021/airflow_env/lib/python3.10/site-packages/airflow/example_dags/example_sensor_decorator.py for tasks to queue
[2025-08-13T10:34:41.911+0000] {logging_mixin.py:150} INFO - [2025-08-13T10:34:41.911+0000] {dagbag.py:541} INFO - Filling up the DagBag from /workspaces/hands-on-introduction-data-engineering-4395021/airflow_env/lib/python3.10/site-packages/airflow/example_dags/example_sensor_decorator.py
[2025-08-13T10:34:41.918+0000] {processor.py:836} INFO - DAG(s) dict_keys(['example_sensor_decorator']) retrieved from /workspaces/hands-on-introduction-data-engineering-4395021/airflow_env/lib/python3.10/site-packages/airflow/example_dags/example_sensor_decorator.py
[2025-08-13T10:34:41.955+0000] {logging_mixin.py:150} INFO - [2025-08-13T10:34:41.955+0000] {dag.py:2742} INFO - Sync 1 DAGs
[2025-08-13T10:34:41.976+0000] {logging_mixin.py:150} INFO - [2025-08-13T10:34:41.975+0000] {dag.py:3504} INFO - Setting next_dagrun for example_sensor_decorator to None, run_after=None
[2025-08-13T10:34:41.997+0000] {processor.py:179} INFO - Processing /workspaces/hands-on-introduction-data-engineering-4395021/airflow_env/lib/python3.10/site-packages/airflow/example_dags/example_sensor_decorator.py took 0.094 seconds
[2025-08-13T10:35:27.867+0000] {processor.py:157} INFO - Started process (PID=6842) to work on /workspaces/hands-on-introduction-data-engineering-4395021/airflow_env/lib/python3.10/site-packages/airflow/example_dags/example_sensor_decorator.py
[2025-08-13T10:35:27.868+0000] {processor.py:826} INFO - Processing file /workspaces/hands-on-introduction-data-engineering-4395021/airflow_env/lib/python3.10/site-packages/airflow/example_dags/example_sensor_decorator.py for tasks to queue
[2025-08-13T10:35:27.869+0000] {logging_mixin.py:150} INFO - [2025-08-13T10:35:27.868+0000] {dagbag.py:541} INFO - Filling up the DagBag from /workspaces/hands-on-introduction-data-engineering-4395021/airflow_env/lib/python3.10/site-packages/airflow/example_dags/example_sensor_decorator.py
[2025-08-13T10:35:27.873+0000] {processor.py:836} INFO - DAG(s) dict_keys(['example_sensor_decorator']) retrieved from /workspaces/hands-on-introduction-data-engineering-4395021/airflow_env/lib/python3.10/site-packages/airflow/example_dags/example_sensor_decorator.py
[2025-08-13T10:35:27.884+0000] {logging_mixin.py:150} INFO - [2025-08-13T10:35:27.884+0000] {dag.py:2742} INFO - Sync 1 DAGs
[2025-08-13T10:35:27.898+0000] {logging_mixin.py:150} INFO - [2025-08-13T10:35:27.898+0000] {dag.py:3504} INFO - Setting next_dagrun for example_sensor_decorator to None, run_after=None
[2025-08-13T10:35:27.912+0000] {processor.py:179} INFO - Processing /workspaces/hands-on-introduction-data-engineering-4395021/airflow_env/lib/python3.10/site-packages/airflow/example_dags/example_sensor_decorator.py took 0.047 seconds
[2025-08-13T10:36:09.181+0000] {processor.py:157} INFO - Started process (PID=7115) to work on /workspaces/hands-on-introduction-data-engineering-4395021/airflow_env/lib/python3.10/site-packages/airflow/example_dags/example_sensor_decorator.py
[2025-08-13T10:36:09.182+0000] {processor.py:826} INFO - Processing file /workspaces/hands-on-introduction-data-engineering-4395021/airflow_env/lib/python3.10/site-packages/airflow/example_dags/example_sensor_decorator.py for tasks to queue
[2025-08-13T10:36:09.182+0000] {logging_mixin.py:150} INFO - [2025-08-13T10:36:09.182+0000] {dagbag.py:541} INFO - Filling up the DagBag from /workspaces/hands-on-introduction-data-engineering-4395021/airflow_env/lib/python3.10/site-packages/airflow/example_dags/example_sensor_decorator.py
[2025-08-13T10:36:09.187+0000] {processor.py:836} INFO - DAG(s) dict_keys(['example_sensor_decorator']) retrieved from /workspaces/hands-on-introduction-data-engineering-4395021/airflow_env/lib/python3.10/site-packages/airflow/example_dags/example_sensor_decorator.py
[2025-08-13T10:36:09.198+0000] {logging_mixin.py:150} INFO - [2025-08-13T10:36:09.198+0000] {dag.py:2742} INFO - Sync 1 DAGs
[2025-08-13T10:36:09.213+0000] {logging_mixin.py:150} INFO - [2025-08-13T10:36:09.213+0000] {dag.py:3504} INFO - Setting next_dagrun for example_sensor_decorator to None, run_after=None
[2025-08-13T10:36:09.230+0000] {processor.py:179} INFO - Processing /workspaces/hands-on-introduction-data-engineering-4395021/airflow_env/lib/python3.10/site-packages/airflow/example_dags/example_sensor_decorator.py took 0.051 seconds
[2025-08-13T10:36:55.388+0000] {processor.py:157} INFO - Started process (PID=7430) to work on /workspaces/hands-on-introduction-data-engineering-4395021/airflow_env/lib/python3.10/site-packages/airflow/example_dags/example_sensor_decorator.py
[2025-08-13T10:36:55.389+0000] {processor.py:826} INFO - Processing file /workspaces/hands-on-introduction-data-engineering-4395021/airflow_env/lib/python3.10/site-packages/airflow/example_dags/example_sensor_decorator.py for tasks to queue
[2025-08-13T10:36:55.389+0000] {logging_mixin.py:150} INFO - [2025-08-13T10:36:55.389+0000] {dagbag.py:541} INFO - Filling up the DagBag from /workspaces/hands-on-introduction-data-engineering-4395021/airflow_env/lib/python3.10/site-packages/airflow/example_dags/example_sensor_decorator.py
[2025-08-13T10:36:55.394+0000] {processor.py:836} INFO - DAG(s) dict_keys(['example_sensor_decorator']) retrieved from /workspaces/hands-on-introduction-data-engineering-4395021/airflow_env/lib/python3.10/site-packages/airflow/example_dags/example_sensor_decorator.py
[2025-08-13T10:36:55.405+0000] {logging_mixin.py:150} INFO - [2025-08-13T10:36:55.405+0000] {dag.py:2742} INFO - Sync 1 DAGs
[2025-08-13T10:36:55.419+0000] {logging_mixin.py:150} INFO - [2025-08-13T10:36:55.419+0000] {dag.py:3504} INFO - Setting next_dagrun for example_sensor_decorator to None, run_after=None
[2025-08-13T10:36:55.435+0000] {processor.py:179} INFO - Processing /workspaces/hands-on-introduction-data-engineering-4395021/airflow_env/lib/python3.10/site-packages/airflow/example_dags/example_sensor_decorator.py took 0.050 seconds
[2025-08-13T10:37:36.969+0000] {processor.py:157} INFO - Started process (PID=7702) to work on /workspaces/hands-on-introduction-data-engineering-4395021/airflow_env/lib/python3.10/site-packages/airflow/example_dags/example_sensor_decorator.py
[2025-08-13T10:37:36.970+0000] {processor.py:826} INFO - Processing file /workspaces/hands-on-introduction-data-engineering-4395021/airflow_env/lib/python3.10/site-packages/airflow/example_dags/example_sensor_decorator.py for tasks to queue
[2025-08-13T10:37:36.970+0000] {logging_mixin.py:150} INFO - [2025-08-13T10:37:36.970+0000] {dagbag.py:541} INFO - Filling up the DagBag from /workspaces/hands-on-introduction-data-engineering-4395021/airflow_env/lib/python3.10/site-packages/airflow/example_dags/example_sensor_decorator.py
[2025-08-13T10:37:36.975+0000] {processor.py:836} INFO - DAG(s) dict_keys(['example_sensor_decorator']) retrieved from /workspaces/hands-on-introduction-data-engineering-4395021/airflow_env/lib/python3.10/site-packages/airflow/example_dags/example_sensor_decorator.py
[2025-08-13T10:37:36.987+0000] {logging_mixin.py:150} INFO - [2025-08-13T10:37:36.986+0000] {dag.py:2742} INFO - Sync 1 DAGs
[2025-08-13T10:37:37.001+0000] {logging_mixin.py:150} INFO - [2025-08-13T10:37:37.001+0000] {dag.py:3504} INFO - Setting next_dagrun for example_sensor_decorator to None, run_after=None
[2025-08-13T10:37:37.017+0000] {processor.py:179} INFO - Processing /workspaces/hands-on-introduction-data-engineering-4395021/airflow_env/lib/python3.10/site-packages/airflow/example_dags/example_sensor_decorator.py took 0.050 seconds
[2025-08-13T10:38:20.561+0000] {processor.py:157} INFO - Started process (PID=8043) to work on /workspaces/hands-on-introduction-data-engineering-4395021/airflow_env/lib/python3.10/site-packages/airflow/example_dags/example_sensor_decorator.py
[2025-08-13T10:38:20.563+0000] {processor.py:826} INFO - Processing file /workspaces/hands-on-introduction-data-engineering-4395021/airflow_env/lib/python3.10/site-packages/airflow/example_dags/example_sensor_decorator.py for tasks to queue
[2025-08-13T10:38:20.565+0000] {logging_mixin.py:150} INFO - [2025-08-13T10:38:20.564+0000] {dagbag.py:541} INFO - Filling up the DagBag from /workspaces/hands-on-introduction-data-engineering-4395021/airflow_env/lib/python3.10/site-packages/airflow/example_dags/example_sensor_decorator.py
[2025-08-13T10:38:20.571+0000] {processor.py:836} INFO - DAG(s) dict_keys(['example_sensor_decorator']) retrieved from /workspaces/hands-on-introduction-data-engineering-4395021/airflow_env/lib/python3.10/site-packages/airflow/example_dags/example_sensor_decorator.py
[2025-08-13T10:38:20.583+0000] {logging_mixin.py:150} INFO - [2025-08-13T10:38:20.582+0000] {dag.py:2742} INFO - Sync 1 DAGs
[2025-08-13T10:38:20.597+0000] {logging_mixin.py:150} INFO - [2025-08-13T10:38:20.597+0000] {dag.py:3504} INFO - Setting next_dagrun for example_sensor_decorator to None, run_after=None
[2025-08-13T10:38:20.612+0000] {processor.py:179} INFO - Processing /workspaces/hands-on-introduction-data-engineering-4395021/airflow_env/lib/python3.10/site-packages/airflow/example_dags/example_sensor_decorator.py took 0.054 seconds
[2025-08-13T10:39:05.865+0000] {processor.py:157} INFO - Started process (PID=8345) to work on /workspaces/hands-on-introduction-data-engineering-4395021/airflow_env/lib/python3.10/site-packages/airflow/example_dags/example_sensor_decorator.py
[2025-08-13T10:39:05.865+0000] {processor.py:826} INFO - Processing file /workspaces/hands-on-introduction-data-engineering-4395021/airflow_env/lib/python3.10/site-packages/airflow/example_dags/example_sensor_decorator.py for tasks to queue
[2025-08-13T10:39:05.866+0000] {logging_mixin.py:150} INFO - [2025-08-13T10:39:05.866+0000] {dagbag.py:541} INFO - Filling up the DagBag from /workspaces/hands-on-introduction-data-engineering-4395021/airflow_env/lib/python3.10/site-packages/airflow/example_dags/example_sensor_decorator.py
[2025-08-13T10:39:05.870+0000] {processor.py:836} INFO - DAG(s) dict_keys(['example_sensor_decorator']) retrieved from /workspaces/hands-on-introduction-data-engineering-4395021/airflow_env/lib/python3.10/site-packages/airflow/example_dags/example_sensor_decorator.py
[2025-08-13T10:39:05.882+0000] {logging_mixin.py:150} INFO - [2025-08-13T10:39:05.882+0000] {dag.py:2742} INFO - Sync 1 DAGs
[2025-08-13T10:39:05.896+0000] {logging_mixin.py:150} INFO - [2025-08-13T10:39:05.896+0000] {dag.py:3504} INFO - Setting next_dagrun for example_sensor_decorator to None, run_after=None
[2025-08-13T10:39:05.910+0000] {processor.py:179} INFO - Processing /workspaces/hands-on-introduction-data-engineering-4395021/airflow_env/lib/python3.10/site-packages/airflow/example_dags/example_sensor_decorator.py took 0.048 seconds
[2025-08-13T10:39:52.125+0000] {processor.py:157} INFO - Started process (PID=8646) to work on /workspaces/hands-on-introduction-data-engineering-4395021/airflow_env/lib/python3.10/site-packages/airflow/example_dags/example_sensor_decorator.py
[2025-08-13T10:39:52.126+0000] {processor.py:826} INFO - Processing file /workspaces/hands-on-introduction-data-engineering-4395021/airflow_env/lib/python3.10/site-packages/airflow/example_dags/example_sensor_decorator.py for tasks to queue
[2025-08-13T10:39:52.126+0000] {logging_mixin.py:150} INFO - [2025-08-13T10:39:52.126+0000] {dagbag.py:541} INFO - Filling up the DagBag from /workspaces/hands-on-introduction-data-engineering-4395021/airflow_env/lib/python3.10/site-packages/airflow/example_dags/example_sensor_decorator.py
[2025-08-13T10:39:52.130+0000] {processor.py:836} INFO - DAG(s) dict_keys(['example_sensor_decorator']) retrieved from /workspaces/hands-on-introduction-data-engineering-4395021/airflow_env/lib/python3.10/site-packages/airflow/example_dags/example_sensor_decorator.py
[2025-08-13T10:39:52.143+0000] {logging_mixin.py:150} INFO - [2025-08-13T10:39:52.143+0000] {dag.py:2742} INFO - Sync 1 DAGs
[2025-08-13T10:39:52.157+0000] {logging_mixin.py:150} INFO - [2025-08-13T10:39:52.157+0000] {dag.py:3504} INFO - Setting next_dagrun for example_sensor_decorator to None, run_after=None
[2025-08-13T10:39:52.172+0000] {processor.py:179} INFO - Processing /workspaces/hands-on-introduction-data-engineering-4395021/airflow_env/lib/python3.10/site-packages/airflow/example_dags/example_sensor_decorator.py took 0.049 seconds
[2025-08-13T10:40:35.366+0000] {processor.py:157} INFO - Started process (PID=8961) to work on /workspaces/hands-on-introduction-data-engineering-4395021/airflow_env/lib/python3.10/site-packages/airflow/example_dags/example_sensor_decorator.py
[2025-08-13T10:40:35.367+0000] {processor.py:826} INFO - Processing file /workspaces/hands-on-introduction-data-engineering-4395021/airflow_env/lib/python3.10/site-packages/airflow/example_dags/example_sensor_decorator.py for tasks to queue
[2025-08-13T10:40:35.367+0000] {logging_mixin.py:150} INFO - [2025-08-13T10:40:35.367+0000] {dagbag.py:541} INFO - Filling up the DagBag from /workspaces/hands-on-introduction-data-engineering-4395021/airflow_env/lib/python3.10/site-packages/airflow/example_dags/example_sensor_decorator.py
[2025-08-13T10:40:35.371+0000] {processor.py:836} INFO - DAG(s) dict_keys(['example_sensor_decorator']) retrieved from /workspaces/hands-on-introduction-data-engineering-4395021/airflow_env/lib/python3.10/site-packages/airflow/example_dags/example_sensor_decorator.py
[2025-08-13T10:40:35.383+0000] {logging_mixin.py:150} INFO - [2025-08-13T10:40:35.383+0000] {dag.py:2742} INFO - Sync 1 DAGs
[2025-08-13T10:40:35.396+0000] {logging_mixin.py:150} INFO - [2025-08-13T10:40:35.396+0000] {dag.py:3504} INFO - Setting next_dagrun for example_sensor_decorator to None, run_after=None
[2025-08-13T10:40:35.412+0000] {processor.py:179} INFO - Processing /workspaces/hands-on-introduction-data-engineering-4395021/airflow_env/lib/python3.10/site-packages/airflow/example_dags/example_sensor_decorator.py took 0.048 seconds
