[2025-08-13T03:25:11.690+0000] {processor.py:157} INFO - Started process (PID=4966) to work on /workspaces/hands-on-introduction-data-engineering-4395021/airflow_env/lib/python3.10/site-packages/airflow/example_dags/example_dynamic_task_mapping_with_no_taskflow_operators.py
[2025-08-13T03:25:11.690+0000] {processor.py:826} INFO - Processing file /workspaces/hands-on-introduction-data-engineering-4395021/airflow_env/lib/python3.10/site-packages/airflow/example_dags/example_dynamic_task_mapping_with_no_taskflow_operators.py for tasks to queue
[2025-08-13T03:25:11.691+0000] {logging_mixin.py:150} INFO - [2025-08-13T03:25:11.691+0000] {dagbag.py:541} INFO - Filling up the DagBag from /workspaces/hands-on-introduction-data-engineering-4395021/airflow_env/lib/python3.10/site-packages/airflow/example_dags/example_dynamic_task_mapping_with_no_taskflow_operators.py
[2025-08-13T03:25:11.697+0000] {processor.py:836} INFO - DAG(s) dict_keys(['example_dynamic_task_mapping_with_no_taskflow_operators']) retrieved from /workspaces/hands-on-introduction-data-engineering-4395021/airflow_env/lib/python3.10/site-packages/airflow/example_dags/example_dynamic_task_mapping_with_no_taskflow_operators.py
[2025-08-13T03:25:11.769+0000] {logging_mixin.py:150} INFO - [2025-08-13T03:25:11.769+0000] {manager.py:504} INFO - Created Permission View: can read on DAG:example_dynamic_task_mapping_with_no_taskflow_operators
[2025-08-13T03:25:11.777+0000] {logging_mixin.py:150} INFO - [2025-08-13T03:25:11.777+0000] {manager.py:504} INFO - Created Permission View: can edit on DAG:example_dynamic_task_mapping_with_no_taskflow_operators
[2025-08-13T03:25:11.783+0000] {logging_mixin.py:150} INFO - [2025-08-13T03:25:11.783+0000] {manager.py:504} INFO - Created Permission View: can delete on DAG:example_dynamic_task_mapping_with_no_taskflow_operators
[2025-08-13T03:25:11.792+0000] {logging_mixin.py:150} INFO - [2025-08-13T03:25:11.792+0000] {dag.py:2742} INFO - Sync 1 DAGs
[2025-08-13T03:25:11.800+0000] {logging_mixin.py:150} INFO - [2025-08-13T03:25:11.800+0000] {dag.py:2763} INFO - Creating ORM DAG for example_dynamic_task_mapping_with_no_taskflow_operators
[2025-08-13T03:25:11.807+0000] {logging_mixin.py:150} INFO - [2025-08-13T03:25:11.807+0000] {dag.py:3504} INFO - Setting next_dagrun for example_dynamic_task_mapping_with_no_taskflow_operators to 2025-08-12T03:25:11.807135+00:00, run_after=2025-08-13T03:25:11.807135+00:00
[2025-08-13T03:25:11.822+0000] {processor.py:179} INFO - Processing /workspaces/hands-on-introduction-data-engineering-4395021/airflow_env/lib/python3.10/site-packages/airflow/example_dags/example_dynamic_task_mapping_with_no_taskflow_operators.py took 0.134 seconds
[2025-08-13T03:25:55.406+0000] {processor.py:157} INFO - Started process (PID=5253) to work on /workspaces/hands-on-introduction-data-engineering-4395021/airflow_env/lib/python3.10/site-packages/airflow/example_dags/example_dynamic_task_mapping_with_no_taskflow_operators.py
[2025-08-13T03:25:55.407+0000] {processor.py:826} INFO - Processing file /workspaces/hands-on-introduction-data-engineering-4395021/airflow_env/lib/python3.10/site-packages/airflow/example_dags/example_dynamic_task_mapping_with_no_taskflow_operators.py for tasks to queue
[2025-08-13T03:25:55.407+0000] {logging_mixin.py:150} INFO - [2025-08-13T03:25:55.407+0000] {dagbag.py:541} INFO - Filling up the DagBag from /workspaces/hands-on-introduction-data-engineering-4395021/airflow_env/lib/python3.10/site-packages/airflow/example_dags/example_dynamic_task_mapping_with_no_taskflow_operators.py
[2025-08-13T03:25:55.413+0000] {processor.py:836} INFO - DAG(s) dict_keys(['example_dynamic_task_mapping_with_no_taskflow_operators']) retrieved from /workspaces/hands-on-introduction-data-engineering-4395021/airflow_env/lib/python3.10/site-packages/airflow/example_dags/example_dynamic_task_mapping_with_no_taskflow_operators.py
[2025-08-13T03:25:55.423+0000] {logging_mixin.py:150} INFO - [2025-08-13T03:25:55.423+0000] {dag.py:2742} INFO - Sync 1 DAGs
[2025-08-13T03:25:55.437+0000] {logging_mixin.py:150} INFO - [2025-08-13T03:25:55.437+0000] {dag.py:3504} INFO - Setting next_dagrun for example_dynamic_task_mapping_with_no_taskflow_operators to 2025-08-12T03:25:55.437582+00:00, run_after=2025-08-13T03:25:55.437582+00:00
[2025-08-13T03:25:55.457+0000] {processor.py:179} INFO - Processing /workspaces/hands-on-introduction-data-engineering-4395021/airflow_env/lib/python3.10/site-packages/airflow/example_dags/example_dynamic_task_mapping_with_no_taskflow_operators.py took 0.053 seconds
[2025-08-13T03:26:44.497+0000] {processor.py:157} INFO - Started process (PID=5579) to work on /workspaces/hands-on-introduction-data-engineering-4395021/airflow_env/lib/python3.10/site-packages/airflow/example_dags/example_dynamic_task_mapping_with_no_taskflow_operators.py
[2025-08-13T03:26:44.497+0000] {processor.py:826} INFO - Processing file /workspaces/hands-on-introduction-data-engineering-4395021/airflow_env/lib/python3.10/site-packages/airflow/example_dags/example_dynamic_task_mapping_with_no_taskflow_operators.py for tasks to queue
[2025-08-13T03:26:44.498+0000] {logging_mixin.py:150} INFO - [2025-08-13T03:26:44.498+0000] {dagbag.py:541} INFO - Filling up the DagBag from /workspaces/hands-on-introduction-data-engineering-4395021/airflow_env/lib/python3.10/site-packages/airflow/example_dags/example_dynamic_task_mapping_with_no_taskflow_operators.py
[2025-08-13T03:26:44.503+0000] {processor.py:836} INFO - DAG(s) dict_keys(['example_dynamic_task_mapping_with_no_taskflow_operators']) retrieved from /workspaces/hands-on-introduction-data-engineering-4395021/airflow_env/lib/python3.10/site-packages/airflow/example_dags/example_dynamic_task_mapping_with_no_taskflow_operators.py
[2025-08-13T03:26:44.514+0000] {logging_mixin.py:150} INFO - [2025-08-13T03:26:44.513+0000] {dag.py:2742} INFO - Sync 1 DAGs
[2025-08-13T03:26:44.527+0000] {logging_mixin.py:150} INFO - [2025-08-13T03:26:44.527+0000] {dag.py:3504} INFO - Setting next_dagrun for example_dynamic_task_mapping_with_no_taskflow_operators to 2025-08-12T03:26:44.527658+00:00, run_after=2025-08-13T03:26:44.527658+00:00
[2025-08-13T03:26:44.543+0000] {processor.py:179} INFO - Processing /workspaces/hands-on-introduction-data-engineering-4395021/airflow_env/lib/python3.10/site-packages/airflow/example_dags/example_dynamic_task_mapping_with_no_taskflow_operators.py took 0.048 seconds
[2025-08-13T03:27:31.854+0000] {processor.py:157} INFO - Started process (PID=5899) to work on /workspaces/hands-on-introduction-data-engineering-4395021/airflow_env/lib/python3.10/site-packages/airflow/example_dags/example_dynamic_task_mapping_with_no_taskflow_operators.py
[2025-08-13T03:27:31.855+0000] {processor.py:826} INFO - Processing file /workspaces/hands-on-introduction-data-engineering-4395021/airflow_env/lib/python3.10/site-packages/airflow/example_dags/example_dynamic_task_mapping_with_no_taskflow_operators.py for tasks to queue
[2025-08-13T03:27:31.855+0000] {logging_mixin.py:150} INFO - [2025-08-13T03:27:31.855+0000] {dagbag.py:541} INFO - Filling up the DagBag from /workspaces/hands-on-introduction-data-engineering-4395021/airflow_env/lib/python3.10/site-packages/airflow/example_dags/example_dynamic_task_mapping_with_no_taskflow_operators.py
[2025-08-13T03:27:31.861+0000] {processor.py:836} INFO - DAG(s) dict_keys(['example_dynamic_task_mapping_with_no_taskflow_operators']) retrieved from /workspaces/hands-on-introduction-data-engineering-4395021/airflow_env/lib/python3.10/site-packages/airflow/example_dags/example_dynamic_task_mapping_with_no_taskflow_operators.py
[2025-08-13T03:27:31.872+0000] {logging_mixin.py:150} INFO - [2025-08-13T03:27:31.872+0000] {dag.py:2742} INFO - Sync 1 DAGs
[2025-08-13T03:27:31.886+0000] {logging_mixin.py:150} INFO - [2025-08-13T03:27:31.886+0000] {dag.py:3504} INFO - Setting next_dagrun for example_dynamic_task_mapping_with_no_taskflow_operators to 2025-08-12T03:27:31.886400+00:00, run_after=2025-08-13T03:27:31.886400+00:00
[2025-08-13T03:27:31.901+0000] {processor.py:179} INFO - Processing /workspaces/hands-on-introduction-data-engineering-4395021/airflow_env/lib/python3.10/site-packages/airflow/example_dags/example_dynamic_task_mapping_with_no_taskflow_operators.py took 0.049 seconds
[2025-08-13T03:28:17.224+0000] {processor.py:157} INFO - Started process (PID=6296) to work on /workspaces/hands-on-introduction-data-engineering-4395021/airflow_env/lib/python3.10/site-packages/airflow/example_dags/example_dynamic_task_mapping_with_no_taskflow_operators.py
[2025-08-13T03:28:17.225+0000] {processor.py:826} INFO - Processing file /workspaces/hands-on-introduction-data-engineering-4395021/airflow_env/lib/python3.10/site-packages/airflow/example_dags/example_dynamic_task_mapping_with_no_taskflow_operators.py for tasks to queue
[2025-08-13T03:28:17.225+0000] {logging_mixin.py:150} INFO - [2025-08-13T03:28:17.225+0000] {dagbag.py:541} INFO - Filling up the DagBag from /workspaces/hands-on-introduction-data-engineering-4395021/airflow_env/lib/python3.10/site-packages/airflow/example_dags/example_dynamic_task_mapping_with_no_taskflow_operators.py
[2025-08-13T03:28:17.230+0000] {processor.py:836} INFO - DAG(s) dict_keys(['example_dynamic_task_mapping_with_no_taskflow_operators']) retrieved from /workspaces/hands-on-introduction-data-engineering-4395021/airflow_env/lib/python3.10/site-packages/airflow/example_dags/example_dynamic_task_mapping_with_no_taskflow_operators.py
[2025-08-13T03:28:17.244+0000] {logging_mixin.py:150} INFO - [2025-08-13T03:28:17.244+0000] {dag.py:2742} INFO - Sync 1 DAGs
[2025-08-13T03:28:17.266+0000] {logging_mixin.py:150} INFO - [2025-08-13T03:28:17.266+0000] {dag.py:3504} INFO - Setting next_dagrun for example_dynamic_task_mapping_with_no_taskflow_operators to 2025-08-12T03:28:17.266019+00:00, run_after=2025-08-13T03:28:17.266019+00:00
[2025-08-13T03:28:17.282+0000] {processor.py:179} INFO - Processing /workspaces/hands-on-introduction-data-engineering-4395021/airflow_env/lib/python3.10/site-packages/airflow/example_dags/example_dynamic_task_mapping_with_no_taskflow_operators.py took 0.060 seconds
[2025-08-13T03:29:06.473+0000] {processor.py:157} INFO - Started process (PID=6706) to work on /workspaces/hands-on-introduction-data-engineering-4395021/airflow_env/lib/python3.10/site-packages/airflow/example_dags/example_dynamic_task_mapping_with_no_taskflow_operators.py
[2025-08-13T03:29:06.474+0000] {processor.py:826} INFO - Processing file /workspaces/hands-on-introduction-data-engineering-4395021/airflow_env/lib/python3.10/site-packages/airflow/example_dags/example_dynamic_task_mapping_with_no_taskflow_operators.py for tasks to queue
[2025-08-13T03:29:06.474+0000] {logging_mixin.py:150} INFO - [2025-08-13T03:29:06.474+0000] {dagbag.py:541} INFO - Filling up the DagBag from /workspaces/hands-on-introduction-data-engineering-4395021/airflow_env/lib/python3.10/site-packages/airflow/example_dags/example_dynamic_task_mapping_with_no_taskflow_operators.py
[2025-08-13T03:29:06.479+0000] {processor.py:836} INFO - DAG(s) dict_keys(['example_dynamic_task_mapping_with_no_taskflow_operators']) retrieved from /workspaces/hands-on-introduction-data-engineering-4395021/airflow_env/lib/python3.10/site-packages/airflow/example_dags/example_dynamic_task_mapping_with_no_taskflow_operators.py
[2025-08-13T03:29:06.490+0000] {logging_mixin.py:150} INFO - [2025-08-13T03:29:06.490+0000] {dag.py:2742} INFO - Sync 1 DAGs
[2025-08-13T03:29:06.509+0000] {logging_mixin.py:150} INFO - [2025-08-13T03:29:06.509+0000] {dag.py:3504} INFO - Setting next_dagrun for example_dynamic_task_mapping_with_no_taskflow_operators to 2025-08-12T03:29:06.508851+00:00, run_after=2025-08-13T03:29:06.508851+00:00
[2025-08-13T03:29:06.523+0000] {processor.py:179} INFO - Processing /workspaces/hands-on-introduction-data-engineering-4395021/airflow_env/lib/python3.10/site-packages/airflow/example_dags/example_dynamic_task_mapping_with_no_taskflow_operators.py took 0.052 seconds
[2025-08-13T03:29:48.314+0000] {processor.py:157} INFO - Started process (PID=7203) to work on /workspaces/hands-on-introduction-data-engineering-4395021/airflow_env/lib/python3.10/site-packages/airflow/example_dags/example_dynamic_task_mapping_with_no_taskflow_operators.py
[2025-08-13T03:29:48.314+0000] {processor.py:826} INFO - Processing file /workspaces/hands-on-introduction-data-engineering-4395021/airflow_env/lib/python3.10/site-packages/airflow/example_dags/example_dynamic_task_mapping_with_no_taskflow_operators.py for tasks to queue
[2025-08-13T03:29:48.315+0000] {logging_mixin.py:150} INFO - [2025-08-13T03:29:48.315+0000] {dagbag.py:541} INFO - Filling up the DagBag from /workspaces/hands-on-introduction-data-engineering-4395021/airflow_env/lib/python3.10/site-packages/airflow/example_dags/example_dynamic_task_mapping_with_no_taskflow_operators.py
[2025-08-13T03:29:48.321+0000] {processor.py:836} INFO - DAG(s) dict_keys(['example_dynamic_task_mapping_with_no_taskflow_operators']) retrieved from /workspaces/hands-on-introduction-data-engineering-4395021/airflow_env/lib/python3.10/site-packages/airflow/example_dags/example_dynamic_task_mapping_with_no_taskflow_operators.py
[2025-08-13T03:29:48.332+0000] {logging_mixin.py:150} INFO - [2025-08-13T03:29:48.332+0000] {dag.py:2742} INFO - Sync 1 DAGs
[2025-08-13T03:29:48.347+0000] {logging_mixin.py:150} INFO - [2025-08-13T03:29:48.346+0000] {dag.py:3504} INFO - Setting next_dagrun for example_dynamic_task_mapping_with_no_taskflow_operators to 2025-08-12T03:29:48.346796+00:00, run_after=2025-08-13T03:29:48.346796+00:00
[2025-08-13T03:29:48.362+0000] {processor.py:179} INFO - Processing /workspaces/hands-on-introduction-data-engineering-4395021/airflow_env/lib/python3.10/site-packages/airflow/example_dags/example_dynamic_task_mapping_with_no_taskflow_operators.py took 0.050 seconds
[2025-08-13T03:30:32.559+0000] {processor.py:157} INFO - Started process (PID=7520) to work on /workspaces/hands-on-introduction-data-engineering-4395021/airflow_env/lib/python3.10/site-packages/airflow/example_dags/example_dynamic_task_mapping_with_no_taskflow_operators.py
[2025-08-13T03:30:32.559+0000] {processor.py:826} INFO - Processing file /workspaces/hands-on-introduction-data-engineering-4395021/airflow_env/lib/python3.10/site-packages/airflow/example_dags/example_dynamic_task_mapping_with_no_taskflow_operators.py for tasks to queue
[2025-08-13T03:30:32.560+0000] {logging_mixin.py:150} INFO - [2025-08-13T03:30:32.560+0000] {dagbag.py:541} INFO - Filling up the DagBag from /workspaces/hands-on-introduction-data-engineering-4395021/airflow_env/lib/python3.10/site-packages/airflow/example_dags/example_dynamic_task_mapping_with_no_taskflow_operators.py
[2025-08-13T03:30:32.565+0000] {processor.py:836} INFO - DAG(s) dict_keys(['example_dynamic_task_mapping_with_no_taskflow_operators']) retrieved from /workspaces/hands-on-introduction-data-engineering-4395021/airflow_env/lib/python3.10/site-packages/airflow/example_dags/example_dynamic_task_mapping_with_no_taskflow_operators.py
[2025-08-13T03:30:32.575+0000] {logging_mixin.py:150} INFO - [2025-08-13T03:30:32.575+0000] {dag.py:2742} INFO - Sync 1 DAGs
[2025-08-13T03:30:32.589+0000] {logging_mixin.py:150} INFO - [2025-08-13T03:30:32.589+0000] {dag.py:3504} INFO - Setting next_dagrun for example_dynamic_task_mapping_with_no_taskflow_operators to 2025-08-12T03:30:32.589449+00:00, run_after=2025-08-13T03:30:32.589449+00:00
[2025-08-13T03:30:32.604+0000] {processor.py:179} INFO - Processing /workspaces/hands-on-introduction-data-engineering-4395021/airflow_env/lib/python3.10/site-packages/airflow/example_dags/example_dynamic_task_mapping_with_no_taskflow_operators.py took 0.048 seconds
[2025-08-13T03:31:13.678+0000] {processor.py:157} INFO - Started process (PID=7797) to work on /workspaces/hands-on-introduction-data-engineering-4395021/airflow_env/lib/python3.10/site-packages/airflow/example_dags/example_dynamic_task_mapping_with_no_taskflow_operators.py
[2025-08-13T03:31:13.679+0000] {processor.py:826} INFO - Processing file /workspaces/hands-on-introduction-data-engineering-4395021/airflow_env/lib/python3.10/site-packages/airflow/example_dags/example_dynamic_task_mapping_with_no_taskflow_operators.py for tasks to queue
[2025-08-13T03:31:13.679+0000] {logging_mixin.py:150} INFO - [2025-08-13T03:31:13.679+0000] {dagbag.py:541} INFO - Filling up the DagBag from /workspaces/hands-on-introduction-data-engineering-4395021/airflow_env/lib/python3.10/site-packages/airflow/example_dags/example_dynamic_task_mapping_with_no_taskflow_operators.py
[2025-08-13T03:31:13.684+0000] {processor.py:836} INFO - DAG(s) dict_keys(['example_dynamic_task_mapping_with_no_taskflow_operators']) retrieved from /workspaces/hands-on-introduction-data-engineering-4395021/airflow_env/lib/python3.10/site-packages/airflow/example_dags/example_dynamic_task_mapping_with_no_taskflow_operators.py
[2025-08-13T03:31:13.695+0000] {logging_mixin.py:150} INFO - [2025-08-13T03:31:13.695+0000] {dag.py:2742} INFO - Sync 1 DAGs
[2025-08-13T03:31:13.709+0000] {logging_mixin.py:150} INFO - [2025-08-13T03:31:13.709+0000] {dag.py:3504} INFO - Setting next_dagrun for example_dynamic_task_mapping_with_no_taskflow_operators to 2025-08-12T03:31:13.709275+00:00, run_after=2025-08-13T03:31:13.709275+00:00
[2025-08-13T03:31:13.726+0000] {processor.py:179} INFO - Processing /workspaces/hands-on-introduction-data-engineering-4395021/airflow_env/lib/python3.10/site-packages/airflow/example_dags/example_dynamic_task_mapping_with_no_taskflow_operators.py took 0.050 seconds
[2025-08-13T03:31:58.964+0000] {processor.py:157} INFO - Started process (PID=8099) to work on /workspaces/hands-on-introduction-data-engineering-4395021/airflow_env/lib/python3.10/site-packages/airflow/example_dags/example_dynamic_task_mapping_with_no_taskflow_operators.py
[2025-08-13T03:31:58.964+0000] {processor.py:826} INFO - Processing file /workspaces/hands-on-introduction-data-engineering-4395021/airflow_env/lib/python3.10/site-packages/airflow/example_dags/example_dynamic_task_mapping_with_no_taskflow_operators.py for tasks to queue
[2025-08-13T03:31:58.965+0000] {logging_mixin.py:150} INFO - [2025-08-13T03:31:58.965+0000] {dagbag.py:541} INFO - Filling up the DagBag from /workspaces/hands-on-introduction-data-engineering-4395021/airflow_env/lib/python3.10/site-packages/airflow/example_dags/example_dynamic_task_mapping_with_no_taskflow_operators.py
[2025-08-13T03:31:58.971+0000] {processor.py:836} INFO - DAG(s) dict_keys(['example_dynamic_task_mapping_with_no_taskflow_operators']) retrieved from /workspaces/hands-on-introduction-data-engineering-4395021/airflow_env/lib/python3.10/site-packages/airflow/example_dags/example_dynamic_task_mapping_with_no_taskflow_operators.py
[2025-08-13T03:31:58.983+0000] {logging_mixin.py:150} INFO - [2025-08-13T03:31:58.983+0000] {dag.py:2742} INFO - Sync 1 DAGs
[2025-08-13T03:31:58.997+0000] {logging_mixin.py:150} INFO - [2025-08-13T03:31:58.997+0000] {dag.py:3504} INFO - Setting next_dagrun for example_dynamic_task_mapping_with_no_taskflow_operators to 2025-08-12T03:31:58.997187+00:00, run_after=2025-08-13T03:31:58.997187+00:00
[2025-08-13T03:31:59.013+0000] {processor.py:179} INFO - Processing /workspaces/hands-on-introduction-data-engineering-4395021/airflow_env/lib/python3.10/site-packages/airflow/example_dags/example_dynamic_task_mapping_with_no_taskflow_operators.py took 0.051 seconds
[2025-08-13T03:32:47.479+0000] {processor.py:157} INFO - Started process (PID=8418) to work on /workspaces/hands-on-introduction-data-engineering-4395021/airflow_env/lib/python3.10/site-packages/airflow/example_dags/example_dynamic_task_mapping_with_no_taskflow_operators.py
[2025-08-13T03:32:47.480+0000] {processor.py:826} INFO - Processing file /workspaces/hands-on-introduction-data-engineering-4395021/airflow_env/lib/python3.10/site-packages/airflow/example_dags/example_dynamic_task_mapping_with_no_taskflow_operators.py for tasks to queue
[2025-08-13T03:32:47.481+0000] {logging_mixin.py:150} INFO - [2025-08-13T03:32:47.480+0000] {dagbag.py:541} INFO - Filling up the DagBag from /workspaces/hands-on-introduction-data-engineering-4395021/airflow_env/lib/python3.10/site-packages/airflow/example_dags/example_dynamic_task_mapping_with_no_taskflow_operators.py
[2025-08-13T03:32:47.488+0000] {processor.py:836} INFO - DAG(s) dict_keys(['example_dynamic_task_mapping_with_no_taskflow_operators']) retrieved from /workspaces/hands-on-introduction-data-engineering-4395021/airflow_env/lib/python3.10/site-packages/airflow/example_dags/example_dynamic_task_mapping_with_no_taskflow_operators.py
[2025-08-13T03:32:47.501+0000] {logging_mixin.py:150} INFO - [2025-08-13T03:32:47.501+0000] {dag.py:2742} INFO - Sync 1 DAGs
[2025-08-13T03:32:47.515+0000] {logging_mixin.py:150} INFO - [2025-08-13T03:32:47.515+0000] {dag.py:3504} INFO - Setting next_dagrun for example_dynamic_task_mapping_with_no_taskflow_operators to 2025-08-12T03:32:47.515568+00:00, run_after=2025-08-13T03:32:47.515568+00:00
[2025-08-13T03:32:47.530+0000] {processor.py:179} INFO - Processing /workspaces/hands-on-introduction-data-engineering-4395021/airflow_env/lib/python3.10/site-packages/airflow/example_dags/example_dynamic_task_mapping_with_no_taskflow_operators.py took 0.053 seconds
[2025-08-13T03:33:29.133+0000] {processor.py:157} INFO - Started process (PID=8702) to work on /workspaces/hands-on-introduction-data-engineering-4395021/airflow_env/lib/python3.10/site-packages/airflow/example_dags/example_dynamic_task_mapping_with_no_taskflow_operators.py
[2025-08-13T03:33:29.134+0000] {processor.py:826} INFO - Processing file /workspaces/hands-on-introduction-data-engineering-4395021/airflow_env/lib/python3.10/site-packages/airflow/example_dags/example_dynamic_task_mapping_with_no_taskflow_operators.py for tasks to queue
[2025-08-13T03:33:29.134+0000] {logging_mixin.py:150} INFO - [2025-08-13T03:33:29.134+0000] {dagbag.py:541} INFO - Filling up the DagBag from /workspaces/hands-on-introduction-data-engineering-4395021/airflow_env/lib/python3.10/site-packages/airflow/example_dags/example_dynamic_task_mapping_with_no_taskflow_operators.py
[2025-08-13T03:33:29.139+0000] {processor.py:836} INFO - DAG(s) dict_keys(['example_dynamic_task_mapping_with_no_taskflow_operators']) retrieved from /workspaces/hands-on-introduction-data-engineering-4395021/airflow_env/lib/python3.10/site-packages/airflow/example_dags/example_dynamic_task_mapping_with_no_taskflow_operators.py
[2025-08-13T03:33:29.149+0000] {logging_mixin.py:150} INFO - [2025-08-13T03:33:29.149+0000] {dag.py:2742} INFO - Sync 1 DAGs
[2025-08-13T03:33:29.163+0000] {logging_mixin.py:150} INFO - [2025-08-13T03:33:29.163+0000] {dag.py:3504} INFO - Setting next_dagrun for example_dynamic_task_mapping_with_no_taskflow_operators to 2025-08-12T03:33:29.163528+00:00, run_after=2025-08-13T03:33:29.163528+00:00
[2025-08-13T03:33:29.178+0000] {processor.py:179} INFO - Processing /workspaces/hands-on-introduction-data-engineering-4395021/airflow_env/lib/python3.10/site-packages/airflow/example_dags/example_dynamic_task_mapping_with_no_taskflow_operators.py took 0.047 seconds
[2025-08-13T03:34:13.078+0000] {processor.py:157} INFO - Started process (PID=8988) to work on /workspaces/hands-on-introduction-data-engineering-4395021/airflow_env/lib/python3.10/site-packages/airflow/example_dags/example_dynamic_task_mapping_with_no_taskflow_operators.py
[2025-08-13T03:34:13.079+0000] {processor.py:826} INFO - Processing file /workspaces/hands-on-introduction-data-engineering-4395021/airflow_env/lib/python3.10/site-packages/airflow/example_dags/example_dynamic_task_mapping_with_no_taskflow_operators.py for tasks to queue
[2025-08-13T03:34:13.079+0000] {logging_mixin.py:150} INFO - [2025-08-13T03:34:13.079+0000] {dagbag.py:541} INFO - Filling up the DagBag from /workspaces/hands-on-introduction-data-engineering-4395021/airflow_env/lib/python3.10/site-packages/airflow/example_dags/example_dynamic_task_mapping_with_no_taskflow_operators.py
[2025-08-13T03:34:13.085+0000] {processor.py:836} INFO - DAG(s) dict_keys(['example_dynamic_task_mapping_with_no_taskflow_operators']) retrieved from /workspaces/hands-on-introduction-data-engineering-4395021/airflow_env/lib/python3.10/site-packages/airflow/example_dags/example_dynamic_task_mapping_with_no_taskflow_operators.py
[2025-08-13T03:34:13.095+0000] {logging_mixin.py:150} INFO - [2025-08-13T03:34:13.095+0000] {dag.py:2742} INFO - Sync 1 DAGs
[2025-08-13T03:34:13.110+0000] {logging_mixin.py:150} INFO - [2025-08-13T03:34:13.110+0000] {dag.py:3504} INFO - Setting next_dagrun for example_dynamic_task_mapping_with_no_taskflow_operators to 2025-08-12T03:34:13.109877+00:00, run_after=2025-08-13T03:34:13.109877+00:00
[2025-08-13T03:34:13.124+0000] {processor.py:179} INFO - Processing /workspaces/hands-on-introduction-data-engineering-4395021/airflow_env/lib/python3.10/site-packages/airflow/example_dags/example_dynamic_task_mapping_with_no_taskflow_operators.py took 0.048 seconds
[2025-08-13T03:34:56.478+0000] {processor.py:157} INFO - Started process (PID=9342) to work on /workspaces/hands-on-introduction-data-engineering-4395021/airflow_env/lib/python3.10/site-packages/airflow/example_dags/example_dynamic_task_mapping_with_no_taskflow_operators.py
[2025-08-13T03:34:56.479+0000] {processor.py:826} INFO - Processing file /workspaces/hands-on-introduction-data-engineering-4395021/airflow_env/lib/python3.10/site-packages/airflow/example_dags/example_dynamic_task_mapping_with_no_taskflow_operators.py for tasks to queue
[2025-08-13T03:34:56.480+0000] {logging_mixin.py:150} INFO - [2025-08-13T03:34:56.479+0000] {dagbag.py:541} INFO - Filling up the DagBag from /workspaces/hands-on-introduction-data-engineering-4395021/airflow_env/lib/python3.10/site-packages/airflow/example_dags/example_dynamic_task_mapping_with_no_taskflow_operators.py
[2025-08-13T03:34:56.485+0000] {processor.py:836} INFO - DAG(s) dict_keys(['example_dynamic_task_mapping_with_no_taskflow_operators']) retrieved from /workspaces/hands-on-introduction-data-engineering-4395021/airflow_env/lib/python3.10/site-packages/airflow/example_dags/example_dynamic_task_mapping_with_no_taskflow_operators.py
[2025-08-13T03:34:56.495+0000] {logging_mixin.py:150} INFO - [2025-08-13T03:34:56.495+0000] {dag.py:2742} INFO - Sync 1 DAGs
[2025-08-13T03:34:56.509+0000] {logging_mixin.py:150} INFO - [2025-08-13T03:34:56.509+0000] {dag.py:3504} INFO - Setting next_dagrun for example_dynamic_task_mapping_with_no_taskflow_operators to 2025-08-12T03:34:56.509168+00:00, run_after=2025-08-13T03:34:56.509168+00:00
[2025-08-13T03:34:56.525+0000] {processor.py:179} INFO - Processing /workspaces/hands-on-introduction-data-engineering-4395021/airflow_env/lib/python3.10/site-packages/airflow/example_dags/example_dynamic_task_mapping_with_no_taskflow_operators.py took 0.050 seconds
[2025-08-13T03:35:40.994+0000] {processor.py:157} INFO - Started process (PID=9679) to work on /workspaces/hands-on-introduction-data-engineering-4395021/airflow_env/lib/python3.10/site-packages/airflow/example_dags/example_dynamic_task_mapping_with_no_taskflow_operators.py
[2025-08-13T03:35:40.995+0000] {processor.py:826} INFO - Processing file /workspaces/hands-on-introduction-data-engineering-4395021/airflow_env/lib/python3.10/site-packages/airflow/example_dags/example_dynamic_task_mapping_with_no_taskflow_operators.py for tasks to queue
[2025-08-13T03:35:40.995+0000] {logging_mixin.py:150} INFO - [2025-08-13T03:35:40.995+0000] {dagbag.py:541} INFO - Filling up the DagBag from /workspaces/hands-on-introduction-data-engineering-4395021/airflow_env/lib/python3.10/site-packages/airflow/example_dags/example_dynamic_task_mapping_with_no_taskflow_operators.py
[2025-08-13T03:35:41.001+0000] {processor.py:836} INFO - DAG(s) dict_keys(['example_dynamic_task_mapping_with_no_taskflow_operators']) retrieved from /workspaces/hands-on-introduction-data-engineering-4395021/airflow_env/lib/python3.10/site-packages/airflow/example_dags/example_dynamic_task_mapping_with_no_taskflow_operators.py
[2025-08-13T03:35:41.011+0000] {logging_mixin.py:150} INFO - [2025-08-13T03:35:41.011+0000] {dag.py:2742} INFO - Sync 1 DAGs
[2025-08-13T03:35:41.025+0000] {logging_mixin.py:150} INFO - [2025-08-13T03:35:41.025+0000] {dag.py:3504} INFO - Setting next_dagrun for example_dynamic_task_mapping_with_no_taskflow_operators to 2025-08-12T03:35:41.025554+00:00, run_after=2025-08-13T03:35:41.025554+00:00
[2025-08-13T03:35:41.040+0000] {processor.py:179} INFO - Processing /workspaces/hands-on-introduction-data-engineering-4395021/airflow_env/lib/python3.10/site-packages/airflow/example_dags/example_dynamic_task_mapping_with_no_taskflow_operators.py took 0.048 seconds
[2025-08-13T03:36:26.407+0000] {processor.py:157} INFO - Started process (PID=10137) to work on /workspaces/hands-on-introduction-data-engineering-4395021/airflow_env/lib/python3.10/site-packages/airflow/example_dags/example_dynamic_task_mapping_with_no_taskflow_operators.py
[2025-08-13T03:36:26.408+0000] {processor.py:826} INFO - Processing file /workspaces/hands-on-introduction-data-engineering-4395021/airflow_env/lib/python3.10/site-packages/airflow/example_dags/example_dynamic_task_mapping_with_no_taskflow_operators.py for tasks to queue
[2025-08-13T03:36:26.408+0000] {logging_mixin.py:150} INFO - [2025-08-13T03:36:26.408+0000] {dagbag.py:541} INFO - Filling up the DagBag from /workspaces/hands-on-introduction-data-engineering-4395021/airflow_env/lib/python3.10/site-packages/airflow/example_dags/example_dynamic_task_mapping_with_no_taskflow_operators.py
[2025-08-13T03:36:26.413+0000] {processor.py:836} INFO - DAG(s) dict_keys(['example_dynamic_task_mapping_with_no_taskflow_operators']) retrieved from /workspaces/hands-on-introduction-data-engineering-4395021/airflow_env/lib/python3.10/site-packages/airflow/example_dags/example_dynamic_task_mapping_with_no_taskflow_operators.py
[2025-08-13T03:36:26.424+0000] {logging_mixin.py:150} INFO - [2025-08-13T03:36:26.424+0000] {dag.py:2742} INFO - Sync 1 DAGs
[2025-08-13T03:36:26.439+0000] {logging_mixin.py:150} INFO - [2025-08-13T03:36:26.439+0000] {dag.py:3504} INFO - Setting next_dagrun for example_dynamic_task_mapping_with_no_taskflow_operators to 2025-08-12T03:36:26.439218+00:00, run_after=2025-08-13T03:36:26.439218+00:00
[2025-08-13T03:36:26.457+0000] {processor.py:179} INFO - Processing /workspaces/hands-on-introduction-data-engineering-4395021/airflow_env/lib/python3.10/site-packages/airflow/example_dags/example_dynamic_task_mapping_with_no_taskflow_operators.py took 0.052 seconds
[2025-08-13T03:37:08.285+0000] {processor.py:157} INFO - Started process (PID=10415) to work on /workspaces/hands-on-introduction-data-engineering-4395021/airflow_env/lib/python3.10/site-packages/airflow/example_dags/example_dynamic_task_mapping_with_no_taskflow_operators.py
[2025-08-13T03:37:08.285+0000] {processor.py:826} INFO - Processing file /workspaces/hands-on-introduction-data-engineering-4395021/airflow_env/lib/python3.10/site-packages/airflow/example_dags/example_dynamic_task_mapping_with_no_taskflow_operators.py for tasks to queue
[2025-08-13T03:37:08.286+0000] {logging_mixin.py:150} INFO - [2025-08-13T03:37:08.286+0000] {dagbag.py:541} INFO - Filling up the DagBag from /workspaces/hands-on-introduction-data-engineering-4395021/airflow_env/lib/python3.10/site-packages/airflow/example_dags/example_dynamic_task_mapping_with_no_taskflow_operators.py
[2025-08-13T03:37:08.291+0000] {processor.py:836} INFO - DAG(s) dict_keys(['example_dynamic_task_mapping_with_no_taskflow_operators']) retrieved from /workspaces/hands-on-introduction-data-engineering-4395021/airflow_env/lib/python3.10/site-packages/airflow/example_dags/example_dynamic_task_mapping_with_no_taskflow_operators.py
[2025-08-13T03:37:08.301+0000] {logging_mixin.py:150} INFO - [2025-08-13T03:37:08.301+0000] {dag.py:2742} INFO - Sync 1 DAGs
[2025-08-13T03:37:08.316+0000] {logging_mixin.py:150} INFO - [2025-08-13T03:37:08.315+0000] {dag.py:3504} INFO - Setting next_dagrun for example_dynamic_task_mapping_with_no_taskflow_operators to 2025-08-12T03:37:08.315747+00:00, run_after=2025-08-13T03:37:08.315747+00:00
[2025-08-13T03:37:08.331+0000] {processor.py:179} INFO - Processing /workspaces/hands-on-introduction-data-engineering-4395021/airflow_env/lib/python3.10/site-packages/airflow/example_dags/example_dynamic_task_mapping_with_no_taskflow_operators.py took 0.049 seconds
[2025-08-13T03:37:51.433+0000] {processor.py:157} INFO - Started process (PID=10872) to work on /workspaces/hands-on-introduction-data-engineering-4395021/airflow_env/lib/python3.10/site-packages/airflow/example_dags/example_dynamic_task_mapping_with_no_taskflow_operators.py
[2025-08-13T03:37:51.433+0000] {processor.py:826} INFO - Processing file /workspaces/hands-on-introduction-data-engineering-4395021/airflow_env/lib/python3.10/site-packages/airflow/example_dags/example_dynamic_task_mapping_with_no_taskflow_operators.py for tasks to queue
[2025-08-13T03:37:51.434+0000] {logging_mixin.py:150} INFO - [2025-08-13T03:37:51.434+0000] {dagbag.py:541} INFO - Filling up the DagBag from /workspaces/hands-on-introduction-data-engineering-4395021/airflow_env/lib/python3.10/site-packages/airflow/example_dags/example_dynamic_task_mapping_with_no_taskflow_operators.py
[2025-08-13T03:37:51.439+0000] {processor.py:836} INFO - DAG(s) dict_keys(['example_dynamic_task_mapping_with_no_taskflow_operators']) retrieved from /workspaces/hands-on-introduction-data-engineering-4395021/airflow_env/lib/python3.10/site-packages/airflow/example_dags/example_dynamic_task_mapping_with_no_taskflow_operators.py
[2025-08-13T03:37:51.451+0000] {logging_mixin.py:150} INFO - [2025-08-13T03:37:51.451+0000] {dag.py:2742} INFO - Sync 1 DAGs
[2025-08-13T03:37:51.466+0000] {logging_mixin.py:150} INFO - [2025-08-13T03:37:51.466+0000] {dag.py:3504} INFO - Setting next_dagrun for example_dynamic_task_mapping_with_no_taskflow_operators to 2025-08-12T03:37:51.465916+00:00, run_after=2025-08-13T03:37:51.465916+00:00
[2025-08-13T03:37:51.481+0000] {processor.py:179} INFO - Processing /workspaces/hands-on-introduction-data-engineering-4395021/airflow_env/lib/python3.10/site-packages/airflow/example_dags/example_dynamic_task_mapping_with_no_taskflow_operators.py took 0.050 seconds
[2025-08-13T03:38:37.675+0000] {processor.py:157} INFO - Started process (PID=11332) to work on /workspaces/hands-on-introduction-data-engineering-4395021/airflow_env/lib/python3.10/site-packages/airflow/example_dags/example_dynamic_task_mapping_with_no_taskflow_operators.py
[2025-08-13T03:38:37.675+0000] {processor.py:826} INFO - Processing file /workspaces/hands-on-introduction-data-engineering-4395021/airflow_env/lib/python3.10/site-packages/airflow/example_dags/example_dynamic_task_mapping_with_no_taskflow_operators.py for tasks to queue
[2025-08-13T03:38:37.676+0000] {logging_mixin.py:150} INFO - [2025-08-13T03:38:37.676+0000] {dagbag.py:541} INFO - Filling up the DagBag from /workspaces/hands-on-introduction-data-engineering-4395021/airflow_env/lib/python3.10/site-packages/airflow/example_dags/example_dynamic_task_mapping_with_no_taskflow_operators.py
[2025-08-13T03:38:37.682+0000] {processor.py:836} INFO - DAG(s) dict_keys(['example_dynamic_task_mapping_with_no_taskflow_operators']) retrieved from /workspaces/hands-on-introduction-data-engineering-4395021/airflow_env/lib/python3.10/site-packages/airflow/example_dags/example_dynamic_task_mapping_with_no_taskflow_operators.py
[2025-08-13T03:38:37.693+0000] {logging_mixin.py:150} INFO - [2025-08-13T03:38:37.693+0000] {dag.py:2742} INFO - Sync 1 DAGs
[2025-08-13T03:38:37.707+0000] {logging_mixin.py:150} INFO - [2025-08-13T03:38:37.707+0000] {dag.py:3504} INFO - Setting next_dagrun for example_dynamic_task_mapping_with_no_taskflow_operators to 2025-08-12T03:38:37.707526+00:00, run_after=2025-08-13T03:38:37.707526+00:00
[2025-08-13T03:38:37.723+0000] {processor.py:179} INFO - Processing /workspaces/hands-on-introduction-data-engineering-4395021/airflow_env/lib/python3.10/site-packages/airflow/example_dags/example_dynamic_task_mapping_with_no_taskflow_operators.py took 0.050 seconds
[2025-08-13T10:25:59.266+0000] {processor.py:157} INFO - Started process (PID=2424) to work on /workspaces/hands-on-introduction-data-engineering-4395021/airflow_env/lib/python3.10/site-packages/airflow/example_dags/example_dynamic_task_mapping_with_no_taskflow_operators.py
[2025-08-13T10:25:59.268+0000] {processor.py:826} INFO - Processing file /workspaces/hands-on-introduction-data-engineering-4395021/airflow_env/lib/python3.10/site-packages/airflow/example_dags/example_dynamic_task_mapping_with_no_taskflow_operators.py for tasks to queue
[2025-08-13T10:25:59.268+0000] {logging_mixin.py:150} INFO - [2025-08-13T10:25:59.268+0000] {dagbag.py:541} INFO - Filling up the DagBag from /workspaces/hands-on-introduction-data-engineering-4395021/airflow_env/lib/python3.10/site-packages/airflow/example_dags/example_dynamic_task_mapping_with_no_taskflow_operators.py
[2025-08-13T10:25:59.274+0000] {processor.py:836} INFO - DAG(s) dict_keys(['example_dynamic_task_mapping_with_no_taskflow_operators']) retrieved from /workspaces/hands-on-introduction-data-engineering-4395021/airflow_env/lib/python3.10/site-packages/airflow/example_dags/example_dynamic_task_mapping_with_no_taskflow_operators.py
[2025-08-13T10:25:59.285+0000] {logging_mixin.py:150} INFO - [2025-08-13T10:25:59.285+0000] {dag.py:2742} INFO - Sync 1 DAGs
[2025-08-13T10:25:59.302+0000] {logging_mixin.py:150} INFO - [2025-08-13T10:25:59.302+0000] {dag.py:3504} INFO - Setting next_dagrun for example_dynamic_task_mapping_with_no_taskflow_operators to 2025-08-12T10:25:59.302421+00:00, run_after=2025-08-13T10:25:59.302421+00:00
[2025-08-13T10:25:59.324+0000] {processor.py:179} INFO - Processing /workspaces/hands-on-introduction-data-engineering-4395021/airflow_env/lib/python3.10/site-packages/airflow/example_dags/example_dynamic_task_mapping_with_no_taskflow_operators.py took 0.060 seconds
[2025-08-13T10:26:45.660+0000] {processor.py:157} INFO - Started process (PID=2801) to work on /workspaces/hands-on-introduction-data-engineering-4395021/airflow_env/lib/python3.10/site-packages/airflow/example_dags/example_dynamic_task_mapping_with_no_taskflow_operators.py
[2025-08-13T10:26:45.661+0000] {processor.py:826} INFO - Processing file /workspaces/hands-on-introduction-data-engineering-4395021/airflow_env/lib/python3.10/site-packages/airflow/example_dags/example_dynamic_task_mapping_with_no_taskflow_operators.py for tasks to queue
[2025-08-13T10:26:45.662+0000] {logging_mixin.py:150} INFO - [2025-08-13T10:26:45.661+0000] {dagbag.py:541} INFO - Filling up the DagBag from /workspaces/hands-on-introduction-data-engineering-4395021/airflow_env/lib/python3.10/site-packages/airflow/example_dags/example_dynamic_task_mapping_with_no_taskflow_operators.py
[2025-08-13T10:26:45.667+0000] {processor.py:836} INFO - DAG(s) dict_keys(['example_dynamic_task_mapping_with_no_taskflow_operators']) retrieved from /workspaces/hands-on-introduction-data-engineering-4395021/airflow_env/lib/python3.10/site-packages/airflow/example_dags/example_dynamic_task_mapping_with_no_taskflow_operators.py
[2025-08-13T10:26:45.678+0000] {logging_mixin.py:150} INFO - [2025-08-13T10:26:45.678+0000] {dag.py:2742} INFO - Sync 1 DAGs
[2025-08-13T10:26:45.694+0000] {logging_mixin.py:150} INFO - [2025-08-13T10:26:45.694+0000] {dag.py:3504} INFO - Setting next_dagrun for example_dynamic_task_mapping_with_no_taskflow_operators to 2025-08-12T10:26:45.693785+00:00, run_after=2025-08-13T10:26:45.693785+00:00
[2025-08-13T10:26:45.710+0000] {processor.py:179} INFO - Processing /workspaces/hands-on-introduction-data-engineering-4395021/airflow_env/lib/python3.10/site-packages/airflow/example_dags/example_dynamic_task_mapping_with_no_taskflow_operators.py took 0.052 seconds
[2025-08-13T10:27:28.790+0000] {processor.py:157} INFO - Started process (PID=3087) to work on /workspaces/hands-on-introduction-data-engineering-4395021/airflow_env/lib/python3.10/site-packages/airflow/example_dags/example_dynamic_task_mapping_with_no_taskflow_operators.py
[2025-08-13T10:27:28.791+0000] {processor.py:826} INFO - Processing file /workspaces/hands-on-introduction-data-engineering-4395021/airflow_env/lib/python3.10/site-packages/airflow/example_dags/example_dynamic_task_mapping_with_no_taskflow_operators.py for tasks to queue
[2025-08-13T10:27:28.792+0000] {logging_mixin.py:150} INFO - [2025-08-13T10:27:28.791+0000] {dagbag.py:541} INFO - Filling up the DagBag from /workspaces/hands-on-introduction-data-engineering-4395021/airflow_env/lib/python3.10/site-packages/airflow/example_dags/example_dynamic_task_mapping_with_no_taskflow_operators.py
[2025-08-13T10:27:28.797+0000] {processor.py:836} INFO - DAG(s) dict_keys(['example_dynamic_task_mapping_with_no_taskflow_operators']) retrieved from /workspaces/hands-on-introduction-data-engineering-4395021/airflow_env/lib/python3.10/site-packages/airflow/example_dags/example_dynamic_task_mapping_with_no_taskflow_operators.py
[2025-08-13T10:27:28.807+0000] {logging_mixin.py:150} INFO - [2025-08-13T10:27:28.807+0000] {dag.py:2742} INFO - Sync 1 DAGs
[2025-08-13T10:27:28.821+0000] {logging_mixin.py:150} INFO - [2025-08-13T10:27:28.821+0000] {dag.py:3504} INFO - Setting next_dagrun for example_dynamic_task_mapping_with_no_taskflow_operators to 2025-08-12T10:27:28.820897+00:00, run_after=2025-08-13T10:27:28.820897+00:00
[2025-08-13T10:27:28.835+0000] {processor.py:179} INFO - Processing /workspaces/hands-on-introduction-data-engineering-4395021/airflow_env/lib/python3.10/site-packages/airflow/example_dags/example_dynamic_task_mapping_with_no_taskflow_operators.py took 0.047 seconds
[2025-08-13T10:28:14.105+0000] {processor.py:157} INFO - Started process (PID=3528) to work on /workspaces/hands-on-introduction-data-engineering-4395021/airflow_env/lib/python3.10/site-packages/airflow/example_dags/example_dynamic_task_mapping_with_no_taskflow_operators.py
[2025-08-13T10:28:14.105+0000] {processor.py:826} INFO - Processing file /workspaces/hands-on-introduction-data-engineering-4395021/airflow_env/lib/python3.10/site-packages/airflow/example_dags/example_dynamic_task_mapping_with_no_taskflow_operators.py for tasks to queue
[2025-08-13T10:28:14.106+0000] {logging_mixin.py:150} INFO - [2025-08-13T10:28:14.106+0000] {dagbag.py:541} INFO - Filling up the DagBag from /workspaces/hands-on-introduction-data-engineering-4395021/airflow_env/lib/python3.10/site-packages/airflow/example_dags/example_dynamic_task_mapping_with_no_taskflow_operators.py
[2025-08-13T10:28:14.113+0000] {processor.py:836} INFO - DAG(s) dict_keys(['example_dynamic_task_mapping_with_no_taskflow_operators']) retrieved from /workspaces/hands-on-introduction-data-engineering-4395021/airflow_env/lib/python3.10/site-packages/airflow/example_dags/example_dynamic_task_mapping_with_no_taskflow_operators.py
[2025-08-13T10:28:14.128+0000] {logging_mixin.py:150} INFO - [2025-08-13T10:28:14.128+0000] {dag.py:2742} INFO - Sync 1 DAGs
[2025-08-13T10:28:14.148+0000] {logging_mixin.py:150} INFO - [2025-08-13T10:28:14.148+0000] {dag.py:3504} INFO - Setting next_dagrun for example_dynamic_task_mapping_with_no_taskflow_operators to 2025-08-12T10:28:14.148538+00:00, run_after=2025-08-13T10:28:14.148538+00:00
[2025-08-13T10:28:14.166+0000] {processor.py:179} INFO - Processing /workspaces/hands-on-introduction-data-engineering-4395021/airflow_env/lib/python3.10/site-packages/airflow/example_dags/example_dynamic_task_mapping_with_no_taskflow_operators.py took 0.064 seconds
[2025-08-13T10:28:59.191+0000] {processor.py:157} INFO - Started process (PID=3880) to work on /workspaces/hands-on-introduction-data-engineering-4395021/airflow_env/lib/python3.10/site-packages/airflow/example_dags/example_dynamic_task_mapping_with_no_taskflow_operators.py
[2025-08-13T10:28:59.192+0000] {processor.py:826} INFO - Processing file /workspaces/hands-on-introduction-data-engineering-4395021/airflow_env/lib/python3.10/site-packages/airflow/example_dags/example_dynamic_task_mapping_with_no_taskflow_operators.py for tasks to queue
[2025-08-13T10:28:59.193+0000] {logging_mixin.py:150} INFO - [2025-08-13T10:28:59.192+0000] {dagbag.py:541} INFO - Filling up the DagBag from /workspaces/hands-on-introduction-data-engineering-4395021/airflow_env/lib/python3.10/site-packages/airflow/example_dags/example_dynamic_task_mapping_with_no_taskflow_operators.py
[2025-08-13T10:28:59.199+0000] {processor.py:836} INFO - DAG(s) dict_keys(['example_dynamic_task_mapping_with_no_taskflow_operators']) retrieved from /workspaces/hands-on-introduction-data-engineering-4395021/airflow_env/lib/python3.10/site-packages/airflow/example_dags/example_dynamic_task_mapping_with_no_taskflow_operators.py
[2025-08-13T10:28:59.217+0000] {logging_mixin.py:150} INFO - [2025-08-13T10:28:59.217+0000] {dag.py:2742} INFO - Sync 1 DAGs
[2025-08-13T10:28:59.240+0000] {logging_mixin.py:150} INFO - [2025-08-13T10:28:59.239+0000] {dag.py:3504} INFO - Setting next_dagrun for example_dynamic_task_mapping_with_no_taskflow_operators to 2025-08-12T10:28:59.239619+00:00, run_after=2025-08-13T10:28:59.239619+00:00
[2025-08-13T10:28:59.259+0000] {processor.py:179} INFO - Processing /workspaces/hands-on-introduction-data-engineering-4395021/airflow_env/lib/python3.10/site-packages/airflow/example_dags/example_dynamic_task_mapping_with_no_taskflow_operators.py took 0.070 seconds
[2025-08-13T10:29:44.882+0000] {processor.py:157} INFO - Started process (PID=4242) to work on /workspaces/hands-on-introduction-data-engineering-4395021/airflow_env/lib/python3.10/site-packages/airflow/example_dags/example_dynamic_task_mapping_with_no_taskflow_operators.py
[2025-08-13T10:29:44.883+0000] {processor.py:826} INFO - Processing file /workspaces/hands-on-introduction-data-engineering-4395021/airflow_env/lib/python3.10/site-packages/airflow/example_dags/example_dynamic_task_mapping_with_no_taskflow_operators.py for tasks to queue
[2025-08-13T10:29:44.884+0000] {logging_mixin.py:150} INFO - [2025-08-13T10:29:44.883+0000] {dagbag.py:541} INFO - Filling up the DagBag from /workspaces/hands-on-introduction-data-engineering-4395021/airflow_env/lib/python3.10/site-packages/airflow/example_dags/example_dynamic_task_mapping_with_no_taskflow_operators.py
[2025-08-13T10:29:44.889+0000] {processor.py:836} INFO - DAG(s) dict_keys(['example_dynamic_task_mapping_with_no_taskflow_operators']) retrieved from /workspaces/hands-on-introduction-data-engineering-4395021/airflow_env/lib/python3.10/site-packages/airflow/example_dags/example_dynamic_task_mapping_with_no_taskflow_operators.py
[2025-08-13T10:29:44.899+0000] {logging_mixin.py:150} INFO - [2025-08-13T10:29:44.899+0000] {dag.py:2742} INFO - Sync 1 DAGs
[2025-08-13T10:29:44.914+0000] {logging_mixin.py:150} INFO - [2025-08-13T10:29:44.913+0000] {dag.py:3504} INFO - Setting next_dagrun for example_dynamic_task_mapping_with_no_taskflow_operators to 2025-08-12T10:29:44.913698+00:00, run_after=2025-08-13T10:29:44.913698+00:00
[2025-08-13T10:29:44.929+0000] {processor.py:179} INFO - Processing /workspaces/hands-on-introduction-data-engineering-4395021/airflow_env/lib/python3.10/site-packages/airflow/example_dags/example_dynamic_task_mapping_with_no_taskflow_operators.py took 0.050 seconds
[2025-08-13T10:30:29.545+0000] {processor.py:157} INFO - Started process (PID=4541) to work on /workspaces/hands-on-introduction-data-engineering-4395021/airflow_env/lib/python3.10/site-packages/airflow/example_dags/example_dynamic_task_mapping_with_no_taskflow_operators.py
[2025-08-13T10:30:29.545+0000] {processor.py:826} INFO - Processing file /workspaces/hands-on-introduction-data-engineering-4395021/airflow_env/lib/python3.10/site-packages/airflow/example_dags/example_dynamic_task_mapping_with_no_taskflow_operators.py for tasks to queue
[2025-08-13T10:30:29.546+0000] {logging_mixin.py:150} INFO - [2025-08-13T10:30:29.546+0000] {dagbag.py:541} INFO - Filling up the DagBag from /workspaces/hands-on-introduction-data-engineering-4395021/airflow_env/lib/python3.10/site-packages/airflow/example_dags/example_dynamic_task_mapping_with_no_taskflow_operators.py
[2025-08-13T10:30:29.551+0000] {processor.py:836} INFO - DAG(s) dict_keys(['example_dynamic_task_mapping_with_no_taskflow_operators']) retrieved from /workspaces/hands-on-introduction-data-engineering-4395021/airflow_env/lib/python3.10/site-packages/airflow/example_dags/example_dynamic_task_mapping_with_no_taskflow_operators.py
[2025-08-13T10:30:29.562+0000] {logging_mixin.py:150} INFO - [2025-08-13T10:30:29.561+0000] {dag.py:2742} INFO - Sync 1 DAGs
[2025-08-13T10:30:29.575+0000] {logging_mixin.py:150} INFO - [2025-08-13T10:30:29.575+0000] {dag.py:3504} INFO - Setting next_dagrun for example_dynamic_task_mapping_with_no_taskflow_operators to 2025-08-12T10:30:29.575641+00:00, run_after=2025-08-13T10:30:29.575641+00:00
[2025-08-13T10:30:29.590+0000] {processor.py:179} INFO - Processing /workspaces/hands-on-introduction-data-engineering-4395021/airflow_env/lib/python3.10/site-packages/airflow/example_dags/example_dynamic_task_mapping_with_no_taskflow_operators.py took 0.047 seconds
[2025-08-13T10:31:13.086+0000] {processor.py:157} INFO - Started process (PID=4857) to work on /workspaces/hands-on-introduction-data-engineering-4395021/airflow_env/lib/python3.10/site-packages/airflow/example_dags/example_dynamic_task_mapping_with_no_taskflow_operators.py
[2025-08-13T10:31:13.087+0000] {processor.py:826} INFO - Processing file /workspaces/hands-on-introduction-data-engineering-4395021/airflow_env/lib/python3.10/site-packages/airflow/example_dags/example_dynamic_task_mapping_with_no_taskflow_operators.py for tasks to queue
[2025-08-13T10:31:13.087+0000] {logging_mixin.py:150} INFO - [2025-08-13T10:31:13.087+0000] {dagbag.py:541} INFO - Filling up the DagBag from /workspaces/hands-on-introduction-data-engineering-4395021/airflow_env/lib/python3.10/site-packages/airflow/example_dags/example_dynamic_task_mapping_with_no_taskflow_operators.py
[2025-08-13T10:31:13.092+0000] {processor.py:836} INFO - DAG(s) dict_keys(['example_dynamic_task_mapping_with_no_taskflow_operators']) retrieved from /workspaces/hands-on-introduction-data-engineering-4395021/airflow_env/lib/python3.10/site-packages/airflow/example_dags/example_dynamic_task_mapping_with_no_taskflow_operators.py
[2025-08-13T10:31:13.103+0000] {logging_mixin.py:150} INFO - [2025-08-13T10:31:13.102+0000] {dag.py:2742} INFO - Sync 1 DAGs
[2025-08-13T10:31:13.117+0000] {logging_mixin.py:150} INFO - [2025-08-13T10:31:13.117+0000] {dag.py:3504} INFO - Setting next_dagrun for example_dynamic_task_mapping_with_no_taskflow_operators to 2025-08-12T10:31:13.117228+00:00, run_after=2025-08-13T10:31:13.117228+00:00
[2025-08-13T10:31:13.132+0000] {processor.py:179} INFO - Processing /workspaces/hands-on-introduction-data-engineering-4395021/airflow_env/lib/python3.10/site-packages/airflow/example_dags/example_dynamic_task_mapping_with_no_taskflow_operators.py took 0.048 seconds
[2025-08-13T10:31:57.304+0000] {processor.py:157} INFO - Started process (PID=5145) to work on /workspaces/hands-on-introduction-data-engineering-4395021/airflow_env/lib/python3.10/site-packages/airflow/example_dags/example_dynamic_task_mapping_with_no_taskflow_operators.py
[2025-08-13T10:31:57.305+0000] {processor.py:826} INFO - Processing file /workspaces/hands-on-introduction-data-engineering-4395021/airflow_env/lib/python3.10/site-packages/airflow/example_dags/example_dynamic_task_mapping_with_no_taskflow_operators.py for tasks to queue
[2025-08-13T10:31:57.306+0000] {logging_mixin.py:150} INFO - [2025-08-13T10:31:57.305+0000] {dagbag.py:541} INFO - Filling up the DagBag from /workspaces/hands-on-introduction-data-engineering-4395021/airflow_env/lib/python3.10/site-packages/airflow/example_dags/example_dynamic_task_mapping_with_no_taskflow_operators.py
[2025-08-13T10:31:57.313+0000] {processor.py:836} INFO - DAG(s) dict_keys(['example_dynamic_task_mapping_with_no_taskflow_operators']) retrieved from /workspaces/hands-on-introduction-data-engineering-4395021/airflow_env/lib/python3.10/site-packages/airflow/example_dags/example_dynamic_task_mapping_with_no_taskflow_operators.py
[2025-08-13T10:31:57.327+0000] {logging_mixin.py:150} INFO - [2025-08-13T10:31:57.326+0000] {dag.py:2742} INFO - Sync 1 DAGs
[2025-08-13T10:31:57.349+0000] {logging_mixin.py:150} INFO - [2025-08-13T10:31:57.349+0000] {dag.py:3504} INFO - Setting next_dagrun for example_dynamic_task_mapping_with_no_taskflow_operators to 2025-08-12T10:31:57.349171+00:00, run_after=2025-08-13T10:31:57.349171+00:00
[2025-08-13T10:31:57.369+0000] {processor.py:179} INFO - Processing /workspaces/hands-on-introduction-data-engineering-4395021/airflow_env/lib/python3.10/site-packages/airflow/example_dags/example_dynamic_task_mapping_with_no_taskflow_operators.py took 0.067 seconds
[2025-08-13T10:32:41.248+0000] {processor.py:157} INFO - Started process (PID=5437) to work on /workspaces/hands-on-introduction-data-engineering-4395021/airflow_env/lib/python3.10/site-packages/airflow/example_dags/example_dynamic_task_mapping_with_no_taskflow_operators.py
[2025-08-13T10:32:41.249+0000] {processor.py:826} INFO - Processing file /workspaces/hands-on-introduction-data-engineering-4395021/airflow_env/lib/python3.10/site-packages/airflow/example_dags/example_dynamic_task_mapping_with_no_taskflow_operators.py for tasks to queue
[2025-08-13T10:32:41.250+0000] {logging_mixin.py:150} INFO - [2025-08-13T10:32:41.250+0000] {dagbag.py:541} INFO - Filling up the DagBag from /workspaces/hands-on-introduction-data-engineering-4395021/airflow_env/lib/python3.10/site-packages/airflow/example_dags/example_dynamic_task_mapping_with_no_taskflow_operators.py
[2025-08-13T10:32:41.258+0000] {processor.py:836} INFO - DAG(s) dict_keys(['example_dynamic_task_mapping_with_no_taskflow_operators']) retrieved from /workspaces/hands-on-introduction-data-engineering-4395021/airflow_env/lib/python3.10/site-packages/airflow/example_dags/example_dynamic_task_mapping_with_no_taskflow_operators.py
[2025-08-13T10:32:41.269+0000] {logging_mixin.py:150} INFO - [2025-08-13T10:32:41.269+0000] {dag.py:2742} INFO - Sync 1 DAGs
[2025-08-13T10:32:41.289+0000] {logging_mixin.py:150} INFO - [2025-08-13T10:32:41.289+0000] {dag.py:3504} INFO - Setting next_dagrun for example_dynamic_task_mapping_with_no_taskflow_operators to 2025-08-12T10:32:41.289214+00:00, run_after=2025-08-13T10:32:41.289214+00:00
[2025-08-13T10:32:41.305+0000] {processor.py:179} INFO - Processing /workspaces/hands-on-introduction-data-engineering-4395021/airflow_env/lib/python3.10/site-packages/airflow/example_dags/example_dynamic_task_mapping_with_no_taskflow_operators.py took 0.059 seconds
[2025-08-13T10:33:26.368+0000] {processor.py:157} INFO - Started process (PID=5871) to work on /workspaces/hands-on-introduction-data-engineering-4395021/airflow_env/lib/python3.10/site-packages/airflow/example_dags/example_dynamic_task_mapping_with_no_taskflow_operators.py
[2025-08-13T10:33:26.369+0000] {processor.py:826} INFO - Processing file /workspaces/hands-on-introduction-data-engineering-4395021/airflow_env/lib/python3.10/site-packages/airflow/example_dags/example_dynamic_task_mapping_with_no_taskflow_operators.py for tasks to queue
[2025-08-13T10:33:26.370+0000] {logging_mixin.py:150} INFO - [2025-08-13T10:33:26.370+0000] {dagbag.py:541} INFO - Filling up the DagBag from /workspaces/hands-on-introduction-data-engineering-4395021/airflow_env/lib/python3.10/site-packages/airflow/example_dags/example_dynamic_task_mapping_with_no_taskflow_operators.py
[2025-08-13T10:33:26.375+0000] {processor.py:836} INFO - DAG(s) dict_keys(['example_dynamic_task_mapping_with_no_taskflow_operators']) retrieved from /workspaces/hands-on-introduction-data-engineering-4395021/airflow_env/lib/python3.10/site-packages/airflow/example_dags/example_dynamic_task_mapping_with_no_taskflow_operators.py
[2025-08-13T10:33:26.385+0000] {logging_mixin.py:150} INFO - [2025-08-13T10:33:26.385+0000] {dag.py:2742} INFO - Sync 1 DAGs
[2025-08-13T10:33:26.399+0000] {logging_mixin.py:150} INFO - [2025-08-13T10:33:26.399+0000] {dag.py:3504} INFO - Setting next_dagrun for example_dynamic_task_mapping_with_no_taskflow_operators to 2025-08-12T10:33:26.399626+00:00, run_after=2025-08-13T10:33:26.399626+00:00
[2025-08-13T10:33:26.418+0000] {processor.py:179} INFO - Processing /workspaces/hands-on-introduction-data-engineering-4395021/airflow_env/lib/python3.10/site-packages/airflow/example_dags/example_dynamic_task_mapping_with_no_taskflow_operators.py took 0.051 seconds
[2025-08-13T10:34:09.885+0000] {processor.py:157} INFO - Started process (PID=6206) to work on /workspaces/hands-on-introduction-data-engineering-4395021/airflow_env/lib/python3.10/site-packages/airflow/example_dags/example_dynamic_task_mapping_with_no_taskflow_operators.py
[2025-08-13T10:34:09.886+0000] {processor.py:826} INFO - Processing file /workspaces/hands-on-introduction-data-engineering-4395021/airflow_env/lib/python3.10/site-packages/airflow/example_dags/example_dynamic_task_mapping_with_no_taskflow_operators.py for tasks to queue
[2025-08-13T10:34:09.886+0000] {logging_mixin.py:150} INFO - [2025-08-13T10:34:09.886+0000] {dagbag.py:541} INFO - Filling up the DagBag from /workspaces/hands-on-introduction-data-engineering-4395021/airflow_env/lib/python3.10/site-packages/airflow/example_dags/example_dynamic_task_mapping_with_no_taskflow_operators.py
[2025-08-13T10:34:09.892+0000] {processor.py:836} INFO - DAG(s) dict_keys(['example_dynamic_task_mapping_with_no_taskflow_operators']) retrieved from /workspaces/hands-on-introduction-data-engineering-4395021/airflow_env/lib/python3.10/site-packages/airflow/example_dags/example_dynamic_task_mapping_with_no_taskflow_operators.py
[2025-08-13T10:34:09.902+0000] {logging_mixin.py:150} INFO - [2025-08-13T10:34:09.902+0000] {dag.py:2742} INFO - Sync 1 DAGs
[2025-08-13T10:34:09.921+0000] {logging_mixin.py:150} INFO - [2025-08-13T10:34:09.921+0000] {dag.py:3504} INFO - Setting next_dagrun for example_dynamic_task_mapping_with_no_taskflow_operators to 2025-08-12T10:34:09.921428+00:00, run_after=2025-08-13T10:34:09.921428+00:00
[2025-08-13T10:34:09.936+0000] {processor.py:179} INFO - Processing /workspaces/hands-on-introduction-data-engineering-4395021/airflow_env/lib/python3.10/site-packages/airflow/example_dags/example_dynamic_task_mapping_with_no_taskflow_operators.py took 0.053 seconds
[2025-08-13T10:34:54.894+0000] {processor.py:157} INFO - Started process (PID=6626) to work on /workspaces/hands-on-introduction-data-engineering-4395021/airflow_env/lib/python3.10/site-packages/airflow/example_dags/example_dynamic_task_mapping_with_no_taskflow_operators.py
[2025-08-13T10:34:54.895+0000] {processor.py:826} INFO - Processing file /workspaces/hands-on-introduction-data-engineering-4395021/airflow_env/lib/python3.10/site-packages/airflow/example_dags/example_dynamic_task_mapping_with_no_taskflow_operators.py for tasks to queue
[2025-08-13T10:34:54.895+0000] {logging_mixin.py:150} INFO - [2025-08-13T10:34:54.895+0000] {dagbag.py:541} INFO - Filling up the DagBag from /workspaces/hands-on-introduction-data-engineering-4395021/airflow_env/lib/python3.10/site-packages/airflow/example_dags/example_dynamic_task_mapping_with_no_taskflow_operators.py
[2025-08-13T10:34:54.901+0000] {processor.py:836} INFO - DAG(s) dict_keys(['example_dynamic_task_mapping_with_no_taskflow_operators']) retrieved from /workspaces/hands-on-introduction-data-engineering-4395021/airflow_env/lib/python3.10/site-packages/airflow/example_dags/example_dynamic_task_mapping_with_no_taskflow_operators.py
[2025-08-13T10:34:54.911+0000] {logging_mixin.py:150} INFO - [2025-08-13T10:34:54.911+0000] {dag.py:2742} INFO - Sync 1 DAGs
[2025-08-13T10:34:54.925+0000] {logging_mixin.py:150} INFO - [2025-08-13T10:34:54.925+0000] {dag.py:3504} INFO - Setting next_dagrun for example_dynamic_task_mapping_with_no_taskflow_operators to 2025-08-12T10:34:54.925316+00:00, run_after=2025-08-13T10:34:54.925316+00:00
[2025-08-13T10:34:54.941+0000] {processor.py:179} INFO - Processing /workspaces/hands-on-introduction-data-engineering-4395021/airflow_env/lib/python3.10/site-packages/airflow/example_dags/example_dynamic_task_mapping_with_no_taskflow_operators.py took 0.049 seconds
[2025-08-13T10:35:37.697+0000] {processor.py:157} INFO - Started process (PID=6906) to work on /workspaces/hands-on-introduction-data-engineering-4395021/airflow_env/lib/python3.10/site-packages/airflow/example_dags/example_dynamic_task_mapping_with_no_taskflow_operators.py
[2025-08-13T10:35:37.698+0000] {processor.py:826} INFO - Processing file /workspaces/hands-on-introduction-data-engineering-4395021/airflow_env/lib/python3.10/site-packages/airflow/example_dags/example_dynamic_task_mapping_with_no_taskflow_operators.py for tasks to queue
[2025-08-13T10:35:37.698+0000] {logging_mixin.py:150} INFO - [2025-08-13T10:35:37.698+0000] {dagbag.py:541} INFO - Filling up the DagBag from /workspaces/hands-on-introduction-data-engineering-4395021/airflow_env/lib/python3.10/site-packages/airflow/example_dags/example_dynamic_task_mapping_with_no_taskflow_operators.py
[2025-08-13T10:35:37.703+0000] {processor.py:836} INFO - DAG(s) dict_keys(['example_dynamic_task_mapping_with_no_taskflow_operators']) retrieved from /workspaces/hands-on-introduction-data-engineering-4395021/airflow_env/lib/python3.10/site-packages/airflow/example_dags/example_dynamic_task_mapping_with_no_taskflow_operators.py
[2025-08-13T10:35:37.713+0000] {logging_mixin.py:150} INFO - [2025-08-13T10:35:37.713+0000] {dag.py:2742} INFO - Sync 1 DAGs
[2025-08-13T10:35:37.727+0000] {logging_mixin.py:150} INFO - [2025-08-13T10:35:37.727+0000] {dag.py:3504} INFO - Setting next_dagrun for example_dynamic_task_mapping_with_no_taskflow_operators to 2025-08-12T10:35:37.727496+00:00, run_after=2025-08-13T10:35:37.727496+00:00
[2025-08-13T10:35:37.745+0000] {processor.py:179} INFO - Processing /workspaces/hands-on-introduction-data-engineering-4395021/airflow_env/lib/python3.10/site-packages/airflow/example_dags/example_dynamic_task_mapping_with_no_taskflow_operators.py took 0.050 seconds
[2025-08-13T10:36:19.493+0000] {processor.py:157} INFO - Started process (PID=7185) to work on /workspaces/hands-on-introduction-data-engineering-4395021/airflow_env/lib/python3.10/site-packages/airflow/example_dags/example_dynamic_task_mapping_with_no_taskflow_operators.py
[2025-08-13T10:36:19.494+0000] {processor.py:826} INFO - Processing file /workspaces/hands-on-introduction-data-engineering-4395021/airflow_env/lib/python3.10/site-packages/airflow/example_dags/example_dynamic_task_mapping_with_no_taskflow_operators.py for tasks to queue
[2025-08-13T10:36:19.495+0000] {logging_mixin.py:150} INFO - [2025-08-13T10:36:19.494+0000] {dagbag.py:541} INFO - Filling up the DagBag from /workspaces/hands-on-introduction-data-engineering-4395021/airflow_env/lib/python3.10/site-packages/airflow/example_dags/example_dynamic_task_mapping_with_no_taskflow_operators.py
[2025-08-13T10:36:19.500+0000] {processor.py:836} INFO - DAG(s) dict_keys(['example_dynamic_task_mapping_with_no_taskflow_operators']) retrieved from /workspaces/hands-on-introduction-data-engineering-4395021/airflow_env/lib/python3.10/site-packages/airflow/example_dags/example_dynamic_task_mapping_with_no_taskflow_operators.py
[2025-08-13T10:36:19.510+0000] {logging_mixin.py:150} INFO - [2025-08-13T10:36:19.510+0000] {dag.py:2742} INFO - Sync 1 DAGs
[2025-08-13T10:36:19.525+0000] {logging_mixin.py:150} INFO - [2025-08-13T10:36:19.525+0000] {dag.py:3504} INFO - Setting next_dagrun for example_dynamic_task_mapping_with_no_taskflow_operators to 2025-08-12T10:36:19.525080+00:00, run_after=2025-08-13T10:36:19.525080+00:00
[2025-08-13T10:36:19.540+0000] {processor.py:179} INFO - Processing /workspaces/hands-on-introduction-data-engineering-4395021/airflow_env/lib/python3.10/site-packages/airflow/example_dags/example_dynamic_task_mapping_with_no_taskflow_operators.py took 0.049 seconds
[2025-08-13T10:37:04.863+0000] {processor.py:157} INFO - Started process (PID=7492) to work on /workspaces/hands-on-introduction-data-engineering-4395021/airflow_env/lib/python3.10/site-packages/airflow/example_dags/example_dynamic_task_mapping_with_no_taskflow_operators.py
[2025-08-13T10:37:04.863+0000] {processor.py:826} INFO - Processing file /workspaces/hands-on-introduction-data-engineering-4395021/airflow_env/lib/python3.10/site-packages/airflow/example_dags/example_dynamic_task_mapping_with_no_taskflow_operators.py for tasks to queue
[2025-08-13T10:37:04.864+0000] {logging_mixin.py:150} INFO - [2025-08-13T10:37:04.864+0000] {dagbag.py:541} INFO - Filling up the DagBag from /workspaces/hands-on-introduction-data-engineering-4395021/airflow_env/lib/python3.10/site-packages/airflow/example_dags/example_dynamic_task_mapping_with_no_taskflow_operators.py
[2025-08-13T10:37:04.869+0000] {processor.py:836} INFO - DAG(s) dict_keys(['example_dynamic_task_mapping_with_no_taskflow_operators']) retrieved from /workspaces/hands-on-introduction-data-engineering-4395021/airflow_env/lib/python3.10/site-packages/airflow/example_dags/example_dynamic_task_mapping_with_no_taskflow_operators.py
[2025-08-13T10:37:04.880+0000] {logging_mixin.py:150} INFO - [2025-08-13T10:37:04.879+0000] {dag.py:2742} INFO - Sync 1 DAGs
[2025-08-13T10:37:04.897+0000] {logging_mixin.py:150} INFO - [2025-08-13T10:37:04.896+0000] {dag.py:3504} INFO - Setting next_dagrun for example_dynamic_task_mapping_with_no_taskflow_operators to 2025-08-12T10:37:04.896619+00:00, run_after=2025-08-13T10:37:04.896619+00:00
[2025-08-13T10:37:04.918+0000] {processor.py:179} INFO - Processing /workspaces/hands-on-introduction-data-engineering-4395021/airflow_env/lib/python3.10/site-packages/airflow/example_dags/example_dynamic_task_mapping_with_no_taskflow_operators.py took 0.057 seconds
[2025-08-13T10:37:47.104+0000] {processor.py:157} INFO - Started process (PID=7770) to work on /workspaces/hands-on-introduction-data-engineering-4395021/airflow_env/lib/python3.10/site-packages/airflow/example_dags/example_dynamic_task_mapping_with_no_taskflow_operators.py
[2025-08-13T10:37:47.105+0000] {processor.py:826} INFO - Processing file /workspaces/hands-on-introduction-data-engineering-4395021/airflow_env/lib/python3.10/site-packages/airflow/example_dags/example_dynamic_task_mapping_with_no_taskflow_operators.py for tasks to queue
[2025-08-13T10:37:47.106+0000] {logging_mixin.py:150} INFO - [2025-08-13T10:37:47.105+0000] {dagbag.py:541} INFO - Filling up the DagBag from /workspaces/hands-on-introduction-data-engineering-4395021/airflow_env/lib/python3.10/site-packages/airflow/example_dags/example_dynamic_task_mapping_with_no_taskflow_operators.py
[2025-08-13T10:37:47.111+0000] {processor.py:836} INFO - DAG(s) dict_keys(['example_dynamic_task_mapping_with_no_taskflow_operators']) retrieved from /workspaces/hands-on-introduction-data-engineering-4395021/airflow_env/lib/python3.10/site-packages/airflow/example_dags/example_dynamic_task_mapping_with_no_taskflow_operators.py
[2025-08-13T10:37:47.122+0000] {logging_mixin.py:150} INFO - [2025-08-13T10:37:47.122+0000] {dag.py:2742} INFO - Sync 1 DAGs
[2025-08-13T10:37:47.137+0000] {logging_mixin.py:150} INFO - [2025-08-13T10:37:47.136+0000] {dag.py:3504} INFO - Setting next_dagrun for example_dynamic_task_mapping_with_no_taskflow_operators to 2025-08-12T10:37:47.136722+00:00, run_after=2025-08-13T10:37:47.136722+00:00
[2025-08-13T10:37:47.152+0000] {processor.py:179} INFO - Processing /workspaces/hands-on-introduction-data-engineering-4395021/airflow_env/lib/python3.10/site-packages/airflow/example_dags/example_dynamic_task_mapping_with_no_taskflow_operators.py took 0.050 seconds
[2025-08-13T10:38:40.049+0000] {processor.py:157} INFO - Started process (PID=8171) to work on /workspaces/hands-on-introduction-data-engineering-4395021/airflow_env/lib/python3.10/site-packages/airflow/example_dags/example_dynamic_task_mapping_with_no_taskflow_operators.py
[2025-08-13T10:38:40.050+0000] {processor.py:826} INFO - Processing file /workspaces/hands-on-introduction-data-engineering-4395021/airflow_env/lib/python3.10/site-packages/airflow/example_dags/example_dynamic_task_mapping_with_no_taskflow_operators.py for tasks to queue
[2025-08-13T10:38:40.050+0000] {logging_mixin.py:150} INFO - [2025-08-13T10:38:40.050+0000] {dagbag.py:541} INFO - Filling up the DagBag from /workspaces/hands-on-introduction-data-engineering-4395021/airflow_env/lib/python3.10/site-packages/airflow/example_dags/example_dynamic_task_mapping_with_no_taskflow_operators.py
[2025-08-13T10:38:40.056+0000] {processor.py:836} INFO - DAG(s) dict_keys(['example_dynamic_task_mapping_with_no_taskflow_operators']) retrieved from /workspaces/hands-on-introduction-data-engineering-4395021/airflow_env/lib/python3.10/site-packages/airflow/example_dags/example_dynamic_task_mapping_with_no_taskflow_operators.py
[2025-08-13T10:38:40.067+0000] {logging_mixin.py:150} INFO - [2025-08-13T10:38:40.066+0000] {dag.py:2742} INFO - Sync 1 DAGs
[2025-08-13T10:38:40.081+0000] {logging_mixin.py:150} INFO - [2025-08-13T10:38:40.081+0000] {dag.py:3504} INFO - Setting next_dagrun for example_dynamic_task_mapping_with_no_taskflow_operators to 2025-08-12T10:38:40.080878+00:00, run_after=2025-08-13T10:38:40.080878+00:00
[2025-08-13T10:38:40.097+0000] {processor.py:179} INFO - Processing /workspaces/hands-on-introduction-data-engineering-4395021/airflow_env/lib/python3.10/site-packages/airflow/example_dags/example_dynamic_task_mapping_with_no_taskflow_operators.py took 0.050 seconds
[2025-08-13T10:39:23.565+0000] {processor.py:157} INFO - Started process (PID=8458) to work on /workspaces/hands-on-introduction-data-engineering-4395021/airflow_env/lib/python3.10/site-packages/airflow/example_dags/example_dynamic_task_mapping_with_no_taskflow_operators.py
[2025-08-13T10:39:23.566+0000] {processor.py:826} INFO - Processing file /workspaces/hands-on-introduction-data-engineering-4395021/airflow_env/lib/python3.10/site-packages/airflow/example_dags/example_dynamic_task_mapping_with_no_taskflow_operators.py for tasks to queue
[2025-08-13T10:39:23.567+0000] {logging_mixin.py:150} INFO - [2025-08-13T10:39:23.566+0000] {dagbag.py:541} INFO - Filling up the DagBag from /workspaces/hands-on-introduction-data-engineering-4395021/airflow_env/lib/python3.10/site-packages/airflow/example_dags/example_dynamic_task_mapping_with_no_taskflow_operators.py
[2025-08-13T10:39:23.576+0000] {processor.py:836} INFO - DAG(s) dict_keys(['example_dynamic_task_mapping_with_no_taskflow_operators']) retrieved from /workspaces/hands-on-introduction-data-engineering-4395021/airflow_env/lib/python3.10/site-packages/airflow/example_dags/example_dynamic_task_mapping_with_no_taskflow_operators.py
[2025-08-13T10:39:23.594+0000] {logging_mixin.py:150} INFO - [2025-08-13T10:39:23.594+0000] {dag.py:2742} INFO - Sync 1 DAGs
[2025-08-13T10:39:23.610+0000] {logging_mixin.py:150} INFO - [2025-08-13T10:39:23.609+0000] {dag.py:3504} INFO - Setting next_dagrun for example_dynamic_task_mapping_with_no_taskflow_operators to 2025-08-12T10:39:23.609793+00:00, run_after=2025-08-13T10:39:23.609793+00:00
[2025-08-13T10:39:23.625+0000] {processor.py:179} INFO - Processing /workspaces/hands-on-introduction-data-engineering-4395021/airflow_env/lib/python3.10/site-packages/airflow/example_dags/example_dynamic_task_mapping_with_no_taskflow_operators.py took 0.065 seconds
[2025-08-13T10:40:11.231+0000] {processor.py:157} INFO - Started process (PID=8774) to work on /workspaces/hands-on-introduction-data-engineering-4395021/airflow_env/lib/python3.10/site-packages/airflow/example_dags/example_dynamic_task_mapping_with_no_taskflow_operators.py
[2025-08-13T10:40:11.232+0000] {processor.py:826} INFO - Processing file /workspaces/hands-on-introduction-data-engineering-4395021/airflow_env/lib/python3.10/site-packages/airflow/example_dags/example_dynamic_task_mapping_with_no_taskflow_operators.py for tasks to queue
[2025-08-13T10:40:11.232+0000] {logging_mixin.py:150} INFO - [2025-08-13T10:40:11.232+0000] {dagbag.py:541} INFO - Filling up the DagBag from /workspaces/hands-on-introduction-data-engineering-4395021/airflow_env/lib/python3.10/site-packages/airflow/example_dags/example_dynamic_task_mapping_with_no_taskflow_operators.py
[2025-08-13T10:40:11.237+0000] {processor.py:836} INFO - DAG(s) dict_keys(['example_dynamic_task_mapping_with_no_taskflow_operators']) retrieved from /workspaces/hands-on-introduction-data-engineering-4395021/airflow_env/lib/python3.10/site-packages/airflow/example_dags/example_dynamic_task_mapping_with_no_taskflow_operators.py
[2025-08-13T10:40:11.247+0000] {logging_mixin.py:150} INFO - [2025-08-13T10:40:11.247+0000] {dag.py:2742} INFO - Sync 1 DAGs
[2025-08-13T10:40:11.262+0000] {logging_mixin.py:150} INFO - [2025-08-13T10:40:11.262+0000] {dag.py:3504} INFO - Setting next_dagrun for example_dynamic_task_mapping_with_no_taskflow_operators to 2025-08-12T10:40:11.261893+00:00, run_after=2025-08-13T10:40:11.261893+00:00
[2025-08-13T10:40:11.276+0000] {processor.py:179} INFO - Processing /workspaces/hands-on-introduction-data-engineering-4395021/airflow_env/lib/python3.10/site-packages/airflow/example_dags/example_dynamic_task_mapping_with_no_taskflow_operators.py took 0.047 seconds
[2025-08-13T10:40:53.646+0000] {processor.py:157} INFO - Started process (PID=9095) to work on /workspaces/hands-on-introduction-data-engineering-4395021/airflow_env/lib/python3.10/site-packages/airflow/example_dags/example_dynamic_task_mapping_with_no_taskflow_operators.py
[2025-08-13T10:40:53.647+0000] {processor.py:826} INFO - Processing file /workspaces/hands-on-introduction-data-engineering-4395021/airflow_env/lib/python3.10/site-packages/airflow/example_dags/example_dynamic_task_mapping_with_no_taskflow_operators.py for tasks to queue
[2025-08-13T10:40:53.648+0000] {logging_mixin.py:150} INFO - [2025-08-13T10:40:53.647+0000] {dagbag.py:541} INFO - Filling up the DagBag from /workspaces/hands-on-introduction-data-engineering-4395021/airflow_env/lib/python3.10/site-packages/airflow/example_dags/example_dynamic_task_mapping_with_no_taskflow_operators.py
[2025-08-13T10:40:53.653+0000] {processor.py:836} INFO - DAG(s) dict_keys(['example_dynamic_task_mapping_with_no_taskflow_operators']) retrieved from /workspaces/hands-on-introduction-data-engineering-4395021/airflow_env/lib/python3.10/site-packages/airflow/example_dags/example_dynamic_task_mapping_with_no_taskflow_operators.py
[2025-08-13T10:40:53.663+0000] {logging_mixin.py:150} INFO - [2025-08-13T10:40:53.663+0000] {dag.py:2742} INFO - Sync 1 DAGs
[2025-08-13T10:40:53.677+0000] {logging_mixin.py:150} INFO - [2025-08-13T10:40:53.676+0000] {dag.py:3504} INFO - Setting next_dagrun for example_dynamic_task_mapping_with_no_taskflow_operators to 2025-08-12T10:40:53.676757+00:00, run_after=2025-08-13T10:40:53.676757+00:00
[2025-08-13T10:40:53.691+0000] {processor.py:179} INFO - Processing /workspaces/hands-on-introduction-data-engineering-4395021/airflow_env/lib/python3.10/site-packages/airflow/example_dags/example_dynamic_task_mapping_with_no_taskflow_operators.py took 0.047 seconds
