[2025-08-13T03:25:20.931+0000] {processor.py:157} INFO - Started process (PID=5026) to work on /workspaces/hands-on-introduction-data-engineering-4395021/airflow_env/lib/python3.10/site-packages/airflow/example_dags/example_branch_day_of_week_operator.py
[2025-08-13T03:25:20.931+0000] {processor.py:826} INFO - Processing file /workspaces/hands-on-introduction-data-engineering-4395021/airflow_env/lib/python3.10/site-packages/airflow/example_dags/example_branch_day_of_week_operator.py for tasks to queue
[2025-08-13T03:25:20.932+0000] {logging_mixin.py:150} INFO - [2025-08-13T03:25:20.932+0000] {dagbag.py:541} INFO - Filling up the DagBag from /workspaces/hands-on-introduction-data-engineering-4395021/airflow_env/lib/python3.10/site-packages/airflow/example_dags/example_branch_day_of_week_operator.py
[2025-08-13T03:25:20.938+0000] {processor.py:836} INFO - DAG(s) dict_keys(['example_weekday_branch_operator']) retrieved from /workspaces/hands-on-introduction-data-engineering-4395021/airflow_env/lib/python3.10/site-packages/airflow/example_dags/example_branch_day_of_week_operator.py
[2025-08-13T03:25:21.011+0000] {logging_mixin.py:150} INFO - [2025-08-13T03:25:21.011+0000] {manager.py:504} INFO - Created Permission View: can read on DAG:example_weekday_branch_operator
[2025-08-13T03:25:21.022+0000] {logging_mixin.py:150} INFO - [2025-08-13T03:25:21.022+0000] {manager.py:504} INFO - Created Permission View: can edit on DAG:example_weekday_branch_operator
[2025-08-13T03:25:21.028+0000] {logging_mixin.py:150} INFO - [2025-08-13T03:25:21.028+0000] {manager.py:504} INFO - Created Permission View: can delete on DAG:example_weekday_branch_operator
[2025-08-13T03:25:21.036+0000] {logging_mixin.py:150} INFO - [2025-08-13T03:25:21.035+0000] {dag.py:2742} INFO - Sync 1 DAGs
[2025-08-13T03:25:21.043+0000] {logging_mixin.py:150} INFO - [2025-08-13T03:25:21.043+0000] {dag.py:2763} INFO - Creating ORM DAG for example_weekday_branch_operator
[2025-08-13T03:25:21.051+0000] {logging_mixin.py:150} INFO - [2025-08-13T03:25:21.051+0000] {dag.py:3504} INFO - Setting next_dagrun for example_weekday_branch_operator to 2025-08-12T00:00:00+00:00, run_after=2025-08-13T00:00:00+00:00
[2025-08-13T03:25:21.067+0000] {processor.py:179} INFO - Processing /workspaces/hands-on-introduction-data-engineering-4395021/airflow_env/lib/python3.10/site-packages/airflow/example_dags/example_branch_day_of_week_operator.py took 0.139 seconds
[2025-08-13T03:26:06.675+0000] {processor.py:157} INFO - Started process (PID=5330) to work on /workspaces/hands-on-introduction-data-engineering-4395021/airflow_env/lib/python3.10/site-packages/airflow/example_dags/example_branch_day_of_week_operator.py
[2025-08-13T03:26:06.676+0000] {processor.py:826} INFO - Processing file /workspaces/hands-on-introduction-data-engineering-4395021/airflow_env/lib/python3.10/site-packages/airflow/example_dags/example_branch_day_of_week_operator.py for tasks to queue
[2025-08-13T03:26:06.677+0000] {logging_mixin.py:150} INFO - [2025-08-13T03:26:06.676+0000] {dagbag.py:541} INFO - Filling up the DagBag from /workspaces/hands-on-introduction-data-engineering-4395021/airflow_env/lib/python3.10/site-packages/airflow/example_dags/example_branch_day_of_week_operator.py
[2025-08-13T03:26:06.682+0000] {processor.py:836} INFO - DAG(s) dict_keys(['example_weekday_branch_operator']) retrieved from /workspaces/hands-on-introduction-data-engineering-4395021/airflow_env/lib/python3.10/site-packages/airflow/example_dags/example_branch_day_of_week_operator.py
[2025-08-13T03:26:06.696+0000] {logging_mixin.py:150} INFO - [2025-08-13T03:26:06.696+0000] {dag.py:2742} INFO - Sync 1 DAGs
[2025-08-13T03:26:06.720+0000] {logging_mixin.py:150} INFO - [2025-08-13T03:26:06.720+0000] {dag.py:3504} INFO - Setting next_dagrun for example_weekday_branch_operator to 2025-08-12T00:00:00+00:00, run_after=2025-08-13T00:00:00+00:00
[2025-08-13T03:26:06.742+0000] {processor.py:179} INFO - Processing /workspaces/hands-on-introduction-data-engineering-4395021/airflow_env/lib/python3.10/site-packages/airflow/example_dags/example_branch_day_of_week_operator.py took 0.069 seconds
[2025-08-13T03:26:53.590+0000] {processor.py:157} INFO - Started process (PID=5639) to work on /workspaces/hands-on-introduction-data-engineering-4395021/airflow_env/lib/python3.10/site-packages/airflow/example_dags/example_branch_day_of_week_operator.py
[2025-08-13T03:26:53.591+0000] {processor.py:826} INFO - Processing file /workspaces/hands-on-introduction-data-engineering-4395021/airflow_env/lib/python3.10/site-packages/airflow/example_dags/example_branch_day_of_week_operator.py for tasks to queue
[2025-08-13T03:26:53.591+0000] {logging_mixin.py:150} INFO - [2025-08-13T03:26:53.591+0000] {dagbag.py:541} INFO - Filling up the DagBag from /workspaces/hands-on-introduction-data-engineering-4395021/airflow_env/lib/python3.10/site-packages/airflow/example_dags/example_branch_day_of_week_operator.py
[2025-08-13T03:26:53.597+0000] {processor.py:836} INFO - DAG(s) dict_keys(['example_weekday_branch_operator']) retrieved from /workspaces/hands-on-introduction-data-engineering-4395021/airflow_env/lib/python3.10/site-packages/airflow/example_dags/example_branch_day_of_week_operator.py
[2025-08-13T03:26:53.609+0000] {logging_mixin.py:150} INFO - [2025-08-13T03:26:53.609+0000] {dag.py:2742} INFO - Sync 1 DAGs
[2025-08-13T03:26:53.624+0000] {logging_mixin.py:150} INFO - [2025-08-13T03:26:53.624+0000] {dag.py:3504} INFO - Setting next_dagrun for example_weekday_branch_operator to 2025-08-12T00:00:00+00:00, run_after=2025-08-13T00:00:00+00:00
[2025-08-13T03:26:53.643+0000] {processor.py:179} INFO - Processing /workspaces/hands-on-introduction-data-engineering-4395021/airflow_env/lib/python3.10/site-packages/airflow/example_dags/example_branch_day_of_week_operator.py took 0.055 seconds
[2025-08-13T03:27:40.994+0000] {processor.py:157} INFO - Started process (PID=6010) to work on /workspaces/hands-on-introduction-data-engineering-4395021/airflow_env/lib/python3.10/site-packages/airflow/example_dags/example_branch_day_of_week_operator.py
[2025-08-13T03:27:40.995+0000] {processor.py:826} INFO - Processing file /workspaces/hands-on-introduction-data-engineering-4395021/airflow_env/lib/python3.10/site-packages/airflow/example_dags/example_branch_day_of_week_operator.py for tasks to queue
[2025-08-13T03:27:40.995+0000] {logging_mixin.py:150} INFO - [2025-08-13T03:27:40.995+0000] {dagbag.py:541} INFO - Filling up the DagBag from /workspaces/hands-on-introduction-data-engineering-4395021/airflow_env/lib/python3.10/site-packages/airflow/example_dags/example_branch_day_of_week_operator.py
[2025-08-13T03:27:41.001+0000] {processor.py:836} INFO - DAG(s) dict_keys(['example_weekday_branch_operator']) retrieved from /workspaces/hands-on-introduction-data-engineering-4395021/airflow_env/lib/python3.10/site-packages/airflow/example_dags/example_branch_day_of_week_operator.py
[2025-08-13T03:27:41.013+0000] {logging_mixin.py:150} INFO - [2025-08-13T03:27:41.013+0000] {dag.py:2742} INFO - Sync 1 DAGs
[2025-08-13T03:27:41.029+0000] {logging_mixin.py:150} INFO - [2025-08-13T03:27:41.029+0000] {dag.py:3504} INFO - Setting next_dagrun for example_weekday_branch_operator to 2025-08-12T00:00:00+00:00, run_after=2025-08-13T00:00:00+00:00
[2025-08-13T03:27:41.044+0000] {processor.py:179} INFO - Processing /workspaces/hands-on-introduction-data-engineering-4395021/airflow_env/lib/python3.10/site-packages/airflow/example_dags/example_branch_day_of_week_operator.py took 0.052 seconds
[2025-08-13T03:28:29.625+0000] {processor.py:157} INFO - Started process (PID=6422) to work on /workspaces/hands-on-introduction-data-engineering-4395021/airflow_env/lib/python3.10/site-packages/airflow/example_dags/example_branch_day_of_week_operator.py
[2025-08-13T03:28:29.626+0000] {processor.py:826} INFO - Processing file /workspaces/hands-on-introduction-data-engineering-4395021/airflow_env/lib/python3.10/site-packages/airflow/example_dags/example_branch_day_of_week_operator.py for tasks to queue
[2025-08-13T03:28:29.627+0000] {logging_mixin.py:150} INFO - [2025-08-13T03:28:29.626+0000] {dagbag.py:541} INFO - Filling up the DagBag from /workspaces/hands-on-introduction-data-engineering-4395021/airflow_env/lib/python3.10/site-packages/airflow/example_dags/example_branch_day_of_week_operator.py
[2025-08-13T03:28:29.632+0000] {processor.py:836} INFO - DAG(s) dict_keys(['example_weekday_branch_operator']) retrieved from /workspaces/hands-on-introduction-data-engineering-4395021/airflow_env/lib/python3.10/site-packages/airflow/example_dags/example_branch_day_of_week_operator.py
[2025-08-13T03:28:29.644+0000] {logging_mixin.py:150} INFO - [2025-08-13T03:28:29.644+0000] {dag.py:2742} INFO - Sync 1 DAGs
[2025-08-13T03:28:29.659+0000] {logging_mixin.py:150} INFO - [2025-08-13T03:28:29.659+0000] {dag.py:3504} INFO - Setting next_dagrun for example_weekday_branch_operator to 2025-08-12T00:00:00+00:00, run_after=2025-08-13T00:00:00+00:00
[2025-08-13T03:28:29.674+0000] {processor.py:179} INFO - Processing /workspaces/hands-on-introduction-data-engineering-4395021/airflow_env/lib/python3.10/site-packages/airflow/example_dags/example_branch_day_of_week_operator.py took 0.051 seconds
[2025-08-13T03:29:15.620+0000] {processor.py:157} INFO - Started process (PID=6799) to work on /workspaces/hands-on-introduction-data-engineering-4395021/airflow_env/lib/python3.10/site-packages/airflow/example_dags/example_branch_day_of_week_operator.py
[2025-08-13T03:29:15.621+0000] {processor.py:826} INFO - Processing file /workspaces/hands-on-introduction-data-engineering-4395021/airflow_env/lib/python3.10/site-packages/airflow/example_dags/example_branch_day_of_week_operator.py for tasks to queue
[2025-08-13T03:29:15.622+0000] {logging_mixin.py:150} INFO - [2025-08-13T03:29:15.621+0000] {dagbag.py:541} INFO - Filling up the DagBag from /workspaces/hands-on-introduction-data-engineering-4395021/airflow_env/lib/python3.10/site-packages/airflow/example_dags/example_branch_day_of_week_operator.py
[2025-08-13T03:29:15.627+0000] {processor.py:836} INFO - DAG(s) dict_keys(['example_weekday_branch_operator']) retrieved from /workspaces/hands-on-introduction-data-engineering-4395021/airflow_env/lib/python3.10/site-packages/airflow/example_dags/example_branch_day_of_week_operator.py
[2025-08-13T03:29:15.640+0000] {logging_mixin.py:150} INFO - [2025-08-13T03:29:15.639+0000] {dag.py:2742} INFO - Sync 1 DAGs
[2025-08-13T03:29:15.655+0000] {logging_mixin.py:150} INFO - [2025-08-13T03:29:15.655+0000] {dag.py:3504} INFO - Setting next_dagrun for example_weekday_branch_operator to 2025-08-12T00:00:00+00:00, run_after=2025-08-13T00:00:00+00:00
[2025-08-13T03:29:15.670+0000] {processor.py:179} INFO - Processing /workspaces/hands-on-introduction-data-engineering-4395021/airflow_env/lib/python3.10/site-packages/airflow/example_dags/example_branch_day_of_week_operator.py took 0.053 seconds
[2025-08-13T03:29:56.703+0000] {processor.py:157} INFO - Started process (PID=7285) to work on /workspaces/hands-on-introduction-data-engineering-4395021/airflow_env/lib/python3.10/site-packages/airflow/example_dags/example_branch_day_of_week_operator.py
[2025-08-13T03:29:56.703+0000] {processor.py:826} INFO - Processing file /workspaces/hands-on-introduction-data-engineering-4395021/airflow_env/lib/python3.10/site-packages/airflow/example_dags/example_branch_day_of_week_operator.py for tasks to queue
[2025-08-13T03:29:56.704+0000] {logging_mixin.py:150} INFO - [2025-08-13T03:29:56.704+0000] {dagbag.py:541} INFO - Filling up the DagBag from /workspaces/hands-on-introduction-data-engineering-4395021/airflow_env/lib/python3.10/site-packages/airflow/example_dags/example_branch_day_of_week_operator.py
[2025-08-13T03:29:56.710+0000] {processor.py:836} INFO - DAG(s) dict_keys(['example_weekday_branch_operator']) retrieved from /workspaces/hands-on-introduction-data-engineering-4395021/airflow_env/lib/python3.10/site-packages/airflow/example_dags/example_branch_day_of_week_operator.py
[2025-08-13T03:29:56.722+0000] {logging_mixin.py:150} INFO - [2025-08-13T03:29:56.722+0000] {dag.py:2742} INFO - Sync 1 DAGs
[2025-08-13T03:29:56.737+0000] {logging_mixin.py:150} INFO - [2025-08-13T03:29:56.737+0000] {dag.py:3504} INFO - Setting next_dagrun for example_weekday_branch_operator to 2025-08-12T00:00:00+00:00, run_after=2025-08-13T00:00:00+00:00
[2025-08-13T03:29:56.752+0000] {processor.py:179} INFO - Processing /workspaces/hands-on-introduction-data-engineering-4395021/airflow_env/lib/python3.10/site-packages/airflow/example_dags/example_branch_day_of_week_operator.py took 0.052 seconds
[2025-08-13T03:30:51.981+0000] {processor.py:157} INFO - Started process (PID=7650) to work on /workspaces/hands-on-introduction-data-engineering-4395021/airflow_env/lib/python3.10/site-packages/airflow/example_dags/example_branch_day_of_week_operator.py
[2025-08-13T03:30:51.981+0000] {processor.py:826} INFO - Processing file /workspaces/hands-on-introduction-data-engineering-4395021/airflow_env/lib/python3.10/site-packages/airflow/example_dags/example_branch_day_of_week_operator.py for tasks to queue
[2025-08-13T03:30:51.982+0000] {logging_mixin.py:150} INFO - [2025-08-13T03:30:51.982+0000] {dagbag.py:541} INFO - Filling up the DagBag from /workspaces/hands-on-introduction-data-engineering-4395021/airflow_env/lib/python3.10/site-packages/airflow/example_dags/example_branch_day_of_week_operator.py
[2025-08-13T03:30:51.988+0000] {processor.py:836} INFO - DAG(s) dict_keys(['example_weekday_branch_operator']) retrieved from /workspaces/hands-on-introduction-data-engineering-4395021/airflow_env/lib/python3.10/site-packages/airflow/example_dags/example_branch_day_of_week_operator.py
[2025-08-13T03:30:51.999+0000] {logging_mixin.py:150} INFO - [2025-08-13T03:30:51.999+0000] {dag.py:2742} INFO - Sync 1 DAGs
[2025-08-13T03:30:52.014+0000] {logging_mixin.py:150} INFO - [2025-08-13T03:30:52.014+0000] {dag.py:3504} INFO - Setting next_dagrun for example_weekday_branch_operator to 2025-08-12T00:00:00+00:00, run_after=2025-08-13T00:00:00+00:00
[2025-08-13T03:30:52.029+0000] {processor.py:179} INFO - Processing /workspaces/hands-on-introduction-data-engineering-4395021/airflow_env/lib/python3.10/site-packages/airflow/example_dags/example_branch_day_of_week_operator.py took 0.050 seconds
[2025-08-13T03:31:50.126+0000] {processor.py:157} INFO - Started process (PID=8038) to work on /workspaces/hands-on-introduction-data-engineering-4395021/airflow_env/lib/python3.10/site-packages/airflow/example_dags/example_branch_day_of_week_operator.py
[2025-08-13T03:31:50.127+0000] {processor.py:826} INFO - Processing file /workspaces/hands-on-introduction-data-engineering-4395021/airflow_env/lib/python3.10/site-packages/airflow/example_dags/example_branch_day_of_week_operator.py for tasks to queue
[2025-08-13T03:31:50.128+0000] {logging_mixin.py:150} INFO - [2025-08-13T03:31:50.127+0000] {dagbag.py:541} INFO - Filling up the DagBag from /workspaces/hands-on-introduction-data-engineering-4395021/airflow_env/lib/python3.10/site-packages/airflow/example_dags/example_branch_day_of_week_operator.py
[2025-08-13T03:31:50.133+0000] {processor.py:836} INFO - DAG(s) dict_keys(['example_weekday_branch_operator']) retrieved from /workspaces/hands-on-introduction-data-engineering-4395021/airflow_env/lib/python3.10/site-packages/airflow/example_dags/example_branch_day_of_week_operator.py
[2025-08-13T03:31:50.146+0000] {logging_mixin.py:150} INFO - [2025-08-13T03:31:50.146+0000] {dag.py:2742} INFO - Sync 1 DAGs
[2025-08-13T03:31:50.162+0000] {logging_mixin.py:150} INFO - [2025-08-13T03:31:50.162+0000] {dag.py:3504} INFO - Setting next_dagrun for example_weekday_branch_operator to 2025-08-12T00:00:00+00:00, run_after=2025-08-13T00:00:00+00:00
[2025-08-13T03:31:50.177+0000] {processor.py:179} INFO - Processing /workspaces/hands-on-introduction-data-engineering-4395021/airflow_env/lib/python3.10/site-packages/airflow/example_dags/example_branch_day_of_week_operator.py took 0.053 seconds
[2025-08-13T03:32:36.996+0000] {processor.py:157} INFO - Started process (PID=8349) to work on /workspaces/hands-on-introduction-data-engineering-4395021/airflow_env/lib/python3.10/site-packages/airflow/example_dags/example_branch_day_of_week_operator.py
[2025-08-13T03:32:36.996+0000] {processor.py:826} INFO - Processing file /workspaces/hands-on-introduction-data-engineering-4395021/airflow_env/lib/python3.10/site-packages/airflow/example_dags/example_branch_day_of_week_operator.py for tasks to queue
[2025-08-13T03:32:36.997+0000] {logging_mixin.py:150} INFO - [2025-08-13T03:32:36.997+0000] {dagbag.py:541} INFO - Filling up the DagBag from /workspaces/hands-on-introduction-data-engineering-4395021/airflow_env/lib/python3.10/site-packages/airflow/example_dags/example_branch_day_of_week_operator.py
[2025-08-13T03:32:37.003+0000] {processor.py:836} INFO - DAG(s) dict_keys(['example_weekday_branch_operator']) retrieved from /workspaces/hands-on-introduction-data-engineering-4395021/airflow_env/lib/python3.10/site-packages/airflow/example_dags/example_branch_day_of_week_operator.py
[2025-08-13T03:32:37.015+0000] {logging_mixin.py:150} INFO - [2025-08-13T03:32:37.015+0000] {dag.py:2742} INFO - Sync 1 DAGs
[2025-08-13T03:32:37.030+0000] {logging_mixin.py:150} INFO - [2025-08-13T03:32:37.030+0000] {dag.py:3504} INFO - Setting next_dagrun for example_weekday_branch_operator to 2025-08-12T00:00:00+00:00, run_after=2025-08-13T00:00:00+00:00
[2025-08-13T03:32:37.045+0000] {processor.py:179} INFO - Processing /workspaces/hands-on-introduction-data-engineering-4395021/airflow_env/lib/python3.10/site-packages/airflow/example_dags/example_branch_day_of_week_operator.py took 0.052 seconds
[2025-08-13T03:33:22.423+0000] {processor.py:157} INFO - Started process (PID=8652) to work on /workspaces/hands-on-introduction-data-engineering-4395021/airflow_env/lib/python3.10/site-packages/airflow/example_dags/example_branch_day_of_week_operator.py
[2025-08-13T03:33:22.424+0000] {processor.py:826} INFO - Processing file /workspaces/hands-on-introduction-data-engineering-4395021/airflow_env/lib/python3.10/site-packages/airflow/example_dags/example_branch_day_of_week_operator.py for tasks to queue
[2025-08-13T03:33:22.424+0000] {logging_mixin.py:150} INFO - [2025-08-13T03:33:22.424+0000] {dagbag.py:541} INFO - Filling up the DagBag from /workspaces/hands-on-introduction-data-engineering-4395021/airflow_env/lib/python3.10/site-packages/airflow/example_dags/example_branch_day_of_week_operator.py
[2025-08-13T03:33:22.430+0000] {processor.py:836} INFO - DAG(s) dict_keys(['example_weekday_branch_operator']) retrieved from /workspaces/hands-on-introduction-data-engineering-4395021/airflow_env/lib/python3.10/site-packages/airflow/example_dags/example_branch_day_of_week_operator.py
[2025-08-13T03:33:22.442+0000] {logging_mixin.py:150} INFO - [2025-08-13T03:33:22.442+0000] {dag.py:2742} INFO - Sync 1 DAGs
[2025-08-13T03:33:22.457+0000] {logging_mixin.py:150} INFO - [2025-08-13T03:33:22.457+0000] {dag.py:3504} INFO - Setting next_dagrun for example_weekday_branch_operator to 2025-08-12T00:00:00+00:00, run_after=2025-08-13T00:00:00+00:00
[2025-08-13T03:33:22.473+0000] {processor.py:179} INFO - Processing /workspaces/hands-on-introduction-data-engineering-4395021/airflow_env/lib/python3.10/site-packages/airflow/example_dags/example_branch_day_of_week_operator.py took 0.052 seconds
[2025-08-13T03:34:19.986+0000] {processor.py:157} INFO - Started process (PID=9037) to work on /workspaces/hands-on-introduction-data-engineering-4395021/airflow_env/lib/python3.10/site-packages/airflow/example_dags/example_branch_day_of_week_operator.py
[2025-08-13T03:34:19.987+0000] {processor.py:826} INFO - Processing file /workspaces/hands-on-introduction-data-engineering-4395021/airflow_env/lib/python3.10/site-packages/airflow/example_dags/example_branch_day_of_week_operator.py for tasks to queue
[2025-08-13T03:34:19.987+0000] {logging_mixin.py:150} INFO - [2025-08-13T03:34:19.987+0000] {dagbag.py:541} INFO - Filling up the DagBag from /workspaces/hands-on-introduction-data-engineering-4395021/airflow_env/lib/python3.10/site-packages/airflow/example_dags/example_branch_day_of_week_operator.py
[2025-08-13T03:34:19.993+0000] {processor.py:836} INFO - DAG(s) dict_keys(['example_weekday_branch_operator']) retrieved from /workspaces/hands-on-introduction-data-engineering-4395021/airflow_env/lib/python3.10/site-packages/airflow/example_dags/example_branch_day_of_week_operator.py
[2025-08-13T03:34:20.005+0000] {logging_mixin.py:150} INFO - [2025-08-13T03:34:20.005+0000] {dag.py:2742} INFO - Sync 1 DAGs
[2025-08-13T03:34:20.020+0000] {logging_mixin.py:150} INFO - [2025-08-13T03:34:20.020+0000] {dag.py:3504} INFO - Setting next_dagrun for example_weekday_branch_operator to 2025-08-12T00:00:00+00:00, run_after=2025-08-13T00:00:00+00:00
[2025-08-13T03:34:20.035+0000] {processor.py:179} INFO - Processing /workspaces/hands-on-introduction-data-engineering-4395021/airflow_env/lib/python3.10/site-packages/airflow/example_dags/example_branch_day_of_week_operator.py took 0.051 seconds
[2025-08-13T03:35:15.026+0000] {processor.py:157} INFO - Started process (PID=9469) to work on /workspaces/hands-on-introduction-data-engineering-4395021/airflow_env/lib/python3.10/site-packages/airflow/example_dags/example_branch_day_of_week_operator.py
[2025-08-13T03:35:15.027+0000] {processor.py:826} INFO - Processing file /workspaces/hands-on-introduction-data-engineering-4395021/airflow_env/lib/python3.10/site-packages/airflow/example_dags/example_branch_day_of_week_operator.py for tasks to queue
[2025-08-13T03:35:15.028+0000] {logging_mixin.py:150} INFO - [2025-08-13T03:35:15.028+0000] {dagbag.py:541} INFO - Filling up the DagBag from /workspaces/hands-on-introduction-data-engineering-4395021/airflow_env/lib/python3.10/site-packages/airflow/example_dags/example_branch_day_of_week_operator.py
[2025-08-13T03:35:15.034+0000] {processor.py:836} INFO - DAG(s) dict_keys(['example_weekday_branch_operator']) retrieved from /workspaces/hands-on-introduction-data-engineering-4395021/airflow_env/lib/python3.10/site-packages/airflow/example_dags/example_branch_day_of_week_operator.py
[2025-08-13T03:35:15.047+0000] {logging_mixin.py:150} INFO - [2025-08-13T03:35:15.047+0000] {dag.py:2742} INFO - Sync 1 DAGs
[2025-08-13T03:35:15.075+0000] {logging_mixin.py:150} INFO - [2025-08-13T03:35:15.075+0000] {dag.py:3504} INFO - Setting next_dagrun for example_weekday_branch_operator to 2025-08-12T00:00:00+00:00, run_after=2025-08-13T00:00:00+00:00
[2025-08-13T03:35:15.092+0000] {processor.py:179} INFO - Processing /workspaces/hands-on-introduction-data-engineering-4395021/airflow_env/lib/python3.10/site-packages/airflow/example_dags/example_branch_day_of_week_operator.py took 0.068 seconds
[2025-08-13T03:36:01.632+0000] {processor.py:157} INFO - Started process (PID=9929) to work on /workspaces/hands-on-introduction-data-engineering-4395021/airflow_env/lib/python3.10/site-packages/airflow/example_dags/example_branch_day_of_week_operator.py
[2025-08-13T03:36:01.634+0000] {processor.py:826} INFO - Processing file /workspaces/hands-on-introduction-data-engineering-4395021/airflow_env/lib/python3.10/site-packages/airflow/example_dags/example_branch_day_of_week_operator.py for tasks to queue
[2025-08-13T03:36:01.636+0000] {logging_mixin.py:150} INFO - [2025-08-13T03:36:01.635+0000] {dagbag.py:541} INFO - Filling up the DagBag from /workspaces/hands-on-introduction-data-engineering-4395021/airflow_env/lib/python3.10/site-packages/airflow/example_dags/example_branch_day_of_week_operator.py
[2025-08-13T03:36:01.644+0000] {processor.py:836} INFO - DAG(s) dict_keys(['example_weekday_branch_operator']) retrieved from /workspaces/hands-on-introduction-data-engineering-4395021/airflow_env/lib/python3.10/site-packages/airflow/example_dags/example_branch_day_of_week_operator.py
[2025-08-13T03:36:01.661+0000] {logging_mixin.py:150} INFO - [2025-08-13T03:36:01.661+0000] {dag.py:2742} INFO - Sync 1 DAGs
[2025-08-13T03:36:01.683+0000] {logging_mixin.py:150} INFO - [2025-08-13T03:36:01.683+0000] {dag.py:3504} INFO - Setting next_dagrun for example_weekday_branch_operator to 2025-08-12T00:00:00+00:00, run_after=2025-08-13T00:00:00+00:00
[2025-08-13T03:36:01.703+0000] {processor.py:179} INFO - Processing /workspaces/hands-on-introduction-data-engineering-4395021/airflow_env/lib/python3.10/site-packages/airflow/example_dags/example_branch_day_of_week_operator.py took 0.080 seconds
[2025-08-13T03:36:45.455+0000] {processor.py:157} INFO - Started process (PID=10262) to work on /workspaces/hands-on-introduction-data-engineering-4395021/airflow_env/lib/python3.10/site-packages/airflow/example_dags/example_branch_day_of_week_operator.py
[2025-08-13T03:36:45.456+0000] {processor.py:826} INFO - Processing file /workspaces/hands-on-introduction-data-engineering-4395021/airflow_env/lib/python3.10/site-packages/airflow/example_dags/example_branch_day_of_week_operator.py for tasks to queue
[2025-08-13T03:36:45.457+0000] {logging_mixin.py:150} INFO - [2025-08-13T03:36:45.456+0000] {dagbag.py:541} INFO - Filling up the DagBag from /workspaces/hands-on-introduction-data-engineering-4395021/airflow_env/lib/python3.10/site-packages/airflow/example_dags/example_branch_day_of_week_operator.py
[2025-08-13T03:36:45.462+0000] {processor.py:836} INFO - DAG(s) dict_keys(['example_weekday_branch_operator']) retrieved from /workspaces/hands-on-introduction-data-engineering-4395021/airflow_env/lib/python3.10/site-packages/airflow/example_dags/example_branch_day_of_week_operator.py
[2025-08-13T03:36:45.474+0000] {logging_mixin.py:150} INFO - [2025-08-13T03:36:45.474+0000] {dag.py:2742} INFO - Sync 1 DAGs
[2025-08-13T03:36:45.490+0000] {logging_mixin.py:150} INFO - [2025-08-13T03:36:45.490+0000] {dag.py:3504} INFO - Setting next_dagrun for example_weekday_branch_operator to 2025-08-12T00:00:00+00:00, run_after=2025-08-13T00:00:00+00:00
[2025-08-13T03:36:45.506+0000] {processor.py:179} INFO - Processing /workspaces/hands-on-introduction-data-engineering-4395021/airflow_env/lib/python3.10/site-packages/airflow/example_dags/example_branch_day_of_week_operator.py took 0.053 seconds
[2025-08-13T03:37:41.148+0000] {processor.py:157} INFO - Started process (PID=10805) to work on /workspaces/hands-on-introduction-data-engineering-4395021/airflow_env/lib/python3.10/site-packages/airflow/example_dags/example_branch_day_of_week_operator.py
[2025-08-13T03:37:41.149+0000] {processor.py:826} INFO - Processing file /workspaces/hands-on-introduction-data-engineering-4395021/airflow_env/lib/python3.10/site-packages/airflow/example_dags/example_branch_day_of_week_operator.py for tasks to queue
[2025-08-13T03:37:41.149+0000] {logging_mixin.py:150} INFO - [2025-08-13T03:37:41.149+0000] {dagbag.py:541} INFO - Filling up the DagBag from /workspaces/hands-on-introduction-data-engineering-4395021/airflow_env/lib/python3.10/site-packages/airflow/example_dags/example_branch_day_of_week_operator.py
[2025-08-13T03:37:41.155+0000] {processor.py:836} INFO - DAG(s) dict_keys(['example_weekday_branch_operator']) retrieved from /workspaces/hands-on-introduction-data-engineering-4395021/airflow_env/lib/python3.10/site-packages/airflow/example_dags/example_branch_day_of_week_operator.py
[2025-08-13T03:37:41.168+0000] {logging_mixin.py:150} INFO - [2025-08-13T03:37:41.168+0000] {dag.py:2742} INFO - Sync 1 DAGs
[2025-08-13T03:37:41.184+0000] {logging_mixin.py:150} INFO - [2025-08-13T03:37:41.184+0000] {dag.py:3504} INFO - Setting next_dagrun for example_weekday_branch_operator to 2025-08-12T00:00:00+00:00, run_after=2025-08-13T00:00:00+00:00
[2025-08-13T03:37:41.200+0000] {processor.py:179} INFO - Processing /workspaces/hands-on-introduction-data-engineering-4395021/airflow_env/lib/python3.10/site-packages/airflow/example_dags/example_branch_day_of_week_operator.py took 0.054 seconds
[2025-08-13T03:38:41.080+0000] {processor.py:157} INFO - Started process (PID=11363) to work on /workspaces/hands-on-introduction-data-engineering-4395021/airflow_env/lib/python3.10/site-packages/airflow/example_dags/example_branch_day_of_week_operator.py
[2025-08-13T03:38:41.080+0000] {processor.py:826} INFO - Processing file /workspaces/hands-on-introduction-data-engineering-4395021/airflow_env/lib/python3.10/site-packages/airflow/example_dags/example_branch_day_of_week_operator.py for tasks to queue
[2025-08-13T03:38:41.081+0000] {logging_mixin.py:150} INFO - [2025-08-13T03:38:41.081+0000] {dagbag.py:541} INFO - Filling up the DagBag from /workspaces/hands-on-introduction-data-engineering-4395021/airflow_env/lib/python3.10/site-packages/airflow/example_dags/example_branch_day_of_week_operator.py
[2025-08-13T03:38:41.086+0000] {processor.py:836} INFO - DAG(s) dict_keys(['example_weekday_branch_operator']) retrieved from /workspaces/hands-on-introduction-data-engineering-4395021/airflow_env/lib/python3.10/site-packages/airflow/example_dags/example_branch_day_of_week_operator.py
[2025-08-13T03:38:41.098+0000] {logging_mixin.py:150} INFO - [2025-08-13T03:38:41.098+0000] {dag.py:2742} INFO - Sync 1 DAGs
[2025-08-13T03:38:41.115+0000] {logging_mixin.py:150} INFO - [2025-08-13T03:38:41.114+0000] {dag.py:3504} INFO - Setting next_dagrun for example_weekday_branch_operator to 2025-08-12T00:00:00+00:00, run_after=2025-08-13T00:00:00+00:00
[2025-08-13T03:38:41.139+0000] {processor.py:179} INFO - Processing /workspaces/hands-on-introduction-data-engineering-4395021/airflow_env/lib/python3.10/site-packages/airflow/example_dags/example_branch_day_of_week_operator.py took 0.061 seconds
[2025-08-13T10:26:08.117+0000] {processor.py:157} INFO - Started process (PID=2495) to work on /workspaces/hands-on-introduction-data-engineering-4395021/airflow_env/lib/python3.10/site-packages/airflow/example_dags/example_branch_day_of_week_operator.py
[2025-08-13T10:26:08.118+0000] {processor.py:826} INFO - Processing file /workspaces/hands-on-introduction-data-engineering-4395021/airflow_env/lib/python3.10/site-packages/airflow/example_dags/example_branch_day_of_week_operator.py for tasks to queue
[2025-08-13T10:26:08.118+0000] {logging_mixin.py:150} INFO - [2025-08-13T10:26:08.118+0000] {dagbag.py:541} INFO - Filling up the DagBag from /workspaces/hands-on-introduction-data-engineering-4395021/airflow_env/lib/python3.10/site-packages/airflow/example_dags/example_branch_day_of_week_operator.py
[2025-08-13T10:26:08.124+0000] {processor.py:836} INFO - DAG(s) dict_keys(['example_weekday_branch_operator']) retrieved from /workspaces/hands-on-introduction-data-engineering-4395021/airflow_env/lib/python3.10/site-packages/airflow/example_dags/example_branch_day_of_week_operator.py
[2025-08-13T10:26:08.142+0000] {logging_mixin.py:150} INFO - [2025-08-13T10:26:08.142+0000] {dag.py:2742} INFO - Sync 1 DAGs
[2025-08-13T10:26:08.157+0000] {logging_mixin.py:150} INFO - [2025-08-13T10:26:08.157+0000] {dag.py:3504} INFO - Setting next_dagrun for example_weekday_branch_operator to 2025-08-12T00:00:00+00:00, run_after=2025-08-13T00:00:00+00:00
[2025-08-13T10:26:08.173+0000] {processor.py:179} INFO - Processing /workspaces/hands-on-introduction-data-engineering-4395021/airflow_env/lib/python3.10/site-packages/airflow/example_dags/example_branch_day_of_week_operator.py took 0.058 seconds
[2025-08-13T10:26:54.906+0000] {processor.py:157} INFO - Started process (PID=2867) to work on /workspaces/hands-on-introduction-data-engineering-4395021/airflow_env/lib/python3.10/site-packages/airflow/example_dags/example_branch_day_of_week_operator.py
[2025-08-13T10:26:54.909+0000] {processor.py:826} INFO - Processing file /workspaces/hands-on-introduction-data-engineering-4395021/airflow_env/lib/python3.10/site-packages/airflow/example_dags/example_branch_day_of_week_operator.py for tasks to queue
[2025-08-13T10:26:54.909+0000] {logging_mixin.py:150} INFO - [2025-08-13T10:26:54.909+0000] {dagbag.py:541} INFO - Filling up the DagBag from /workspaces/hands-on-introduction-data-engineering-4395021/airflow_env/lib/python3.10/site-packages/airflow/example_dags/example_branch_day_of_week_operator.py
[2025-08-13T10:26:54.920+0000] {processor.py:836} INFO - DAG(s) dict_keys(['example_weekday_branch_operator']) retrieved from /workspaces/hands-on-introduction-data-engineering-4395021/airflow_env/lib/python3.10/site-packages/airflow/example_dags/example_branch_day_of_week_operator.py
[2025-08-13T10:26:54.943+0000] {logging_mixin.py:150} INFO - [2025-08-13T10:26:54.943+0000] {dag.py:2742} INFO - Sync 1 DAGs
[2025-08-13T10:26:54.965+0000] {logging_mixin.py:150} INFO - [2025-08-13T10:26:54.964+0000] {dag.py:3504} INFO - Setting next_dagrun for example_weekday_branch_operator to 2025-08-12T00:00:00+00:00, run_after=2025-08-13T00:00:00+00:00
[2025-08-13T10:26:54.981+0000] {processor.py:179} INFO - Processing /workspaces/hands-on-introduction-data-engineering-4395021/airflow_env/lib/python3.10/site-packages/airflow/example_dags/example_branch_day_of_week_operator.py took 0.078 seconds
[2025-08-13T10:27:37.173+0000] {processor.py:157} INFO - Started process (PID=3182) to work on /workspaces/hands-on-introduction-data-engineering-4395021/airflow_env/lib/python3.10/site-packages/airflow/example_dags/example_branch_day_of_week_operator.py
[2025-08-13T10:27:37.176+0000] {processor.py:826} INFO - Processing file /workspaces/hands-on-introduction-data-engineering-4395021/airflow_env/lib/python3.10/site-packages/airflow/example_dags/example_branch_day_of_week_operator.py for tasks to queue
[2025-08-13T10:27:37.178+0000] {logging_mixin.py:150} INFO - [2025-08-13T10:27:37.176+0000] {dagbag.py:541} INFO - Filling up the DagBag from /workspaces/hands-on-introduction-data-engineering-4395021/airflow_env/lib/python3.10/site-packages/airflow/example_dags/example_branch_day_of_week_operator.py
[2025-08-13T10:27:37.188+0000] {processor.py:836} INFO - DAG(s) dict_keys(['example_weekday_branch_operator']) retrieved from /workspaces/hands-on-introduction-data-engineering-4395021/airflow_env/lib/python3.10/site-packages/airflow/example_dags/example_branch_day_of_week_operator.py
[2025-08-13T10:27:37.207+0000] {logging_mixin.py:150} INFO - [2025-08-13T10:27:37.207+0000] {dag.py:2742} INFO - Sync 1 DAGs
[2025-08-13T10:27:37.228+0000] {logging_mixin.py:150} INFO - [2025-08-13T10:27:37.228+0000] {dag.py:3504} INFO - Setting next_dagrun for example_weekday_branch_operator to 2025-08-12T00:00:00+00:00, run_after=2025-08-13T00:00:00+00:00
[2025-08-13T10:27:37.243+0000] {processor.py:179} INFO - Processing /workspaces/hands-on-introduction-data-engineering-4395021/airflow_env/lib/python3.10/site-packages/airflow/example_dags/example_branch_day_of_week_operator.py took 0.081 seconds
[2025-08-13T10:28:35.804+0000] {processor.py:157} INFO - Started process (PID=3696) to work on /workspaces/hands-on-introduction-data-engineering-4395021/airflow_env/lib/python3.10/site-packages/airflow/example_dags/example_branch_day_of_week_operator.py
[2025-08-13T10:28:35.805+0000] {processor.py:826} INFO - Processing file /workspaces/hands-on-introduction-data-engineering-4395021/airflow_env/lib/python3.10/site-packages/airflow/example_dags/example_branch_day_of_week_operator.py for tasks to queue
[2025-08-13T10:28:35.806+0000] {logging_mixin.py:150} INFO - [2025-08-13T10:28:35.806+0000] {dagbag.py:541} INFO - Filling up the DagBag from /workspaces/hands-on-introduction-data-engineering-4395021/airflow_env/lib/python3.10/site-packages/airflow/example_dags/example_branch_day_of_week_operator.py
[2025-08-13T10:28:35.812+0000] {processor.py:836} INFO - DAG(s) dict_keys(['example_weekday_branch_operator']) retrieved from /workspaces/hands-on-introduction-data-engineering-4395021/airflow_env/lib/python3.10/site-packages/airflow/example_dags/example_branch_day_of_week_operator.py
[2025-08-13T10:28:35.824+0000] {logging_mixin.py:150} INFO - [2025-08-13T10:28:35.824+0000] {dag.py:2742} INFO - Sync 1 DAGs
[2025-08-13T10:28:35.839+0000] {logging_mixin.py:150} INFO - [2025-08-13T10:28:35.839+0000] {dag.py:3504} INFO - Setting next_dagrun for example_weekday_branch_operator to 2025-08-12T00:00:00+00:00, run_after=2025-08-13T00:00:00+00:00
[2025-08-13T10:28:35.855+0000] {processor.py:179} INFO - Processing /workspaces/hands-on-introduction-data-engineering-4395021/airflow_env/lib/python3.10/site-packages/airflow/example_dags/example_branch_day_of_week_operator.py took 0.054 seconds
[2025-08-13T10:29:22.727+0000] {processor.py:157} INFO - Started process (PID=4094) to work on /workspaces/hands-on-introduction-data-engineering-4395021/airflow_env/lib/python3.10/site-packages/airflow/example_dags/example_branch_day_of_week_operator.py
[2025-08-13T10:29:22.727+0000] {processor.py:826} INFO - Processing file /workspaces/hands-on-introduction-data-engineering-4395021/airflow_env/lib/python3.10/site-packages/airflow/example_dags/example_branch_day_of_week_operator.py for tasks to queue
[2025-08-13T10:29:22.728+0000] {logging_mixin.py:150} INFO - [2025-08-13T10:29:22.728+0000] {dagbag.py:541} INFO - Filling up the DagBag from /workspaces/hands-on-introduction-data-engineering-4395021/airflow_env/lib/python3.10/site-packages/airflow/example_dags/example_branch_day_of_week_operator.py
[2025-08-13T10:29:22.734+0000] {processor.py:836} INFO - DAG(s) dict_keys(['example_weekday_branch_operator']) retrieved from /workspaces/hands-on-introduction-data-engineering-4395021/airflow_env/lib/python3.10/site-packages/airflow/example_dags/example_branch_day_of_week_operator.py
[2025-08-13T10:29:22.746+0000] {logging_mixin.py:150} INFO - [2025-08-13T10:29:22.746+0000] {dag.py:2742} INFO - Sync 1 DAGs
[2025-08-13T10:29:22.761+0000] {logging_mixin.py:150} INFO - [2025-08-13T10:29:22.761+0000] {dag.py:3504} INFO - Setting next_dagrun for example_weekday_branch_operator to 2025-08-12T00:00:00+00:00, run_after=2025-08-13T00:00:00+00:00
[2025-08-13T10:29:22.775+0000] {processor.py:179} INFO - Processing /workspaces/hands-on-introduction-data-engineering-4395021/airflow_env/lib/python3.10/site-packages/airflow/example_dags/example_branch_day_of_week_operator.py took 0.051 seconds
[2025-08-13T10:30:07.205+0000] {processor.py:157} INFO - Started process (PID=4395) to work on /workspaces/hands-on-introduction-data-engineering-4395021/airflow_env/lib/python3.10/site-packages/airflow/example_dags/example_branch_day_of_week_operator.py
[2025-08-13T10:30:07.205+0000] {processor.py:826} INFO - Processing file /workspaces/hands-on-introduction-data-engineering-4395021/airflow_env/lib/python3.10/site-packages/airflow/example_dags/example_branch_day_of_week_operator.py for tasks to queue
[2025-08-13T10:30:07.206+0000] {logging_mixin.py:150} INFO - [2025-08-13T10:30:07.206+0000] {dagbag.py:541} INFO - Filling up the DagBag from /workspaces/hands-on-introduction-data-engineering-4395021/airflow_env/lib/python3.10/site-packages/airflow/example_dags/example_branch_day_of_week_operator.py
[2025-08-13T10:30:07.212+0000] {processor.py:836} INFO - DAG(s) dict_keys(['example_weekday_branch_operator']) retrieved from /workspaces/hands-on-introduction-data-engineering-4395021/airflow_env/lib/python3.10/site-packages/airflow/example_dags/example_branch_day_of_week_operator.py
[2025-08-13T10:30:07.236+0000] {logging_mixin.py:150} INFO - [2025-08-13T10:30:07.235+0000] {dag.py:2742} INFO - Sync 1 DAGs
[2025-08-13T10:30:07.267+0000] {logging_mixin.py:150} INFO - [2025-08-13T10:30:07.267+0000] {dag.py:3504} INFO - Setting next_dagrun for example_weekday_branch_operator to 2025-08-12T00:00:00+00:00, run_after=2025-08-13T00:00:00+00:00
[2025-08-13T10:30:07.323+0000] {processor.py:179} INFO - Processing /workspaces/hands-on-introduction-data-engineering-4395021/airflow_env/lib/python3.10/site-packages/airflow/example_dags/example_branch_day_of_week_operator.py took 0.121 seconds
[2025-08-13T10:30:51.683+0000] {processor.py:157} INFO - Started process (PID=4698) to work on /workspaces/hands-on-introduction-data-engineering-4395021/airflow_env/lib/python3.10/site-packages/airflow/example_dags/example_branch_day_of_week_operator.py
[2025-08-13T10:30:51.684+0000] {processor.py:826} INFO - Processing file /workspaces/hands-on-introduction-data-engineering-4395021/airflow_env/lib/python3.10/site-packages/airflow/example_dags/example_branch_day_of_week_operator.py for tasks to queue
[2025-08-13T10:30:51.684+0000] {logging_mixin.py:150} INFO - [2025-08-13T10:30:51.684+0000] {dagbag.py:541} INFO - Filling up the DagBag from /workspaces/hands-on-introduction-data-engineering-4395021/airflow_env/lib/python3.10/site-packages/airflow/example_dags/example_branch_day_of_week_operator.py
[2025-08-13T10:30:51.690+0000] {processor.py:836} INFO - DAG(s) dict_keys(['example_weekday_branch_operator']) retrieved from /workspaces/hands-on-introduction-data-engineering-4395021/airflow_env/lib/python3.10/site-packages/airflow/example_dags/example_branch_day_of_week_operator.py
[2025-08-13T10:30:51.702+0000] {logging_mixin.py:150} INFO - [2025-08-13T10:30:51.702+0000] {dag.py:2742} INFO - Sync 1 DAGs
[2025-08-13T10:30:51.718+0000] {logging_mixin.py:150} INFO - [2025-08-13T10:30:51.718+0000] {dag.py:3504} INFO - Setting next_dagrun for example_weekday_branch_operator to 2025-08-12T00:00:00+00:00, run_after=2025-08-13T00:00:00+00:00
[2025-08-13T10:30:51.733+0000] {processor.py:179} INFO - Processing /workspaces/hands-on-introduction-data-engineering-4395021/airflow_env/lib/python3.10/site-packages/airflow/example_dags/example_branch_day_of_week_operator.py took 0.052 seconds
[2025-08-13T10:31:36.730+0000] {processor.py:157} INFO - Started process (PID=5006) to work on /workspaces/hands-on-introduction-data-engineering-4395021/airflow_env/lib/python3.10/site-packages/airflow/example_dags/example_branch_day_of_week_operator.py
[2025-08-13T10:31:36.730+0000] {processor.py:826} INFO - Processing file /workspaces/hands-on-introduction-data-engineering-4395021/airflow_env/lib/python3.10/site-packages/airflow/example_dags/example_branch_day_of_week_operator.py for tasks to queue
[2025-08-13T10:31:36.731+0000] {logging_mixin.py:150} INFO - [2025-08-13T10:31:36.731+0000] {dagbag.py:541} INFO - Filling up the DagBag from /workspaces/hands-on-introduction-data-engineering-4395021/airflow_env/lib/python3.10/site-packages/airflow/example_dags/example_branch_day_of_week_operator.py
[2025-08-13T10:31:36.737+0000] {processor.py:836} INFO - DAG(s) dict_keys(['example_weekday_branch_operator']) retrieved from /workspaces/hands-on-introduction-data-engineering-4395021/airflow_env/lib/python3.10/site-packages/airflow/example_dags/example_branch_day_of_week_operator.py
[2025-08-13T10:31:36.750+0000] {logging_mixin.py:150} INFO - [2025-08-13T10:31:36.750+0000] {dag.py:2742} INFO - Sync 1 DAGs
[2025-08-13T10:31:36.765+0000] {logging_mixin.py:150} INFO - [2025-08-13T10:31:36.765+0000] {dag.py:3504} INFO - Setting next_dagrun for example_weekday_branch_operator to 2025-08-12T00:00:00+00:00, run_after=2025-08-13T00:00:00+00:00
[2025-08-13T10:31:36.780+0000] {processor.py:179} INFO - Processing /workspaces/hands-on-introduction-data-engineering-4395021/airflow_env/lib/python3.10/site-packages/airflow/example_dags/example_branch_day_of_week_operator.py took 0.053 seconds
[2025-08-13T10:32:32.997+0000] {processor.py:157} INFO - Started process (PID=5385) to work on /workspaces/hands-on-introduction-data-engineering-4395021/airflow_env/lib/python3.10/site-packages/airflow/example_dags/example_branch_day_of_week_operator.py
[2025-08-13T10:32:32.998+0000] {processor.py:826} INFO - Processing file /workspaces/hands-on-introduction-data-engineering-4395021/airflow_env/lib/python3.10/site-packages/airflow/example_dags/example_branch_day_of_week_operator.py for tasks to queue
[2025-08-13T10:32:32.999+0000] {logging_mixin.py:150} INFO - [2025-08-13T10:32:32.999+0000] {dagbag.py:541} INFO - Filling up the DagBag from /workspaces/hands-on-introduction-data-engineering-4395021/airflow_env/lib/python3.10/site-packages/airflow/example_dags/example_branch_day_of_week_operator.py
[2025-08-13T10:32:33.007+0000] {processor.py:836} INFO - DAG(s) dict_keys(['example_weekday_branch_operator']) retrieved from /workspaces/hands-on-introduction-data-engineering-4395021/airflow_env/lib/python3.10/site-packages/airflow/example_dags/example_branch_day_of_week_operator.py
[2025-08-13T10:32:33.019+0000] {logging_mixin.py:150} INFO - [2025-08-13T10:32:33.019+0000] {dag.py:2742} INFO - Sync 1 DAGs
[2025-08-13T10:32:33.041+0000] {logging_mixin.py:150} INFO - [2025-08-13T10:32:33.041+0000] {dag.py:3504} INFO - Setting next_dagrun for example_weekday_branch_operator to 2025-08-12T00:00:00+00:00, run_after=2025-08-13T00:00:00+00:00
[2025-08-13T10:32:33.057+0000] {processor.py:179} INFO - Processing /workspaces/hands-on-introduction-data-engineering-4395021/airflow_env/lib/python3.10/site-packages/airflow/example_dags/example_branch_day_of_week_operator.py took 0.062 seconds
[2025-08-13T10:33:20.090+0000] {processor.py:157} INFO - Started process (PID=5816) to work on /workspaces/hands-on-introduction-data-engineering-4395021/airflow_env/lib/python3.10/site-packages/airflow/example_dags/example_branch_day_of_week_operator.py
[2025-08-13T10:33:20.091+0000] {processor.py:826} INFO - Processing file /workspaces/hands-on-introduction-data-engineering-4395021/airflow_env/lib/python3.10/site-packages/airflow/example_dags/example_branch_day_of_week_operator.py for tasks to queue
[2025-08-13T10:33:20.092+0000] {logging_mixin.py:150} INFO - [2025-08-13T10:33:20.091+0000] {dagbag.py:541} INFO - Filling up the DagBag from /workspaces/hands-on-introduction-data-engineering-4395021/airflow_env/lib/python3.10/site-packages/airflow/example_dags/example_branch_day_of_week_operator.py
[2025-08-13T10:33:20.097+0000] {processor.py:836} INFO - DAG(s) dict_keys(['example_weekday_branch_operator']) retrieved from /workspaces/hands-on-introduction-data-engineering-4395021/airflow_env/lib/python3.10/site-packages/airflow/example_dags/example_branch_day_of_week_operator.py
[2025-08-13T10:33:20.111+0000] {logging_mixin.py:150} INFO - [2025-08-13T10:33:20.111+0000] {dag.py:2742} INFO - Sync 1 DAGs
[2025-08-13T10:33:20.126+0000] {logging_mixin.py:150} INFO - [2025-08-13T10:33:20.126+0000] {dag.py:3504} INFO - Setting next_dagrun for example_weekday_branch_operator to 2025-08-12T00:00:00+00:00, run_after=2025-08-13T00:00:00+00:00
[2025-08-13T10:33:20.141+0000] {processor.py:179} INFO - Processing /workspaces/hands-on-introduction-data-engineering-4395021/airflow_env/lib/python3.10/site-packages/airflow/example_dags/example_branch_day_of_week_operator.py took 0.053 seconds
[2025-08-13T10:34:17.358+0000] {processor.py:157} INFO - Started process (PID=6278) to work on /workspaces/hands-on-introduction-data-engineering-4395021/airflow_env/lib/python3.10/site-packages/airflow/example_dags/example_branch_day_of_week_operator.py
[2025-08-13T10:34:17.359+0000] {processor.py:826} INFO - Processing file /workspaces/hands-on-introduction-data-engineering-4395021/airflow_env/lib/python3.10/site-packages/airflow/example_dags/example_branch_day_of_week_operator.py for tasks to queue
[2025-08-13T10:34:17.359+0000] {logging_mixin.py:150} INFO - [2025-08-13T10:34:17.359+0000] {dagbag.py:541} INFO - Filling up the DagBag from /workspaces/hands-on-introduction-data-engineering-4395021/airflow_env/lib/python3.10/site-packages/airflow/example_dags/example_branch_day_of_week_operator.py
[2025-08-13T10:34:17.365+0000] {processor.py:836} INFO - DAG(s) dict_keys(['example_weekday_branch_operator']) retrieved from /workspaces/hands-on-introduction-data-engineering-4395021/airflow_env/lib/python3.10/site-packages/airflow/example_dags/example_branch_day_of_week_operator.py
[2025-08-13T10:34:17.377+0000] {logging_mixin.py:150} INFO - [2025-08-13T10:34:17.377+0000] {dag.py:2742} INFO - Sync 1 DAGs
[2025-08-13T10:34:17.392+0000] {logging_mixin.py:150} INFO - [2025-08-13T10:34:17.392+0000] {dag.py:3504} INFO - Setting next_dagrun for example_weekday_branch_operator to 2025-08-12T00:00:00+00:00, run_after=2025-08-13T00:00:00+00:00
[2025-08-13T10:34:17.407+0000] {processor.py:179} INFO - Processing /workspaces/hands-on-introduction-data-engineering-4395021/airflow_env/lib/python3.10/site-packages/airflow/example_dags/example_branch_day_of_week_operator.py took 0.051 seconds
[2025-08-13T10:35:04.212+0000] {processor.py:157} INFO - Started process (PID=6681) to work on /workspaces/hands-on-introduction-data-engineering-4395021/airflow_env/lib/python3.10/site-packages/airflow/example_dags/example_branch_day_of_week_operator.py
[2025-08-13T10:35:04.212+0000] {processor.py:826} INFO - Processing file /workspaces/hands-on-introduction-data-engineering-4395021/airflow_env/lib/python3.10/site-packages/airflow/example_dags/example_branch_day_of_week_operator.py for tasks to queue
[2025-08-13T10:35:04.213+0000] {logging_mixin.py:150} INFO - [2025-08-13T10:35:04.213+0000] {dagbag.py:541} INFO - Filling up the DagBag from /workspaces/hands-on-introduction-data-engineering-4395021/airflow_env/lib/python3.10/site-packages/airflow/example_dags/example_branch_day_of_week_operator.py
[2025-08-13T10:35:04.219+0000] {processor.py:836} INFO - DAG(s) dict_keys(['example_weekday_branch_operator']) retrieved from /workspaces/hands-on-introduction-data-engineering-4395021/airflow_env/lib/python3.10/site-packages/airflow/example_dags/example_branch_day_of_week_operator.py
[2025-08-13T10:35:04.231+0000] {logging_mixin.py:150} INFO - [2025-08-13T10:35:04.231+0000] {dag.py:2742} INFO - Sync 1 DAGs
[2025-08-13T10:35:04.248+0000] {logging_mixin.py:150} INFO - [2025-08-13T10:35:04.248+0000] {dag.py:3504} INFO - Setting next_dagrun for example_weekday_branch_operator to 2025-08-12T00:00:00+00:00, run_after=2025-08-13T00:00:00+00:00
[2025-08-13T10:35:04.264+0000] {processor.py:179} INFO - Processing /workspaces/hands-on-introduction-data-engineering-4395021/airflow_env/lib/python3.10/site-packages/airflow/example_dags/example_branch_day_of_week_operator.py took 0.055 seconds
[2025-08-13T10:35:45.564+0000] {processor.py:157} INFO - Started process (PID=6965) to work on /workspaces/hands-on-introduction-data-engineering-4395021/airflow_env/lib/python3.10/site-packages/airflow/example_dags/example_branch_day_of_week_operator.py
[2025-08-13T10:35:45.564+0000] {processor.py:826} INFO - Processing file /workspaces/hands-on-introduction-data-engineering-4395021/airflow_env/lib/python3.10/site-packages/airflow/example_dags/example_branch_day_of_week_operator.py for tasks to queue
[2025-08-13T10:35:45.565+0000] {logging_mixin.py:150} INFO - [2025-08-13T10:35:45.565+0000] {dagbag.py:541} INFO - Filling up the DagBag from /workspaces/hands-on-introduction-data-engineering-4395021/airflow_env/lib/python3.10/site-packages/airflow/example_dags/example_branch_day_of_week_operator.py
[2025-08-13T10:35:45.571+0000] {processor.py:836} INFO - DAG(s) dict_keys(['example_weekday_branch_operator']) retrieved from /workspaces/hands-on-introduction-data-engineering-4395021/airflow_env/lib/python3.10/site-packages/airflow/example_dags/example_branch_day_of_week_operator.py
[2025-08-13T10:35:45.584+0000] {logging_mixin.py:150} INFO - [2025-08-13T10:35:45.584+0000] {dag.py:2742} INFO - Sync 1 DAGs
[2025-08-13T10:35:45.601+0000] {logging_mixin.py:150} INFO - [2025-08-13T10:35:45.601+0000] {dag.py:3504} INFO - Setting next_dagrun for example_weekday_branch_operator to 2025-08-12T00:00:00+00:00, run_after=2025-08-13T00:00:00+00:00
[2025-08-13T10:35:45.616+0000] {processor.py:179} INFO - Processing /workspaces/hands-on-introduction-data-engineering-4395021/airflow_env/lib/python3.10/site-packages/airflow/example_dags/example_branch_day_of_week_operator.py took 0.055 seconds
[2025-08-13T10:36:36.182+0000] {processor.py:157} INFO - Started process (PID=7296) to work on /workspaces/hands-on-introduction-data-engineering-4395021/airflow_env/lib/python3.10/site-packages/airflow/example_dags/example_branch_day_of_week_operator.py
[2025-08-13T10:36:36.182+0000] {processor.py:826} INFO - Processing file /workspaces/hands-on-introduction-data-engineering-4395021/airflow_env/lib/python3.10/site-packages/airflow/example_dags/example_branch_day_of_week_operator.py for tasks to queue
[2025-08-13T10:36:36.183+0000] {logging_mixin.py:150} INFO - [2025-08-13T10:36:36.183+0000] {dagbag.py:541} INFO - Filling up the DagBag from /workspaces/hands-on-introduction-data-engineering-4395021/airflow_env/lib/python3.10/site-packages/airflow/example_dags/example_branch_day_of_week_operator.py
[2025-08-13T10:36:36.190+0000] {processor.py:836} INFO - DAG(s) dict_keys(['example_weekday_branch_operator']) retrieved from /workspaces/hands-on-introduction-data-engineering-4395021/airflow_env/lib/python3.10/site-packages/airflow/example_dags/example_branch_day_of_week_operator.py
[2025-08-13T10:36:36.202+0000] {logging_mixin.py:150} INFO - [2025-08-13T10:36:36.201+0000] {dag.py:2742} INFO - Sync 1 DAGs
[2025-08-13T10:36:36.217+0000] {logging_mixin.py:150} INFO - [2025-08-13T10:36:36.217+0000] {dag.py:3504} INFO - Setting next_dagrun for example_weekday_branch_operator to 2025-08-12T00:00:00+00:00, run_after=2025-08-13T00:00:00+00:00
[2025-08-13T10:36:36.232+0000] {processor.py:179} INFO - Processing /workspaces/hands-on-introduction-data-engineering-4395021/airflow_env/lib/python3.10/site-packages/airflow/example_dags/example_branch_day_of_week_operator.py took 0.052 seconds
[2025-08-13T10:37:21.686+0000] {processor.py:157} INFO - Started process (PID=7606) to work on /workspaces/hands-on-introduction-data-engineering-4395021/airflow_env/lib/python3.10/site-packages/airflow/example_dags/example_branch_day_of_week_operator.py
[2025-08-13T10:37:21.686+0000] {processor.py:826} INFO - Processing file /workspaces/hands-on-introduction-data-engineering-4395021/airflow_env/lib/python3.10/site-packages/airflow/example_dags/example_branch_day_of_week_operator.py for tasks to queue
[2025-08-13T10:37:21.687+0000] {logging_mixin.py:150} INFO - [2025-08-13T10:37:21.687+0000] {dagbag.py:541} INFO - Filling up the DagBag from /workspaces/hands-on-introduction-data-engineering-4395021/airflow_env/lib/python3.10/site-packages/airflow/example_dags/example_branch_day_of_week_operator.py
[2025-08-13T10:37:21.693+0000] {processor.py:836} INFO - DAG(s) dict_keys(['example_weekday_branch_operator']) retrieved from /workspaces/hands-on-introduction-data-engineering-4395021/airflow_env/lib/python3.10/site-packages/airflow/example_dags/example_branch_day_of_week_operator.py
[2025-08-13T10:37:21.705+0000] {logging_mixin.py:150} INFO - [2025-08-13T10:37:21.705+0000] {dag.py:2742} INFO - Sync 1 DAGs
[2025-08-13T10:37:21.721+0000] {logging_mixin.py:150} INFO - [2025-08-13T10:37:21.721+0000] {dag.py:3504} INFO - Setting next_dagrun for example_weekday_branch_operator to 2025-08-12T00:00:00+00:00, run_after=2025-08-13T00:00:00+00:00
[2025-08-13T10:37:21.735+0000] {processor.py:179} INFO - Processing /workspaces/hands-on-introduction-data-engineering-4395021/airflow_env/lib/python3.10/site-packages/airflow/example_dags/example_branch_day_of_week_operator.py took 0.052 seconds
[2025-08-13T10:38:13.220+0000] {processor.py:157} INFO - Started process (PID=7992) to work on /workspaces/hands-on-introduction-data-engineering-4395021/airflow_env/lib/python3.10/site-packages/airflow/example_dags/example_branch_day_of_week_operator.py
[2025-08-13T10:38:13.220+0000] {processor.py:826} INFO - Processing file /workspaces/hands-on-introduction-data-engineering-4395021/airflow_env/lib/python3.10/site-packages/airflow/example_dags/example_branch_day_of_week_operator.py for tasks to queue
[2025-08-13T10:38:13.221+0000] {logging_mixin.py:150} INFO - [2025-08-13T10:38:13.221+0000] {dagbag.py:541} INFO - Filling up the DagBag from /workspaces/hands-on-introduction-data-engineering-4395021/airflow_env/lib/python3.10/site-packages/airflow/example_dags/example_branch_day_of_week_operator.py
[2025-08-13T10:38:13.227+0000] {processor.py:836} INFO - DAG(s) dict_keys(['example_weekday_branch_operator']) retrieved from /workspaces/hands-on-introduction-data-engineering-4395021/airflow_env/lib/python3.10/site-packages/airflow/example_dags/example_branch_day_of_week_operator.py
[2025-08-13T10:38:13.239+0000] {logging_mixin.py:150} INFO - [2025-08-13T10:38:13.239+0000] {dag.py:2742} INFO - Sync 1 DAGs
[2025-08-13T10:38:13.254+0000] {logging_mixin.py:150} INFO - [2025-08-13T10:38:13.254+0000] {dag.py:3504} INFO - Setting next_dagrun for example_weekday_branch_operator to 2025-08-12T00:00:00+00:00, run_after=2025-08-13T00:00:00+00:00
[2025-08-13T10:38:13.270+0000] {processor.py:179} INFO - Processing /workspaces/hands-on-introduction-data-engineering-4395021/airflow_env/lib/python3.10/site-packages/airflow/example_dags/example_branch_day_of_week_operator.py took 0.052 seconds
[2025-08-13T10:38:57.840+0000] {processor.py:157} INFO - Started process (PID=8292) to work on /workspaces/hands-on-introduction-data-engineering-4395021/airflow_env/lib/python3.10/site-packages/airflow/example_dags/example_branch_day_of_week_operator.py
[2025-08-13T10:38:57.841+0000] {processor.py:826} INFO - Processing file /workspaces/hands-on-introduction-data-engineering-4395021/airflow_env/lib/python3.10/site-packages/airflow/example_dags/example_branch_day_of_week_operator.py for tasks to queue
[2025-08-13T10:38:57.841+0000] {logging_mixin.py:150} INFO - [2025-08-13T10:38:57.841+0000] {dagbag.py:541} INFO - Filling up the DagBag from /workspaces/hands-on-introduction-data-engineering-4395021/airflow_env/lib/python3.10/site-packages/airflow/example_dags/example_branch_day_of_week_operator.py
[2025-08-13T10:38:57.847+0000] {processor.py:836} INFO - DAG(s) dict_keys(['example_weekday_branch_operator']) retrieved from /workspaces/hands-on-introduction-data-engineering-4395021/airflow_env/lib/python3.10/site-packages/airflow/example_dags/example_branch_day_of_week_operator.py
[2025-08-13T10:38:57.860+0000] {logging_mixin.py:150} INFO - [2025-08-13T10:38:57.859+0000] {dag.py:2742} INFO - Sync 1 DAGs
[2025-08-13T10:38:57.875+0000] {logging_mixin.py:150} INFO - [2025-08-13T10:38:57.875+0000] {dag.py:3504} INFO - Setting next_dagrun for example_weekday_branch_operator to 2025-08-12T00:00:00+00:00, run_after=2025-08-13T00:00:00+00:00
[2025-08-13T10:38:57.890+0000] {processor.py:179} INFO - Processing /workspaces/hands-on-introduction-data-engineering-4395021/airflow_env/lib/python3.10/site-packages/airflow/example_dags/example_branch_day_of_week_operator.py took 0.052 seconds
[2025-08-13T10:39:42.987+0000] {processor.py:157} INFO - Started process (PID=8591) to work on /workspaces/hands-on-introduction-data-engineering-4395021/airflow_env/lib/python3.10/site-packages/airflow/example_dags/example_branch_day_of_week_operator.py
[2025-08-13T10:39:42.988+0000] {processor.py:826} INFO - Processing file /workspaces/hands-on-introduction-data-engineering-4395021/airflow_env/lib/python3.10/site-packages/airflow/example_dags/example_branch_day_of_week_operator.py for tasks to queue
[2025-08-13T10:39:42.989+0000] {logging_mixin.py:150} INFO - [2025-08-13T10:39:42.988+0000] {dagbag.py:541} INFO - Filling up the DagBag from /workspaces/hands-on-introduction-data-engineering-4395021/airflow_env/lib/python3.10/site-packages/airflow/example_dags/example_branch_day_of_week_operator.py
[2025-08-13T10:39:42.994+0000] {processor.py:836} INFO - DAG(s) dict_keys(['example_weekday_branch_operator']) retrieved from /workspaces/hands-on-introduction-data-engineering-4395021/airflow_env/lib/python3.10/site-packages/airflow/example_dags/example_branch_day_of_week_operator.py
[2025-08-13T10:39:43.006+0000] {logging_mixin.py:150} INFO - [2025-08-13T10:39:43.006+0000] {dag.py:2742} INFO - Sync 1 DAGs
[2025-08-13T10:39:43.021+0000] {logging_mixin.py:150} INFO - [2025-08-13T10:39:43.021+0000] {dag.py:3504} INFO - Setting next_dagrun for example_weekday_branch_operator to 2025-08-12T00:00:00+00:00, run_after=2025-08-13T00:00:00+00:00
[2025-08-13T10:39:43.036+0000] {processor.py:179} INFO - Processing /workspaces/hands-on-introduction-data-engineering-4395021/airflow_env/lib/python3.10/site-packages/airflow/example_dags/example_branch_day_of_week_operator.py took 0.050 seconds
[2025-08-13T10:40:26.928+0000] {processor.py:157} INFO - Started process (PID=8906) to work on /workspaces/hands-on-introduction-data-engineering-4395021/airflow_env/lib/python3.10/site-packages/airflow/example_dags/example_branch_day_of_week_operator.py
[2025-08-13T10:40:26.928+0000] {processor.py:826} INFO - Processing file /workspaces/hands-on-introduction-data-engineering-4395021/airflow_env/lib/python3.10/site-packages/airflow/example_dags/example_branch_day_of_week_operator.py for tasks to queue
[2025-08-13T10:40:26.929+0000] {logging_mixin.py:150} INFO - [2025-08-13T10:40:26.929+0000] {dagbag.py:541} INFO - Filling up the DagBag from /workspaces/hands-on-introduction-data-engineering-4395021/airflow_env/lib/python3.10/site-packages/airflow/example_dags/example_branch_day_of_week_operator.py
[2025-08-13T10:40:26.935+0000] {processor.py:836} INFO - DAG(s) dict_keys(['example_weekday_branch_operator']) retrieved from /workspaces/hands-on-introduction-data-engineering-4395021/airflow_env/lib/python3.10/site-packages/airflow/example_dags/example_branch_day_of_week_operator.py
[2025-08-13T10:40:26.946+0000] {logging_mixin.py:150} INFO - [2025-08-13T10:40:26.946+0000] {dag.py:2742} INFO - Sync 1 DAGs
[2025-08-13T10:40:26.961+0000] {logging_mixin.py:150} INFO - [2025-08-13T10:40:26.961+0000] {dag.py:3504} INFO - Setting next_dagrun for example_weekday_branch_operator to 2025-08-12T00:00:00+00:00, run_after=2025-08-13T00:00:00+00:00
[2025-08-13T10:40:26.976+0000] {processor.py:179} INFO - Processing /workspaces/hands-on-introduction-data-engineering-4395021/airflow_env/lib/python3.10/site-packages/airflow/example_dags/example_branch_day_of_week_operator.py took 0.051 seconds
