[2025-08-13T03:25:16.930+0000] {processor.py:157} INFO - Started process (PID=4994) to work on /workspaces/hands-on-introduction-data-engineering-4395021/airflow_env/lib/python3.10/site-packages/airflow/example_dags/example_branch_operator.py
[2025-08-13T03:25:16.931+0000] {processor.py:826} INFO - Processing file /workspaces/hands-on-introduction-data-engineering-4395021/airflow_env/lib/python3.10/site-packages/airflow/example_dags/example_branch_operator.py for tasks to queue
[2025-08-13T03:25:16.931+0000] {logging_mixin.py:150} INFO - [2025-08-13T03:25:16.931+0000] {dagbag.py:541} INFO - Filling up the DagBag from /workspaces/hands-on-introduction-data-engineering-4395021/airflow_env/lib/python3.10/site-packages/airflow/example_dags/example_branch_operator.py
[2025-08-13T03:25:16.938+0000] {processor.py:836} INFO - DAG(s) dict_keys(['example_branch_operator']) retrieved from /workspaces/hands-on-introduction-data-engineering-4395021/airflow_env/lib/python3.10/site-packages/airflow/example_dags/example_branch_operator.py
[2025-08-13T03:25:17.014+0000] {logging_mixin.py:150} INFO - [2025-08-13T03:25:17.014+0000] {manager.py:504} INFO - Created Permission View: can read on DAG:example_branch_operator
[2025-08-13T03:25:17.022+0000] {logging_mixin.py:150} INFO - [2025-08-13T03:25:17.022+0000] {manager.py:504} INFO - Created Permission View: can edit on DAG:example_branch_operator
[2025-08-13T03:25:17.030+0000] {logging_mixin.py:150} INFO - [2025-08-13T03:25:17.030+0000] {manager.py:504} INFO - Created Permission View: can delete on DAG:example_branch_operator
[2025-08-13T03:25:17.038+0000] {logging_mixin.py:150} INFO - [2025-08-13T03:25:17.038+0000] {dag.py:2742} INFO - Sync 1 DAGs
[2025-08-13T03:25:17.045+0000] {logging_mixin.py:150} INFO - [2025-08-13T03:25:17.045+0000] {dag.py:2763} INFO - Creating ORM DAG for example_branch_operator
[2025-08-13T03:25:17.053+0000] {logging_mixin.py:150} INFO - [2025-08-13T03:25:17.053+0000] {dag.py:3504} INFO - Setting next_dagrun for example_branch_operator to 2025-08-12T00:00:00+00:00, run_after=2025-08-13T00:00:00+00:00
[2025-08-13T03:25:17.068+0000] {processor.py:179} INFO - Processing /workspaces/hands-on-introduction-data-engineering-4395021/airflow_env/lib/python3.10/site-packages/airflow/example_dags/example_branch_operator.py took 0.140 seconds
[2025-08-13T03:26:03.362+0000] {processor.py:157} INFO - Started process (PID=5311) to work on /workspaces/hands-on-introduction-data-engineering-4395021/airflow_env/lib/python3.10/site-packages/airflow/example_dags/example_branch_operator.py
[2025-08-13T03:26:03.362+0000] {processor.py:826} INFO - Processing file /workspaces/hands-on-introduction-data-engineering-4395021/airflow_env/lib/python3.10/site-packages/airflow/example_dags/example_branch_operator.py for tasks to queue
[2025-08-13T03:26:03.363+0000] {logging_mixin.py:150} INFO - [2025-08-13T03:26:03.363+0000] {dagbag.py:541} INFO - Filling up the DagBag from /workspaces/hands-on-introduction-data-engineering-4395021/airflow_env/lib/python3.10/site-packages/airflow/example_dags/example_branch_operator.py
[2025-08-13T03:26:03.369+0000] {processor.py:836} INFO - DAG(s) dict_keys(['example_branch_operator']) retrieved from /workspaces/hands-on-introduction-data-engineering-4395021/airflow_env/lib/python3.10/site-packages/airflow/example_dags/example_branch_operator.py
[2025-08-13T03:26:03.383+0000] {logging_mixin.py:150} INFO - [2025-08-13T03:26:03.382+0000] {dag.py:2742} INFO - Sync 1 DAGs
[2025-08-13T03:26:03.398+0000] {logging_mixin.py:150} INFO - [2025-08-13T03:26:03.398+0000] {dag.py:3504} INFO - Setting next_dagrun for example_branch_operator to 2025-08-12T00:00:00+00:00, run_after=2025-08-13T00:00:00+00:00
[2025-08-13T03:26:03.413+0000] {processor.py:179} INFO - Processing /workspaces/hands-on-introduction-data-engineering-4395021/airflow_env/lib/python3.10/site-packages/airflow/example_dags/example_branch_operator.py took 0.053 seconds
[2025-08-13T03:26:49.590+0000] {processor.py:157} INFO - Started process (PID=5607) to work on /workspaces/hands-on-introduction-data-engineering-4395021/airflow_env/lib/python3.10/site-packages/airflow/example_dags/example_branch_operator.py
[2025-08-13T03:26:49.591+0000] {processor.py:826} INFO - Processing file /workspaces/hands-on-introduction-data-engineering-4395021/airflow_env/lib/python3.10/site-packages/airflow/example_dags/example_branch_operator.py for tasks to queue
[2025-08-13T03:26:49.591+0000] {logging_mixin.py:150} INFO - [2025-08-13T03:26:49.591+0000] {dagbag.py:541} INFO - Filling up the DagBag from /workspaces/hands-on-introduction-data-engineering-4395021/airflow_env/lib/python3.10/site-packages/airflow/example_dags/example_branch_operator.py
[2025-08-13T03:26:49.598+0000] {processor.py:836} INFO - DAG(s) dict_keys(['example_branch_operator']) retrieved from /workspaces/hands-on-introduction-data-engineering-4395021/airflow_env/lib/python3.10/site-packages/airflow/example_dags/example_branch_operator.py
[2025-08-13T03:26:49.625+0000] {logging_mixin.py:150} INFO - [2025-08-13T03:26:49.625+0000] {dag.py:2742} INFO - Sync 1 DAGs
[2025-08-13T03:26:49.665+0000] {logging_mixin.py:150} INFO - [2025-08-13T03:26:49.664+0000] {dag.py:3504} INFO - Setting next_dagrun for example_branch_operator to 2025-08-12T00:00:00+00:00, run_after=2025-08-13T00:00:00+00:00
[2025-08-13T03:26:49.686+0000] {processor.py:179} INFO - Processing /workspaces/hands-on-introduction-data-engineering-4395021/airflow_env/lib/python3.10/site-packages/airflow/example_dags/example_branch_operator.py took 0.098 seconds
[2025-08-13T03:27:36.694+0000] {processor.py:157} INFO - Started process (PID=5935) to work on /workspaces/hands-on-introduction-data-engineering-4395021/airflow_env/lib/python3.10/site-packages/airflow/example_dags/example_branch_operator.py
[2025-08-13T03:27:36.694+0000] {processor.py:826} INFO - Processing file /workspaces/hands-on-introduction-data-engineering-4395021/airflow_env/lib/python3.10/site-packages/airflow/example_dags/example_branch_operator.py for tasks to queue
[2025-08-13T03:27:36.695+0000] {logging_mixin.py:150} INFO - [2025-08-13T03:27:36.695+0000] {dagbag.py:541} INFO - Filling up the DagBag from /workspaces/hands-on-introduction-data-engineering-4395021/airflow_env/lib/python3.10/site-packages/airflow/example_dags/example_branch_operator.py
[2025-08-13T03:27:36.704+0000] {processor.py:836} INFO - DAG(s) dict_keys(['example_branch_operator']) retrieved from /workspaces/hands-on-introduction-data-engineering-4395021/airflow_env/lib/python3.10/site-packages/airflow/example_dags/example_branch_operator.py
[2025-08-13T03:27:36.724+0000] {logging_mixin.py:150} INFO - [2025-08-13T03:27:36.724+0000] {dag.py:2742} INFO - Sync 1 DAGs
[2025-08-13T03:27:36.749+0000] {logging_mixin.py:150} INFO - [2025-08-13T03:27:36.749+0000] {dag.py:3504} INFO - Setting next_dagrun for example_branch_operator to 2025-08-12T00:00:00+00:00, run_after=2025-08-13T00:00:00+00:00
[2025-08-13T03:27:36.767+0000] {processor.py:179} INFO - Processing /workspaces/hands-on-introduction-data-engineering-4395021/airflow_env/lib/python3.10/site-packages/airflow/example_dags/example_branch_operator.py took 0.076 seconds
[2025-08-13T03:28:26.071+0000] {processor.py:157} INFO - Started process (PID=6391) to work on /workspaces/hands-on-introduction-data-engineering-4395021/airflow_env/lib/python3.10/site-packages/airflow/example_dags/example_branch_operator.py
[2025-08-13T03:28:26.072+0000] {processor.py:826} INFO - Processing file /workspaces/hands-on-introduction-data-engineering-4395021/airflow_env/lib/python3.10/site-packages/airflow/example_dags/example_branch_operator.py for tasks to queue
[2025-08-13T03:28:26.073+0000] {logging_mixin.py:150} INFO - [2025-08-13T03:28:26.072+0000] {dagbag.py:541} INFO - Filling up the DagBag from /workspaces/hands-on-introduction-data-engineering-4395021/airflow_env/lib/python3.10/site-packages/airflow/example_dags/example_branch_operator.py
[2025-08-13T03:28:26.080+0000] {processor.py:836} INFO - DAG(s) dict_keys(['example_branch_operator']) retrieved from /workspaces/hands-on-introduction-data-engineering-4395021/airflow_env/lib/python3.10/site-packages/airflow/example_dags/example_branch_operator.py
[2025-08-13T03:28:26.093+0000] {logging_mixin.py:150} INFO - [2025-08-13T03:28:26.093+0000] {dag.py:2742} INFO - Sync 1 DAGs
[2025-08-13T03:28:26.108+0000] {logging_mixin.py:150} INFO - [2025-08-13T03:28:26.108+0000] {dag.py:3504} INFO - Setting next_dagrun for example_branch_operator to 2025-08-12T00:00:00+00:00, run_after=2025-08-13T00:00:00+00:00
[2025-08-13T03:28:26.123+0000] {processor.py:179} INFO - Processing /workspaces/hands-on-introduction-data-engineering-4395021/airflow_env/lib/python3.10/site-packages/airflow/example_dags/example_branch_operator.py took 0.054 seconds
[2025-08-13T03:29:11.278+0000] {processor.py:157} INFO - Started process (PID=6746) to work on /workspaces/hands-on-introduction-data-engineering-4395021/airflow_env/lib/python3.10/site-packages/airflow/example_dags/example_branch_operator.py
[2025-08-13T03:29:11.279+0000] {processor.py:826} INFO - Processing file /workspaces/hands-on-introduction-data-engineering-4395021/airflow_env/lib/python3.10/site-packages/airflow/example_dags/example_branch_operator.py for tasks to queue
[2025-08-13T03:29:11.280+0000] {logging_mixin.py:150} INFO - [2025-08-13T03:29:11.279+0000] {dagbag.py:541} INFO - Filling up the DagBag from /workspaces/hands-on-introduction-data-engineering-4395021/airflow_env/lib/python3.10/site-packages/airflow/example_dags/example_branch_operator.py
[2025-08-13T03:29:11.289+0000] {processor.py:836} INFO - DAG(s) dict_keys(['example_branch_operator']) retrieved from /workspaces/hands-on-introduction-data-engineering-4395021/airflow_env/lib/python3.10/site-packages/airflow/example_dags/example_branch_operator.py
[2025-08-13T03:29:11.310+0000] {logging_mixin.py:150} INFO - [2025-08-13T03:29:11.310+0000] {dag.py:2742} INFO - Sync 1 DAGs
[2025-08-13T03:29:11.334+0000] {logging_mixin.py:150} INFO - [2025-08-13T03:29:11.333+0000] {dag.py:3504} INFO - Setting next_dagrun for example_branch_operator to 2025-08-12T00:00:00+00:00, run_after=2025-08-13T00:00:00+00:00
[2025-08-13T03:29:11.370+0000] {processor.py:179} INFO - Processing /workspaces/hands-on-introduction-data-engineering-4395021/airflow_env/lib/python3.10/site-packages/airflow/example_dags/example_branch_operator.py took 0.094 seconds
[2025-08-13T03:29:53.121+0000] {processor.py:157} INFO - Started process (PID=7260) to work on /workspaces/hands-on-introduction-data-engineering-4395021/airflow_env/lib/python3.10/site-packages/airflow/example_dags/example_branch_operator.py
[2025-08-13T03:29:53.121+0000] {processor.py:826} INFO - Processing file /workspaces/hands-on-introduction-data-engineering-4395021/airflow_env/lib/python3.10/site-packages/airflow/example_dags/example_branch_operator.py for tasks to queue
[2025-08-13T03:29:53.122+0000] {logging_mixin.py:150} INFO - [2025-08-13T03:29:53.122+0000] {dagbag.py:541} INFO - Filling up the DagBag from /workspaces/hands-on-introduction-data-engineering-4395021/airflow_env/lib/python3.10/site-packages/airflow/example_dags/example_branch_operator.py
[2025-08-13T03:29:53.129+0000] {processor.py:836} INFO - DAG(s) dict_keys(['example_branch_operator']) retrieved from /workspaces/hands-on-introduction-data-engineering-4395021/airflow_env/lib/python3.10/site-packages/airflow/example_dags/example_branch_operator.py
[2025-08-13T03:29:53.142+0000] {logging_mixin.py:150} INFO - [2025-08-13T03:29:53.142+0000] {dag.py:2742} INFO - Sync 1 DAGs
[2025-08-13T03:29:53.157+0000] {logging_mixin.py:150} INFO - [2025-08-13T03:29:53.157+0000] {dag.py:3504} INFO - Setting next_dagrun for example_branch_operator to 2025-08-12T00:00:00+00:00, run_after=2025-08-13T00:00:00+00:00
[2025-08-13T03:29:53.172+0000] {processor.py:179} INFO - Processing /workspaces/hands-on-introduction-data-engineering-4395021/airflow_env/lib/python3.10/site-packages/airflow/example_dags/example_branch_operator.py took 0.054 seconds
[2025-08-13T03:30:36.831+0000] {processor.py:157} INFO - Started process (PID=7547) to work on /workspaces/hands-on-introduction-data-engineering-4395021/airflow_env/lib/python3.10/site-packages/airflow/example_dags/example_branch_operator.py
[2025-08-13T03:30:36.832+0000] {processor.py:826} INFO - Processing file /workspaces/hands-on-introduction-data-engineering-4395021/airflow_env/lib/python3.10/site-packages/airflow/example_dags/example_branch_operator.py for tasks to queue
[2025-08-13T03:30:36.833+0000] {logging_mixin.py:150} INFO - [2025-08-13T03:30:36.833+0000] {dagbag.py:541} INFO - Filling up the DagBag from /workspaces/hands-on-introduction-data-engineering-4395021/airflow_env/lib/python3.10/site-packages/airflow/example_dags/example_branch_operator.py
[2025-08-13T03:30:36.842+0000] {processor.py:836} INFO - DAG(s) dict_keys(['example_branch_operator']) retrieved from /workspaces/hands-on-introduction-data-engineering-4395021/airflow_env/lib/python3.10/site-packages/airflow/example_dags/example_branch_operator.py
[2025-08-13T03:30:36.863+0000] {logging_mixin.py:150} INFO - [2025-08-13T03:30:36.863+0000] {dag.py:2742} INFO - Sync 1 DAGs
[2025-08-13T03:30:36.886+0000] {logging_mixin.py:150} INFO - [2025-08-13T03:30:36.886+0000] {dag.py:3504} INFO - Setting next_dagrun for example_branch_operator to 2025-08-12T00:00:00+00:00, run_after=2025-08-13T00:00:00+00:00
[2025-08-13T03:30:36.903+0000] {processor.py:179} INFO - Processing /workspaces/hands-on-introduction-data-engineering-4395021/airflow_env/lib/python3.10/site-packages/airflow/example_dags/example_branch_operator.py took 0.074 seconds
[2025-08-13T03:31:33.104+0000] {processor.py:157} INFO - Started process (PID=7931) to work on /workspaces/hands-on-introduction-data-engineering-4395021/airflow_env/lib/python3.10/site-packages/airflow/example_dags/example_branch_operator.py
[2025-08-13T03:31:33.104+0000] {processor.py:826} INFO - Processing file /workspaces/hands-on-introduction-data-engineering-4395021/airflow_env/lib/python3.10/site-packages/airflow/example_dags/example_branch_operator.py for tasks to queue
[2025-08-13T03:31:33.105+0000] {logging_mixin.py:150} INFO - [2025-08-13T03:31:33.105+0000] {dagbag.py:541} INFO - Filling up the DagBag from /workspaces/hands-on-introduction-data-engineering-4395021/airflow_env/lib/python3.10/site-packages/airflow/example_dags/example_branch_operator.py
[2025-08-13T03:31:33.111+0000] {processor.py:836} INFO - DAG(s) dict_keys(['example_branch_operator']) retrieved from /workspaces/hands-on-introduction-data-engineering-4395021/airflow_env/lib/python3.10/site-packages/airflow/example_dags/example_branch_operator.py
[2025-08-13T03:31:33.124+0000] {logging_mixin.py:150} INFO - [2025-08-13T03:31:33.124+0000] {dag.py:2742} INFO - Sync 1 DAGs
[2025-08-13T03:31:33.140+0000] {logging_mixin.py:150} INFO - [2025-08-13T03:31:33.140+0000] {dag.py:3504} INFO - Setting next_dagrun for example_branch_operator to 2025-08-12T00:00:00+00:00, run_after=2025-08-13T00:00:00+00:00
[2025-08-13T03:31:33.155+0000] {processor.py:179} INFO - Processing /workspaces/hands-on-introduction-data-engineering-4395021/airflow_env/lib/python3.10/site-packages/airflow/example_dags/example_branch_operator.py took 0.054 seconds
[2025-08-13T03:32:19.526+0000] {processor.py:157} INFO - Started process (PID=8236) to work on /workspaces/hands-on-introduction-data-engineering-4395021/airflow_env/lib/python3.10/site-packages/airflow/example_dags/example_branch_operator.py
[2025-08-13T03:32:19.526+0000] {processor.py:826} INFO - Processing file /workspaces/hands-on-introduction-data-engineering-4395021/airflow_env/lib/python3.10/site-packages/airflow/example_dags/example_branch_operator.py for tasks to queue
[2025-08-13T03:32:19.527+0000] {logging_mixin.py:150} INFO - [2025-08-13T03:32:19.527+0000] {dagbag.py:541} INFO - Filling up the DagBag from /workspaces/hands-on-introduction-data-engineering-4395021/airflow_env/lib/python3.10/site-packages/airflow/example_dags/example_branch_operator.py
[2025-08-13T03:32:19.534+0000] {processor.py:836} INFO - DAG(s) dict_keys(['example_branch_operator']) retrieved from /workspaces/hands-on-introduction-data-engineering-4395021/airflow_env/lib/python3.10/site-packages/airflow/example_dags/example_branch_operator.py
[2025-08-13T03:32:19.547+0000] {logging_mixin.py:150} INFO - [2025-08-13T03:32:19.547+0000] {dag.py:2742} INFO - Sync 1 DAGs
[2025-08-13T03:32:19.562+0000] {logging_mixin.py:150} INFO - [2025-08-13T03:32:19.562+0000] {dag.py:3504} INFO - Setting next_dagrun for example_branch_operator to 2025-08-12T00:00:00+00:00, run_after=2025-08-13T00:00:00+00:00
[2025-08-13T03:32:19.578+0000] {processor.py:179} INFO - Processing /workspaces/hands-on-introduction-data-engineering-4395021/airflow_env/lib/python3.10/site-packages/airflow/example_dags/example_branch_operator.py took 0.054 seconds
[2025-08-13T03:33:05.713+0000] {processor.py:157} INFO - Started process (PID=8545) to work on /workspaces/hands-on-introduction-data-engineering-4395021/airflow_env/lib/python3.10/site-packages/airflow/example_dags/example_branch_operator.py
[2025-08-13T03:33:05.714+0000] {processor.py:826} INFO - Processing file /workspaces/hands-on-introduction-data-engineering-4395021/airflow_env/lib/python3.10/site-packages/airflow/example_dags/example_branch_operator.py for tasks to queue
[2025-08-13T03:33:05.714+0000] {logging_mixin.py:150} INFO - [2025-08-13T03:33:05.714+0000] {dagbag.py:541} INFO - Filling up the DagBag from /workspaces/hands-on-introduction-data-engineering-4395021/airflow_env/lib/python3.10/site-packages/airflow/example_dags/example_branch_operator.py
[2025-08-13T03:33:05.721+0000] {processor.py:836} INFO - DAG(s) dict_keys(['example_branch_operator']) retrieved from /workspaces/hands-on-introduction-data-engineering-4395021/airflow_env/lib/python3.10/site-packages/airflow/example_dags/example_branch_operator.py
[2025-08-13T03:33:05.734+0000] {logging_mixin.py:150} INFO - [2025-08-13T03:33:05.734+0000] {dag.py:2742} INFO - Sync 1 DAGs
[2025-08-13T03:33:05.749+0000] {logging_mixin.py:150} INFO - [2025-08-13T03:33:05.749+0000] {dag.py:3504} INFO - Setting next_dagrun for example_branch_operator to 2025-08-12T00:00:00+00:00, run_after=2025-08-13T00:00:00+00:00
[2025-08-13T03:33:05.765+0000] {processor.py:179} INFO - Processing /workspaces/hands-on-introduction-data-engineering-4395021/airflow_env/lib/python3.10/site-packages/airflow/example_dags/example_branch_operator.py took 0.054 seconds
[2025-08-13T03:33:49.089+0000] {processor.py:157} INFO - Started process (PID=8832) to work on /workspaces/hands-on-introduction-data-engineering-4395021/airflow_env/lib/python3.10/site-packages/airflow/example_dags/example_branch_operator.py
[2025-08-13T03:33:49.090+0000] {processor.py:826} INFO - Processing file /workspaces/hands-on-introduction-data-engineering-4395021/airflow_env/lib/python3.10/site-packages/airflow/example_dags/example_branch_operator.py for tasks to queue
[2025-08-13T03:33:49.090+0000] {logging_mixin.py:150} INFO - [2025-08-13T03:33:49.090+0000] {dagbag.py:541} INFO - Filling up the DagBag from /workspaces/hands-on-introduction-data-engineering-4395021/airflow_env/lib/python3.10/site-packages/airflow/example_dags/example_branch_operator.py
[2025-08-13T03:33:49.097+0000] {processor.py:836} INFO - DAG(s) dict_keys(['example_branch_operator']) retrieved from /workspaces/hands-on-introduction-data-engineering-4395021/airflow_env/lib/python3.10/site-packages/airflow/example_dags/example_branch_operator.py
[2025-08-13T03:33:49.110+0000] {logging_mixin.py:150} INFO - [2025-08-13T03:33:49.110+0000] {dag.py:2742} INFO - Sync 1 DAGs
[2025-08-13T03:33:49.125+0000] {logging_mixin.py:150} INFO - [2025-08-13T03:33:49.125+0000] {dag.py:3504} INFO - Setting next_dagrun for example_branch_operator to 2025-08-12T00:00:00+00:00, run_after=2025-08-13T00:00:00+00:00
[2025-08-13T03:33:49.140+0000] {processor.py:179} INFO - Processing /workspaces/hands-on-introduction-data-engineering-4395021/airflow_env/lib/python3.10/site-packages/airflow/example_dags/example_branch_operator.py took 0.053 seconds
[2025-08-13T03:34:33.354+0000] {processor.py:157} INFO - Started process (PID=9125) to work on /workspaces/hands-on-introduction-data-engineering-4395021/airflow_env/lib/python3.10/site-packages/airflow/example_dags/example_branch_operator.py
[2025-08-13T03:34:33.355+0000] {processor.py:826} INFO - Processing file /workspaces/hands-on-introduction-data-engineering-4395021/airflow_env/lib/python3.10/site-packages/airflow/example_dags/example_branch_operator.py for tasks to queue
[2025-08-13T03:34:33.356+0000] {logging_mixin.py:150} INFO - [2025-08-13T03:34:33.355+0000] {dagbag.py:541} INFO - Filling up the DagBag from /workspaces/hands-on-introduction-data-engineering-4395021/airflow_env/lib/python3.10/site-packages/airflow/example_dags/example_branch_operator.py
[2025-08-13T03:34:33.362+0000] {processor.py:836} INFO - DAG(s) dict_keys(['example_branch_operator']) retrieved from /workspaces/hands-on-introduction-data-engineering-4395021/airflow_env/lib/python3.10/site-packages/airflow/example_dags/example_branch_operator.py
[2025-08-13T03:34:33.375+0000] {logging_mixin.py:150} INFO - [2025-08-13T03:34:33.375+0000] {dag.py:2742} INFO - Sync 1 DAGs
[2025-08-13T03:34:33.390+0000] {logging_mixin.py:150} INFO - [2025-08-13T03:34:33.390+0000] {dag.py:3504} INFO - Setting next_dagrun for example_branch_operator to 2025-08-12T00:00:00+00:00, run_after=2025-08-13T00:00:00+00:00
[2025-08-13T03:34:33.407+0000] {processor.py:179} INFO - Processing /workspaces/hands-on-introduction-data-engineering-4395021/airflow_env/lib/python3.10/site-packages/airflow/example_dags/example_branch_operator.py took 0.055 seconds
[2025-08-13T03:35:29.565+0000] {processor.py:157} INFO - Started process (PID=9558) to work on /workspaces/hands-on-introduction-data-engineering-4395021/airflow_env/lib/python3.10/site-packages/airflow/example_dags/example_branch_operator.py
[2025-08-13T03:35:29.565+0000] {processor.py:826} INFO - Processing file /workspaces/hands-on-introduction-data-engineering-4395021/airflow_env/lib/python3.10/site-packages/airflow/example_dags/example_branch_operator.py for tasks to queue
[2025-08-13T03:35:29.566+0000] {logging_mixin.py:150} INFO - [2025-08-13T03:35:29.566+0000] {dagbag.py:541} INFO - Filling up the DagBag from /workspaces/hands-on-introduction-data-engineering-4395021/airflow_env/lib/python3.10/site-packages/airflow/example_dags/example_branch_operator.py
[2025-08-13T03:35:29.573+0000] {processor.py:836} INFO - DAG(s) dict_keys(['example_branch_operator']) retrieved from /workspaces/hands-on-introduction-data-engineering-4395021/airflow_env/lib/python3.10/site-packages/airflow/example_dags/example_branch_operator.py
[2025-08-13T03:35:29.586+0000] {logging_mixin.py:150} INFO - [2025-08-13T03:35:29.586+0000] {dag.py:2742} INFO - Sync 1 DAGs
[2025-08-13T03:35:29.602+0000] {logging_mixin.py:150} INFO - [2025-08-13T03:35:29.602+0000] {dag.py:3504} INFO - Setting next_dagrun for example_branch_operator to 2025-08-12T00:00:00+00:00, run_after=2025-08-13T00:00:00+00:00
[2025-08-13T03:35:29.617+0000] {processor.py:179} INFO - Processing /workspaces/hands-on-introduction-data-engineering-4395021/airflow_env/lib/python3.10/site-packages/airflow/example_dags/example_branch_operator.py took 0.054 seconds
[2025-08-13T03:36:15.744+0000] {processor.py:157} INFO - Started process (PID=10067) to work on /workspaces/hands-on-introduction-data-engineering-4395021/airflow_env/lib/python3.10/site-packages/airflow/example_dags/example_branch_operator.py
[2025-08-13T03:36:15.745+0000] {processor.py:826} INFO - Processing file /workspaces/hands-on-introduction-data-engineering-4395021/airflow_env/lib/python3.10/site-packages/airflow/example_dags/example_branch_operator.py for tasks to queue
[2025-08-13T03:36:15.745+0000] {logging_mixin.py:150} INFO - [2025-08-13T03:36:15.745+0000] {dagbag.py:541} INFO - Filling up the DagBag from /workspaces/hands-on-introduction-data-engineering-4395021/airflow_env/lib/python3.10/site-packages/airflow/example_dags/example_branch_operator.py
[2025-08-13T03:36:15.752+0000] {processor.py:836} INFO - DAG(s) dict_keys(['example_branch_operator']) retrieved from /workspaces/hands-on-introduction-data-engineering-4395021/airflow_env/lib/python3.10/site-packages/airflow/example_dags/example_branch_operator.py
[2025-08-13T03:36:15.765+0000] {logging_mixin.py:150} INFO - [2025-08-13T03:36:15.765+0000] {dag.py:2742} INFO - Sync 1 DAGs
[2025-08-13T03:36:15.780+0000] {logging_mixin.py:150} INFO - [2025-08-13T03:36:15.780+0000] {dag.py:3504} INFO - Setting next_dagrun for example_branch_operator to 2025-08-12T00:00:00+00:00, run_after=2025-08-13T00:00:00+00:00
[2025-08-13T03:36:15.795+0000] {processor.py:179} INFO - Processing /workspaces/hands-on-introduction-data-engineering-4395021/airflow_env/lib/python3.10/site-packages/airflow/example_dags/example_branch_operator.py took 0.053 seconds
[2025-08-13T03:36:57.715+0000] {processor.py:157} INFO - Started process (PID=10340) to work on /workspaces/hands-on-introduction-data-engineering-4395021/airflow_env/lib/python3.10/site-packages/airflow/example_dags/example_branch_operator.py
[2025-08-13T03:36:57.716+0000] {processor.py:826} INFO - Processing file /workspaces/hands-on-introduction-data-engineering-4395021/airflow_env/lib/python3.10/site-packages/airflow/example_dags/example_branch_operator.py for tasks to queue
[2025-08-13T03:36:57.716+0000] {logging_mixin.py:150} INFO - [2025-08-13T03:36:57.716+0000] {dagbag.py:541} INFO - Filling up the DagBag from /workspaces/hands-on-introduction-data-engineering-4395021/airflow_env/lib/python3.10/site-packages/airflow/example_dags/example_branch_operator.py
[2025-08-13T03:36:57.724+0000] {processor.py:836} INFO - DAG(s) dict_keys(['example_branch_operator']) retrieved from /workspaces/hands-on-introduction-data-engineering-4395021/airflow_env/lib/python3.10/site-packages/airflow/example_dags/example_branch_operator.py
[2025-08-13T03:36:57.744+0000] {logging_mixin.py:150} INFO - [2025-08-13T03:36:57.743+0000] {dag.py:2742} INFO - Sync 1 DAGs
[2025-08-13T03:36:57.759+0000] {logging_mixin.py:150} INFO - [2025-08-13T03:36:57.759+0000] {dag.py:3504} INFO - Setting next_dagrun for example_branch_operator to 2025-08-12T00:00:00+00:00, run_after=2025-08-13T00:00:00+00:00
[2025-08-13T03:36:57.773+0000] {processor.py:179} INFO - Processing /workspaces/hands-on-introduction-data-engineering-4395021/airflow_env/lib/python3.10/site-packages/airflow/example_dags/example_branch_operator.py took 0.060 seconds
[2025-08-13T03:37:40.550+0000] {processor.py:157} INFO - Started process (PID=10796) to work on /workspaces/hands-on-introduction-data-engineering-4395021/airflow_env/lib/python3.10/site-packages/airflow/example_dags/example_branch_operator.py
[2025-08-13T03:37:40.551+0000] {processor.py:826} INFO - Processing file /workspaces/hands-on-introduction-data-engineering-4395021/airflow_env/lib/python3.10/site-packages/airflow/example_dags/example_branch_operator.py for tasks to queue
[2025-08-13T03:37:40.552+0000] {logging_mixin.py:150} INFO - [2025-08-13T03:37:40.552+0000] {dagbag.py:541} INFO - Filling up the DagBag from /workspaces/hands-on-introduction-data-engineering-4395021/airflow_env/lib/python3.10/site-packages/airflow/example_dags/example_branch_operator.py
[2025-08-13T03:37:40.559+0000] {processor.py:836} INFO - DAG(s) dict_keys(['example_branch_operator']) retrieved from /workspaces/hands-on-introduction-data-engineering-4395021/airflow_env/lib/python3.10/site-packages/airflow/example_dags/example_branch_operator.py
[2025-08-13T03:37:40.573+0000] {logging_mixin.py:150} INFO - [2025-08-13T03:37:40.573+0000] {dag.py:2742} INFO - Sync 1 DAGs
[2025-08-13T03:37:40.590+0000] {logging_mixin.py:150} INFO - [2025-08-13T03:37:40.589+0000] {dag.py:3504} INFO - Setting next_dagrun for example_branch_operator to 2025-08-12T00:00:00+00:00, run_after=2025-08-13T00:00:00+00:00
[2025-08-13T03:37:40.606+0000] {processor.py:179} INFO - Processing /workspaces/hands-on-introduction-data-engineering-4395021/airflow_env/lib/python3.10/site-packages/airflow/example_dags/example_branch_operator.py took 0.059 seconds
[2025-08-13T03:38:24.555+0000] {processor.py:157} INFO - Started process (PID=11101) to work on /workspaces/hands-on-introduction-data-engineering-4395021/airflow_env/lib/python3.10/site-packages/airflow/example_dags/example_branch_operator.py
[2025-08-13T03:38:24.555+0000] {processor.py:826} INFO - Processing file /workspaces/hands-on-introduction-data-engineering-4395021/airflow_env/lib/python3.10/site-packages/airflow/example_dags/example_branch_operator.py for tasks to queue
[2025-08-13T03:38:24.556+0000] {logging_mixin.py:150} INFO - [2025-08-13T03:38:24.556+0000] {dagbag.py:541} INFO - Filling up the DagBag from /workspaces/hands-on-introduction-data-engineering-4395021/airflow_env/lib/python3.10/site-packages/airflow/example_dags/example_branch_operator.py
[2025-08-13T03:38:24.563+0000] {processor.py:836} INFO - DAG(s) dict_keys(['example_branch_operator']) retrieved from /workspaces/hands-on-introduction-data-engineering-4395021/airflow_env/lib/python3.10/site-packages/airflow/example_dags/example_branch_operator.py
[2025-08-13T03:38:24.576+0000] {logging_mixin.py:150} INFO - [2025-08-13T03:38:24.576+0000] {dag.py:2742} INFO - Sync 1 DAGs
[2025-08-13T03:38:24.592+0000] {logging_mixin.py:150} INFO - [2025-08-13T03:38:24.592+0000] {dag.py:3504} INFO - Setting next_dagrun for example_branch_operator to 2025-08-12T00:00:00+00:00, run_after=2025-08-13T00:00:00+00:00
[2025-08-13T03:38:24.607+0000] {processor.py:179} INFO - Processing /workspaces/hands-on-introduction-data-engineering-4395021/airflow_env/lib/python3.10/site-packages/airflow/example_dags/example_branch_operator.py took 0.054 seconds
[2025-08-13T10:26:04.506+0000] {processor.py:157} INFO - Started process (PID=2470) to work on /workspaces/hands-on-introduction-data-engineering-4395021/airflow_env/lib/python3.10/site-packages/airflow/example_dags/example_branch_operator.py
[2025-08-13T10:26:04.507+0000] {processor.py:826} INFO - Processing file /workspaces/hands-on-introduction-data-engineering-4395021/airflow_env/lib/python3.10/site-packages/airflow/example_dags/example_branch_operator.py for tasks to queue
[2025-08-13T10:26:04.508+0000] {logging_mixin.py:150} INFO - [2025-08-13T10:26:04.508+0000] {dagbag.py:541} INFO - Filling up the DagBag from /workspaces/hands-on-introduction-data-engineering-4395021/airflow_env/lib/python3.10/site-packages/airflow/example_dags/example_branch_operator.py
[2025-08-13T10:26:04.514+0000] {processor.py:836} INFO - DAG(s) dict_keys(['example_branch_operator']) retrieved from /workspaces/hands-on-introduction-data-engineering-4395021/airflow_env/lib/python3.10/site-packages/airflow/example_dags/example_branch_operator.py
[2025-08-13T10:26:04.527+0000] {logging_mixin.py:150} INFO - [2025-08-13T10:26:04.527+0000] {dag.py:2742} INFO - Sync 1 DAGs
[2025-08-13T10:26:04.543+0000] {logging_mixin.py:150} INFO - [2025-08-13T10:26:04.543+0000] {dag.py:3504} INFO - Setting next_dagrun for example_branch_operator to 2025-08-12T00:00:00+00:00, run_after=2025-08-13T00:00:00+00:00
[2025-08-13T10:26:04.559+0000] {processor.py:179} INFO - Processing /workspaces/hands-on-introduction-data-engineering-4395021/airflow_env/lib/python3.10/site-packages/airflow/example_dags/example_branch_operator.py took 0.055 seconds
[2025-08-13T10:26:50.901+0000] {processor.py:157} INFO - Started process (PID=2841) to work on /workspaces/hands-on-introduction-data-engineering-4395021/airflow_env/lib/python3.10/site-packages/airflow/example_dags/example_branch_operator.py
[2025-08-13T10:26:50.902+0000] {processor.py:826} INFO - Processing file /workspaces/hands-on-introduction-data-engineering-4395021/airflow_env/lib/python3.10/site-packages/airflow/example_dags/example_branch_operator.py for tasks to queue
[2025-08-13T10:26:50.903+0000] {logging_mixin.py:150} INFO - [2025-08-13T10:26:50.903+0000] {dagbag.py:541} INFO - Filling up the DagBag from /workspaces/hands-on-introduction-data-engineering-4395021/airflow_env/lib/python3.10/site-packages/airflow/example_dags/example_branch_operator.py
[2025-08-13T10:26:50.911+0000] {processor.py:836} INFO - DAG(s) dict_keys(['example_branch_operator']) retrieved from /workspaces/hands-on-introduction-data-engineering-4395021/airflow_env/lib/python3.10/site-packages/airflow/example_dags/example_branch_operator.py
[2025-08-13T10:26:50.925+0000] {logging_mixin.py:150} INFO - [2025-08-13T10:26:50.925+0000] {dag.py:2742} INFO - Sync 1 DAGs
[2025-08-13T10:26:50.940+0000] {logging_mixin.py:150} INFO - [2025-08-13T10:26:50.940+0000] {dag.py:3504} INFO - Setting next_dagrun for example_branch_operator to 2025-08-12T00:00:00+00:00, run_after=2025-08-13T00:00:00+00:00
[2025-08-13T10:26:50.955+0000] {processor.py:179} INFO - Processing /workspaces/hands-on-introduction-data-engineering-4395021/airflow_env/lib/python3.10/site-packages/airflow/example_dags/example_branch_operator.py took 0.056 seconds
[2025-08-13T10:27:33.256+0000] {processor.py:157} INFO - Started process (PID=3148) to work on /workspaces/hands-on-introduction-data-engineering-4395021/airflow_env/lib/python3.10/site-packages/airflow/example_dags/example_branch_operator.py
[2025-08-13T10:27:33.256+0000] {processor.py:826} INFO - Processing file /workspaces/hands-on-introduction-data-engineering-4395021/airflow_env/lib/python3.10/site-packages/airflow/example_dags/example_branch_operator.py for tasks to queue
[2025-08-13T10:27:33.257+0000] {logging_mixin.py:150} INFO - [2025-08-13T10:27:33.257+0000] {dagbag.py:541} INFO - Filling up the DagBag from /workspaces/hands-on-introduction-data-engineering-4395021/airflow_env/lib/python3.10/site-packages/airflow/example_dags/example_branch_operator.py
[2025-08-13T10:27:33.264+0000] {processor.py:836} INFO - DAG(s) dict_keys(['example_branch_operator']) retrieved from /workspaces/hands-on-introduction-data-engineering-4395021/airflow_env/lib/python3.10/site-packages/airflow/example_dags/example_branch_operator.py
[2025-08-13T10:27:33.277+0000] {logging_mixin.py:150} INFO - [2025-08-13T10:27:33.276+0000] {dag.py:2742} INFO - Sync 1 DAGs
[2025-08-13T10:27:33.292+0000] {logging_mixin.py:150} INFO - [2025-08-13T10:27:33.292+0000] {dag.py:3504} INFO - Setting next_dagrun for example_branch_operator to 2025-08-12T00:00:00+00:00, run_after=2025-08-13T00:00:00+00:00
[2025-08-13T10:27:33.307+0000] {processor.py:179} INFO - Processing /workspaces/hands-on-introduction-data-engineering-4395021/airflow_env/lib/python3.10/site-packages/airflow/example_dags/example_branch_operator.py took 0.054 seconds
[2025-08-13T10:28:19.343+0000] {processor.py:157} INFO - Started process (PID=3562) to work on /workspaces/hands-on-introduction-data-engineering-4395021/airflow_env/lib/python3.10/site-packages/airflow/example_dags/example_branch_operator.py
[2025-08-13T10:28:19.344+0000] {processor.py:826} INFO - Processing file /workspaces/hands-on-introduction-data-engineering-4395021/airflow_env/lib/python3.10/site-packages/airflow/example_dags/example_branch_operator.py for tasks to queue
[2025-08-13T10:28:19.345+0000] {logging_mixin.py:150} INFO - [2025-08-13T10:28:19.344+0000] {dagbag.py:541} INFO - Filling up the DagBag from /workspaces/hands-on-introduction-data-engineering-4395021/airflow_env/lib/python3.10/site-packages/airflow/example_dags/example_branch_operator.py
[2025-08-13T10:28:19.352+0000] {processor.py:836} INFO - DAG(s) dict_keys(['example_branch_operator']) retrieved from /workspaces/hands-on-introduction-data-engineering-4395021/airflow_env/lib/python3.10/site-packages/airflow/example_dags/example_branch_operator.py
[2025-08-13T10:28:19.365+0000] {logging_mixin.py:150} INFO - [2025-08-13T10:28:19.364+0000] {dag.py:2742} INFO - Sync 1 DAGs
[2025-08-13T10:28:19.379+0000] {logging_mixin.py:150} INFO - [2025-08-13T10:28:19.379+0000] {dag.py:3504} INFO - Setting next_dagrun for example_branch_operator to 2025-08-12T00:00:00+00:00, run_after=2025-08-13T00:00:00+00:00
[2025-08-13T10:28:19.394+0000] {processor.py:179} INFO - Processing /workspaces/hands-on-introduction-data-engineering-4395021/airflow_env/lib/python3.10/site-packages/airflow/example_dags/example_branch_operator.py took 0.054 seconds
[2025-08-13T10:29:03.191+0000] {processor.py:157} INFO - Started process (PID=3916) to work on /workspaces/hands-on-introduction-data-engineering-4395021/airflow_env/lib/python3.10/site-packages/airflow/example_dags/example_branch_operator.py
[2025-08-13T10:29:03.191+0000] {processor.py:826} INFO - Processing file /workspaces/hands-on-introduction-data-engineering-4395021/airflow_env/lib/python3.10/site-packages/airflow/example_dags/example_branch_operator.py for tasks to queue
[2025-08-13T10:29:03.192+0000] {logging_mixin.py:150} INFO - [2025-08-13T10:29:03.192+0000] {dagbag.py:541} INFO - Filling up the DagBag from /workspaces/hands-on-introduction-data-engineering-4395021/airflow_env/lib/python3.10/site-packages/airflow/example_dags/example_branch_operator.py
[2025-08-13T10:29:03.199+0000] {processor.py:836} INFO - DAG(s) dict_keys(['example_branch_operator']) retrieved from /workspaces/hands-on-introduction-data-engineering-4395021/airflow_env/lib/python3.10/site-packages/airflow/example_dags/example_branch_operator.py
[2025-08-13T10:29:03.212+0000] {logging_mixin.py:150} INFO - [2025-08-13T10:29:03.211+0000] {dag.py:2742} INFO - Sync 1 DAGs
[2025-08-13T10:29:03.227+0000] {logging_mixin.py:150} INFO - [2025-08-13T10:29:03.226+0000] {dag.py:3504} INFO - Setting next_dagrun for example_branch_operator to 2025-08-12T00:00:00+00:00, run_after=2025-08-13T00:00:00+00:00
[2025-08-13T10:29:03.242+0000] {processor.py:179} INFO - Processing /workspaces/hands-on-introduction-data-engineering-4395021/airflow_env/lib/python3.10/site-packages/airflow/example_dags/example_branch_operator.py took 0.053 seconds
[2025-08-13T10:29:50.653+0000] {processor.py:157} INFO - Started process (PID=4283) to work on /workspaces/hands-on-introduction-data-engineering-4395021/airflow_env/lib/python3.10/site-packages/airflow/example_dags/example_branch_operator.py
[2025-08-13T10:29:50.654+0000] {processor.py:826} INFO - Processing file /workspaces/hands-on-introduction-data-engineering-4395021/airflow_env/lib/python3.10/site-packages/airflow/example_dags/example_branch_operator.py for tasks to queue
[2025-08-13T10:29:50.655+0000] {logging_mixin.py:150} INFO - [2025-08-13T10:29:50.654+0000] {dagbag.py:541} INFO - Filling up the DagBag from /workspaces/hands-on-introduction-data-engineering-4395021/airflow_env/lib/python3.10/site-packages/airflow/example_dags/example_branch_operator.py
[2025-08-13T10:29:50.661+0000] {processor.py:836} INFO - DAG(s) dict_keys(['example_branch_operator']) retrieved from /workspaces/hands-on-introduction-data-engineering-4395021/airflow_env/lib/python3.10/site-packages/airflow/example_dags/example_branch_operator.py
[2025-08-13T10:29:50.674+0000] {logging_mixin.py:150} INFO - [2025-08-13T10:29:50.674+0000] {dag.py:2742} INFO - Sync 1 DAGs
[2025-08-13T10:29:50.689+0000] {logging_mixin.py:150} INFO - [2025-08-13T10:29:50.689+0000] {dag.py:3504} INFO - Setting next_dagrun for example_branch_operator to 2025-08-12T00:00:00+00:00, run_after=2025-08-13T00:00:00+00:00
[2025-08-13T10:29:50.705+0000] {processor.py:179} INFO - Processing /workspaces/hands-on-introduction-data-engineering-4395021/airflow_env/lib/python3.10/site-packages/airflow/example_dags/example_branch_operator.py took 0.053 seconds
[2025-08-13T10:30:33.782+0000] {processor.py:157} INFO - Started process (PID=4569) to work on /workspaces/hands-on-introduction-data-engineering-4395021/airflow_env/lib/python3.10/site-packages/airflow/example_dags/example_branch_operator.py
[2025-08-13T10:30:33.783+0000] {processor.py:826} INFO - Processing file /workspaces/hands-on-introduction-data-engineering-4395021/airflow_env/lib/python3.10/site-packages/airflow/example_dags/example_branch_operator.py for tasks to queue
[2025-08-13T10:30:33.784+0000] {logging_mixin.py:150} INFO - [2025-08-13T10:30:33.783+0000] {dagbag.py:541} INFO - Filling up the DagBag from /workspaces/hands-on-introduction-data-engineering-4395021/airflow_env/lib/python3.10/site-packages/airflow/example_dags/example_branch_operator.py
[2025-08-13T10:30:33.792+0000] {processor.py:836} INFO - DAG(s) dict_keys(['example_branch_operator']) retrieved from /workspaces/hands-on-introduction-data-engineering-4395021/airflow_env/lib/python3.10/site-packages/airflow/example_dags/example_branch_operator.py
[2025-08-13T10:30:33.808+0000] {logging_mixin.py:150} INFO - [2025-08-13T10:30:33.808+0000] {dag.py:2742} INFO - Sync 1 DAGs
[2025-08-13T10:30:33.823+0000] {logging_mixin.py:150} INFO - [2025-08-13T10:30:33.823+0000] {dag.py:3504} INFO - Setting next_dagrun for example_branch_operator to 2025-08-12T00:00:00+00:00, run_after=2025-08-13T00:00:00+00:00
[2025-08-13T10:30:33.838+0000] {processor.py:179} INFO - Processing /workspaces/hands-on-introduction-data-engineering-4395021/airflow_env/lib/python3.10/site-packages/airflow/example_dags/example_branch_operator.py took 0.058 seconds
[2025-08-13T10:31:18.051+0000] {processor.py:157} INFO - Started process (PID=4885) to work on /workspaces/hands-on-introduction-data-engineering-4395021/airflow_env/lib/python3.10/site-packages/airflow/example_dags/example_branch_operator.py
[2025-08-13T10:31:18.051+0000] {processor.py:826} INFO - Processing file /workspaces/hands-on-introduction-data-engineering-4395021/airflow_env/lib/python3.10/site-packages/airflow/example_dags/example_branch_operator.py for tasks to queue
[2025-08-13T10:31:18.052+0000] {logging_mixin.py:150} INFO - [2025-08-13T10:31:18.052+0000] {dagbag.py:541} INFO - Filling up the DagBag from /workspaces/hands-on-introduction-data-engineering-4395021/airflow_env/lib/python3.10/site-packages/airflow/example_dags/example_branch_operator.py
[2025-08-13T10:31:18.059+0000] {processor.py:836} INFO - DAG(s) dict_keys(['example_branch_operator']) retrieved from /workspaces/hands-on-introduction-data-engineering-4395021/airflow_env/lib/python3.10/site-packages/airflow/example_dags/example_branch_operator.py
[2025-08-13T10:31:18.074+0000] {logging_mixin.py:150} INFO - [2025-08-13T10:31:18.074+0000] {dag.py:2742} INFO - Sync 1 DAGs
[2025-08-13T10:31:18.089+0000] {logging_mixin.py:150} INFO - [2025-08-13T10:31:18.089+0000] {dag.py:3504} INFO - Setting next_dagrun for example_branch_operator to 2025-08-12T00:00:00+00:00, run_after=2025-08-13T00:00:00+00:00
[2025-08-13T10:31:18.104+0000] {processor.py:179} INFO - Processing /workspaces/hands-on-introduction-data-engineering-4395021/airflow_env/lib/python3.10/site-packages/airflow/example_dags/example_branch_operator.py took 0.055 seconds
[2025-08-13T10:32:02.268+0000] {processor.py:157} INFO - Started process (PID=5184) to work on /workspaces/hands-on-introduction-data-engineering-4395021/airflow_env/lib/python3.10/site-packages/airflow/example_dags/example_branch_operator.py
[2025-08-13T10:32:02.269+0000] {processor.py:826} INFO - Processing file /workspaces/hands-on-introduction-data-engineering-4395021/airflow_env/lib/python3.10/site-packages/airflow/example_dags/example_branch_operator.py for tasks to queue
[2025-08-13T10:32:02.269+0000] {logging_mixin.py:150} INFO - [2025-08-13T10:32:02.269+0000] {dagbag.py:541} INFO - Filling up the DagBag from /workspaces/hands-on-introduction-data-engineering-4395021/airflow_env/lib/python3.10/site-packages/airflow/example_dags/example_branch_operator.py
[2025-08-13T10:32:02.279+0000] {processor.py:836} INFO - DAG(s) dict_keys(['example_branch_operator']) retrieved from /workspaces/hands-on-introduction-data-engineering-4395021/airflow_env/lib/python3.10/site-packages/airflow/example_dags/example_branch_operator.py
[2025-08-13T10:32:02.297+0000] {logging_mixin.py:150} INFO - [2025-08-13T10:32:02.297+0000] {dag.py:2742} INFO - Sync 1 DAGs
[2025-08-13T10:32:02.318+0000] {logging_mixin.py:150} INFO - [2025-08-13T10:32:02.318+0000] {dag.py:3504} INFO - Setting next_dagrun for example_branch_operator to 2025-08-12T00:00:00+00:00, run_after=2025-08-13T00:00:00+00:00
[2025-08-13T10:32:02.337+0000] {processor.py:179} INFO - Processing /workspaces/hands-on-introduction-data-engineering-4395021/airflow_env/lib/python3.10/site-packages/airflow/example_dags/example_branch_operator.py took 0.072 seconds
[2025-08-13T10:32:46.497+0000] {processor.py:157} INFO - Started process (PID=5492) to work on /workspaces/hands-on-introduction-data-engineering-4395021/airflow_env/lib/python3.10/site-packages/airflow/example_dags/example_branch_operator.py
[2025-08-13T10:32:46.498+0000] {processor.py:826} INFO - Processing file /workspaces/hands-on-introduction-data-engineering-4395021/airflow_env/lib/python3.10/site-packages/airflow/example_dags/example_branch_operator.py for tasks to queue
[2025-08-13T10:32:46.499+0000] {logging_mixin.py:150} INFO - [2025-08-13T10:32:46.499+0000] {dagbag.py:541} INFO - Filling up the DagBag from /workspaces/hands-on-introduction-data-engineering-4395021/airflow_env/lib/python3.10/site-packages/airflow/example_dags/example_branch_operator.py
[2025-08-13T10:32:46.506+0000] {processor.py:836} INFO - DAG(s) dict_keys(['example_branch_operator']) retrieved from /workspaces/hands-on-introduction-data-engineering-4395021/airflow_env/lib/python3.10/site-packages/airflow/example_dags/example_branch_operator.py
[2025-08-13T10:32:46.519+0000] {logging_mixin.py:150} INFO - [2025-08-13T10:32:46.519+0000] {dag.py:2742} INFO - Sync 1 DAGs
[2025-08-13T10:32:46.535+0000] {logging_mixin.py:150} INFO - [2025-08-13T10:32:46.535+0000] {dag.py:3504} INFO - Setting next_dagrun for example_branch_operator to 2025-08-12T00:00:00+00:00, run_after=2025-08-13T00:00:00+00:00
[2025-08-13T10:32:46.551+0000] {processor.py:179} INFO - Processing /workspaces/hands-on-introduction-data-engineering-4395021/airflow_env/lib/python3.10/site-packages/airflow/example_dags/example_branch_operator.py took 0.056 seconds
[2025-08-13T10:33:30.368+0000] {processor.py:157} INFO - Started process (PID=5910) to work on /workspaces/hands-on-introduction-data-engineering-4395021/airflow_env/lib/python3.10/site-packages/airflow/example_dags/example_branch_operator.py
[2025-08-13T10:33:30.368+0000] {processor.py:826} INFO - Processing file /workspaces/hands-on-introduction-data-engineering-4395021/airflow_env/lib/python3.10/site-packages/airflow/example_dags/example_branch_operator.py for tasks to queue
[2025-08-13T10:33:30.369+0000] {logging_mixin.py:150} INFO - [2025-08-13T10:33:30.369+0000] {dagbag.py:541} INFO - Filling up the DagBag from /workspaces/hands-on-introduction-data-engineering-4395021/airflow_env/lib/python3.10/site-packages/airflow/example_dags/example_branch_operator.py
[2025-08-13T10:33:30.375+0000] {processor.py:836} INFO - DAG(s) dict_keys(['example_branch_operator']) retrieved from /workspaces/hands-on-introduction-data-engineering-4395021/airflow_env/lib/python3.10/site-packages/airflow/example_dags/example_branch_operator.py
[2025-08-13T10:33:30.388+0000] {logging_mixin.py:150} INFO - [2025-08-13T10:33:30.388+0000] {dag.py:2742} INFO - Sync 1 DAGs
[2025-08-13T10:33:30.409+0000] {logging_mixin.py:150} INFO - [2025-08-13T10:33:30.408+0000] {dag.py:3504} INFO - Setting next_dagrun for example_branch_operator to 2025-08-12T00:00:00+00:00, run_after=2025-08-13T00:00:00+00:00
[2025-08-13T10:33:30.425+0000] {processor.py:179} INFO - Processing /workspaces/hands-on-introduction-data-engineering-4395021/airflow_env/lib/python3.10/site-packages/airflow/example_dags/example_branch_operator.py took 0.059 seconds
[2025-08-13T10:34:14.346+0000] {processor.py:157} INFO - Started process (PID=6240) to work on /workspaces/hands-on-introduction-data-engineering-4395021/airflow_env/lib/python3.10/site-packages/airflow/example_dags/example_branch_operator.py
[2025-08-13T10:34:14.346+0000] {processor.py:826} INFO - Processing file /workspaces/hands-on-introduction-data-engineering-4395021/airflow_env/lib/python3.10/site-packages/airflow/example_dags/example_branch_operator.py for tasks to queue
[2025-08-13T10:34:14.347+0000] {logging_mixin.py:150} INFO - [2025-08-13T10:34:14.347+0000] {dagbag.py:541} INFO - Filling up the DagBag from /workspaces/hands-on-introduction-data-engineering-4395021/airflow_env/lib/python3.10/site-packages/airflow/example_dags/example_branch_operator.py
[2025-08-13T10:34:14.354+0000] {processor.py:836} INFO - DAG(s) dict_keys(['example_branch_operator']) retrieved from /workspaces/hands-on-introduction-data-engineering-4395021/airflow_env/lib/python3.10/site-packages/airflow/example_dags/example_branch_operator.py
[2025-08-13T10:34:14.368+0000] {logging_mixin.py:150} INFO - [2025-08-13T10:34:14.368+0000] {dag.py:2742} INFO - Sync 1 DAGs
[2025-08-13T10:34:14.382+0000] {logging_mixin.py:150} INFO - [2025-08-13T10:34:14.382+0000] {dag.py:3504} INFO - Setting next_dagrun for example_branch_operator to 2025-08-12T00:00:00+00:00, run_after=2025-08-13T00:00:00+00:00
[2025-08-13T10:34:14.397+0000] {processor.py:179} INFO - Processing /workspaces/hands-on-introduction-data-engineering-4395021/airflow_env/lib/python3.10/site-packages/airflow/example_dags/example_branch_operator.py took 0.054 seconds
[2025-08-13T10:35:00.416+0000] {processor.py:157} INFO - Started process (PID=6661) to work on /workspaces/hands-on-introduction-data-engineering-4395021/airflow_env/lib/python3.10/site-packages/airflow/example_dags/example_branch_operator.py
[2025-08-13T10:35:00.416+0000] {processor.py:826} INFO - Processing file /workspaces/hands-on-introduction-data-engineering-4395021/airflow_env/lib/python3.10/site-packages/airflow/example_dags/example_branch_operator.py for tasks to queue
[2025-08-13T10:35:00.417+0000] {logging_mixin.py:150} INFO - [2025-08-13T10:35:00.417+0000] {dagbag.py:541} INFO - Filling up the DagBag from /workspaces/hands-on-introduction-data-engineering-4395021/airflow_env/lib/python3.10/site-packages/airflow/example_dags/example_branch_operator.py
[2025-08-13T10:35:00.424+0000] {processor.py:836} INFO - DAG(s) dict_keys(['example_branch_operator']) retrieved from /workspaces/hands-on-introduction-data-engineering-4395021/airflow_env/lib/python3.10/site-packages/airflow/example_dags/example_branch_operator.py
[2025-08-13T10:35:00.436+0000] {logging_mixin.py:150} INFO - [2025-08-13T10:35:00.436+0000] {dag.py:2742} INFO - Sync 1 DAGs
[2025-08-13T10:35:00.457+0000] {logging_mixin.py:150} INFO - [2025-08-13T10:35:00.457+0000] {dag.py:3504} INFO - Setting next_dagrun for example_branch_operator to 2025-08-12T00:00:00+00:00, run_after=2025-08-13T00:00:00+00:00
[2025-08-13T10:35:00.472+0000] {processor.py:179} INFO - Processing /workspaces/hands-on-introduction-data-engineering-4395021/airflow_env/lib/python3.10/site-packages/airflow/example_dags/example_branch_operator.py took 0.058 seconds
[2025-08-13T10:35:42.548+0000] {processor.py:157} INFO - Started process (PID=6934) to work on /workspaces/hands-on-introduction-data-engineering-4395021/airflow_env/lib/python3.10/site-packages/airflow/example_dags/example_branch_operator.py
[2025-08-13T10:35:42.549+0000] {processor.py:826} INFO - Processing file /workspaces/hands-on-introduction-data-engineering-4395021/airflow_env/lib/python3.10/site-packages/airflow/example_dags/example_branch_operator.py for tasks to queue
[2025-08-13T10:35:42.550+0000] {logging_mixin.py:150} INFO - [2025-08-13T10:35:42.549+0000] {dagbag.py:541} INFO - Filling up the DagBag from /workspaces/hands-on-introduction-data-engineering-4395021/airflow_env/lib/python3.10/site-packages/airflow/example_dags/example_branch_operator.py
[2025-08-13T10:35:42.556+0000] {processor.py:836} INFO - DAG(s) dict_keys(['example_branch_operator']) retrieved from /workspaces/hands-on-introduction-data-engineering-4395021/airflow_env/lib/python3.10/site-packages/airflow/example_dags/example_branch_operator.py
[2025-08-13T10:35:42.570+0000] {logging_mixin.py:150} INFO - [2025-08-13T10:35:42.569+0000] {dag.py:2742} INFO - Sync 1 DAGs
[2025-08-13T10:35:42.584+0000] {logging_mixin.py:150} INFO - [2025-08-13T10:35:42.584+0000] {dag.py:3504} INFO - Setting next_dagrun for example_branch_operator to 2025-08-12T00:00:00+00:00, run_after=2025-08-13T00:00:00+00:00
[2025-08-13T10:35:42.599+0000] {processor.py:179} INFO - Processing /workspaces/hands-on-introduction-data-engineering-4395021/airflow_env/lib/python3.10/site-packages/airflow/example_dags/example_branch_operator.py took 0.053 seconds
[2025-08-13T10:36:32.722+0000] {processor.py:157} INFO - Started process (PID=7277) to work on /workspaces/hands-on-introduction-data-engineering-4395021/airflow_env/lib/python3.10/site-packages/airflow/example_dags/example_branch_operator.py
[2025-08-13T10:36:32.723+0000] {processor.py:826} INFO - Processing file /workspaces/hands-on-introduction-data-engineering-4395021/airflow_env/lib/python3.10/site-packages/airflow/example_dags/example_branch_operator.py for tasks to queue
[2025-08-13T10:36:32.724+0000] {logging_mixin.py:150} INFO - [2025-08-13T10:36:32.723+0000] {dagbag.py:541} INFO - Filling up the DagBag from /workspaces/hands-on-introduction-data-engineering-4395021/airflow_env/lib/python3.10/site-packages/airflow/example_dags/example_branch_operator.py
[2025-08-13T10:36:32.730+0000] {processor.py:836} INFO - DAG(s) dict_keys(['example_branch_operator']) retrieved from /workspaces/hands-on-introduction-data-engineering-4395021/airflow_env/lib/python3.10/site-packages/airflow/example_dags/example_branch_operator.py
[2025-08-13T10:36:32.744+0000] {logging_mixin.py:150} INFO - [2025-08-13T10:36:32.744+0000] {dag.py:2742} INFO - Sync 1 DAGs
[2025-08-13T10:36:32.760+0000] {logging_mixin.py:150} INFO - [2025-08-13T10:36:32.760+0000] {dag.py:3504} INFO - Setting next_dagrun for example_branch_operator to 2025-08-12T00:00:00+00:00, run_after=2025-08-13T00:00:00+00:00
[2025-08-13T10:36:32.775+0000] {processor.py:179} INFO - Processing /workspaces/hands-on-introduction-data-engineering-4395021/airflow_env/lib/python3.10/site-packages/airflow/example_dags/example_branch_operator.py took 0.055 seconds
[2025-08-13T10:37:17.952+0000] {processor.py:157} INFO - Started process (PID=7580) to work on /workspaces/hands-on-introduction-data-engineering-4395021/airflow_env/lib/python3.10/site-packages/airflow/example_dags/example_branch_operator.py
[2025-08-13T10:37:17.953+0000] {processor.py:826} INFO - Processing file /workspaces/hands-on-introduction-data-engineering-4395021/airflow_env/lib/python3.10/site-packages/airflow/example_dags/example_branch_operator.py for tasks to queue
[2025-08-13T10:37:17.953+0000] {logging_mixin.py:150} INFO - [2025-08-13T10:37:17.953+0000] {dagbag.py:541} INFO - Filling up the DagBag from /workspaces/hands-on-introduction-data-engineering-4395021/airflow_env/lib/python3.10/site-packages/airflow/example_dags/example_branch_operator.py
[2025-08-13T10:37:17.960+0000] {processor.py:836} INFO - DAG(s) dict_keys(['example_branch_operator']) retrieved from /workspaces/hands-on-introduction-data-engineering-4395021/airflow_env/lib/python3.10/site-packages/airflow/example_dags/example_branch_operator.py
[2025-08-13T10:37:17.974+0000] {logging_mixin.py:150} INFO - [2025-08-13T10:37:17.973+0000] {dag.py:2742} INFO - Sync 1 DAGs
[2025-08-13T10:37:17.989+0000] {logging_mixin.py:150} INFO - [2025-08-13T10:37:17.989+0000] {dag.py:3504} INFO - Setting next_dagrun for example_branch_operator to 2025-08-12T00:00:00+00:00, run_after=2025-08-13T00:00:00+00:00
[2025-08-13T10:37:18.005+0000] {processor.py:179} INFO - Processing /workspaces/hands-on-introduction-data-engineering-4395021/airflow_env/lib/python3.10/site-packages/airflow/example_dags/example_branch_operator.py took 0.055 seconds
[2025-08-13T10:38:09.220+0000] {processor.py:157} INFO - Started process (PID=7966) to work on /workspaces/hands-on-introduction-data-engineering-4395021/airflow_env/lib/python3.10/site-packages/airflow/example_dags/example_branch_operator.py
[2025-08-13T10:38:09.221+0000] {processor.py:826} INFO - Processing file /workspaces/hands-on-introduction-data-engineering-4395021/airflow_env/lib/python3.10/site-packages/airflow/example_dags/example_branch_operator.py for tasks to queue
[2025-08-13T10:38:09.221+0000] {logging_mixin.py:150} INFO - [2025-08-13T10:38:09.221+0000] {dagbag.py:541} INFO - Filling up the DagBag from /workspaces/hands-on-introduction-data-engineering-4395021/airflow_env/lib/python3.10/site-packages/airflow/example_dags/example_branch_operator.py
[2025-08-13T10:38:09.228+0000] {processor.py:836} INFO - DAG(s) dict_keys(['example_branch_operator']) retrieved from /workspaces/hands-on-introduction-data-engineering-4395021/airflow_env/lib/python3.10/site-packages/airflow/example_dags/example_branch_operator.py
[2025-08-13T10:38:09.241+0000] {logging_mixin.py:150} INFO - [2025-08-13T10:38:09.241+0000] {dag.py:2742} INFO - Sync 1 DAGs
[2025-08-13T10:38:09.261+0000] {logging_mixin.py:150} INFO - [2025-08-13T10:38:09.261+0000] {dag.py:3504} INFO - Setting next_dagrun for example_branch_operator to 2025-08-12T00:00:00+00:00, run_after=2025-08-13T00:00:00+00:00
[2025-08-13T10:38:09.276+0000] {processor.py:179} INFO - Processing /workspaces/hands-on-introduction-data-engineering-4395021/airflow_env/lib/python3.10/site-packages/airflow/example_dags/example_branch_operator.py took 0.058 seconds
[2025-08-13T10:38:54.233+0000] {processor.py:157} INFO - Started process (PID=8266) to work on /workspaces/hands-on-introduction-data-engineering-4395021/airflow_env/lib/python3.10/site-packages/airflow/example_dags/example_branch_operator.py
[2025-08-13T10:38:54.233+0000] {processor.py:826} INFO - Processing file /workspaces/hands-on-introduction-data-engineering-4395021/airflow_env/lib/python3.10/site-packages/airflow/example_dags/example_branch_operator.py for tasks to queue
[2025-08-13T10:38:54.234+0000] {logging_mixin.py:150} INFO - [2025-08-13T10:38:54.234+0000] {dagbag.py:541} INFO - Filling up the DagBag from /workspaces/hands-on-introduction-data-engineering-4395021/airflow_env/lib/python3.10/site-packages/airflow/example_dags/example_branch_operator.py
[2025-08-13T10:38:54.241+0000] {processor.py:836} INFO - DAG(s) dict_keys(['example_branch_operator']) retrieved from /workspaces/hands-on-introduction-data-engineering-4395021/airflow_env/lib/python3.10/site-packages/airflow/example_dags/example_branch_operator.py
[2025-08-13T10:38:54.253+0000] {logging_mixin.py:150} INFO - [2025-08-13T10:38:54.253+0000] {dag.py:2742} INFO - Sync 1 DAGs
[2025-08-13T10:38:54.269+0000] {logging_mixin.py:150} INFO - [2025-08-13T10:38:54.269+0000] {dag.py:3504} INFO - Setting next_dagrun for example_branch_operator to 2025-08-12T00:00:00+00:00, run_after=2025-08-13T00:00:00+00:00
[2025-08-13T10:38:54.284+0000] {processor.py:179} INFO - Processing /workspaces/hands-on-introduction-data-engineering-4395021/airflow_env/lib/python3.10/site-packages/airflow/example_dags/example_branch_operator.py took 0.053 seconds
[2025-08-13T10:39:38.548+0000] {processor.py:157} INFO - Started process (PID=8559) to work on /workspaces/hands-on-introduction-data-engineering-4395021/airflow_env/lib/python3.10/site-packages/airflow/example_dags/example_branch_operator.py
[2025-08-13T10:39:38.548+0000] {processor.py:826} INFO - Processing file /workspaces/hands-on-introduction-data-engineering-4395021/airflow_env/lib/python3.10/site-packages/airflow/example_dags/example_branch_operator.py for tasks to queue
[2025-08-13T10:39:38.549+0000] {logging_mixin.py:150} INFO - [2025-08-13T10:39:38.549+0000] {dagbag.py:541} INFO - Filling up the DagBag from /workspaces/hands-on-introduction-data-engineering-4395021/airflow_env/lib/python3.10/site-packages/airflow/example_dags/example_branch_operator.py
[2025-08-13T10:39:38.556+0000] {processor.py:836} INFO - DAG(s) dict_keys(['example_branch_operator']) retrieved from /workspaces/hands-on-introduction-data-engineering-4395021/airflow_env/lib/python3.10/site-packages/airflow/example_dags/example_branch_operator.py
[2025-08-13T10:39:38.569+0000] {logging_mixin.py:150} INFO - [2025-08-13T10:39:38.569+0000] {dag.py:2742} INFO - Sync 1 DAGs
[2025-08-13T10:39:38.584+0000] {logging_mixin.py:150} INFO - [2025-08-13T10:39:38.584+0000] {dag.py:3504} INFO - Setting next_dagrun for example_branch_operator to 2025-08-12T00:00:00+00:00, run_after=2025-08-13T00:00:00+00:00
[2025-08-13T10:39:38.601+0000] {processor.py:179} INFO - Processing /workspaces/hands-on-introduction-data-engineering-4395021/airflow_env/lib/python3.10/site-packages/airflow/example_dags/example_branch_operator.py took 0.055 seconds
[2025-08-13T10:40:22.928+0000] {processor.py:157} INFO - Started process (PID=8854) to work on /workspaces/hands-on-introduction-data-engineering-4395021/airflow_env/lib/python3.10/site-packages/airflow/example_dags/example_branch_operator.py
[2025-08-13T10:40:22.929+0000] {processor.py:826} INFO - Processing file /workspaces/hands-on-introduction-data-engineering-4395021/airflow_env/lib/python3.10/site-packages/airflow/example_dags/example_branch_operator.py for tasks to queue
[2025-08-13T10:40:22.930+0000] {logging_mixin.py:150} INFO - [2025-08-13T10:40:22.929+0000] {dagbag.py:541} INFO - Filling up the DagBag from /workspaces/hands-on-introduction-data-engineering-4395021/airflow_env/lib/python3.10/site-packages/airflow/example_dags/example_branch_operator.py
[2025-08-13T10:40:22.936+0000] {processor.py:836} INFO - DAG(s) dict_keys(['example_branch_operator']) retrieved from /workspaces/hands-on-introduction-data-engineering-4395021/airflow_env/lib/python3.10/site-packages/airflow/example_dags/example_branch_operator.py
[2025-08-13T10:40:22.949+0000] {logging_mixin.py:150} INFO - [2025-08-13T10:40:22.949+0000] {dag.py:2742} INFO - Sync 1 DAGs
[2025-08-13T10:40:22.964+0000] {logging_mixin.py:150} INFO - [2025-08-13T10:40:22.964+0000] {dag.py:3504} INFO - Setting next_dagrun for example_branch_operator to 2025-08-12T00:00:00+00:00, run_after=2025-08-13T00:00:00+00:00
[2025-08-13T10:40:22.979+0000] {processor.py:179} INFO - Processing /workspaces/hands-on-introduction-data-engineering-4395021/airflow_env/lib/python3.10/site-packages/airflow/example_dags/example_branch_operator.py took 0.052 seconds
