[2025-08-13T03:24:39.025+0000] {processor.py:157} INFO - Started process (PID=4662) to work on /workspaces/hands-on-introduction-data-engineering-4395021/airflow_env/lib/python3.10/site-packages/airflow/example_dags/tutorial_taskflow_api.py
[2025-08-13T03:24:39.026+0000] {processor.py:826} INFO - Processing file /workspaces/hands-on-introduction-data-engineering-4395021/airflow_env/lib/python3.10/site-packages/airflow/example_dags/tutorial_taskflow_api.py for tasks to queue
[2025-08-13T03:24:39.027+0000] {logging_mixin.py:150} INFO - [2025-08-13T03:24:39.026+0000] {dagbag.py:541} INFO - Filling up the DagBag from /workspaces/hands-on-introduction-data-engineering-4395021/airflow_env/lib/python3.10/site-packages/airflow/example_dags/tutorial_taskflow_api.py
[2025-08-13T03:24:39.034+0000] {processor.py:836} INFO - DAG(s) dict_keys(['tutorial_taskflow_api']) retrieved from /workspaces/hands-on-introduction-data-engineering-4395021/airflow_env/lib/python3.10/site-packages/airflow/example_dags/tutorial_taskflow_api.py
[2025-08-13T03:24:39.156+0000] {logging_mixin.py:150} INFO - [2025-08-13T03:24:39.156+0000] {manager.py:504} INFO - Created Permission View: can read on DAG:tutorial_taskflow_api
[2025-08-13T03:24:39.168+0000] {logging_mixin.py:150} INFO - [2025-08-13T03:24:39.168+0000] {manager.py:504} INFO - Created Permission View: can edit on DAG:tutorial_taskflow_api
[2025-08-13T03:24:39.176+0000] {logging_mixin.py:150} INFO - [2025-08-13T03:24:39.176+0000] {manager.py:504} INFO - Created Permission View: can delete on DAG:tutorial_taskflow_api
[2025-08-13T03:24:39.186+0000] {logging_mixin.py:150} INFO - [2025-08-13T03:24:39.186+0000] {dag.py:2742} INFO - Sync 1 DAGs
[2025-08-13T03:24:39.196+0000] {logging_mixin.py:150} INFO - [2025-08-13T03:24:39.196+0000] {dag.py:2763} INFO - Creating ORM DAG for tutorial_taskflow_api
[2025-08-13T03:24:39.207+0000] {logging_mixin.py:150} INFO - [2025-08-13T03:24:39.207+0000] {dag.py:3504} INFO - Setting next_dagrun for tutorial_taskflow_api to None, run_after=None
[2025-08-13T03:24:39.223+0000] {processor.py:179} INFO - Processing /workspaces/hands-on-introduction-data-engineering-4395021/airflow_env/lib/python3.10/site-packages/airflow/example_dags/tutorial_taskflow_api.py took 0.201 seconds
[2025-08-13T03:25:29.546+0000] {processor.py:157} INFO - Started process (PID=5078) to work on /workspaces/hands-on-introduction-data-engineering-4395021/airflow_env/lib/python3.10/site-packages/airflow/example_dags/tutorial_taskflow_api.py
[2025-08-13T03:25:29.547+0000] {processor.py:826} INFO - Processing file /workspaces/hands-on-introduction-data-engineering-4395021/airflow_env/lib/python3.10/site-packages/airflow/example_dags/tutorial_taskflow_api.py for tasks to queue
[2025-08-13T03:25:29.547+0000] {logging_mixin.py:150} INFO - [2025-08-13T03:25:29.547+0000] {dagbag.py:541} INFO - Filling up the DagBag from /workspaces/hands-on-introduction-data-engineering-4395021/airflow_env/lib/python3.10/site-packages/airflow/example_dags/tutorial_taskflow_api.py
[2025-08-13T03:25:29.552+0000] {processor.py:836} INFO - DAG(s) dict_keys(['tutorial_taskflow_api']) retrieved from /workspaces/hands-on-introduction-data-engineering-4395021/airflow_env/lib/python3.10/site-packages/airflow/example_dags/tutorial_taskflow_api.py
[2025-08-13T03:25:29.566+0000] {logging_mixin.py:150} INFO - [2025-08-13T03:25:29.566+0000] {dag.py:2742} INFO - Sync 1 DAGs
[2025-08-13T03:25:29.580+0000] {logging_mixin.py:150} INFO - [2025-08-13T03:25:29.580+0000] {dag.py:3504} INFO - Setting next_dagrun for tutorial_taskflow_api to None, run_after=None
[2025-08-13T03:25:29.596+0000] {processor.py:179} INFO - Processing /workspaces/hands-on-introduction-data-engineering-4395021/airflow_env/lib/python3.10/site-packages/airflow/example_dags/tutorial_taskflow_api.py took 0.052 seconds
[2025-08-13T03:26:11.904+0000] {processor.py:157} INFO - Started process (PID=5365) to work on /workspaces/hands-on-introduction-data-engineering-4395021/airflow_env/lib/python3.10/site-packages/airflow/example_dags/tutorial_taskflow_api.py
[2025-08-13T03:26:11.904+0000] {processor.py:826} INFO - Processing file /workspaces/hands-on-introduction-data-engineering-4395021/airflow_env/lib/python3.10/site-packages/airflow/example_dags/tutorial_taskflow_api.py for tasks to queue
[2025-08-13T03:26:11.905+0000] {logging_mixin.py:150} INFO - [2025-08-13T03:26:11.905+0000] {dagbag.py:541} INFO - Filling up the DagBag from /workspaces/hands-on-introduction-data-engineering-4395021/airflow_env/lib/python3.10/site-packages/airflow/example_dags/tutorial_taskflow_api.py
[2025-08-13T03:26:11.912+0000] {processor.py:836} INFO - DAG(s) dict_keys(['tutorial_taskflow_api']) retrieved from /workspaces/hands-on-introduction-data-engineering-4395021/airflow_env/lib/python3.10/site-packages/airflow/example_dags/tutorial_taskflow_api.py
[2025-08-13T03:26:11.925+0000] {logging_mixin.py:150} INFO - [2025-08-13T03:26:11.925+0000] {dag.py:2742} INFO - Sync 1 DAGs
[2025-08-13T03:26:11.939+0000] {logging_mixin.py:150} INFO - [2025-08-13T03:26:11.939+0000] {dag.py:3504} INFO - Setting next_dagrun for tutorial_taskflow_api to None, run_after=None
[2025-08-13T03:26:11.955+0000] {processor.py:179} INFO - Processing /workspaces/hands-on-introduction-data-engineering-4395021/airflow_env/lib/python3.10/site-packages/airflow/example_dags/tutorial_taskflow_api.py took 0.054 seconds
[2025-08-13T03:26:58.490+0000] {processor.py:157} INFO - Started process (PID=5673) to work on /workspaces/hands-on-introduction-data-engineering-4395021/airflow_env/lib/python3.10/site-packages/airflow/example_dags/tutorial_taskflow_api.py
[2025-08-13T03:26:58.491+0000] {processor.py:826} INFO - Processing file /workspaces/hands-on-introduction-data-engineering-4395021/airflow_env/lib/python3.10/site-packages/airflow/example_dags/tutorial_taskflow_api.py for tasks to queue
[2025-08-13T03:26:58.491+0000] {logging_mixin.py:150} INFO - [2025-08-13T03:26:58.491+0000] {dagbag.py:541} INFO - Filling up the DagBag from /workspaces/hands-on-introduction-data-engineering-4395021/airflow_env/lib/python3.10/site-packages/airflow/example_dags/tutorial_taskflow_api.py
[2025-08-13T03:26:58.496+0000] {processor.py:836} INFO - DAG(s) dict_keys(['tutorial_taskflow_api']) retrieved from /workspaces/hands-on-introduction-data-engineering-4395021/airflow_env/lib/python3.10/site-packages/airflow/example_dags/tutorial_taskflow_api.py
[2025-08-13T03:26:58.507+0000] {logging_mixin.py:150} INFO - [2025-08-13T03:26:58.507+0000] {dag.py:2742} INFO - Sync 1 DAGs
[2025-08-13T03:26:58.521+0000] {logging_mixin.py:150} INFO - [2025-08-13T03:26:58.521+0000] {dag.py:3504} INFO - Setting next_dagrun for tutorial_taskflow_api to None, run_after=None
[2025-08-13T03:26:58.536+0000] {processor.py:179} INFO - Processing /workspaces/hands-on-introduction-data-engineering-4395021/airflow_env/lib/python3.10/site-packages/airflow/example_dags/tutorial_taskflow_api.py took 0.048 seconds
[2025-08-13T03:27:46.827+0000] {processor.py:157} INFO - Started process (PID=6042) to work on /workspaces/hands-on-introduction-data-engineering-4395021/airflow_env/lib/python3.10/site-packages/airflow/example_dags/tutorial_taskflow_api.py
[2025-08-13T03:27:46.828+0000] {processor.py:826} INFO - Processing file /workspaces/hands-on-introduction-data-engineering-4395021/airflow_env/lib/python3.10/site-packages/airflow/example_dags/tutorial_taskflow_api.py for tasks to queue
[2025-08-13T03:27:46.828+0000] {logging_mixin.py:150} INFO - [2025-08-13T03:27:46.828+0000] {dagbag.py:541} INFO - Filling up the DagBag from /workspaces/hands-on-introduction-data-engineering-4395021/airflow_env/lib/python3.10/site-packages/airflow/example_dags/tutorial_taskflow_api.py
[2025-08-13T03:27:46.833+0000] {processor.py:836} INFO - DAG(s) dict_keys(['tutorial_taskflow_api']) retrieved from /workspaces/hands-on-introduction-data-engineering-4395021/airflow_env/lib/python3.10/site-packages/airflow/example_dags/tutorial_taskflow_api.py
[2025-08-13T03:27:46.844+0000] {logging_mixin.py:150} INFO - [2025-08-13T03:27:46.844+0000] {dag.py:2742} INFO - Sync 1 DAGs
[2025-08-13T03:27:46.858+0000] {logging_mixin.py:150} INFO - [2025-08-13T03:27:46.858+0000] {dag.py:3504} INFO - Setting next_dagrun for tutorial_taskflow_api to None, run_after=None
[2025-08-13T03:27:46.873+0000] {processor.py:179} INFO - Processing /workspaces/hands-on-introduction-data-engineering-4395021/airflow_env/lib/python3.10/site-packages/airflow/example_dags/tutorial_taskflow_api.py took 0.048 seconds
[2025-08-13T03:28:20.921+0000] {processor.py:157} INFO - Started process (PID=6316) to work on /workspaces/hands-on-introduction-data-engineering-4395021/airflow_env/lib/python3.10/site-packages/airflow/example_dags/tutorial_taskflow_api.py
[2025-08-13T03:28:20.922+0000] {processor.py:826} INFO - Processing file /workspaces/hands-on-introduction-data-engineering-4395021/airflow_env/lib/python3.10/site-packages/airflow/example_dags/tutorial_taskflow_api.py for tasks to queue
[2025-08-13T03:28:20.922+0000] {logging_mixin.py:150} INFO - [2025-08-13T03:28:20.922+0000] {dagbag.py:541} INFO - Filling up the DagBag from /workspaces/hands-on-introduction-data-engineering-4395021/airflow_env/lib/python3.10/site-packages/airflow/example_dags/tutorial_taskflow_api.py
[2025-08-13T03:28:20.927+0000] {processor.py:836} INFO - DAG(s) dict_keys(['tutorial_taskflow_api']) retrieved from /workspaces/hands-on-introduction-data-engineering-4395021/airflow_env/lib/python3.10/site-packages/airflow/example_dags/tutorial_taskflow_api.py
[2025-08-13T03:28:20.938+0000] {logging_mixin.py:150} INFO - [2025-08-13T03:28:20.938+0000] {dag.py:2742} INFO - Sync 1 DAGs
[2025-08-13T03:28:20.952+0000] {logging_mixin.py:150} INFO - [2025-08-13T03:28:20.952+0000] {dag.py:3504} INFO - Setting next_dagrun for tutorial_taskflow_api to None, run_after=None
[2025-08-13T03:28:20.968+0000] {processor.py:179} INFO - Processing /workspaces/hands-on-introduction-data-engineering-4395021/airflow_env/lib/python3.10/site-packages/airflow/example_dags/tutorial_taskflow_api.py took 0.049 seconds
[2025-08-13T03:29:03.072+0000] {processor.py:157} INFO - Started process (PID=6688) to work on /workspaces/hands-on-introduction-data-engineering-4395021/airflow_env/lib/python3.10/site-packages/airflow/example_dags/tutorial_taskflow_api.py
[2025-08-13T03:29:03.072+0000] {processor.py:826} INFO - Processing file /workspaces/hands-on-introduction-data-engineering-4395021/airflow_env/lib/python3.10/site-packages/airflow/example_dags/tutorial_taskflow_api.py for tasks to queue
[2025-08-13T03:29:03.073+0000] {logging_mixin.py:150} INFO - [2025-08-13T03:29:03.073+0000] {dagbag.py:541} INFO - Filling up the DagBag from /workspaces/hands-on-introduction-data-engineering-4395021/airflow_env/lib/python3.10/site-packages/airflow/example_dags/tutorial_taskflow_api.py
[2025-08-13T03:29:03.077+0000] {processor.py:836} INFO - DAG(s) dict_keys(['tutorial_taskflow_api']) retrieved from /workspaces/hands-on-introduction-data-engineering-4395021/airflow_env/lib/python3.10/site-packages/airflow/example_dags/tutorial_taskflow_api.py
[2025-08-13T03:29:03.089+0000] {logging_mixin.py:150} INFO - [2025-08-13T03:29:03.089+0000] {dag.py:2742} INFO - Sync 1 DAGs
[2025-08-13T03:29:03.108+0000] {logging_mixin.py:150} INFO - [2025-08-13T03:29:03.108+0000] {dag.py:3504} INFO - Setting next_dagrun for tutorial_taskflow_api to None, run_after=None
[2025-08-13T03:29:03.129+0000] {processor.py:179} INFO - Processing /workspaces/hands-on-introduction-data-engineering-4395021/airflow_env/lib/python3.10/site-packages/airflow/example_dags/tutorial_taskflow_api.py took 0.059 seconds
[2025-08-13T03:29:46.424+0000] {processor.py:157} INFO - Started process (PID=7175) to work on /workspaces/hands-on-introduction-data-engineering-4395021/airflow_env/lib/python3.10/site-packages/airflow/example_dags/tutorial_taskflow_api.py
[2025-08-13T03:29:46.425+0000] {processor.py:826} INFO - Processing file /workspaces/hands-on-introduction-data-engineering-4395021/airflow_env/lib/python3.10/site-packages/airflow/example_dags/tutorial_taskflow_api.py for tasks to queue
[2025-08-13T03:29:46.425+0000] {logging_mixin.py:150} INFO - [2025-08-13T03:29:46.425+0000] {dagbag.py:541} INFO - Filling up the DagBag from /workspaces/hands-on-introduction-data-engineering-4395021/airflow_env/lib/python3.10/site-packages/airflow/example_dags/tutorial_taskflow_api.py
[2025-08-13T03:29:46.429+0000] {processor.py:836} INFO - DAG(s) dict_keys(['tutorial_taskflow_api']) retrieved from /workspaces/hands-on-introduction-data-engineering-4395021/airflow_env/lib/python3.10/site-packages/airflow/example_dags/tutorial_taskflow_api.py
[2025-08-13T03:29:46.441+0000] {logging_mixin.py:150} INFO - [2025-08-13T03:29:46.441+0000] {dag.py:2742} INFO - Sync 1 DAGs
[2025-08-13T03:29:46.456+0000] {logging_mixin.py:150} INFO - [2025-08-13T03:29:46.455+0000] {dag.py:3504} INFO - Setting next_dagrun for tutorial_taskflow_api to None, run_after=None
[2025-08-13T03:29:46.471+0000] {processor.py:179} INFO - Processing /workspaces/hands-on-introduction-data-engineering-4395021/airflow_env/lib/python3.10/site-packages/airflow/example_dags/tutorial_taskflow_api.py took 0.049 seconds
[2025-08-13T03:30:25.154+0000] {processor.py:157} INFO - Started process (PID=7475) to work on /workspaces/hands-on-introduction-data-engineering-4395021/airflow_env/lib/python3.10/site-packages/airflow/example_dags/tutorial_taskflow_api.py
[2025-08-13T03:30:25.155+0000] {processor.py:826} INFO - Processing file /workspaces/hands-on-introduction-data-engineering-4395021/airflow_env/lib/python3.10/site-packages/airflow/example_dags/tutorial_taskflow_api.py for tasks to queue
[2025-08-13T03:30:25.155+0000] {logging_mixin.py:150} INFO - [2025-08-13T03:30:25.155+0000] {dagbag.py:541} INFO - Filling up the DagBag from /workspaces/hands-on-introduction-data-engineering-4395021/airflow_env/lib/python3.10/site-packages/airflow/example_dags/tutorial_taskflow_api.py
[2025-08-13T03:30:25.160+0000] {processor.py:836} INFO - DAG(s) dict_keys(['tutorial_taskflow_api']) retrieved from /workspaces/hands-on-introduction-data-engineering-4395021/airflow_env/lib/python3.10/site-packages/airflow/example_dags/tutorial_taskflow_api.py
[2025-08-13T03:30:25.171+0000] {logging_mixin.py:150} INFO - [2025-08-13T03:30:25.171+0000] {dag.py:2742} INFO - Sync 1 DAGs
[2025-08-13T03:30:25.190+0000] {logging_mixin.py:150} INFO - [2025-08-13T03:30:25.190+0000] {dag.py:3504} INFO - Setting next_dagrun for tutorial_taskflow_api to None, run_after=None
[2025-08-13T03:30:25.205+0000] {processor.py:179} INFO - Processing /workspaces/hands-on-introduction-data-engineering-4395021/airflow_env/lib/python3.10/site-packages/airflow/example_dags/tutorial_taskflow_api.py took 0.054 seconds
[2025-08-13T03:31:06.273+0000] {processor.py:157} INFO - Started process (PID=7752) to work on /workspaces/hands-on-introduction-data-engineering-4395021/airflow_env/lib/python3.10/site-packages/airflow/example_dags/tutorial_taskflow_api.py
[2025-08-13T03:31:06.274+0000] {processor.py:826} INFO - Processing file /workspaces/hands-on-introduction-data-engineering-4395021/airflow_env/lib/python3.10/site-packages/airflow/example_dags/tutorial_taskflow_api.py for tasks to queue
[2025-08-13T03:31:06.274+0000] {logging_mixin.py:150} INFO - [2025-08-13T03:31:06.274+0000] {dagbag.py:541} INFO - Filling up the DagBag from /workspaces/hands-on-introduction-data-engineering-4395021/airflow_env/lib/python3.10/site-packages/airflow/example_dags/tutorial_taskflow_api.py
[2025-08-13T03:31:06.279+0000] {processor.py:836} INFO - DAG(s) dict_keys(['tutorial_taskflow_api']) retrieved from /workspaces/hands-on-introduction-data-engineering-4395021/airflow_env/lib/python3.10/site-packages/airflow/example_dags/tutorial_taskflow_api.py
[2025-08-13T03:31:06.290+0000] {logging_mixin.py:150} INFO - [2025-08-13T03:31:06.290+0000] {dag.py:2742} INFO - Sync 1 DAGs
[2025-08-13T03:31:06.305+0000] {logging_mixin.py:150} INFO - [2025-08-13T03:31:06.304+0000] {dag.py:3504} INFO - Setting next_dagrun for tutorial_taskflow_api to None, run_after=None
[2025-08-13T03:31:06.319+0000] {processor.py:179} INFO - Processing /workspaces/hands-on-introduction-data-engineering-4395021/airflow_env/lib/python3.10/site-packages/airflow/example_dags/tutorial_taskflow_api.py took 0.049 seconds
[2025-08-13T03:31:51.551+0000] {processor.py:157} INFO - Started process (PID=8048) to work on /workspaces/hands-on-introduction-data-engineering-4395021/airflow_env/lib/python3.10/site-packages/airflow/example_dags/tutorial_taskflow_api.py
[2025-08-13T03:31:51.552+0000] {processor.py:826} INFO - Processing file /workspaces/hands-on-introduction-data-engineering-4395021/airflow_env/lib/python3.10/site-packages/airflow/example_dags/tutorial_taskflow_api.py for tasks to queue
[2025-08-13T03:31:51.552+0000] {logging_mixin.py:150} INFO - [2025-08-13T03:31:51.552+0000] {dagbag.py:541} INFO - Filling up the DagBag from /workspaces/hands-on-introduction-data-engineering-4395021/airflow_env/lib/python3.10/site-packages/airflow/example_dags/tutorial_taskflow_api.py
[2025-08-13T03:31:51.557+0000] {processor.py:836} INFO - DAG(s) dict_keys(['tutorial_taskflow_api']) retrieved from /workspaces/hands-on-introduction-data-engineering-4395021/airflow_env/lib/python3.10/site-packages/airflow/example_dags/tutorial_taskflow_api.py
[2025-08-13T03:31:51.568+0000] {logging_mixin.py:150} INFO - [2025-08-13T03:31:51.568+0000] {dag.py:2742} INFO - Sync 1 DAGs
[2025-08-13T03:31:51.582+0000] {logging_mixin.py:150} INFO - [2025-08-13T03:31:51.582+0000] {dag.py:3504} INFO - Setting next_dagrun for tutorial_taskflow_api to None, run_after=None
[2025-08-13T03:31:51.597+0000] {processor.py:179} INFO - Processing /workspaces/hands-on-introduction-data-engineering-4395021/airflow_env/lib/python3.10/site-packages/airflow/example_dags/tutorial_taskflow_api.py took 0.048 seconds
[2025-08-13T03:32:24.380+0000] {processor.py:157} INFO - Started process (PID=8270) to work on /workspaces/hands-on-introduction-data-engineering-4395021/airflow_env/lib/python3.10/site-packages/airflow/example_dags/tutorial_taskflow_api.py
[2025-08-13T03:32:24.381+0000] {processor.py:826} INFO - Processing file /workspaces/hands-on-introduction-data-engineering-4395021/airflow_env/lib/python3.10/site-packages/airflow/example_dags/tutorial_taskflow_api.py for tasks to queue
[2025-08-13T03:32:24.381+0000] {logging_mixin.py:150} INFO - [2025-08-13T03:32:24.381+0000] {dagbag.py:541} INFO - Filling up the DagBag from /workspaces/hands-on-introduction-data-engineering-4395021/airflow_env/lib/python3.10/site-packages/airflow/example_dags/tutorial_taskflow_api.py
[2025-08-13T03:32:24.386+0000] {processor.py:836} INFO - DAG(s) dict_keys(['tutorial_taskflow_api']) retrieved from /workspaces/hands-on-introduction-data-engineering-4395021/airflow_env/lib/python3.10/site-packages/airflow/example_dags/tutorial_taskflow_api.py
[2025-08-13T03:32:24.397+0000] {logging_mixin.py:150} INFO - [2025-08-13T03:32:24.397+0000] {dag.py:2742} INFO - Sync 1 DAGs
[2025-08-13T03:32:24.411+0000] {logging_mixin.py:150} INFO - [2025-08-13T03:32:24.411+0000] {dag.py:3504} INFO - Setting next_dagrun for tutorial_taskflow_api to None, run_after=None
[2025-08-13T03:32:24.426+0000] {processor.py:179} INFO - Processing /workspaces/hands-on-introduction-data-engineering-4395021/airflow_env/lib/python3.10/site-packages/airflow/example_dags/tutorial_taskflow_api.py took 0.049 seconds
[2025-08-13T03:33:10.849+0000] {processor.py:157} INFO - Started process (PID=8579) to work on /workspaces/hands-on-introduction-data-engineering-4395021/airflow_env/lib/python3.10/site-packages/airflow/example_dags/tutorial_taskflow_api.py
[2025-08-13T03:33:10.850+0000] {processor.py:826} INFO - Processing file /workspaces/hands-on-introduction-data-engineering-4395021/airflow_env/lib/python3.10/site-packages/airflow/example_dags/tutorial_taskflow_api.py for tasks to queue
[2025-08-13T03:33:10.850+0000] {logging_mixin.py:150} INFO - [2025-08-13T03:33:10.850+0000] {dagbag.py:541} INFO - Filling up the DagBag from /workspaces/hands-on-introduction-data-engineering-4395021/airflow_env/lib/python3.10/site-packages/airflow/example_dags/tutorial_taskflow_api.py
[2025-08-13T03:33:10.855+0000] {processor.py:836} INFO - DAG(s) dict_keys(['tutorial_taskflow_api']) retrieved from /workspaces/hands-on-introduction-data-engineering-4395021/airflow_env/lib/python3.10/site-packages/airflow/example_dags/tutorial_taskflow_api.py
[2025-08-13T03:33:10.866+0000] {logging_mixin.py:150} INFO - [2025-08-13T03:33:10.866+0000] {dag.py:2742} INFO - Sync 1 DAGs
[2025-08-13T03:33:10.884+0000] {logging_mixin.py:150} INFO - [2025-08-13T03:33:10.884+0000] {dag.py:3504} INFO - Setting next_dagrun for tutorial_taskflow_api to None, run_after=None
[2025-08-13T03:33:10.905+0000] {processor.py:179} INFO - Processing /workspaces/hands-on-introduction-data-engineering-4395021/airflow_env/lib/python3.10/site-packages/airflow/example_dags/tutorial_taskflow_api.py took 0.058 seconds
[2025-08-13T03:33:51.675+0000] {processor.py:157} INFO - Started process (PID=8850) to work on /workspaces/hands-on-introduction-data-engineering-4395021/airflow_env/lib/python3.10/site-packages/airflow/example_dags/tutorial_taskflow_api.py
[2025-08-13T03:33:51.676+0000] {processor.py:826} INFO - Processing file /workspaces/hands-on-introduction-data-engineering-4395021/airflow_env/lib/python3.10/site-packages/airflow/example_dags/tutorial_taskflow_api.py for tasks to queue
[2025-08-13T03:33:51.676+0000] {logging_mixin.py:150} INFO - [2025-08-13T03:33:51.676+0000] {dagbag.py:541} INFO - Filling up the DagBag from /workspaces/hands-on-introduction-data-engineering-4395021/airflow_env/lib/python3.10/site-packages/airflow/example_dags/tutorial_taskflow_api.py
[2025-08-13T03:33:51.680+0000] {processor.py:836} INFO - DAG(s) dict_keys(['tutorial_taskflow_api']) retrieved from /workspaces/hands-on-introduction-data-engineering-4395021/airflow_env/lib/python3.10/site-packages/airflow/example_dags/tutorial_taskflow_api.py
[2025-08-13T03:33:51.692+0000] {logging_mixin.py:150} INFO - [2025-08-13T03:33:51.691+0000] {dag.py:2742} INFO - Sync 1 DAGs
[2025-08-13T03:33:51.706+0000] {logging_mixin.py:150} INFO - [2025-08-13T03:33:51.706+0000] {dag.py:3504} INFO - Setting next_dagrun for tutorial_taskflow_api to None, run_after=None
[2025-08-13T03:33:51.722+0000] {processor.py:179} INFO - Processing /workspaces/hands-on-introduction-data-engineering-4395021/airflow_env/lib/python3.10/site-packages/airflow/example_dags/tutorial_taskflow_api.py took 0.049 seconds
[2025-08-13T03:34:35.909+0000] {processor.py:157} INFO - Started process (PID=9144) to work on /workspaces/hands-on-introduction-data-engineering-4395021/airflow_env/lib/python3.10/site-packages/airflow/example_dags/tutorial_taskflow_api.py
[2025-08-13T03:34:35.909+0000] {processor.py:826} INFO - Processing file /workspaces/hands-on-introduction-data-engineering-4395021/airflow_env/lib/python3.10/site-packages/airflow/example_dags/tutorial_taskflow_api.py for tasks to queue
[2025-08-13T03:34:35.910+0000] {logging_mixin.py:150} INFO - [2025-08-13T03:34:35.910+0000] {dagbag.py:541} INFO - Filling up the DagBag from /workspaces/hands-on-introduction-data-engineering-4395021/airflow_env/lib/python3.10/site-packages/airflow/example_dags/tutorial_taskflow_api.py
[2025-08-13T03:34:35.915+0000] {processor.py:836} INFO - DAG(s) dict_keys(['tutorial_taskflow_api']) retrieved from /workspaces/hands-on-introduction-data-engineering-4395021/airflow_env/lib/python3.10/site-packages/airflow/example_dags/tutorial_taskflow_api.py
[2025-08-13T03:34:35.925+0000] {logging_mixin.py:150} INFO - [2025-08-13T03:34:35.925+0000] {dag.py:2742} INFO - Sync 1 DAGs
[2025-08-13T03:34:35.939+0000] {logging_mixin.py:150} INFO - [2025-08-13T03:34:35.939+0000] {dag.py:3504} INFO - Setting next_dagrun for tutorial_taskflow_api to None, run_after=None
[2025-08-13T03:34:35.954+0000] {processor.py:179} INFO - Processing /workspaces/hands-on-introduction-data-engineering-4395021/airflow_env/lib/python3.10/site-packages/airflow/example_dags/tutorial_taskflow_api.py took 0.047 seconds
[2025-08-13T03:35:17.006+0000] {processor.py:157} INFO - Started process (PID=9479) to work on /workspaces/hands-on-introduction-data-engineering-4395021/airflow_env/lib/python3.10/site-packages/airflow/example_dags/tutorial_taskflow_api.py
[2025-08-13T03:35:17.006+0000] {processor.py:826} INFO - Processing file /workspaces/hands-on-introduction-data-engineering-4395021/airflow_env/lib/python3.10/site-packages/airflow/example_dags/tutorial_taskflow_api.py for tasks to queue
[2025-08-13T03:35:17.007+0000] {logging_mixin.py:150} INFO - [2025-08-13T03:35:17.007+0000] {dagbag.py:541} INFO - Filling up the DagBag from /workspaces/hands-on-introduction-data-engineering-4395021/airflow_env/lib/python3.10/site-packages/airflow/example_dags/tutorial_taskflow_api.py
[2025-08-13T03:35:17.011+0000] {processor.py:836} INFO - DAG(s) dict_keys(['tutorial_taskflow_api']) retrieved from /workspaces/hands-on-introduction-data-engineering-4395021/airflow_env/lib/python3.10/site-packages/airflow/example_dags/tutorial_taskflow_api.py
[2025-08-13T03:35:17.022+0000] {logging_mixin.py:150} INFO - [2025-08-13T03:35:17.022+0000] {dag.py:2742} INFO - Sync 1 DAGs
[2025-08-13T03:35:17.036+0000] {logging_mixin.py:150} INFO - [2025-08-13T03:35:17.036+0000] {dag.py:3504} INFO - Setting next_dagrun for tutorial_taskflow_api to None, run_after=None
[2025-08-13T03:35:17.052+0000] {processor.py:179} INFO - Processing /workspaces/hands-on-introduction-data-engineering-4395021/airflow_env/lib/python3.10/site-packages/airflow/example_dags/tutorial_taskflow_api.py took 0.049 seconds
[2025-08-13T03:35:52.347+0000] {processor.py:157} INFO - Started process (PID=9838) to work on /workspaces/hands-on-introduction-data-engineering-4395021/airflow_env/lib/python3.10/site-packages/airflow/example_dags/tutorial_taskflow_api.py
[2025-08-13T03:35:52.348+0000] {processor.py:826} INFO - Processing file /workspaces/hands-on-introduction-data-engineering-4395021/airflow_env/lib/python3.10/site-packages/airflow/example_dags/tutorial_taskflow_api.py for tasks to queue
[2025-08-13T03:35:52.349+0000] {logging_mixin.py:150} INFO - [2025-08-13T03:35:52.349+0000] {dagbag.py:541} INFO - Filling up the DagBag from /workspaces/hands-on-introduction-data-engineering-4395021/airflow_env/lib/python3.10/site-packages/airflow/example_dags/tutorial_taskflow_api.py
[2025-08-13T03:35:52.357+0000] {processor.py:836} INFO - DAG(s) dict_keys(['tutorial_taskflow_api']) retrieved from /workspaces/hands-on-introduction-data-engineering-4395021/airflow_env/lib/python3.10/site-packages/airflow/example_dags/tutorial_taskflow_api.py
[2025-08-13T03:35:52.372+0000] {logging_mixin.py:150} INFO - [2025-08-13T03:35:52.372+0000] {dag.py:2742} INFO - Sync 1 DAGs
[2025-08-13T03:35:52.387+0000] {logging_mixin.py:150} INFO - [2025-08-13T03:35:52.387+0000] {dag.py:3504} INFO - Setting next_dagrun for tutorial_taskflow_api to None, run_after=None
[2025-08-13T03:35:52.402+0000] {processor.py:179} INFO - Processing /workspaces/hands-on-introduction-data-engineering-4395021/airflow_env/lib/python3.10/site-packages/airflow/example_dags/tutorial_taskflow_api.py took 0.058 seconds
[2025-08-13T03:36:35.264+0000] {processor.py:157} INFO - Started process (PID=10193) to work on /workspaces/hands-on-introduction-data-engineering-4395021/airflow_env/lib/python3.10/site-packages/airflow/example_dags/tutorial_taskflow_api.py
[2025-08-13T03:36:35.265+0000] {processor.py:826} INFO - Processing file /workspaces/hands-on-introduction-data-engineering-4395021/airflow_env/lib/python3.10/site-packages/airflow/example_dags/tutorial_taskflow_api.py for tasks to queue
[2025-08-13T03:36:35.266+0000] {logging_mixin.py:150} INFO - [2025-08-13T03:36:35.265+0000] {dagbag.py:541} INFO - Filling up the DagBag from /workspaces/hands-on-introduction-data-engineering-4395021/airflow_env/lib/python3.10/site-packages/airflow/example_dags/tutorial_taskflow_api.py
[2025-08-13T03:36:35.270+0000] {processor.py:836} INFO - DAG(s) dict_keys(['tutorial_taskflow_api']) retrieved from /workspaces/hands-on-introduction-data-engineering-4395021/airflow_env/lib/python3.10/site-packages/airflow/example_dags/tutorial_taskflow_api.py
[2025-08-13T03:36:35.282+0000] {logging_mixin.py:150} INFO - [2025-08-13T03:36:35.282+0000] {dag.py:2742} INFO - Sync 1 DAGs
[2025-08-13T03:36:35.301+0000] {logging_mixin.py:150} INFO - [2025-08-13T03:36:35.301+0000] {dag.py:3504} INFO - Setting next_dagrun for tutorial_taskflow_api to None, run_after=None
[2025-08-13T03:36:35.323+0000] {processor.py:179} INFO - Processing /workspaces/hands-on-introduction-data-engineering-4395021/airflow_env/lib/python3.10/site-packages/airflow/example_dags/tutorial_taskflow_api.py took 0.061 seconds
[2025-08-13T03:37:16.303+0000] {processor.py:157} INFO - Started process (PID=10566) to work on /workspaces/hands-on-introduction-data-engineering-4395021/airflow_env/lib/python3.10/site-packages/airflow/example_dags/tutorial_taskflow_api.py
[2025-08-13T03:37:16.304+0000] {processor.py:826} INFO - Processing file /workspaces/hands-on-introduction-data-engineering-4395021/airflow_env/lib/python3.10/site-packages/airflow/example_dags/tutorial_taskflow_api.py for tasks to queue
[2025-08-13T03:37:16.304+0000] {logging_mixin.py:150} INFO - [2025-08-13T03:37:16.304+0000] {dagbag.py:541} INFO - Filling up the DagBag from /workspaces/hands-on-introduction-data-engineering-4395021/airflow_env/lib/python3.10/site-packages/airflow/example_dags/tutorial_taskflow_api.py
[2025-08-13T03:37:16.309+0000] {processor.py:836} INFO - DAG(s) dict_keys(['tutorial_taskflow_api']) retrieved from /workspaces/hands-on-introduction-data-engineering-4395021/airflow_env/lib/python3.10/site-packages/airflow/example_dags/tutorial_taskflow_api.py
[2025-08-13T03:37:16.320+0000] {logging_mixin.py:150} INFO - [2025-08-13T03:37:16.320+0000] {dag.py:2742} INFO - Sync 1 DAGs
[2025-08-13T03:37:16.334+0000] {logging_mixin.py:150} INFO - [2025-08-13T03:37:16.334+0000] {dag.py:3504} INFO - Setting next_dagrun for tutorial_taskflow_api to None, run_after=None
[2025-08-13T03:37:16.351+0000] {processor.py:179} INFO - Processing /workspaces/hands-on-introduction-data-engineering-4395021/airflow_env/lib/python3.10/site-packages/airflow/example_dags/tutorial_taskflow_api.py took 0.050 seconds
[2025-08-13T03:37:59.987+0000] {processor.py:157} INFO - Started process (PID=10932) to work on /workspaces/hands-on-introduction-data-engineering-4395021/airflow_env/lib/python3.10/site-packages/airflow/example_dags/tutorial_taskflow_api.py
[2025-08-13T03:37:59.988+0000] {processor.py:826} INFO - Processing file /workspaces/hands-on-introduction-data-engineering-4395021/airflow_env/lib/python3.10/site-packages/airflow/example_dags/tutorial_taskflow_api.py for tasks to queue
[2025-08-13T03:37:59.988+0000] {logging_mixin.py:150} INFO - [2025-08-13T03:37:59.988+0000] {dagbag.py:541} INFO - Filling up the DagBag from /workspaces/hands-on-introduction-data-engineering-4395021/airflow_env/lib/python3.10/site-packages/airflow/example_dags/tutorial_taskflow_api.py
[2025-08-13T03:37:59.993+0000] {processor.py:836} INFO - DAG(s) dict_keys(['tutorial_taskflow_api']) retrieved from /workspaces/hands-on-introduction-data-engineering-4395021/airflow_env/lib/python3.10/site-packages/airflow/example_dags/tutorial_taskflow_api.py
[2025-08-13T03:38:00.005+0000] {logging_mixin.py:150} INFO - [2025-08-13T03:38:00.005+0000] {dag.py:2742} INFO - Sync 1 DAGs
[2025-08-13T03:38:00.020+0000] {logging_mixin.py:150} INFO - [2025-08-13T03:38:00.019+0000] {dag.py:3504} INFO - Setting next_dagrun for tutorial_taskflow_api to None, run_after=None
[2025-08-13T03:38:00.035+0000] {processor.py:179} INFO - Processing /workspaces/hands-on-introduction-data-engineering-4395021/airflow_env/lib/python3.10/site-packages/airflow/example_dags/tutorial_taskflow_api.py took 0.050 seconds
[2025-08-13T03:38:45.097+0000] {processor.py:157} INFO - Started process (PID=11423) to work on /workspaces/hands-on-introduction-data-engineering-4395021/airflow_env/lib/python3.10/site-packages/airflow/example_dags/tutorial_taskflow_api.py
[2025-08-13T03:38:45.098+0000] {processor.py:826} INFO - Processing file /workspaces/hands-on-introduction-data-engineering-4395021/airflow_env/lib/python3.10/site-packages/airflow/example_dags/tutorial_taskflow_api.py for tasks to queue
[2025-08-13T03:38:45.099+0000] {logging_mixin.py:150} INFO - [2025-08-13T03:38:45.098+0000] {dagbag.py:541} INFO - Filling up the DagBag from /workspaces/hands-on-introduction-data-engineering-4395021/airflow_env/lib/python3.10/site-packages/airflow/example_dags/tutorial_taskflow_api.py
[2025-08-13T03:38:45.103+0000] {processor.py:836} INFO - DAG(s) dict_keys(['tutorial_taskflow_api']) retrieved from /workspaces/hands-on-introduction-data-engineering-4395021/airflow_env/lib/python3.10/site-packages/airflow/example_dags/tutorial_taskflow_api.py
[2025-08-13T03:38:45.115+0000] {logging_mixin.py:150} INFO - [2025-08-13T03:38:45.115+0000] {dag.py:2742} INFO - Sync 1 DAGs
[2025-08-13T03:38:45.129+0000] {logging_mixin.py:150} INFO - [2025-08-13T03:38:45.129+0000] {dag.py:3504} INFO - Setting next_dagrun for tutorial_taskflow_api to None, run_after=None
[2025-08-13T03:38:45.144+0000] {processor.py:179} INFO - Processing /workspaces/hands-on-introduction-data-engineering-4395021/airflow_env/lib/python3.10/site-packages/airflow/example_dags/tutorial_taskflow_api.py took 0.049 seconds
[2025-08-13T10:25:32.695+0000] {processor.py:157} INFO - Started process (PID=2236) to work on /workspaces/hands-on-introduction-data-engineering-4395021/airflow_env/lib/python3.10/site-packages/airflow/example_dags/tutorial_taskflow_api.py
[2025-08-13T10:25:32.697+0000] {processor.py:826} INFO - Processing file /workspaces/hands-on-introduction-data-engineering-4395021/airflow_env/lib/python3.10/site-packages/airflow/example_dags/tutorial_taskflow_api.py for tasks to queue
[2025-08-13T10:25:32.697+0000] {logging_mixin.py:150} INFO - [2025-08-13T10:25:32.697+0000] {dagbag.py:541} INFO - Filling up the DagBag from /workspaces/hands-on-introduction-data-engineering-4395021/airflow_env/lib/python3.10/site-packages/airflow/example_dags/tutorial_taskflow_api.py
[2025-08-13T10:25:32.704+0000] {processor.py:836} INFO - DAG(s) dict_keys(['tutorial_taskflow_api']) retrieved from /workspaces/hands-on-introduction-data-engineering-4395021/airflow_env/lib/python3.10/site-packages/airflow/example_dags/tutorial_taskflow_api.py
[2025-08-13T10:25:32.721+0000] {logging_mixin.py:150} INFO - [2025-08-13T10:25:32.721+0000] {dag.py:2742} INFO - Sync 1 DAGs
[2025-08-13T10:25:32.734+0000] {logging_mixin.py:150} INFO - [2025-08-13T10:25:32.734+0000] {dag.py:3504} INFO - Setting next_dagrun for tutorial_taskflow_api to None, run_after=None
[2025-08-13T10:25:32.749+0000] {processor.py:179} INFO - Processing /workspaces/hands-on-introduction-data-engineering-4395021/airflow_env/lib/python3.10/site-packages/airflow/example_dags/tutorial_taskflow_api.py took 0.056 seconds
[2025-08-13T10:26:15.963+0000] {processor.py:157} INFO - Started process (PID=2608) to work on /workspaces/hands-on-introduction-data-engineering-4395021/airflow_env/lib/python3.10/site-packages/airflow/example_dags/tutorial_taskflow_api.py
[2025-08-13T10:26:15.964+0000] {processor.py:826} INFO - Processing file /workspaces/hands-on-introduction-data-engineering-4395021/airflow_env/lib/python3.10/site-packages/airflow/example_dags/tutorial_taskflow_api.py for tasks to queue
[2025-08-13T10:26:15.965+0000] {logging_mixin.py:150} INFO - [2025-08-13T10:26:15.965+0000] {dagbag.py:541} INFO - Filling up the DagBag from /workspaces/hands-on-introduction-data-engineering-4395021/airflow_env/lib/python3.10/site-packages/airflow/example_dags/tutorial_taskflow_api.py
[2025-08-13T10:26:15.969+0000] {processor.py:836} INFO - DAG(s) dict_keys(['tutorial_taskflow_api']) retrieved from /workspaces/hands-on-introduction-data-engineering-4395021/airflow_env/lib/python3.10/site-packages/airflow/example_dags/tutorial_taskflow_api.py
[2025-08-13T10:26:15.980+0000] {logging_mixin.py:150} INFO - [2025-08-13T10:26:15.980+0000] {dag.py:2742} INFO - Sync 1 DAGs
[2025-08-13T10:26:15.994+0000] {logging_mixin.py:150} INFO - [2025-08-13T10:26:15.994+0000] {dag.py:3504} INFO - Setting next_dagrun for tutorial_taskflow_api to None, run_after=None
[2025-08-13T10:26:16.009+0000] {processor.py:179} INFO - Processing /workspaces/hands-on-introduction-data-engineering-4395021/airflow_env/lib/python3.10/site-packages/airflow/example_dags/tutorial_taskflow_api.py took 0.047 seconds
[2025-08-13T10:26:59.810+0000] {processor.py:157} INFO - Started process (PID=2897) to work on /workspaces/hands-on-introduction-data-engineering-4395021/airflow_env/lib/python3.10/site-packages/airflow/example_dags/tutorial_taskflow_api.py
[2025-08-13T10:26:59.811+0000] {processor.py:826} INFO - Processing file /workspaces/hands-on-introduction-data-engineering-4395021/airflow_env/lib/python3.10/site-packages/airflow/example_dags/tutorial_taskflow_api.py for tasks to queue
[2025-08-13T10:26:59.812+0000] {logging_mixin.py:150} INFO - [2025-08-13T10:26:59.812+0000] {dagbag.py:541} INFO - Filling up the DagBag from /workspaces/hands-on-introduction-data-engineering-4395021/airflow_env/lib/python3.10/site-packages/airflow/example_dags/tutorial_taskflow_api.py
[2025-08-13T10:26:59.820+0000] {processor.py:836} INFO - DAG(s) dict_keys(['tutorial_taskflow_api']) retrieved from /workspaces/hands-on-introduction-data-engineering-4395021/airflow_env/lib/python3.10/site-packages/airflow/example_dags/tutorial_taskflow_api.py
[2025-08-13T10:26:59.836+0000] {logging_mixin.py:150} INFO - [2025-08-13T10:26:59.836+0000] {dag.py:2742} INFO - Sync 1 DAGs
[2025-08-13T10:26:59.856+0000] {logging_mixin.py:150} INFO - [2025-08-13T10:26:59.856+0000] {dag.py:3504} INFO - Setting next_dagrun for tutorial_taskflow_api to None, run_after=None
[2025-08-13T10:26:59.873+0000] {processor.py:179} INFO - Processing /workspaces/hands-on-introduction-data-engineering-4395021/airflow_env/lib/python3.10/site-packages/airflow/example_dags/tutorial_taskflow_api.py took 0.067 seconds
[2025-08-13T10:27:43.437+0000] {processor.py:157} INFO - Started process (PID=3279) to work on /workspaces/hands-on-introduction-data-engineering-4395021/airflow_env/lib/python3.10/site-packages/airflow/example_dags/tutorial_taskflow_api.py
[2025-08-13T10:27:43.437+0000] {processor.py:826} INFO - Processing file /workspaces/hands-on-introduction-data-engineering-4395021/airflow_env/lib/python3.10/site-packages/airflow/example_dags/tutorial_taskflow_api.py for tasks to queue
[2025-08-13T10:27:43.438+0000] {logging_mixin.py:150} INFO - [2025-08-13T10:27:43.438+0000] {dagbag.py:541} INFO - Filling up the DagBag from /workspaces/hands-on-introduction-data-engineering-4395021/airflow_env/lib/python3.10/site-packages/airflow/example_dags/tutorial_taskflow_api.py
[2025-08-13T10:27:43.443+0000] {processor.py:836} INFO - DAG(s) dict_keys(['tutorial_taskflow_api']) retrieved from /workspaces/hands-on-introduction-data-engineering-4395021/airflow_env/lib/python3.10/site-packages/airflow/example_dags/tutorial_taskflow_api.py
[2025-08-13T10:27:43.454+0000] {logging_mixin.py:150} INFO - [2025-08-13T10:27:43.454+0000] {dag.py:2742} INFO - Sync 1 DAGs
[2025-08-13T10:27:43.468+0000] {logging_mixin.py:150} INFO - [2025-08-13T10:27:43.468+0000] {dag.py:3504} INFO - Setting next_dagrun for tutorial_taskflow_api to None, run_after=None
[2025-08-13T10:27:43.483+0000] {processor.py:179} INFO - Processing /workspaces/hands-on-introduction-data-engineering-4395021/airflow_env/lib/python3.10/site-packages/airflow/example_dags/tutorial_taskflow_api.py took 0.048 seconds
[2025-08-13T10:28:27.248+0000] {processor.py:157} INFO - Started process (PID=3615) to work on /workspaces/hands-on-introduction-data-engineering-4395021/airflow_env/lib/python3.10/site-packages/airflow/example_dags/tutorial_taskflow_api.py
[2025-08-13T10:28:27.248+0000] {processor.py:826} INFO - Processing file /workspaces/hands-on-introduction-data-engineering-4395021/airflow_env/lib/python3.10/site-packages/airflow/example_dags/tutorial_taskflow_api.py for tasks to queue
[2025-08-13T10:28:27.249+0000] {logging_mixin.py:150} INFO - [2025-08-13T10:28:27.249+0000] {dagbag.py:541} INFO - Filling up the DagBag from /workspaces/hands-on-introduction-data-engineering-4395021/airflow_env/lib/python3.10/site-packages/airflow/example_dags/tutorial_taskflow_api.py
[2025-08-13T10:28:27.254+0000] {processor.py:836} INFO - DAG(s) dict_keys(['tutorial_taskflow_api']) retrieved from /workspaces/hands-on-introduction-data-engineering-4395021/airflow_env/lib/python3.10/site-packages/airflow/example_dags/tutorial_taskflow_api.py
[2025-08-13T10:28:27.265+0000] {logging_mixin.py:150} INFO - [2025-08-13T10:28:27.265+0000] {dag.py:2742} INFO - Sync 1 DAGs
[2025-08-13T10:28:27.280+0000] {logging_mixin.py:150} INFO - [2025-08-13T10:28:27.280+0000] {dag.py:3504} INFO - Setting next_dagrun for tutorial_taskflow_api to None, run_after=None
[2025-08-13T10:28:27.295+0000] {processor.py:179} INFO - Processing /workspaces/hands-on-introduction-data-engineering-4395021/airflow_env/lib/python3.10/site-packages/airflow/example_dags/tutorial_taskflow_api.py took 0.050 seconds
[2025-08-13T10:29:11.454+0000] {processor.py:157} INFO - Started process (PID=4015) to work on /workspaces/hands-on-introduction-data-engineering-4395021/airflow_env/lib/python3.10/site-packages/airflow/example_dags/tutorial_taskflow_api.py
[2025-08-13T10:29:11.455+0000] {processor.py:826} INFO - Processing file /workspaces/hands-on-introduction-data-engineering-4395021/airflow_env/lib/python3.10/site-packages/airflow/example_dags/tutorial_taskflow_api.py for tasks to queue
[2025-08-13T10:29:11.455+0000] {logging_mixin.py:150} INFO - [2025-08-13T10:29:11.455+0000] {dagbag.py:541} INFO - Filling up the DagBag from /workspaces/hands-on-introduction-data-engineering-4395021/airflow_env/lib/python3.10/site-packages/airflow/example_dags/tutorial_taskflow_api.py
[2025-08-13T10:29:11.460+0000] {processor.py:836} INFO - DAG(s) dict_keys(['tutorial_taskflow_api']) retrieved from /workspaces/hands-on-introduction-data-engineering-4395021/airflow_env/lib/python3.10/site-packages/airflow/example_dags/tutorial_taskflow_api.py
[2025-08-13T10:29:11.471+0000] {logging_mixin.py:150} INFO - [2025-08-13T10:29:11.471+0000] {dag.py:2742} INFO - Sync 1 DAGs
[2025-08-13T10:29:11.484+0000] {logging_mixin.py:150} INFO - [2025-08-13T10:29:11.484+0000] {dag.py:3504} INFO - Setting next_dagrun for tutorial_taskflow_api to None, run_after=None
[2025-08-13T10:29:11.502+0000] {processor.py:179} INFO - Processing /workspaces/hands-on-introduction-data-engineering-4395021/airflow_env/lib/python3.10/site-packages/airflow/example_dags/tutorial_taskflow_api.py took 0.050 seconds
[2025-08-13T10:29:56.925+0000] {processor.py:157} INFO - Started process (PID=4326) to work on /workspaces/hands-on-introduction-data-engineering-4395021/airflow_env/lib/python3.10/site-packages/airflow/example_dags/tutorial_taskflow_api.py
[2025-08-13T10:29:56.925+0000] {processor.py:826} INFO - Processing file /workspaces/hands-on-introduction-data-engineering-4395021/airflow_env/lib/python3.10/site-packages/airflow/example_dags/tutorial_taskflow_api.py for tasks to queue
[2025-08-13T10:29:56.926+0000] {logging_mixin.py:150} INFO - [2025-08-13T10:29:56.926+0000] {dagbag.py:541} INFO - Filling up the DagBag from /workspaces/hands-on-introduction-data-engineering-4395021/airflow_env/lib/python3.10/site-packages/airflow/example_dags/tutorial_taskflow_api.py
[2025-08-13T10:29:56.932+0000] {processor.py:836} INFO - DAG(s) dict_keys(['tutorial_taskflow_api']) retrieved from /workspaces/hands-on-introduction-data-engineering-4395021/airflow_env/lib/python3.10/site-packages/airflow/example_dags/tutorial_taskflow_api.py
[2025-08-13T10:29:56.943+0000] {logging_mixin.py:150} INFO - [2025-08-13T10:29:56.943+0000] {dag.py:2742} INFO - Sync 1 DAGs
[2025-08-13T10:29:56.957+0000] {logging_mixin.py:150} INFO - [2025-08-13T10:29:56.957+0000] {dag.py:3504} INFO - Setting next_dagrun for tutorial_taskflow_api to None, run_after=None
[2025-08-13T10:29:56.973+0000] {processor.py:179} INFO - Processing /workspaces/hands-on-introduction-data-engineering-4395021/airflow_env/lib/python3.10/site-packages/airflow/example_dags/tutorial_taskflow_api.py took 0.051 seconds
[2025-08-13T10:30:40.859+0000] {processor.py:157} INFO - Started process (PID=4612) to work on /workspaces/hands-on-introduction-data-engineering-4395021/airflow_env/lib/python3.10/site-packages/airflow/example_dags/tutorial_taskflow_api.py
[2025-08-13T10:30:40.860+0000] {processor.py:826} INFO - Processing file /workspaces/hands-on-introduction-data-engineering-4395021/airflow_env/lib/python3.10/site-packages/airflow/example_dags/tutorial_taskflow_api.py for tasks to queue
[2025-08-13T10:30:40.861+0000] {logging_mixin.py:150} INFO - [2025-08-13T10:30:40.860+0000] {dagbag.py:541} INFO - Filling up the DagBag from /workspaces/hands-on-introduction-data-engineering-4395021/airflow_env/lib/python3.10/site-packages/airflow/example_dags/tutorial_taskflow_api.py
[2025-08-13T10:30:40.866+0000] {processor.py:836} INFO - DAG(s) dict_keys(['tutorial_taskflow_api']) retrieved from /workspaces/hands-on-introduction-data-engineering-4395021/airflow_env/lib/python3.10/site-packages/airflow/example_dags/tutorial_taskflow_api.py
[2025-08-13T10:30:40.880+0000] {logging_mixin.py:150} INFO - [2025-08-13T10:30:40.880+0000] {dag.py:2742} INFO - Sync 1 DAGs
[2025-08-13T10:30:40.894+0000] {logging_mixin.py:150} INFO - [2025-08-13T10:30:40.894+0000] {dag.py:3504} INFO - Setting next_dagrun for tutorial_taskflow_api to None, run_after=None
[2025-08-13T10:30:40.909+0000] {processor.py:179} INFO - Processing /workspaces/hands-on-introduction-data-engineering-4395021/airflow_env/lib/python3.10/site-packages/airflow/example_dags/tutorial_taskflow_api.py took 0.052 seconds
[2025-08-13T10:31:25.466+0000] {processor.py:157} INFO - Started process (PID=4935) to work on /workspaces/hands-on-introduction-data-engineering-4395021/airflow_env/lib/python3.10/site-packages/airflow/example_dags/tutorial_taskflow_api.py
[2025-08-13T10:31:25.467+0000] {processor.py:826} INFO - Processing file /workspaces/hands-on-introduction-data-engineering-4395021/airflow_env/lib/python3.10/site-packages/airflow/example_dags/tutorial_taskflow_api.py for tasks to queue
[2025-08-13T10:31:25.467+0000] {logging_mixin.py:150} INFO - [2025-08-13T10:31:25.467+0000] {dagbag.py:541} INFO - Filling up the DagBag from /workspaces/hands-on-introduction-data-engineering-4395021/airflow_env/lib/python3.10/site-packages/airflow/example_dags/tutorial_taskflow_api.py
[2025-08-13T10:31:25.472+0000] {processor.py:836} INFO - DAG(s) dict_keys(['tutorial_taskflow_api']) retrieved from /workspaces/hands-on-introduction-data-engineering-4395021/airflow_env/lib/python3.10/site-packages/airflow/example_dags/tutorial_taskflow_api.py
[2025-08-13T10:31:25.483+0000] {logging_mixin.py:150} INFO - [2025-08-13T10:31:25.483+0000] {dag.py:2742} INFO - Sync 1 DAGs
[2025-08-13T10:31:25.497+0000] {logging_mixin.py:150} INFO - [2025-08-13T10:31:25.497+0000] {dag.py:3504} INFO - Setting next_dagrun for tutorial_taskflow_api to None, run_after=None
[2025-08-13T10:31:25.512+0000] {processor.py:179} INFO - Processing /workspaces/hands-on-introduction-data-engineering-4395021/airflow_env/lib/python3.10/site-packages/airflow/example_dags/tutorial_taskflow_api.py took 0.048 seconds
[2025-08-13T10:32:08.182+0000] {processor.py:157} INFO - Started process (PID=5221) to work on /workspaces/hands-on-introduction-data-engineering-4395021/airflow_env/lib/python3.10/site-packages/airflow/example_dags/tutorial_taskflow_api.py
[2025-08-13T10:32:08.182+0000] {processor.py:826} INFO - Processing file /workspaces/hands-on-introduction-data-engineering-4395021/airflow_env/lib/python3.10/site-packages/airflow/example_dags/tutorial_taskflow_api.py for tasks to queue
[2025-08-13T10:32:08.183+0000] {logging_mixin.py:150} INFO - [2025-08-13T10:32:08.183+0000] {dagbag.py:541} INFO - Filling up the DagBag from /workspaces/hands-on-introduction-data-engineering-4395021/airflow_env/lib/python3.10/site-packages/airflow/example_dags/tutorial_taskflow_api.py
[2025-08-13T10:32:08.188+0000] {processor.py:836} INFO - DAG(s) dict_keys(['tutorial_taskflow_api']) retrieved from /workspaces/hands-on-introduction-data-engineering-4395021/airflow_env/lib/python3.10/site-packages/airflow/example_dags/tutorial_taskflow_api.py
[2025-08-13T10:32:08.199+0000] {logging_mixin.py:150} INFO - [2025-08-13T10:32:08.199+0000] {dag.py:2742} INFO - Sync 1 DAGs
[2025-08-13T10:32:08.212+0000] {logging_mixin.py:150} INFO - [2025-08-13T10:32:08.212+0000] {dag.py:3504} INFO - Setting next_dagrun for tutorial_taskflow_api to None, run_after=None
[2025-08-13T10:32:08.227+0000] {processor.py:179} INFO - Processing /workspaces/hands-on-introduction-data-engineering-4395021/airflow_env/lib/python3.10/site-packages/airflow/example_dags/tutorial_taskflow_api.py took 0.047 seconds
[2025-08-13T10:32:54.398+0000] {processor.py:157} INFO - Started process (PID=5559) to work on /workspaces/hands-on-introduction-data-engineering-4395021/airflow_env/lib/python3.10/site-packages/airflow/example_dags/tutorial_taskflow_api.py
[2025-08-13T10:32:54.398+0000] {processor.py:826} INFO - Processing file /workspaces/hands-on-introduction-data-engineering-4395021/airflow_env/lib/python3.10/site-packages/airflow/example_dags/tutorial_taskflow_api.py for tasks to queue
[2025-08-13T10:32:54.399+0000] {logging_mixin.py:150} INFO - [2025-08-13T10:32:54.399+0000] {dagbag.py:541} INFO - Filling up the DagBag from /workspaces/hands-on-introduction-data-engineering-4395021/airflow_env/lib/python3.10/site-packages/airflow/example_dags/tutorial_taskflow_api.py
[2025-08-13T10:32:54.404+0000] {processor.py:836} INFO - DAG(s) dict_keys(['tutorial_taskflow_api']) retrieved from /workspaces/hands-on-introduction-data-engineering-4395021/airflow_env/lib/python3.10/site-packages/airflow/example_dags/tutorial_taskflow_api.py
[2025-08-13T10:32:54.415+0000] {logging_mixin.py:150} INFO - [2025-08-13T10:32:54.415+0000] {dag.py:2742} INFO - Sync 1 DAGs
[2025-08-13T10:32:54.428+0000] {logging_mixin.py:150} INFO - [2025-08-13T10:32:54.428+0000] {dag.py:3504} INFO - Setting next_dagrun for tutorial_taskflow_api to None, run_after=None
[2025-08-13T10:32:54.444+0000] {processor.py:179} INFO - Processing /workspaces/hands-on-introduction-data-engineering-4395021/airflow_env/lib/python3.10/site-packages/airflow/example_dags/tutorial_taskflow_api.py took 0.048 seconds
[2025-08-13T10:33:36.813+0000] {processor.py:157} INFO - Started process (PID=5977) to work on /workspaces/hands-on-introduction-data-engineering-4395021/airflow_env/lib/python3.10/site-packages/airflow/example_dags/tutorial_taskflow_api.py
[2025-08-13T10:33:36.814+0000] {processor.py:826} INFO - Processing file /workspaces/hands-on-introduction-data-engineering-4395021/airflow_env/lib/python3.10/site-packages/airflow/example_dags/tutorial_taskflow_api.py for tasks to queue
[2025-08-13T10:33:36.815+0000] {logging_mixin.py:150} INFO - [2025-08-13T10:33:36.814+0000] {dagbag.py:541} INFO - Filling up the DagBag from /workspaces/hands-on-introduction-data-engineering-4395021/airflow_env/lib/python3.10/site-packages/airflow/example_dags/tutorial_taskflow_api.py
[2025-08-13T10:33:36.821+0000] {processor.py:836} INFO - DAG(s) dict_keys(['tutorial_taskflow_api']) retrieved from /workspaces/hands-on-introduction-data-engineering-4395021/airflow_env/lib/python3.10/site-packages/airflow/example_dags/tutorial_taskflow_api.py
[2025-08-13T10:33:36.837+0000] {logging_mixin.py:150} INFO - [2025-08-13T10:33:36.837+0000] {dag.py:2742} INFO - Sync 1 DAGs
[2025-08-13T10:33:36.856+0000] {logging_mixin.py:150} INFO - [2025-08-13T10:33:36.856+0000] {dag.py:3504} INFO - Setting next_dagrun for tutorial_taskflow_api to None, run_after=None
[2025-08-13T10:33:36.875+0000] {processor.py:179} INFO - Processing /workspaces/hands-on-introduction-data-engineering-4395021/airflow_env/lib/python3.10/site-packages/airflow/example_dags/tutorial_taskflow_api.py took 0.065 seconds
[2025-08-13T10:34:23.041+0000] {processor.py:157} INFO - Started process (PID=6325) to work on /workspaces/hands-on-introduction-data-engineering-4395021/airflow_env/lib/python3.10/site-packages/airflow/example_dags/tutorial_taskflow_api.py
[2025-08-13T10:34:23.044+0000] {processor.py:826} INFO - Processing file /workspaces/hands-on-introduction-data-engineering-4395021/airflow_env/lib/python3.10/site-packages/airflow/example_dags/tutorial_taskflow_api.py for tasks to queue
[2025-08-13T10:34:23.045+0000] {logging_mixin.py:150} INFO - [2025-08-13T10:34:23.044+0000] {dagbag.py:541} INFO - Filling up the DagBag from /workspaces/hands-on-introduction-data-engineering-4395021/airflow_env/lib/python3.10/site-packages/airflow/example_dags/tutorial_taskflow_api.py
[2025-08-13T10:34:23.054+0000] {processor.py:836} INFO - DAG(s) dict_keys(['tutorial_taskflow_api']) retrieved from /workspaces/hands-on-introduction-data-engineering-4395021/airflow_env/lib/python3.10/site-packages/airflow/example_dags/tutorial_taskflow_api.py
[2025-08-13T10:34:23.071+0000] {logging_mixin.py:150} INFO - [2025-08-13T10:34:23.071+0000] {dag.py:2742} INFO - Sync 1 DAGs
[2025-08-13T10:34:23.090+0000] {logging_mixin.py:150} INFO - [2025-08-13T10:34:23.089+0000] {dag.py:3504} INFO - Setting next_dagrun for tutorial_taskflow_api to None, run_after=None
[2025-08-13T10:34:23.106+0000] {processor.py:179} INFO - Processing /workspaces/hands-on-introduction-data-engineering-4395021/airflow_env/lib/python3.10/site-packages/airflow/example_dags/tutorial_taskflow_api.py took 0.067 seconds
[2025-08-13T10:35:09.350+0000] {processor.py:157} INFO - Started process (PID=6715) to work on /workspaces/hands-on-introduction-data-engineering-4395021/airflow_env/lib/python3.10/site-packages/airflow/example_dags/tutorial_taskflow_api.py
[2025-08-13T10:35:09.351+0000] {processor.py:826} INFO - Processing file /workspaces/hands-on-introduction-data-engineering-4395021/airflow_env/lib/python3.10/site-packages/airflow/example_dags/tutorial_taskflow_api.py for tasks to queue
[2025-08-13T10:35:09.351+0000] {logging_mixin.py:150} INFO - [2025-08-13T10:35:09.351+0000] {dagbag.py:541} INFO - Filling up the DagBag from /workspaces/hands-on-introduction-data-engineering-4395021/airflow_env/lib/python3.10/site-packages/airflow/example_dags/tutorial_taskflow_api.py
[2025-08-13T10:35:09.356+0000] {processor.py:836} INFO - DAG(s) dict_keys(['tutorial_taskflow_api']) retrieved from /workspaces/hands-on-introduction-data-engineering-4395021/airflow_env/lib/python3.10/site-packages/airflow/example_dags/tutorial_taskflow_api.py
[2025-08-13T10:35:09.367+0000] {logging_mixin.py:150} INFO - [2025-08-13T10:35:09.367+0000] {dag.py:2742} INFO - Sync 1 DAGs
[2025-08-13T10:35:09.381+0000] {logging_mixin.py:150} INFO - [2025-08-13T10:35:09.381+0000] {dag.py:3504} INFO - Setting next_dagrun for tutorial_taskflow_api to None, run_after=None
[2025-08-13T10:35:09.396+0000] {processor.py:179} INFO - Processing /workspaces/hands-on-introduction-data-engineering-4395021/airflow_env/lib/python3.10/site-packages/airflow/example_dags/tutorial_taskflow_api.py took 0.048 seconds
[2025-08-13T10:35:50.363+0000] {processor.py:157} INFO - Started process (PID=6993) to work on /workspaces/hands-on-introduction-data-engineering-4395021/airflow_env/lib/python3.10/site-packages/airflow/example_dags/tutorial_taskflow_api.py
[2025-08-13T10:35:50.364+0000] {processor.py:826} INFO - Processing file /workspaces/hands-on-introduction-data-engineering-4395021/airflow_env/lib/python3.10/site-packages/airflow/example_dags/tutorial_taskflow_api.py for tasks to queue
[2025-08-13T10:35:50.364+0000] {logging_mixin.py:150} INFO - [2025-08-13T10:35:50.364+0000] {dagbag.py:541} INFO - Filling up the DagBag from /workspaces/hands-on-introduction-data-engineering-4395021/airflow_env/lib/python3.10/site-packages/airflow/example_dags/tutorial_taskflow_api.py
[2025-08-13T10:35:50.369+0000] {processor.py:836} INFO - DAG(s) dict_keys(['tutorial_taskflow_api']) retrieved from /workspaces/hands-on-introduction-data-engineering-4395021/airflow_env/lib/python3.10/site-packages/airflow/example_dags/tutorial_taskflow_api.py
[2025-08-13T10:35:50.381+0000] {logging_mixin.py:150} INFO - [2025-08-13T10:35:50.381+0000] {dag.py:2742} INFO - Sync 1 DAGs
[2025-08-13T10:35:50.395+0000] {logging_mixin.py:150} INFO - [2025-08-13T10:35:50.395+0000] {dag.py:3504} INFO - Setting next_dagrun for tutorial_taskflow_api to None, run_after=None
[2025-08-13T10:35:50.412+0000] {processor.py:179} INFO - Processing /workspaces/hands-on-introduction-data-engineering-4395021/airflow_env/lib/python3.10/site-packages/airflow/example_dags/tutorial_taskflow_api.py took 0.051 seconds
[2025-08-13T10:36:27.184+0000] {processor.py:157} INFO - Started process (PID=7242) to work on /workspaces/hands-on-introduction-data-engineering-4395021/airflow_env/lib/python3.10/site-packages/airflow/example_dags/tutorial_taskflow_api.py
[2025-08-13T10:36:27.185+0000] {processor.py:826} INFO - Processing file /workspaces/hands-on-introduction-data-engineering-4395021/airflow_env/lib/python3.10/site-packages/airflow/example_dags/tutorial_taskflow_api.py for tasks to queue
[2025-08-13T10:36:27.185+0000] {logging_mixin.py:150} INFO - [2025-08-13T10:36:27.185+0000] {dagbag.py:541} INFO - Filling up the DagBag from /workspaces/hands-on-introduction-data-engineering-4395021/airflow_env/lib/python3.10/site-packages/airflow/example_dags/tutorial_taskflow_api.py
[2025-08-13T10:36:27.190+0000] {processor.py:836} INFO - DAG(s) dict_keys(['tutorial_taskflow_api']) retrieved from /workspaces/hands-on-introduction-data-engineering-4395021/airflow_env/lib/python3.10/site-packages/airflow/example_dags/tutorial_taskflow_api.py
[2025-08-13T10:36:27.202+0000] {logging_mixin.py:150} INFO - [2025-08-13T10:36:27.202+0000] {dag.py:2742} INFO - Sync 1 DAGs
[2025-08-13T10:36:27.218+0000] {logging_mixin.py:150} INFO - [2025-08-13T10:36:27.218+0000] {dag.py:3504} INFO - Setting next_dagrun for tutorial_taskflow_api to None, run_after=None
[2025-08-13T10:36:27.237+0000] {processor.py:179} INFO - Processing /workspaces/hands-on-introduction-data-engineering-4395021/airflow_env/lib/python3.10/site-packages/airflow/example_dags/tutorial_taskflow_api.py took 0.056 seconds
[2025-08-13T10:37:12.548+0000] {processor.py:157} INFO - Started process (PID=7539) to work on /workspaces/hands-on-introduction-data-engineering-4395021/airflow_env/lib/python3.10/site-packages/airflow/example_dags/tutorial_taskflow_api.py
[2025-08-13T10:37:12.549+0000] {processor.py:826} INFO - Processing file /workspaces/hands-on-introduction-data-engineering-4395021/airflow_env/lib/python3.10/site-packages/airflow/example_dags/tutorial_taskflow_api.py for tasks to queue
[2025-08-13T10:37:12.549+0000] {logging_mixin.py:150} INFO - [2025-08-13T10:37:12.549+0000] {dagbag.py:541} INFO - Filling up the DagBag from /workspaces/hands-on-introduction-data-engineering-4395021/airflow_env/lib/python3.10/site-packages/airflow/example_dags/tutorial_taskflow_api.py
[2025-08-13T10:37:12.554+0000] {processor.py:836} INFO - DAG(s) dict_keys(['tutorial_taskflow_api']) retrieved from /workspaces/hands-on-introduction-data-engineering-4395021/airflow_env/lib/python3.10/site-packages/airflow/example_dags/tutorial_taskflow_api.py
[2025-08-13T10:37:12.565+0000] {logging_mixin.py:150} INFO - [2025-08-13T10:37:12.565+0000] {dag.py:2742} INFO - Sync 1 DAGs
[2025-08-13T10:37:12.579+0000] {logging_mixin.py:150} INFO - [2025-08-13T10:37:12.579+0000] {dag.py:3504} INFO - Setting next_dagrun for tutorial_taskflow_api to None, run_after=None
[2025-08-13T10:37:12.594+0000] {processor.py:179} INFO - Processing /workspaces/hands-on-introduction-data-engineering-4395021/airflow_env/lib/python3.10/site-packages/airflow/example_dags/tutorial_taskflow_api.py took 0.048 seconds
[2025-08-13T10:37:51.403+0000] {processor.py:157} INFO - Started process (PID=7798) to work on /workspaces/hands-on-introduction-data-engineering-4395021/airflow_env/lib/python3.10/site-packages/airflow/example_dags/tutorial_taskflow_api.py
[2025-08-13T10:37:51.404+0000] {processor.py:826} INFO - Processing file /workspaces/hands-on-introduction-data-engineering-4395021/airflow_env/lib/python3.10/site-packages/airflow/example_dags/tutorial_taskflow_api.py for tasks to queue
[2025-08-13T10:37:51.404+0000] {logging_mixin.py:150} INFO - [2025-08-13T10:37:51.404+0000] {dagbag.py:541} INFO - Filling up the DagBag from /workspaces/hands-on-introduction-data-engineering-4395021/airflow_env/lib/python3.10/site-packages/airflow/example_dags/tutorial_taskflow_api.py
[2025-08-13T10:37:51.409+0000] {processor.py:836} INFO - DAG(s) dict_keys(['tutorial_taskflow_api']) retrieved from /workspaces/hands-on-introduction-data-engineering-4395021/airflow_env/lib/python3.10/site-packages/airflow/example_dags/tutorial_taskflow_api.py
[2025-08-13T10:37:51.421+0000] {logging_mixin.py:150} INFO - [2025-08-13T10:37:51.421+0000] {dag.py:2742} INFO - Sync 1 DAGs
[2025-08-13T10:37:51.436+0000] {logging_mixin.py:150} INFO - [2025-08-13T10:37:51.436+0000] {dag.py:3504} INFO - Setting next_dagrun for tutorial_taskflow_api to None, run_after=None
[2025-08-13T10:37:51.452+0000] {processor.py:179} INFO - Processing /workspaces/hands-on-introduction-data-engineering-4395021/airflow_env/lib/python3.10/site-packages/airflow/example_dags/tutorial_taskflow_api.py took 0.052 seconds
[2025-08-13T10:38:32.919+0000] {processor.py:157} INFO - Started process (PID=8121) to work on /workspaces/hands-on-introduction-data-engineering-4395021/airflow_env/lib/python3.10/site-packages/airflow/example_dags/tutorial_taskflow_api.py
[2025-08-13T10:38:32.919+0000] {processor.py:826} INFO - Processing file /workspaces/hands-on-introduction-data-engineering-4395021/airflow_env/lib/python3.10/site-packages/airflow/example_dags/tutorial_taskflow_api.py for tasks to queue
[2025-08-13T10:38:32.920+0000] {logging_mixin.py:150} INFO - [2025-08-13T10:38:32.920+0000] {dagbag.py:541} INFO - Filling up the DagBag from /workspaces/hands-on-introduction-data-engineering-4395021/airflow_env/lib/python3.10/site-packages/airflow/example_dags/tutorial_taskflow_api.py
[2025-08-13T10:38:32.925+0000] {processor.py:836} INFO - DAG(s) dict_keys(['tutorial_taskflow_api']) retrieved from /workspaces/hands-on-introduction-data-engineering-4395021/airflow_env/lib/python3.10/site-packages/airflow/example_dags/tutorial_taskflow_api.py
[2025-08-13T10:38:32.937+0000] {logging_mixin.py:150} INFO - [2025-08-13T10:38:32.936+0000] {dag.py:2742} INFO - Sync 1 DAGs
[2025-08-13T10:38:32.950+0000] {logging_mixin.py:150} INFO - [2025-08-13T10:38:32.950+0000] {dag.py:3504} INFO - Setting next_dagrun for tutorial_taskflow_api to None, run_after=None
[2025-08-13T10:38:32.965+0000] {processor.py:179} INFO - Processing /workspaces/hands-on-introduction-data-engineering-4395021/airflow_env/lib/python3.10/site-packages/airflow/example_dags/tutorial_taskflow_api.py took 0.049 seconds
[2025-08-13T10:39:17.277+0000] {processor.py:157} INFO - Started process (PID=8421) to work on /workspaces/hands-on-introduction-data-engineering-4395021/airflow_env/lib/python3.10/site-packages/airflow/example_dags/tutorial_taskflow_api.py
[2025-08-13T10:39:17.278+0000] {processor.py:826} INFO - Processing file /workspaces/hands-on-introduction-data-engineering-4395021/airflow_env/lib/python3.10/site-packages/airflow/example_dags/tutorial_taskflow_api.py for tasks to queue
[2025-08-13T10:39:17.278+0000] {logging_mixin.py:150} INFO - [2025-08-13T10:39:17.278+0000] {dagbag.py:541} INFO - Filling up the DagBag from /workspaces/hands-on-introduction-data-engineering-4395021/airflow_env/lib/python3.10/site-packages/airflow/example_dags/tutorial_taskflow_api.py
[2025-08-13T10:39:17.283+0000] {processor.py:836} INFO - DAG(s) dict_keys(['tutorial_taskflow_api']) retrieved from /workspaces/hands-on-introduction-data-engineering-4395021/airflow_env/lib/python3.10/site-packages/airflow/example_dags/tutorial_taskflow_api.py
[2025-08-13T10:39:17.295+0000] {logging_mixin.py:150} INFO - [2025-08-13T10:39:17.295+0000] {dag.py:2742} INFO - Sync 1 DAGs
[2025-08-13T10:39:17.308+0000] {logging_mixin.py:150} INFO - [2025-08-13T10:39:17.308+0000] {dag.py:3504} INFO - Setting next_dagrun for tutorial_taskflow_api to None, run_after=None
[2025-08-13T10:39:17.323+0000] {processor.py:179} INFO - Processing /workspaces/hands-on-introduction-data-engineering-4395021/airflow_env/lib/python3.10/site-packages/airflow/example_dags/tutorial_taskflow_api.py took 0.048 seconds
[2025-08-13T10:40:02.402+0000] {processor.py:157} INFO - Started process (PID=8715) to work on /workspaces/hands-on-introduction-data-engineering-4395021/airflow_env/lib/python3.10/site-packages/airflow/example_dags/tutorial_taskflow_api.py
[2025-08-13T10:40:02.403+0000] {processor.py:826} INFO - Processing file /workspaces/hands-on-introduction-data-engineering-4395021/airflow_env/lib/python3.10/site-packages/airflow/example_dags/tutorial_taskflow_api.py for tasks to queue
[2025-08-13T10:40:02.404+0000] {logging_mixin.py:150} INFO - [2025-08-13T10:40:02.403+0000] {dagbag.py:541} INFO - Filling up the DagBag from /workspaces/hands-on-introduction-data-engineering-4395021/airflow_env/lib/python3.10/site-packages/airflow/example_dags/tutorial_taskflow_api.py
[2025-08-13T10:40:02.408+0000] {processor.py:836} INFO - DAG(s) dict_keys(['tutorial_taskflow_api']) retrieved from /workspaces/hands-on-introduction-data-engineering-4395021/airflow_env/lib/python3.10/site-packages/airflow/example_dags/tutorial_taskflow_api.py
[2025-08-13T10:40:02.419+0000] {logging_mixin.py:150} INFO - [2025-08-13T10:40:02.419+0000] {dag.py:2742} INFO - Sync 1 DAGs
[2025-08-13T10:40:02.433+0000] {logging_mixin.py:150} INFO - [2025-08-13T10:40:02.433+0000] {dag.py:3504} INFO - Setting next_dagrun for tutorial_taskflow_api to None, run_after=None
[2025-08-13T10:40:02.448+0000] {processor.py:179} INFO - Processing /workspaces/hands-on-introduction-data-engineering-4395021/airflow_env/lib/python3.10/site-packages/airflow/example_dags/tutorial_taskflow_api.py took 0.048 seconds
[2025-08-13T10:40:44.499+0000] {processor.py:157} INFO - Started process (PID=9022) to work on /workspaces/hands-on-introduction-data-engineering-4395021/airflow_env/lib/python3.10/site-packages/airflow/example_dags/tutorial_taskflow_api.py
[2025-08-13T10:40:44.499+0000] {processor.py:826} INFO - Processing file /workspaces/hands-on-introduction-data-engineering-4395021/airflow_env/lib/python3.10/site-packages/airflow/example_dags/tutorial_taskflow_api.py for tasks to queue
[2025-08-13T10:40:44.500+0000] {logging_mixin.py:150} INFO - [2025-08-13T10:40:44.500+0000] {dagbag.py:541} INFO - Filling up the DagBag from /workspaces/hands-on-introduction-data-engineering-4395021/airflow_env/lib/python3.10/site-packages/airflow/example_dags/tutorial_taskflow_api.py
[2025-08-13T10:40:44.505+0000] {processor.py:836} INFO - DAG(s) dict_keys(['tutorial_taskflow_api']) retrieved from /workspaces/hands-on-introduction-data-engineering-4395021/airflow_env/lib/python3.10/site-packages/airflow/example_dags/tutorial_taskflow_api.py
[2025-08-13T10:40:44.516+0000] {logging_mixin.py:150} INFO - [2025-08-13T10:40:44.516+0000] {dag.py:2742} INFO - Sync 1 DAGs
[2025-08-13T10:40:44.529+0000] {logging_mixin.py:150} INFO - [2025-08-13T10:40:44.529+0000] {dag.py:3504} INFO - Setting next_dagrun for tutorial_taskflow_api to None, run_after=None
[2025-08-13T10:40:44.544+0000] {processor.py:179} INFO - Processing /workspaces/hands-on-introduction-data-engineering-4395021/airflow_env/lib/python3.10/site-packages/airflow/example_dags/tutorial_taskflow_api.py took 0.047 seconds
