[2025-08-13T15:48:44.275+0000] {processor.py:157} INFO - Started process (PID=1887) to work on /home/vscode/.local/lib/python3.10/site-packages/airflow/example_dags/tutorial_dag.py
[2025-08-13T15:48:44.276+0000] {processor.py:826} INFO - Processing file /home/vscode/.local/lib/python3.10/site-packages/airflow/example_dags/tutorial_dag.py for tasks to queue
[2025-08-13T15:48:44.277+0000] {logging_mixin.py:150} INFO - [2025-08-13T15:48:44.276+0000] {dagbag.py:541} INFO - Filling up the DagBag from /home/vscode/.local/lib/python3.10/site-packages/airflow/example_dags/tutorial_dag.py
[2025-08-13T15:48:44.286+0000] {processor.py:836} INFO - DAG(s) dict_keys(['tutorial_dag']) retrieved from /home/vscode/.local/lib/python3.10/site-packages/airflow/example_dags/tutorial_dag.py
[2025-08-13T15:48:44.384+0000] {logging_mixin.py:150} INFO - [2025-08-13T15:48:44.384+0000] {manager.py:504} INFO - Created Permission View: can edit on DAG:tutorial_dag
[2025-08-13T15:48:44.393+0000] {logging_mixin.py:150} INFO - [2025-08-13T15:48:44.392+0000] {manager.py:504} INFO - Created Permission View: can read on DAG:tutorial_dag
[2025-08-13T15:48:44.399+0000] {logging_mixin.py:150} INFO - [2025-08-13T15:48:44.399+0000] {manager.py:504} INFO - Created Permission View: can delete on DAG:tutorial_dag
[2025-08-13T15:48:44.407+0000] {logging_mixin.py:150} INFO - [2025-08-13T15:48:44.407+0000] {dag.py:2742} INFO - Sync 1 DAGs
[2025-08-13T15:48:44.414+0000] {logging_mixin.py:150} INFO - [2025-08-13T15:48:44.414+0000] {dag.py:2763} INFO - Creating ORM DAG for tutorial_dag
[2025-08-13T15:48:44.420+0000] {logging_mixin.py:150} INFO - [2025-08-13T15:48:44.420+0000] {dag.py:3504} INFO - Setting next_dagrun for tutorial_dag to None, run_after=None
[2025-08-13T15:48:44.436+0000] {processor.py:179} INFO - Processing /home/vscode/.local/lib/python3.10/site-packages/airflow/example_dags/tutorial_dag.py took 0.163 seconds
[2025-08-13T15:49:31.037+0000] {processor.py:157} INFO - Started process (PID=2265) to work on /home/vscode/.local/lib/python3.10/site-packages/airflow/example_dags/tutorial_dag.py
[2025-08-13T15:49:31.038+0000] {processor.py:826} INFO - Processing file /home/vscode/.local/lib/python3.10/site-packages/airflow/example_dags/tutorial_dag.py for tasks to queue
[2025-08-13T15:49:31.039+0000] {logging_mixin.py:150} INFO - [2025-08-13T15:49:31.038+0000] {dagbag.py:541} INFO - Filling up the DagBag from /home/vscode/.local/lib/python3.10/site-packages/airflow/example_dags/tutorial_dag.py
[2025-08-13T15:49:31.042+0000] {processor.py:836} INFO - DAG(s) dict_keys(['tutorial_dag']) retrieved from /home/vscode/.local/lib/python3.10/site-packages/airflow/example_dags/tutorial_dag.py
[2025-08-13T15:49:31.055+0000] {logging_mixin.py:150} INFO - [2025-08-13T15:49:31.055+0000] {dag.py:2742} INFO - Sync 1 DAGs
[2025-08-13T15:49:31.078+0000] {logging_mixin.py:150} INFO - [2025-08-13T15:49:31.078+0000] {dag.py:3504} INFO - Setting next_dagrun for tutorial_dag to None, run_after=None
[2025-08-13T15:49:31.101+0000] {processor.py:179} INFO - Processing /home/vscode/.local/lib/python3.10/site-packages/airflow/example_dags/tutorial_dag.py took 0.066 seconds
[2025-08-13T15:50:10.012+0000] {processor.py:157} INFO - Started process (PID=2568) to work on /home/vscode/.local/lib/python3.10/site-packages/airflow/example_dags/tutorial_dag.py
[2025-08-13T15:50:10.012+0000] {processor.py:826} INFO - Processing file /home/vscode/.local/lib/python3.10/site-packages/airflow/example_dags/tutorial_dag.py for tasks to queue
[2025-08-13T15:50:10.013+0000] {logging_mixin.py:150} INFO - [2025-08-13T15:50:10.013+0000] {dagbag.py:541} INFO - Filling up the DagBag from /home/vscode/.local/lib/python3.10/site-packages/airflow/example_dags/tutorial_dag.py
[2025-08-13T15:50:10.017+0000] {processor.py:836} INFO - DAG(s) dict_keys(['tutorial_dag']) retrieved from /home/vscode/.local/lib/python3.10/site-packages/airflow/example_dags/tutorial_dag.py
[2025-08-13T15:50:10.029+0000] {logging_mixin.py:150} INFO - [2025-08-13T15:50:10.029+0000] {dag.py:2742} INFO - Sync 1 DAGs
[2025-08-13T15:50:10.042+0000] {logging_mixin.py:150} INFO - [2025-08-13T15:50:10.042+0000] {dag.py:3504} INFO - Setting next_dagrun for tutorial_dag to None, run_after=None
[2025-08-13T15:50:10.057+0000] {processor.py:179} INFO - Processing /home/vscode/.local/lib/python3.10/site-packages/airflow/example_dags/tutorial_dag.py took 0.047 seconds
[2025-08-13T15:50:52.376+0000] {processor.py:157} INFO - Started process (PID=2953) to work on /home/vscode/.local/lib/python3.10/site-packages/airflow/example_dags/tutorial_dag.py
[2025-08-13T15:50:52.377+0000] {processor.py:826} INFO - Processing file /home/vscode/.local/lib/python3.10/site-packages/airflow/example_dags/tutorial_dag.py for tasks to queue
[2025-08-13T15:50:52.378+0000] {logging_mixin.py:150} INFO - [2025-08-13T15:50:52.377+0000] {dagbag.py:541} INFO - Filling up the DagBag from /home/vscode/.local/lib/python3.10/site-packages/airflow/example_dags/tutorial_dag.py
[2025-08-13T15:50:52.382+0000] {processor.py:836} INFO - DAG(s) dict_keys(['tutorial_dag']) retrieved from /home/vscode/.local/lib/python3.10/site-packages/airflow/example_dags/tutorial_dag.py
[2025-08-13T15:50:52.394+0000] {logging_mixin.py:150} INFO - [2025-08-13T15:50:52.394+0000] {dag.py:2742} INFO - Sync 1 DAGs
[2025-08-13T15:50:52.408+0000] {logging_mixin.py:150} INFO - [2025-08-13T15:50:52.408+0000] {dag.py:3504} INFO - Setting next_dagrun for tutorial_dag to None, run_after=None
[2025-08-13T15:50:52.424+0000] {processor.py:179} INFO - Processing /home/vscode/.local/lib/python3.10/site-packages/airflow/example_dags/tutorial_dag.py took 0.050 seconds
[2025-08-13T15:51:35.082+0000] {processor.py:157} INFO - Started process (PID=3332) to work on /home/vscode/.local/lib/python3.10/site-packages/airflow/example_dags/tutorial_dag.py
[2025-08-13T15:51:35.083+0000] {processor.py:826} INFO - Processing file /home/vscode/.local/lib/python3.10/site-packages/airflow/example_dags/tutorial_dag.py for tasks to queue
[2025-08-13T15:51:35.083+0000] {logging_mixin.py:150} INFO - [2025-08-13T15:51:35.083+0000] {dagbag.py:541} INFO - Filling up the DagBag from /home/vscode/.local/lib/python3.10/site-packages/airflow/example_dags/tutorial_dag.py
[2025-08-13T15:51:35.088+0000] {processor.py:836} INFO - DAG(s) dict_keys(['tutorial_dag']) retrieved from /home/vscode/.local/lib/python3.10/site-packages/airflow/example_dags/tutorial_dag.py
[2025-08-13T15:51:35.100+0000] {logging_mixin.py:150} INFO - [2025-08-13T15:51:35.100+0000] {dag.py:2742} INFO - Sync 1 DAGs
[2025-08-13T15:51:35.114+0000] {logging_mixin.py:150} INFO - [2025-08-13T15:51:35.113+0000] {dag.py:3504} INFO - Setting next_dagrun for tutorial_dag to None, run_after=None
[2025-08-13T15:51:35.129+0000] {processor.py:179} INFO - Processing /home/vscode/.local/lib/python3.10/site-packages/airflow/example_dags/tutorial_dag.py took 0.049 seconds
[2025-08-13T15:52:18.659+0000] {processor.py:157} INFO - Started process (PID=3825) to work on /home/vscode/.local/lib/python3.10/site-packages/airflow/example_dags/tutorial_dag.py
[2025-08-13T15:52:18.660+0000] {processor.py:826} INFO - Processing file /home/vscode/.local/lib/python3.10/site-packages/airflow/example_dags/tutorial_dag.py for tasks to queue
[2025-08-13T15:52:18.663+0000] {logging_mixin.py:150} INFO - [2025-08-13T15:52:18.663+0000] {dagbag.py:541} INFO - Filling up the DagBag from /home/vscode/.local/lib/python3.10/site-packages/airflow/example_dags/tutorial_dag.py
[2025-08-13T15:52:18.696+0000] {processor.py:836} INFO - DAG(s) dict_keys(['tutorial_dag']) retrieved from /home/vscode/.local/lib/python3.10/site-packages/airflow/example_dags/tutorial_dag.py
[2025-08-13T15:52:18.716+0000] {logging_mixin.py:150} INFO - [2025-08-13T15:52:18.716+0000] {dag.py:2742} INFO - Sync 1 DAGs
[2025-08-13T15:52:18.732+0000] {logging_mixin.py:150} INFO - [2025-08-13T15:52:18.732+0000] {dag.py:3504} INFO - Setting next_dagrun for tutorial_dag to None, run_after=None
[2025-08-13T15:52:18.808+0000] {processor.py:179} INFO - Processing /home/vscode/.local/lib/python3.10/site-packages/airflow/example_dags/tutorial_dag.py took 0.154 seconds
[2025-08-13T15:52:55.797+0000] {processor.py:157} INFO - Started process (PID=4125) to work on /home/vscode/.local/lib/python3.10/site-packages/airflow/example_dags/tutorial_dag.py
[2025-08-13T15:52:55.797+0000] {processor.py:826} INFO - Processing file /home/vscode/.local/lib/python3.10/site-packages/airflow/example_dags/tutorial_dag.py for tasks to queue
[2025-08-13T15:52:55.798+0000] {logging_mixin.py:150} INFO - [2025-08-13T15:52:55.798+0000] {dagbag.py:541} INFO - Filling up the DagBag from /home/vscode/.local/lib/python3.10/site-packages/airflow/example_dags/tutorial_dag.py
[2025-08-13T15:52:55.801+0000] {processor.py:836} INFO - DAG(s) dict_keys(['tutorial_dag']) retrieved from /home/vscode/.local/lib/python3.10/site-packages/airflow/example_dags/tutorial_dag.py
[2025-08-13T15:52:55.813+0000] {logging_mixin.py:150} INFO - [2025-08-13T15:52:55.813+0000] {dag.py:2742} INFO - Sync 1 DAGs
[2025-08-13T15:52:55.827+0000] {logging_mixin.py:150} INFO - [2025-08-13T15:52:55.827+0000] {dag.py:3504} INFO - Setting next_dagrun for tutorial_dag to None, run_after=None
[2025-08-13T15:52:55.842+0000] {processor.py:179} INFO - Processing /home/vscode/.local/lib/python3.10/site-packages/airflow/example_dags/tutorial_dag.py took 0.047 seconds
[2025-08-13T15:53:28.630+0000] {processor.py:157} INFO - Started process (PID=4351) to work on /home/vscode/.local/lib/python3.10/site-packages/airflow/example_dags/tutorial_dag.py
[2025-08-13T15:53:28.630+0000] {processor.py:826} INFO - Processing file /home/vscode/.local/lib/python3.10/site-packages/airflow/example_dags/tutorial_dag.py for tasks to queue
[2025-08-13T15:53:28.631+0000] {logging_mixin.py:150} INFO - [2025-08-13T15:53:28.631+0000] {dagbag.py:541} INFO - Filling up the DagBag from /home/vscode/.local/lib/python3.10/site-packages/airflow/example_dags/tutorial_dag.py
[2025-08-13T15:53:28.635+0000] {processor.py:836} INFO - DAG(s) dict_keys(['tutorial_dag']) retrieved from /home/vscode/.local/lib/python3.10/site-packages/airflow/example_dags/tutorial_dag.py
[2025-08-13T15:53:28.646+0000] {logging_mixin.py:150} INFO - [2025-08-13T15:53:28.646+0000] {dag.py:2742} INFO - Sync 1 DAGs
[2025-08-13T15:53:28.660+0000] {logging_mixin.py:150} INFO - [2025-08-13T15:53:28.660+0000] {dag.py:3504} INFO - Setting next_dagrun for tutorial_dag to None, run_after=None
[2025-08-13T15:53:28.676+0000] {processor.py:179} INFO - Processing /home/vscode/.local/lib/python3.10/site-packages/airflow/example_dags/tutorial_dag.py took 0.048 seconds
[2025-08-13T15:54:06.793+0000] {processor.py:157} INFO - Started process (PID=4645) to work on /home/vscode/.local/lib/python3.10/site-packages/airflow/example_dags/tutorial_dag.py
[2025-08-13T15:54:06.794+0000] {processor.py:826} INFO - Processing file /home/vscode/.local/lib/python3.10/site-packages/airflow/example_dags/tutorial_dag.py for tasks to queue
[2025-08-13T15:54:06.795+0000] {logging_mixin.py:150} INFO - [2025-08-13T15:54:06.795+0000] {dagbag.py:541} INFO - Filling up the DagBag from /home/vscode/.local/lib/python3.10/site-packages/airflow/example_dags/tutorial_dag.py
[2025-08-13T15:54:06.799+0000] {processor.py:836} INFO - DAG(s) dict_keys(['tutorial_dag']) retrieved from /home/vscode/.local/lib/python3.10/site-packages/airflow/example_dags/tutorial_dag.py
[2025-08-13T15:54:06.810+0000] {logging_mixin.py:150} INFO - [2025-08-13T15:54:06.810+0000] {dag.py:2742} INFO - Sync 1 DAGs
[2025-08-13T15:54:06.824+0000] {logging_mixin.py:150} INFO - [2025-08-13T15:54:06.824+0000] {dag.py:3504} INFO - Setting next_dagrun for tutorial_dag to None, run_after=None
[2025-08-13T15:54:06.838+0000] {processor.py:179} INFO - Processing /home/vscode/.local/lib/python3.10/site-packages/airflow/example_dags/tutorial_dag.py took 0.047 seconds
[2025-08-13T15:54:49.626+0000] {processor.py:157} INFO - Started process (PID=4947) to work on /home/vscode/.local/lib/python3.10/site-packages/airflow/example_dags/tutorial_dag.py
[2025-08-13T15:54:49.626+0000] {processor.py:826} INFO - Processing file /home/vscode/.local/lib/python3.10/site-packages/airflow/example_dags/tutorial_dag.py for tasks to queue
[2025-08-13T15:54:49.627+0000] {logging_mixin.py:150} INFO - [2025-08-13T15:54:49.627+0000] {dagbag.py:541} INFO - Filling up the DagBag from /home/vscode/.local/lib/python3.10/site-packages/airflow/example_dags/tutorial_dag.py
[2025-08-13T15:54:49.631+0000] {processor.py:836} INFO - DAG(s) dict_keys(['tutorial_dag']) retrieved from /home/vscode/.local/lib/python3.10/site-packages/airflow/example_dags/tutorial_dag.py
[2025-08-13T15:54:49.643+0000] {logging_mixin.py:150} INFO - [2025-08-13T15:54:49.643+0000] {dag.py:2742} INFO - Sync 1 DAGs
[2025-08-13T15:54:49.657+0000] {logging_mixin.py:150} INFO - [2025-08-13T15:54:49.657+0000] {dag.py:3504} INFO - Setting next_dagrun for tutorial_dag to None, run_after=None
[2025-08-13T15:54:49.672+0000] {processor.py:179} INFO - Processing /home/vscode/.local/lib/python3.10/site-packages/airflow/example_dags/tutorial_dag.py took 0.048 seconds
[2025-08-13T15:55:27.890+0000] {processor.py:157} INFO - Started process (PID=5210) to work on /home/vscode/.local/lib/python3.10/site-packages/airflow/example_dags/tutorial_dag.py
[2025-08-13T15:55:27.891+0000] {processor.py:826} INFO - Processing file /home/vscode/.local/lib/python3.10/site-packages/airflow/example_dags/tutorial_dag.py for tasks to queue
[2025-08-13T15:55:27.891+0000] {logging_mixin.py:150} INFO - [2025-08-13T15:55:27.891+0000] {dagbag.py:541} INFO - Filling up the DagBag from /home/vscode/.local/lib/python3.10/site-packages/airflow/example_dags/tutorial_dag.py
[2025-08-13T15:55:27.895+0000] {processor.py:836} INFO - DAG(s) dict_keys(['tutorial_dag']) retrieved from /home/vscode/.local/lib/python3.10/site-packages/airflow/example_dags/tutorial_dag.py
[2025-08-13T15:55:27.907+0000] {logging_mixin.py:150} INFO - [2025-08-13T15:55:27.907+0000] {dag.py:2742} INFO - Sync 1 DAGs
[2025-08-13T15:55:27.921+0000] {logging_mixin.py:150} INFO - [2025-08-13T15:55:27.921+0000] {dag.py:3504} INFO - Setting next_dagrun for tutorial_dag to None, run_after=None
[2025-08-13T15:55:27.935+0000] {processor.py:179} INFO - Processing /home/vscode/.local/lib/python3.10/site-packages/airflow/example_dags/tutorial_dag.py took 0.047 seconds
[2025-08-13T15:56:10.257+0000] {processor.py:157} INFO - Started process (PID=5592) to work on /home/vscode/.local/lib/python3.10/site-packages/airflow/example_dags/tutorial_dag.py
[2025-08-13T15:56:10.258+0000] {processor.py:826} INFO - Processing file /home/vscode/.local/lib/python3.10/site-packages/airflow/example_dags/tutorial_dag.py for tasks to queue
[2025-08-13T15:56:10.259+0000] {logging_mixin.py:150} INFO - [2025-08-13T15:56:10.258+0000] {dagbag.py:541} INFO - Filling up the DagBag from /home/vscode/.local/lib/python3.10/site-packages/airflow/example_dags/tutorial_dag.py
[2025-08-13T15:56:10.262+0000] {processor.py:836} INFO - DAG(s) dict_keys(['tutorial_dag']) retrieved from /home/vscode/.local/lib/python3.10/site-packages/airflow/example_dags/tutorial_dag.py
[2025-08-13T15:56:10.274+0000] {logging_mixin.py:150} INFO - [2025-08-13T15:56:10.273+0000] {dag.py:2742} INFO - Sync 1 DAGs
[2025-08-13T15:56:10.287+0000] {logging_mixin.py:150} INFO - [2025-08-13T15:56:10.287+0000] {dag.py:3504} INFO - Setting next_dagrun for tutorial_dag to None, run_after=None
[2025-08-13T15:56:10.302+0000] {processor.py:179} INFO - Processing /home/vscode/.local/lib/python3.10/site-packages/airflow/example_dags/tutorial_dag.py took 0.047 seconds
[2025-08-13T15:56:56.459+0000] {processor.py:157} INFO - Started process (PID=6047) to work on /home/vscode/.local/lib/python3.10/site-packages/airflow/example_dags/tutorial_dag.py
[2025-08-13T15:56:56.459+0000] {processor.py:826} INFO - Processing file /home/vscode/.local/lib/python3.10/site-packages/airflow/example_dags/tutorial_dag.py for tasks to queue
[2025-08-13T15:56:56.460+0000] {logging_mixin.py:150} INFO - [2025-08-13T15:56:56.460+0000] {dagbag.py:541} INFO - Filling up the DagBag from /home/vscode/.local/lib/python3.10/site-packages/airflow/example_dags/tutorial_dag.py
[2025-08-13T15:56:56.464+0000] {processor.py:836} INFO - DAG(s) dict_keys(['tutorial_dag']) retrieved from /home/vscode/.local/lib/python3.10/site-packages/airflow/example_dags/tutorial_dag.py
[2025-08-13T15:56:56.475+0000] {logging_mixin.py:150} INFO - [2025-08-13T15:56:56.475+0000] {dag.py:2742} INFO - Sync 1 DAGs
[2025-08-13T15:56:56.489+0000] {logging_mixin.py:150} INFO - [2025-08-13T15:56:56.489+0000] {dag.py:3504} INFO - Setting next_dagrun for tutorial_dag to None, run_after=None
[2025-08-13T15:56:56.505+0000] {processor.py:179} INFO - Processing /home/vscode/.local/lib/python3.10/site-packages/airflow/example_dags/tutorial_dag.py took 0.048 seconds
[2025-08-13T15:57:37.708+0000] {processor.py:157} INFO - Started process (PID=6329) to work on /home/vscode/.local/lib/python3.10/site-packages/airflow/example_dags/tutorial_dag.py
[2025-08-13T15:57:37.709+0000] {processor.py:826} INFO - Processing file /home/vscode/.local/lib/python3.10/site-packages/airflow/example_dags/tutorial_dag.py for tasks to queue
[2025-08-13T15:57:37.709+0000] {logging_mixin.py:150} INFO - [2025-08-13T15:57:37.709+0000] {dagbag.py:541} INFO - Filling up the DagBag from /home/vscode/.local/lib/python3.10/site-packages/airflow/example_dags/tutorial_dag.py
[2025-08-13T15:57:37.713+0000] {processor.py:836} INFO - DAG(s) dict_keys(['tutorial_dag']) retrieved from /home/vscode/.local/lib/python3.10/site-packages/airflow/example_dags/tutorial_dag.py
[2025-08-13T15:57:37.725+0000] {logging_mixin.py:150} INFO - [2025-08-13T15:57:37.725+0000] {dag.py:2742} INFO - Sync 1 DAGs
[2025-08-13T15:57:37.739+0000] {logging_mixin.py:150} INFO - [2025-08-13T15:57:37.739+0000] {dag.py:3504} INFO - Setting next_dagrun for tutorial_dag to None, run_after=None
[2025-08-13T15:57:37.754+0000] {processor.py:179} INFO - Processing /home/vscode/.local/lib/python3.10/site-packages/airflow/example_dags/tutorial_dag.py took 0.048 seconds
[2025-08-13T15:58:21.540+0000] {processor.py:157} INFO - Started process (PID=6617) to work on /home/vscode/.local/lib/python3.10/site-packages/airflow/example_dags/tutorial_dag.py
[2025-08-13T15:58:21.541+0000] {processor.py:826} INFO - Processing file /home/vscode/.local/lib/python3.10/site-packages/airflow/example_dags/tutorial_dag.py for tasks to queue
[2025-08-13T15:58:21.542+0000] {logging_mixin.py:150} INFO - [2025-08-13T15:58:21.541+0000] {dagbag.py:541} INFO - Filling up the DagBag from /home/vscode/.local/lib/python3.10/site-packages/airflow/example_dags/tutorial_dag.py
[2025-08-13T15:58:21.545+0000] {processor.py:836} INFO - DAG(s) dict_keys(['tutorial_dag']) retrieved from /home/vscode/.local/lib/python3.10/site-packages/airflow/example_dags/tutorial_dag.py
[2025-08-13T15:58:21.557+0000] {logging_mixin.py:150} INFO - [2025-08-13T15:58:21.557+0000] {dag.py:2742} INFO - Sync 1 DAGs
[2025-08-13T15:58:21.571+0000] {logging_mixin.py:150} INFO - [2025-08-13T15:58:21.571+0000] {dag.py:3504} INFO - Setting next_dagrun for tutorial_dag to None, run_after=None
[2025-08-13T15:58:21.587+0000] {processor.py:179} INFO - Processing /home/vscode/.local/lib/python3.10/site-packages/airflow/example_dags/tutorial_dag.py took 0.049 seconds
[2025-08-13T15:58:58.861+0000] {processor.py:157} INFO - Started process (PID=6875) to work on /home/vscode/.local/lib/python3.10/site-packages/airflow/example_dags/tutorial_dag.py
[2025-08-13T15:58:58.862+0000] {processor.py:826} INFO - Processing file /home/vscode/.local/lib/python3.10/site-packages/airflow/example_dags/tutorial_dag.py for tasks to queue
[2025-08-13T15:58:58.863+0000] {logging_mixin.py:150} INFO - [2025-08-13T15:58:58.863+0000] {dagbag.py:541} INFO - Filling up the DagBag from /home/vscode/.local/lib/python3.10/site-packages/airflow/example_dags/tutorial_dag.py
[2025-08-13T15:58:58.867+0000] {processor.py:836} INFO - DAG(s) dict_keys(['tutorial_dag']) retrieved from /home/vscode/.local/lib/python3.10/site-packages/airflow/example_dags/tutorial_dag.py
[2025-08-13T15:58:58.878+0000] {logging_mixin.py:150} INFO - [2025-08-13T15:58:58.878+0000] {dag.py:2742} INFO - Sync 1 DAGs
[2025-08-13T15:58:58.893+0000] {logging_mixin.py:150} INFO - [2025-08-13T15:58:58.892+0000] {dag.py:3504} INFO - Setting next_dagrun for tutorial_dag to None, run_after=None
[2025-08-13T15:58:58.907+0000] {processor.py:179} INFO - Processing /home/vscode/.local/lib/python3.10/site-packages/airflow/example_dags/tutorial_dag.py took 0.048 seconds
[2025-08-13T15:59:38.862+0000] {processor.py:157} INFO - Started process (PID=7136) to work on /home/vscode/.local/lib/python3.10/site-packages/airflow/example_dags/tutorial_dag.py
[2025-08-13T15:59:38.863+0000] {processor.py:826} INFO - Processing file /home/vscode/.local/lib/python3.10/site-packages/airflow/example_dags/tutorial_dag.py for tasks to queue
[2025-08-13T15:59:38.864+0000] {logging_mixin.py:150} INFO - [2025-08-13T15:59:38.863+0000] {dagbag.py:541} INFO - Filling up the DagBag from /home/vscode/.local/lib/python3.10/site-packages/airflow/example_dags/tutorial_dag.py
[2025-08-13T15:59:38.868+0000] {processor.py:836} INFO - DAG(s) dict_keys(['tutorial_dag']) retrieved from /home/vscode/.local/lib/python3.10/site-packages/airflow/example_dags/tutorial_dag.py
[2025-08-13T15:59:38.880+0000] {logging_mixin.py:150} INFO - [2025-08-13T15:59:38.880+0000] {dag.py:2742} INFO - Sync 1 DAGs
[2025-08-13T15:59:38.894+0000] {logging_mixin.py:150} INFO - [2025-08-13T15:59:38.894+0000] {dag.py:3504} INFO - Setting next_dagrun for tutorial_dag to None, run_after=None
[2025-08-13T15:59:38.909+0000] {processor.py:179} INFO - Processing /home/vscode/.local/lib/python3.10/site-packages/airflow/example_dags/tutorial_dag.py took 0.049 seconds
[2025-08-13T16:00:19.433+0000] {processor.py:157} INFO - Started process (PID=7447) to work on /home/vscode/.local/lib/python3.10/site-packages/airflow/example_dags/tutorial_dag.py
[2025-08-13T16:00:19.434+0000] {processor.py:826} INFO - Processing file /home/vscode/.local/lib/python3.10/site-packages/airflow/example_dags/tutorial_dag.py for tasks to queue
[2025-08-13T16:00:19.435+0000] {logging_mixin.py:150} INFO - [2025-08-13T16:00:19.434+0000] {dagbag.py:541} INFO - Filling up the DagBag from /home/vscode/.local/lib/python3.10/site-packages/airflow/example_dags/tutorial_dag.py
[2025-08-13T16:00:19.439+0000] {processor.py:836} INFO - DAG(s) dict_keys(['tutorial_dag']) retrieved from /home/vscode/.local/lib/python3.10/site-packages/airflow/example_dags/tutorial_dag.py
[2025-08-13T16:00:19.450+0000] {logging_mixin.py:150} INFO - [2025-08-13T16:00:19.450+0000] {dag.py:2742} INFO - Sync 1 DAGs
[2025-08-13T16:00:19.463+0000] {logging_mixin.py:150} INFO - [2025-08-13T16:00:19.463+0000] {dag.py:3504} INFO - Setting next_dagrun for tutorial_dag to None, run_after=None
[2025-08-13T16:00:19.478+0000] {processor.py:179} INFO - Processing /home/vscode/.local/lib/python3.10/site-packages/airflow/example_dags/tutorial_dag.py took 0.047 seconds
[2025-08-13T16:01:16.660+0000] {processor.py:157} INFO - Started process (PID=8045) to work on /home/vscode/.local/lib/python3.10/site-packages/airflow/example_dags/tutorial_dag.py
[2025-08-13T16:01:16.660+0000] {processor.py:826} INFO - Processing file /home/vscode/.local/lib/python3.10/site-packages/airflow/example_dags/tutorial_dag.py for tasks to queue
[2025-08-13T16:01:16.661+0000] {logging_mixin.py:150} INFO - [2025-08-13T16:01:16.661+0000] {dagbag.py:541} INFO - Filling up the DagBag from /home/vscode/.local/lib/python3.10/site-packages/airflow/example_dags/tutorial_dag.py
[2025-08-13T16:01:16.669+0000] {processor.py:836} INFO - DAG(s) dict_keys(['tutorial_dag']) retrieved from /home/vscode/.local/lib/python3.10/site-packages/airflow/example_dags/tutorial_dag.py
[2025-08-13T16:01:16.686+0000] {logging_mixin.py:150} INFO - [2025-08-13T16:01:16.686+0000] {dag.py:2742} INFO - Sync 1 DAGs
[2025-08-13T16:01:16.700+0000] {logging_mixin.py:150} INFO - [2025-08-13T16:01:16.700+0000] {dag.py:3504} INFO - Setting next_dagrun for tutorial_dag to None, run_after=None
[2025-08-13T16:01:16.717+0000] {processor.py:179} INFO - Processing /home/vscode/.local/lib/python3.10/site-packages/airflow/example_dags/tutorial_dag.py took 0.059 seconds
[2025-08-13T16:02:00.920+0000] {processor.py:157} INFO - Started process (PID=8466) to work on /home/vscode/.local/lib/python3.10/site-packages/airflow/example_dags/tutorial_dag.py
[2025-08-13T16:02:00.921+0000] {processor.py:826} INFO - Processing file /home/vscode/.local/lib/python3.10/site-packages/airflow/example_dags/tutorial_dag.py for tasks to queue
[2025-08-13T16:02:00.922+0000] {logging_mixin.py:150} INFO - [2025-08-13T16:02:00.921+0000] {dagbag.py:541} INFO - Filling up the DagBag from /home/vscode/.local/lib/python3.10/site-packages/airflow/example_dags/tutorial_dag.py
[2025-08-13T16:02:00.926+0000] {processor.py:836} INFO - DAG(s) dict_keys(['tutorial_dag']) retrieved from /home/vscode/.local/lib/python3.10/site-packages/airflow/example_dags/tutorial_dag.py
[2025-08-13T16:02:00.939+0000] {logging_mixin.py:150} INFO - [2025-08-13T16:02:00.939+0000] {dag.py:2742} INFO - Sync 1 DAGs
[2025-08-13T16:02:00.955+0000] {logging_mixin.py:150} INFO - [2025-08-13T16:02:00.954+0000] {dag.py:3504} INFO - Setting next_dagrun for tutorial_dag to None, run_after=None
[2025-08-13T16:02:00.971+0000] {processor.py:179} INFO - Processing /home/vscode/.local/lib/python3.10/site-packages/airflow/example_dags/tutorial_dag.py took 0.053 seconds
[2025-08-13T16:02:41.055+0000] {processor.py:157} INFO - Started process (PID=8741) to work on /home/vscode/.local/lib/python3.10/site-packages/airflow/example_dags/tutorial_dag.py
[2025-08-13T16:02:41.055+0000] {processor.py:826} INFO - Processing file /home/vscode/.local/lib/python3.10/site-packages/airflow/example_dags/tutorial_dag.py for tasks to queue
[2025-08-13T16:02:41.056+0000] {logging_mixin.py:150} INFO - [2025-08-13T16:02:41.056+0000] {dagbag.py:541} INFO - Filling up the DagBag from /home/vscode/.local/lib/python3.10/site-packages/airflow/example_dags/tutorial_dag.py
[2025-08-13T16:02:41.060+0000] {processor.py:836} INFO - DAG(s) dict_keys(['tutorial_dag']) retrieved from /home/vscode/.local/lib/python3.10/site-packages/airflow/example_dags/tutorial_dag.py
[2025-08-13T16:02:41.072+0000] {logging_mixin.py:150} INFO - [2025-08-13T16:02:41.072+0000] {dag.py:2742} INFO - Sync 1 DAGs
[2025-08-13T16:02:41.087+0000] {logging_mixin.py:150} INFO - [2025-08-13T16:02:41.087+0000] {dag.py:3504} INFO - Setting next_dagrun for tutorial_dag to None, run_after=None
[2025-08-13T16:02:41.102+0000] {processor.py:179} INFO - Processing /home/vscode/.local/lib/python3.10/site-packages/airflow/example_dags/tutorial_dag.py took 0.050 seconds
[2025-08-13T16:03:24.684+0000] {processor.py:157} INFO - Started process (PID=9028) to work on /home/vscode/.local/lib/python3.10/site-packages/airflow/example_dags/tutorial_dag.py
[2025-08-13T16:03:24.684+0000] {processor.py:826} INFO - Processing file /home/vscode/.local/lib/python3.10/site-packages/airflow/example_dags/tutorial_dag.py for tasks to queue
[2025-08-13T16:03:24.685+0000] {logging_mixin.py:150} INFO - [2025-08-13T16:03:24.685+0000] {dagbag.py:541} INFO - Filling up the DagBag from /home/vscode/.local/lib/python3.10/site-packages/airflow/example_dags/tutorial_dag.py
[2025-08-13T16:03:24.689+0000] {processor.py:836} INFO - DAG(s) dict_keys(['tutorial_dag']) retrieved from /home/vscode/.local/lib/python3.10/site-packages/airflow/example_dags/tutorial_dag.py
[2025-08-13T16:03:24.700+0000] {logging_mixin.py:150} INFO - [2025-08-13T16:03:24.700+0000] {dag.py:2742} INFO - Sync 1 DAGs
[2025-08-13T16:03:24.714+0000] {logging_mixin.py:150} INFO - [2025-08-13T16:03:24.714+0000] {dag.py:3504} INFO - Setting next_dagrun for tutorial_dag to None, run_after=None
[2025-08-13T16:03:24.730+0000] {processor.py:179} INFO - Processing /home/vscode/.local/lib/python3.10/site-packages/airflow/example_dags/tutorial_dag.py took 0.048 seconds
[2025-08-13T16:04:07.130+0000] {processor.py:157} INFO - Started process (PID=9346) to work on /home/vscode/.local/lib/python3.10/site-packages/airflow/example_dags/tutorial_dag.py
[2025-08-13T16:04:07.130+0000] {processor.py:826} INFO - Processing file /home/vscode/.local/lib/python3.10/site-packages/airflow/example_dags/tutorial_dag.py for tasks to queue
[2025-08-13T16:04:07.131+0000] {logging_mixin.py:150} INFO - [2025-08-13T16:04:07.131+0000] {dagbag.py:541} INFO - Filling up the DagBag from /home/vscode/.local/lib/python3.10/site-packages/airflow/example_dags/tutorial_dag.py
[2025-08-13T16:04:07.135+0000] {processor.py:836} INFO - DAG(s) dict_keys(['tutorial_dag']) retrieved from /home/vscode/.local/lib/python3.10/site-packages/airflow/example_dags/tutorial_dag.py
[2025-08-13T16:04:07.147+0000] {logging_mixin.py:150} INFO - [2025-08-13T16:04:07.147+0000] {dag.py:2742} INFO - Sync 1 DAGs
[2025-08-13T16:04:07.162+0000] {logging_mixin.py:150} INFO - [2025-08-13T16:04:07.162+0000] {dag.py:3504} INFO - Setting next_dagrun for tutorial_dag to None, run_after=None
[2025-08-13T16:04:07.183+0000] {processor.py:179} INFO - Processing /home/vscode/.local/lib/python3.10/site-packages/airflow/example_dags/tutorial_dag.py took 0.056 seconds
[2025-08-13T16:04:54.554+0000] {processor.py:157} INFO - Started process (PID=9674) to work on /home/vscode/.local/lib/python3.10/site-packages/airflow/example_dags/tutorial_dag.py
[2025-08-13T16:04:54.555+0000] {processor.py:826} INFO - Processing file /home/vscode/.local/lib/python3.10/site-packages/airflow/example_dags/tutorial_dag.py for tasks to queue
[2025-08-13T16:04:54.555+0000] {logging_mixin.py:150} INFO - [2025-08-13T16:04:54.555+0000] {dagbag.py:541} INFO - Filling up the DagBag from /home/vscode/.local/lib/python3.10/site-packages/airflow/example_dags/tutorial_dag.py
[2025-08-13T16:04:54.559+0000] {processor.py:836} INFO - DAG(s) dict_keys(['tutorial_dag']) retrieved from /home/vscode/.local/lib/python3.10/site-packages/airflow/example_dags/tutorial_dag.py
[2025-08-13T16:04:54.572+0000] {logging_mixin.py:150} INFO - [2025-08-13T16:04:54.572+0000] {dag.py:2742} INFO - Sync 1 DAGs
[2025-08-13T16:04:54.586+0000] {logging_mixin.py:150} INFO - [2025-08-13T16:04:54.586+0000] {dag.py:3504} INFO - Setting next_dagrun for tutorial_dag to None, run_after=None
[2025-08-13T16:04:54.603+0000] {processor.py:179} INFO - Processing /home/vscode/.local/lib/python3.10/site-packages/airflow/example_dags/tutorial_dag.py took 0.052 seconds
[2025-08-13T16:05:28.258+0000] {processor.py:157} INFO - Started process (PID=9892) to work on /home/vscode/.local/lib/python3.10/site-packages/airflow/example_dags/tutorial_dag.py
[2025-08-13T16:05:28.259+0000] {processor.py:826} INFO - Processing file /home/vscode/.local/lib/python3.10/site-packages/airflow/example_dags/tutorial_dag.py for tasks to queue
[2025-08-13T16:05:28.260+0000] {logging_mixin.py:150} INFO - [2025-08-13T16:05:28.259+0000] {dagbag.py:541} INFO - Filling up the DagBag from /home/vscode/.local/lib/python3.10/site-packages/airflow/example_dags/tutorial_dag.py
[2025-08-13T16:05:28.264+0000] {processor.py:836} INFO - DAG(s) dict_keys(['tutorial_dag']) retrieved from /home/vscode/.local/lib/python3.10/site-packages/airflow/example_dags/tutorial_dag.py
[2025-08-13T16:05:28.276+0000] {logging_mixin.py:150} INFO - [2025-08-13T16:05:28.275+0000] {dag.py:2742} INFO - Sync 1 DAGs
[2025-08-13T16:05:28.290+0000] {logging_mixin.py:150} INFO - [2025-08-13T16:05:28.290+0000] {dag.py:3504} INFO - Setting next_dagrun for tutorial_dag to None, run_after=None
[2025-08-13T16:05:28.306+0000] {processor.py:179} INFO - Processing /home/vscode/.local/lib/python3.10/site-packages/airflow/example_dags/tutorial_dag.py took 0.050 seconds
[2025-08-13T16:06:00.173+0000] {processor.py:157} INFO - Started process (PID=10195) to work on /home/vscode/.local/lib/python3.10/site-packages/airflow/example_dags/tutorial_dag.py
[2025-08-13T16:06:00.173+0000] {processor.py:826} INFO - Processing file /home/vscode/.local/lib/python3.10/site-packages/airflow/example_dags/tutorial_dag.py for tasks to queue
[2025-08-13T16:06:00.174+0000] {logging_mixin.py:150} INFO - [2025-08-13T16:06:00.174+0000] {dagbag.py:541} INFO - Filling up the DagBag from /home/vscode/.local/lib/python3.10/site-packages/airflow/example_dags/tutorial_dag.py
[2025-08-13T16:06:00.178+0000] {processor.py:836} INFO - DAG(s) dict_keys(['tutorial_dag']) retrieved from /home/vscode/.local/lib/python3.10/site-packages/airflow/example_dags/tutorial_dag.py
[2025-08-13T16:06:00.189+0000] {logging_mixin.py:150} INFO - [2025-08-13T16:06:00.189+0000] {dag.py:2742} INFO - Sync 1 DAGs
[2025-08-13T16:06:00.203+0000] {logging_mixin.py:150} INFO - [2025-08-13T16:06:00.203+0000] {dag.py:3504} INFO - Setting next_dagrun for tutorial_dag to None, run_after=None
[2025-08-13T16:06:00.218+0000] {processor.py:179} INFO - Processing /home/vscode/.local/lib/python3.10/site-packages/airflow/example_dags/tutorial_dag.py took 0.047 seconds
[2025-08-13T16:06:45.852+0000] {processor.py:157} INFO - Started process (PID=10504) to work on /home/vscode/.local/lib/python3.10/site-packages/airflow/example_dags/tutorial_dag.py
[2025-08-13T16:06:45.853+0000] {processor.py:826} INFO - Processing file /home/vscode/.local/lib/python3.10/site-packages/airflow/example_dags/tutorial_dag.py for tasks to queue
[2025-08-13T16:06:45.854+0000] {logging_mixin.py:150} INFO - [2025-08-13T16:06:45.854+0000] {dagbag.py:541} INFO - Filling up the DagBag from /home/vscode/.local/lib/python3.10/site-packages/airflow/example_dags/tutorial_dag.py
[2025-08-13T16:06:45.858+0000] {processor.py:836} INFO - DAG(s) dict_keys(['tutorial_dag']) retrieved from /home/vscode/.local/lib/python3.10/site-packages/airflow/example_dags/tutorial_dag.py
[2025-08-13T16:06:45.869+0000] {logging_mixin.py:150} INFO - [2025-08-13T16:06:45.869+0000] {dag.py:2742} INFO - Sync 1 DAGs
[2025-08-13T16:06:45.883+0000] {logging_mixin.py:150} INFO - [2025-08-13T16:06:45.883+0000] {dag.py:3504} INFO - Setting next_dagrun for tutorial_dag to None, run_after=None
[2025-08-13T16:06:45.899+0000] {processor.py:179} INFO - Processing /home/vscode/.local/lib/python3.10/site-packages/airflow/example_dags/tutorial_dag.py took 0.049 seconds
[2025-08-13T16:07:29.923+0000] {processor.py:157} INFO - Started process (PID=10798) to work on /home/vscode/.local/lib/python3.10/site-packages/airflow/example_dags/tutorial_dag.py
[2025-08-13T16:07:29.924+0000] {processor.py:826} INFO - Processing file /home/vscode/.local/lib/python3.10/site-packages/airflow/example_dags/tutorial_dag.py for tasks to queue
[2025-08-13T16:07:29.925+0000] {logging_mixin.py:150} INFO - [2025-08-13T16:07:29.925+0000] {dagbag.py:541} INFO - Filling up the DagBag from /home/vscode/.local/lib/python3.10/site-packages/airflow/example_dags/tutorial_dag.py
[2025-08-13T16:07:29.930+0000] {processor.py:836} INFO - DAG(s) dict_keys(['tutorial_dag']) retrieved from /home/vscode/.local/lib/python3.10/site-packages/airflow/example_dags/tutorial_dag.py
[2025-08-13T16:07:29.946+0000] {logging_mixin.py:150} INFO - [2025-08-13T16:07:29.946+0000] {dag.py:2742} INFO - Sync 1 DAGs
[2025-08-13T16:07:29.974+0000] {logging_mixin.py:150} INFO - [2025-08-13T16:07:29.974+0000] {dag.py:3504} INFO - Setting next_dagrun for tutorial_dag to None, run_after=None
[2025-08-13T16:07:29.989+0000] {processor.py:179} INFO - Processing /home/vscode/.local/lib/python3.10/site-packages/airflow/example_dags/tutorial_dag.py took 0.069 seconds
