[2025-08-13T15:48:48.985+0000] {processor.py:157} INFO - Started process (PID=1941) to work on /home/vscode/.local/lib/python3.10/site-packages/airflow/example_dags/tutorial.py
[2025-08-13T15:48:48.986+0000] {processor.py:826} INFO - Processing file /home/vscode/.local/lib/python3.10/site-packages/airflow/example_dags/tutorial.py for tasks to queue
[2025-08-13T15:48:48.987+0000] {logging_mixin.py:150} INFO - [2025-08-13T15:48:48.987+0000] {dagbag.py:541} INFO - Filling up the DagBag from /home/vscode/.local/lib/python3.10/site-packages/airflow/example_dags/tutorial.py
[2025-08-13T15:48:48.998+0000] {processor.py:836} INFO - DAG(s) dict_keys(['tutorial']) retrieved from /home/vscode/.local/lib/python3.10/site-packages/airflow/example_dags/tutorial.py
[2025-08-13T15:48:49.138+0000] {logging_mixin.py:150} INFO - [2025-08-13T15:48:49.138+0000] {manager.py:504} INFO - Created Permission View: can edit on DAG:tutorial
[2025-08-13T15:48:49.148+0000] {logging_mixin.py:150} INFO - [2025-08-13T15:48:49.148+0000] {manager.py:504} INFO - Created Permission View: can read on DAG:tutorial
[2025-08-13T15:48:49.154+0000] {logging_mixin.py:150} INFO - [2025-08-13T15:48:49.154+0000] {manager.py:504} INFO - Created Permission View: can delete on DAG:tutorial
[2025-08-13T15:48:49.162+0000] {logging_mixin.py:150} INFO - [2025-08-13T15:48:49.161+0000] {dag.py:2742} INFO - Sync 1 DAGs
[2025-08-13T15:48:49.177+0000] {logging_mixin.py:150} INFO - [2025-08-13T15:48:49.177+0000] {dag.py:2763} INFO - Creating ORM DAG for tutorial
[2025-08-13T15:48:49.188+0000] {logging_mixin.py:150} INFO - [2025-08-13T15:48:49.188+0000] {dag.py:3504} INFO - Setting next_dagrun for tutorial to 2025-08-12T15:48:49.188205+00:00, run_after=2025-08-13T15:48:49.188205+00:00
[2025-08-13T15:48:49.248+0000] {processor.py:179} INFO - Processing /home/vscode/.local/lib/python3.10/site-packages/airflow/example_dags/tutorial.py took 0.266 seconds
[2025-08-13T15:49:33.913+0000] {processor.py:157} INFO - Started process (PID=2295) to work on /home/vscode/.local/lib/python3.10/site-packages/airflow/example_dags/tutorial.py
[2025-08-13T15:49:33.914+0000] {processor.py:826} INFO - Processing file /home/vscode/.local/lib/python3.10/site-packages/airflow/example_dags/tutorial.py for tasks to queue
[2025-08-13T15:49:33.915+0000] {logging_mixin.py:150} INFO - [2025-08-13T15:49:33.914+0000] {dagbag.py:541} INFO - Filling up the DagBag from /home/vscode/.local/lib/python3.10/site-packages/airflow/example_dags/tutorial.py
[2025-08-13T15:49:33.920+0000] {processor.py:836} INFO - DAG(s) dict_keys(['tutorial']) retrieved from /home/vscode/.local/lib/python3.10/site-packages/airflow/example_dags/tutorial.py
[2025-08-13T15:49:33.931+0000] {logging_mixin.py:150} INFO - [2025-08-13T15:49:33.931+0000] {dag.py:2742} INFO - Sync 1 DAGs
[2025-08-13T15:49:33.948+0000] {logging_mixin.py:150} INFO - [2025-08-13T15:49:33.948+0000] {dag.py:3504} INFO - Setting next_dagrun for tutorial to 2025-08-12T15:49:33.948045+00:00, run_after=2025-08-13T15:49:33.948045+00:00
[2025-08-13T15:49:33.972+0000] {processor.py:179} INFO - Processing /home/vscode/.local/lib/python3.10/site-packages/airflow/example_dags/tutorial.py took 0.061 seconds
[2025-08-13T15:50:12.873+0000] {processor.py:157} INFO - Started process (PID=2599) to work on /home/vscode/.local/lib/python3.10/site-packages/airflow/example_dags/tutorial.py
[2025-08-13T15:50:12.874+0000] {processor.py:826} INFO - Processing file /home/vscode/.local/lib/python3.10/site-packages/airflow/example_dags/tutorial.py for tasks to queue
[2025-08-13T15:50:12.874+0000] {logging_mixin.py:150} INFO - [2025-08-13T15:50:12.874+0000] {dagbag.py:541} INFO - Filling up the DagBag from /home/vscode/.local/lib/python3.10/site-packages/airflow/example_dags/tutorial.py
[2025-08-13T15:50:12.879+0000] {processor.py:836} INFO - DAG(s) dict_keys(['tutorial']) retrieved from /home/vscode/.local/lib/python3.10/site-packages/airflow/example_dags/tutorial.py
[2025-08-13T15:50:12.890+0000] {logging_mixin.py:150} INFO - [2025-08-13T15:50:12.890+0000] {dag.py:2742} INFO - Sync 1 DAGs
[2025-08-13T15:50:12.904+0000] {logging_mixin.py:150} INFO - [2025-08-13T15:50:12.904+0000] {dag.py:3504} INFO - Setting next_dagrun for tutorial to 2025-08-12T15:50:12.903962+00:00, run_after=2025-08-13T15:50:12.903962+00:00
[2025-08-13T15:50:12.921+0000] {processor.py:179} INFO - Processing /home/vscode/.local/lib/python3.10/site-packages/airflow/example_dags/tutorial.py took 0.050 seconds
[2025-08-13T15:50:55.655+0000] {processor.py:157} INFO - Started process (PID=3001) to work on /home/vscode/.local/lib/python3.10/site-packages/airflow/example_dags/tutorial.py
[2025-08-13T15:50:55.655+0000] {processor.py:826} INFO - Processing file /home/vscode/.local/lib/python3.10/site-packages/airflow/example_dags/tutorial.py for tasks to queue
[2025-08-13T15:50:55.656+0000] {logging_mixin.py:150} INFO - [2025-08-13T15:50:55.656+0000] {dagbag.py:541} INFO - Filling up the DagBag from /home/vscode/.local/lib/python3.10/site-packages/airflow/example_dags/tutorial.py
[2025-08-13T15:50:55.661+0000] {processor.py:836} INFO - DAG(s) dict_keys(['tutorial']) retrieved from /home/vscode/.local/lib/python3.10/site-packages/airflow/example_dags/tutorial.py
[2025-08-13T15:50:55.675+0000] {logging_mixin.py:150} INFO - [2025-08-13T15:50:55.675+0000] {dag.py:2742} INFO - Sync 1 DAGs
[2025-08-13T15:50:55.692+0000] {logging_mixin.py:150} INFO - [2025-08-13T15:50:55.692+0000] {dag.py:3504} INFO - Setting next_dagrun for tutorial to 2025-08-12T15:50:55.692392+00:00, run_after=2025-08-13T15:50:55.692392+00:00
[2025-08-13T15:50:55.707+0000] {processor.py:179} INFO - Processing /home/vscode/.local/lib/python3.10/site-packages/airflow/example_dags/tutorial.py took 0.055 seconds
[2025-08-13T15:51:39.627+0000] {processor.py:157} INFO - Started process (PID=3358) to work on /home/vscode/.local/lib/python3.10/site-packages/airflow/example_dags/tutorial.py
[2025-08-13T15:51:39.627+0000] {processor.py:826} INFO - Processing file /home/vscode/.local/lib/python3.10/site-packages/airflow/example_dags/tutorial.py for tasks to queue
[2025-08-13T15:51:39.628+0000] {logging_mixin.py:150} INFO - [2025-08-13T15:51:39.628+0000] {dagbag.py:541} INFO - Filling up the DagBag from /home/vscode/.local/lib/python3.10/site-packages/airflow/example_dags/tutorial.py
[2025-08-13T15:51:39.633+0000] {processor.py:836} INFO - DAG(s) dict_keys(['tutorial']) retrieved from /home/vscode/.local/lib/python3.10/site-packages/airflow/example_dags/tutorial.py
[2025-08-13T15:51:39.644+0000] {logging_mixin.py:150} INFO - [2025-08-13T15:51:39.644+0000] {dag.py:2742} INFO - Sync 1 DAGs
[2025-08-13T15:51:39.660+0000] {logging_mixin.py:150} INFO - [2025-08-13T15:51:39.660+0000] {dag.py:3504} INFO - Setting next_dagrun for tutorial to 2025-08-12T15:51:39.660172+00:00, run_after=2025-08-13T15:51:39.660172+00:00
[2025-08-13T15:51:39.676+0000] {processor.py:179} INFO - Processing /home/vscode/.local/lib/python3.10/site-packages/airflow/example_dags/tutorial.py took 0.051 seconds
[2025-08-13T15:52:23.787+0000] {processor.py:157} INFO - Started process (PID=3889) to work on /home/vscode/.local/lib/python3.10/site-packages/airflow/example_dags/tutorial.py
[2025-08-13T15:52:23.799+0000] {processor.py:826} INFO - Processing file /home/vscode/.local/lib/python3.10/site-packages/airflow/example_dags/tutorial.py for tasks to queue
[2025-08-13T15:52:23.800+0000] {logging_mixin.py:150} INFO - [2025-08-13T15:52:23.800+0000] {dagbag.py:541} INFO - Filling up the DagBag from /home/vscode/.local/lib/python3.10/site-packages/airflow/example_dags/tutorial.py
[2025-08-13T15:52:23.891+0000] {processor.py:836} INFO - DAG(s) dict_keys(['tutorial']) retrieved from /home/vscode/.local/lib/python3.10/site-packages/airflow/example_dags/tutorial.py
[2025-08-13T15:52:23.989+0000] {logging_mixin.py:150} INFO - [2025-08-13T15:52:23.988+0000] {dag.py:2742} INFO - Sync 1 DAGs
[2025-08-13T15:52:24.100+0000] {logging_mixin.py:150} INFO - [2025-08-13T15:52:24.100+0000] {dag.py:3504} INFO - Setting next_dagrun for tutorial to 2025-08-12T15:52:24.099805+00:00, run_after=2025-08-13T15:52:24.099805+00:00
[2025-08-13T15:52:24.216+0000] {processor.py:179} INFO - Processing /home/vscode/.local/lib/python3.10/site-packages/airflow/example_dags/tutorial.py took 0.449 seconds
[2025-08-13T15:53:12.498+0000] {processor.py:157} INFO - Started process (PID=4241) to work on /home/vscode/.local/lib/python3.10/site-packages/airflow/example_dags/tutorial.py
[2025-08-13T15:53:12.499+0000] {processor.py:826} INFO - Processing file /home/vscode/.local/lib/python3.10/site-packages/airflow/example_dags/tutorial.py for tasks to queue
[2025-08-13T15:53:12.500+0000] {logging_mixin.py:150} INFO - [2025-08-13T15:53:12.499+0000] {dagbag.py:541} INFO - Filling up the DagBag from /home/vscode/.local/lib/python3.10/site-packages/airflow/example_dags/tutorial.py
[2025-08-13T15:53:12.504+0000] {processor.py:836} INFO - DAG(s) dict_keys(['tutorial']) retrieved from /home/vscode/.local/lib/python3.10/site-packages/airflow/example_dags/tutorial.py
[2025-08-13T15:53:12.515+0000] {logging_mixin.py:150} INFO - [2025-08-13T15:53:12.515+0000] {dag.py:2742} INFO - Sync 1 DAGs
[2025-08-13T15:53:12.530+0000] {logging_mixin.py:150} INFO - [2025-08-13T15:53:12.530+0000] {dag.py:3504} INFO - Setting next_dagrun for tutorial to 2025-08-12T15:53:12.530450+00:00, run_after=2025-08-13T15:53:12.530450+00:00
[2025-08-13T15:53:12.545+0000] {processor.py:179} INFO - Processing /home/vscode/.local/lib/python3.10/site-packages/airflow/example_dags/tutorial.py took 0.049 seconds
[2025-08-13T15:53:54.201+0000] {processor.py:157} INFO - Started process (PID=4536) to work on /home/vscode/.local/lib/python3.10/site-packages/airflow/example_dags/tutorial.py
[2025-08-13T15:53:54.202+0000] {processor.py:826} INFO - Processing file /home/vscode/.local/lib/python3.10/site-packages/airflow/example_dags/tutorial.py for tasks to queue
[2025-08-13T15:53:54.203+0000] {logging_mixin.py:150} INFO - [2025-08-13T15:53:54.203+0000] {dagbag.py:541} INFO - Filling up the DagBag from /home/vscode/.local/lib/python3.10/site-packages/airflow/example_dags/tutorial.py
[2025-08-13T15:53:54.209+0000] {processor.py:836} INFO - DAG(s) dict_keys(['tutorial']) retrieved from /home/vscode/.local/lib/python3.10/site-packages/airflow/example_dags/tutorial.py
[2025-08-13T15:53:54.225+0000] {logging_mixin.py:150} INFO - [2025-08-13T15:53:54.225+0000] {dag.py:2742} INFO - Sync 1 DAGs
[2025-08-13T15:53:54.246+0000] {logging_mixin.py:150} INFO - [2025-08-13T15:53:54.246+0000] {dag.py:3504} INFO - Setting next_dagrun for tutorial to 2025-08-12T15:53:54.246254+00:00, run_after=2025-08-13T15:53:54.246254+00:00
[2025-08-13T15:53:54.267+0000] {processor.py:179} INFO - Processing /home/vscode/.local/lib/python3.10/site-packages/airflow/example_dags/tutorial.py took 0.068 seconds
[2025-08-13T15:54:35.332+0000] {processor.py:157} INFO - Started process (PID=4838) to work on /home/vscode/.local/lib/python3.10/site-packages/airflow/example_dags/tutorial.py
[2025-08-13T15:54:35.333+0000] {processor.py:826} INFO - Processing file /home/vscode/.local/lib/python3.10/site-packages/airflow/example_dags/tutorial.py for tasks to queue
[2025-08-13T15:54:35.333+0000] {logging_mixin.py:150} INFO - [2025-08-13T15:54:35.333+0000] {dagbag.py:541} INFO - Filling up the DagBag from /home/vscode/.local/lib/python3.10/site-packages/airflow/example_dags/tutorial.py
[2025-08-13T15:54:35.338+0000] {processor.py:836} INFO - DAG(s) dict_keys(['tutorial']) retrieved from /home/vscode/.local/lib/python3.10/site-packages/airflow/example_dags/tutorial.py
[2025-08-13T15:54:35.349+0000] {logging_mixin.py:150} INFO - [2025-08-13T15:54:35.349+0000] {dag.py:2742} INFO - Sync 1 DAGs
[2025-08-13T15:54:35.363+0000] {logging_mixin.py:150} INFO - [2025-08-13T15:54:35.363+0000] {dag.py:3504} INFO - Setting next_dagrun for tutorial to 2025-08-12T15:54:35.363310+00:00, run_after=2025-08-13T15:54:35.363310+00:00
[2025-08-13T15:54:35.378+0000] {processor.py:179} INFO - Processing /home/vscode/.local/lib/python3.10/site-packages/airflow/example_dags/tutorial.py took 0.049 seconds
[2025-08-13T15:55:13.492+0000] {processor.py:157} INFO - Started process (PID=5109) to work on /home/vscode/.local/lib/python3.10/site-packages/airflow/example_dags/tutorial.py
[2025-08-13T15:55:13.493+0000] {processor.py:826} INFO - Processing file /home/vscode/.local/lib/python3.10/site-packages/airflow/example_dags/tutorial.py for tasks to queue
[2025-08-13T15:55:13.494+0000] {logging_mixin.py:150} INFO - [2025-08-13T15:55:13.494+0000] {dagbag.py:541} INFO - Filling up the DagBag from /home/vscode/.local/lib/python3.10/site-packages/airflow/example_dags/tutorial.py
[2025-08-13T15:55:13.501+0000] {processor.py:836} INFO - DAG(s) dict_keys(['tutorial']) retrieved from /home/vscode/.local/lib/python3.10/site-packages/airflow/example_dags/tutorial.py
[2025-08-13T15:55:13.519+0000] {logging_mixin.py:150} INFO - [2025-08-13T15:55:13.518+0000] {dag.py:2742} INFO - Sync 1 DAGs
[2025-08-13T15:55:13.541+0000] {logging_mixin.py:150} INFO - [2025-08-13T15:55:13.541+0000] {dag.py:3504} INFO - Setting next_dagrun for tutorial to 2025-08-12T15:55:13.541186+00:00, run_after=2025-08-13T15:55:13.541186+00:00
[2025-08-13T15:55:13.563+0000] {processor.py:179} INFO - Processing /home/vscode/.local/lib/python3.10/site-packages/airflow/example_dags/tutorial.py took 0.074 seconds
[2025-08-13T15:55:53.695+0000] {processor.py:157} INFO - Started process (PID=5447) to work on /home/vscode/.local/lib/python3.10/site-packages/airflow/example_dags/tutorial.py
[2025-08-13T15:55:53.696+0000] {processor.py:826} INFO - Processing file /home/vscode/.local/lib/python3.10/site-packages/airflow/example_dags/tutorial.py for tasks to queue
[2025-08-13T15:55:53.697+0000] {logging_mixin.py:150} INFO - [2025-08-13T15:55:53.697+0000] {dagbag.py:541} INFO - Filling up the DagBag from /home/vscode/.local/lib/python3.10/site-packages/airflow/example_dags/tutorial.py
[2025-08-13T15:55:53.702+0000] {processor.py:836} INFO - DAG(s) dict_keys(['tutorial']) retrieved from /home/vscode/.local/lib/python3.10/site-packages/airflow/example_dags/tutorial.py
[2025-08-13T15:55:53.715+0000] {logging_mixin.py:150} INFO - [2025-08-13T15:55:53.715+0000] {dag.py:2742} INFO - Sync 1 DAGs
[2025-08-13T15:55:53.731+0000] {logging_mixin.py:150} INFO - [2025-08-13T15:55:53.731+0000] {dag.py:3504} INFO - Setting next_dagrun for tutorial to 2025-08-12T15:55:53.731558+00:00, run_after=2025-08-13T15:55:53.731558+00:00
[2025-08-13T15:55:53.748+0000] {processor.py:179} INFO - Processing /home/vscode/.local/lib/python3.10/site-packages/airflow/example_dags/tutorial.py took 0.055 seconds
[2025-08-13T15:56:42.835+0000] {processor.py:157} INFO - Started process (PID=5894) to work on /home/vscode/.local/lib/python3.10/site-packages/airflow/example_dags/tutorial.py
[2025-08-13T15:56:42.836+0000] {processor.py:826} INFO - Processing file /home/vscode/.local/lib/python3.10/site-packages/airflow/example_dags/tutorial.py for tasks to queue
[2025-08-13T15:56:42.837+0000] {logging_mixin.py:150} INFO - [2025-08-13T15:56:42.837+0000] {dagbag.py:541} INFO - Filling up the DagBag from /home/vscode/.local/lib/python3.10/site-packages/airflow/example_dags/tutorial.py
[2025-08-13T15:56:42.845+0000] {processor.py:836} INFO - DAG(s) dict_keys(['tutorial']) retrieved from /home/vscode/.local/lib/python3.10/site-packages/airflow/example_dags/tutorial.py
[2025-08-13T15:56:42.862+0000] {logging_mixin.py:150} INFO - [2025-08-13T15:56:42.861+0000] {dag.py:2742} INFO - Sync 1 DAGs
[2025-08-13T15:56:42.884+0000] {logging_mixin.py:150} INFO - [2025-08-13T15:56:42.883+0000] {dag.py:3504} INFO - Setting next_dagrun for tutorial to 2025-08-12T15:56:42.883573+00:00, run_after=2025-08-13T15:56:42.883573+00:00
[2025-08-13T15:56:42.906+0000] {processor.py:179} INFO - Processing /home/vscode/.local/lib/python3.10/site-packages/airflow/example_dags/tutorial.py took 0.074 seconds
[2025-08-13T15:57:25.148+0000] {processor.py:157} INFO - Started process (PID=6239) to work on /home/vscode/.local/lib/python3.10/site-packages/airflow/example_dags/tutorial.py
[2025-08-13T15:57:25.149+0000] {processor.py:826} INFO - Processing file /home/vscode/.local/lib/python3.10/site-packages/airflow/example_dags/tutorial.py for tasks to queue
[2025-08-13T15:57:25.150+0000] {logging_mixin.py:150} INFO - [2025-08-13T15:57:25.150+0000] {dagbag.py:541} INFO - Filling up the DagBag from /home/vscode/.local/lib/python3.10/site-packages/airflow/example_dags/tutorial.py
[2025-08-13T15:57:25.155+0000] {processor.py:836} INFO - DAG(s) dict_keys(['tutorial']) retrieved from /home/vscode/.local/lib/python3.10/site-packages/airflow/example_dags/tutorial.py
[2025-08-13T15:57:25.168+0000] {logging_mixin.py:150} INFO - [2025-08-13T15:57:25.167+0000] {dag.py:2742} INFO - Sync 1 DAGs
[2025-08-13T15:57:25.183+0000] {logging_mixin.py:150} INFO - [2025-08-13T15:57:25.182+0000] {dag.py:3504} INFO - Setting next_dagrun for tutorial to 2025-08-12T15:57:25.182777+00:00, run_after=2025-08-13T15:57:25.182777+00:00
[2025-08-13T15:57:25.198+0000] {processor.py:179} INFO - Processing /home/vscode/.local/lib/python3.10/site-packages/airflow/example_dags/tutorial.py took 0.052 seconds
[2025-08-13T15:58:11.263+0000] {processor.py:157} INFO - Started process (PID=6547) to work on /home/vscode/.local/lib/python3.10/site-packages/airflow/example_dags/tutorial.py
[2025-08-13T15:58:11.264+0000] {processor.py:826} INFO - Processing file /home/vscode/.local/lib/python3.10/site-packages/airflow/example_dags/tutorial.py for tasks to queue
[2025-08-13T15:58:11.265+0000] {logging_mixin.py:150} INFO - [2025-08-13T15:58:11.265+0000] {dagbag.py:541} INFO - Filling up the DagBag from /home/vscode/.local/lib/python3.10/site-packages/airflow/example_dags/tutorial.py
[2025-08-13T15:58:11.270+0000] {processor.py:836} INFO - DAG(s) dict_keys(['tutorial']) retrieved from /home/vscode/.local/lib/python3.10/site-packages/airflow/example_dags/tutorial.py
[2025-08-13T15:58:11.281+0000] {logging_mixin.py:150} INFO - [2025-08-13T15:58:11.281+0000] {dag.py:2742} INFO - Sync 1 DAGs
[2025-08-13T15:58:11.295+0000] {logging_mixin.py:150} INFO - [2025-08-13T15:58:11.295+0000] {dag.py:3504} INFO - Setting next_dagrun for tutorial to 2025-08-12T15:58:11.295637+00:00, run_after=2025-08-13T15:58:11.295637+00:00
[2025-08-13T15:58:11.310+0000] {processor.py:179} INFO - Processing /home/vscode/.local/lib/python3.10/site-packages/airflow/example_dags/tutorial.py took 0.049 seconds
[2025-08-13T15:58:51.800+0000] {processor.py:157} INFO - Started process (PID=6819) to work on /home/vscode/.local/lib/python3.10/site-packages/airflow/example_dags/tutorial.py
[2025-08-13T15:58:51.801+0000] {processor.py:826} INFO - Processing file /home/vscode/.local/lib/python3.10/site-packages/airflow/example_dags/tutorial.py for tasks to queue
[2025-08-13T15:58:51.802+0000] {logging_mixin.py:150} INFO - [2025-08-13T15:58:51.802+0000] {dagbag.py:541} INFO - Filling up the DagBag from /home/vscode/.local/lib/python3.10/site-packages/airflow/example_dags/tutorial.py
[2025-08-13T15:58:51.807+0000] {processor.py:836} INFO - DAG(s) dict_keys(['tutorial']) retrieved from /home/vscode/.local/lib/python3.10/site-packages/airflow/example_dags/tutorial.py
[2025-08-13T15:58:51.818+0000] {logging_mixin.py:150} INFO - [2025-08-13T15:58:51.818+0000] {dag.py:2742} INFO - Sync 1 DAGs
[2025-08-13T15:58:51.832+0000] {logging_mixin.py:150} INFO - [2025-08-13T15:58:51.832+0000] {dag.py:3504} INFO - Setting next_dagrun for tutorial to 2025-08-12T15:58:51.832224+00:00, run_after=2025-08-13T15:58:51.832224+00:00
[2025-08-13T15:58:51.848+0000] {processor.py:179} INFO - Processing /home/vscode/.local/lib/python3.10/site-packages/airflow/example_dags/tutorial.py took 0.049 seconds
[2025-08-13T15:59:27.881+0000] {processor.py:157} INFO - Started process (PID=7059) to work on /home/vscode/.local/lib/python3.10/site-packages/airflow/example_dags/tutorial.py
[2025-08-13T15:59:27.882+0000] {processor.py:826} INFO - Processing file /home/vscode/.local/lib/python3.10/site-packages/airflow/example_dags/tutorial.py for tasks to queue
[2025-08-13T15:59:27.883+0000] {logging_mixin.py:150} INFO - [2025-08-13T15:59:27.883+0000] {dagbag.py:541} INFO - Filling up the DagBag from /home/vscode/.local/lib/python3.10/site-packages/airflow/example_dags/tutorial.py
[2025-08-13T15:59:27.888+0000] {processor.py:836} INFO - DAG(s) dict_keys(['tutorial']) retrieved from /home/vscode/.local/lib/python3.10/site-packages/airflow/example_dags/tutorial.py
[2025-08-13T15:59:27.899+0000] {logging_mixin.py:150} INFO - [2025-08-13T15:59:27.899+0000] {dag.py:2742} INFO - Sync 1 DAGs
[2025-08-13T15:59:27.913+0000] {logging_mixin.py:150} INFO - [2025-08-13T15:59:27.912+0000] {dag.py:3504} INFO - Setting next_dagrun for tutorial to 2025-08-12T15:59:27.912791+00:00, run_after=2025-08-13T15:59:27.912791+00:00
[2025-08-13T15:59:27.928+0000] {processor.py:179} INFO - Processing /home/vscode/.local/lib/python3.10/site-packages/airflow/example_dags/tutorial.py took 0.049 seconds
[2025-08-13T16:00:09.643+0000] {processor.py:157} INFO - Started process (PID=7375) to work on /home/vscode/.local/lib/python3.10/site-packages/airflow/example_dags/tutorial.py
[2025-08-13T16:00:09.644+0000] {processor.py:826} INFO - Processing file /home/vscode/.local/lib/python3.10/site-packages/airflow/example_dags/tutorial.py for tasks to queue
[2025-08-13T16:00:09.645+0000] {logging_mixin.py:150} INFO - [2025-08-13T16:00:09.645+0000] {dagbag.py:541} INFO - Filling up the DagBag from /home/vscode/.local/lib/python3.10/site-packages/airflow/example_dags/tutorial.py
[2025-08-13T16:00:09.651+0000] {processor.py:836} INFO - DAG(s) dict_keys(['tutorial']) retrieved from /home/vscode/.local/lib/python3.10/site-packages/airflow/example_dags/tutorial.py
[2025-08-13T16:00:09.662+0000] {logging_mixin.py:150} INFO - [2025-08-13T16:00:09.662+0000] {dag.py:2742} INFO - Sync 1 DAGs
[2025-08-13T16:00:09.676+0000] {logging_mixin.py:150} INFO - [2025-08-13T16:00:09.676+0000] {dag.py:3504} INFO - Setting next_dagrun for tutorial to 2025-08-12T16:00:09.676421+00:00, run_after=2025-08-13T16:00:09.676421+00:00
[2025-08-13T16:00:09.691+0000] {processor.py:179} INFO - Processing /home/vscode/.local/lib/python3.10/site-packages/airflow/example_dags/tutorial.py took 0.050 seconds
[2025-08-13T16:01:21.209+0000] {processor.py:157} INFO - Started process (PID=8097) to work on /home/vscode/.local/lib/python3.10/site-packages/airflow/example_dags/tutorial.py
[2025-08-13T16:01:21.210+0000] {processor.py:826} INFO - Processing file /home/vscode/.local/lib/python3.10/site-packages/airflow/example_dags/tutorial.py for tasks to queue
[2025-08-13T16:01:21.210+0000] {logging_mixin.py:150} INFO - [2025-08-13T16:01:21.210+0000] {dagbag.py:541} INFO - Filling up the DagBag from /home/vscode/.local/lib/python3.10/site-packages/airflow/example_dags/tutorial.py
[2025-08-13T16:01:21.219+0000] {processor.py:836} INFO - DAG(s) dict_keys(['tutorial']) retrieved from /home/vscode/.local/lib/python3.10/site-packages/airflow/example_dags/tutorial.py
[2025-08-13T16:01:21.240+0000] {logging_mixin.py:150} INFO - [2025-08-13T16:01:21.240+0000] {dag.py:2742} INFO - Sync 1 DAGs
[2025-08-13T16:01:21.255+0000] {logging_mixin.py:150} INFO - [2025-08-13T16:01:21.255+0000] {dag.py:3504} INFO - Setting next_dagrun for tutorial to 2025-08-12T16:01:21.255381+00:00, run_after=2025-08-13T16:01:21.255381+00:00
[2025-08-13T16:01:21.271+0000] {processor.py:179} INFO - Processing /home/vscode/.local/lib/python3.10/site-packages/airflow/example_dags/tutorial.py took 0.064 seconds
[2025-08-13T16:02:03.794+0000] {processor.py:157} INFO - Started process (PID=8486) to work on /home/vscode/.local/lib/python3.10/site-packages/airflow/example_dags/tutorial.py
[2025-08-13T16:02:03.795+0000] {processor.py:826} INFO - Processing file /home/vscode/.local/lib/python3.10/site-packages/airflow/example_dags/tutorial.py for tasks to queue
[2025-08-13T16:02:03.796+0000] {logging_mixin.py:150} INFO - [2025-08-13T16:02:03.795+0000] {dagbag.py:541} INFO - Filling up the DagBag from /home/vscode/.local/lib/python3.10/site-packages/airflow/example_dags/tutorial.py
[2025-08-13T16:02:03.801+0000] {processor.py:836} INFO - DAG(s) dict_keys(['tutorial']) retrieved from /home/vscode/.local/lib/python3.10/site-packages/airflow/example_dags/tutorial.py
[2025-08-13T16:02:03.812+0000] {logging_mixin.py:150} INFO - [2025-08-13T16:02:03.812+0000] {dag.py:2742} INFO - Sync 1 DAGs
[2025-08-13T16:02:03.825+0000] {logging_mixin.py:150} INFO - [2025-08-13T16:02:03.825+0000] {dag.py:3504} INFO - Setting next_dagrun for tutorial to 2025-08-12T16:02:03.825452+00:00, run_after=2025-08-13T16:02:03.825452+00:00
[2025-08-13T16:02:03.840+0000] {processor.py:179} INFO - Processing /home/vscode/.local/lib/python3.10/site-packages/airflow/example_dags/tutorial.py took 0.048 seconds
[2025-08-13T16:02:43.921+0000] {processor.py:157} INFO - Started process (PID=8754) to work on /home/vscode/.local/lib/python3.10/site-packages/airflow/example_dags/tutorial.py
[2025-08-13T16:02:43.921+0000] {processor.py:826} INFO - Processing file /home/vscode/.local/lib/python3.10/site-packages/airflow/example_dags/tutorial.py for tasks to queue
[2025-08-13T16:02:43.922+0000] {logging_mixin.py:150} INFO - [2025-08-13T16:02:43.922+0000] {dagbag.py:541} INFO - Filling up the DagBag from /home/vscode/.local/lib/python3.10/site-packages/airflow/example_dags/tutorial.py
[2025-08-13T16:02:43.927+0000] {processor.py:836} INFO - DAG(s) dict_keys(['tutorial']) retrieved from /home/vscode/.local/lib/python3.10/site-packages/airflow/example_dags/tutorial.py
[2025-08-13T16:02:43.938+0000] {logging_mixin.py:150} INFO - [2025-08-13T16:02:43.938+0000] {dag.py:2742} INFO - Sync 1 DAGs
[2025-08-13T16:02:43.952+0000] {logging_mixin.py:150} INFO - [2025-08-13T16:02:43.952+0000] {dag.py:3504} INFO - Setting next_dagrun for tutorial to 2025-08-12T16:02:43.952252+00:00, run_after=2025-08-13T16:02:43.952252+00:00
[2025-08-13T16:02:43.967+0000] {processor.py:179} INFO - Processing /home/vscode/.local/lib/python3.10/site-packages/airflow/example_dags/tutorial.py took 0.049 seconds
[2025-08-13T16:03:27.753+0000] {processor.py:157} INFO - Started process (PID=9041) to work on /home/vscode/.local/lib/python3.10/site-packages/airflow/example_dags/tutorial.py
[2025-08-13T16:03:27.753+0000] {processor.py:826} INFO - Processing file /home/vscode/.local/lib/python3.10/site-packages/airflow/example_dags/tutorial.py for tasks to queue
[2025-08-13T16:03:27.754+0000] {logging_mixin.py:150} INFO - [2025-08-13T16:03:27.754+0000] {dagbag.py:541} INFO - Filling up the DagBag from /home/vscode/.local/lib/python3.10/site-packages/airflow/example_dags/tutorial.py
[2025-08-13T16:03:27.760+0000] {processor.py:836} INFO - DAG(s) dict_keys(['tutorial']) retrieved from /home/vscode/.local/lib/python3.10/site-packages/airflow/example_dags/tutorial.py
[2025-08-13T16:03:27.776+0000] {logging_mixin.py:150} INFO - [2025-08-13T16:03:27.776+0000] {dag.py:2742} INFO - Sync 1 DAGs
[2025-08-13T16:03:27.798+0000] {logging_mixin.py:150} INFO - [2025-08-13T16:03:27.798+0000] {dag.py:3504} INFO - Setting next_dagrun for tutorial to 2025-08-12T16:03:27.797738+00:00, run_after=2025-08-13T16:03:27.797738+00:00
[2025-08-13T16:03:27.817+0000] {processor.py:179} INFO - Processing /home/vscode/.local/lib/python3.10/site-packages/airflow/example_dags/tutorial.py took 0.067 seconds
[2025-08-13T16:04:11.138+0000] {processor.py:157} INFO - Started process (PID=9377) to work on /home/vscode/.local/lib/python3.10/site-packages/airflow/example_dags/tutorial.py
[2025-08-13T16:04:11.139+0000] {processor.py:826} INFO - Processing file /home/vscode/.local/lib/python3.10/site-packages/airflow/example_dags/tutorial.py for tasks to queue
[2025-08-13T16:04:11.140+0000] {logging_mixin.py:150} INFO - [2025-08-13T16:04:11.139+0000] {dagbag.py:541} INFO - Filling up the DagBag from /home/vscode/.local/lib/python3.10/site-packages/airflow/example_dags/tutorial.py
[2025-08-13T16:04:11.148+0000] {processor.py:836} INFO - DAG(s) dict_keys(['tutorial']) retrieved from /home/vscode/.local/lib/python3.10/site-packages/airflow/example_dags/tutorial.py
[2025-08-13T16:04:11.167+0000] {logging_mixin.py:150} INFO - [2025-08-13T16:04:11.166+0000] {dag.py:2742} INFO - Sync 1 DAGs
[2025-08-13T16:04:11.190+0000] {logging_mixin.py:150} INFO - [2025-08-13T16:04:11.190+0000] {dag.py:3504} INFO - Setting next_dagrun for tutorial to 2025-08-12T16:04:11.190434+00:00, run_after=2025-08-13T16:04:11.190434+00:00
[2025-08-13T16:04:11.218+0000] {processor.py:179} INFO - Processing /home/vscode/.local/lib/python3.10/site-packages/airflow/example_dags/tutorial.py took 0.084 seconds
[2025-08-13T16:04:58.530+0000] {processor.py:157} INFO - Started process (PID=9700) to work on /home/vscode/.local/lib/python3.10/site-packages/airflow/example_dags/tutorial.py
[2025-08-13T16:04:58.531+0000] {processor.py:826} INFO - Processing file /home/vscode/.local/lib/python3.10/site-packages/airflow/example_dags/tutorial.py for tasks to queue
[2025-08-13T16:04:58.531+0000] {logging_mixin.py:150} INFO - [2025-08-13T16:04:58.531+0000] {dagbag.py:541} INFO - Filling up the DagBag from /home/vscode/.local/lib/python3.10/site-packages/airflow/example_dags/tutorial.py
[2025-08-13T16:04:58.536+0000] {processor.py:836} INFO - DAG(s) dict_keys(['tutorial']) retrieved from /home/vscode/.local/lib/python3.10/site-packages/airflow/example_dags/tutorial.py
[2025-08-13T16:04:58.547+0000] {logging_mixin.py:150} INFO - [2025-08-13T16:04:58.547+0000] {dag.py:2742} INFO - Sync 1 DAGs
[2025-08-13T16:04:58.561+0000] {logging_mixin.py:150} INFO - [2025-08-13T16:04:58.561+0000] {dag.py:3504} INFO - Setting next_dagrun for tutorial to 2025-08-12T16:04:58.560870+00:00, run_after=2025-08-13T16:04:58.560870+00:00
[2025-08-13T16:04:58.576+0000] {processor.py:179} INFO - Processing /home/vscode/.local/lib/python3.10/site-packages/airflow/example_dags/tutorial.py took 0.048 seconds
[2025-08-13T16:05:47.390+0000] {processor.py:157} INFO - Started process (PID=10079) to work on /home/vscode/.local/lib/python3.10/site-packages/airflow/example_dags/tutorial.py
[2025-08-13T16:05:47.391+0000] {processor.py:826} INFO - Processing file /home/vscode/.local/lib/python3.10/site-packages/airflow/example_dags/tutorial.py for tasks to queue
[2025-08-13T16:05:47.392+0000] {logging_mixin.py:150} INFO - [2025-08-13T16:05:47.392+0000] {dagbag.py:541} INFO - Filling up the DagBag from /home/vscode/.local/lib/python3.10/site-packages/airflow/example_dags/tutorial.py
[2025-08-13T16:05:47.400+0000] {processor.py:836} INFO - DAG(s) dict_keys(['tutorial']) retrieved from /home/vscode/.local/lib/python3.10/site-packages/airflow/example_dags/tutorial.py
[2025-08-13T16:05:47.417+0000] {logging_mixin.py:150} INFO - [2025-08-13T16:05:47.417+0000] {dag.py:2742} INFO - Sync 1 DAGs
[2025-08-13T16:05:47.441+0000] {logging_mixin.py:150} INFO - [2025-08-13T16:05:47.441+0000] {dag.py:3504} INFO - Setting next_dagrun for tutorial to 2025-08-12T16:05:47.441285+00:00, run_after=2025-08-13T16:05:47.441285+00:00
[2025-08-13T16:05:47.468+0000] {processor.py:179} INFO - Processing /home/vscode/.local/lib/python3.10/site-packages/airflow/example_dags/tutorial.py took 0.082 seconds
[2025-08-13T16:06:32.148+0000] {processor.py:157} INFO - Started process (PID=10411) to work on /home/vscode/.local/lib/python3.10/site-packages/airflow/example_dags/tutorial.py
[2025-08-13T16:06:32.149+0000] {processor.py:826} INFO - Processing file /home/vscode/.local/lib/python3.10/site-packages/airflow/example_dags/tutorial.py for tasks to queue
[2025-08-13T16:06:32.150+0000] {logging_mixin.py:150} INFO - [2025-08-13T16:06:32.150+0000] {dagbag.py:541} INFO - Filling up the DagBag from /home/vscode/.local/lib/python3.10/site-packages/airflow/example_dags/tutorial.py
[2025-08-13T16:06:32.155+0000] {processor.py:836} INFO - DAG(s) dict_keys(['tutorial']) retrieved from /home/vscode/.local/lib/python3.10/site-packages/airflow/example_dags/tutorial.py
[2025-08-13T16:06:32.166+0000] {logging_mixin.py:150} INFO - [2025-08-13T16:06:32.166+0000] {dag.py:2742} INFO - Sync 1 DAGs
[2025-08-13T16:06:32.180+0000] {logging_mixin.py:150} INFO - [2025-08-13T16:06:32.180+0000] {dag.py:3504} INFO - Setting next_dagrun for tutorial to 2025-08-12T16:06:32.180205+00:00, run_after=2025-08-13T16:06:32.180205+00:00
[2025-08-13T16:06:32.196+0000] {processor.py:179} INFO - Processing /home/vscode/.local/lib/python3.10/site-packages/airflow/example_dags/tutorial.py took 0.049 seconds
[2025-08-13T16:07:17.343+0000] {processor.py:157} INFO - Started process (PID=10713) to work on /home/vscode/.local/lib/python3.10/site-packages/airflow/example_dags/tutorial.py
[2025-08-13T16:07:17.344+0000] {processor.py:826} INFO - Processing file /home/vscode/.local/lib/python3.10/site-packages/airflow/example_dags/tutorial.py for tasks to queue
[2025-08-13T16:07:17.344+0000] {logging_mixin.py:150} INFO - [2025-08-13T16:07:17.344+0000] {dagbag.py:541} INFO - Filling up the DagBag from /home/vscode/.local/lib/python3.10/site-packages/airflow/example_dags/tutorial.py
[2025-08-13T16:07:17.350+0000] {processor.py:836} INFO - DAG(s) dict_keys(['tutorial']) retrieved from /home/vscode/.local/lib/python3.10/site-packages/airflow/example_dags/tutorial.py
[2025-08-13T16:07:17.365+0000] {logging_mixin.py:150} INFO - [2025-08-13T16:07:17.365+0000] {dag.py:2742} INFO - Sync 1 DAGs
[2025-08-13T16:07:17.386+0000] {logging_mixin.py:150} INFO - [2025-08-13T16:07:17.386+0000] {dag.py:3504} INFO - Setting next_dagrun for tutorial to 2025-08-12T16:07:17.386055+00:00, run_after=2025-08-13T16:07:17.386055+00:00
[2025-08-13T16:07:17.407+0000] {processor.py:179} INFO - Processing /home/vscode/.local/lib/python3.10/site-packages/airflow/example_dags/tutorial.py took 0.066 seconds
