[2025-08-15T15:14:43.778+0000] {processor.py:157} INFO - Started process (PID=27235) to work on /home/vscode/.local/lib/python3.10/site-packages/airflow/example_dags/example_sensor_decorator.py
[2025-08-15T15:14:43.779+0000] {processor.py:826} INFO - Processing file /home/vscode/.local/lib/python3.10/site-packages/airflow/example_dags/example_sensor_decorator.py for tasks to queue
[2025-08-15T15:14:43.779+0000] {logging_mixin.py:150} INFO - [2025-08-15T15:14:43.779+0000] {dagbag.py:541} INFO - Filling up the DagBag from /home/vscode/.local/lib/python3.10/site-packages/airflow/example_dags/example_sensor_decorator.py
[2025-08-15T15:14:43.784+0000] {processor.py:836} INFO - DAG(s) dict_keys(['example_sensor_decorator']) retrieved from /home/vscode/.local/lib/python3.10/site-packages/airflow/example_dags/example_sensor_decorator.py
[2025-08-15T15:14:43.862+0000] {logging_mixin.py:150} INFO - [2025-08-15T15:14:43.862+0000] {manager.py:504} INFO - Created Permission View: can read on DAG:example_sensor_decorator
[2025-08-15T15:14:43.873+0000] {logging_mixin.py:150} INFO - [2025-08-15T15:14:43.873+0000] {manager.py:504} INFO - Created Permission View: can delete on DAG:example_sensor_decorator
[2025-08-15T15:14:43.879+0000] {logging_mixin.py:150} INFO - [2025-08-15T15:14:43.879+0000] {manager.py:504} INFO - Created Permission View: can edit on DAG:example_sensor_decorator
[2025-08-15T15:14:43.889+0000] {logging_mixin.py:150} INFO - [2025-08-15T15:14:43.888+0000] {dag.py:2742} INFO - Sync 1 DAGs
[2025-08-15T15:14:43.896+0000] {logging_mixin.py:150} INFO - [2025-08-15T15:14:43.896+0000] {dag.py:2763} INFO - Creating ORM DAG for example_sensor_decorator
[2025-08-15T15:14:43.904+0000] {logging_mixin.py:150} INFO - [2025-08-15T15:14:43.904+0000] {dag.py:3504} INFO - Setting next_dagrun for example_sensor_decorator to None, run_after=None
[2025-08-15T15:14:43.921+0000] {processor.py:179} INFO - Processing /home/vscode/.local/lib/python3.10/site-packages/airflow/example_dags/example_sensor_decorator.py took 0.145 seconds
[2025-08-15T15:15:32.238+0000] {processor.py:157} INFO - Started process (PID=27685) to work on /home/vscode/.local/lib/python3.10/site-packages/airflow/example_dags/example_sensor_decorator.py
[2025-08-15T15:15:32.239+0000] {processor.py:826} INFO - Processing file /home/vscode/.local/lib/python3.10/site-packages/airflow/example_dags/example_sensor_decorator.py for tasks to queue
[2025-08-15T15:15:32.239+0000] {logging_mixin.py:150} INFO - [2025-08-15T15:15:32.239+0000] {dagbag.py:541} INFO - Filling up the DagBag from /home/vscode/.local/lib/python3.10/site-packages/airflow/example_dags/example_sensor_decorator.py
[2025-08-15T15:15:32.245+0000] {processor.py:836} INFO - DAG(s) dict_keys(['example_sensor_decorator']) retrieved from /home/vscode/.local/lib/python3.10/site-packages/airflow/example_dags/example_sensor_decorator.py
[2025-08-15T15:15:32.257+0000] {logging_mixin.py:150} INFO - [2025-08-15T15:15:32.257+0000] {dag.py:2742} INFO - Sync 1 DAGs
[2025-08-15T15:15:32.271+0000] {logging_mixin.py:150} INFO - [2025-08-15T15:15:32.271+0000] {dag.py:3504} INFO - Setting next_dagrun for example_sensor_decorator to None, run_after=None
[2025-08-15T15:15:32.288+0000] {processor.py:179} INFO - Processing /home/vscode/.local/lib/python3.10/site-packages/airflow/example_dags/example_sensor_decorator.py took 0.052 seconds
[2025-08-15T15:16:21.831+0000] {processor.py:157} INFO - Started process (PID=28250) to work on /home/vscode/.local/lib/python3.10/site-packages/airflow/example_dags/example_sensor_decorator.py
[2025-08-15T15:16:21.832+0000] {processor.py:826} INFO - Processing file /home/vscode/.local/lib/python3.10/site-packages/airflow/example_dags/example_sensor_decorator.py for tasks to queue
[2025-08-15T15:16:21.832+0000] {logging_mixin.py:150} INFO - [2025-08-15T15:16:21.832+0000] {dagbag.py:541} INFO - Filling up the DagBag from /home/vscode/.local/lib/python3.10/site-packages/airflow/example_dags/example_sensor_decorator.py
[2025-08-15T15:16:21.839+0000] {processor.py:836} INFO - DAG(s) dict_keys(['example_sensor_decorator']) retrieved from /home/vscode/.local/lib/python3.10/site-packages/airflow/example_dags/example_sensor_decorator.py
[2025-08-15T15:16:21.857+0000] {logging_mixin.py:150} INFO - [2025-08-15T15:16:21.857+0000] {dag.py:2742} INFO - Sync 1 DAGs
[2025-08-15T15:16:21.873+0000] {logging_mixin.py:150} INFO - [2025-08-15T15:16:21.873+0000] {dag.py:3504} INFO - Setting next_dagrun for example_sensor_decorator to None, run_after=None
[2025-08-15T15:16:21.892+0000] {processor.py:179} INFO - Processing /home/vscode/.local/lib/python3.10/site-packages/airflow/example_dags/example_sensor_decorator.py took 0.063 seconds
[2025-08-15T15:17:13.581+0000] {processor.py:157} INFO - Started process (PID=28796) to work on /home/vscode/.local/lib/python3.10/site-packages/airflow/example_dags/example_sensor_decorator.py
[2025-08-15T15:17:13.581+0000] {processor.py:826} INFO - Processing file /home/vscode/.local/lib/python3.10/site-packages/airflow/example_dags/example_sensor_decorator.py for tasks to queue
[2025-08-15T15:17:13.582+0000] {logging_mixin.py:150} INFO - [2025-08-15T15:17:13.582+0000] {dagbag.py:541} INFO - Filling up the DagBag from /home/vscode/.local/lib/python3.10/site-packages/airflow/example_dags/example_sensor_decorator.py
[2025-08-15T15:17:13.586+0000] {processor.py:836} INFO - DAG(s) dict_keys(['example_sensor_decorator']) retrieved from /home/vscode/.local/lib/python3.10/site-packages/airflow/example_dags/example_sensor_decorator.py
[2025-08-15T15:17:13.598+0000] {logging_mixin.py:150} INFO - [2025-08-15T15:17:13.598+0000] {dag.py:2742} INFO - Sync 1 DAGs
[2025-08-15T15:17:13.614+0000] {logging_mixin.py:150} INFO - [2025-08-15T15:17:13.614+0000] {dag.py:3504} INFO - Setting next_dagrun for example_sensor_decorator to None, run_after=None
[2025-08-15T15:17:13.636+0000] {processor.py:179} INFO - Processing /home/vscode/.local/lib/python3.10/site-packages/airflow/example_dags/example_sensor_decorator.py took 0.057 seconds
[2025-08-15T15:17:59.329+0000] {processor.py:157} INFO - Started process (PID=29200) to work on /home/vscode/.local/lib/python3.10/site-packages/airflow/example_dags/example_sensor_decorator.py
[2025-08-15T15:17:59.330+0000] {processor.py:826} INFO - Processing file /home/vscode/.local/lib/python3.10/site-packages/airflow/example_dags/example_sensor_decorator.py for tasks to queue
[2025-08-15T15:17:59.331+0000] {logging_mixin.py:150} INFO - [2025-08-15T15:17:59.330+0000] {dagbag.py:541} INFO - Filling up the DagBag from /home/vscode/.local/lib/python3.10/site-packages/airflow/example_dags/example_sensor_decorator.py
[2025-08-15T15:17:59.335+0000] {processor.py:836} INFO - DAG(s) dict_keys(['example_sensor_decorator']) retrieved from /home/vscode/.local/lib/python3.10/site-packages/airflow/example_dags/example_sensor_decorator.py
[2025-08-15T15:17:59.347+0000] {logging_mixin.py:150} INFO - [2025-08-15T15:17:59.346+0000] {dag.py:2742} INFO - Sync 1 DAGs
[2025-08-15T15:17:59.360+0000] {logging_mixin.py:150} INFO - [2025-08-15T15:17:59.360+0000] {dag.py:3504} INFO - Setting next_dagrun for example_sensor_decorator to None, run_after=None
[2025-08-15T15:17:59.377+0000] {processor.py:179} INFO - Processing /home/vscode/.local/lib/python3.10/site-packages/airflow/example_dags/example_sensor_decorator.py took 0.050 seconds
[2025-08-15T15:18:45.647+0000] {processor.py:157} INFO - Started process (PID=29516) to work on /home/vscode/.local/lib/python3.10/site-packages/airflow/example_dags/example_sensor_decorator.py
[2025-08-15T15:18:45.648+0000] {processor.py:826} INFO - Processing file /home/vscode/.local/lib/python3.10/site-packages/airflow/example_dags/example_sensor_decorator.py for tasks to queue
[2025-08-15T15:18:45.648+0000] {logging_mixin.py:150} INFO - [2025-08-15T15:18:45.648+0000] {dagbag.py:541} INFO - Filling up the DagBag from /home/vscode/.local/lib/python3.10/site-packages/airflow/example_dags/example_sensor_decorator.py
[2025-08-15T15:18:45.653+0000] {processor.py:836} INFO - DAG(s) dict_keys(['example_sensor_decorator']) retrieved from /home/vscode/.local/lib/python3.10/site-packages/airflow/example_dags/example_sensor_decorator.py
[2025-08-15T15:18:45.665+0000] {logging_mixin.py:150} INFO - [2025-08-15T15:18:45.665+0000] {dag.py:2742} INFO - Sync 1 DAGs
[2025-08-15T15:18:45.679+0000] {logging_mixin.py:150} INFO - [2025-08-15T15:18:45.679+0000] {dag.py:3504} INFO - Setting next_dagrun for example_sensor_decorator to None, run_after=None
[2025-08-15T15:18:45.695+0000] {processor.py:179} INFO - Processing /home/vscode/.local/lib/python3.10/site-packages/airflow/example_dags/example_sensor_decorator.py took 0.050 seconds
[2025-08-15T15:19:27.369+0000] {processor.py:157} INFO - Started process (PID=29800) to work on /home/vscode/.local/lib/python3.10/site-packages/airflow/example_dags/example_sensor_decorator.py
[2025-08-15T15:19:27.370+0000] {processor.py:826} INFO - Processing file /home/vscode/.local/lib/python3.10/site-packages/airflow/example_dags/example_sensor_decorator.py for tasks to queue
[2025-08-15T15:19:27.371+0000] {logging_mixin.py:150} INFO - [2025-08-15T15:19:27.370+0000] {dagbag.py:541} INFO - Filling up the DagBag from /home/vscode/.local/lib/python3.10/site-packages/airflow/example_dags/example_sensor_decorator.py
[2025-08-15T15:19:27.377+0000] {processor.py:836} INFO - DAG(s) dict_keys(['example_sensor_decorator']) retrieved from /home/vscode/.local/lib/python3.10/site-packages/airflow/example_dags/example_sensor_decorator.py
[2025-08-15T15:19:27.391+0000] {logging_mixin.py:150} INFO - [2025-08-15T15:19:27.391+0000] {dag.py:2742} INFO - Sync 1 DAGs
[2025-08-15T15:19:27.423+0000] {logging_mixin.py:150} INFO - [2025-08-15T15:19:27.422+0000] {dag.py:3504} INFO - Setting next_dagrun for example_sensor_decorator to None, run_after=None
[2025-08-15T15:19:27.465+0000] {processor.py:179} INFO - Processing /home/vscode/.local/lib/python3.10/site-packages/airflow/example_dags/example_sensor_decorator.py took 0.099 seconds
[2025-08-15T15:20:24.005+0000] {processor.py:157} INFO - Started process (PID=31450) to work on /home/vscode/.local/lib/python3.10/site-packages/airflow/example_dags/example_sensor_decorator.py
[2025-08-15T15:20:24.006+0000] {processor.py:826} INFO - Processing file /home/vscode/.local/lib/python3.10/site-packages/airflow/example_dags/example_sensor_decorator.py for tasks to queue
[2025-08-15T15:20:24.007+0000] {logging_mixin.py:150} INFO - [2025-08-15T15:20:24.007+0000] {dagbag.py:541} INFO - Filling up the DagBag from /home/vscode/.local/lib/python3.10/site-packages/airflow/example_dags/example_sensor_decorator.py
[2025-08-15T15:20:24.012+0000] {processor.py:836} INFO - DAG(s) dict_keys(['example_sensor_decorator']) retrieved from /home/vscode/.local/lib/python3.10/site-packages/airflow/example_dags/example_sensor_decorator.py
[2025-08-15T15:20:24.024+0000] {logging_mixin.py:150} INFO - [2025-08-15T15:20:24.024+0000] {dag.py:2742} INFO - Sync 1 DAGs
[2025-08-15T15:20:24.039+0000] {logging_mixin.py:150} INFO - [2025-08-15T15:20:24.039+0000] {dag.py:3504} INFO - Setting next_dagrun for example_sensor_decorator to None, run_after=None
[2025-08-15T15:20:24.056+0000] {processor.py:179} INFO - Processing /home/vscode/.local/lib/python3.10/site-packages/airflow/example_dags/example_sensor_decorator.py took 0.053 seconds
[2025-08-15T15:21:15.463+0000] {processor.py:157} INFO - Started process (PID=31793) to work on /home/vscode/.local/lib/python3.10/site-packages/airflow/example_dags/example_sensor_decorator.py
[2025-08-15T15:21:15.464+0000] {processor.py:826} INFO - Processing file /home/vscode/.local/lib/python3.10/site-packages/airflow/example_dags/example_sensor_decorator.py for tasks to queue
[2025-08-15T15:21:15.464+0000] {logging_mixin.py:150} INFO - [2025-08-15T15:21:15.464+0000] {dagbag.py:541} INFO - Filling up the DagBag from /home/vscode/.local/lib/python3.10/site-packages/airflow/example_dags/example_sensor_decorator.py
[2025-08-15T15:21:15.469+0000] {processor.py:836} INFO - DAG(s) dict_keys(['example_sensor_decorator']) retrieved from /home/vscode/.local/lib/python3.10/site-packages/airflow/example_dags/example_sensor_decorator.py
[2025-08-15T15:21:15.480+0000] {logging_mixin.py:150} INFO - [2025-08-15T15:21:15.480+0000] {dag.py:2742} INFO - Sync 1 DAGs
[2025-08-15T15:21:15.495+0000] {logging_mixin.py:150} INFO - [2025-08-15T15:21:15.495+0000] {dag.py:3504} INFO - Setting next_dagrun for example_sensor_decorator to None, run_after=None
[2025-08-15T15:21:15.512+0000] {processor.py:179} INFO - Processing /home/vscode/.local/lib/python3.10/site-packages/airflow/example_dags/example_sensor_decorator.py took 0.051 seconds
[2025-08-15T15:22:04.366+0000] {processor.py:157} INFO - Started process (PID=32212) to work on /home/vscode/.local/lib/python3.10/site-packages/airflow/example_dags/example_sensor_decorator.py
[2025-08-15T15:22:04.367+0000] {processor.py:826} INFO - Processing file /home/vscode/.local/lib/python3.10/site-packages/airflow/example_dags/example_sensor_decorator.py for tasks to queue
[2025-08-15T15:22:04.367+0000] {logging_mixin.py:150} INFO - [2025-08-15T15:22:04.367+0000] {dagbag.py:541} INFO - Filling up the DagBag from /home/vscode/.local/lib/python3.10/site-packages/airflow/example_dags/example_sensor_decorator.py
[2025-08-15T15:22:04.372+0000] {processor.py:836} INFO - DAG(s) dict_keys(['example_sensor_decorator']) retrieved from /home/vscode/.local/lib/python3.10/site-packages/airflow/example_dags/example_sensor_decorator.py
[2025-08-15T15:22:04.388+0000] {logging_mixin.py:150} INFO - [2025-08-15T15:22:04.388+0000] {dag.py:2742} INFO - Sync 1 DAGs
[2025-08-15T15:22:04.403+0000] {logging_mixin.py:150} INFO - [2025-08-15T15:22:04.403+0000] {dag.py:3504} INFO - Setting next_dagrun for example_sensor_decorator to None, run_after=None
[2025-08-15T15:22:04.423+0000] {processor.py:179} INFO - Processing /home/vscode/.local/lib/python3.10/site-packages/airflow/example_dags/example_sensor_decorator.py took 0.059 seconds
[2025-08-15T15:22:53.188+0000] {processor.py:157} INFO - Started process (PID=32635) to work on /home/vscode/.local/lib/python3.10/site-packages/airflow/example_dags/example_sensor_decorator.py
[2025-08-15T15:22:53.189+0000] {processor.py:826} INFO - Processing file /home/vscode/.local/lib/python3.10/site-packages/airflow/example_dags/example_sensor_decorator.py for tasks to queue
[2025-08-15T15:22:53.190+0000] {logging_mixin.py:150} INFO - [2025-08-15T15:22:53.190+0000] {dagbag.py:541} INFO - Filling up the DagBag from /home/vscode/.local/lib/python3.10/site-packages/airflow/example_dags/example_sensor_decorator.py
[2025-08-15T15:22:53.195+0000] {processor.py:836} INFO - DAG(s) dict_keys(['example_sensor_decorator']) retrieved from /home/vscode/.local/lib/python3.10/site-packages/airflow/example_dags/example_sensor_decorator.py
[2025-08-15T15:22:53.207+0000] {logging_mixin.py:150} INFO - [2025-08-15T15:22:53.207+0000] {dag.py:2742} INFO - Sync 1 DAGs
[2025-08-15T15:22:53.222+0000] {logging_mixin.py:150} INFO - [2025-08-15T15:22:53.222+0000] {dag.py:3504} INFO - Setting next_dagrun for example_sensor_decorator to None, run_after=None
[2025-08-15T15:22:53.238+0000] {processor.py:179} INFO - Processing /home/vscode/.local/lib/python3.10/site-packages/airflow/example_dags/example_sensor_decorator.py took 0.052 seconds
[2025-08-15T15:23:42.484+0000] {processor.py:157} INFO - Started process (PID=33219) to work on /home/vscode/.local/lib/python3.10/site-packages/airflow/example_dags/example_sensor_decorator.py
[2025-08-15T15:23:42.485+0000] {processor.py:826} INFO - Processing file /home/vscode/.local/lib/python3.10/site-packages/airflow/example_dags/example_sensor_decorator.py for tasks to queue
[2025-08-15T15:23:42.486+0000] {logging_mixin.py:150} INFO - [2025-08-15T15:23:42.485+0000] {dagbag.py:541} INFO - Filling up the DagBag from /home/vscode/.local/lib/python3.10/site-packages/airflow/example_dags/example_sensor_decorator.py
[2025-08-15T15:23:42.490+0000] {processor.py:836} INFO - DAG(s) dict_keys(['example_sensor_decorator']) retrieved from /home/vscode/.local/lib/python3.10/site-packages/airflow/example_dags/example_sensor_decorator.py
[2025-08-15T15:23:42.502+0000] {logging_mixin.py:150} INFO - [2025-08-15T15:23:42.502+0000] {dag.py:2742} INFO - Sync 1 DAGs
[2025-08-15T15:23:42.520+0000] {logging_mixin.py:150} INFO - [2025-08-15T15:23:42.520+0000] {dag.py:3504} INFO - Setting next_dagrun for example_sensor_decorator to None, run_after=None
[2025-08-15T15:23:42.544+0000] {processor.py:179} INFO - Processing /home/vscode/.local/lib/python3.10/site-packages/airflow/example_dags/example_sensor_decorator.py took 0.061 seconds
[2025-08-15T15:24:24.518+0000] {processor.py:157} INFO - Started process (PID=33698) to work on /home/vscode/.local/lib/python3.10/site-packages/airflow/example_dags/example_sensor_decorator.py
[2025-08-15T15:24:24.519+0000] {processor.py:826} INFO - Processing file /home/vscode/.local/lib/python3.10/site-packages/airflow/example_dags/example_sensor_decorator.py for tasks to queue
[2025-08-15T15:24:24.520+0000] {logging_mixin.py:150} INFO - [2025-08-15T15:24:24.519+0000] {dagbag.py:541} INFO - Filling up the DagBag from /home/vscode/.local/lib/python3.10/site-packages/airflow/example_dags/example_sensor_decorator.py
[2025-08-15T15:24:24.524+0000] {processor.py:836} INFO - DAG(s) dict_keys(['example_sensor_decorator']) retrieved from /home/vscode/.local/lib/python3.10/site-packages/airflow/example_dags/example_sensor_decorator.py
[2025-08-15T15:24:24.537+0000] {logging_mixin.py:150} INFO - [2025-08-15T15:24:24.537+0000] {dag.py:2742} INFO - Sync 1 DAGs
[2025-08-15T15:24:24.552+0000] {logging_mixin.py:150} INFO - [2025-08-15T15:24:24.552+0000] {dag.py:3504} INFO - Setting next_dagrun for example_sensor_decorator to None, run_after=None
[2025-08-15T15:24:24.568+0000] {processor.py:179} INFO - Processing /home/vscode/.local/lib/python3.10/site-packages/airflow/example_dags/example_sensor_decorator.py took 0.053 seconds
[2025-08-15T15:25:09.325+0000] {processor.py:157} INFO - Started process (PID=34166) to work on /home/vscode/.local/lib/python3.10/site-packages/airflow/example_dags/example_sensor_decorator.py
[2025-08-15T15:25:09.326+0000] {processor.py:826} INFO - Processing file /home/vscode/.local/lib/python3.10/site-packages/airflow/example_dags/example_sensor_decorator.py for tasks to queue
[2025-08-15T15:25:09.327+0000] {logging_mixin.py:150} INFO - [2025-08-15T15:25:09.327+0000] {dagbag.py:541} INFO - Filling up the DagBag from /home/vscode/.local/lib/python3.10/site-packages/airflow/example_dags/example_sensor_decorator.py
[2025-08-15T15:25:09.331+0000] {processor.py:836} INFO - DAG(s) dict_keys(['example_sensor_decorator']) retrieved from /home/vscode/.local/lib/python3.10/site-packages/airflow/example_dags/example_sensor_decorator.py
[2025-08-15T15:25:09.343+0000] {logging_mixin.py:150} INFO - [2025-08-15T15:25:09.343+0000] {dag.py:2742} INFO - Sync 1 DAGs
[2025-08-15T15:25:09.358+0000] {logging_mixin.py:150} INFO - [2025-08-15T15:25:09.358+0000] {dag.py:3504} INFO - Setting next_dagrun for example_sensor_decorator to None, run_after=None
[2025-08-15T15:25:09.374+0000] {processor.py:179} INFO - Processing /home/vscode/.local/lib/python3.10/site-packages/airflow/example_dags/example_sensor_decorator.py took 0.051 seconds
[2025-08-15T15:25:55.834+0000] {processor.py:157} INFO - Started process (PID=34527) to work on /home/vscode/.local/lib/python3.10/site-packages/airflow/example_dags/example_sensor_decorator.py
[2025-08-15T15:25:55.835+0000] {processor.py:826} INFO - Processing file /home/vscode/.local/lib/python3.10/site-packages/airflow/example_dags/example_sensor_decorator.py for tasks to queue
[2025-08-15T15:25:55.836+0000] {logging_mixin.py:150} INFO - [2025-08-15T15:25:55.835+0000] {dagbag.py:541} INFO - Filling up the DagBag from /home/vscode/.local/lib/python3.10/site-packages/airflow/example_dags/example_sensor_decorator.py
[2025-08-15T15:25:55.840+0000] {processor.py:836} INFO - DAG(s) dict_keys(['example_sensor_decorator']) retrieved from /home/vscode/.local/lib/python3.10/site-packages/airflow/example_dags/example_sensor_decorator.py
[2025-08-15T15:25:55.852+0000] {logging_mixin.py:150} INFO - [2025-08-15T15:25:55.852+0000] {dag.py:2742} INFO - Sync 1 DAGs
[2025-08-15T15:25:55.866+0000] {logging_mixin.py:150} INFO - [2025-08-15T15:25:55.866+0000] {dag.py:3504} INFO - Setting next_dagrun for example_sensor_decorator to None, run_after=None
[2025-08-15T15:25:55.883+0000] {processor.py:179} INFO - Processing /home/vscode/.local/lib/python3.10/site-packages/airflow/example_dags/example_sensor_decorator.py took 0.051 seconds
[2025-08-15T15:26:40.945+0000] {processor.py:157} INFO - Started process (PID=34928) to work on /home/vscode/.local/lib/python3.10/site-packages/airflow/example_dags/example_sensor_decorator.py
[2025-08-15T15:26:40.945+0000] {processor.py:826} INFO - Processing file /home/vscode/.local/lib/python3.10/site-packages/airflow/example_dags/example_sensor_decorator.py for tasks to queue
[2025-08-15T15:26:40.946+0000] {logging_mixin.py:150} INFO - [2025-08-15T15:26:40.946+0000] {dagbag.py:541} INFO - Filling up the DagBag from /home/vscode/.local/lib/python3.10/site-packages/airflow/example_dags/example_sensor_decorator.py
[2025-08-15T15:26:40.951+0000] {processor.py:836} INFO - DAG(s) dict_keys(['example_sensor_decorator']) retrieved from /home/vscode/.local/lib/python3.10/site-packages/airflow/example_dags/example_sensor_decorator.py
[2025-08-15T15:26:40.963+0000] {logging_mixin.py:150} INFO - [2025-08-15T15:26:40.962+0000] {dag.py:2742} INFO - Sync 1 DAGs
[2025-08-15T15:26:40.978+0000] {logging_mixin.py:150} INFO - [2025-08-15T15:26:40.978+0000] {dag.py:3504} INFO - Setting next_dagrun for example_sensor_decorator to None, run_after=None
[2025-08-15T15:26:40.994+0000] {processor.py:179} INFO - Processing /home/vscode/.local/lib/python3.10/site-packages/airflow/example_dags/example_sensor_decorator.py took 0.052 seconds
