[2025-08-15T15:14:35.231+0000] {processor.py:157} INFO - Started process (PID=27124) to work on /home/vscode/.local/lib/python3.10/site-packages/airflow/example_dags/example_skip_dag.py
[2025-08-15T15:14:35.232+0000] {processor.py:826} INFO - Processing file /home/vscode/.local/lib/python3.10/site-packages/airflow/example_dags/example_skip_dag.py for tasks to queue
[2025-08-15T15:14:35.233+0000] {logging_mixin.py:150} INFO - [2025-08-15T15:14:35.232+0000] {dagbag.py:541} INFO - Filling up the DagBag from /home/vscode/.local/lib/python3.10/site-packages/airflow/example_dags/example_skip_dag.py
[2025-08-15T15:14:35.242+0000] {processor.py:836} INFO - DAG(s) dict_keys(['example_skip_dag']) retrieved from /home/vscode/.local/lib/python3.10/site-packages/airflow/example_dags/example_skip_dag.py
[2025-08-15T15:14:35.453+0000] {logging_mixin.py:150} INFO - [2025-08-15T15:14:35.452+0000] {manager.py:504} INFO - Created Permission View: can read on DAG:example_skip_dag
[2025-08-15T15:14:35.471+0000] {logging_mixin.py:150} INFO - [2025-08-15T15:14:35.470+0000] {manager.py:504} INFO - Created Permission View: can delete on DAG:example_skip_dag
[2025-08-15T15:14:35.485+0000] {logging_mixin.py:150} INFO - [2025-08-15T15:14:35.485+0000] {manager.py:504} INFO - Created Permission View: can edit on DAG:example_skip_dag
[2025-08-15T15:14:35.508+0000] {logging_mixin.py:150} INFO - [2025-08-15T15:14:35.507+0000] {dag.py:2742} INFO - Sync 1 DAGs
[2025-08-15T15:14:35.526+0000] {logging_mixin.py:150} INFO - [2025-08-15T15:14:35.526+0000] {dag.py:2763} INFO - Creating ORM DAG for example_skip_dag
[2025-08-15T15:14:35.543+0000] {logging_mixin.py:150} INFO - [2025-08-15T15:14:35.543+0000] {dag.py:3504} INFO - Setting next_dagrun for example_skip_dag to 2025-08-14T15:14:35.542120+00:00, run_after=2025-08-15T15:14:35.542120+00:00
[2025-08-15T15:14:35.579+0000] {processor.py:179} INFO - Processing /home/vscode/.local/lib/python3.10/site-packages/airflow/example_dags/example_skip_dag.py took 0.352 seconds
[2025-08-15T15:15:25.013+0000] {processor.py:157} INFO - Started process (PID=27611) to work on /home/vscode/.local/lib/python3.10/site-packages/airflow/example_dags/example_skip_dag.py
[2025-08-15T15:15:25.013+0000] {processor.py:826} INFO - Processing file /home/vscode/.local/lib/python3.10/site-packages/airflow/example_dags/example_skip_dag.py for tasks to queue
[2025-08-15T15:15:25.014+0000] {logging_mixin.py:150} INFO - [2025-08-15T15:15:25.014+0000] {dagbag.py:541} INFO - Filling up the DagBag from /home/vscode/.local/lib/python3.10/site-packages/airflow/example_dags/example_skip_dag.py
[2025-08-15T15:15:25.020+0000] {processor.py:836} INFO - DAG(s) dict_keys(['example_skip_dag']) retrieved from /home/vscode/.local/lib/python3.10/site-packages/airflow/example_dags/example_skip_dag.py
[2025-08-15T15:15:25.033+0000] {logging_mixin.py:150} INFO - [2025-08-15T15:15:25.033+0000] {dag.py:2742} INFO - Sync 1 DAGs
[2025-08-15T15:15:25.048+0000] {logging_mixin.py:150} INFO - [2025-08-15T15:15:25.048+0000] {dag.py:3504} INFO - Setting next_dagrun for example_skip_dag to 2025-08-14T15:15:25.048488+00:00, run_after=2025-08-15T15:15:25.048488+00:00
[2025-08-15T15:15:25.065+0000] {processor.py:179} INFO - Processing /home/vscode/.local/lib/python3.10/site-packages/airflow/example_dags/example_skip_dag.py took 0.055 seconds
[2025-08-15T15:16:12.131+0000] {processor.py:157} INFO - Started process (PID=28105) to work on /home/vscode/.local/lib/python3.10/site-packages/airflow/example_dags/example_skip_dag.py
[2025-08-15T15:16:12.132+0000] {processor.py:826} INFO - Processing file /home/vscode/.local/lib/python3.10/site-packages/airflow/example_dags/example_skip_dag.py for tasks to queue
[2025-08-15T15:16:12.133+0000] {logging_mixin.py:150} INFO - [2025-08-15T15:16:12.132+0000] {dagbag.py:541} INFO - Filling up the DagBag from /home/vscode/.local/lib/python3.10/site-packages/airflow/example_dags/example_skip_dag.py
[2025-08-15T15:16:12.139+0000] {processor.py:836} INFO - DAG(s) dict_keys(['example_skip_dag']) retrieved from /home/vscode/.local/lib/python3.10/site-packages/airflow/example_dags/example_skip_dag.py
[2025-08-15T15:16:12.152+0000] {logging_mixin.py:150} INFO - [2025-08-15T15:16:12.152+0000] {dag.py:2742} INFO - Sync 1 DAGs
[2025-08-15T15:16:12.167+0000] {logging_mixin.py:150} INFO - [2025-08-15T15:16:12.167+0000] {dag.py:3504} INFO - Setting next_dagrun for example_skip_dag to 2025-08-14T15:16:12.167123+00:00, run_after=2025-08-15T15:16:12.167123+00:00
[2025-08-15T15:16:12.183+0000] {processor.py:179} INFO - Processing /home/vscode/.local/lib/python3.10/site-packages/airflow/example_dags/example_skip_dag.py took 0.054 seconds
[2025-08-15T15:16:59.646+0000] {processor.py:157} INFO - Started process (PID=28691) to work on /home/vscode/.local/lib/python3.10/site-packages/airflow/example_dags/example_skip_dag.py
[2025-08-15T15:16:59.647+0000] {processor.py:826} INFO - Processing file /home/vscode/.local/lib/python3.10/site-packages/airflow/example_dags/example_skip_dag.py for tasks to queue
[2025-08-15T15:16:59.648+0000] {logging_mixin.py:150} INFO - [2025-08-15T15:16:59.648+0000] {dagbag.py:541} INFO - Filling up the DagBag from /home/vscode/.local/lib/python3.10/site-packages/airflow/example_dags/example_skip_dag.py
[2025-08-15T15:16:59.657+0000] {processor.py:836} INFO - DAG(s) dict_keys(['example_skip_dag']) retrieved from /home/vscode/.local/lib/python3.10/site-packages/airflow/example_dags/example_skip_dag.py
[2025-08-15T15:16:59.669+0000] {logging_mixin.py:150} INFO - [2025-08-15T15:16:59.669+0000] {dag.py:2742} INFO - Sync 1 DAGs
[2025-08-15T15:16:59.683+0000] {logging_mixin.py:150} INFO - [2025-08-15T15:16:59.683+0000] {dag.py:3504} INFO - Setting next_dagrun for example_skip_dag to 2025-08-14T15:16:59.683542+00:00, run_after=2025-08-15T15:16:59.683542+00:00
[2025-08-15T15:16:59.699+0000] {processor.py:179} INFO - Processing /home/vscode/.local/lib/python3.10/site-packages/airflow/example_dags/example_skip_dag.py took 0.055 seconds
[2025-08-15T15:17:46.925+0000] {processor.py:157} INFO - Started process (PID=29109) to work on /home/vscode/.local/lib/python3.10/site-packages/airflow/example_dags/example_skip_dag.py
[2025-08-15T15:17:46.925+0000] {processor.py:826} INFO - Processing file /home/vscode/.local/lib/python3.10/site-packages/airflow/example_dags/example_skip_dag.py for tasks to queue
[2025-08-15T15:17:46.926+0000] {logging_mixin.py:150} INFO - [2025-08-15T15:17:46.926+0000] {dagbag.py:541} INFO - Filling up the DagBag from /home/vscode/.local/lib/python3.10/site-packages/airflow/example_dags/example_skip_dag.py
[2025-08-15T15:17:46.932+0000] {processor.py:836} INFO - DAG(s) dict_keys(['example_skip_dag']) retrieved from /home/vscode/.local/lib/python3.10/site-packages/airflow/example_dags/example_skip_dag.py
[2025-08-15T15:17:46.946+0000] {logging_mixin.py:150} INFO - [2025-08-15T15:17:46.946+0000] {dag.py:2742} INFO - Sync 1 DAGs
[2025-08-15T15:17:46.960+0000] {logging_mixin.py:150} INFO - [2025-08-15T15:17:46.960+0000] {dag.py:3504} INFO - Setting next_dagrun for example_skip_dag to 2025-08-14T15:17:46.960475+00:00, run_after=2025-08-15T15:17:46.960475+00:00
[2025-08-15T15:17:46.976+0000] {processor.py:179} INFO - Processing /home/vscode/.local/lib/python3.10/site-packages/airflow/example_dags/example_skip_dag.py took 0.054 seconds
[2025-08-15T15:18:34.236+0000] {processor.py:157} INFO - Started process (PID=29439) to work on /home/vscode/.local/lib/python3.10/site-packages/airflow/example_dags/example_skip_dag.py
[2025-08-15T15:18:34.236+0000] {processor.py:826} INFO - Processing file /home/vscode/.local/lib/python3.10/site-packages/airflow/example_dags/example_skip_dag.py for tasks to queue
[2025-08-15T15:18:34.237+0000] {logging_mixin.py:150} INFO - [2025-08-15T15:18:34.237+0000] {dagbag.py:541} INFO - Filling up the DagBag from /home/vscode/.local/lib/python3.10/site-packages/airflow/example_dags/example_skip_dag.py
[2025-08-15T15:18:34.242+0000] {processor.py:836} INFO - DAG(s) dict_keys(['example_skip_dag']) retrieved from /home/vscode/.local/lib/python3.10/site-packages/airflow/example_dags/example_skip_dag.py
[2025-08-15T15:18:34.255+0000] {logging_mixin.py:150} INFO - [2025-08-15T15:18:34.255+0000] {dag.py:2742} INFO - Sync 1 DAGs
[2025-08-15T15:18:34.270+0000] {logging_mixin.py:150} INFO - [2025-08-15T15:18:34.270+0000] {dag.py:3504} INFO - Setting next_dagrun for example_skip_dag to 2025-08-14T15:18:34.269945+00:00, run_after=2025-08-15T15:18:34.269945+00:00
[2025-08-15T15:18:34.286+0000] {processor.py:179} INFO - Processing /home/vscode/.local/lib/python3.10/site-packages/airflow/example_dags/example_skip_dag.py took 0.053 seconds
[2025-08-15T15:19:16.249+0000] {processor.py:157} INFO - Started process (PID=29724) to work on /home/vscode/.local/lib/python3.10/site-packages/airflow/example_dags/example_skip_dag.py
[2025-08-15T15:19:16.250+0000] {processor.py:826} INFO - Processing file /home/vscode/.local/lib/python3.10/site-packages/airflow/example_dags/example_skip_dag.py for tasks to queue
[2025-08-15T15:19:16.250+0000] {logging_mixin.py:150} INFO - [2025-08-15T15:19:16.250+0000] {dagbag.py:541} INFO - Filling up the DagBag from /home/vscode/.local/lib/python3.10/site-packages/airflow/example_dags/example_skip_dag.py
[2025-08-15T15:19:16.256+0000] {processor.py:836} INFO - DAG(s) dict_keys(['example_skip_dag']) retrieved from /home/vscode/.local/lib/python3.10/site-packages/airflow/example_dags/example_skip_dag.py
[2025-08-15T15:19:16.273+0000] {logging_mixin.py:150} INFO - [2025-08-15T15:19:16.273+0000] {dag.py:2742} INFO - Sync 1 DAGs
[2025-08-15T15:19:16.287+0000] {logging_mixin.py:150} INFO - [2025-08-15T15:19:16.287+0000] {dag.py:3504} INFO - Setting next_dagrun for example_skip_dag to 2025-08-14T15:19:16.287259+00:00, run_after=2025-08-15T15:19:16.287259+00:00
[2025-08-15T15:19:16.303+0000] {processor.py:179} INFO - Processing /home/vscode/.local/lib/python3.10/site-packages/airflow/example_dags/example_skip_dag.py took 0.056 seconds
[2025-08-15T15:20:01.537+0000] {processor.py:157} INFO - Started process (PID=30489) to work on /home/vscode/.local/lib/python3.10/site-packages/airflow/example_dags/example_skip_dag.py
[2025-08-15T15:20:01.541+0000] {processor.py:826} INFO - Processing file /home/vscode/.local/lib/python3.10/site-packages/airflow/example_dags/example_skip_dag.py for tasks to queue
[2025-08-15T15:20:01.542+0000] {logging_mixin.py:150} INFO - [2025-08-15T15:20:01.542+0000] {dagbag.py:541} INFO - Filling up the DagBag from /home/vscode/.local/lib/python3.10/site-packages/airflow/example_dags/example_skip_dag.py
[2025-08-15T15:20:01.553+0000] {processor.py:836} INFO - DAG(s) dict_keys(['example_skip_dag']) retrieved from /home/vscode/.local/lib/python3.10/site-packages/airflow/example_dags/example_skip_dag.py
[2025-08-15T15:20:01.574+0000] {logging_mixin.py:150} INFO - [2025-08-15T15:20:01.573+0000] {dag.py:2742} INFO - Sync 1 DAGs
[2025-08-15T15:20:01.598+0000] {logging_mixin.py:150} INFO - [2025-08-15T15:20:01.598+0000] {dag.py:3504} INFO - Setting next_dagrun for example_skip_dag to 2025-08-14T15:20:01.598192+00:00, run_after=2025-08-15T15:20:01.598192+00:00
[2025-08-15T15:20:01.727+0000] {processor.py:179} INFO - Processing /home/vscode/.local/lib/python3.10/site-packages/airflow/example_dags/example_skip_dag.py took 0.194 seconds
[2025-08-15T15:20:42.664+0000] {processor.py:157} INFO - Started process (PID=31547) to work on /home/vscode/.local/lib/python3.10/site-packages/airflow/example_dags/example_skip_dag.py
[2025-08-15T15:20:42.665+0000] {processor.py:826} INFO - Processing file /home/vscode/.local/lib/python3.10/site-packages/airflow/example_dags/example_skip_dag.py for tasks to queue
[2025-08-15T15:20:42.665+0000] {logging_mixin.py:150} INFO - [2025-08-15T15:20:42.665+0000] {dagbag.py:541} INFO - Filling up the DagBag from /home/vscode/.local/lib/python3.10/site-packages/airflow/example_dags/example_skip_dag.py
[2025-08-15T15:20:42.671+0000] {processor.py:836} INFO - DAG(s) dict_keys(['example_skip_dag']) retrieved from /home/vscode/.local/lib/python3.10/site-packages/airflow/example_dags/example_skip_dag.py
[2025-08-15T15:20:42.683+0000] {logging_mixin.py:150} INFO - [2025-08-15T15:20:42.683+0000] {dag.py:2742} INFO - Sync 1 DAGs
[2025-08-15T15:20:42.698+0000] {logging_mixin.py:150} INFO - [2025-08-15T15:20:42.698+0000] {dag.py:3504} INFO - Setting next_dagrun for example_skip_dag to 2025-08-14T15:20:42.697856+00:00, run_after=2025-08-15T15:20:42.697856+00:00
[2025-08-15T15:20:42.713+0000] {processor.py:179} INFO - Processing /home/vscode/.local/lib/python3.10/site-packages/airflow/example_dags/example_skip_dag.py took 0.051 seconds
[2025-08-15T15:21:27.813+0000] {processor.py:157} INFO - Started process (PID=31887) to work on /home/vscode/.local/lib/python3.10/site-packages/airflow/example_dags/example_skip_dag.py
[2025-08-15T15:21:27.814+0000] {processor.py:826} INFO - Processing file /home/vscode/.local/lib/python3.10/site-packages/airflow/example_dags/example_skip_dag.py for tasks to queue
[2025-08-15T15:21:27.815+0000] {logging_mixin.py:150} INFO - [2025-08-15T15:21:27.814+0000] {dagbag.py:541} INFO - Filling up the DagBag from /home/vscode/.local/lib/python3.10/site-packages/airflow/example_dags/example_skip_dag.py
[2025-08-15T15:21:27.820+0000] {processor.py:836} INFO - DAG(s) dict_keys(['example_skip_dag']) retrieved from /home/vscode/.local/lib/python3.10/site-packages/airflow/example_dags/example_skip_dag.py
[2025-08-15T15:21:27.833+0000] {logging_mixin.py:150} INFO - [2025-08-15T15:21:27.833+0000] {dag.py:2742} INFO - Sync 1 DAGs
[2025-08-15T15:21:27.848+0000] {logging_mixin.py:150} INFO - [2025-08-15T15:21:27.848+0000] {dag.py:3504} INFO - Setting next_dagrun for example_skip_dag to 2025-08-14T15:21:27.848109+00:00, run_after=2025-08-15T15:21:27.848109+00:00
[2025-08-15T15:21:27.864+0000] {processor.py:179} INFO - Processing /home/vscode/.local/lib/python3.10/site-packages/airflow/example_dags/example_skip_dag.py took 0.053 seconds
[2025-08-15T15:22:19.498+0000] {processor.py:157} INFO - Started process (PID=32321) to work on /home/vscode/.local/lib/python3.10/site-packages/airflow/example_dags/example_skip_dag.py
[2025-08-15T15:22:19.499+0000] {processor.py:826} INFO - Processing file /home/vscode/.local/lib/python3.10/site-packages/airflow/example_dags/example_skip_dag.py for tasks to queue
[2025-08-15T15:22:19.500+0000] {logging_mixin.py:150} INFO - [2025-08-15T15:22:19.500+0000] {dagbag.py:541} INFO - Filling up the DagBag from /home/vscode/.local/lib/python3.10/site-packages/airflow/example_dags/example_skip_dag.py
[2025-08-15T15:22:19.507+0000] {processor.py:836} INFO - DAG(s) dict_keys(['example_skip_dag']) retrieved from /home/vscode/.local/lib/python3.10/site-packages/airflow/example_dags/example_skip_dag.py
[2025-08-15T15:22:19.519+0000] {logging_mixin.py:150} INFO - [2025-08-15T15:22:19.519+0000] {dag.py:2742} INFO - Sync 1 DAGs
[2025-08-15T15:22:19.535+0000] {logging_mixin.py:150} INFO - [2025-08-15T15:22:19.535+0000] {dag.py:3504} INFO - Setting next_dagrun for example_skip_dag to 2025-08-14T15:22:19.534978+00:00, run_after=2025-08-15T15:22:19.534978+00:00
[2025-08-15T15:22:19.552+0000] {processor.py:179} INFO - Processing /home/vscode/.local/lib/python3.10/site-packages/airflow/example_dags/example_skip_dag.py took 0.055 seconds
[2025-08-15T15:23:06.335+0000] {processor.py:157} INFO - Started process (PID=32801) to work on /home/vscode/.local/lib/python3.10/site-packages/airflow/example_dags/example_skip_dag.py
[2025-08-15T15:23:06.336+0000] {processor.py:826} INFO - Processing file /home/vscode/.local/lib/python3.10/site-packages/airflow/example_dags/example_skip_dag.py for tasks to queue
[2025-08-15T15:23:06.337+0000] {logging_mixin.py:150} INFO - [2025-08-15T15:23:06.336+0000] {dagbag.py:541} INFO - Filling up the DagBag from /home/vscode/.local/lib/python3.10/site-packages/airflow/example_dags/example_skip_dag.py
[2025-08-15T15:23:06.343+0000] {processor.py:836} INFO - DAG(s) dict_keys(['example_skip_dag']) retrieved from /home/vscode/.local/lib/python3.10/site-packages/airflow/example_dags/example_skip_dag.py
[2025-08-15T15:23:06.356+0000] {logging_mixin.py:150} INFO - [2025-08-15T15:23:06.356+0000] {dag.py:2742} INFO - Sync 1 DAGs
[2025-08-15T15:23:06.372+0000] {logging_mixin.py:150} INFO - [2025-08-15T15:23:06.372+0000] {dag.py:3504} INFO - Setting next_dagrun for example_skip_dag to 2025-08-14T15:23:06.372093+00:00, run_after=2025-08-15T15:23:06.372093+00:00
[2025-08-15T15:23:06.389+0000] {processor.py:179} INFO - Processing /home/vscode/.local/lib/python3.10/site-packages/airflow/example_dags/example_skip_dag.py took 0.056 seconds
[2025-08-15T15:23:54.110+0000] {processor.py:157} INFO - Started process (PID=33328) to work on /home/vscode/.local/lib/python3.10/site-packages/airflow/example_dags/example_skip_dag.py
[2025-08-15T15:23:54.111+0000] {processor.py:826} INFO - Processing file /home/vscode/.local/lib/python3.10/site-packages/airflow/example_dags/example_skip_dag.py for tasks to queue
[2025-08-15T15:23:54.111+0000] {logging_mixin.py:150} INFO - [2025-08-15T15:23:54.111+0000] {dagbag.py:541} INFO - Filling up the DagBag from /home/vscode/.local/lib/python3.10/site-packages/airflow/example_dags/example_skip_dag.py
[2025-08-15T15:23:54.117+0000] {processor.py:836} INFO - DAG(s) dict_keys(['example_skip_dag']) retrieved from /home/vscode/.local/lib/python3.10/site-packages/airflow/example_dags/example_skip_dag.py
[2025-08-15T15:23:54.129+0000] {logging_mixin.py:150} INFO - [2025-08-15T15:23:54.129+0000] {dag.py:2742} INFO - Sync 1 DAGs
[2025-08-15T15:23:54.144+0000] {logging_mixin.py:150} INFO - [2025-08-15T15:23:54.144+0000] {dag.py:3504} INFO - Setting next_dagrun for example_skip_dag to 2025-08-14T15:23:54.144584+00:00, run_after=2025-08-15T15:23:54.144584+00:00
[2025-08-15T15:23:54.162+0000] {processor.py:179} INFO - Processing /home/vscode/.local/lib/python3.10/site-packages/airflow/example_dags/example_skip_dag.py took 0.054 seconds
[2025-08-15T15:24:37.343+0000] {processor.py:157} INFO - Started process (PID=33868) to work on /home/vscode/.local/lib/python3.10/site-packages/airflow/example_dags/example_skip_dag.py
[2025-08-15T15:24:37.344+0000] {processor.py:826} INFO - Processing file /home/vscode/.local/lib/python3.10/site-packages/airflow/example_dags/example_skip_dag.py for tasks to queue
[2025-08-15T15:24:37.345+0000] {logging_mixin.py:150} INFO - [2025-08-15T15:24:37.344+0000] {dagbag.py:541} INFO - Filling up the DagBag from /home/vscode/.local/lib/python3.10/site-packages/airflow/example_dags/example_skip_dag.py
[2025-08-15T15:24:37.350+0000] {processor.py:836} INFO - DAG(s) dict_keys(['example_skip_dag']) retrieved from /home/vscode/.local/lib/python3.10/site-packages/airflow/example_dags/example_skip_dag.py
[2025-08-15T15:24:37.364+0000] {logging_mixin.py:150} INFO - [2025-08-15T15:24:37.363+0000] {dag.py:2742} INFO - Sync 1 DAGs
[2025-08-15T15:24:37.379+0000] {logging_mixin.py:150} INFO - [2025-08-15T15:24:37.379+0000] {dag.py:3504} INFO - Setting next_dagrun for example_skip_dag to 2025-08-14T15:24:37.378966+00:00, run_after=2025-08-15T15:24:37.378966+00:00
[2025-08-15T15:24:37.396+0000] {processor.py:179} INFO - Processing /home/vscode/.local/lib/python3.10/site-packages/airflow/example_dags/example_skip_dag.py took 0.055 seconds
[2025-08-15T15:25:25.411+0000] {processor.py:157} INFO - Started process (PID=34266) to work on /home/vscode/.local/lib/python3.10/site-packages/airflow/example_dags/example_skip_dag.py
[2025-08-15T15:25:25.412+0000] {processor.py:826} INFO - Processing file /home/vscode/.local/lib/python3.10/site-packages/airflow/example_dags/example_skip_dag.py for tasks to queue
[2025-08-15T15:25:25.412+0000] {logging_mixin.py:150} INFO - [2025-08-15T15:25:25.412+0000] {dagbag.py:541} INFO - Filling up the DagBag from /home/vscode/.local/lib/python3.10/site-packages/airflow/example_dags/example_skip_dag.py
[2025-08-15T15:25:25.420+0000] {processor.py:836} INFO - DAG(s) dict_keys(['example_skip_dag']) retrieved from /home/vscode/.local/lib/python3.10/site-packages/airflow/example_dags/example_skip_dag.py
[2025-08-15T15:25:25.440+0000] {logging_mixin.py:150} INFO - [2025-08-15T15:25:25.440+0000] {dag.py:2742} INFO - Sync 1 DAGs
[2025-08-15T15:25:25.463+0000] {logging_mixin.py:150} INFO - [2025-08-15T15:25:25.463+0000] {dag.py:3504} INFO - Setting next_dagrun for example_skip_dag to 2025-08-14T15:25:25.463194+00:00, run_after=2025-08-15T15:25:25.463194+00:00
[2025-08-15T15:25:25.481+0000] {processor.py:179} INFO - Processing /home/vscode/.local/lib/python3.10/site-packages/airflow/example_dags/example_skip_dag.py took 0.073 seconds
[2025-08-15T15:26:11.248+0000] {processor.py:157} INFO - Started process (PID=34662) to work on /home/vscode/.local/lib/python3.10/site-packages/airflow/example_dags/example_skip_dag.py
[2025-08-15T15:26:11.249+0000] {processor.py:826} INFO - Processing file /home/vscode/.local/lib/python3.10/site-packages/airflow/example_dags/example_skip_dag.py for tasks to queue
[2025-08-15T15:26:11.250+0000] {logging_mixin.py:150} INFO - [2025-08-15T15:26:11.249+0000] {dagbag.py:541} INFO - Filling up the DagBag from /home/vscode/.local/lib/python3.10/site-packages/airflow/example_dags/example_skip_dag.py
[2025-08-15T15:26:11.255+0000] {processor.py:836} INFO - DAG(s) dict_keys(['example_skip_dag']) retrieved from /home/vscode/.local/lib/python3.10/site-packages/airflow/example_dags/example_skip_dag.py
[2025-08-15T15:26:11.268+0000] {logging_mixin.py:150} INFO - [2025-08-15T15:26:11.267+0000] {dag.py:2742} INFO - Sync 1 DAGs
[2025-08-15T15:26:11.283+0000] {logging_mixin.py:150} INFO - [2025-08-15T15:26:11.282+0000] {dag.py:3504} INFO - Setting next_dagrun for example_skip_dag to 2025-08-14T15:26:11.282727+00:00, run_after=2025-08-15T15:26:11.282727+00:00
[2025-08-15T15:26:11.299+0000] {processor.py:179} INFO - Processing /home/vscode/.local/lib/python3.10/site-packages/airflow/example_dags/example_skip_dag.py took 0.053 seconds
[2025-08-15T15:26:59.777+0000] {processor.py:157} INFO - Started process (PID=35076) to work on /home/vscode/.local/lib/python3.10/site-packages/airflow/example_dags/example_skip_dag.py
[2025-08-15T15:26:59.778+0000] {processor.py:826} INFO - Processing file /home/vscode/.local/lib/python3.10/site-packages/airflow/example_dags/example_skip_dag.py for tasks to queue
[2025-08-15T15:26:59.778+0000] {logging_mixin.py:150} INFO - [2025-08-15T15:26:59.778+0000] {dagbag.py:541} INFO - Filling up the DagBag from /home/vscode/.local/lib/python3.10/site-packages/airflow/example_dags/example_skip_dag.py
[2025-08-15T15:26:59.784+0000] {processor.py:836} INFO - DAG(s) dict_keys(['example_skip_dag']) retrieved from /home/vscode/.local/lib/python3.10/site-packages/airflow/example_dags/example_skip_dag.py
[2025-08-15T15:26:59.796+0000] {logging_mixin.py:150} INFO - [2025-08-15T15:26:59.796+0000] {dag.py:2742} INFO - Sync 1 DAGs
[2025-08-15T15:26:59.810+0000] {logging_mixin.py:150} INFO - [2025-08-15T15:26:59.810+0000] {dag.py:3504} INFO - Setting next_dagrun for example_skip_dag to 2025-08-14T15:26:59.810213+00:00, run_after=2025-08-15T15:26:59.810213+00:00
[2025-08-15T15:26:59.826+0000] {processor.py:179} INFO - Processing /home/vscode/.local/lib/python3.10/site-packages/airflow/example_dags/example_skip_dag.py took 0.051 seconds
