[2025-08-15T15:14:39.206+0000] {processor.py:157} INFO - Started process (PID=27175) to work on /home/vscode/.local/lib/python3.10/site-packages/airflow/example_dags/example_setup_teardown.py
[2025-08-15T15:14:39.207+0000] {processor.py:826} INFO - Processing file /home/vscode/.local/lib/python3.10/site-packages/airflow/example_dags/example_setup_teardown.py for tasks to queue
[2025-08-15T15:14:39.208+0000] {logging_mixin.py:150} INFO - [2025-08-15T15:14:39.207+0000] {dagbag.py:541} INFO - Filling up the DagBag from /home/vscode/.local/lib/python3.10/site-packages/airflow/example_dags/example_setup_teardown.py
[2025-08-15T15:14:39.209+0000] {processor.py:838} WARNING - No viable dags retrieved from /home/vscode/.local/lib/python3.10/site-packages/airflow/example_dags/example_setup_teardown.py
[2025-08-15T15:14:39.217+0000] {processor.py:179} INFO - Processing /home/vscode/.local/lib/python3.10/site-packages/airflow/example_dags/example_setup_teardown.py took 0.013 seconds
[2025-08-15T15:15:28.239+0000] {processor.py:157} INFO - Started process (PID=27629) to work on /home/vscode/.local/lib/python3.10/site-packages/airflow/example_dags/example_setup_teardown.py
[2025-08-15T15:15:28.239+0000] {processor.py:826} INFO - Processing file /home/vscode/.local/lib/python3.10/site-packages/airflow/example_dags/example_setup_teardown.py for tasks to queue
[2025-08-15T15:15:28.240+0000] {logging_mixin.py:150} INFO - [2025-08-15T15:15:28.240+0000] {dagbag.py:541} INFO - Filling up the DagBag from /home/vscode/.local/lib/python3.10/site-packages/airflow/example_dags/example_setup_teardown.py
[2025-08-15T15:15:28.243+0000] {processor.py:838} WARNING - No viable dags retrieved from /home/vscode/.local/lib/python3.10/site-packages/airflow/example_dags/example_setup_teardown.py
[2025-08-15T15:15:28.255+0000] {processor.py:179} INFO - Processing /home/vscode/.local/lib/python3.10/site-packages/airflow/example_dags/example_setup_teardown.py took 0.019 seconds
[2025-08-15T15:16:13.581+0000] {processor.py:157} INFO - Started process (PID=28113) to work on /home/vscode/.local/lib/python3.10/site-packages/airflow/example_dags/example_setup_teardown.py
[2025-08-15T15:16:13.582+0000] {processor.py:826} INFO - Processing file /home/vscode/.local/lib/python3.10/site-packages/airflow/example_dags/example_setup_teardown.py for tasks to queue
[2025-08-15T15:16:13.583+0000] {logging_mixin.py:150} INFO - [2025-08-15T15:16:13.582+0000] {dagbag.py:541} INFO - Filling up the DagBag from /home/vscode/.local/lib/python3.10/site-packages/airflow/example_dags/example_setup_teardown.py
[2025-08-15T15:16:13.584+0000] {processor.py:838} WARNING - No viable dags retrieved from /home/vscode/.local/lib/python3.10/site-packages/airflow/example_dags/example_setup_teardown.py
[2025-08-15T15:16:13.592+0000] {processor.py:179} INFO - Processing /home/vscode/.local/lib/python3.10/site-packages/airflow/example_dags/example_setup_teardown.py took 0.013 seconds
[2025-08-15T15:17:02.412+0000] {processor.py:157} INFO - Started process (PID=28721) to work on /home/vscode/.local/lib/python3.10/site-packages/airflow/example_dags/example_setup_teardown.py
[2025-08-15T15:17:02.413+0000] {processor.py:826} INFO - Processing file /home/vscode/.local/lib/python3.10/site-packages/airflow/example_dags/example_setup_teardown.py for tasks to queue
[2025-08-15T15:17:02.414+0000] {logging_mixin.py:150} INFO - [2025-08-15T15:17:02.413+0000] {dagbag.py:541} INFO - Filling up the DagBag from /home/vscode/.local/lib/python3.10/site-packages/airflow/example_dags/example_setup_teardown.py
[2025-08-15T15:17:02.415+0000] {processor.py:838} WARNING - No viable dags retrieved from /home/vscode/.local/lib/python3.10/site-packages/airflow/example_dags/example_setup_teardown.py
[2025-08-15T15:17:02.423+0000] {processor.py:179} INFO - Processing /home/vscode/.local/lib/python3.10/site-packages/airflow/example_dags/example_setup_teardown.py took 0.012 seconds
[2025-08-15T15:17:49.707+0000] {processor.py:157} INFO - Started process (PID=29137) to work on /home/vscode/.local/lib/python3.10/site-packages/airflow/example_dags/example_setup_teardown.py
[2025-08-15T15:17:49.708+0000] {processor.py:826} INFO - Processing file /home/vscode/.local/lib/python3.10/site-packages/airflow/example_dags/example_setup_teardown.py for tasks to queue
[2025-08-15T15:17:49.709+0000] {logging_mixin.py:150} INFO - [2025-08-15T15:17:49.708+0000] {dagbag.py:541} INFO - Filling up the DagBag from /home/vscode/.local/lib/python3.10/site-packages/airflow/example_dags/example_setup_teardown.py
[2025-08-15T15:17:49.710+0000] {processor.py:838} WARNING - No viable dags retrieved from /home/vscode/.local/lib/python3.10/site-packages/airflow/example_dags/example_setup_teardown.py
[2025-08-15T15:17:49.718+0000] {processor.py:179} INFO - Processing /home/vscode/.local/lib/python3.10/site-packages/airflow/example_dags/example_setup_teardown.py took 0.014 seconds
[2025-08-15T15:18:37.107+0000] {processor.py:157} INFO - Started process (PID=29457) to work on /home/vscode/.local/lib/python3.10/site-packages/airflow/example_dags/example_setup_teardown.py
[2025-08-15T15:18:37.108+0000] {processor.py:826} INFO - Processing file /home/vscode/.local/lib/python3.10/site-packages/airflow/example_dags/example_setup_teardown.py for tasks to queue
[2025-08-15T15:18:37.108+0000] {logging_mixin.py:150} INFO - [2025-08-15T15:18:37.108+0000] {dagbag.py:541} INFO - Filling up the DagBag from /home/vscode/.local/lib/python3.10/site-packages/airflow/example_dags/example_setup_teardown.py
[2025-08-15T15:18:37.110+0000] {processor.py:838} WARNING - No viable dags retrieved from /home/vscode/.local/lib/python3.10/site-packages/airflow/example_dags/example_setup_teardown.py
[2025-08-15T15:18:37.118+0000] {processor.py:179} INFO - Processing /home/vscode/.local/lib/python3.10/site-packages/airflow/example_dags/example_setup_teardown.py took 0.013 seconds
[2025-08-15T15:19:19.355+0000] {processor.py:157} INFO - Started process (PID=29742) to work on /home/vscode/.local/lib/python3.10/site-packages/airflow/example_dags/example_setup_teardown.py
[2025-08-15T15:19:19.356+0000] {processor.py:826} INFO - Processing file /home/vscode/.local/lib/python3.10/site-packages/airflow/example_dags/example_setup_teardown.py for tasks to queue
[2025-08-15T15:19:19.356+0000] {logging_mixin.py:150} INFO - [2025-08-15T15:19:19.356+0000] {dagbag.py:541} INFO - Filling up the DagBag from /home/vscode/.local/lib/python3.10/site-packages/airflow/example_dags/example_setup_teardown.py
[2025-08-15T15:19:19.358+0000] {processor.py:838} WARNING - No viable dags retrieved from /home/vscode/.local/lib/python3.10/site-packages/airflow/example_dags/example_setup_teardown.py
[2025-08-15T15:19:19.365+0000] {processor.py:179} INFO - Processing /home/vscode/.local/lib/python3.10/site-packages/airflow/example_dags/example_setup_teardown.py took 0.013 seconds
[2025-08-15T15:20:05.699+0000] {processor.py:157} INFO - Started process (PID=30527) to work on /home/vscode/.local/lib/python3.10/site-packages/airflow/example_dags/example_setup_teardown.py
[2025-08-15T15:20:05.700+0000] {processor.py:826} INFO - Processing file /home/vscode/.local/lib/python3.10/site-packages/airflow/example_dags/example_setup_teardown.py for tasks to queue
[2025-08-15T15:20:05.702+0000] {logging_mixin.py:150} INFO - [2025-08-15T15:20:05.701+0000] {dagbag.py:541} INFO - Filling up the DagBag from /home/vscode/.local/lib/python3.10/site-packages/airflow/example_dags/example_setup_teardown.py
[2025-08-15T15:20:05.705+0000] {processor.py:838} WARNING - No viable dags retrieved from /home/vscode/.local/lib/python3.10/site-packages/airflow/example_dags/example_setup_teardown.py
[2025-08-15T15:20:05.714+0000] {processor.py:179} INFO - Processing /home/vscode/.local/lib/python3.10/site-packages/airflow/example_dags/example_setup_teardown.py took 0.018 seconds
[2025-08-15T15:21:02.777+0000] {processor.py:157} INFO - Started process (PID=31696) to work on /home/vscode/.local/lib/python3.10/site-packages/airflow/example_dags/example_setup_teardown.py
[2025-08-15T15:21:02.778+0000] {processor.py:826} INFO - Processing file /home/vscode/.local/lib/python3.10/site-packages/airflow/example_dags/example_setup_teardown.py for tasks to queue
[2025-08-15T15:21:02.778+0000] {logging_mixin.py:150} INFO - [2025-08-15T15:21:02.778+0000] {dagbag.py:541} INFO - Filling up the DagBag from /home/vscode/.local/lib/python3.10/site-packages/airflow/example_dags/example_setup_teardown.py
[2025-08-15T15:21:02.780+0000] {processor.py:838} WARNING - No viable dags retrieved from /home/vscode/.local/lib/python3.10/site-packages/airflow/example_dags/example_setup_teardown.py
[2025-08-15T15:21:02.788+0000] {processor.py:179} INFO - Processing /home/vscode/.local/lib/python3.10/site-packages/airflow/example_dags/example_setup_teardown.py took 0.013 seconds
[2025-08-15T15:21:49.224+0000] {processor.py:157} INFO - Started process (PID=32045) to work on /home/vscode/.local/lib/python3.10/site-packages/airflow/example_dags/example_setup_teardown.py
[2025-08-15T15:21:49.225+0000] {processor.py:826} INFO - Processing file /home/vscode/.local/lib/python3.10/site-packages/airflow/example_dags/example_setup_teardown.py for tasks to queue
[2025-08-15T15:21:49.226+0000] {logging_mixin.py:150} INFO - [2025-08-15T15:21:49.225+0000] {dagbag.py:541} INFO - Filling up the DagBag from /home/vscode/.local/lib/python3.10/site-packages/airflow/example_dags/example_setup_teardown.py
[2025-08-15T15:21:49.228+0000] {processor.py:838} WARNING - No viable dags retrieved from /home/vscode/.local/lib/python3.10/site-packages/airflow/example_dags/example_setup_teardown.py
[2025-08-15T15:21:49.235+0000] {processor.py:179} INFO - Processing /home/vscode/.local/lib/python3.10/site-packages/airflow/example_dags/example_setup_teardown.py took 0.013 seconds
[2025-08-15T15:22:40.620+0000] {processor.py:157} INFO - Started process (PID=32482) to work on /home/vscode/.local/lib/python3.10/site-packages/airflow/example_dags/example_setup_teardown.py
[2025-08-15T15:22:40.620+0000] {processor.py:826} INFO - Processing file /home/vscode/.local/lib/python3.10/site-packages/airflow/example_dags/example_setup_teardown.py for tasks to queue
[2025-08-15T15:22:40.621+0000] {logging_mixin.py:150} INFO - [2025-08-15T15:22:40.621+0000] {dagbag.py:541} INFO - Filling up the DagBag from /home/vscode/.local/lib/python3.10/site-packages/airflow/example_dags/example_setup_teardown.py
[2025-08-15T15:22:40.623+0000] {processor.py:838} WARNING - No viable dags retrieved from /home/vscode/.local/lib/python3.10/site-packages/airflow/example_dags/example_setup_teardown.py
[2025-08-15T15:22:40.631+0000] {processor.py:179} INFO - Processing /home/vscode/.local/lib/python3.10/site-packages/airflow/example_dags/example_setup_teardown.py took 0.014 seconds
[2025-08-15T15:23:29.428+0000] {processor.py:157} INFO - Started process (PID=33096) to work on /home/vscode/.local/lib/python3.10/site-packages/airflow/example_dags/example_setup_teardown.py
[2025-08-15T15:23:29.428+0000] {processor.py:826} INFO - Processing file /home/vscode/.local/lib/python3.10/site-packages/airflow/example_dags/example_setup_teardown.py for tasks to queue
[2025-08-15T15:23:29.429+0000] {logging_mixin.py:150} INFO - [2025-08-15T15:23:29.429+0000] {dagbag.py:541} INFO - Filling up the DagBag from /home/vscode/.local/lib/python3.10/site-packages/airflow/example_dags/example_setup_teardown.py
[2025-08-15T15:23:29.431+0000] {processor.py:838} WARNING - No viable dags retrieved from /home/vscode/.local/lib/python3.10/site-packages/airflow/example_dags/example_setup_teardown.py
[2025-08-15T15:23:29.438+0000] {processor.py:179} INFO - Processing /home/vscode/.local/lib/python3.10/site-packages/airflow/example_dags/example_setup_teardown.py took 0.013 seconds
[2025-08-15T15:24:14.439+0000] {processor.py:157} INFO - Started process (PID=33612) to work on /home/vscode/.local/lib/python3.10/site-packages/airflow/example_dags/example_setup_teardown.py
[2025-08-15T15:24:14.440+0000] {processor.py:826} INFO - Processing file /home/vscode/.local/lib/python3.10/site-packages/airflow/example_dags/example_setup_teardown.py for tasks to queue
[2025-08-15T15:24:14.441+0000] {logging_mixin.py:150} INFO - [2025-08-15T15:24:14.440+0000] {dagbag.py:541} INFO - Filling up the DagBag from /home/vscode/.local/lib/python3.10/site-packages/airflow/example_dags/example_setup_teardown.py
[2025-08-15T15:24:14.442+0000] {processor.py:838} WARNING - No viable dags retrieved from /home/vscode/.local/lib/python3.10/site-packages/airflow/example_dags/example_setup_teardown.py
[2025-08-15T15:24:14.449+0000] {processor.py:179} INFO - Processing /home/vscode/.local/lib/python3.10/site-packages/airflow/example_dags/example_setup_teardown.py took 0.012 seconds
[2025-08-15T15:24:57.904+0000] {processor.py:157} INFO - Started process (PID=34095) to work on /home/vscode/.local/lib/python3.10/site-packages/airflow/example_dags/example_setup_teardown.py
[2025-08-15T15:24:57.905+0000] {processor.py:826} INFO - Processing file /home/vscode/.local/lib/python3.10/site-packages/airflow/example_dags/example_setup_teardown.py for tasks to queue
[2025-08-15T15:24:57.905+0000] {logging_mixin.py:150} INFO - [2025-08-15T15:24:57.905+0000] {dagbag.py:541} INFO - Filling up the DagBag from /home/vscode/.local/lib/python3.10/site-packages/airflow/example_dags/example_setup_teardown.py
[2025-08-15T15:24:57.907+0000] {processor.py:838} WARNING - No viable dags retrieved from /home/vscode/.local/lib/python3.10/site-packages/airflow/example_dags/example_setup_teardown.py
[2025-08-15T15:24:57.915+0000] {processor.py:179} INFO - Processing /home/vscode/.local/lib/python3.10/site-packages/airflow/example_dags/example_setup_teardown.py took 0.013 seconds
[2025-08-15T15:25:45.680+0000] {processor.py:157} INFO - Started process (PID=34419) to work on /home/vscode/.local/lib/python3.10/site-packages/airflow/example_dags/example_setup_teardown.py
[2025-08-15T15:25:45.681+0000] {processor.py:826} INFO - Processing file /home/vscode/.local/lib/python3.10/site-packages/airflow/example_dags/example_setup_teardown.py for tasks to queue
[2025-08-15T15:25:45.682+0000] {logging_mixin.py:150} INFO - [2025-08-15T15:25:45.682+0000] {dagbag.py:541} INFO - Filling up the DagBag from /home/vscode/.local/lib/python3.10/site-packages/airflow/example_dags/example_setup_teardown.py
[2025-08-15T15:25:45.684+0000] {processor.py:838} WARNING - No viable dags retrieved from /home/vscode/.local/lib/python3.10/site-packages/airflow/example_dags/example_setup_teardown.py
[2025-08-15T15:25:45.695+0000] {processor.py:179} INFO - Processing /home/vscode/.local/lib/python3.10/site-packages/airflow/example_dags/example_setup_teardown.py took 0.017 seconds
[2025-08-15T15:26:31.805+0000] {processor.py:157} INFO - Started process (PID=34796) to work on /home/vscode/.local/lib/python3.10/site-packages/airflow/example_dags/example_setup_teardown.py
[2025-08-15T15:26:31.806+0000] {processor.py:826} INFO - Processing file /home/vscode/.local/lib/python3.10/site-packages/airflow/example_dags/example_setup_teardown.py for tasks to queue
[2025-08-15T15:26:31.806+0000] {logging_mixin.py:150} INFO - [2025-08-15T15:26:31.806+0000] {dagbag.py:541} INFO - Filling up the DagBag from /home/vscode/.local/lib/python3.10/site-packages/airflow/example_dags/example_setup_teardown.py
[2025-08-15T15:26:31.808+0000] {processor.py:838} WARNING - No viable dags retrieved from /home/vscode/.local/lib/python3.10/site-packages/airflow/example_dags/example_setup_teardown.py
[2025-08-15T15:26:31.815+0000] {processor.py:179} INFO - Processing /home/vscode/.local/lib/python3.10/site-packages/airflow/example_dags/example_setup_teardown.py took 0.012 seconds
