[2025-08-15T15:14:23.313+0000] {processor.py:157} INFO - Started process (PID=27001) to work on /home/vscode/.local/lib/python3.10/site-packages/airflow/example_dags/example_time_delta_sensor_async.py
[2025-08-15T15:14:23.313+0000] {processor.py:826} INFO - Processing file /home/vscode/.local/lib/python3.10/site-packages/airflow/example_dags/example_time_delta_sensor_async.py for tasks to queue
[2025-08-15T15:14:23.314+0000] {logging_mixin.py:150} INFO - [2025-08-15T15:14:23.314+0000] {dagbag.py:541} INFO - Filling up the DagBag from /home/vscode/.local/lib/python3.10/site-packages/airflow/example_dags/example_time_delta_sensor_async.py
[2025-08-15T15:14:23.320+0000] {processor.py:836} INFO - DAG(s) dict_keys(['example_time_delta_sensor_async']) retrieved from /home/vscode/.local/lib/python3.10/site-packages/airflow/example_dags/example_time_delta_sensor_async.py
[2025-08-15T15:14:23.406+0000] {logging_mixin.py:150} INFO - [2025-08-15T15:14:23.406+0000] {manager.py:504} INFO - Created Permission View: can read on DAG:example_time_delta_sensor_async
[2025-08-15T15:14:23.416+0000] {logging_mixin.py:150} INFO - [2025-08-15T15:14:23.416+0000] {manager.py:504} INFO - Created Permission View: can delete on DAG:example_time_delta_sensor_async
[2025-08-15T15:14:23.424+0000] {logging_mixin.py:150} INFO - [2025-08-15T15:14:23.424+0000] {manager.py:504} INFO - Created Permission View: can edit on DAG:example_time_delta_sensor_async
[2025-08-15T15:14:23.433+0000] {logging_mixin.py:150} INFO - [2025-08-15T15:14:23.433+0000] {dag.py:2742} INFO - Sync 1 DAGs
[2025-08-15T15:14:23.441+0000] {logging_mixin.py:150} INFO - [2025-08-15T15:14:23.441+0000] {dag.py:2763} INFO - Creating ORM DAG for example_time_delta_sensor_async
[2025-08-15T15:14:23.448+0000] {logging_mixin.py:150} INFO - [2025-08-15T15:14:23.448+0000] {dag.py:3504} INFO - Setting next_dagrun for example_time_delta_sensor_async to None, run_after=None
[2025-08-15T15:14:23.467+0000] {processor.py:179} INFO - Processing /home/vscode/.local/lib/python3.10/site-packages/airflow/example_dags/example_time_delta_sensor_async.py took 0.156 seconds
[2025-08-15T15:15:14.264+0000] {processor.py:157} INFO - Started process (PID=27537) to work on /home/vscode/.local/lib/python3.10/site-packages/airflow/example_dags/example_time_delta_sensor_async.py
[2025-08-15T15:15:14.265+0000] {processor.py:826} INFO - Processing file /home/vscode/.local/lib/python3.10/site-packages/airflow/example_dags/example_time_delta_sensor_async.py for tasks to queue
[2025-08-15T15:15:14.266+0000] {logging_mixin.py:150} INFO - [2025-08-15T15:15:14.266+0000] {dagbag.py:541} INFO - Filling up the DagBag from /home/vscode/.local/lib/python3.10/site-packages/airflow/example_dags/example_time_delta_sensor_async.py
[2025-08-15T15:15:14.269+0000] {processor.py:836} INFO - DAG(s) dict_keys(['example_time_delta_sensor_async']) retrieved from /home/vscode/.local/lib/python3.10/site-packages/airflow/example_dags/example_time_delta_sensor_async.py
[2025-08-15T15:15:14.282+0000] {logging_mixin.py:150} INFO - [2025-08-15T15:15:14.282+0000] {dag.py:2742} INFO - Sync 1 DAGs
[2025-08-15T15:15:14.298+0000] {logging_mixin.py:150} INFO - [2025-08-15T15:15:14.298+0000] {dag.py:3504} INFO - Setting next_dagrun for example_time_delta_sensor_async to None, run_after=None
[2025-08-15T15:15:14.316+0000] {processor.py:179} INFO - Processing /home/vscode/.local/lib/python3.10/site-packages/airflow/example_dags/example_time_delta_sensor_async.py took 0.054 seconds
[2025-08-15T15:16:01.850+0000] {processor.py:157} INFO - Started process (PID=28012) to work on /home/vscode/.local/lib/python3.10/site-packages/airflow/example_dags/example_time_delta_sensor_async.py
[2025-08-15T15:16:01.851+0000] {processor.py:826} INFO - Processing file /home/vscode/.local/lib/python3.10/site-packages/airflow/example_dags/example_time_delta_sensor_async.py for tasks to queue
[2025-08-15T15:16:01.852+0000] {logging_mixin.py:150} INFO - [2025-08-15T15:16:01.851+0000] {dagbag.py:541} INFO - Filling up the DagBag from /home/vscode/.local/lib/python3.10/site-packages/airflow/example_dags/example_time_delta_sensor_async.py
[2025-08-15T15:16:01.855+0000] {processor.py:836} INFO - DAG(s) dict_keys(['example_time_delta_sensor_async']) retrieved from /home/vscode/.local/lib/python3.10/site-packages/airflow/example_dags/example_time_delta_sensor_async.py
[2025-08-15T15:16:01.868+0000] {logging_mixin.py:150} INFO - [2025-08-15T15:16:01.868+0000] {dag.py:2742} INFO - Sync 1 DAGs
[2025-08-15T15:16:01.883+0000] {logging_mixin.py:150} INFO - [2025-08-15T15:16:01.883+0000] {dag.py:3504} INFO - Setting next_dagrun for example_time_delta_sensor_async to None, run_after=None
[2025-08-15T15:16:01.899+0000] {processor.py:179} INFO - Processing /home/vscode/.local/lib/python3.10/site-packages/airflow/example_dags/example_time_delta_sensor_async.py took 0.051 seconds
[2025-08-15T15:16:37.063+0000] {processor.py:157} INFO - Started process (PID=28414) to work on /home/vscode/.local/lib/python3.10/site-packages/airflow/example_dags/example_time_delta_sensor_async.py
[2025-08-15T15:16:37.064+0000] {processor.py:826} INFO - Processing file /home/vscode/.local/lib/python3.10/site-packages/airflow/example_dags/example_time_delta_sensor_async.py for tasks to queue
[2025-08-15T15:16:37.065+0000] {logging_mixin.py:150} INFO - [2025-08-15T15:16:37.064+0000] {dagbag.py:541} INFO - Filling up the DagBag from /home/vscode/.local/lib/python3.10/site-packages/airflow/example_dags/example_time_delta_sensor_async.py
[2025-08-15T15:16:37.068+0000] {processor.py:836} INFO - DAG(s) dict_keys(['example_time_delta_sensor_async']) retrieved from /home/vscode/.local/lib/python3.10/site-packages/airflow/example_dags/example_time_delta_sensor_async.py
[2025-08-15T15:16:37.080+0000] {logging_mixin.py:150} INFO - [2025-08-15T15:16:37.080+0000] {dag.py:2742} INFO - Sync 1 DAGs
[2025-08-15T15:16:37.094+0000] {logging_mixin.py:150} INFO - [2025-08-15T15:16:37.094+0000] {dag.py:3504} INFO - Setting next_dagrun for example_time_delta_sensor_async to None, run_after=None
[2025-08-15T15:16:37.112+0000] {processor.py:179} INFO - Processing /home/vscode/.local/lib/python3.10/site-packages/airflow/example_dags/example_time_delta_sensor_async.py took 0.050 seconds
[2025-08-15T15:17:25.074+0000] {processor.py:157} INFO - Started process (PID=28883) to work on /home/vscode/.local/lib/python3.10/site-packages/airflow/example_dags/example_time_delta_sensor_async.py
[2025-08-15T15:17:25.075+0000] {processor.py:826} INFO - Processing file /home/vscode/.local/lib/python3.10/site-packages/airflow/example_dags/example_time_delta_sensor_async.py for tasks to queue
[2025-08-15T15:17:25.076+0000] {logging_mixin.py:150} INFO - [2025-08-15T15:17:25.075+0000] {dagbag.py:541} INFO - Filling up the DagBag from /home/vscode/.local/lib/python3.10/site-packages/airflow/example_dags/example_time_delta_sensor_async.py
[2025-08-15T15:17:25.079+0000] {processor.py:836} INFO - DAG(s) dict_keys(['example_time_delta_sensor_async']) retrieved from /home/vscode/.local/lib/python3.10/site-packages/airflow/example_dags/example_time_delta_sensor_async.py
[2025-08-15T15:17:25.091+0000] {logging_mixin.py:150} INFO - [2025-08-15T15:17:25.091+0000] {dag.py:2742} INFO - Sync 1 DAGs
[2025-08-15T15:17:25.109+0000] {logging_mixin.py:150} INFO - [2025-08-15T15:17:25.109+0000] {dag.py:3504} INFO - Setting next_dagrun for example_time_delta_sensor_async to None, run_after=None
[2025-08-15T15:17:25.126+0000] {processor.py:179} INFO - Processing /home/vscode/.local/lib/python3.10/site-packages/airflow/example_dags/example_time_delta_sensor_async.py took 0.054 seconds
[2025-08-15T15:18:11.416+0000] {processor.py:157} INFO - Started process (PID=29284) to work on /home/vscode/.local/lib/python3.10/site-packages/airflow/example_dags/example_time_delta_sensor_async.py
[2025-08-15T15:18:11.418+0000] {processor.py:826} INFO - Processing file /home/vscode/.local/lib/python3.10/site-packages/airflow/example_dags/example_time_delta_sensor_async.py for tasks to queue
[2025-08-15T15:18:11.419+0000] {logging_mixin.py:150} INFO - [2025-08-15T15:18:11.418+0000] {dagbag.py:541} INFO - Filling up the DagBag from /home/vscode/.local/lib/python3.10/site-packages/airflow/example_dags/example_time_delta_sensor_async.py
[2025-08-15T15:18:11.426+0000] {processor.py:836} INFO - DAG(s) dict_keys(['example_time_delta_sensor_async']) retrieved from /home/vscode/.local/lib/python3.10/site-packages/airflow/example_dags/example_time_delta_sensor_async.py
[2025-08-15T15:18:11.451+0000] {logging_mixin.py:150} INFO - [2025-08-15T15:18:11.450+0000] {dag.py:2742} INFO - Sync 1 DAGs
[2025-08-15T15:18:11.467+0000] {logging_mixin.py:150} INFO - [2025-08-15T15:18:11.467+0000] {dag.py:3504} INFO - Setting next_dagrun for example_time_delta_sensor_async to None, run_after=None
[2025-08-15T15:18:11.488+0000] {processor.py:179} INFO - Processing /home/vscode/.local/lib/python3.10/site-packages/airflow/example_dags/example_time_delta_sensor_async.py took 0.075 seconds
[2025-08-15T15:18:54.797+0000] {processor.py:157} INFO - Started process (PID=29578) to work on /home/vscode/.local/lib/python3.10/site-packages/airflow/example_dags/example_time_delta_sensor_async.py
[2025-08-15T15:18:54.798+0000] {processor.py:826} INFO - Processing file /home/vscode/.local/lib/python3.10/site-packages/airflow/example_dags/example_time_delta_sensor_async.py for tasks to queue
[2025-08-15T15:18:54.799+0000] {logging_mixin.py:150} INFO - [2025-08-15T15:18:54.799+0000] {dagbag.py:541} INFO - Filling up the DagBag from /home/vscode/.local/lib/python3.10/site-packages/airflow/example_dags/example_time_delta_sensor_async.py
[2025-08-15T15:18:54.804+0000] {processor.py:836} INFO - DAG(s) dict_keys(['example_time_delta_sensor_async']) retrieved from /home/vscode/.local/lib/python3.10/site-packages/airflow/example_dags/example_time_delta_sensor_async.py
[2025-08-15T15:18:54.816+0000] {logging_mixin.py:150} INFO - [2025-08-15T15:18:54.816+0000] {dag.py:2742} INFO - Sync 1 DAGs
[2025-08-15T15:18:54.830+0000] {logging_mixin.py:150} INFO - [2025-08-15T15:18:54.830+0000] {dag.py:3504} INFO - Setting next_dagrun for example_time_delta_sensor_async to None, run_after=None
[2025-08-15T15:18:54.845+0000] {processor.py:179} INFO - Processing /home/vscode/.local/lib/python3.10/site-packages/airflow/example_dags/example_time_delta_sensor_async.py took 0.051 seconds
[2025-08-15T15:19:37.103+0000] {processor.py:157} INFO - Started process (PID=29861) to work on /home/vscode/.local/lib/python3.10/site-packages/airflow/example_dags/example_time_delta_sensor_async.py
[2025-08-15T15:19:37.103+0000] {processor.py:826} INFO - Processing file /home/vscode/.local/lib/python3.10/site-packages/airflow/example_dags/example_time_delta_sensor_async.py for tasks to queue
[2025-08-15T15:19:37.104+0000] {logging_mixin.py:150} INFO - [2025-08-15T15:19:37.104+0000] {dagbag.py:541} INFO - Filling up the DagBag from /home/vscode/.local/lib/python3.10/site-packages/airflow/example_dags/example_time_delta_sensor_async.py
[2025-08-15T15:19:37.107+0000] {processor.py:836} INFO - DAG(s) dict_keys(['example_time_delta_sensor_async']) retrieved from /home/vscode/.local/lib/python3.10/site-packages/airflow/example_dags/example_time_delta_sensor_async.py
[2025-08-15T15:19:37.119+0000] {logging_mixin.py:150} INFO - [2025-08-15T15:19:37.119+0000] {dag.py:2742} INFO - Sync 1 DAGs
[2025-08-15T15:19:37.134+0000] {logging_mixin.py:150} INFO - [2025-08-15T15:19:37.134+0000] {dag.py:3504} INFO - Setting next_dagrun for example_time_delta_sensor_async to None, run_after=None
[2025-08-15T15:19:37.149+0000] {processor.py:179} INFO - Processing /home/vscode/.local/lib/python3.10/site-packages/airflow/example_dags/example_time_delta_sensor_async.py took 0.049 seconds
[2025-08-15T15:20:16.885+0000] {processor.py:157} INFO - Started process (PID=30895) to work on /home/vscode/.local/lib/python3.10/site-packages/airflow/example_dags/example_time_delta_sensor_async.py
[2025-08-15T15:20:16.886+0000] {processor.py:826} INFO - Processing file /home/vscode/.local/lib/python3.10/site-packages/airflow/example_dags/example_time_delta_sensor_async.py for tasks to queue
[2025-08-15T15:20:16.887+0000] {logging_mixin.py:150} INFO - [2025-08-15T15:20:16.887+0000] {dagbag.py:541} INFO - Filling up the DagBag from /home/vscode/.local/lib/python3.10/site-packages/airflow/example_dags/example_time_delta_sensor_async.py
[2025-08-15T15:20:16.903+0000] {processor.py:836} INFO - DAG(s) dict_keys(['example_time_delta_sensor_async']) retrieved from /home/vscode/.local/lib/python3.10/site-packages/airflow/example_dags/example_time_delta_sensor_async.py
[2025-08-15T15:20:17.014+0000] {logging_mixin.py:150} INFO - [2025-08-15T15:20:17.011+0000] {dag.py:2742} INFO - Sync 1 DAGs
[2025-08-15T15:20:17.150+0000] {logging_mixin.py:150} INFO - [2025-08-15T15:20:17.150+0000] {dag.py:3504} INFO - Setting next_dagrun for example_time_delta_sensor_async to None, run_after=None
[2025-08-15T15:20:17.369+0000] {processor.py:179} INFO - Processing /home/vscode/.local/lib/python3.10/site-packages/airflow/example_dags/example_time_delta_sensor_async.py took 0.496 seconds
[2025-08-15T15:20:56.966+0000] {processor.py:157} INFO - Started process (PID=31661) to work on /home/vscode/.local/lib/python3.10/site-packages/airflow/example_dags/example_time_delta_sensor_async.py
[2025-08-15T15:20:56.966+0000] {processor.py:826} INFO - Processing file /home/vscode/.local/lib/python3.10/site-packages/airflow/example_dags/example_time_delta_sensor_async.py for tasks to queue
[2025-08-15T15:20:56.967+0000] {logging_mixin.py:150} INFO - [2025-08-15T15:20:56.967+0000] {dagbag.py:541} INFO - Filling up the DagBag from /home/vscode/.local/lib/python3.10/site-packages/airflow/example_dags/example_time_delta_sensor_async.py
[2025-08-15T15:20:56.971+0000] {processor.py:836} INFO - DAG(s) dict_keys(['example_time_delta_sensor_async']) retrieved from /home/vscode/.local/lib/python3.10/site-packages/airflow/example_dags/example_time_delta_sensor_async.py
[2025-08-15T15:20:56.984+0000] {logging_mixin.py:150} INFO - [2025-08-15T15:20:56.984+0000] {dag.py:2742} INFO - Sync 1 DAGs
[2025-08-15T15:20:56.999+0000] {logging_mixin.py:150} INFO - [2025-08-15T15:20:56.999+0000] {dag.py:3504} INFO - Setting next_dagrun for example_time_delta_sensor_async to None, run_after=None
[2025-08-15T15:20:57.016+0000] {processor.py:179} INFO - Processing /home/vscode/.local/lib/python3.10/site-packages/airflow/example_dags/example_time_delta_sensor_async.py took 0.053 seconds
[2025-08-15T15:21:42.092+0000] {processor.py:157} INFO - Started process (PID=31987) to work on /home/vscode/.local/lib/python3.10/site-packages/airflow/example_dags/example_time_delta_sensor_async.py
[2025-08-15T15:21:42.093+0000] {processor.py:826} INFO - Processing file /home/vscode/.local/lib/python3.10/site-packages/airflow/example_dags/example_time_delta_sensor_async.py for tasks to queue
[2025-08-15T15:21:42.094+0000] {logging_mixin.py:150} INFO - [2025-08-15T15:21:42.094+0000] {dagbag.py:541} INFO - Filling up the DagBag from /home/vscode/.local/lib/python3.10/site-packages/airflow/example_dags/example_time_delta_sensor_async.py
[2025-08-15T15:21:42.098+0000] {processor.py:836} INFO - DAG(s) dict_keys(['example_time_delta_sensor_async']) retrieved from /home/vscode/.local/lib/python3.10/site-packages/airflow/example_dags/example_time_delta_sensor_async.py
[2025-08-15T15:21:42.110+0000] {logging_mixin.py:150} INFO - [2025-08-15T15:21:42.110+0000] {dag.py:2742} INFO - Sync 1 DAGs
[2025-08-15T15:21:42.124+0000] {logging_mixin.py:150} INFO - [2025-08-15T15:21:42.124+0000] {dag.py:3504} INFO - Setting next_dagrun for example_time_delta_sensor_async to None, run_after=None
[2025-08-15T15:21:42.140+0000] {processor.py:179} INFO - Processing /home/vscode/.local/lib/python3.10/site-packages/airflow/example_dags/example_time_delta_sensor_async.py took 0.050 seconds
[2025-08-15T15:22:15.598+0000] {processor.py:157} INFO - Started process (PID=32291) to work on /home/vscode/.local/lib/python3.10/site-packages/airflow/example_dags/example_time_delta_sensor_async.py
[2025-08-15T15:22:15.599+0000] {processor.py:826} INFO - Processing file /home/vscode/.local/lib/python3.10/site-packages/airflow/example_dags/example_time_delta_sensor_async.py for tasks to queue
[2025-08-15T15:22:15.599+0000] {logging_mixin.py:150} INFO - [2025-08-15T15:22:15.599+0000] {dagbag.py:541} INFO - Filling up the DagBag from /home/vscode/.local/lib/python3.10/site-packages/airflow/example_dags/example_time_delta_sensor_async.py
[2025-08-15T15:22:15.603+0000] {processor.py:836} INFO - DAG(s) dict_keys(['example_time_delta_sensor_async']) retrieved from /home/vscode/.local/lib/python3.10/site-packages/airflow/example_dags/example_time_delta_sensor_async.py
[2025-08-15T15:22:15.615+0000] {logging_mixin.py:150} INFO - [2025-08-15T15:22:15.615+0000] {dag.py:2742} INFO - Sync 1 DAGs
[2025-08-15T15:22:15.630+0000] {logging_mixin.py:150} INFO - [2025-08-15T15:22:15.630+0000] {dag.py:3504} INFO - Setting next_dagrun for example_time_delta_sensor_async to None, run_after=None
[2025-08-15T15:22:15.647+0000] {processor.py:179} INFO - Processing /home/vscode/.local/lib/python3.10/site-packages/airflow/example_dags/example_time_delta_sensor_async.py took 0.051 seconds
[2025-08-15T15:22:48.631+0000] {processor.py:157} INFO - Started process (PID=32586) to work on /home/vscode/.local/lib/python3.10/site-packages/airflow/example_dags/example_time_delta_sensor_async.py
[2025-08-15T15:22:48.632+0000] {processor.py:826} INFO - Processing file /home/vscode/.local/lib/python3.10/site-packages/airflow/example_dags/example_time_delta_sensor_async.py for tasks to queue
[2025-08-15T15:22:48.633+0000] {logging_mixin.py:150} INFO - [2025-08-15T15:22:48.632+0000] {dagbag.py:541} INFO - Filling up the DagBag from /home/vscode/.local/lib/python3.10/site-packages/airflow/example_dags/example_time_delta_sensor_async.py
[2025-08-15T15:22:48.636+0000] {processor.py:836} INFO - DAG(s) dict_keys(['example_time_delta_sensor_async']) retrieved from /home/vscode/.local/lib/python3.10/site-packages/airflow/example_dags/example_time_delta_sensor_async.py
[2025-08-15T15:22:48.648+0000] {logging_mixin.py:150} INFO - [2025-08-15T15:22:48.648+0000] {dag.py:2742} INFO - Sync 1 DAGs
[2025-08-15T15:22:48.663+0000] {logging_mixin.py:150} INFO - [2025-08-15T15:22:48.663+0000] {dag.py:3504} INFO - Setting next_dagrun for example_time_delta_sensor_async to None, run_after=None
[2025-08-15T15:22:48.678+0000] {processor.py:179} INFO - Processing /home/vscode/.local/lib/python3.10/site-packages/airflow/example_dags/example_time_delta_sensor_async.py took 0.050 seconds
[2025-08-15T15:23:37.370+0000] {processor.py:157} INFO - Started process (PID=33162) to work on /home/vscode/.local/lib/python3.10/site-packages/airflow/example_dags/example_time_delta_sensor_async.py
[2025-08-15T15:23:37.370+0000] {processor.py:826} INFO - Processing file /home/vscode/.local/lib/python3.10/site-packages/airflow/example_dags/example_time_delta_sensor_async.py for tasks to queue
[2025-08-15T15:23:37.371+0000] {logging_mixin.py:150} INFO - [2025-08-15T15:23:37.371+0000] {dagbag.py:541} INFO - Filling up the DagBag from /home/vscode/.local/lib/python3.10/site-packages/airflow/example_dags/example_time_delta_sensor_async.py
[2025-08-15T15:23:37.376+0000] {processor.py:836} INFO - DAG(s) dict_keys(['example_time_delta_sensor_async']) retrieved from /home/vscode/.local/lib/python3.10/site-packages/airflow/example_dags/example_time_delta_sensor_async.py
[2025-08-15T15:23:37.409+0000] {logging_mixin.py:150} INFO - [2025-08-15T15:23:37.408+0000] {dag.py:2742} INFO - Sync 1 DAGs
[2025-08-15T15:23:37.434+0000] {logging_mixin.py:150} INFO - [2025-08-15T15:23:37.434+0000] {dag.py:3504} INFO - Setting next_dagrun for example_time_delta_sensor_async to None, run_after=None
[2025-08-15T15:23:37.459+0000] {processor.py:179} INFO - Processing /home/vscode/.local/lib/python3.10/site-packages/airflow/example_dags/example_time_delta_sensor_async.py took 0.092 seconds
[2025-08-15T15:24:20.516+0000] {processor.py:157} INFO - Started process (PID=33655) to work on /home/vscode/.local/lib/python3.10/site-packages/airflow/example_dags/example_time_delta_sensor_async.py
[2025-08-15T15:24:20.517+0000] {processor.py:826} INFO - Processing file /home/vscode/.local/lib/python3.10/site-packages/airflow/example_dags/example_time_delta_sensor_async.py for tasks to queue
[2025-08-15T15:24:20.517+0000] {logging_mixin.py:150} INFO - [2025-08-15T15:24:20.517+0000] {dagbag.py:541} INFO - Filling up the DagBag from /home/vscode/.local/lib/python3.10/site-packages/airflow/example_dags/example_time_delta_sensor_async.py
[2025-08-15T15:24:20.520+0000] {processor.py:836} INFO - DAG(s) dict_keys(['example_time_delta_sensor_async']) retrieved from /home/vscode/.local/lib/python3.10/site-packages/airflow/example_dags/example_time_delta_sensor_async.py
[2025-08-15T15:24:20.533+0000] {logging_mixin.py:150} INFO - [2025-08-15T15:24:20.533+0000] {dag.py:2742} INFO - Sync 1 DAGs
[2025-08-15T15:24:20.546+0000] {logging_mixin.py:150} INFO - [2025-08-15T15:24:20.546+0000] {dag.py:3504} INFO - Setting next_dagrun for example_time_delta_sensor_async to None, run_after=None
[2025-08-15T15:24:20.562+0000] {processor.py:179} INFO - Processing /home/vscode/.local/lib/python3.10/site-packages/airflow/example_dags/example_time_delta_sensor_async.py took 0.049 seconds
[2025-08-15T15:25:04.000+0000] {processor.py:157} INFO - Started process (PID=34125) to work on /home/vscode/.local/lib/python3.10/site-packages/airflow/example_dags/example_time_delta_sensor_async.py
[2025-08-15T15:25:04.001+0000] {processor.py:826} INFO - Processing file /home/vscode/.local/lib/python3.10/site-packages/airflow/example_dags/example_time_delta_sensor_async.py for tasks to queue
[2025-08-15T15:25:04.002+0000] {logging_mixin.py:150} INFO - [2025-08-15T15:25:04.001+0000] {dagbag.py:541} INFO - Filling up the DagBag from /home/vscode/.local/lib/python3.10/site-packages/airflow/example_dags/example_time_delta_sensor_async.py
[2025-08-15T15:25:04.005+0000] {processor.py:836} INFO - DAG(s) dict_keys(['example_time_delta_sensor_async']) retrieved from /home/vscode/.local/lib/python3.10/site-packages/airflow/example_dags/example_time_delta_sensor_async.py
[2025-08-15T15:25:04.017+0000] {logging_mixin.py:150} INFO - [2025-08-15T15:25:04.017+0000] {dag.py:2742} INFO - Sync 1 DAGs
[2025-08-15T15:25:04.032+0000] {logging_mixin.py:150} INFO - [2025-08-15T15:25:04.032+0000] {dag.py:3504} INFO - Setting next_dagrun for example_time_delta_sensor_async to None, run_after=None
[2025-08-15T15:25:04.049+0000] {processor.py:179} INFO - Processing /home/vscode/.local/lib/python3.10/site-packages/airflow/example_dags/example_time_delta_sensor_async.py took 0.051 seconds
[2025-08-15T15:25:38.480+0000] {processor.py:157} INFO - Started process (PID=34372) to work on /home/vscode/.local/lib/python3.10/site-packages/airflow/example_dags/example_time_delta_sensor_async.py
[2025-08-15T15:25:38.481+0000] {processor.py:826} INFO - Processing file /home/vscode/.local/lib/python3.10/site-packages/airflow/example_dags/example_time_delta_sensor_async.py for tasks to queue
[2025-08-15T15:25:38.482+0000] {logging_mixin.py:150} INFO - [2025-08-15T15:25:38.481+0000] {dagbag.py:541} INFO - Filling up the DagBag from /home/vscode/.local/lib/python3.10/site-packages/airflow/example_dags/example_time_delta_sensor_async.py
[2025-08-15T15:25:38.485+0000] {processor.py:836} INFO - DAG(s) dict_keys(['example_time_delta_sensor_async']) retrieved from /home/vscode/.local/lib/python3.10/site-packages/airflow/example_dags/example_time_delta_sensor_async.py
[2025-08-15T15:25:38.501+0000] {logging_mixin.py:150} INFO - [2025-08-15T15:25:38.501+0000] {dag.py:2742} INFO - Sync 1 DAGs
[2025-08-15T15:25:38.516+0000] {logging_mixin.py:150} INFO - [2025-08-15T15:25:38.515+0000] {dag.py:3504} INFO - Setting next_dagrun for example_time_delta_sensor_async to None, run_after=None
[2025-08-15T15:25:38.532+0000] {processor.py:179} INFO - Processing /home/vscode/.local/lib/python3.10/site-packages/airflow/example_dags/example_time_delta_sensor_async.py took 0.054 seconds
[2025-08-15T15:26:23.794+0000] {processor.py:157} INFO - Started process (PID=34740) to work on /home/vscode/.local/lib/python3.10/site-packages/airflow/example_dags/example_time_delta_sensor_async.py
[2025-08-15T15:26:23.794+0000] {processor.py:826} INFO - Processing file /home/vscode/.local/lib/python3.10/site-packages/airflow/example_dags/example_time_delta_sensor_async.py for tasks to queue
[2025-08-15T15:26:23.795+0000] {logging_mixin.py:150} INFO - [2025-08-15T15:26:23.795+0000] {dagbag.py:541} INFO - Filling up the DagBag from /home/vscode/.local/lib/python3.10/site-packages/airflow/example_dags/example_time_delta_sensor_async.py
[2025-08-15T15:26:23.799+0000] {processor.py:836} INFO - DAG(s) dict_keys(['example_time_delta_sensor_async']) retrieved from /home/vscode/.local/lib/python3.10/site-packages/airflow/example_dags/example_time_delta_sensor_async.py
[2025-08-15T15:26:23.811+0000] {logging_mixin.py:150} INFO - [2025-08-15T15:26:23.811+0000] {dag.py:2742} INFO - Sync 1 DAGs
[2025-08-15T15:26:23.825+0000] {logging_mixin.py:150} INFO - [2025-08-15T15:26:23.825+0000] {dag.py:3504} INFO - Setting next_dagrun for example_time_delta_sensor_async to None, run_after=None
[2025-08-15T15:26:23.841+0000] {processor.py:179} INFO - Processing /home/vscode/.local/lib/python3.10/site-packages/airflow/example_dags/example_time_delta_sensor_async.py took 0.049 seconds
[2025-08-15T15:27:11.785+0000] {processor.py:157} INFO - Started process (PID=35169) to work on /home/vscode/.local/lib/python3.10/site-packages/airflow/example_dags/example_time_delta_sensor_async.py
[2025-08-15T15:27:11.786+0000] {processor.py:826} INFO - Processing file /home/vscode/.local/lib/python3.10/site-packages/airflow/example_dags/example_time_delta_sensor_async.py for tasks to queue
[2025-08-15T15:27:11.786+0000] {logging_mixin.py:150} INFO - [2025-08-15T15:27:11.786+0000] {dagbag.py:541} INFO - Filling up the DagBag from /home/vscode/.local/lib/python3.10/site-packages/airflow/example_dags/example_time_delta_sensor_async.py
[2025-08-15T15:27:11.790+0000] {processor.py:836} INFO - DAG(s) dict_keys(['example_time_delta_sensor_async']) retrieved from /home/vscode/.local/lib/python3.10/site-packages/airflow/example_dags/example_time_delta_sensor_async.py
[2025-08-15T15:27:11.802+0000] {logging_mixin.py:150} INFO - [2025-08-15T15:27:11.802+0000] {dag.py:2742} INFO - Sync 1 DAGs
[2025-08-15T15:27:11.816+0000] {logging_mixin.py:150} INFO - [2025-08-15T15:27:11.816+0000] {dag.py:3504} INFO - Setting next_dagrun for example_time_delta_sensor_async to None, run_after=None
[2025-08-15T15:27:11.833+0000] {processor.py:179} INFO - Processing /home/vscode/.local/lib/python3.10/site-packages/airflow/example_dags/example_time_delta_sensor_async.py took 0.050 seconds
