[2025-08-15T15:14:54.698+0000] {processor.py:157} INFO - Started process (PID=27364) to work on /home/vscode/.local/lib/python3.10/site-packages/airflow/example_dags/example_dynamic_task_mapping_with_no_taskflow_operators.py
[2025-08-15T15:14:54.699+0000] {processor.py:826} INFO - Processing file /home/vscode/.local/lib/python3.10/site-packages/airflow/example_dags/example_dynamic_task_mapping_with_no_taskflow_operators.py for tasks to queue
[2025-08-15T15:14:54.699+0000] {logging_mixin.py:150} INFO - [2025-08-15T15:14:54.699+0000] {dagbag.py:541} INFO - Filling up the DagBag from /home/vscode/.local/lib/python3.10/site-packages/airflow/example_dags/example_dynamic_task_mapping_with_no_taskflow_operators.py
[2025-08-15T15:14:54.706+0000] {processor.py:836} INFO - DAG(s) dict_keys(['example_dynamic_task_mapping_with_no_taskflow_operators']) retrieved from /home/vscode/.local/lib/python3.10/site-packages/airflow/example_dags/example_dynamic_task_mapping_with_no_taskflow_operators.py
[2025-08-15T15:14:54.789+0000] {logging_mixin.py:150} INFO - [2025-08-15T15:14:54.789+0000] {manager.py:504} INFO - Created Permission View: can read on DAG:example_dynamic_task_mapping_with_no_taskflow_operators
[2025-08-15T15:14:54.798+0000] {logging_mixin.py:150} INFO - [2025-08-15T15:14:54.798+0000] {manager.py:504} INFO - Created Permission View: can delete on DAG:example_dynamic_task_mapping_with_no_taskflow_operators
[2025-08-15T15:14:54.804+0000] {logging_mixin.py:150} INFO - [2025-08-15T15:14:54.804+0000] {manager.py:504} INFO - Created Permission View: can edit on DAG:example_dynamic_task_mapping_with_no_taskflow_operators
[2025-08-15T15:14:54.812+0000] {logging_mixin.py:150} INFO - [2025-08-15T15:14:54.812+0000] {dag.py:2742} INFO - Sync 1 DAGs
[2025-08-15T15:14:54.820+0000] {logging_mixin.py:150} INFO - [2025-08-15T15:14:54.820+0000] {dag.py:2763} INFO - Creating ORM DAG for example_dynamic_task_mapping_with_no_taskflow_operators
[2025-08-15T15:14:54.827+0000] {logging_mixin.py:150} INFO - [2025-08-15T15:14:54.826+0000] {dag.py:3504} INFO - Setting next_dagrun for example_dynamic_task_mapping_with_no_taskflow_operators to 2025-08-14T15:14:54.826750+00:00, run_after=2025-08-15T15:14:54.826750+00:00
[2025-08-15T15:14:54.844+0000] {processor.py:179} INFO - Processing /home/vscode/.local/lib/python3.10/site-packages/airflow/example_dags/example_dynamic_task_mapping_with_no_taskflow_operators.py took 0.148 seconds
[2025-08-15T15:15:42.532+0000] {processor.py:157} INFO - Started process (PID=27795) to work on /home/vscode/.local/lib/python3.10/site-packages/airflow/example_dags/example_dynamic_task_mapping_with_no_taskflow_operators.py
[2025-08-15T15:15:42.532+0000] {processor.py:826} INFO - Processing file /home/vscode/.local/lib/python3.10/site-packages/airflow/example_dags/example_dynamic_task_mapping_with_no_taskflow_operators.py for tasks to queue
[2025-08-15T15:15:42.533+0000] {logging_mixin.py:150} INFO - [2025-08-15T15:15:42.533+0000] {dagbag.py:541} INFO - Filling up the DagBag from /home/vscode/.local/lib/python3.10/site-packages/airflow/example_dags/example_dynamic_task_mapping_with_no_taskflow_operators.py
[2025-08-15T15:15:42.538+0000] {processor.py:836} INFO - DAG(s) dict_keys(['example_dynamic_task_mapping_with_no_taskflow_operators']) retrieved from /home/vscode/.local/lib/python3.10/site-packages/airflow/example_dags/example_dynamic_task_mapping_with_no_taskflow_operators.py
[2025-08-15T15:15:42.550+0000] {logging_mixin.py:150} INFO - [2025-08-15T15:15:42.550+0000] {dag.py:2742} INFO - Sync 1 DAGs
[2025-08-15T15:15:42.565+0000] {logging_mixin.py:150} INFO - [2025-08-15T15:15:42.565+0000] {dag.py:3504} INFO - Setting next_dagrun for example_dynamic_task_mapping_with_no_taskflow_operators to 2025-08-14T15:15:42.565003+00:00, run_after=2025-08-15T15:15:42.565003+00:00
[2025-08-15T15:15:42.580+0000] {processor.py:179} INFO - Processing /home/vscode/.local/lib/python3.10/site-packages/airflow/example_dags/example_dynamic_task_mapping_with_no_taskflow_operators.py took 0.050 seconds
[2025-08-15T15:16:32.143+0000] {processor.py:157} INFO - Started process (PID=28353) to work on /home/vscode/.local/lib/python3.10/site-packages/airflow/example_dags/example_dynamic_task_mapping_with_no_taskflow_operators.py
[2025-08-15T15:16:32.144+0000] {processor.py:826} INFO - Processing file /home/vscode/.local/lib/python3.10/site-packages/airflow/example_dags/example_dynamic_task_mapping_with_no_taskflow_operators.py for tasks to queue
[2025-08-15T15:16:32.145+0000] {logging_mixin.py:150} INFO - [2025-08-15T15:16:32.144+0000] {dagbag.py:541} INFO - Filling up the DagBag from /home/vscode/.local/lib/python3.10/site-packages/airflow/example_dags/example_dynamic_task_mapping_with_no_taskflow_operators.py
[2025-08-15T15:16:32.152+0000] {processor.py:836} INFO - DAG(s) dict_keys(['example_dynamic_task_mapping_with_no_taskflow_operators']) retrieved from /home/vscode/.local/lib/python3.10/site-packages/airflow/example_dags/example_dynamic_task_mapping_with_no_taskflow_operators.py
[2025-08-15T15:16:32.170+0000] {logging_mixin.py:150} INFO - [2025-08-15T15:16:32.169+0000] {dag.py:2742} INFO - Sync 1 DAGs
[2025-08-15T15:16:32.193+0000] {logging_mixin.py:150} INFO - [2025-08-15T15:16:32.192+0000] {dag.py:3504} INFO - Setting next_dagrun for example_dynamic_task_mapping_with_no_taskflow_operators to 2025-08-14T15:16:32.192597+00:00, run_after=2025-08-15T15:16:32.192597+00:00
[2025-08-15T15:16:32.216+0000] {processor.py:179} INFO - Processing /home/vscode/.local/lib/python3.10/site-packages/airflow/example_dags/example_dynamic_task_mapping_with_no_taskflow_operators.py took 0.076 seconds
[2025-08-15T15:17:23.339+0000] {processor.py:157} INFO - Started process (PID=28870) to work on /home/vscode/.local/lib/python3.10/site-packages/airflow/example_dags/example_dynamic_task_mapping_with_no_taskflow_operators.py
[2025-08-15T15:17:23.340+0000] {processor.py:826} INFO - Processing file /home/vscode/.local/lib/python3.10/site-packages/airflow/example_dags/example_dynamic_task_mapping_with_no_taskflow_operators.py for tasks to queue
[2025-08-15T15:17:23.341+0000] {logging_mixin.py:150} INFO - [2025-08-15T15:17:23.340+0000] {dagbag.py:541} INFO - Filling up the DagBag from /home/vscode/.local/lib/python3.10/site-packages/airflow/example_dags/example_dynamic_task_mapping_with_no_taskflow_operators.py
[2025-08-15T15:17:23.346+0000] {processor.py:836} INFO - DAG(s) dict_keys(['example_dynamic_task_mapping_with_no_taskflow_operators']) retrieved from /home/vscode/.local/lib/python3.10/site-packages/airflow/example_dags/example_dynamic_task_mapping_with_no_taskflow_operators.py
[2025-08-15T15:17:23.358+0000] {logging_mixin.py:150} INFO - [2025-08-15T15:17:23.358+0000] {dag.py:2742} INFO - Sync 1 DAGs
[2025-08-15T15:17:23.378+0000] {logging_mixin.py:150} INFO - [2025-08-15T15:17:23.378+0000] {dag.py:3504} INFO - Setting next_dagrun for example_dynamic_task_mapping_with_no_taskflow_operators to 2025-08-14T15:17:23.377918+00:00, run_after=2025-08-15T15:17:23.377918+00:00
[2025-08-15T15:17:23.394+0000] {processor.py:179} INFO - Processing /home/vscode/.local/lib/python3.10/site-packages/airflow/example_dags/example_dynamic_task_mapping_with_no_taskflow_operators.py took 0.057 seconds
[2025-08-15T15:18:09.462+0000] {processor.py:157} INFO - Started process (PID=29268) to work on /home/vscode/.local/lib/python3.10/site-packages/airflow/example_dags/example_dynamic_task_mapping_with_no_taskflow_operators.py
[2025-08-15T15:18:09.463+0000] {processor.py:826} INFO - Processing file /home/vscode/.local/lib/python3.10/site-packages/airflow/example_dags/example_dynamic_task_mapping_with_no_taskflow_operators.py for tasks to queue
[2025-08-15T15:18:09.463+0000] {logging_mixin.py:150} INFO - [2025-08-15T15:18:09.463+0000] {dagbag.py:541} INFO - Filling up the DagBag from /home/vscode/.local/lib/python3.10/site-packages/airflow/example_dags/example_dynamic_task_mapping_with_no_taskflow_operators.py
[2025-08-15T15:18:09.469+0000] {processor.py:836} INFO - DAG(s) dict_keys(['example_dynamic_task_mapping_with_no_taskflow_operators']) retrieved from /home/vscode/.local/lib/python3.10/site-packages/airflow/example_dags/example_dynamic_task_mapping_with_no_taskflow_operators.py
[2025-08-15T15:18:09.479+0000] {logging_mixin.py:150} INFO - [2025-08-15T15:18:09.479+0000] {dag.py:2742} INFO - Sync 1 DAGs
[2025-08-15T15:18:09.494+0000] {logging_mixin.py:150} INFO - [2025-08-15T15:18:09.494+0000] {dag.py:3504} INFO - Setting next_dagrun for example_dynamic_task_mapping_with_no_taskflow_operators to 2025-08-14T15:18:09.494214+00:00, run_after=2025-08-15T15:18:09.494214+00:00
[2025-08-15T15:18:09.509+0000] {processor.py:179} INFO - Processing /home/vscode/.local/lib/python3.10/site-packages/airflow/example_dags/example_dynamic_task_mapping_with_no_taskflow_operators.py took 0.049 seconds
[2025-08-15T15:18:53.659+0000] {processor.py:157} INFO - Started process (PID=29570) to work on /home/vscode/.local/lib/python3.10/site-packages/airflow/example_dags/example_dynamic_task_mapping_with_no_taskflow_operators.py
[2025-08-15T15:18:53.659+0000] {processor.py:826} INFO - Processing file /home/vscode/.local/lib/python3.10/site-packages/airflow/example_dags/example_dynamic_task_mapping_with_no_taskflow_operators.py for tasks to queue
[2025-08-15T15:18:53.660+0000] {logging_mixin.py:150} INFO - [2025-08-15T15:18:53.660+0000] {dagbag.py:541} INFO - Filling up the DagBag from /home/vscode/.local/lib/python3.10/site-packages/airflow/example_dags/example_dynamic_task_mapping_with_no_taskflow_operators.py
[2025-08-15T15:18:53.665+0000] {processor.py:836} INFO - DAG(s) dict_keys(['example_dynamic_task_mapping_with_no_taskflow_operators']) retrieved from /home/vscode/.local/lib/python3.10/site-packages/airflow/example_dags/example_dynamic_task_mapping_with_no_taskflow_operators.py
[2025-08-15T15:18:53.676+0000] {logging_mixin.py:150} INFO - [2025-08-15T15:18:53.676+0000] {dag.py:2742} INFO - Sync 1 DAGs
[2025-08-15T15:18:53.690+0000] {logging_mixin.py:150} INFO - [2025-08-15T15:18:53.690+0000] {dag.py:3504} INFO - Setting next_dagrun for example_dynamic_task_mapping_with_no_taskflow_operators to 2025-08-14T15:18:53.690563+00:00, run_after=2025-08-15T15:18:53.690563+00:00
[2025-08-15T15:18:53.706+0000] {processor.py:179} INFO - Processing /home/vscode/.local/lib/python3.10/site-packages/airflow/example_dags/example_dynamic_task_mapping_with_no_taskflow_operators.py took 0.049 seconds
[2025-08-15T15:19:43.976+0000] {processor.py:157} INFO - Started process (PID=29911) to work on /home/vscode/.local/lib/python3.10/site-packages/airflow/example_dags/example_dynamic_task_mapping_with_no_taskflow_operators.py
[2025-08-15T15:19:43.977+0000] {processor.py:826} INFO - Processing file /home/vscode/.local/lib/python3.10/site-packages/airflow/example_dags/example_dynamic_task_mapping_with_no_taskflow_operators.py for tasks to queue
[2025-08-15T15:19:43.977+0000] {logging_mixin.py:150} INFO - [2025-08-15T15:19:43.977+0000] {dagbag.py:541} INFO - Filling up the DagBag from /home/vscode/.local/lib/python3.10/site-packages/airflow/example_dags/example_dynamic_task_mapping_with_no_taskflow_operators.py
[2025-08-15T15:19:43.983+0000] {processor.py:836} INFO - DAG(s) dict_keys(['example_dynamic_task_mapping_with_no_taskflow_operators']) retrieved from /home/vscode/.local/lib/python3.10/site-packages/airflow/example_dags/example_dynamic_task_mapping_with_no_taskflow_operators.py
[2025-08-15T15:19:43.994+0000] {logging_mixin.py:150} INFO - [2025-08-15T15:19:43.994+0000] {dag.py:2742} INFO - Sync 1 DAGs
[2025-08-15T15:19:44.010+0000] {logging_mixin.py:150} INFO - [2025-08-15T15:19:44.010+0000] {dag.py:3504} INFO - Setting next_dagrun for example_dynamic_task_mapping_with_no_taskflow_operators to 2025-08-14T15:19:44.010156+00:00, run_after=2025-08-15T15:19:44.010156+00:00
[2025-08-15T15:19:44.026+0000] {processor.py:179} INFO - Processing /home/vscode/.local/lib/python3.10/site-packages/airflow/example_dags/example_dynamic_task_mapping_with_no_taskflow_operators.py took 0.053 seconds
[2025-08-15T15:20:44.945+0000] {processor.py:157} INFO - Started process (PID=31574) to work on /home/vscode/.local/lib/python3.10/site-packages/airflow/example_dags/example_dynamic_task_mapping_with_no_taskflow_operators.py
[2025-08-15T15:20:44.946+0000] {processor.py:826} INFO - Processing file /home/vscode/.local/lib/python3.10/site-packages/airflow/example_dags/example_dynamic_task_mapping_with_no_taskflow_operators.py for tasks to queue
[2025-08-15T15:20:44.947+0000] {logging_mixin.py:150} INFO - [2025-08-15T15:20:44.946+0000] {dagbag.py:541} INFO - Filling up the DagBag from /home/vscode/.local/lib/python3.10/site-packages/airflow/example_dags/example_dynamic_task_mapping_with_no_taskflow_operators.py
[2025-08-15T15:20:44.952+0000] {processor.py:836} INFO - DAG(s) dict_keys(['example_dynamic_task_mapping_with_no_taskflow_operators']) retrieved from /home/vscode/.local/lib/python3.10/site-packages/airflow/example_dags/example_dynamic_task_mapping_with_no_taskflow_operators.py
[2025-08-15T15:20:44.963+0000] {logging_mixin.py:150} INFO - [2025-08-15T15:20:44.963+0000] {dag.py:2742} INFO - Sync 1 DAGs
[2025-08-15T15:20:44.978+0000] {logging_mixin.py:150} INFO - [2025-08-15T15:20:44.978+0000] {dag.py:3504} INFO - Setting next_dagrun for example_dynamic_task_mapping_with_no_taskflow_operators to 2025-08-14T15:20:44.977984+00:00, run_after=2025-08-15T15:20:44.977984+00:00
[2025-08-15T15:20:44.995+0000] {processor.py:179} INFO - Processing /home/vscode/.local/lib/python3.10/site-packages/airflow/example_dags/example_dynamic_task_mapping_with_no_taskflow_operators.py took 0.052 seconds
[2025-08-15T15:21:30.081+0000] {processor.py:157} INFO - Started process (PID=31901) to work on /home/vscode/.local/lib/python3.10/site-packages/airflow/example_dags/example_dynamic_task_mapping_with_no_taskflow_operators.py
[2025-08-15T15:21:30.082+0000] {processor.py:826} INFO - Processing file /home/vscode/.local/lib/python3.10/site-packages/airflow/example_dags/example_dynamic_task_mapping_with_no_taskflow_operators.py for tasks to queue
[2025-08-15T15:21:30.083+0000] {logging_mixin.py:150} INFO - [2025-08-15T15:21:30.082+0000] {dagbag.py:541} INFO - Filling up the DagBag from /home/vscode/.local/lib/python3.10/site-packages/airflow/example_dags/example_dynamic_task_mapping_with_no_taskflow_operators.py
[2025-08-15T15:21:30.088+0000] {processor.py:836} INFO - DAG(s) dict_keys(['example_dynamic_task_mapping_with_no_taskflow_operators']) retrieved from /home/vscode/.local/lib/python3.10/site-packages/airflow/example_dags/example_dynamic_task_mapping_with_no_taskflow_operators.py
[2025-08-15T15:21:30.099+0000] {logging_mixin.py:150} INFO - [2025-08-15T15:21:30.099+0000] {dag.py:2742} INFO - Sync 1 DAGs
[2025-08-15T15:21:30.114+0000] {logging_mixin.py:150} INFO - [2025-08-15T15:21:30.114+0000] {dag.py:3504} INFO - Setting next_dagrun for example_dynamic_task_mapping_with_no_taskflow_operators to 2025-08-14T15:21:30.114068+00:00, run_after=2025-08-15T15:21:30.114068+00:00
[2025-08-15T15:21:30.130+0000] {processor.py:179} INFO - Processing /home/vscode/.local/lib/python3.10/site-packages/airflow/example_dags/example_dynamic_task_mapping_with_no_taskflow_operators.py took 0.051 seconds
[2025-08-15T15:22:21.765+0000] {processor.py:157} INFO - Started process (PID=32331) to work on /home/vscode/.local/lib/python3.10/site-packages/airflow/example_dags/example_dynamic_task_mapping_with_no_taskflow_operators.py
[2025-08-15T15:22:21.765+0000] {processor.py:826} INFO - Processing file /home/vscode/.local/lib/python3.10/site-packages/airflow/example_dags/example_dynamic_task_mapping_with_no_taskflow_operators.py for tasks to queue
[2025-08-15T15:22:21.766+0000] {logging_mixin.py:150} INFO - [2025-08-15T15:22:21.766+0000] {dagbag.py:541} INFO - Filling up the DagBag from /home/vscode/.local/lib/python3.10/site-packages/airflow/example_dags/example_dynamic_task_mapping_with_no_taskflow_operators.py
[2025-08-15T15:22:21.772+0000] {processor.py:836} INFO - DAG(s) dict_keys(['example_dynamic_task_mapping_with_no_taskflow_operators']) retrieved from /home/vscode/.local/lib/python3.10/site-packages/airflow/example_dags/example_dynamic_task_mapping_with_no_taskflow_operators.py
[2025-08-15T15:22:21.782+0000] {logging_mixin.py:150} INFO - [2025-08-15T15:22:21.782+0000] {dag.py:2742} INFO - Sync 1 DAGs
[2025-08-15T15:22:21.797+0000] {logging_mixin.py:150} INFO - [2025-08-15T15:22:21.797+0000] {dag.py:3504} INFO - Setting next_dagrun for example_dynamic_task_mapping_with_no_taskflow_operators to 2025-08-14T15:22:21.797330+00:00, run_after=2025-08-15T15:22:21.797330+00:00
[2025-08-15T15:22:21.812+0000] {processor.py:179} INFO - Processing /home/vscode/.local/lib/python3.10/site-packages/airflow/example_dags/example_dynamic_task_mapping_with_no_taskflow_operators.py took 0.050 seconds
[2025-08-15T15:23:08.602+0000] {processor.py:157} INFO - Started process (PID=32814) to work on /home/vscode/.local/lib/python3.10/site-packages/airflow/example_dags/example_dynamic_task_mapping_with_no_taskflow_operators.py
[2025-08-15T15:23:08.603+0000] {processor.py:826} INFO - Processing file /home/vscode/.local/lib/python3.10/site-packages/airflow/example_dags/example_dynamic_task_mapping_with_no_taskflow_operators.py for tasks to queue
[2025-08-15T15:23:08.604+0000] {logging_mixin.py:150} INFO - [2025-08-15T15:23:08.603+0000] {dagbag.py:541} INFO - Filling up the DagBag from /home/vscode/.local/lib/python3.10/site-packages/airflow/example_dags/example_dynamic_task_mapping_with_no_taskflow_operators.py
[2025-08-15T15:23:08.609+0000] {processor.py:836} INFO - DAG(s) dict_keys(['example_dynamic_task_mapping_with_no_taskflow_operators']) retrieved from /home/vscode/.local/lib/python3.10/site-packages/airflow/example_dags/example_dynamic_task_mapping_with_no_taskflow_operators.py
[2025-08-15T15:23:08.620+0000] {logging_mixin.py:150} INFO - [2025-08-15T15:23:08.620+0000] {dag.py:2742} INFO - Sync 1 DAGs
[2025-08-15T15:23:08.635+0000] {logging_mixin.py:150} INFO - [2025-08-15T15:23:08.634+0000] {dag.py:3504} INFO - Setting next_dagrun for example_dynamic_task_mapping_with_no_taskflow_operators to 2025-08-14T15:23:08.634762+00:00, run_after=2025-08-15T15:23:08.634762+00:00
[2025-08-15T15:23:08.650+0000] {processor.py:179} INFO - Processing /home/vscode/.local/lib/python3.10/site-packages/airflow/example_dags/example_dynamic_task_mapping_with_no_taskflow_operators.py took 0.050 seconds
[2025-08-15T15:23:55.652+0000] {processor.py:157} INFO - Started process (PID=33362) to work on /home/vscode/.local/lib/python3.10/site-packages/airflow/example_dags/example_dynamic_task_mapping_with_no_taskflow_operators.py
[2025-08-15T15:23:55.653+0000] {processor.py:826} INFO - Processing file /home/vscode/.local/lib/python3.10/site-packages/airflow/example_dags/example_dynamic_task_mapping_with_no_taskflow_operators.py for tasks to queue
[2025-08-15T15:23:55.655+0000] {logging_mixin.py:150} INFO - [2025-08-15T15:23:55.654+0000] {dagbag.py:541} INFO - Filling up the DagBag from /home/vscode/.local/lib/python3.10/site-packages/airflow/example_dags/example_dynamic_task_mapping_with_no_taskflow_operators.py
[2025-08-15T15:23:55.663+0000] {processor.py:836} INFO - DAG(s) dict_keys(['example_dynamic_task_mapping_with_no_taskflow_operators']) retrieved from /home/vscode/.local/lib/python3.10/site-packages/airflow/example_dags/example_dynamic_task_mapping_with_no_taskflow_operators.py
[2025-08-15T15:23:55.680+0000] {logging_mixin.py:150} INFO - [2025-08-15T15:23:55.680+0000] {dag.py:2742} INFO - Sync 1 DAGs
[2025-08-15T15:23:55.703+0000] {logging_mixin.py:150} INFO - [2025-08-15T15:23:55.703+0000] {dag.py:3504} INFO - Setting next_dagrun for example_dynamic_task_mapping_with_no_taskflow_operators to 2025-08-14T15:23:55.703009+00:00, run_after=2025-08-15T15:23:55.703009+00:00
[2025-08-15T15:23:55.738+0000] {processor.py:179} INFO - Processing /home/vscode/.local/lib/python3.10/site-packages/airflow/example_dags/example_dynamic_task_mapping_with_no_taskflow_operators.py took 0.089 seconds
[2025-08-15T15:24:39.616+0000] {processor.py:157} INFO - Started process (PID=33885) to work on /home/vscode/.local/lib/python3.10/site-packages/airflow/example_dags/example_dynamic_task_mapping_with_no_taskflow_operators.py
[2025-08-15T15:24:39.616+0000] {processor.py:826} INFO - Processing file /home/vscode/.local/lib/python3.10/site-packages/airflow/example_dags/example_dynamic_task_mapping_with_no_taskflow_operators.py for tasks to queue
[2025-08-15T15:24:39.617+0000] {logging_mixin.py:150} INFO - [2025-08-15T15:24:39.617+0000] {dagbag.py:541} INFO - Filling up the DagBag from /home/vscode/.local/lib/python3.10/site-packages/airflow/example_dags/example_dynamic_task_mapping_with_no_taskflow_operators.py
[2025-08-15T15:24:39.622+0000] {processor.py:836} INFO - DAG(s) dict_keys(['example_dynamic_task_mapping_with_no_taskflow_operators']) retrieved from /home/vscode/.local/lib/python3.10/site-packages/airflow/example_dags/example_dynamic_task_mapping_with_no_taskflow_operators.py
[2025-08-15T15:24:39.633+0000] {logging_mixin.py:150} INFO - [2025-08-15T15:24:39.633+0000] {dag.py:2742} INFO - Sync 1 DAGs
[2025-08-15T15:24:39.649+0000] {logging_mixin.py:150} INFO - [2025-08-15T15:24:39.649+0000] {dag.py:3504} INFO - Setting next_dagrun for example_dynamic_task_mapping_with_no_taskflow_operators to 2025-08-14T15:24:39.649286+00:00, run_after=2025-08-15T15:24:39.649286+00:00
[2025-08-15T15:24:39.665+0000] {processor.py:179} INFO - Processing /home/vscode/.local/lib/python3.10/site-packages/airflow/example_dags/example_dynamic_task_mapping_with_no_taskflow_operators.py took 0.052 seconds
[2025-08-15T15:25:27.679+0000] {processor.py:157} INFO - Started process (PID=34294) to work on /home/vscode/.local/lib/python3.10/site-packages/airflow/example_dags/example_dynamic_task_mapping_with_no_taskflow_operators.py
[2025-08-15T15:25:27.679+0000] {processor.py:826} INFO - Processing file /home/vscode/.local/lib/python3.10/site-packages/airflow/example_dags/example_dynamic_task_mapping_with_no_taskflow_operators.py for tasks to queue
[2025-08-15T15:25:27.680+0000] {logging_mixin.py:150} INFO - [2025-08-15T15:25:27.680+0000] {dagbag.py:541} INFO - Filling up the DagBag from /home/vscode/.local/lib/python3.10/site-packages/airflow/example_dags/example_dynamic_task_mapping_with_no_taskflow_operators.py
[2025-08-15T15:25:27.686+0000] {processor.py:836} INFO - DAG(s) dict_keys(['example_dynamic_task_mapping_with_no_taskflow_operators']) retrieved from /home/vscode/.local/lib/python3.10/site-packages/airflow/example_dags/example_dynamic_task_mapping_with_no_taskflow_operators.py
[2025-08-15T15:25:27.698+0000] {logging_mixin.py:150} INFO - [2025-08-15T15:25:27.698+0000] {dag.py:2742} INFO - Sync 1 DAGs
[2025-08-15T15:25:27.714+0000] {logging_mixin.py:150} INFO - [2025-08-15T15:25:27.713+0000] {dag.py:3504} INFO - Setting next_dagrun for example_dynamic_task_mapping_with_no_taskflow_operators to 2025-08-14T15:25:27.713721+00:00, run_after=2025-08-15T15:25:27.713721+00:00
[2025-08-15T15:25:27.729+0000] {processor.py:179} INFO - Processing /home/vscode/.local/lib/python3.10/site-packages/airflow/example_dags/example_dynamic_task_mapping_with_no_taskflow_operators.py took 0.053 seconds
[2025-08-15T15:26:13.513+0000] {processor.py:157} INFO - Started process (PID=34672) to work on /home/vscode/.local/lib/python3.10/site-packages/airflow/example_dags/example_dynamic_task_mapping_with_no_taskflow_operators.py
[2025-08-15T15:26:13.514+0000] {processor.py:826} INFO - Processing file /home/vscode/.local/lib/python3.10/site-packages/airflow/example_dags/example_dynamic_task_mapping_with_no_taskflow_operators.py for tasks to queue
[2025-08-15T15:26:13.515+0000] {logging_mixin.py:150} INFO - [2025-08-15T15:26:13.514+0000] {dagbag.py:541} INFO - Filling up the DagBag from /home/vscode/.local/lib/python3.10/site-packages/airflow/example_dags/example_dynamic_task_mapping_with_no_taskflow_operators.py
[2025-08-15T15:26:13.520+0000] {processor.py:836} INFO - DAG(s) dict_keys(['example_dynamic_task_mapping_with_no_taskflow_operators']) retrieved from /home/vscode/.local/lib/python3.10/site-packages/airflow/example_dags/example_dynamic_task_mapping_with_no_taskflow_operators.py
[2025-08-15T15:26:13.530+0000] {logging_mixin.py:150} INFO - [2025-08-15T15:26:13.530+0000] {dag.py:2742} INFO - Sync 1 DAGs
[2025-08-15T15:26:13.545+0000] {logging_mixin.py:150} INFO - [2025-08-15T15:26:13.545+0000] {dag.py:3504} INFO - Setting next_dagrun for example_dynamic_task_mapping_with_no_taskflow_operators to 2025-08-14T15:26:13.544983+00:00, run_after=2025-08-15T15:26:13.544983+00:00
[2025-08-15T15:26:13.560+0000] {processor.py:179} INFO - Processing /home/vscode/.local/lib/python3.10/site-packages/airflow/example_dags/example_dynamic_task_mapping_with_no_taskflow_operators.py took 0.049 seconds
[2025-08-15T15:27:01.505+0000] {processor.py:157} INFO - Started process (PID=35092) to work on /home/vscode/.local/lib/python3.10/site-packages/airflow/example_dags/example_dynamic_task_mapping_with_no_taskflow_operators.py
[2025-08-15T15:27:01.506+0000] {processor.py:826} INFO - Processing file /home/vscode/.local/lib/python3.10/site-packages/airflow/example_dags/example_dynamic_task_mapping_with_no_taskflow_operators.py for tasks to queue
[2025-08-15T15:27:01.506+0000] {logging_mixin.py:150} INFO - [2025-08-15T15:27:01.506+0000] {dagbag.py:541} INFO - Filling up the DagBag from /home/vscode/.local/lib/python3.10/site-packages/airflow/example_dags/example_dynamic_task_mapping_with_no_taskflow_operators.py
[2025-08-15T15:27:01.512+0000] {processor.py:836} INFO - DAG(s) dict_keys(['example_dynamic_task_mapping_with_no_taskflow_operators']) retrieved from /home/vscode/.local/lib/python3.10/site-packages/airflow/example_dags/example_dynamic_task_mapping_with_no_taskflow_operators.py
[2025-08-15T15:27:01.523+0000] {logging_mixin.py:150} INFO - [2025-08-15T15:27:01.523+0000] {dag.py:2742} INFO - Sync 1 DAGs
[2025-08-15T15:27:01.538+0000] {logging_mixin.py:150} INFO - [2025-08-15T15:27:01.538+0000] {dag.py:3504} INFO - Setting next_dagrun for example_dynamic_task_mapping_with_no_taskflow_operators to 2025-08-14T15:27:01.538104+00:00, run_after=2025-08-15T15:27:01.538104+00:00
[2025-08-15T15:27:01.555+0000] {processor.py:179} INFO - Processing /home/vscode/.local/lib/python3.10/site-packages/airflow/example_dags/example_dynamic_task_mapping_with_no_taskflow_operators.py took 0.052 seconds
