[2025-08-15T14:30:55.790+0000] {processor.py:157} INFO - Started process (PID=4942) to work on /home/vscode/.local/lib/python3.10/site-packages/airflow/example_dags/example_trigger_target_dag.py
[2025-08-15T14:30:55.791+0000] {processor.py:826} INFO - Processing file /home/vscode/.local/lib/python3.10/site-packages/airflow/example_dags/example_trigger_target_dag.py for tasks to queue
[2025-08-15T14:30:55.791+0000] {logging_mixin.py:150} INFO - [2025-08-15T14:30:55.791+0000] {dagbag.py:541} INFO - Filling up the DagBag from /home/vscode/.local/lib/python3.10/site-packages/airflow/example_dags/example_trigger_target_dag.py
[2025-08-15T14:30:55.797+0000] {processor.py:836} INFO - DAG(s) dict_keys(['example_trigger_target_dag']) retrieved from /home/vscode/.local/lib/python3.10/site-packages/airflow/example_dags/example_trigger_target_dag.py
[2025-08-15T14:30:55.810+0000] {logging_mixin.py:150} INFO - [2025-08-15T14:30:55.810+0000] {dag.py:2742} INFO - Sync 1 DAGs
[2025-08-15T14:30:55.826+0000] {logging_mixin.py:150} INFO - [2025-08-15T14:30:55.825+0000] {dag.py:3504} INFO - Setting next_dagrun for example_trigger_target_dag to None, run_after=None
[2025-08-15T14:30:55.841+0000] {processor.py:179} INFO - Processing /home/vscode/.local/lib/python3.10/site-packages/airflow/example_dags/example_trigger_target_dag.py took 0.053 seconds
[2025-08-15T14:31:42.078+0000] {processor.py:157} INFO - Started process (PID=5265) to work on /home/vscode/.local/lib/python3.10/site-packages/airflow/example_dags/example_trigger_target_dag.py
[2025-08-15T14:31:42.079+0000] {processor.py:826} INFO - Processing file /home/vscode/.local/lib/python3.10/site-packages/airflow/example_dags/example_trigger_target_dag.py for tasks to queue
[2025-08-15T14:31:42.079+0000] {logging_mixin.py:150} INFO - [2025-08-15T14:31:42.079+0000] {dagbag.py:541} INFO - Filling up the DagBag from /home/vscode/.local/lib/python3.10/site-packages/airflow/example_dags/example_trigger_target_dag.py
[2025-08-15T14:31:42.084+0000] {processor.py:836} INFO - DAG(s) dict_keys(['example_trigger_target_dag']) retrieved from /home/vscode/.local/lib/python3.10/site-packages/airflow/example_dags/example_trigger_target_dag.py
[2025-08-15T14:31:42.095+0000] {logging_mixin.py:150} INFO - [2025-08-15T14:31:42.095+0000] {dag.py:2742} INFO - Sync 1 DAGs
[2025-08-15T14:31:42.110+0000] {logging_mixin.py:150} INFO - [2025-08-15T14:31:42.110+0000] {dag.py:3504} INFO - Setting next_dagrun for example_trigger_target_dag to None, run_after=None
[2025-08-15T14:31:42.125+0000] {processor.py:179} INFO - Processing /home/vscode/.local/lib/python3.10/site-packages/airflow/example_dags/example_trigger_target_dag.py took 0.050 seconds
[2025-08-15T14:32:26.868+0000] {processor.py:157} INFO - Started process (PID=5604) to work on /home/vscode/.local/lib/python3.10/site-packages/airflow/example_dags/example_trigger_target_dag.py
[2025-08-15T14:32:26.868+0000] {processor.py:826} INFO - Processing file /home/vscode/.local/lib/python3.10/site-packages/airflow/example_dags/example_trigger_target_dag.py for tasks to queue
[2025-08-15T14:32:26.869+0000] {logging_mixin.py:150} INFO - [2025-08-15T14:32:26.869+0000] {dagbag.py:541} INFO - Filling up the DagBag from /home/vscode/.local/lib/python3.10/site-packages/airflow/example_dags/example_trigger_target_dag.py
[2025-08-15T14:32:26.874+0000] {processor.py:836} INFO - DAG(s) dict_keys(['example_trigger_target_dag']) retrieved from /home/vscode/.local/lib/python3.10/site-packages/airflow/example_dags/example_trigger_target_dag.py
[2025-08-15T14:32:26.886+0000] {logging_mixin.py:150} INFO - [2025-08-15T14:32:26.886+0000] {dag.py:2742} INFO - Sync 1 DAGs
[2025-08-15T14:32:26.901+0000] {logging_mixin.py:150} INFO - [2025-08-15T14:32:26.901+0000] {dag.py:3504} INFO - Setting next_dagrun for example_trigger_target_dag to None, run_after=None
[2025-08-15T14:32:26.923+0000] {processor.py:179} INFO - Processing /home/vscode/.local/lib/python3.10/site-packages/airflow/example_dags/example_trigger_target_dag.py took 0.058 seconds
