[2025-08-15T15:14:40.348+0000] {processor.py:157} INFO - Started process (PID=27177) to work on /home/vscode/.local/lib/python3.10/site-packages/airflow/example_dags/example_short_circuit_decorator.py
[2025-08-15T15:14:40.348+0000] {processor.py:826} INFO - Processing file /home/vscode/.local/lib/python3.10/site-packages/airflow/example_dags/example_short_circuit_decorator.py for tasks to queue
[2025-08-15T15:14:40.349+0000] {logging_mixin.py:150} INFO - [2025-08-15T15:14:40.349+0000] {dagbag.py:541} INFO - Filling up the DagBag from /home/vscode/.local/lib/python3.10/site-packages/airflow/example_dags/example_short_circuit_decorator.py
[2025-08-15T15:14:40.358+0000] {processor.py:836} INFO - DAG(s) dict_keys(['example_short_circuit_decorator']) retrieved from /home/vscode/.local/lib/python3.10/site-packages/airflow/example_dags/example_short_circuit_decorator.py
[2025-08-15T15:14:40.441+0000] {logging_mixin.py:150} INFO - [2025-08-15T15:14:40.441+0000] {manager.py:504} INFO - Created Permission View: can read on DAG:example_short_circuit_decorator
[2025-08-15T15:14:40.451+0000] {logging_mixin.py:150} INFO - [2025-08-15T15:14:40.451+0000] {manager.py:504} INFO - Created Permission View: can delete on DAG:example_short_circuit_decorator
[2025-08-15T15:14:40.459+0000] {logging_mixin.py:150} INFO - [2025-08-15T15:14:40.458+0000] {manager.py:504} INFO - Created Permission View: can edit on DAG:example_short_circuit_decorator
[2025-08-15T15:14:40.469+0000] {logging_mixin.py:150} INFO - [2025-08-15T15:14:40.468+0000] {dag.py:2742} INFO - Sync 1 DAGs
[2025-08-15T15:14:40.476+0000] {logging_mixin.py:150} INFO - [2025-08-15T15:14:40.476+0000] {dag.py:2763} INFO - Creating ORM DAG for example_short_circuit_decorator
[2025-08-15T15:14:40.487+0000] {logging_mixin.py:150} INFO - [2025-08-15T15:14:40.487+0000] {dag.py:3504} INFO - Setting next_dagrun for example_short_circuit_decorator to 2025-08-14T15:14:40.487011+00:00, run_after=2025-08-15T15:14:40.487011+00:00
[2025-08-15T15:14:40.510+0000] {processor.py:179} INFO - Processing /home/vscode/.local/lib/python3.10/site-packages/airflow/example_dags/example_short_circuit_decorator.py took 0.165 seconds
[2025-08-15T15:15:29.383+0000] {processor.py:157} INFO - Started process (PID=27652) to work on /home/vscode/.local/lib/python3.10/site-packages/airflow/example_dags/example_short_circuit_decorator.py
[2025-08-15T15:15:29.384+0000] {processor.py:826} INFO - Processing file /home/vscode/.local/lib/python3.10/site-packages/airflow/example_dags/example_short_circuit_decorator.py for tasks to queue
[2025-08-15T15:15:29.384+0000] {logging_mixin.py:150} INFO - [2025-08-15T15:15:29.384+0000] {dagbag.py:541} INFO - Filling up the DagBag from /home/vscode/.local/lib/python3.10/site-packages/airflow/example_dags/example_short_circuit_decorator.py
[2025-08-15T15:15:29.391+0000] {processor.py:836} INFO - DAG(s) dict_keys(['example_short_circuit_decorator']) retrieved from /home/vscode/.local/lib/python3.10/site-packages/airflow/example_dags/example_short_circuit_decorator.py
[2025-08-15T15:15:29.405+0000] {logging_mixin.py:150} INFO - [2025-08-15T15:15:29.405+0000] {dag.py:2742} INFO - Sync 1 DAGs
[2025-08-15T15:15:29.421+0000] {logging_mixin.py:150} INFO - [2025-08-15T15:15:29.421+0000] {dag.py:3504} INFO - Setting next_dagrun for example_short_circuit_decorator to 2025-08-14T15:15:29.420961+00:00, run_after=2025-08-15T15:15:29.420961+00:00
[2025-08-15T15:15:29.438+0000] {processor.py:179} INFO - Processing /home/vscode/.local/lib/python3.10/site-packages/airflow/example_dags/example_short_circuit_decorator.py took 0.057 seconds
[2025-08-15T15:16:14.729+0000] {processor.py:157} INFO - Started process (PID=28121) to work on /home/vscode/.local/lib/python3.10/site-packages/airflow/example_dags/example_short_circuit_decorator.py
[2025-08-15T15:16:14.730+0000] {processor.py:826} INFO - Processing file /home/vscode/.local/lib/python3.10/site-packages/airflow/example_dags/example_short_circuit_decorator.py for tasks to queue
[2025-08-15T15:16:14.730+0000] {logging_mixin.py:150} INFO - [2025-08-15T15:16:14.730+0000] {dagbag.py:541} INFO - Filling up the DagBag from /home/vscode/.local/lib/python3.10/site-packages/airflow/example_dags/example_short_circuit_decorator.py
[2025-08-15T15:16:14.740+0000] {processor.py:836} INFO - DAG(s) dict_keys(['example_short_circuit_decorator']) retrieved from /home/vscode/.local/lib/python3.10/site-packages/airflow/example_dags/example_short_circuit_decorator.py
[2025-08-15T15:16:14.759+0000] {logging_mixin.py:150} INFO - [2025-08-15T15:16:14.759+0000] {dag.py:2742} INFO - Sync 1 DAGs
[2025-08-15T15:16:14.780+0000] {logging_mixin.py:150} INFO - [2025-08-15T15:16:14.780+0000] {dag.py:3504} INFO - Setting next_dagrun for example_short_circuit_decorator to 2025-08-14T15:16:14.779795+00:00, run_after=2025-08-15T15:16:14.779795+00:00
[2025-08-15T15:16:14.800+0000] {processor.py:179} INFO - Processing /home/vscode/.local/lib/python3.10/site-packages/airflow/example_dags/example_short_circuit_decorator.py took 0.074 seconds
[2025-08-15T15:17:03.545+0000] {processor.py:157} INFO - Started process (PID=28723) to work on /home/vscode/.local/lib/python3.10/site-packages/airflow/example_dags/example_short_circuit_decorator.py
[2025-08-15T15:17:03.546+0000] {processor.py:826} INFO - Processing file /home/vscode/.local/lib/python3.10/site-packages/airflow/example_dags/example_short_circuit_decorator.py for tasks to queue
[2025-08-15T15:17:03.546+0000] {logging_mixin.py:150} INFO - [2025-08-15T15:17:03.546+0000] {dagbag.py:541} INFO - Filling up the DagBag from /home/vscode/.local/lib/python3.10/site-packages/airflow/example_dags/example_short_circuit_decorator.py
[2025-08-15T15:17:03.554+0000] {processor.py:836} INFO - DAG(s) dict_keys(['example_short_circuit_decorator']) retrieved from /home/vscode/.local/lib/python3.10/site-packages/airflow/example_dags/example_short_circuit_decorator.py
[2025-08-15T15:17:03.567+0000] {logging_mixin.py:150} INFO - [2025-08-15T15:17:03.567+0000] {dag.py:2742} INFO - Sync 1 DAGs
[2025-08-15T15:17:03.584+0000] {logging_mixin.py:150} INFO - [2025-08-15T15:17:03.583+0000] {dag.py:3504} INFO - Setting next_dagrun for example_short_circuit_decorator to 2025-08-14T15:17:03.583737+00:00, run_after=2025-08-15T15:17:03.583737+00:00
[2025-08-15T15:17:03.600+0000] {processor.py:179} INFO - Processing /home/vscode/.local/lib/python3.10/site-packages/airflow/example_dags/example_short_circuit_decorator.py took 0.057 seconds
[2025-08-15T15:17:50.847+0000] {processor.py:157} INFO - Started process (PID=29139) to work on /home/vscode/.local/lib/python3.10/site-packages/airflow/example_dags/example_short_circuit_decorator.py
[2025-08-15T15:17:50.847+0000] {processor.py:826} INFO - Processing file /home/vscode/.local/lib/python3.10/site-packages/airflow/example_dags/example_short_circuit_decorator.py for tasks to queue
[2025-08-15T15:17:50.848+0000] {logging_mixin.py:150} INFO - [2025-08-15T15:17:50.848+0000] {dagbag.py:541} INFO - Filling up the DagBag from /home/vscode/.local/lib/python3.10/site-packages/airflow/example_dags/example_short_circuit_decorator.py
[2025-08-15T15:17:50.855+0000] {processor.py:836} INFO - DAG(s) dict_keys(['example_short_circuit_decorator']) retrieved from /home/vscode/.local/lib/python3.10/site-packages/airflow/example_dags/example_short_circuit_decorator.py
[2025-08-15T15:17:50.868+0000] {logging_mixin.py:150} INFO - [2025-08-15T15:17:50.868+0000] {dag.py:2742} INFO - Sync 1 DAGs
[2025-08-15T15:17:50.883+0000] {logging_mixin.py:150} INFO - [2025-08-15T15:17:50.882+0000] {dag.py:3504} INFO - Setting next_dagrun for example_short_circuit_decorator to 2025-08-14T15:17:50.882646+00:00, run_after=2025-08-15T15:17:50.882646+00:00
[2025-08-15T15:17:50.898+0000] {processor.py:179} INFO - Processing /home/vscode/.local/lib/python3.10/site-packages/airflow/example_dags/example_short_circuit_decorator.py took 0.054 seconds
[2025-08-15T15:18:37.703+0000] {processor.py:157} INFO - Started process (PID=29459) to work on /home/vscode/.local/lib/python3.10/site-packages/airflow/example_dags/example_short_circuit_decorator.py
[2025-08-15T15:18:37.704+0000] {processor.py:826} INFO - Processing file /home/vscode/.local/lib/python3.10/site-packages/airflow/example_dags/example_short_circuit_decorator.py for tasks to queue
[2025-08-15T15:18:37.704+0000] {logging_mixin.py:150} INFO - [2025-08-15T15:18:37.704+0000] {dagbag.py:541} INFO - Filling up the DagBag from /home/vscode/.local/lib/python3.10/site-packages/airflow/example_dags/example_short_circuit_decorator.py
[2025-08-15T15:18:37.712+0000] {processor.py:836} INFO - DAG(s) dict_keys(['example_short_circuit_decorator']) retrieved from /home/vscode/.local/lib/python3.10/site-packages/airflow/example_dags/example_short_circuit_decorator.py
[2025-08-15T15:18:37.726+0000] {logging_mixin.py:150} INFO - [2025-08-15T15:18:37.726+0000] {dag.py:2742} INFO - Sync 1 DAGs
[2025-08-15T15:18:37.741+0000] {logging_mixin.py:150} INFO - [2025-08-15T15:18:37.741+0000] {dag.py:3504} INFO - Setting next_dagrun for example_short_circuit_decorator to 2025-08-14T15:18:37.741116+00:00, run_after=2025-08-15T15:18:37.741116+00:00
[2025-08-15T15:18:37.757+0000] {processor.py:179} INFO - Processing /home/vscode/.local/lib/python3.10/site-packages/airflow/example_dags/example_short_circuit_decorator.py took 0.056 seconds
[2025-08-15T15:19:20.487+0000] {processor.py:157} INFO - Started process (PID=29751) to work on /home/vscode/.local/lib/python3.10/site-packages/airflow/example_dags/example_short_circuit_decorator.py
[2025-08-15T15:19:20.488+0000] {processor.py:826} INFO - Processing file /home/vscode/.local/lib/python3.10/site-packages/airflow/example_dags/example_short_circuit_decorator.py for tasks to queue
[2025-08-15T15:19:20.488+0000] {logging_mixin.py:150} INFO - [2025-08-15T15:19:20.488+0000] {dagbag.py:541} INFO - Filling up the DagBag from /home/vscode/.local/lib/python3.10/site-packages/airflow/example_dags/example_short_circuit_decorator.py
[2025-08-15T15:19:20.495+0000] {processor.py:836} INFO - DAG(s) dict_keys(['example_short_circuit_decorator']) retrieved from /home/vscode/.local/lib/python3.10/site-packages/airflow/example_dags/example_short_circuit_decorator.py
[2025-08-15T15:19:20.509+0000] {logging_mixin.py:150} INFO - [2025-08-15T15:19:20.509+0000] {dag.py:2742} INFO - Sync 1 DAGs
[2025-08-15T15:19:20.525+0000] {logging_mixin.py:150} INFO - [2025-08-15T15:19:20.525+0000] {dag.py:3504} INFO - Setting next_dagrun for example_short_circuit_decorator to 2025-08-14T15:19:20.525558+00:00, run_after=2025-08-15T15:19:20.525558+00:00
[2025-08-15T15:19:20.543+0000] {processor.py:179} INFO - Processing /home/vscode/.local/lib/python3.10/site-packages/airflow/example_dags/example_short_circuit_decorator.py took 0.058 seconds
[2025-08-15T15:20:06.876+0000] {processor.py:157} INFO - Started process (PID=30672) to work on /home/vscode/.local/lib/python3.10/site-packages/airflow/example_dags/example_short_circuit_decorator.py
[2025-08-15T15:20:06.877+0000] {processor.py:826} INFO - Processing file /home/vscode/.local/lib/python3.10/site-packages/airflow/example_dags/example_short_circuit_decorator.py for tasks to queue
[2025-08-15T15:20:06.880+0000] {logging_mixin.py:150} INFO - [2025-08-15T15:20:06.879+0000] {dagbag.py:541} INFO - Filling up the DagBag from /home/vscode/.local/lib/python3.10/site-packages/airflow/example_dags/example_short_circuit_decorator.py
[2025-08-15T15:20:06.903+0000] {processor.py:836} INFO - DAG(s) dict_keys(['example_short_circuit_decorator']) retrieved from /home/vscode/.local/lib/python3.10/site-packages/airflow/example_dags/example_short_circuit_decorator.py
[2025-08-15T15:20:06.956+0000] {logging_mixin.py:150} INFO - [2025-08-15T15:20:06.956+0000] {dag.py:2742} INFO - Sync 1 DAGs
[2025-08-15T15:20:07.006+0000] {logging_mixin.py:150} INFO - [2025-08-15T15:20:07.005+0000] {dag.py:3504} INFO - Setting next_dagrun for example_short_circuit_decorator to 2025-08-14T15:20:07.005600+00:00, run_after=2025-08-15T15:20:07.005600+00:00
[2025-08-15T15:20:07.033+0000] {processor.py:179} INFO - Processing /home/vscode/.local/lib/python3.10/site-packages/airflow/example_dags/example_short_circuit_decorator.py took 0.165 seconds
[2025-08-15T15:21:03.913+0000] {processor.py:157} INFO - Started process (PID=31714) to work on /home/vscode/.local/lib/python3.10/site-packages/airflow/example_dags/example_short_circuit_decorator.py
[2025-08-15T15:21:03.914+0000] {processor.py:826} INFO - Processing file /home/vscode/.local/lib/python3.10/site-packages/airflow/example_dags/example_short_circuit_decorator.py for tasks to queue
[2025-08-15T15:21:03.914+0000] {logging_mixin.py:150} INFO - [2025-08-15T15:21:03.914+0000] {dagbag.py:541} INFO - Filling up the DagBag from /home/vscode/.local/lib/python3.10/site-packages/airflow/example_dags/example_short_circuit_decorator.py
[2025-08-15T15:21:03.922+0000] {processor.py:836} INFO - DAG(s) dict_keys(['example_short_circuit_decorator']) retrieved from /home/vscode/.local/lib/python3.10/site-packages/airflow/example_dags/example_short_circuit_decorator.py
[2025-08-15T15:21:03.936+0000] {logging_mixin.py:150} INFO - [2025-08-15T15:21:03.936+0000] {dag.py:2742} INFO - Sync 1 DAGs
[2025-08-15T15:21:03.953+0000] {logging_mixin.py:150} INFO - [2025-08-15T15:21:03.952+0000] {dag.py:3504} INFO - Setting next_dagrun for example_short_circuit_decorator to 2025-08-14T15:21:03.952675+00:00, run_after=2025-08-15T15:21:03.952675+00:00
[2025-08-15T15:21:03.971+0000] {processor.py:179} INFO - Processing /home/vscode/.local/lib/python3.10/site-packages/airflow/example_dags/example_short_circuit_decorator.py took 0.060 seconds
[2025-08-15T15:21:50.357+0000] {processor.py:157} INFO - Started process (PID=32053) to work on /home/vscode/.local/lib/python3.10/site-packages/airflow/example_dags/example_short_circuit_decorator.py
[2025-08-15T15:21:50.357+0000] {processor.py:826} INFO - Processing file /home/vscode/.local/lib/python3.10/site-packages/airflow/example_dags/example_short_circuit_decorator.py for tasks to queue
[2025-08-15T15:21:50.358+0000] {logging_mixin.py:150} INFO - [2025-08-15T15:21:50.358+0000] {dagbag.py:541} INFO - Filling up the DagBag from /home/vscode/.local/lib/python3.10/site-packages/airflow/example_dags/example_short_circuit_decorator.py
[2025-08-15T15:21:50.365+0000] {processor.py:836} INFO - DAG(s) dict_keys(['example_short_circuit_decorator']) retrieved from /home/vscode/.local/lib/python3.10/site-packages/airflow/example_dags/example_short_circuit_decorator.py
[2025-08-15T15:21:50.379+0000] {logging_mixin.py:150} INFO - [2025-08-15T15:21:50.378+0000] {dag.py:2742} INFO - Sync 1 DAGs
[2025-08-15T15:21:50.393+0000] {logging_mixin.py:150} INFO - [2025-08-15T15:21:50.393+0000] {dag.py:3504} INFO - Setting next_dagrun for example_short_circuit_decorator to 2025-08-14T15:21:50.393159+00:00, run_after=2025-08-15T15:21:50.393159+00:00
[2025-08-15T15:21:50.410+0000] {processor.py:179} INFO - Processing /home/vscode/.local/lib/python3.10/site-packages/airflow/example_dags/example_short_circuit_decorator.py took 0.056 seconds
[2025-08-15T15:22:41.755+0000] {processor.py:157} INFO - Started process (PID=32484) to work on /home/vscode/.local/lib/python3.10/site-packages/airflow/example_dags/example_short_circuit_decorator.py
[2025-08-15T15:22:41.756+0000] {processor.py:826} INFO - Processing file /home/vscode/.local/lib/python3.10/site-packages/airflow/example_dags/example_short_circuit_decorator.py for tasks to queue
[2025-08-15T15:22:41.756+0000] {logging_mixin.py:150} INFO - [2025-08-15T15:22:41.756+0000] {dagbag.py:541} INFO - Filling up the DagBag from /home/vscode/.local/lib/python3.10/site-packages/airflow/example_dags/example_short_circuit_decorator.py
[2025-08-15T15:22:41.764+0000] {processor.py:836} INFO - DAG(s) dict_keys(['example_short_circuit_decorator']) retrieved from /home/vscode/.local/lib/python3.10/site-packages/airflow/example_dags/example_short_circuit_decorator.py
[2025-08-15T15:22:41.780+0000] {logging_mixin.py:150} INFO - [2025-08-15T15:22:41.780+0000] {dag.py:2742} INFO - Sync 1 DAGs
[2025-08-15T15:22:41.800+0000] {logging_mixin.py:150} INFO - [2025-08-15T15:22:41.800+0000] {dag.py:3504} INFO - Setting next_dagrun for example_short_circuit_decorator to 2025-08-14T15:22:41.800315+00:00, run_after=2025-08-15T15:22:41.800315+00:00
[2025-08-15T15:22:41.817+0000] {processor.py:179} INFO - Processing /home/vscode/.local/lib/python3.10/site-packages/airflow/example_dags/example_short_circuit_decorator.py took 0.065 seconds
[2025-08-15T15:23:29.930+0000] {processor.py:157} INFO - Started process (PID=33101) to work on /home/vscode/.local/lib/python3.10/site-packages/airflow/example_dags/example_short_circuit_decorator.py
[2025-08-15T15:23:29.930+0000] {processor.py:826} INFO - Processing file /home/vscode/.local/lib/python3.10/site-packages/airflow/example_dags/example_short_circuit_decorator.py for tasks to queue
[2025-08-15T15:23:29.931+0000] {logging_mixin.py:150} INFO - [2025-08-15T15:23:29.931+0000] {dagbag.py:541} INFO - Filling up the DagBag from /home/vscode/.local/lib/python3.10/site-packages/airflow/example_dags/example_short_circuit_decorator.py
[2025-08-15T15:23:29.939+0000] {processor.py:836} INFO - DAG(s) dict_keys(['example_short_circuit_decorator']) retrieved from /home/vscode/.local/lib/python3.10/site-packages/airflow/example_dags/example_short_circuit_decorator.py
[2025-08-15T15:23:29.954+0000] {logging_mixin.py:150} INFO - [2025-08-15T15:23:29.954+0000] {dag.py:2742} INFO - Sync 1 DAGs
[2025-08-15T15:23:29.972+0000] {logging_mixin.py:150} INFO - [2025-08-15T15:23:29.971+0000] {dag.py:3504} INFO - Setting next_dagrun for example_short_circuit_decorator to 2025-08-14T15:23:29.971725+00:00, run_after=2025-08-15T15:23:29.971725+00:00
[2025-08-15T15:23:29.989+0000] {processor.py:179} INFO - Processing /home/vscode/.local/lib/python3.10/site-packages/airflow/example_dags/example_short_circuit_decorator.py took 0.062 seconds
[2025-08-15T15:24:14.648+0000] {processor.py:157} INFO - Started process (PID=33613) to work on /home/vscode/.local/lib/python3.10/site-packages/airflow/example_dags/example_short_circuit_decorator.py
[2025-08-15T15:24:14.649+0000] {processor.py:826} INFO - Processing file /home/vscode/.local/lib/python3.10/site-packages/airflow/example_dags/example_short_circuit_decorator.py for tasks to queue
[2025-08-15T15:24:14.650+0000] {logging_mixin.py:150} INFO - [2025-08-15T15:24:14.649+0000] {dagbag.py:541} INFO - Filling up the DagBag from /home/vscode/.local/lib/python3.10/site-packages/airflow/example_dags/example_short_circuit_decorator.py
[2025-08-15T15:24:14.657+0000] {processor.py:836} INFO - DAG(s) dict_keys(['example_short_circuit_decorator']) retrieved from /home/vscode/.local/lib/python3.10/site-packages/airflow/example_dags/example_short_circuit_decorator.py
[2025-08-15T15:24:14.670+0000] {logging_mixin.py:150} INFO - [2025-08-15T15:24:14.670+0000] {dag.py:2742} INFO - Sync 1 DAGs
[2025-08-15T15:24:14.685+0000] {logging_mixin.py:150} INFO - [2025-08-15T15:24:14.685+0000] {dag.py:3504} INFO - Setting next_dagrun for example_short_circuit_decorator to 2025-08-14T15:24:14.685051+00:00, run_after=2025-08-15T15:24:14.685051+00:00
[2025-08-15T15:24:14.702+0000] {processor.py:179} INFO - Processing /home/vscode/.local/lib/python3.10/site-packages/airflow/example_dags/example_short_circuit_decorator.py took 0.056 seconds
[2025-08-15T15:24:59.045+0000] {processor.py:157} INFO - Started process (PID=34097) to work on /home/vscode/.local/lib/python3.10/site-packages/airflow/example_dags/example_short_circuit_decorator.py
[2025-08-15T15:24:59.046+0000] {processor.py:826} INFO - Processing file /home/vscode/.local/lib/python3.10/site-packages/airflow/example_dags/example_short_circuit_decorator.py for tasks to queue
[2025-08-15T15:24:59.047+0000] {logging_mixin.py:150} INFO - [2025-08-15T15:24:59.046+0000] {dagbag.py:541} INFO - Filling up the DagBag from /home/vscode/.local/lib/python3.10/site-packages/airflow/example_dags/example_short_circuit_decorator.py
[2025-08-15T15:24:59.055+0000] {processor.py:836} INFO - DAG(s) dict_keys(['example_short_circuit_decorator']) retrieved from /home/vscode/.local/lib/python3.10/site-packages/airflow/example_dags/example_short_circuit_decorator.py
[2025-08-15T15:24:59.069+0000] {logging_mixin.py:150} INFO - [2025-08-15T15:24:59.069+0000] {dag.py:2742} INFO - Sync 1 DAGs
[2025-08-15T15:24:59.087+0000] {logging_mixin.py:150} INFO - [2025-08-15T15:24:59.087+0000] {dag.py:3504} INFO - Setting next_dagrun for example_short_circuit_decorator to 2025-08-14T15:24:59.087346+00:00, run_after=2025-08-15T15:24:59.087346+00:00
[2025-08-15T15:24:59.103+0000] {processor.py:179} INFO - Processing /home/vscode/.local/lib/python3.10/site-packages/airflow/example_dags/example_short_circuit_decorator.py took 0.061 seconds
[2025-08-15T15:25:46.811+0000] {processor.py:157} INFO - Started process (PID=34433) to work on /home/vscode/.local/lib/python3.10/site-packages/airflow/example_dags/example_short_circuit_decorator.py
[2025-08-15T15:25:46.812+0000] {processor.py:826} INFO - Processing file /home/vscode/.local/lib/python3.10/site-packages/airflow/example_dags/example_short_circuit_decorator.py for tasks to queue
[2025-08-15T15:25:46.812+0000] {logging_mixin.py:150} INFO - [2025-08-15T15:25:46.812+0000] {dagbag.py:541} INFO - Filling up the DagBag from /home/vscode/.local/lib/python3.10/site-packages/airflow/example_dags/example_short_circuit_decorator.py
[2025-08-15T15:25:46.819+0000] {processor.py:836} INFO - DAG(s) dict_keys(['example_short_circuit_decorator']) retrieved from /home/vscode/.local/lib/python3.10/site-packages/airflow/example_dags/example_short_circuit_decorator.py
[2025-08-15T15:25:46.833+0000] {logging_mixin.py:150} INFO - [2025-08-15T15:25:46.833+0000] {dag.py:2742} INFO - Sync 1 DAGs
[2025-08-15T15:25:46.847+0000] {logging_mixin.py:150} INFO - [2025-08-15T15:25:46.847+0000] {dag.py:3504} INFO - Setting next_dagrun for example_short_circuit_decorator to 2025-08-14T15:25:46.847188+00:00, run_after=2025-08-15T15:25:46.847188+00:00
[2025-08-15T15:25:46.872+0000] {processor.py:179} INFO - Processing /home/vscode/.local/lib/python3.10/site-packages/airflow/example_dags/example_short_circuit_decorator.py took 0.063 seconds
[2025-08-15T15:26:32.951+0000] {processor.py:157} INFO - Started process (PID=34804) to work on /home/vscode/.local/lib/python3.10/site-packages/airflow/example_dags/example_short_circuit_decorator.py
[2025-08-15T15:26:32.952+0000] {processor.py:826} INFO - Processing file /home/vscode/.local/lib/python3.10/site-packages/airflow/example_dags/example_short_circuit_decorator.py for tasks to queue
[2025-08-15T15:26:32.952+0000] {logging_mixin.py:150} INFO - [2025-08-15T15:26:32.952+0000] {dagbag.py:541} INFO - Filling up the DagBag from /home/vscode/.local/lib/python3.10/site-packages/airflow/example_dags/example_short_circuit_decorator.py
[2025-08-15T15:26:32.962+0000] {processor.py:836} INFO - DAG(s) dict_keys(['example_short_circuit_decorator']) retrieved from /home/vscode/.local/lib/python3.10/site-packages/airflow/example_dags/example_short_circuit_decorator.py
[2025-08-15T15:26:32.976+0000] {logging_mixin.py:150} INFO - [2025-08-15T15:26:32.976+0000] {dag.py:2742} INFO - Sync 1 DAGs
[2025-08-15T15:26:32.992+0000] {logging_mixin.py:150} INFO - [2025-08-15T15:26:32.992+0000] {dag.py:3504} INFO - Setting next_dagrun for example_short_circuit_decorator to 2025-08-14T15:26:32.992628+00:00, run_after=2025-08-15T15:26:32.992628+00:00
[2025-08-15T15:26:33.009+0000] {processor.py:179} INFO - Processing /home/vscode/.local/lib/python3.10/site-packages/airflow/example_dags/example_short_circuit_decorator.py took 0.063 seconds
