[2025-08-15T14:31:22.653+0000] {processor.py:157} INFO - Started process (PID=5129) to work on /home/vscode/.local/lib/python3.10/site-packages/airflow/example_dags/example_datasets.py
[2025-08-15T14:31:22.653+0000] {processor.py:826} INFO - Processing file /home/vscode/.local/lib/python3.10/site-packages/airflow/example_dags/example_datasets.py for tasks to queue
[2025-08-15T14:31:22.654+0000] {logging_mixin.py:150} INFO - [2025-08-15T14:31:22.654+0000] {dagbag.py:541} INFO - Filling up the DagBag from /home/vscode/.local/lib/python3.10/site-packages/airflow/example_dags/example_datasets.py
[2025-08-15T14:31:22.662+0000] {processor.py:836} INFO - DAG(s) dict_keys(['dataset_produces_2', 'dataset_consumes_1_and_2', 'dataset_consumes_1', 'dataset_produces_1', 'dataset_consumes_1_never_scheduled', 'dataset_consumes_unknown_never_scheduled']) retrieved from /home/vscode/.local/lib/python3.10/site-packages/airflow/example_dags/example_datasets.py
[2025-08-15T14:31:22.683+0000] {logging_mixin.py:150} INFO - [2025-08-15T14:31:22.683+0000] {dag.py:2742} INFO - Sync 6 DAGs
[2025-08-15T14:31:22.698+0000] {logging_mixin.py:150} INFO - [2025-08-15T14:31:22.698+0000] {dag.py:3504} INFO - Setting next_dagrun for dataset_consumes_1 to None, run_after=None
[2025-08-15T14:31:22.700+0000] {logging_mixin.py:150} INFO - [2025-08-15T14:31:22.700+0000] {dag.py:3504} INFO - Setting next_dagrun for dataset_consumes_1_and_2 to None, run_after=None
[2025-08-15T14:31:22.701+0000] {logging_mixin.py:150} INFO - [2025-08-15T14:31:22.701+0000] {dag.py:3504} INFO - Setting next_dagrun for dataset_consumes_1_never_scheduled to None, run_after=None
[2025-08-15T14:31:22.701+0000] {logging_mixin.py:150} INFO - [2025-08-15T14:31:22.701+0000] {dag.py:3504} INFO - Setting next_dagrun for dataset_consumes_unknown_never_scheduled to None, run_after=None
[2025-08-15T14:31:22.703+0000] {logging_mixin.py:150} INFO - [2025-08-15T14:31:22.703+0000] {dag.py:3504} INFO - Setting next_dagrun for dataset_produces_1 to 2025-08-14T00:00:00+00:00, run_after=2025-08-15T00:00:00+00:00
[2025-08-15T14:31:22.704+0000] {logging_mixin.py:150} INFO - [2025-08-15T14:31:22.704+0000] {dag.py:3504} INFO - Setting next_dagrun for dataset_produces_2 to None, run_after=None
[2025-08-15T14:31:22.726+0000] {processor.py:179} INFO - Processing /home/vscode/.local/lib/python3.10/site-packages/airflow/example_dags/example_datasets.py took 0.075 seconds
[2025-08-15T14:32:08.830+0000] {processor.py:157} INFO - Started process (PID=5468) to work on /home/vscode/.local/lib/python3.10/site-packages/airflow/example_dags/example_datasets.py
[2025-08-15T14:32:08.831+0000] {processor.py:826} INFO - Processing file /home/vscode/.local/lib/python3.10/site-packages/airflow/example_dags/example_datasets.py for tasks to queue
[2025-08-15T14:32:08.832+0000] {logging_mixin.py:150} INFO - [2025-08-15T14:32:08.831+0000] {dagbag.py:541} INFO - Filling up the DagBag from /home/vscode/.local/lib/python3.10/site-packages/airflow/example_dags/example_datasets.py
[2025-08-15T14:32:08.839+0000] {processor.py:836} INFO - DAG(s) dict_keys(['dataset_produces_2', 'dataset_consumes_1_and_2', 'dataset_consumes_1_never_scheduled', 'dataset_consumes_unknown_never_scheduled', 'dataset_produces_1', 'dataset_consumes_1']) retrieved from /home/vscode/.local/lib/python3.10/site-packages/airflow/example_dags/example_datasets.py
[2025-08-15T14:32:08.859+0000] {logging_mixin.py:150} INFO - [2025-08-15T14:32:08.859+0000] {dag.py:2742} INFO - Sync 6 DAGs
[2025-08-15T14:32:08.875+0000] {logging_mixin.py:150} INFO - [2025-08-15T14:32:08.875+0000] {dag.py:3504} INFO - Setting next_dagrun for dataset_consumes_1 to None, run_after=None
[2025-08-15T14:32:08.877+0000] {logging_mixin.py:150} INFO - [2025-08-15T14:32:08.877+0000] {dag.py:3504} INFO - Setting next_dagrun for dataset_consumes_1_and_2 to None, run_after=None
[2025-08-15T14:32:08.878+0000] {logging_mixin.py:150} INFO - [2025-08-15T14:32:08.878+0000] {dag.py:3504} INFO - Setting next_dagrun for dataset_consumes_1_never_scheduled to None, run_after=None
[2025-08-15T14:32:08.879+0000] {logging_mixin.py:150} INFO - [2025-08-15T14:32:08.879+0000] {dag.py:3504} INFO - Setting next_dagrun for dataset_consumes_unknown_never_scheduled to None, run_after=None
[2025-08-15T14:32:08.881+0000] {logging_mixin.py:150} INFO - [2025-08-15T14:32:08.881+0000] {dag.py:3504} INFO - Setting next_dagrun for dataset_produces_1 to 2025-08-14T00:00:00+00:00, run_after=2025-08-15T00:00:00+00:00
[2025-08-15T14:32:08.881+0000] {logging_mixin.py:150} INFO - [2025-08-15T14:32:08.881+0000] {dag.py:3504} INFO - Setting next_dagrun for dataset_produces_2 to None, run_after=None
[2025-08-15T14:32:08.905+0000] {processor.py:179} INFO - Processing /home/vscode/.local/lib/python3.10/site-packages/airflow/example_dags/example_datasets.py took 0.077 seconds
