[2025-08-15T15:14:53.069+0000] {processor.py:157} INFO - Started process (PID=27340) to work on /home/vscode/.local/lib/python3.10/site-packages/airflow/example_dags/example_external_task_marker_dag.py
[2025-08-15T15:14:53.070+0000] {processor.py:826} INFO - Processing file /home/vscode/.local/lib/python3.10/site-packages/airflow/example_dags/example_external_task_marker_dag.py for tasks to queue
[2025-08-15T15:14:53.071+0000] {logging_mixin.py:150} INFO - [2025-08-15T15:14:53.070+0000] {dagbag.py:541} INFO - Filling up the DagBag from /home/vscode/.local/lib/python3.10/site-packages/airflow/example_dags/example_external_task_marker_dag.py
[2025-08-15T15:14:53.077+0000] {processor.py:836} INFO - DAG(s) dict_keys(['example_external_task_marker_child', 'example_external_task_marker_parent']) retrieved from /home/vscode/.local/lib/python3.10/site-packages/airflow/example_dags/example_external_task_marker_dag.py
[2025-08-15T15:14:53.159+0000] {logging_mixin.py:150} INFO - [2025-08-15T15:14:53.159+0000] {manager.py:504} INFO - Created Permission View: can read on DAG:example_external_task_marker_child
[2025-08-15T15:14:53.169+0000] {logging_mixin.py:150} INFO - [2025-08-15T15:14:53.169+0000] {manager.py:504} INFO - Created Permission View: can delete on DAG:example_external_task_marker_child
[2025-08-15T15:14:53.176+0000] {logging_mixin.py:150} INFO - [2025-08-15T15:14:53.176+0000] {manager.py:504} INFO - Created Permission View: can edit on DAG:example_external_task_marker_child
[2025-08-15T15:14:53.205+0000] {logging_mixin.py:150} INFO - [2025-08-15T15:14:53.205+0000] {manager.py:504} INFO - Created Permission View: can read on DAG:example_external_task_marker_parent
[2025-08-15T15:14:53.216+0000] {logging_mixin.py:150} INFO - [2025-08-15T15:14:53.215+0000] {manager.py:504} INFO - Created Permission View: can delete on DAG:example_external_task_marker_parent
[2025-08-15T15:14:53.226+0000] {logging_mixin.py:150} INFO - [2025-08-15T15:14:53.225+0000] {manager.py:504} INFO - Created Permission View: can edit on DAG:example_external_task_marker_parent
[2025-08-15T15:14:53.232+0000] {logging_mixin.py:150} INFO - [2025-08-15T15:14:53.232+0000] {dag.py:2742} INFO - Sync 2 DAGs
[2025-08-15T15:14:53.244+0000] {logging_mixin.py:150} INFO - [2025-08-15T15:14:53.244+0000] {dag.py:2763} INFO - Creating ORM DAG for example_external_task_marker_parent
[2025-08-15T15:14:53.245+0000] {logging_mixin.py:150} INFO - [2025-08-15T15:14:53.245+0000] {dag.py:2763} INFO - Creating ORM DAG for example_external_task_marker_child
[2025-08-15T15:14:53.252+0000] {logging_mixin.py:150} INFO - [2025-08-15T15:14:53.252+0000] {dag.py:3504} INFO - Setting next_dagrun for example_external_task_marker_child to None, run_after=None
[2025-08-15T15:14:53.253+0000] {logging_mixin.py:150} INFO - [2025-08-15T15:14:53.253+0000] {dag.py:3504} INFO - Setting next_dagrun for example_external_task_marker_parent to None, run_after=None
[2025-08-15T15:14:53.278+0000] {processor.py:179} INFO - Processing /home/vscode/.local/lib/python3.10/site-packages/airflow/example_dags/example_external_task_marker_dag.py took 0.211 seconds
[2025-08-15T15:15:40.964+0000] {processor.py:157} INFO - Started process (PID=27779) to work on /home/vscode/.local/lib/python3.10/site-packages/airflow/example_dags/example_external_task_marker_dag.py
[2025-08-15T15:15:40.965+0000] {processor.py:826} INFO - Processing file /home/vscode/.local/lib/python3.10/site-packages/airflow/example_dags/example_external_task_marker_dag.py for tasks to queue
[2025-08-15T15:15:40.966+0000] {logging_mixin.py:150} INFO - [2025-08-15T15:15:40.965+0000] {dagbag.py:541} INFO - Filling up the DagBag from /home/vscode/.local/lib/python3.10/site-packages/airflow/example_dags/example_external_task_marker_dag.py
[2025-08-15T15:15:40.972+0000] {processor.py:836} INFO - DAG(s) dict_keys(['example_external_task_marker_child', 'example_external_task_marker_parent']) retrieved from /home/vscode/.local/lib/python3.10/site-packages/airflow/example_dags/example_external_task_marker_dag.py
[2025-08-15T15:15:40.997+0000] {logging_mixin.py:150} INFO - [2025-08-15T15:15:40.997+0000] {dag.py:2742} INFO - Sync 2 DAGs
[2025-08-15T15:15:41.043+0000] {logging_mixin.py:150} INFO - [2025-08-15T15:15:41.042+0000] {dag.py:3504} INFO - Setting next_dagrun for example_external_task_marker_child to None, run_after=None
[2025-08-15T15:15:41.047+0000] {logging_mixin.py:150} INFO - [2025-08-15T15:15:41.047+0000] {dag.py:3504} INFO - Setting next_dagrun for example_external_task_marker_parent to None, run_after=None
[2025-08-15T15:15:41.076+0000] {processor.py:179} INFO - Processing /home/vscode/.local/lib/python3.10/site-packages/airflow/example_dags/example_external_task_marker_dag.py took 0.116 seconds
[2025-08-15T15:16:29.867+0000] {processor.py:157} INFO - Started process (PID=28322) to work on /home/vscode/.local/lib/python3.10/site-packages/airflow/example_dags/example_external_task_marker_dag.py
[2025-08-15T15:16:29.867+0000] {processor.py:826} INFO - Processing file /home/vscode/.local/lib/python3.10/site-packages/airflow/example_dags/example_external_task_marker_dag.py for tasks to queue
[2025-08-15T15:16:29.868+0000] {logging_mixin.py:150} INFO - [2025-08-15T15:16:29.868+0000] {dagbag.py:541} INFO - Filling up the DagBag from /home/vscode/.local/lib/python3.10/site-packages/airflow/example_dags/example_external_task_marker_dag.py
[2025-08-15T15:16:29.872+0000] {processor.py:836} INFO - DAG(s) dict_keys(['example_external_task_marker_child', 'example_external_task_marker_parent']) retrieved from /home/vscode/.local/lib/python3.10/site-packages/airflow/example_dags/example_external_task_marker_dag.py
[2025-08-15T15:16:29.887+0000] {logging_mixin.py:150} INFO - [2025-08-15T15:16:29.887+0000] {dag.py:2742} INFO - Sync 2 DAGs
[2025-08-15T15:16:29.901+0000] {logging_mixin.py:150} INFO - [2025-08-15T15:16:29.901+0000] {dag.py:3504} INFO - Setting next_dagrun for example_external_task_marker_child to None, run_after=None
[2025-08-15T15:16:29.903+0000] {logging_mixin.py:150} INFO - [2025-08-15T15:16:29.903+0000] {dag.py:3504} INFO - Setting next_dagrun for example_external_task_marker_parent to None, run_after=None
[2025-08-15T15:16:29.918+0000] {processor.py:179} INFO - Processing /home/vscode/.local/lib/python3.10/site-packages/airflow/example_dags/example_external_task_marker_dag.py took 0.053 seconds
[2025-08-15T15:17:21.066+0000] {processor.py:157} INFO - Started process (PID=28848) to work on /home/vscode/.local/lib/python3.10/site-packages/airflow/example_dags/example_external_task_marker_dag.py
[2025-08-15T15:17:21.067+0000] {processor.py:826} INFO - Processing file /home/vscode/.local/lib/python3.10/site-packages/airflow/example_dags/example_external_task_marker_dag.py for tasks to queue
[2025-08-15T15:17:21.068+0000] {logging_mixin.py:150} INFO - [2025-08-15T15:17:21.067+0000] {dagbag.py:541} INFO - Filling up the DagBag from /home/vscode/.local/lib/python3.10/site-packages/airflow/example_dags/example_external_task_marker_dag.py
[2025-08-15T15:17:21.072+0000] {processor.py:836} INFO - DAG(s) dict_keys(['example_external_task_marker_child', 'example_external_task_marker_parent']) retrieved from /home/vscode/.local/lib/python3.10/site-packages/airflow/example_dags/example_external_task_marker_dag.py
[2025-08-15T15:17:21.087+0000] {logging_mixin.py:150} INFO - [2025-08-15T15:17:21.087+0000] {dag.py:2742} INFO - Sync 2 DAGs
[2025-08-15T15:17:21.106+0000] {logging_mixin.py:150} INFO - [2025-08-15T15:17:21.106+0000] {dag.py:3504} INFO - Setting next_dagrun for example_external_task_marker_child to None, run_after=None
[2025-08-15T15:17:21.108+0000] {logging_mixin.py:150} INFO - [2025-08-15T15:17:21.108+0000] {dag.py:3504} INFO - Setting next_dagrun for example_external_task_marker_parent to None, run_after=None
[2025-08-15T15:17:21.122+0000] {processor.py:179} INFO - Processing /home/vscode/.local/lib/python3.10/site-packages/airflow/example_dags/example_external_task_marker_dag.py took 0.058 seconds
[2025-08-15T15:18:07.195+0000] {processor.py:157} INFO - Started process (PID=29257) to work on /home/vscode/.local/lib/python3.10/site-packages/airflow/example_dags/example_external_task_marker_dag.py
[2025-08-15T15:18:07.196+0000] {processor.py:826} INFO - Processing file /home/vscode/.local/lib/python3.10/site-packages/airflow/example_dags/example_external_task_marker_dag.py for tasks to queue
[2025-08-15T15:18:07.196+0000] {logging_mixin.py:150} INFO - [2025-08-15T15:18:07.196+0000] {dagbag.py:541} INFO - Filling up the DagBag from /home/vscode/.local/lib/python3.10/site-packages/airflow/example_dags/example_external_task_marker_dag.py
[2025-08-15T15:18:07.201+0000] {processor.py:836} INFO - DAG(s) dict_keys(['example_external_task_marker_parent', 'example_external_task_marker_child']) retrieved from /home/vscode/.local/lib/python3.10/site-packages/airflow/example_dags/example_external_task_marker_dag.py
[2025-08-15T15:18:07.215+0000] {logging_mixin.py:150} INFO - [2025-08-15T15:18:07.215+0000] {dag.py:2742} INFO - Sync 2 DAGs
[2025-08-15T15:18:07.230+0000] {logging_mixin.py:150} INFO - [2025-08-15T15:18:07.230+0000] {dag.py:3504} INFO - Setting next_dagrun for example_external_task_marker_child to None, run_after=None
[2025-08-15T15:18:07.233+0000] {logging_mixin.py:150} INFO - [2025-08-15T15:18:07.233+0000] {dag.py:3504} INFO - Setting next_dagrun for example_external_task_marker_parent to None, run_after=None
[2025-08-15T15:18:07.246+0000] {processor.py:179} INFO - Processing /home/vscode/.local/lib/python3.10/site-packages/airflow/example_dags/example_external_task_marker_dag.py took 0.054 seconds
[2025-08-15T15:18:51.386+0000] {processor.py:157} INFO - Started process (PID=29554) to work on /home/vscode/.local/lib/python3.10/site-packages/airflow/example_dags/example_external_task_marker_dag.py
[2025-08-15T15:18:51.387+0000] {processor.py:826} INFO - Processing file /home/vscode/.local/lib/python3.10/site-packages/airflow/example_dags/example_external_task_marker_dag.py for tasks to queue
[2025-08-15T15:18:51.388+0000] {logging_mixin.py:150} INFO - [2025-08-15T15:18:51.387+0000] {dagbag.py:541} INFO - Filling up the DagBag from /home/vscode/.local/lib/python3.10/site-packages/airflow/example_dags/example_external_task_marker_dag.py
[2025-08-15T15:18:51.392+0000] {processor.py:836} INFO - DAG(s) dict_keys(['example_external_task_marker_child', 'example_external_task_marker_parent']) retrieved from /home/vscode/.local/lib/python3.10/site-packages/airflow/example_dags/example_external_task_marker_dag.py
[2025-08-15T15:18:51.408+0000] {logging_mixin.py:150} INFO - [2025-08-15T15:18:51.408+0000] {dag.py:2742} INFO - Sync 2 DAGs
[2025-08-15T15:18:51.422+0000] {logging_mixin.py:150} INFO - [2025-08-15T15:18:51.422+0000] {dag.py:3504} INFO - Setting next_dagrun for example_external_task_marker_child to None, run_after=None
[2025-08-15T15:18:51.424+0000] {logging_mixin.py:150} INFO - [2025-08-15T15:18:51.424+0000] {dag.py:3504} INFO - Setting next_dagrun for example_external_task_marker_parent to None, run_after=None
[2025-08-15T15:18:51.438+0000] {processor.py:179} INFO - Processing /home/vscode/.local/lib/python3.10/site-packages/airflow/example_dags/example_external_task_marker_dag.py took 0.054 seconds
[2025-08-15T15:19:35.964+0000] {processor.py:157} INFO - Started process (PID=29853) to work on /home/vscode/.local/lib/python3.10/site-packages/airflow/example_dags/example_external_task_marker_dag.py
[2025-08-15T15:19:35.964+0000] {processor.py:826} INFO - Processing file /home/vscode/.local/lib/python3.10/site-packages/airflow/example_dags/example_external_task_marker_dag.py for tasks to queue
[2025-08-15T15:19:35.965+0000] {logging_mixin.py:150} INFO - [2025-08-15T15:19:35.965+0000] {dagbag.py:541} INFO - Filling up the DagBag from /home/vscode/.local/lib/python3.10/site-packages/airflow/example_dags/example_external_task_marker_dag.py
[2025-08-15T15:19:35.969+0000] {processor.py:836} INFO - DAG(s) dict_keys(['example_external_task_marker_parent', 'example_external_task_marker_child']) retrieved from /home/vscode/.local/lib/python3.10/site-packages/airflow/example_dags/example_external_task_marker_dag.py
[2025-08-15T15:19:35.984+0000] {logging_mixin.py:150} INFO - [2025-08-15T15:19:35.983+0000] {dag.py:2742} INFO - Sync 2 DAGs
[2025-08-15T15:19:35.998+0000] {logging_mixin.py:150} INFO - [2025-08-15T15:19:35.998+0000] {dag.py:3504} INFO - Setting next_dagrun for example_external_task_marker_child to None, run_after=None
[2025-08-15T15:19:36.000+0000] {logging_mixin.py:150} INFO - [2025-08-15T15:19:36.000+0000] {dag.py:3504} INFO - Setting next_dagrun for example_external_task_marker_parent to None, run_after=None
[2025-08-15T15:19:36.014+0000] {processor.py:179} INFO - Processing /home/vscode/.local/lib/python3.10/site-packages/airflow/example_dags/example_external_task_marker_dag.py took 0.053 seconds
[2025-08-15T15:20:31.446+0000] {processor.py:157} INFO - Started process (PID=31481) to work on /home/vscode/.local/lib/python3.10/site-packages/airflow/example_dags/example_external_task_marker_dag.py
[2025-08-15T15:20:31.447+0000] {processor.py:826} INFO - Processing file /home/vscode/.local/lib/python3.10/site-packages/airflow/example_dags/example_external_task_marker_dag.py for tasks to queue
[2025-08-15T15:20:31.447+0000] {logging_mixin.py:150} INFO - [2025-08-15T15:20:31.447+0000] {dagbag.py:541} INFO - Filling up the DagBag from /home/vscode/.local/lib/python3.10/site-packages/airflow/example_dags/example_external_task_marker_dag.py
[2025-08-15T15:20:31.452+0000] {processor.py:836} INFO - DAG(s) dict_keys(['example_external_task_marker_parent', 'example_external_task_marker_child']) retrieved from /home/vscode/.local/lib/python3.10/site-packages/airflow/example_dags/example_external_task_marker_dag.py
[2025-08-15T15:20:31.467+0000] {logging_mixin.py:150} INFO - [2025-08-15T15:20:31.467+0000] {dag.py:2742} INFO - Sync 2 DAGs
[2025-08-15T15:20:31.482+0000] {logging_mixin.py:150} INFO - [2025-08-15T15:20:31.481+0000] {dag.py:3504} INFO - Setting next_dagrun for example_external_task_marker_child to None, run_after=None
[2025-08-15T15:20:31.484+0000] {logging_mixin.py:150} INFO - [2025-08-15T15:20:31.484+0000] {dag.py:3504} INFO - Setting next_dagrun for example_external_task_marker_parent to None, run_after=None
[2025-08-15T15:20:31.499+0000] {processor.py:179} INFO - Processing /home/vscode/.local/lib/python3.10/site-packages/airflow/example_dags/example_external_task_marker_dag.py took 0.055 seconds
[2025-08-15T15:21:22.672+0000] {processor.py:157} INFO - Started process (PID=31848) to work on /home/vscode/.local/lib/python3.10/site-packages/airflow/example_dags/example_external_task_marker_dag.py
[2025-08-15T15:21:22.673+0000] {processor.py:826} INFO - Processing file /home/vscode/.local/lib/python3.10/site-packages/airflow/example_dags/example_external_task_marker_dag.py for tasks to queue
[2025-08-15T15:21:22.673+0000] {logging_mixin.py:150} INFO - [2025-08-15T15:21:22.673+0000] {dagbag.py:541} INFO - Filling up the DagBag from /home/vscode/.local/lib/python3.10/site-packages/airflow/example_dags/example_external_task_marker_dag.py
[2025-08-15T15:21:22.678+0000] {processor.py:836} INFO - DAG(s) dict_keys(['example_external_task_marker_child', 'example_external_task_marker_parent']) retrieved from /home/vscode/.local/lib/python3.10/site-packages/airflow/example_dags/example_external_task_marker_dag.py
[2025-08-15T15:21:22.692+0000] {logging_mixin.py:150} INFO - [2025-08-15T15:21:22.692+0000] {dag.py:2742} INFO - Sync 2 DAGs
[2025-08-15T15:21:22.707+0000] {logging_mixin.py:150} INFO - [2025-08-15T15:21:22.707+0000] {dag.py:3504} INFO - Setting next_dagrun for example_external_task_marker_child to None, run_after=None
[2025-08-15T15:21:22.709+0000] {logging_mixin.py:150} INFO - [2025-08-15T15:21:22.709+0000] {dag.py:3504} INFO - Setting next_dagrun for example_external_task_marker_parent to None, run_after=None
[2025-08-15T15:21:22.724+0000] {processor.py:179} INFO - Processing /home/vscode/.local/lib/python3.10/site-packages/airflow/example_dags/example_external_task_marker_dag.py took 0.054 seconds
[2025-08-15T15:22:12.785+0000] {processor.py:157} INFO - Started process (PID=32268) to work on /home/vscode/.local/lib/python3.10/site-packages/airflow/example_dags/example_external_task_marker_dag.py
[2025-08-15T15:22:12.785+0000] {processor.py:826} INFO - Processing file /home/vscode/.local/lib/python3.10/site-packages/airflow/example_dags/example_external_task_marker_dag.py for tasks to queue
[2025-08-15T15:22:12.786+0000] {logging_mixin.py:150} INFO - [2025-08-15T15:22:12.786+0000] {dagbag.py:541} INFO - Filling up the DagBag from /home/vscode/.local/lib/python3.10/site-packages/airflow/example_dags/example_external_task_marker_dag.py
[2025-08-15T15:22:12.790+0000] {processor.py:836} INFO - DAG(s) dict_keys(['example_external_task_marker_parent', 'example_external_task_marker_child']) retrieved from /home/vscode/.local/lib/python3.10/site-packages/airflow/example_dags/example_external_task_marker_dag.py
[2025-08-15T15:22:12.805+0000] {logging_mixin.py:150} INFO - [2025-08-15T15:22:12.805+0000] {dag.py:2742} INFO - Sync 2 DAGs
[2025-08-15T15:22:12.819+0000] {logging_mixin.py:150} INFO - [2025-08-15T15:22:12.819+0000] {dag.py:3504} INFO - Setting next_dagrun for example_external_task_marker_child to None, run_after=None
[2025-08-15T15:22:12.822+0000] {logging_mixin.py:150} INFO - [2025-08-15T15:22:12.822+0000] {dag.py:3504} INFO - Setting next_dagrun for example_external_task_marker_parent to None, run_after=None
[2025-08-15T15:22:12.837+0000] {processor.py:179} INFO - Processing /home/vscode/.local/lib/python3.10/site-packages/airflow/example_dags/example_external_task_marker_dag.py took 0.054 seconds
[2025-08-15T15:23:01.197+0000] {processor.py:157} INFO - Started process (PID=32732) to work on /home/vscode/.local/lib/python3.10/site-packages/airflow/example_dags/example_external_task_marker_dag.py
[2025-08-15T15:23:01.197+0000] {processor.py:826} INFO - Processing file /home/vscode/.local/lib/python3.10/site-packages/airflow/example_dags/example_external_task_marker_dag.py for tasks to queue
[2025-08-15T15:23:01.198+0000] {logging_mixin.py:150} INFO - [2025-08-15T15:23:01.198+0000] {dagbag.py:541} INFO - Filling up the DagBag from /home/vscode/.local/lib/python3.10/site-packages/airflow/example_dags/example_external_task_marker_dag.py
[2025-08-15T15:23:01.202+0000] {processor.py:836} INFO - DAG(s) dict_keys(['example_external_task_marker_parent', 'example_external_task_marker_child']) retrieved from /home/vscode/.local/lib/python3.10/site-packages/airflow/example_dags/example_external_task_marker_dag.py
[2025-08-15T15:23:01.217+0000] {logging_mixin.py:150} INFO - [2025-08-15T15:23:01.217+0000] {dag.py:2742} INFO - Sync 2 DAGs
[2025-08-15T15:23:01.232+0000] {logging_mixin.py:150} INFO - [2025-08-15T15:23:01.232+0000] {dag.py:3504} INFO - Setting next_dagrun for example_external_task_marker_child to None, run_after=None
[2025-08-15T15:23:01.234+0000] {logging_mixin.py:150} INFO - [2025-08-15T15:23:01.234+0000] {dag.py:3504} INFO - Setting next_dagrun for example_external_task_marker_parent to None, run_after=None
[2025-08-15T15:23:01.249+0000] {processor.py:179} INFO - Processing /home/vscode/.local/lib/python3.10/site-packages/airflow/example_dags/example_external_task_marker_dag.py took 0.054 seconds
[2025-08-15T15:23:49.179+0000] {processor.py:157} INFO - Started process (PID=33292) to work on /home/vscode/.local/lib/python3.10/site-packages/airflow/example_dags/example_external_task_marker_dag.py
[2025-08-15T15:23:49.180+0000] {processor.py:826} INFO - Processing file /home/vscode/.local/lib/python3.10/site-packages/airflow/example_dags/example_external_task_marker_dag.py for tasks to queue
[2025-08-15T15:23:49.181+0000] {logging_mixin.py:150} INFO - [2025-08-15T15:23:49.181+0000] {dagbag.py:541} INFO - Filling up the DagBag from /home/vscode/.local/lib/python3.10/site-packages/airflow/example_dags/example_external_task_marker_dag.py
[2025-08-15T15:23:49.185+0000] {processor.py:836} INFO - DAG(s) dict_keys(['example_external_task_marker_child', 'example_external_task_marker_parent']) retrieved from /home/vscode/.local/lib/python3.10/site-packages/airflow/example_dags/example_external_task_marker_dag.py
[2025-08-15T15:23:49.200+0000] {logging_mixin.py:150} INFO - [2025-08-15T15:23:49.200+0000] {dag.py:2742} INFO - Sync 2 DAGs
[2025-08-15T15:23:49.216+0000] {logging_mixin.py:150} INFO - [2025-08-15T15:23:49.215+0000] {dag.py:3504} INFO - Setting next_dagrun for example_external_task_marker_child to None, run_after=None
[2025-08-15T15:23:49.218+0000] {logging_mixin.py:150} INFO - [2025-08-15T15:23:49.218+0000] {dag.py:3504} INFO - Setting next_dagrun for example_external_task_marker_parent to None, run_after=None
[2025-08-15T15:23:49.234+0000] {processor.py:179} INFO - Processing /home/vscode/.local/lib/python3.10/site-packages/airflow/example_dags/example_external_task_marker_dag.py took 0.057 seconds
[2025-08-15T15:24:32.203+0000] {processor.py:157} INFO - Started process (PID=33793) to work on /home/vscode/.local/lib/python3.10/site-packages/airflow/example_dags/example_external_task_marker_dag.py
[2025-08-15T15:24:32.204+0000] {processor.py:826} INFO - Processing file /home/vscode/.local/lib/python3.10/site-packages/airflow/example_dags/example_external_task_marker_dag.py for tasks to queue
[2025-08-15T15:24:32.205+0000] {logging_mixin.py:150} INFO - [2025-08-15T15:24:32.204+0000] {dagbag.py:541} INFO - Filling up the DagBag from /home/vscode/.local/lib/python3.10/site-packages/airflow/example_dags/example_external_task_marker_dag.py
[2025-08-15T15:24:32.209+0000] {processor.py:836} INFO - DAG(s) dict_keys(['example_external_task_marker_child', 'example_external_task_marker_parent']) retrieved from /home/vscode/.local/lib/python3.10/site-packages/airflow/example_dags/example_external_task_marker_dag.py
[2025-08-15T15:24:32.224+0000] {logging_mixin.py:150} INFO - [2025-08-15T15:24:32.224+0000] {dag.py:2742} INFO - Sync 2 DAGs
[2025-08-15T15:24:32.238+0000] {logging_mixin.py:150} INFO - [2025-08-15T15:24:32.238+0000] {dag.py:3504} INFO - Setting next_dagrun for example_external_task_marker_child to None, run_after=None
[2025-08-15T15:24:32.240+0000] {logging_mixin.py:150} INFO - [2025-08-15T15:24:32.240+0000] {dag.py:3504} INFO - Setting next_dagrun for example_external_task_marker_parent to None, run_after=None
[2025-08-15T15:24:32.256+0000] {processor.py:179} INFO - Processing /home/vscode/.local/lib/python3.10/site-packages/airflow/example_dags/example_external_task_marker_dag.py took 0.055 seconds
[2025-08-15T15:25:17.054+0000] {processor.py:157} INFO - Started process (PID=34217) to work on /home/vscode/.local/lib/python3.10/site-packages/airflow/example_dags/example_external_task_marker_dag.py
[2025-08-15T15:25:17.055+0000] {processor.py:826} INFO - Processing file /home/vscode/.local/lib/python3.10/site-packages/airflow/example_dags/example_external_task_marker_dag.py for tasks to queue
[2025-08-15T15:25:17.055+0000] {logging_mixin.py:150} INFO - [2025-08-15T15:25:17.055+0000] {dagbag.py:541} INFO - Filling up the DagBag from /home/vscode/.local/lib/python3.10/site-packages/airflow/example_dags/example_external_task_marker_dag.py
[2025-08-15T15:25:17.060+0000] {processor.py:836} INFO - DAG(s) dict_keys(['example_external_task_marker_child', 'example_external_task_marker_parent']) retrieved from /home/vscode/.local/lib/python3.10/site-packages/airflow/example_dags/example_external_task_marker_dag.py
[2025-08-15T15:25:17.074+0000] {logging_mixin.py:150} INFO - [2025-08-15T15:25:17.073+0000] {dag.py:2742} INFO - Sync 2 DAGs
[2025-08-15T15:25:17.089+0000] {logging_mixin.py:150} INFO - [2025-08-15T15:25:17.088+0000] {dag.py:3504} INFO - Setting next_dagrun for example_external_task_marker_child to None, run_after=None
[2025-08-15T15:25:17.091+0000] {logging_mixin.py:150} INFO - [2025-08-15T15:25:17.091+0000] {dag.py:3504} INFO - Setting next_dagrun for example_external_task_marker_parent to None, run_after=None
[2025-08-15T15:25:17.105+0000] {processor.py:179} INFO - Processing /home/vscode/.local/lib/python3.10/site-packages/airflow/example_dags/example_external_task_marker_dag.py took 0.053 seconds
[2025-08-15T15:26:04.365+0000] {processor.py:157} INFO - Started process (PID=34604) to work on /home/vscode/.local/lib/python3.10/site-packages/airflow/example_dags/example_external_task_marker_dag.py
[2025-08-15T15:26:04.366+0000] {processor.py:826} INFO - Processing file /home/vscode/.local/lib/python3.10/site-packages/airflow/example_dags/example_external_task_marker_dag.py for tasks to queue
[2025-08-15T15:26:04.367+0000] {logging_mixin.py:150} INFO - [2025-08-15T15:26:04.366+0000] {dagbag.py:541} INFO - Filling up the DagBag from /home/vscode/.local/lib/python3.10/site-packages/airflow/example_dags/example_external_task_marker_dag.py
[2025-08-15T15:26:04.371+0000] {processor.py:836} INFO - DAG(s) dict_keys(['example_external_task_marker_child', 'example_external_task_marker_parent']) retrieved from /home/vscode/.local/lib/python3.10/site-packages/airflow/example_dags/example_external_task_marker_dag.py
[2025-08-15T15:26:04.386+0000] {logging_mixin.py:150} INFO - [2025-08-15T15:26:04.386+0000] {dag.py:2742} INFO - Sync 2 DAGs
[2025-08-15T15:26:04.400+0000] {logging_mixin.py:150} INFO - [2025-08-15T15:26:04.400+0000] {dag.py:3504} INFO - Setting next_dagrun for example_external_task_marker_child to None, run_after=None
[2025-08-15T15:26:04.402+0000] {logging_mixin.py:150} INFO - [2025-08-15T15:26:04.402+0000] {dag.py:3504} INFO - Setting next_dagrun for example_external_task_marker_parent to None, run_after=None
[2025-08-15T15:26:04.417+0000] {processor.py:179} INFO - Processing /home/vscode/.local/lib/python3.10/site-packages/airflow/example_dags/example_external_task_marker_dag.py took 0.054 seconds
[2025-08-15T15:26:49.495+0000] {processor.py:157} INFO - Started process (PID=35006) to work on /home/vscode/.local/lib/python3.10/site-packages/airflow/example_dags/example_external_task_marker_dag.py
[2025-08-15T15:26:49.496+0000] {processor.py:826} INFO - Processing file /home/vscode/.local/lib/python3.10/site-packages/airflow/example_dags/example_external_task_marker_dag.py for tasks to queue
[2025-08-15T15:26:49.497+0000] {logging_mixin.py:150} INFO - [2025-08-15T15:26:49.497+0000] {dagbag.py:541} INFO - Filling up the DagBag from /home/vscode/.local/lib/python3.10/site-packages/airflow/example_dags/example_external_task_marker_dag.py
[2025-08-15T15:26:49.503+0000] {processor.py:836} INFO - DAG(s) dict_keys(['example_external_task_marker_parent', 'example_external_task_marker_child']) retrieved from /home/vscode/.local/lib/python3.10/site-packages/airflow/example_dags/example_external_task_marker_dag.py
[2025-08-15T15:26:49.522+0000] {logging_mixin.py:150} INFO - [2025-08-15T15:26:49.522+0000] {dag.py:2742} INFO - Sync 2 DAGs
[2025-08-15T15:26:49.537+0000] {logging_mixin.py:150} INFO - [2025-08-15T15:26:49.537+0000] {dag.py:3504} INFO - Setting next_dagrun for example_external_task_marker_child to None, run_after=None
[2025-08-15T15:26:49.539+0000] {logging_mixin.py:150} INFO - [2025-08-15T15:26:49.539+0000] {dag.py:3504} INFO - Setting next_dagrun for example_external_task_marker_parent to None, run_after=None
[2025-08-15T15:26:49.553+0000] {processor.py:179} INFO - Processing /home/vscode/.local/lib/python3.10/site-packages/airflow/example_dags/example_external_task_marker_dag.py took 0.061 seconds
