[2025-08-15T15:15:01.182+0000] {processor.py:157} INFO - Started process (PID=27447) to work on /home/vscode/.local/lib/python3.10/site-packages/airflow/example_dags/example_branch_day_of_week_operator.py
[2025-08-15T15:15:01.183+0000] {processor.py:826} INFO - Processing file /home/vscode/.local/lib/python3.10/site-packages/airflow/example_dags/example_branch_day_of_week_operator.py for tasks to queue
[2025-08-15T15:15:01.183+0000] {logging_mixin.py:150} INFO - [2025-08-15T15:15:01.183+0000] {dagbag.py:541} INFO - Filling up the DagBag from /home/vscode/.local/lib/python3.10/site-packages/airflow/example_dags/example_branch_day_of_week_operator.py
[2025-08-15T15:15:01.191+0000] {processor.py:836} INFO - DAG(s) dict_keys(['example_weekday_branch_operator']) retrieved from /home/vscode/.local/lib/python3.10/site-packages/airflow/example_dags/example_branch_day_of_week_operator.py
[2025-08-15T15:15:01.269+0000] {logging_mixin.py:150} INFO - [2025-08-15T15:15:01.269+0000] {manager.py:504} INFO - Created Permission View: can read on DAG:example_weekday_branch_operator
[2025-08-15T15:15:01.277+0000] {logging_mixin.py:150} INFO - [2025-08-15T15:15:01.277+0000] {manager.py:504} INFO - Created Permission View: can delete on DAG:example_weekday_branch_operator
[2025-08-15T15:15:01.284+0000] {logging_mixin.py:150} INFO - [2025-08-15T15:15:01.284+0000] {manager.py:504} INFO - Created Permission View: can edit on DAG:example_weekday_branch_operator
[2025-08-15T15:15:01.293+0000] {logging_mixin.py:150} INFO - [2025-08-15T15:15:01.293+0000] {dag.py:2742} INFO - Sync 1 DAGs
[2025-08-15T15:15:01.300+0000] {logging_mixin.py:150} INFO - [2025-08-15T15:15:01.300+0000] {dag.py:2763} INFO - Creating ORM DAG for example_weekday_branch_operator
[2025-08-15T15:15:01.308+0000] {logging_mixin.py:150} INFO - [2025-08-15T15:15:01.308+0000] {dag.py:3504} INFO - Setting next_dagrun for example_weekday_branch_operator to 2025-08-14T00:00:00+00:00, run_after=2025-08-15T00:00:00+00:00
[2025-08-15T15:15:01.328+0000] {processor.py:179} INFO - Processing /home/vscode/.local/lib/python3.10/site-packages/airflow/example_dags/example_branch_day_of_week_operator.py took 0.148 seconds
[2025-08-15T15:15:56.709+0000] {processor.py:157} INFO - Started process (PID=27942) to work on /home/vscode/.local/lib/python3.10/site-packages/airflow/example_dags/example_branch_day_of_week_operator.py
[2025-08-15T15:15:56.710+0000] {processor.py:826} INFO - Processing file /home/vscode/.local/lib/python3.10/site-packages/airflow/example_dags/example_branch_day_of_week_operator.py for tasks to queue
[2025-08-15T15:15:56.711+0000] {logging_mixin.py:150} INFO - [2025-08-15T15:15:56.710+0000] {dagbag.py:541} INFO - Filling up the DagBag from /home/vscode/.local/lib/python3.10/site-packages/airflow/example_dags/example_branch_day_of_week_operator.py
[2025-08-15T15:15:56.718+0000] {processor.py:836} INFO - DAG(s) dict_keys(['example_weekday_branch_operator']) retrieved from /home/vscode/.local/lib/python3.10/site-packages/airflow/example_dags/example_branch_day_of_week_operator.py
[2025-08-15T15:15:56.731+0000] {logging_mixin.py:150} INFO - [2025-08-15T15:15:56.731+0000] {dag.py:2742} INFO - Sync 1 DAGs
[2025-08-15T15:15:56.747+0000] {logging_mixin.py:150} INFO - [2025-08-15T15:15:56.747+0000] {dag.py:3504} INFO - Setting next_dagrun for example_weekday_branch_operator to 2025-08-14T00:00:00+00:00, run_after=2025-08-15T00:00:00+00:00
[2025-08-15T15:15:56.763+0000] {processor.py:179} INFO - Processing /home/vscode/.local/lib/python3.10/site-packages/airflow/example_dags/example_branch_day_of_week_operator.py took 0.056 seconds
[2025-08-15T15:16:43.099+0000] {processor.py:157} INFO - Started process (PID=28472) to work on /home/vscode/.local/lib/python3.10/site-packages/airflow/example_dags/example_branch_day_of_week_operator.py
[2025-08-15T15:16:43.100+0000] {processor.py:826} INFO - Processing file /home/vscode/.local/lib/python3.10/site-packages/airflow/example_dags/example_branch_day_of_week_operator.py for tasks to queue
[2025-08-15T15:16:43.100+0000] {logging_mixin.py:150} INFO - [2025-08-15T15:16:43.100+0000] {dagbag.py:541} INFO - Filling up the DagBag from /home/vscode/.local/lib/python3.10/site-packages/airflow/example_dags/example_branch_day_of_week_operator.py
[2025-08-15T15:16:43.106+0000] {processor.py:836} INFO - DAG(s) dict_keys(['example_weekday_branch_operator']) retrieved from /home/vscode/.local/lib/python3.10/site-packages/airflow/example_dags/example_branch_day_of_week_operator.py
[2025-08-15T15:16:43.121+0000] {logging_mixin.py:150} INFO - [2025-08-15T15:16:43.120+0000] {dag.py:2742} INFO - Sync 1 DAGs
[2025-08-15T15:16:43.137+0000] {logging_mixin.py:150} INFO - [2025-08-15T15:16:43.137+0000] {dag.py:3504} INFO - Setting next_dagrun for example_weekday_branch_operator to 2025-08-14T00:00:00+00:00, run_after=2025-08-15T00:00:00+00:00
[2025-08-15T15:16:43.154+0000] {processor.py:179} INFO - Processing /home/vscode/.local/lib/python3.10/site-packages/airflow/example_dags/example_branch_day_of_week_operator.py took 0.058 seconds
[2025-08-15T15:17:35.412+0000] {processor.py:157} INFO - Started process (PID=29018) to work on /home/vscode/.local/lib/python3.10/site-packages/airflow/example_dags/example_branch_day_of_week_operator.py
[2025-08-15T15:17:35.413+0000] {processor.py:826} INFO - Processing file /home/vscode/.local/lib/python3.10/site-packages/airflow/example_dags/example_branch_day_of_week_operator.py for tasks to queue
[2025-08-15T15:17:35.414+0000] {logging_mixin.py:150} INFO - [2025-08-15T15:17:35.413+0000] {dagbag.py:541} INFO - Filling up the DagBag from /home/vscode/.local/lib/python3.10/site-packages/airflow/example_dags/example_branch_day_of_week_operator.py
[2025-08-15T15:17:35.419+0000] {processor.py:836} INFO - DAG(s) dict_keys(['example_weekday_branch_operator']) retrieved from /home/vscode/.local/lib/python3.10/site-packages/airflow/example_dags/example_branch_day_of_week_operator.py
[2025-08-15T15:17:35.432+0000] {logging_mixin.py:150} INFO - [2025-08-15T15:17:35.432+0000] {dag.py:2742} INFO - Sync 1 DAGs
[2025-08-15T15:17:35.448+0000] {logging_mixin.py:150} INFO - [2025-08-15T15:17:35.448+0000] {dag.py:3504} INFO - Setting next_dagrun for example_weekday_branch_operator to 2025-08-14T00:00:00+00:00, run_after=2025-08-15T00:00:00+00:00
[2025-08-15T15:17:35.464+0000] {processor.py:179} INFO - Processing /home/vscode/.local/lib/python3.10/site-packages/airflow/example_dags/example_branch_day_of_week_operator.py took 0.054 seconds
[2025-08-15T15:18:19.697+0000] {processor.py:157} INFO - Started process (PID=29339) to work on /home/vscode/.local/lib/python3.10/site-packages/airflow/example_dags/example_branch_day_of_week_operator.py
[2025-08-15T15:18:19.698+0000] {processor.py:826} INFO - Processing file /home/vscode/.local/lib/python3.10/site-packages/airflow/example_dags/example_branch_day_of_week_operator.py for tasks to queue
[2025-08-15T15:18:19.698+0000] {logging_mixin.py:150} INFO - [2025-08-15T15:18:19.698+0000] {dagbag.py:541} INFO - Filling up the DagBag from /home/vscode/.local/lib/python3.10/site-packages/airflow/example_dags/example_branch_day_of_week_operator.py
[2025-08-15T15:18:19.705+0000] {processor.py:836} INFO - DAG(s) dict_keys(['example_weekday_branch_operator']) retrieved from /home/vscode/.local/lib/python3.10/site-packages/airflow/example_dags/example_branch_day_of_week_operator.py
[2025-08-15T15:18:19.721+0000] {logging_mixin.py:150} INFO - [2025-08-15T15:18:19.721+0000] {dag.py:2742} INFO - Sync 1 DAGs
[2025-08-15T15:18:19.738+0000] {logging_mixin.py:150} INFO - [2025-08-15T15:18:19.738+0000] {dag.py:3504} INFO - Setting next_dagrun for example_weekday_branch_operator to 2025-08-14T00:00:00+00:00, run_after=2025-08-15T00:00:00+00:00
[2025-08-15T15:18:19.755+0000] {processor.py:179} INFO - Processing /home/vscode/.local/lib/python3.10/site-packages/airflow/example_dags/example_branch_day_of_week_operator.py took 0.060 seconds
[2025-08-15T15:19:05.172+0000] {processor.py:157} INFO - Started process (PID=29645) to work on /home/vscode/.local/lib/python3.10/site-packages/airflow/example_dags/example_branch_day_of_week_operator.py
[2025-08-15T15:19:05.172+0000] {processor.py:826} INFO - Processing file /home/vscode/.local/lib/python3.10/site-packages/airflow/example_dags/example_branch_day_of_week_operator.py for tasks to queue
[2025-08-15T15:19:05.173+0000] {logging_mixin.py:150} INFO - [2025-08-15T15:19:05.173+0000] {dagbag.py:541} INFO - Filling up the DagBag from /home/vscode/.local/lib/python3.10/site-packages/airflow/example_dags/example_branch_day_of_week_operator.py
[2025-08-15T15:19:05.178+0000] {processor.py:836} INFO - DAG(s) dict_keys(['example_weekday_branch_operator']) retrieved from /home/vscode/.local/lib/python3.10/site-packages/airflow/example_dags/example_branch_day_of_week_operator.py
[2025-08-15T15:19:05.191+0000] {logging_mixin.py:150} INFO - [2025-08-15T15:19:05.191+0000] {dag.py:2742} INFO - Sync 1 DAGs
[2025-08-15T15:19:05.207+0000] {logging_mixin.py:150} INFO - [2025-08-15T15:19:05.207+0000] {dag.py:3504} INFO - Setting next_dagrun for example_weekday_branch_operator to 2025-08-14T00:00:00+00:00, run_after=2025-08-15T00:00:00+00:00
[2025-08-15T15:19:05.222+0000] {processor.py:179} INFO - Processing /home/vscode/.local/lib/python3.10/site-packages/airflow/example_dags/example_branch_day_of_week_operator.py took 0.053 seconds
[2025-08-15T15:19:48.632+0000] {processor.py:157} INFO - Started process (PID=29940) to work on /home/vscode/.local/lib/python3.10/site-packages/airflow/example_dags/example_branch_day_of_week_operator.py
[2025-08-15T15:19:48.633+0000] {processor.py:826} INFO - Processing file /home/vscode/.local/lib/python3.10/site-packages/airflow/example_dags/example_branch_day_of_week_operator.py for tasks to queue
[2025-08-15T15:19:48.633+0000] {logging_mixin.py:150} INFO - [2025-08-15T15:19:48.633+0000] {dagbag.py:541} INFO - Filling up the DagBag from /home/vscode/.local/lib/python3.10/site-packages/airflow/example_dags/example_branch_day_of_week_operator.py
[2025-08-15T15:19:48.639+0000] {processor.py:836} INFO - DAG(s) dict_keys(['example_weekday_branch_operator']) retrieved from /home/vscode/.local/lib/python3.10/site-packages/airflow/example_dags/example_branch_day_of_week_operator.py
[2025-08-15T15:19:48.652+0000] {logging_mixin.py:150} INFO - [2025-08-15T15:19:48.652+0000] {dag.py:2742} INFO - Sync 1 DAGs
[2025-08-15T15:19:48.669+0000] {logging_mixin.py:150} INFO - [2025-08-15T15:19:48.668+0000] {dag.py:3504} INFO - Setting next_dagrun for example_weekday_branch_operator to 2025-08-14T00:00:00+00:00, run_after=2025-08-15T00:00:00+00:00
[2025-08-15T15:19:48.684+0000] {processor.py:179} INFO - Processing /home/vscode/.local/lib/python3.10/site-packages/airflow/example_dags/example_branch_day_of_week_operator.py took 0.055 seconds
[2025-08-15T15:20:50.532+0000] {processor.py:157} INFO - Started process (PID=31613) to work on /home/vscode/.local/lib/python3.10/site-packages/airflow/example_dags/example_branch_day_of_week_operator.py
[2025-08-15T15:20:50.533+0000] {processor.py:826} INFO - Processing file /home/vscode/.local/lib/python3.10/site-packages/airflow/example_dags/example_branch_day_of_week_operator.py for tasks to queue
[2025-08-15T15:20:50.534+0000] {logging_mixin.py:150} INFO - [2025-08-15T15:20:50.533+0000] {dagbag.py:541} INFO - Filling up the DagBag from /home/vscode/.local/lib/python3.10/site-packages/airflow/example_dags/example_branch_day_of_week_operator.py
[2025-08-15T15:20:50.540+0000] {processor.py:836} INFO - DAG(s) dict_keys(['example_weekday_branch_operator']) retrieved from /home/vscode/.local/lib/python3.10/site-packages/airflow/example_dags/example_branch_day_of_week_operator.py
[2025-08-15T15:20:50.555+0000] {logging_mixin.py:150} INFO - [2025-08-15T15:20:50.555+0000] {dag.py:2742} INFO - Sync 1 DAGs
[2025-08-15T15:20:50.575+0000] {logging_mixin.py:150} INFO - [2025-08-15T15:20:50.575+0000] {dag.py:3504} INFO - Setting next_dagrun for example_weekday_branch_operator to 2025-08-14T00:00:00+00:00, run_after=2025-08-15T00:00:00+00:00
[2025-08-15T15:20:50.594+0000] {processor.py:179} INFO - Processing /home/vscode/.local/lib/python3.10/site-packages/airflow/example_dags/example_branch_day_of_week_operator.py took 0.064 seconds
[2025-08-15T15:21:36.455+0000] {processor.py:157} INFO - Started process (PID=31947) to work on /home/vscode/.local/lib/python3.10/site-packages/airflow/example_dags/example_branch_day_of_week_operator.py
[2025-08-15T15:21:36.456+0000] {processor.py:826} INFO - Processing file /home/vscode/.local/lib/python3.10/site-packages/airflow/example_dags/example_branch_day_of_week_operator.py for tasks to queue
[2025-08-15T15:21:36.456+0000] {logging_mixin.py:150} INFO - [2025-08-15T15:21:36.456+0000] {dagbag.py:541} INFO - Filling up the DagBag from /home/vscode/.local/lib/python3.10/site-packages/airflow/example_dags/example_branch_day_of_week_operator.py
[2025-08-15T15:21:36.462+0000] {processor.py:836} INFO - DAG(s) dict_keys(['example_weekday_branch_operator']) retrieved from /home/vscode/.local/lib/python3.10/site-packages/airflow/example_dags/example_branch_day_of_week_operator.py
[2025-08-15T15:21:36.475+0000] {logging_mixin.py:150} INFO - [2025-08-15T15:21:36.475+0000] {dag.py:2742} INFO - Sync 1 DAGs
[2025-08-15T15:21:36.493+0000] {logging_mixin.py:150} INFO - [2025-08-15T15:21:36.493+0000] {dag.py:3504} INFO - Setting next_dagrun for example_weekday_branch_operator to 2025-08-14T00:00:00+00:00, run_after=2025-08-15T00:00:00+00:00
[2025-08-15T15:21:36.511+0000] {processor.py:179} INFO - Processing /home/vscode/.local/lib/python3.10/site-packages/airflow/example_dags/example_branch_day_of_week_operator.py took 0.058 seconds
[2025-08-15T15:22:28.045+0000] {processor.py:157} INFO - Started process (PID=32384) to work on /home/vscode/.local/lib/python3.10/site-packages/airflow/example_dags/example_branch_day_of_week_operator.py
[2025-08-15T15:22:28.046+0000] {processor.py:826} INFO - Processing file /home/vscode/.local/lib/python3.10/site-packages/airflow/example_dags/example_branch_day_of_week_operator.py for tasks to queue
[2025-08-15T15:22:28.047+0000] {logging_mixin.py:150} INFO - [2025-08-15T15:22:28.047+0000] {dagbag.py:541} INFO - Filling up the DagBag from /home/vscode/.local/lib/python3.10/site-packages/airflow/example_dags/example_branch_day_of_week_operator.py
[2025-08-15T15:22:28.056+0000] {processor.py:836} INFO - DAG(s) dict_keys(['example_weekday_branch_operator']) retrieved from /home/vscode/.local/lib/python3.10/site-packages/airflow/example_dags/example_branch_day_of_week_operator.py
[2025-08-15T15:22:28.077+0000] {logging_mixin.py:150} INFO - [2025-08-15T15:22:28.077+0000] {dag.py:2742} INFO - Sync 1 DAGs
[2025-08-15T15:22:28.104+0000] {logging_mixin.py:150} INFO - [2025-08-15T15:22:28.104+0000] {dag.py:3504} INFO - Setting next_dagrun for example_weekday_branch_operator to 2025-08-14T00:00:00+00:00, run_after=2025-08-15T00:00:00+00:00
[2025-08-15T15:22:28.129+0000] {processor.py:179} INFO - Processing /home/vscode/.local/lib/python3.10/site-packages/airflow/example_dags/example_branch_day_of_week_operator.py took 0.086 seconds
[2025-08-15T15:23:14.495+0000] {processor.py:157} INFO - Started process (PID=32899) to work on /home/vscode/.local/lib/python3.10/site-packages/airflow/example_dags/example_branch_day_of_week_operator.py
[2025-08-15T15:23:14.496+0000] {processor.py:826} INFO - Processing file /home/vscode/.local/lib/python3.10/site-packages/airflow/example_dags/example_branch_day_of_week_operator.py for tasks to queue
[2025-08-15T15:23:14.497+0000] {logging_mixin.py:150} INFO - [2025-08-15T15:23:14.497+0000] {dagbag.py:541} INFO - Filling up the DagBag from /home/vscode/.local/lib/python3.10/site-packages/airflow/example_dags/example_branch_day_of_week_operator.py
[2025-08-15T15:23:14.502+0000] {processor.py:836} INFO - DAG(s) dict_keys(['example_weekday_branch_operator']) retrieved from /home/vscode/.local/lib/python3.10/site-packages/airflow/example_dags/example_branch_day_of_week_operator.py
[2025-08-15T15:23:14.516+0000] {logging_mixin.py:150} INFO - [2025-08-15T15:23:14.515+0000] {dag.py:2742} INFO - Sync 1 DAGs
[2025-08-15T15:23:14.532+0000] {logging_mixin.py:150} INFO - [2025-08-15T15:23:14.531+0000] {dag.py:3504} INFO - Setting next_dagrun for example_weekday_branch_operator to 2025-08-14T00:00:00+00:00, run_after=2025-08-15T00:00:00+00:00
[2025-08-15T15:23:14.551+0000] {processor.py:179} INFO - Processing /home/vscode/.local/lib/python3.10/site-packages/airflow/example_dags/example_branch_day_of_week_operator.py took 0.058 seconds
[2025-08-15T15:24:02.041+0000] {processor.py:157} INFO - Started process (PID=33443) to work on /home/vscode/.local/lib/python3.10/site-packages/airflow/example_dags/example_branch_day_of_week_operator.py
[2025-08-15T15:24:02.042+0000] {processor.py:826} INFO - Processing file /home/vscode/.local/lib/python3.10/site-packages/airflow/example_dags/example_branch_day_of_week_operator.py for tasks to queue
[2025-08-15T15:24:02.043+0000] {logging_mixin.py:150} INFO - [2025-08-15T15:24:02.043+0000] {dagbag.py:541} INFO - Filling up the DagBag from /home/vscode/.local/lib/python3.10/site-packages/airflow/example_dags/example_branch_day_of_week_operator.py
[2025-08-15T15:24:02.049+0000] {processor.py:836} INFO - DAG(s) dict_keys(['example_weekday_branch_operator']) retrieved from /home/vscode/.local/lib/python3.10/site-packages/airflow/example_dags/example_branch_day_of_week_operator.py
[2025-08-15T15:24:02.063+0000] {logging_mixin.py:150} INFO - [2025-08-15T15:24:02.063+0000] {dag.py:2742} INFO - Sync 1 DAGs
[2025-08-15T15:24:02.080+0000] {logging_mixin.py:150} INFO - [2025-08-15T15:24:02.079+0000] {dag.py:3504} INFO - Setting next_dagrun for example_weekday_branch_operator to 2025-08-14T00:00:00+00:00, run_after=2025-08-15T00:00:00+00:00
[2025-08-15T15:24:02.097+0000] {processor.py:179} INFO - Processing /home/vscode/.local/lib/python3.10/site-packages/airflow/example_dags/example_branch_day_of_week_operator.py took 0.058 seconds
[2025-08-15T15:24:46.008+0000] {processor.py:157} INFO - Started process (PID=33957) to work on /home/vscode/.local/lib/python3.10/site-packages/airflow/example_dags/example_branch_day_of_week_operator.py
[2025-08-15T15:24:46.008+0000] {processor.py:826} INFO - Processing file /home/vscode/.local/lib/python3.10/site-packages/airflow/example_dags/example_branch_day_of_week_operator.py for tasks to queue
[2025-08-15T15:24:46.009+0000] {logging_mixin.py:150} INFO - [2025-08-15T15:24:46.009+0000] {dagbag.py:541} INFO - Filling up the DagBag from /home/vscode/.local/lib/python3.10/site-packages/airflow/example_dags/example_branch_day_of_week_operator.py
[2025-08-15T15:24:46.015+0000] {processor.py:836} INFO - DAG(s) dict_keys(['example_weekday_branch_operator']) retrieved from /home/vscode/.local/lib/python3.10/site-packages/airflow/example_dags/example_branch_day_of_week_operator.py
[2025-08-15T15:24:46.028+0000] {logging_mixin.py:150} INFO - [2025-08-15T15:24:46.028+0000] {dag.py:2742} INFO - Sync 1 DAGs
[2025-08-15T15:24:46.046+0000] {logging_mixin.py:150} INFO - [2025-08-15T15:24:46.045+0000] {dag.py:3504} INFO - Setting next_dagrun for example_weekday_branch_operator to 2025-08-14T00:00:00+00:00, run_after=2025-08-15T00:00:00+00:00
[2025-08-15T15:24:46.063+0000] {processor.py:179} INFO - Processing /home/vscode/.local/lib/python3.10/site-packages/airflow/example_dags/example_branch_day_of_week_operator.py took 0.058 seconds
[2025-08-15T15:25:33.955+0000] {processor.py:157} INFO - Started process (PID=34330) to work on /home/vscode/.local/lib/python3.10/site-packages/airflow/example_dags/example_branch_day_of_week_operator.py
[2025-08-15T15:25:33.956+0000] {processor.py:826} INFO - Processing file /home/vscode/.local/lib/python3.10/site-packages/airflow/example_dags/example_branch_day_of_week_operator.py for tasks to queue
[2025-08-15T15:25:33.957+0000] {logging_mixin.py:150} INFO - [2025-08-15T15:25:33.956+0000] {dagbag.py:541} INFO - Filling up the DagBag from /home/vscode/.local/lib/python3.10/site-packages/airflow/example_dags/example_branch_day_of_week_operator.py
[2025-08-15T15:25:33.962+0000] {processor.py:836} INFO - DAG(s) dict_keys(['example_weekday_branch_operator']) retrieved from /home/vscode/.local/lib/python3.10/site-packages/airflow/example_dags/example_branch_day_of_week_operator.py
[2025-08-15T15:25:33.975+0000] {logging_mixin.py:150} INFO - [2025-08-15T15:25:33.975+0000] {dag.py:2742} INFO - Sync 1 DAGs
[2025-08-15T15:25:33.990+0000] {logging_mixin.py:150} INFO - [2025-08-15T15:25:33.990+0000] {dag.py:3504} INFO - Setting next_dagrun for example_weekday_branch_operator to 2025-08-14T00:00:00+00:00, run_after=2025-08-15T00:00:00+00:00
[2025-08-15T15:25:34.006+0000] {processor.py:179} INFO - Processing /home/vscode/.local/lib/python3.10/site-packages/airflow/example_dags/example_branch_day_of_week_operator.py took 0.053 seconds
[2025-08-15T15:26:18.753+0000] {processor.py:157} INFO - Started process (PID=34706) to work on /home/vscode/.local/lib/python3.10/site-packages/airflow/example_dags/example_branch_day_of_week_operator.py
[2025-08-15T15:26:18.754+0000] {processor.py:826} INFO - Processing file /home/vscode/.local/lib/python3.10/site-packages/airflow/example_dags/example_branch_day_of_week_operator.py for tasks to queue
[2025-08-15T15:26:18.755+0000] {logging_mixin.py:150} INFO - [2025-08-15T15:26:18.754+0000] {dagbag.py:541} INFO - Filling up the DagBag from /home/vscode/.local/lib/python3.10/site-packages/airflow/example_dags/example_branch_day_of_week_operator.py
[2025-08-15T15:26:18.760+0000] {processor.py:836} INFO - DAG(s) dict_keys(['example_weekday_branch_operator']) retrieved from /home/vscode/.local/lib/python3.10/site-packages/airflow/example_dags/example_branch_day_of_week_operator.py
[2025-08-15T15:26:18.773+0000] {logging_mixin.py:150} INFO - [2025-08-15T15:26:18.773+0000] {dag.py:2742} INFO - Sync 1 DAGs
[2025-08-15T15:26:18.789+0000] {logging_mixin.py:150} INFO - [2025-08-15T15:26:18.789+0000] {dag.py:3504} INFO - Setting next_dagrun for example_weekday_branch_operator to 2025-08-14T00:00:00+00:00, run_after=2025-08-15T00:00:00+00:00
[2025-08-15T15:26:18.804+0000] {processor.py:179} INFO - Processing /home/vscode/.local/lib/python3.10/site-packages/airflow/example_dags/example_branch_day_of_week_operator.py took 0.053 seconds
[2025-08-15T15:27:06.646+0000] {processor.py:157} INFO - Started process (PID=35137) to work on /home/vscode/.local/lib/python3.10/site-packages/airflow/example_dags/example_branch_day_of_week_operator.py
[2025-08-15T15:27:06.647+0000] {processor.py:826} INFO - Processing file /home/vscode/.local/lib/python3.10/site-packages/airflow/example_dags/example_branch_day_of_week_operator.py for tasks to queue
[2025-08-15T15:27:06.647+0000] {logging_mixin.py:150} INFO - [2025-08-15T15:27:06.647+0000] {dagbag.py:541} INFO - Filling up the DagBag from /home/vscode/.local/lib/python3.10/site-packages/airflow/example_dags/example_branch_day_of_week_operator.py
[2025-08-15T15:27:06.653+0000] {processor.py:836} INFO - DAG(s) dict_keys(['example_weekday_branch_operator']) retrieved from /home/vscode/.local/lib/python3.10/site-packages/airflow/example_dags/example_branch_day_of_week_operator.py
[2025-08-15T15:27:06.666+0000] {logging_mixin.py:150} INFO - [2025-08-15T15:27:06.666+0000] {dag.py:2742} INFO - Sync 1 DAGs
[2025-08-15T15:27:06.687+0000] {logging_mixin.py:150} INFO - [2025-08-15T15:27:06.686+0000] {dag.py:3504} INFO - Setting next_dagrun for example_weekday_branch_operator to 2025-08-14T00:00:00+00:00, run_after=2025-08-15T00:00:00+00:00
[2025-08-15T15:27:06.703+0000] {processor.py:179} INFO - Processing /home/vscode/.local/lib/python3.10/site-packages/airflow/example_dags/example_branch_day_of_week_operator.py took 0.059 seconds
