[2025-08-15T15:14:28.846+0000] {processor.py:157} INFO - Started process (PID=27040) to work on /home/vscode/.local/lib/python3.10/site-packages/airflow/example_dags/example_task_group.py
[2025-08-15T15:14:28.847+0000] {processor.py:826} INFO - Processing file /home/vscode/.local/lib/python3.10/site-packages/airflow/example_dags/example_task_group.py for tasks to queue
[2025-08-15T15:14:28.848+0000] {logging_mixin.py:150} INFO - [2025-08-15T15:14:28.848+0000] {dagbag.py:541} INFO - Filling up the DagBag from /home/vscode/.local/lib/python3.10/site-packages/airflow/example_dags/example_task_group.py
[2025-08-15T15:14:28.859+0000] {processor.py:836} INFO - DAG(s) dict_keys(['example_task_group']) retrieved from /home/vscode/.local/lib/python3.10/site-packages/airflow/example_dags/example_task_group.py
[2025-08-15T15:14:28.942+0000] {logging_mixin.py:150} INFO - [2025-08-15T15:14:28.942+0000] {manager.py:504} INFO - Created Permission View: can read on DAG:example_task_group
[2025-08-15T15:14:28.951+0000] {logging_mixin.py:150} INFO - [2025-08-15T15:14:28.951+0000] {manager.py:504} INFO - Created Permission View: can delete on DAG:example_task_group
[2025-08-15T15:14:28.959+0000] {logging_mixin.py:150} INFO - [2025-08-15T15:14:28.958+0000] {manager.py:504} INFO - Created Permission View: can edit on DAG:example_task_group
[2025-08-15T15:14:28.973+0000] {logging_mixin.py:150} INFO - [2025-08-15T15:14:28.973+0000] {dag.py:2742} INFO - Sync 1 DAGs
[2025-08-15T15:14:28.981+0000] {logging_mixin.py:150} INFO - [2025-08-15T15:14:28.981+0000] {dag.py:2763} INFO - Creating ORM DAG for example_task_group
[2025-08-15T15:14:28.989+0000] {logging_mixin.py:150} INFO - [2025-08-15T15:14:28.989+0000] {dag.py:3504} INFO - Setting next_dagrun for example_task_group to 2025-08-14T15:14:28.988958+00:00, run_after=2025-08-15T15:14:28.988958+00:00
[2025-08-15T15:14:29.006+0000] {processor.py:179} INFO - Processing /home/vscode/.local/lib/python3.10/site-packages/airflow/example_dags/example_task_group.py took 0.163 seconds
[2025-08-15T15:15:20.212+0000] {processor.py:157} INFO - Started process (PID=27567) to work on /home/vscode/.local/lib/python3.10/site-packages/airflow/example_dags/example_task_group.py
[2025-08-15T15:15:20.213+0000] {processor.py:826} INFO - Processing file /home/vscode/.local/lib/python3.10/site-packages/airflow/example_dags/example_task_group.py for tasks to queue
[2025-08-15T15:15:20.214+0000] {logging_mixin.py:150} INFO - [2025-08-15T15:15:20.213+0000] {dagbag.py:541} INFO - Filling up the DagBag from /home/vscode/.local/lib/python3.10/site-packages/airflow/example_dags/example_task_group.py
[2025-08-15T15:15:20.220+0000] {processor.py:836} INFO - DAG(s) dict_keys(['example_task_group']) retrieved from /home/vscode/.local/lib/python3.10/site-packages/airflow/example_dags/example_task_group.py
[2025-08-15T15:15:20.233+0000] {logging_mixin.py:150} INFO - [2025-08-15T15:15:20.233+0000] {dag.py:2742} INFO - Sync 1 DAGs
[2025-08-15T15:15:20.248+0000] {logging_mixin.py:150} INFO - [2025-08-15T15:15:20.248+0000] {dag.py:3504} INFO - Setting next_dagrun for example_task_group to 2025-08-14T15:15:20.248170+00:00, run_after=2025-08-15T15:15:20.248170+00:00
[2025-08-15T15:15:20.265+0000] {processor.py:179} INFO - Processing /home/vscode/.local/lib/python3.10/site-packages/airflow/example_dags/example_task_group.py took 0.055 seconds
[2025-08-15T15:16:06.991+0000] {processor.py:157} INFO - Started process (PID=28060) to work on /home/vscode/.local/lib/python3.10/site-packages/airflow/example_dags/example_task_group.py
[2025-08-15T15:16:06.992+0000] {processor.py:826} INFO - Processing file /home/vscode/.local/lib/python3.10/site-packages/airflow/example_dags/example_task_group.py for tasks to queue
[2025-08-15T15:16:06.992+0000] {logging_mixin.py:150} INFO - [2025-08-15T15:16:06.992+0000] {dagbag.py:541} INFO - Filling up the DagBag from /home/vscode/.local/lib/python3.10/site-packages/airflow/example_dags/example_task_group.py
[2025-08-15T15:16:06.998+0000] {processor.py:836} INFO - DAG(s) dict_keys(['example_task_group']) retrieved from /home/vscode/.local/lib/python3.10/site-packages/airflow/example_dags/example_task_group.py
[2025-08-15T15:16:07.011+0000] {logging_mixin.py:150} INFO - [2025-08-15T15:16:07.011+0000] {dag.py:2742} INFO - Sync 1 DAGs
[2025-08-15T15:16:07.028+0000] {logging_mixin.py:150} INFO - [2025-08-15T15:16:07.028+0000] {dag.py:3504} INFO - Setting next_dagrun for example_task_group to 2025-08-14T15:16:07.028263+00:00, run_after=2025-08-15T15:16:07.028263+00:00
[2025-08-15T15:16:07.044+0000] {processor.py:179} INFO - Processing /home/vscode/.local/lib/python3.10/site-packages/airflow/example_dags/example_task_group.py took 0.056 seconds
[2025-08-15T15:16:54.541+0000] {processor.py:157} INFO - Started process (PID=28640) to work on /home/vscode/.local/lib/python3.10/site-packages/airflow/example_dags/example_task_group.py
[2025-08-15T15:16:54.542+0000] {processor.py:826} INFO - Processing file /home/vscode/.local/lib/python3.10/site-packages/airflow/example_dags/example_task_group.py for tasks to queue
[2025-08-15T15:16:54.542+0000] {logging_mixin.py:150} INFO - [2025-08-15T15:16:54.542+0000] {dagbag.py:541} INFO - Filling up the DagBag from /home/vscode/.local/lib/python3.10/site-packages/airflow/example_dags/example_task_group.py
[2025-08-15T15:16:54.554+0000] {processor.py:836} INFO - DAG(s) dict_keys(['example_task_group']) retrieved from /home/vscode/.local/lib/python3.10/site-packages/airflow/example_dags/example_task_group.py
[2025-08-15T15:16:54.580+0000] {logging_mixin.py:150} INFO - [2025-08-15T15:16:54.580+0000] {dag.py:2742} INFO - Sync 1 DAGs
[2025-08-15T15:16:54.603+0000] {logging_mixin.py:150} INFO - [2025-08-15T15:16:54.602+0000] {dag.py:3504} INFO - Setting next_dagrun for example_task_group to 2025-08-14T15:16:54.602704+00:00, run_after=2025-08-15T15:16:54.602704+00:00
[2025-08-15T15:16:54.625+0000] {processor.py:179} INFO - Processing /home/vscode/.local/lib/python3.10/site-packages/airflow/example_dags/example_task_group.py took 0.087 seconds
[2025-08-15T15:17:42.822+0000] {processor.py:157} INFO - Started process (PID=29079) to work on /home/vscode/.local/lib/python3.10/site-packages/airflow/example_dags/example_task_group.py
[2025-08-15T15:17:42.823+0000] {processor.py:826} INFO - Processing file /home/vscode/.local/lib/python3.10/site-packages/airflow/example_dags/example_task_group.py for tasks to queue
[2025-08-15T15:17:42.823+0000] {logging_mixin.py:150} INFO - [2025-08-15T15:17:42.823+0000] {dagbag.py:541} INFO - Filling up the DagBag from /home/vscode/.local/lib/python3.10/site-packages/airflow/example_dags/example_task_group.py
[2025-08-15T15:17:42.829+0000] {processor.py:836} INFO - DAG(s) dict_keys(['example_task_group']) retrieved from /home/vscode/.local/lib/python3.10/site-packages/airflow/example_dags/example_task_group.py
[2025-08-15T15:17:42.842+0000] {logging_mixin.py:150} INFO - [2025-08-15T15:17:42.842+0000] {dag.py:2742} INFO - Sync 1 DAGs
[2025-08-15T15:17:42.857+0000] {logging_mixin.py:150} INFO - [2025-08-15T15:17:42.856+0000] {dag.py:3504} INFO - Setting next_dagrun for example_task_group to 2025-08-14T15:17:42.856701+00:00, run_after=2025-08-15T15:17:42.856701+00:00
[2025-08-15T15:17:42.873+0000] {processor.py:179} INFO - Processing /home/vscode/.local/lib/python3.10/site-packages/airflow/example_dags/example_task_group.py took 0.054 seconds
[2025-08-15T15:18:28.703+0000] {processor.py:157} INFO - Started process (PID=29405) to work on /home/vscode/.local/lib/python3.10/site-packages/airflow/example_dags/example_task_group.py
[2025-08-15T15:18:28.704+0000] {processor.py:826} INFO - Processing file /home/vscode/.local/lib/python3.10/site-packages/airflow/example_dags/example_task_group.py for tasks to queue
[2025-08-15T15:18:28.704+0000] {logging_mixin.py:150} INFO - [2025-08-15T15:18:28.704+0000] {dagbag.py:541} INFO - Filling up the DagBag from /home/vscode/.local/lib/python3.10/site-packages/airflow/example_dags/example_task_group.py
[2025-08-15T15:18:28.710+0000] {processor.py:836} INFO - DAG(s) dict_keys(['example_task_group']) retrieved from /home/vscode/.local/lib/python3.10/site-packages/airflow/example_dags/example_task_group.py
[2025-08-15T15:18:28.723+0000] {logging_mixin.py:150} INFO - [2025-08-15T15:18:28.723+0000] {dag.py:2742} INFO - Sync 1 DAGs
[2025-08-15T15:18:28.738+0000] {logging_mixin.py:150} INFO - [2025-08-15T15:18:28.737+0000] {dag.py:3504} INFO - Setting next_dagrun for example_task_group to 2025-08-14T15:18:28.737799+00:00, run_after=2025-08-15T15:18:28.737799+00:00
[2025-08-15T15:18:28.754+0000] {processor.py:179} INFO - Processing /home/vscode/.local/lib/python3.10/site-packages/airflow/example_dags/example_task_group.py took 0.053 seconds
[2025-08-15T15:19:13.082+0000] {processor.py:157} INFO - Started process (PID=29704) to work on /home/vscode/.local/lib/python3.10/site-packages/airflow/example_dags/example_task_group.py
[2025-08-15T15:19:13.082+0000] {processor.py:826} INFO - Processing file /home/vscode/.local/lib/python3.10/site-packages/airflow/example_dags/example_task_group.py for tasks to queue
[2025-08-15T15:19:13.083+0000] {logging_mixin.py:150} INFO - [2025-08-15T15:19:13.083+0000] {dagbag.py:541} INFO - Filling up the DagBag from /home/vscode/.local/lib/python3.10/site-packages/airflow/example_dags/example_task_group.py
[2025-08-15T15:19:13.089+0000] {processor.py:836} INFO - DAG(s) dict_keys(['example_task_group']) retrieved from /home/vscode/.local/lib/python3.10/site-packages/airflow/example_dags/example_task_group.py
[2025-08-15T15:19:13.101+0000] {logging_mixin.py:150} INFO - [2025-08-15T15:19:13.101+0000] {dag.py:2742} INFO - Sync 1 DAGs
[2025-08-15T15:19:13.116+0000] {logging_mixin.py:150} INFO - [2025-08-15T15:19:13.115+0000] {dag.py:3504} INFO - Setting next_dagrun for example_task_group to 2025-08-14T15:19:13.115686+00:00, run_after=2025-08-15T15:19:13.115686+00:00
[2025-08-15T15:19:13.131+0000] {processor.py:179} INFO - Processing /home/vscode/.local/lib/python3.10/site-packages/airflow/example_dags/example_task_group.py took 0.052 seconds
[2025-08-15T15:19:56.529+0000] {processor.py:157} INFO - Started process (PID=30008) to work on /home/vscode/.local/lib/python3.10/site-packages/airflow/example_dags/example_task_group.py
[2025-08-15T15:19:56.530+0000] {processor.py:826} INFO - Processing file /home/vscode/.local/lib/python3.10/site-packages/airflow/example_dags/example_task_group.py for tasks to queue
[2025-08-15T15:19:56.531+0000] {logging_mixin.py:150} INFO - [2025-08-15T15:19:56.530+0000] {dagbag.py:541} INFO - Filling up the DagBag from /home/vscode/.local/lib/python3.10/site-packages/airflow/example_dags/example_task_group.py
[2025-08-15T15:19:56.553+0000] {processor.py:836} INFO - DAG(s) dict_keys(['example_task_group']) retrieved from /home/vscode/.local/lib/python3.10/site-packages/airflow/example_dags/example_task_group.py
[2025-08-15T15:19:56.580+0000] {logging_mixin.py:150} INFO - [2025-08-15T15:19:56.579+0000] {dag.py:2742} INFO - Sync 1 DAGs
[2025-08-15T15:19:56.614+0000] {logging_mixin.py:150} INFO - [2025-08-15T15:19:56.612+0000] {dag.py:3504} INFO - Setting next_dagrun for example_task_group to 2025-08-14T15:19:56.611913+00:00, run_after=2025-08-15T15:19:56.611913+00:00
[2025-08-15T15:19:56.695+0000] {processor.py:179} INFO - Processing /home/vscode/.local/lib/python3.10/site-packages/airflow/example_dags/example_task_group.py took 0.171 seconds
[2025-08-15T15:20:37.537+0000] {processor.py:157} INFO - Started process (PID=31521) to work on /home/vscode/.local/lib/python3.10/site-packages/airflow/example_dags/example_task_group.py
[2025-08-15T15:20:37.537+0000] {processor.py:826} INFO - Processing file /home/vscode/.local/lib/python3.10/site-packages/airflow/example_dags/example_task_group.py for tasks to queue
[2025-08-15T15:20:37.538+0000] {logging_mixin.py:150} INFO - [2025-08-15T15:20:37.538+0000] {dagbag.py:541} INFO - Filling up the DagBag from /home/vscode/.local/lib/python3.10/site-packages/airflow/example_dags/example_task_group.py
[2025-08-15T15:20:37.544+0000] {processor.py:836} INFO - DAG(s) dict_keys(['example_task_group']) retrieved from /home/vscode/.local/lib/python3.10/site-packages/airflow/example_dags/example_task_group.py
[2025-08-15T15:20:37.556+0000] {logging_mixin.py:150} INFO - [2025-08-15T15:20:37.556+0000] {dag.py:2742} INFO - Sync 1 DAGs
[2025-08-15T15:20:37.571+0000] {logging_mixin.py:150} INFO - [2025-08-15T15:20:37.571+0000] {dag.py:3504} INFO - Setting next_dagrun for example_task_group to 2025-08-14T15:20:37.571029+00:00, run_after=2025-08-15T15:20:37.571029+00:00
[2025-08-15T15:20:37.588+0000] {processor.py:179} INFO - Processing /home/vscode/.local/lib/python3.10/site-packages/airflow/example_dags/example_task_group.py took 0.054 seconds
[2025-08-15T15:21:13.526+0000] {processor.py:157} INFO - Started process (PID=31773) to work on /home/vscode/.local/lib/python3.10/site-packages/airflow/example_dags/example_task_group.py
[2025-08-15T15:21:13.527+0000] {processor.py:826} INFO - Processing file /home/vscode/.local/lib/python3.10/site-packages/airflow/example_dags/example_task_group.py for tasks to queue
[2025-08-15T15:21:13.528+0000] {logging_mixin.py:150} INFO - [2025-08-15T15:21:13.528+0000] {dagbag.py:541} INFO - Filling up the DagBag from /home/vscode/.local/lib/python3.10/site-packages/airflow/example_dags/example_task_group.py
[2025-08-15T15:21:13.536+0000] {processor.py:836} INFO - DAG(s) dict_keys(['example_task_group']) retrieved from /home/vscode/.local/lib/python3.10/site-packages/airflow/example_dags/example_task_group.py
[2025-08-15T15:21:13.554+0000] {logging_mixin.py:150} INFO - [2025-08-15T15:21:13.554+0000] {dag.py:2742} INFO - Sync 1 DAGs
[2025-08-15T15:21:13.577+0000] {logging_mixin.py:150} INFO - [2025-08-15T15:21:13.576+0000] {dag.py:3504} INFO - Setting next_dagrun for example_task_group to 2025-08-14T15:21:13.576629+00:00, run_after=2025-08-15T15:21:13.576629+00:00
[2025-08-15T15:21:13.636+0000] {processor.py:179} INFO - Processing /home/vscode/.local/lib/python3.10/site-packages/airflow/example_dags/example_task_group.py took 0.113 seconds
[2025-08-15T15:22:01.512+0000] {processor.py:157} INFO - Started process (PID=32190) to work on /home/vscode/.local/lib/python3.10/site-packages/airflow/example_dags/example_task_group.py
[2025-08-15T15:22:01.513+0000] {processor.py:826} INFO - Processing file /home/vscode/.local/lib/python3.10/site-packages/airflow/example_dags/example_task_group.py for tasks to queue
[2025-08-15T15:22:01.513+0000] {logging_mixin.py:150} INFO - [2025-08-15T15:22:01.513+0000] {dagbag.py:541} INFO - Filling up the DagBag from /home/vscode/.local/lib/python3.10/site-packages/airflow/example_dags/example_task_group.py
[2025-08-15T15:22:01.520+0000] {processor.py:836} INFO - DAG(s) dict_keys(['example_task_group']) retrieved from /home/vscode/.local/lib/python3.10/site-packages/airflow/example_dags/example_task_group.py
[2025-08-15T15:22:01.534+0000] {logging_mixin.py:150} INFO - [2025-08-15T15:22:01.533+0000] {dag.py:2742} INFO - Sync 1 DAGs
[2025-08-15T15:22:01.550+0000] {logging_mixin.py:150} INFO - [2025-08-15T15:22:01.550+0000] {dag.py:3504} INFO - Setting next_dagrun for example_task_group to 2025-08-14T15:22:01.550004+00:00, run_after=2025-08-15T15:22:01.550004+00:00
[2025-08-15T15:22:01.568+0000] {processor.py:179} INFO - Processing /home/vscode/.local/lib/python3.10/site-packages/airflow/example_dags/example_task_group.py took 0.058 seconds
[2025-08-15T15:22:49.776+0000] {processor.py:157} INFO - Started process (PID=32607) to work on /home/vscode/.local/lib/python3.10/site-packages/airflow/example_dags/example_task_group.py
[2025-08-15T15:22:49.776+0000] {processor.py:826} INFO - Processing file /home/vscode/.local/lib/python3.10/site-packages/airflow/example_dags/example_task_group.py for tasks to queue
[2025-08-15T15:22:49.777+0000] {logging_mixin.py:150} INFO - [2025-08-15T15:22:49.777+0000] {dagbag.py:541} INFO - Filling up the DagBag from /home/vscode/.local/lib/python3.10/site-packages/airflow/example_dags/example_task_group.py
[2025-08-15T15:22:49.783+0000] {processor.py:836} INFO - DAG(s) dict_keys(['example_task_group']) retrieved from /home/vscode/.local/lib/python3.10/site-packages/airflow/example_dags/example_task_group.py
[2025-08-15T15:22:49.796+0000] {logging_mixin.py:150} INFO - [2025-08-15T15:22:49.796+0000] {dag.py:2742} INFO - Sync 1 DAGs
[2025-08-15T15:22:49.811+0000] {logging_mixin.py:150} INFO - [2025-08-15T15:22:49.811+0000] {dag.py:3504} INFO - Setting next_dagrun for example_task_group to 2025-08-14T15:22:49.811069+00:00, run_after=2025-08-15T15:22:49.811069+00:00
[2025-08-15T15:22:49.829+0000] {processor.py:179} INFO - Processing /home/vscode/.local/lib/python3.10/site-packages/airflow/example_dags/example_task_group.py took 0.056 seconds
[2025-08-15T15:23:39.641+0000] {processor.py:157} INFO - Started process (PID=33203) to work on /home/vscode/.local/lib/python3.10/site-packages/airflow/example_dags/example_task_group.py
[2025-08-15T15:23:39.642+0000] {processor.py:826} INFO - Processing file /home/vscode/.local/lib/python3.10/site-packages/airflow/example_dags/example_task_group.py for tasks to queue
[2025-08-15T15:23:39.643+0000] {logging_mixin.py:150} INFO - [2025-08-15T15:23:39.643+0000] {dagbag.py:541} INFO - Filling up the DagBag from /home/vscode/.local/lib/python3.10/site-packages/airflow/example_dags/example_task_group.py
[2025-08-15T15:23:39.649+0000] {processor.py:836} INFO - DAG(s) dict_keys(['example_task_group']) retrieved from /home/vscode/.local/lib/python3.10/site-packages/airflow/example_dags/example_task_group.py
[2025-08-15T15:23:39.661+0000] {logging_mixin.py:150} INFO - [2025-08-15T15:23:39.661+0000] {dag.py:2742} INFO - Sync 1 DAGs
[2025-08-15T15:23:39.677+0000] {logging_mixin.py:150} INFO - [2025-08-15T15:23:39.677+0000] {dag.py:3504} INFO - Setting next_dagrun for example_task_group to 2025-08-14T15:23:39.677339+00:00, run_after=2025-08-15T15:23:39.677339+00:00
[2025-08-15T15:23:39.695+0000] {processor.py:179} INFO - Processing /home/vscode/.local/lib/python3.10/site-packages/airflow/example_dags/example_task_group.py took 0.056 seconds
[2025-08-15T15:24:21.923+0000] {processor.py:157} INFO - Started process (PID=33658) to work on /home/vscode/.local/lib/python3.10/site-packages/airflow/example_dags/example_task_group.py
[2025-08-15T15:24:21.923+0000] {processor.py:826} INFO - Processing file /home/vscode/.local/lib/python3.10/site-packages/airflow/example_dags/example_task_group.py for tasks to queue
[2025-08-15T15:24:21.924+0000] {logging_mixin.py:150} INFO - [2025-08-15T15:24:21.924+0000] {dagbag.py:541} INFO - Filling up the DagBag from /home/vscode/.local/lib/python3.10/site-packages/airflow/example_dags/example_task_group.py
[2025-08-15T15:24:21.930+0000] {processor.py:836} INFO - DAG(s) dict_keys(['example_task_group']) retrieved from /home/vscode/.local/lib/python3.10/site-packages/airflow/example_dags/example_task_group.py
[2025-08-15T15:24:21.943+0000] {logging_mixin.py:150} INFO - [2025-08-15T15:24:21.942+0000] {dag.py:2742} INFO - Sync 1 DAGs
[2025-08-15T15:24:21.963+0000] {logging_mixin.py:150} INFO - [2025-08-15T15:24:21.963+0000] {dag.py:3504} INFO - Setting next_dagrun for example_task_group to 2025-08-14T15:24:21.963316+00:00, run_after=2025-08-15T15:24:21.963316+00:00
[2025-08-15T15:24:21.979+0000] {processor.py:179} INFO - Processing /home/vscode/.local/lib/python3.10/site-packages/airflow/example_dags/example_task_group.py took 0.059 seconds
[2025-08-15T15:25:05.937+0000] {processor.py:157} INFO - Started process (PID=34147) to work on /home/vscode/.local/lib/python3.10/site-packages/airflow/example_dags/example_task_group.py
[2025-08-15T15:25:05.938+0000] {processor.py:826} INFO - Processing file /home/vscode/.local/lib/python3.10/site-packages/airflow/example_dags/example_task_group.py for tasks to queue
[2025-08-15T15:25:05.938+0000] {logging_mixin.py:150} INFO - [2025-08-15T15:25:05.938+0000] {dagbag.py:541} INFO - Filling up the DagBag from /home/vscode/.local/lib/python3.10/site-packages/airflow/example_dags/example_task_group.py
[2025-08-15T15:25:05.945+0000] {processor.py:836} INFO - DAG(s) dict_keys(['example_task_group']) retrieved from /home/vscode/.local/lib/python3.10/site-packages/airflow/example_dags/example_task_group.py
[2025-08-15T15:25:05.958+0000] {logging_mixin.py:150} INFO - [2025-08-15T15:25:05.958+0000] {dag.py:2742} INFO - Sync 1 DAGs
[2025-08-15T15:25:05.974+0000] {logging_mixin.py:150} INFO - [2025-08-15T15:25:05.974+0000] {dag.py:3504} INFO - Setting next_dagrun for example_task_group to 2025-08-14T15:25:05.973903+00:00, run_after=2025-08-15T15:25:05.973903+00:00
[2025-08-15T15:25:05.990+0000] {processor.py:179} INFO - Processing /home/vscode/.local/lib/python3.10/site-packages/airflow/example_dags/example_task_group.py took 0.056 seconds
[2025-08-15T15:25:52.476+0000] {processor.py:157} INFO - Started process (PID=34473) to work on /home/vscode/.local/lib/python3.10/site-packages/airflow/example_dags/example_task_group.py
[2025-08-15T15:25:52.477+0000] {processor.py:826} INFO - Processing file /home/vscode/.local/lib/python3.10/site-packages/airflow/example_dags/example_task_group.py for tasks to queue
[2025-08-15T15:25:52.477+0000] {logging_mixin.py:150} INFO - [2025-08-15T15:25:52.477+0000] {dagbag.py:541} INFO - Filling up the DagBag from /home/vscode/.local/lib/python3.10/site-packages/airflow/example_dags/example_task_group.py
[2025-08-15T15:25:52.483+0000] {processor.py:836} INFO - DAG(s) dict_keys(['example_task_group']) retrieved from /home/vscode/.local/lib/python3.10/site-packages/airflow/example_dags/example_task_group.py
[2025-08-15T15:25:52.496+0000] {logging_mixin.py:150} INFO - [2025-08-15T15:25:52.495+0000] {dag.py:2742} INFO - Sync 1 DAGs
[2025-08-15T15:25:52.510+0000] {logging_mixin.py:150} INFO - [2025-08-15T15:25:52.510+0000] {dag.py:3504} INFO - Setting next_dagrun for example_task_group to 2025-08-14T15:25:52.510528+00:00, run_after=2025-08-15T15:25:52.510528+00:00
[2025-08-15T15:25:52.528+0000] {processor.py:179} INFO - Processing /home/vscode/.local/lib/python3.10/site-packages/airflow/example_dags/example_task_group.py took 0.054 seconds
[2025-08-15T15:26:38.084+0000] {processor.py:157} INFO - Started process (PID=34855) to work on /home/vscode/.local/lib/python3.10/site-packages/airflow/example_dags/example_task_group.py
[2025-08-15T15:26:38.086+0000] {processor.py:826} INFO - Processing file /home/vscode/.local/lib/python3.10/site-packages/airflow/example_dags/example_task_group.py for tasks to queue
[2025-08-15T15:26:38.087+0000] {logging_mixin.py:150} INFO - [2025-08-15T15:26:38.086+0000] {dagbag.py:541} INFO - Filling up the DagBag from /home/vscode/.local/lib/python3.10/site-packages/airflow/example_dags/example_task_group.py
[2025-08-15T15:26:38.095+0000] {processor.py:836} INFO - DAG(s) dict_keys(['example_task_group']) retrieved from /home/vscode/.local/lib/python3.10/site-packages/airflow/example_dags/example_task_group.py
[2025-08-15T15:26:38.114+0000] {logging_mixin.py:150} INFO - [2025-08-15T15:26:38.114+0000] {dag.py:2742} INFO - Sync 1 DAGs
[2025-08-15T15:26:38.142+0000] {logging_mixin.py:150} INFO - [2025-08-15T15:26:38.142+0000] {dag.py:3504} INFO - Setting next_dagrun for example_task_group to 2025-08-14T15:26:38.142129+00:00, run_after=2025-08-15T15:26:38.142129+00:00
[2025-08-15T15:26:38.166+0000] {processor.py:179} INFO - Processing /home/vscode/.local/lib/python3.10/site-packages/airflow/example_dags/example_task_group.py took 0.086 seconds
