[2025-08-15T14:30:58.653+0000] {processor.py:157} INFO - Started process (PID=4961) to work on /home/vscode/.local/lib/python3.10/site-packages/airflow/example_dags/example_short_circuit_operator.py
[2025-08-15T14:30:58.654+0000] {processor.py:826} INFO - Processing file /home/vscode/.local/lib/python3.10/site-packages/airflow/example_dags/example_short_circuit_operator.py for tasks to queue
[2025-08-15T14:30:58.654+0000] {logging_mixin.py:150} INFO - [2025-08-15T14:30:58.654+0000] {dagbag.py:541} INFO - Filling up the DagBag from /home/vscode/.local/lib/python3.10/site-packages/airflow/example_dags/example_short_circuit_operator.py
[2025-08-15T14:30:58.663+0000] {processor.py:836} INFO - DAG(s) dict_keys(['example_short_circuit_operator']) retrieved from /home/vscode/.local/lib/python3.10/site-packages/airflow/example_dags/example_short_circuit_operator.py
[2025-08-15T14:30:58.678+0000] {logging_mixin.py:150} INFO - [2025-08-15T14:30:58.678+0000] {dag.py:2742} INFO - Sync 1 DAGs
[2025-08-15T14:30:58.702+0000] {logging_mixin.py:150} INFO - [2025-08-15T14:30:58.701+0000] {dag.py:3504} INFO - Setting next_dagrun for example_short_circuit_operator to 2025-08-14T14:30:58.701702+00:00, run_after=2025-08-15T14:30:58.701702+00:00
[2025-08-15T14:30:58.723+0000] {processor.py:179} INFO - Processing /home/vscode/.local/lib/python3.10/site-packages/airflow/example_dags/example_short_circuit_operator.py took 0.073 seconds
[2025-08-15T14:31:44.007+0000] {processor.py:157} INFO - Started process (PID=5283) to work on /home/vscode/.local/lib/python3.10/site-packages/airflow/example_dags/example_short_circuit_operator.py
[2025-08-15T14:31:44.008+0000] {processor.py:826} INFO - Processing file /home/vscode/.local/lib/python3.10/site-packages/airflow/example_dags/example_short_circuit_operator.py for tasks to queue
[2025-08-15T14:31:44.008+0000] {logging_mixin.py:150} INFO - [2025-08-15T14:31:44.008+0000] {dagbag.py:541} INFO - Filling up the DagBag from /home/vscode/.local/lib/python3.10/site-packages/airflow/example_dags/example_short_circuit_operator.py
[2025-08-15T14:31:44.014+0000] {processor.py:836} INFO - DAG(s) dict_keys(['example_short_circuit_operator']) retrieved from /home/vscode/.local/lib/python3.10/site-packages/airflow/example_dags/example_short_circuit_operator.py
[2025-08-15T14:31:44.028+0000] {logging_mixin.py:150} INFO - [2025-08-15T14:31:44.028+0000] {dag.py:2742} INFO - Sync 1 DAGs
[2025-08-15T14:31:44.043+0000] {logging_mixin.py:150} INFO - [2025-08-15T14:31:44.042+0000] {dag.py:3504} INFO - Setting next_dagrun for example_short_circuit_operator to 2025-08-14T14:31:44.042730+00:00, run_after=2025-08-15T14:31:44.042730+00:00
[2025-08-15T14:31:44.060+0000] {processor.py:179} INFO - Processing /home/vscode/.local/lib/python3.10/site-packages/airflow/example_dags/example_short_circuit_operator.py took 0.055 seconds
[2025-08-15T14:32:30.866+0000] {processor.py:157} INFO - Started process (PID=5630) to work on /home/vscode/.local/lib/python3.10/site-packages/airflow/example_dags/example_short_circuit_operator.py
[2025-08-15T14:32:30.867+0000] {processor.py:826} INFO - Processing file /home/vscode/.local/lib/python3.10/site-packages/airflow/example_dags/example_short_circuit_operator.py for tasks to queue
[2025-08-15T14:32:30.868+0000] {logging_mixin.py:150} INFO - [2025-08-15T14:32:30.868+0000] {dagbag.py:541} INFO - Filling up the DagBag from /home/vscode/.local/lib/python3.10/site-packages/airflow/example_dags/example_short_circuit_operator.py
[2025-08-15T14:32:30.874+0000] {processor.py:836} INFO - DAG(s) dict_keys(['example_short_circuit_operator']) retrieved from /home/vscode/.local/lib/python3.10/site-packages/airflow/example_dags/example_short_circuit_operator.py
[2025-08-15T14:32:30.888+0000] {logging_mixin.py:150} INFO - [2025-08-15T14:32:30.888+0000] {dag.py:2742} INFO - Sync 1 DAGs
[2025-08-15T14:32:30.904+0000] {logging_mixin.py:150} INFO - [2025-08-15T14:32:30.904+0000] {dag.py:3504} INFO - Setting next_dagrun for example_short_circuit_operator to 2025-08-14T14:32:30.904016+00:00, run_after=2025-08-15T14:32:30.904016+00:00
[2025-08-15T14:32:30.920+0000] {processor.py:179} INFO - Processing /home/vscode/.local/lib/python3.10/site-packages/airflow/example_dags/example_short_circuit_operator.py took 0.056 seconds
