[2025-08-15T15:15:03.654+0000] {processor.py:157} INFO - Started process (PID=27461) to work on /home/vscode/.local/lib/python3.10/site-packages/airflow/example_dags/example_branch_operator_decorator.py
[2025-08-15T15:15:03.655+0000] {processor.py:826} INFO - Processing file /home/vscode/.local/lib/python3.10/site-packages/airflow/example_dags/example_branch_operator_decorator.py for tasks to queue
[2025-08-15T15:15:03.655+0000] {logging_mixin.py:150} INFO - [2025-08-15T15:15:03.655+0000] {dagbag.py:541} INFO - Filling up the DagBag from /home/vscode/.local/lib/python3.10/site-packages/airflow/example_dags/example_branch_operator_decorator.py
[2025-08-15T15:15:03.663+0000] {processor.py:836} INFO - DAG(s) dict_keys(['example_branch_python_operator_decorator']) retrieved from /home/vscode/.local/lib/python3.10/site-packages/airflow/example_dags/example_branch_operator_decorator.py
[2025-08-15T15:15:03.742+0000] {logging_mixin.py:150} INFO - [2025-08-15T15:15:03.742+0000] {manager.py:504} INFO - Created Permission View: can read on DAG:example_branch_python_operator_decorator
[2025-08-15T15:15:03.753+0000] {logging_mixin.py:150} INFO - [2025-08-15T15:15:03.753+0000] {manager.py:504} INFO - Created Permission View: can delete on DAG:example_branch_python_operator_decorator
[2025-08-15T15:15:03.760+0000] {logging_mixin.py:150} INFO - [2025-08-15T15:15:03.760+0000] {manager.py:504} INFO - Created Permission View: can edit on DAG:example_branch_python_operator_decorator
[2025-08-15T15:15:03.769+0000] {logging_mixin.py:150} INFO - [2025-08-15T15:15:03.769+0000] {dag.py:2742} INFO - Sync 1 DAGs
[2025-08-15T15:15:03.777+0000] {logging_mixin.py:150} INFO - [2025-08-15T15:15:03.776+0000] {dag.py:2763} INFO - Creating ORM DAG for example_branch_python_operator_decorator
[2025-08-15T15:15:03.785+0000] {logging_mixin.py:150} INFO - [2025-08-15T15:15:03.785+0000] {dag.py:3504} INFO - Setting next_dagrun for example_branch_python_operator_decorator to 2025-08-14T00:00:00+00:00, run_after=2025-08-15T00:00:00+00:00
[2025-08-15T15:15:03.804+0000] {processor.py:179} INFO - Processing /home/vscode/.local/lib/python3.10/site-packages/airflow/example_dags/example_branch_operator_decorator.py took 0.152 seconds
[2025-08-15T15:15:58.982+0000] {processor.py:157} INFO - Started process (PID=27967) to work on /home/vscode/.local/lib/python3.10/site-packages/airflow/example_dags/example_branch_operator_decorator.py
[2025-08-15T15:15:58.983+0000] {processor.py:826} INFO - Processing file /home/vscode/.local/lib/python3.10/site-packages/airflow/example_dags/example_branch_operator_decorator.py for tasks to queue
[2025-08-15T15:15:58.983+0000] {logging_mixin.py:150} INFO - [2025-08-15T15:15:58.983+0000] {dagbag.py:541} INFO - Filling up the DagBag from /home/vscode/.local/lib/python3.10/site-packages/airflow/example_dags/example_branch_operator_decorator.py
[2025-08-15T15:15:58.991+0000] {processor.py:836} INFO - DAG(s) dict_keys(['example_branch_python_operator_decorator']) retrieved from /home/vscode/.local/lib/python3.10/site-packages/airflow/example_dags/example_branch_operator_decorator.py
[2025-08-15T15:15:59.005+0000] {logging_mixin.py:150} INFO - [2025-08-15T15:15:59.005+0000] {dag.py:2742} INFO - Sync 1 DAGs
[2025-08-15T15:15:59.021+0000] {logging_mixin.py:150} INFO - [2025-08-15T15:15:59.021+0000] {dag.py:3504} INFO - Setting next_dagrun for example_branch_python_operator_decorator to 2025-08-14T00:00:00+00:00, run_after=2025-08-15T00:00:00+00:00
[2025-08-15T15:15:59.037+0000] {processor.py:179} INFO - Processing /home/vscode/.local/lib/python3.10/site-packages/airflow/example_dags/example_branch_operator_decorator.py took 0.057 seconds
[2025-08-15T15:16:45.007+0000] {processor.py:157} INFO - Started process (PID=28492) to work on /home/vscode/.local/lib/python3.10/site-packages/airflow/example_dags/example_branch_operator_decorator.py
[2025-08-15T15:16:45.008+0000] {processor.py:826} INFO - Processing file /home/vscode/.local/lib/python3.10/site-packages/airflow/example_dags/example_branch_operator_decorator.py for tasks to queue
[2025-08-15T15:16:45.008+0000] {logging_mixin.py:150} INFO - [2025-08-15T15:16:45.008+0000] {dagbag.py:541} INFO - Filling up the DagBag from /home/vscode/.local/lib/python3.10/site-packages/airflow/example_dags/example_branch_operator_decorator.py
[2025-08-15T15:16:45.016+0000] {processor.py:836} INFO - DAG(s) dict_keys(['example_branch_python_operator_decorator']) retrieved from /home/vscode/.local/lib/python3.10/site-packages/airflow/example_dags/example_branch_operator_decorator.py
[2025-08-15T15:16:45.031+0000] {logging_mixin.py:150} INFO - [2025-08-15T15:16:45.031+0000] {dag.py:2742} INFO - Sync 1 DAGs
[2025-08-15T15:16:45.047+0000] {logging_mixin.py:150} INFO - [2025-08-15T15:16:45.047+0000] {dag.py:3504} INFO - Setting next_dagrun for example_branch_python_operator_decorator to 2025-08-14T00:00:00+00:00, run_after=2025-08-15T00:00:00+00:00
[2025-08-15T15:16:45.063+0000] {processor.py:179} INFO - Processing /home/vscode/.local/lib/python3.10/site-packages/airflow/example_dags/example_branch_operator_decorator.py took 0.059 seconds
[2025-08-15T15:17:36.790+0000] {processor.py:157} INFO - Started process (PID=29021) to work on /home/vscode/.local/lib/python3.10/site-packages/airflow/example_dags/example_branch_operator_decorator.py
[2025-08-15T15:17:36.791+0000] {processor.py:826} INFO - Processing file /home/vscode/.local/lib/python3.10/site-packages/airflow/example_dags/example_branch_operator_decorator.py for tasks to queue
[2025-08-15T15:17:36.791+0000] {logging_mixin.py:150} INFO - [2025-08-15T15:17:36.791+0000] {dagbag.py:541} INFO - Filling up the DagBag from /home/vscode/.local/lib/python3.10/site-packages/airflow/example_dags/example_branch_operator_decorator.py
[2025-08-15T15:17:36.799+0000] {processor.py:836} INFO - DAG(s) dict_keys(['example_branch_python_operator_decorator']) retrieved from /home/vscode/.local/lib/python3.10/site-packages/airflow/example_dags/example_branch_operator_decorator.py
[2025-08-15T15:17:36.813+0000] {logging_mixin.py:150} INFO - [2025-08-15T15:17:36.813+0000] {dag.py:2742} INFO - Sync 1 DAGs
[2025-08-15T15:17:36.829+0000] {logging_mixin.py:150} INFO - [2025-08-15T15:17:36.829+0000] {dag.py:3504} INFO - Setting next_dagrun for example_branch_python_operator_decorator to 2025-08-14T00:00:00+00:00, run_after=2025-08-15T00:00:00+00:00
[2025-08-15T15:17:36.844+0000] {processor.py:179} INFO - Processing /home/vscode/.local/lib/python3.10/site-packages/airflow/example_dags/example_branch_operator_decorator.py took 0.057 seconds
[2025-08-15T15:18:21.690+0000] {processor.py:157} INFO - Started process (PID=29349) to work on /home/vscode/.local/lib/python3.10/site-packages/airflow/example_dags/example_branch_operator_decorator.py
[2025-08-15T15:18:21.690+0000] {processor.py:826} INFO - Processing file /home/vscode/.local/lib/python3.10/site-packages/airflow/example_dags/example_branch_operator_decorator.py for tasks to queue
[2025-08-15T15:18:21.691+0000] {logging_mixin.py:150} INFO - [2025-08-15T15:18:21.691+0000] {dagbag.py:541} INFO - Filling up the DagBag from /home/vscode/.local/lib/python3.10/site-packages/airflow/example_dags/example_branch_operator_decorator.py
[2025-08-15T15:18:21.699+0000] {processor.py:836} INFO - DAG(s) dict_keys(['example_branch_python_operator_decorator']) retrieved from /home/vscode/.local/lib/python3.10/site-packages/airflow/example_dags/example_branch_operator_decorator.py
[2025-08-15T15:18:21.713+0000] {logging_mixin.py:150} INFO - [2025-08-15T15:18:21.713+0000] {dag.py:2742} INFO - Sync 1 DAGs
[2025-08-15T15:18:21.731+0000] {logging_mixin.py:150} INFO - [2025-08-15T15:18:21.731+0000] {dag.py:3504} INFO - Setting next_dagrun for example_branch_python_operator_decorator to 2025-08-14T00:00:00+00:00, run_after=2025-08-15T00:00:00+00:00
[2025-08-15T15:18:21.749+0000] {processor.py:179} INFO - Processing /home/vscode/.local/lib/python3.10/site-packages/airflow/example_dags/example_branch_operator_decorator.py took 0.062 seconds
[2025-08-15T15:19:06.804+0000] {processor.py:157} INFO - Started process (PID=29661) to work on /home/vscode/.local/lib/python3.10/site-packages/airflow/example_dags/example_branch_operator_decorator.py
[2025-08-15T15:19:06.804+0000] {processor.py:826} INFO - Processing file /home/vscode/.local/lib/python3.10/site-packages/airflow/example_dags/example_branch_operator_decorator.py for tasks to queue
[2025-08-15T15:19:06.805+0000] {logging_mixin.py:150} INFO - [2025-08-15T15:19:06.805+0000] {dagbag.py:541} INFO - Filling up the DagBag from /home/vscode/.local/lib/python3.10/site-packages/airflow/example_dags/example_branch_operator_decorator.py
[2025-08-15T15:19:06.813+0000] {processor.py:836} INFO - DAG(s) dict_keys(['example_branch_python_operator_decorator']) retrieved from /home/vscode/.local/lib/python3.10/site-packages/airflow/example_dags/example_branch_operator_decorator.py
[2025-08-15T15:19:06.827+0000] {logging_mixin.py:150} INFO - [2025-08-15T15:19:06.827+0000] {dag.py:2742} INFO - Sync 1 DAGs
[2025-08-15T15:19:06.842+0000] {logging_mixin.py:150} INFO - [2025-08-15T15:19:06.842+0000] {dag.py:3504} INFO - Setting next_dagrun for example_branch_python_operator_decorator to 2025-08-14T00:00:00+00:00, run_after=2025-08-15T00:00:00+00:00
[2025-08-15T15:19:06.858+0000] {processor.py:179} INFO - Processing /home/vscode/.local/lib/python3.10/site-packages/airflow/example_dags/example_branch_operator_decorator.py took 0.057 seconds
[2025-08-15T15:19:50.897+0000] {processor.py:157} INFO - Started process (PID=29956) to work on /home/vscode/.local/lib/python3.10/site-packages/airflow/example_dags/example_branch_operator_decorator.py
[2025-08-15T15:19:50.898+0000] {processor.py:826} INFO - Processing file /home/vscode/.local/lib/python3.10/site-packages/airflow/example_dags/example_branch_operator_decorator.py for tasks to queue
[2025-08-15T15:19:50.899+0000] {logging_mixin.py:150} INFO - [2025-08-15T15:19:50.898+0000] {dagbag.py:541} INFO - Filling up the DagBag from /home/vscode/.local/lib/python3.10/site-packages/airflow/example_dags/example_branch_operator_decorator.py
[2025-08-15T15:19:50.906+0000] {processor.py:836} INFO - DAG(s) dict_keys(['example_branch_python_operator_decorator']) retrieved from /home/vscode/.local/lib/python3.10/site-packages/airflow/example_dags/example_branch_operator_decorator.py
[2025-08-15T15:19:50.920+0000] {logging_mixin.py:150} INFO - [2025-08-15T15:19:50.920+0000] {dag.py:2742} INFO - Sync 1 DAGs
[2025-08-15T15:19:50.937+0000] {logging_mixin.py:150} INFO - [2025-08-15T15:19:50.937+0000] {dag.py:3504} INFO - Setting next_dagrun for example_branch_python_operator_decorator to 2025-08-14T00:00:00+00:00, run_after=2025-08-15T00:00:00+00:00
[2025-08-15T15:19:50.955+0000] {processor.py:179} INFO - Processing /home/vscode/.local/lib/python3.10/site-packages/airflow/example_dags/example_branch_operator_decorator.py took 0.060 seconds
[2025-08-15T15:20:51.825+0000] {processor.py:157} INFO - Started process (PID=31617) to work on /home/vscode/.local/lib/python3.10/site-packages/airflow/example_dags/example_branch_operator_decorator.py
[2025-08-15T15:20:51.826+0000] {processor.py:826} INFO - Processing file /home/vscode/.local/lib/python3.10/site-packages/airflow/example_dags/example_branch_operator_decorator.py for tasks to queue
[2025-08-15T15:20:51.826+0000] {logging_mixin.py:150} INFO - [2025-08-15T15:20:51.826+0000] {dagbag.py:541} INFO - Filling up the DagBag from /home/vscode/.local/lib/python3.10/site-packages/airflow/example_dags/example_branch_operator_decorator.py
[2025-08-15T15:20:51.834+0000] {processor.py:836} INFO - DAG(s) dict_keys(['example_branch_python_operator_decorator']) retrieved from /home/vscode/.local/lib/python3.10/site-packages/airflow/example_dags/example_branch_operator_decorator.py
[2025-08-15T15:20:51.848+0000] {logging_mixin.py:150} INFO - [2025-08-15T15:20:51.848+0000] {dag.py:2742} INFO - Sync 1 DAGs
[2025-08-15T15:20:51.864+0000] {logging_mixin.py:150} INFO - [2025-08-15T15:20:51.864+0000] {dag.py:3504} INFO - Setting next_dagrun for example_branch_python_operator_decorator to 2025-08-14T00:00:00+00:00, run_after=2025-08-15T00:00:00+00:00
[2025-08-15T15:20:51.881+0000] {processor.py:179} INFO - Processing /home/vscode/.local/lib/python3.10/site-packages/airflow/example_dags/example_branch_operator_decorator.py took 0.058 seconds
[2025-08-15T15:21:38.093+0000] {processor.py:157} INFO - Started process (PID=31957) to work on /home/vscode/.local/lib/python3.10/site-packages/airflow/example_dags/example_branch_operator_decorator.py
[2025-08-15T15:21:38.094+0000] {processor.py:826} INFO - Processing file /home/vscode/.local/lib/python3.10/site-packages/airflow/example_dags/example_branch_operator_decorator.py for tasks to queue
[2025-08-15T15:21:38.095+0000] {logging_mixin.py:150} INFO - [2025-08-15T15:21:38.094+0000] {dagbag.py:541} INFO - Filling up the DagBag from /home/vscode/.local/lib/python3.10/site-packages/airflow/example_dags/example_branch_operator_decorator.py
[2025-08-15T15:21:38.102+0000] {processor.py:836} INFO - DAG(s) dict_keys(['example_branch_python_operator_decorator']) retrieved from /home/vscode/.local/lib/python3.10/site-packages/airflow/example_dags/example_branch_operator_decorator.py
[2025-08-15T15:21:38.116+0000] {logging_mixin.py:150} INFO - [2025-08-15T15:21:38.116+0000] {dag.py:2742} INFO - Sync 1 DAGs
[2025-08-15T15:21:38.132+0000] {logging_mixin.py:150} INFO - [2025-08-15T15:21:38.132+0000] {dag.py:3504} INFO - Setting next_dagrun for example_branch_python_operator_decorator to 2025-08-14T00:00:00+00:00, run_after=2025-08-15T00:00:00+00:00
[2025-08-15T15:21:38.150+0000] {processor.py:179} INFO - Processing /home/vscode/.local/lib/python3.10/site-packages/airflow/example_dags/example_branch_operator_decorator.py took 0.059 seconds
[2025-08-15T15:22:30.320+0000] {processor.py:157} INFO - Started process (PID=32404) to work on /home/vscode/.local/lib/python3.10/site-packages/airflow/example_dags/example_branch_operator_decorator.py
[2025-08-15T15:22:30.320+0000] {processor.py:826} INFO - Processing file /home/vscode/.local/lib/python3.10/site-packages/airflow/example_dags/example_branch_operator_decorator.py for tasks to queue
[2025-08-15T15:22:30.321+0000] {logging_mixin.py:150} INFO - [2025-08-15T15:22:30.321+0000] {dagbag.py:541} INFO - Filling up the DagBag from /home/vscode/.local/lib/python3.10/site-packages/airflow/example_dags/example_branch_operator_decorator.py
[2025-08-15T15:22:30.329+0000] {processor.py:836} INFO - DAG(s) dict_keys(['example_branch_python_operator_decorator']) retrieved from /home/vscode/.local/lib/python3.10/site-packages/airflow/example_dags/example_branch_operator_decorator.py
[2025-08-15T15:22:30.343+0000] {logging_mixin.py:150} INFO - [2025-08-15T15:22:30.343+0000] {dag.py:2742} INFO - Sync 1 DAGs
[2025-08-15T15:22:30.359+0000] {logging_mixin.py:150} INFO - [2025-08-15T15:22:30.359+0000] {dag.py:3504} INFO - Setting next_dagrun for example_branch_python_operator_decorator to 2025-08-14T00:00:00+00:00, run_after=2025-08-15T00:00:00+00:00
[2025-08-15T15:22:30.376+0000] {processor.py:179} INFO - Processing /home/vscode/.local/lib/python3.10/site-packages/airflow/example_dags/example_branch_operator_decorator.py took 0.059 seconds
[2025-08-15T15:23:16.786+0000] {processor.py:157} INFO - Started process (PID=32921) to work on /home/vscode/.local/lib/python3.10/site-packages/airflow/example_dags/example_branch_operator_decorator.py
[2025-08-15T15:23:16.786+0000] {processor.py:826} INFO - Processing file /home/vscode/.local/lib/python3.10/site-packages/airflow/example_dags/example_branch_operator_decorator.py for tasks to queue
[2025-08-15T15:23:16.787+0000] {logging_mixin.py:150} INFO - [2025-08-15T15:23:16.787+0000] {dagbag.py:541} INFO - Filling up the DagBag from /home/vscode/.local/lib/python3.10/site-packages/airflow/example_dags/example_branch_operator_decorator.py
[2025-08-15T15:23:16.795+0000] {processor.py:836} INFO - DAG(s) dict_keys(['example_branch_python_operator_decorator']) retrieved from /home/vscode/.local/lib/python3.10/site-packages/airflow/example_dags/example_branch_operator_decorator.py
[2025-08-15T15:23:16.809+0000] {logging_mixin.py:150} INFO - [2025-08-15T15:23:16.809+0000] {dag.py:2742} INFO - Sync 1 DAGs
[2025-08-15T15:23:16.836+0000] {logging_mixin.py:150} INFO - [2025-08-15T15:23:16.836+0000] {dag.py:3504} INFO - Setting next_dagrun for example_branch_python_operator_decorator to 2025-08-14T00:00:00+00:00, run_after=2025-08-15T00:00:00+00:00
[2025-08-15T15:23:16.862+0000] {processor.py:179} INFO - Processing /home/vscode/.local/lib/python3.10/site-packages/airflow/example_dags/example_branch_operator_decorator.py took 0.078 seconds
[2025-08-15T15:24:04.244+0000] {processor.py:157} INFO - Started process (PID=33483) to work on /home/vscode/.local/lib/python3.10/site-packages/airflow/example_dags/example_branch_operator_decorator.py
[2025-08-15T15:24:04.245+0000] {processor.py:826} INFO - Processing file /home/vscode/.local/lib/python3.10/site-packages/airflow/example_dags/example_branch_operator_decorator.py for tasks to queue
[2025-08-15T15:24:04.246+0000] {logging_mixin.py:150} INFO - [2025-08-15T15:24:04.245+0000] {dagbag.py:541} INFO - Filling up the DagBag from /home/vscode/.local/lib/python3.10/site-packages/airflow/example_dags/example_branch_operator_decorator.py
[2025-08-15T15:24:04.253+0000] {processor.py:836} INFO - DAG(s) dict_keys(['example_branch_python_operator_decorator']) retrieved from /home/vscode/.local/lib/python3.10/site-packages/airflow/example_dags/example_branch_operator_decorator.py
[2025-08-15T15:24:04.266+0000] {logging_mixin.py:150} INFO - [2025-08-15T15:24:04.266+0000] {dag.py:2742} INFO - Sync 1 DAGs
[2025-08-15T15:24:04.282+0000] {logging_mixin.py:150} INFO - [2025-08-15T15:24:04.282+0000] {dag.py:3504} INFO - Setting next_dagrun for example_branch_python_operator_decorator to 2025-08-14T00:00:00+00:00, run_after=2025-08-15T00:00:00+00:00
[2025-08-15T15:24:04.297+0000] {processor.py:179} INFO - Processing /home/vscode/.local/lib/python3.10/site-packages/airflow/example_dags/example_branch_operator_decorator.py took 0.055 seconds
[2025-08-15T15:25:02.451+0000] {processor.py:157} INFO - Started process (PID=34116) to work on /home/vscode/.local/lib/python3.10/site-packages/airflow/example_dags/example_branch_operator_decorator.py
[2025-08-15T15:25:02.452+0000] {processor.py:826} INFO - Processing file /home/vscode/.local/lib/python3.10/site-packages/airflow/example_dags/example_branch_operator_decorator.py for tasks to queue
[2025-08-15T15:25:02.452+0000] {logging_mixin.py:150} INFO - [2025-08-15T15:25:02.452+0000] {dagbag.py:541} INFO - Filling up the DagBag from /home/vscode/.local/lib/python3.10/site-packages/airflow/example_dags/example_branch_operator_decorator.py
[2025-08-15T15:25:02.460+0000] {processor.py:836} INFO - DAG(s) dict_keys(['example_branch_python_operator_decorator']) retrieved from /home/vscode/.local/lib/python3.10/site-packages/airflow/example_dags/example_branch_operator_decorator.py
[2025-08-15T15:25:02.473+0000] {logging_mixin.py:150} INFO - [2025-08-15T15:25:02.473+0000] {dag.py:2742} INFO - Sync 1 DAGs
[2025-08-15T15:25:02.489+0000] {logging_mixin.py:150} INFO - [2025-08-15T15:25:02.489+0000] {dag.py:3504} INFO - Setting next_dagrun for example_branch_python_operator_decorator to 2025-08-14T00:00:00+00:00, run_after=2025-08-15T00:00:00+00:00
[2025-08-15T15:25:02.506+0000] {processor.py:179} INFO - Processing /home/vscode/.local/lib/python3.10/site-packages/airflow/example_dags/example_branch_operator_decorator.py took 0.057 seconds
[2025-08-15T15:25:49.378+0000] {processor.py:157} INFO - Started process (PID=34451) to work on /home/vscode/.local/lib/python3.10/site-packages/airflow/example_dags/example_branch_operator_decorator.py
[2025-08-15T15:25:49.378+0000] {processor.py:826} INFO - Processing file /home/vscode/.local/lib/python3.10/site-packages/airflow/example_dags/example_branch_operator_decorator.py for tasks to queue
[2025-08-15T15:25:49.379+0000] {logging_mixin.py:150} INFO - [2025-08-15T15:25:49.379+0000] {dagbag.py:541} INFO - Filling up the DagBag from /home/vscode/.local/lib/python3.10/site-packages/airflow/example_dags/example_branch_operator_decorator.py
[2025-08-15T15:25:49.387+0000] {processor.py:836} INFO - DAG(s) dict_keys(['example_branch_python_operator_decorator']) retrieved from /home/vscode/.local/lib/python3.10/site-packages/airflow/example_dags/example_branch_operator_decorator.py
[2025-08-15T15:25:49.400+0000] {logging_mixin.py:150} INFO - [2025-08-15T15:25:49.400+0000] {dag.py:2742} INFO - Sync 1 DAGs
[2025-08-15T15:25:49.416+0000] {logging_mixin.py:150} INFO - [2025-08-15T15:25:49.416+0000] {dag.py:3504} INFO - Setting next_dagrun for example_branch_python_operator_decorator to 2025-08-14T00:00:00+00:00, run_after=2025-08-15T00:00:00+00:00
[2025-08-15T15:25:49.433+0000] {processor.py:179} INFO - Processing /home/vscode/.local/lib/python3.10/site-packages/airflow/example_dags/example_branch_operator_decorator.py took 0.057 seconds
[2025-08-15T15:26:35.530+0000] {processor.py:157} INFO - Started process (PID=34830) to work on /home/vscode/.local/lib/python3.10/site-packages/airflow/example_dags/example_branch_operator_decorator.py
[2025-08-15T15:26:35.531+0000] {processor.py:826} INFO - Processing file /home/vscode/.local/lib/python3.10/site-packages/airflow/example_dags/example_branch_operator_decorator.py for tasks to queue
[2025-08-15T15:26:35.532+0000] {logging_mixin.py:150} INFO - [2025-08-15T15:26:35.532+0000] {dagbag.py:541} INFO - Filling up the DagBag from /home/vscode/.local/lib/python3.10/site-packages/airflow/example_dags/example_branch_operator_decorator.py
[2025-08-15T15:26:35.540+0000] {processor.py:836} INFO - DAG(s) dict_keys(['example_branch_python_operator_decorator']) retrieved from /home/vscode/.local/lib/python3.10/site-packages/airflow/example_dags/example_branch_operator_decorator.py
[2025-08-15T15:26:35.554+0000] {logging_mixin.py:150} INFO - [2025-08-15T15:26:35.554+0000] {dag.py:2742} INFO - Sync 1 DAGs
[2025-08-15T15:26:35.572+0000] {logging_mixin.py:150} INFO - [2025-08-15T15:26:35.572+0000] {dag.py:3504} INFO - Setting next_dagrun for example_branch_python_operator_decorator to 2025-08-14T00:00:00+00:00, run_after=2025-08-15T00:00:00+00:00
[2025-08-15T15:26:35.587+0000] {processor.py:179} INFO - Processing /home/vscode/.local/lib/python3.10/site-packages/airflow/example_dags/example_branch_operator_decorator.py took 0.059 seconds
