[2025-08-15T15:14:28.441+0000] {processor.py:157} INFO - Started process (PID=27033) to work on /home/vscode/.local/lib/python3.10/site-packages/airflow/example_dags/example_xcomargs.py
[2025-08-15T15:14:28.441+0000] {processor.py:826} INFO - Processing file /home/vscode/.local/lib/python3.10/site-packages/airflow/example_dags/example_xcomargs.py for tasks to queue
[2025-08-15T15:14:28.442+0000] {logging_mixin.py:150} INFO - [2025-08-15T15:14:28.442+0000] {dagbag.py:541} INFO - Filling up the DagBag from /home/vscode/.local/lib/python3.10/site-packages/airflow/example_dags/example_xcomargs.py
[2025-08-15T15:14:28.452+0000] {processor.py:836} INFO - DAG(s) dict_keys(['example_xcom_args_with_operators', 'example_xcom_args']) retrieved from /home/vscode/.local/lib/python3.10/site-packages/airflow/example_dags/example_xcomargs.py
[2025-08-15T15:14:28.531+0000] {logging_mixin.py:150} INFO - [2025-08-15T15:14:28.530+0000] {manager.py:504} INFO - Created Permission View: can read on DAG:example_xcom_args_with_operators
[2025-08-15T15:14:28.539+0000] {logging_mixin.py:150} INFO - [2025-08-15T15:14:28.539+0000] {manager.py:504} INFO - Created Permission View: can delete on DAG:example_xcom_args_with_operators
[2025-08-15T15:14:28.548+0000] {logging_mixin.py:150} INFO - [2025-08-15T15:14:28.547+0000] {manager.py:504} INFO - Created Permission View: can edit on DAG:example_xcom_args_with_operators
[2025-08-15T15:14:28.580+0000] {logging_mixin.py:150} INFO - [2025-08-15T15:14:28.580+0000] {manager.py:504} INFO - Created Permission View: can read on DAG:example_xcom_args
[2025-08-15T15:14:28.588+0000] {logging_mixin.py:150} INFO - [2025-08-15T15:14:28.588+0000] {manager.py:504} INFO - Created Permission View: can delete on DAG:example_xcom_args
[2025-08-15T15:14:28.601+0000] {logging_mixin.py:150} INFO - [2025-08-15T15:14:28.600+0000] {manager.py:504} INFO - Created Permission View: can edit on DAG:example_xcom_args
[2025-08-15T15:14:28.605+0000] {logging_mixin.py:150} INFO - [2025-08-15T15:14:28.605+0000] {dag.py:2742} INFO - Sync 2 DAGs
[2025-08-15T15:14:28.612+0000] {logging_mixin.py:150} INFO - [2025-08-15T15:14:28.612+0000] {dag.py:2763} INFO - Creating ORM DAG for example_xcom_args
[2025-08-15T15:14:28.613+0000] {logging_mixin.py:150} INFO - [2025-08-15T15:14:28.613+0000] {dag.py:2763} INFO - Creating ORM DAG for example_xcom_args_with_operators
[2025-08-15T15:14:28.619+0000] {logging_mixin.py:150} INFO - [2025-08-15T15:14:28.619+0000] {dag.py:3504} INFO - Setting next_dagrun for example_xcom_args to None, run_after=None
[2025-08-15T15:14:28.620+0000] {logging_mixin.py:150} INFO - [2025-08-15T15:14:28.620+0000] {dag.py:3504} INFO - Setting next_dagrun for example_xcom_args_with_operators to None, run_after=None
[2025-08-15T15:14:28.637+0000] {processor.py:179} INFO - Processing /home/vscode/.local/lib/python3.10/site-packages/airflow/example_dags/example_xcomargs.py took 0.199 seconds
[2025-08-15T15:15:19.078+0000] {processor.py:157} INFO - Started process (PID=27565) to work on /home/vscode/.local/lib/python3.10/site-packages/airflow/example_dags/example_xcomargs.py
[2025-08-15T15:15:19.079+0000] {processor.py:826} INFO - Processing file /home/vscode/.local/lib/python3.10/site-packages/airflow/example_dags/example_xcomargs.py for tasks to queue
[2025-08-15T15:15:19.080+0000] {logging_mixin.py:150} INFO - [2025-08-15T15:15:19.079+0000] {dagbag.py:541} INFO - Filling up the DagBag from /home/vscode/.local/lib/python3.10/site-packages/airflow/example_dags/example_xcomargs.py
[2025-08-15T15:15:19.086+0000] {processor.py:836} INFO - DAG(s) dict_keys(['example_xcom_args', 'example_xcom_args_with_operators']) retrieved from /home/vscode/.local/lib/python3.10/site-packages/airflow/example_dags/example_xcomargs.py
[2025-08-15T15:15:19.101+0000] {logging_mixin.py:150} INFO - [2025-08-15T15:15:19.100+0000] {dag.py:2742} INFO - Sync 2 DAGs
[2025-08-15T15:15:19.115+0000] {logging_mixin.py:150} INFO - [2025-08-15T15:15:19.115+0000] {dag.py:3504} INFO - Setting next_dagrun for example_xcom_args to None, run_after=None
[2025-08-15T15:15:19.118+0000] {logging_mixin.py:150} INFO - [2025-08-15T15:15:19.117+0000] {dag.py:3504} INFO - Setting next_dagrun for example_xcom_args_with_operators to None, run_after=None
[2025-08-15T15:15:19.134+0000] {processor.py:179} INFO - Processing /home/vscode/.local/lib/python3.10/site-packages/airflow/example_dags/example_xcomargs.py took 0.058 seconds
[2025-08-15T15:16:06.655+0000] {processor.py:157} INFO - Started process (PID=28059) to work on /home/vscode/.local/lib/python3.10/site-packages/airflow/example_dags/example_xcomargs.py
[2025-08-15T15:16:06.656+0000] {processor.py:826} INFO - Processing file /home/vscode/.local/lib/python3.10/site-packages/airflow/example_dags/example_xcomargs.py for tasks to queue
[2025-08-15T15:16:06.656+0000] {logging_mixin.py:150} INFO - [2025-08-15T15:16:06.656+0000] {dagbag.py:541} INFO - Filling up the DagBag from /home/vscode/.local/lib/python3.10/site-packages/airflow/example_dags/example_xcomargs.py
[2025-08-15T15:16:06.662+0000] {processor.py:836} INFO - DAG(s) dict_keys(['example_xcom_args_with_operators', 'example_xcom_args']) retrieved from /home/vscode/.local/lib/python3.10/site-packages/airflow/example_dags/example_xcomargs.py
[2025-08-15T15:16:06.677+0000] {logging_mixin.py:150} INFO - [2025-08-15T15:16:06.677+0000] {dag.py:2742} INFO - Sync 2 DAGs
[2025-08-15T15:16:06.691+0000] {logging_mixin.py:150} INFO - [2025-08-15T15:16:06.691+0000] {dag.py:3504} INFO - Setting next_dagrun for example_xcom_args to None, run_after=None
[2025-08-15T15:16:06.693+0000] {logging_mixin.py:150} INFO - [2025-08-15T15:16:06.693+0000] {dag.py:3504} INFO - Setting next_dagrun for example_xcom_args_with_operators to None, run_after=None
[2025-08-15T15:16:06.707+0000] {processor.py:179} INFO - Processing /home/vscode/.local/lib/python3.10/site-packages/airflow/example_dags/example_xcomargs.py took 0.055 seconds
[2025-08-15T15:16:53.389+0000] {processor.py:157} INFO - Started process (PID=28614) to work on /home/vscode/.local/lib/python3.10/site-packages/airflow/example_dags/example_xcomargs.py
[2025-08-15T15:16:53.390+0000] {processor.py:826} INFO - Processing file /home/vscode/.local/lib/python3.10/site-packages/airflow/example_dags/example_xcomargs.py for tasks to queue
[2025-08-15T15:16:53.391+0000] {logging_mixin.py:150} INFO - [2025-08-15T15:16:53.391+0000] {dagbag.py:541} INFO - Filling up the DagBag from /home/vscode/.local/lib/python3.10/site-packages/airflow/example_dags/example_xcomargs.py
[2025-08-15T15:16:53.400+0000] {processor.py:836} INFO - DAG(s) dict_keys(['example_xcom_args', 'example_xcom_args_with_operators']) retrieved from /home/vscode/.local/lib/python3.10/site-packages/airflow/example_dags/example_xcomargs.py
[2025-08-15T15:16:53.422+0000] {logging_mixin.py:150} INFO - [2025-08-15T15:16:53.422+0000] {dag.py:2742} INFO - Sync 2 DAGs
[2025-08-15T15:16:53.443+0000] {logging_mixin.py:150} INFO - [2025-08-15T15:16:53.443+0000] {dag.py:3504} INFO - Setting next_dagrun for example_xcom_args to None, run_after=None
[2025-08-15T15:16:53.447+0000] {logging_mixin.py:150} INFO - [2025-08-15T15:16:53.446+0000] {dag.py:3504} INFO - Setting next_dagrun for example_xcom_args_with_operators to None, run_after=None
[2025-08-15T15:16:53.465+0000] {processor.py:179} INFO - Processing /home/vscode/.local/lib/python3.10/site-packages/airflow/example_dags/example_xcomargs.py took 0.079 seconds
[2025-08-15T15:17:29.074+0000] {processor.py:157} INFO - Started process (PID=28926) to work on /home/vscode/.local/lib/python3.10/site-packages/airflow/example_dags/example_xcomargs.py
[2025-08-15T15:17:29.075+0000] {processor.py:826} INFO - Processing file /home/vscode/.local/lib/python3.10/site-packages/airflow/example_dags/example_xcomargs.py for tasks to queue
[2025-08-15T15:17:29.075+0000] {logging_mixin.py:150} INFO - [2025-08-15T15:17:29.075+0000] {dagbag.py:541} INFO - Filling up the DagBag from /home/vscode/.local/lib/python3.10/site-packages/airflow/example_dags/example_xcomargs.py
[2025-08-15T15:17:29.082+0000] {processor.py:836} INFO - DAG(s) dict_keys(['example_xcom_args', 'example_xcom_args_with_operators']) retrieved from /home/vscode/.local/lib/python3.10/site-packages/airflow/example_dags/example_xcomargs.py
[2025-08-15T15:17:29.097+0000] {logging_mixin.py:150} INFO - [2025-08-15T15:17:29.097+0000] {dag.py:2742} INFO - Sync 2 DAGs
[2025-08-15T15:17:29.116+0000] {logging_mixin.py:150} INFO - [2025-08-15T15:17:29.116+0000] {dag.py:3504} INFO - Setting next_dagrun for example_xcom_args to None, run_after=None
[2025-08-15T15:17:29.119+0000] {logging_mixin.py:150} INFO - [2025-08-15T15:17:29.119+0000] {dag.py:3504} INFO - Setting next_dagrun for example_xcom_args_with_operators to None, run_after=None
[2025-08-15T15:17:29.135+0000] {processor.py:179} INFO - Processing /home/vscode/.local/lib/python3.10/site-packages/airflow/example_dags/example_xcomargs.py took 0.063 seconds
[2025-08-15T15:18:15.008+0000] {processor.py:157} INFO - Started process (PID=29310) to work on /home/vscode/.local/lib/python3.10/site-packages/airflow/example_dags/example_xcomargs.py
[2025-08-15T15:18:15.009+0000] {processor.py:826} INFO - Processing file /home/vscode/.local/lib/python3.10/site-packages/airflow/example_dags/example_xcomargs.py for tasks to queue
[2025-08-15T15:18:15.009+0000] {logging_mixin.py:150} INFO - [2025-08-15T15:18:15.009+0000] {dagbag.py:541} INFO - Filling up the DagBag from /home/vscode/.local/lib/python3.10/site-packages/airflow/example_dags/example_xcomargs.py
[2025-08-15T15:18:15.015+0000] {processor.py:836} INFO - DAG(s) dict_keys(['example_xcom_args', 'example_xcom_args_with_operators']) retrieved from /home/vscode/.local/lib/python3.10/site-packages/airflow/example_dags/example_xcomargs.py
[2025-08-15T15:18:15.030+0000] {logging_mixin.py:150} INFO - [2025-08-15T15:18:15.029+0000] {dag.py:2742} INFO - Sync 2 DAGs
[2025-08-15T15:18:15.045+0000] {logging_mixin.py:150} INFO - [2025-08-15T15:18:15.045+0000] {dag.py:3504} INFO - Setting next_dagrun for example_xcom_args to None, run_after=None
[2025-08-15T15:18:15.047+0000] {logging_mixin.py:150} INFO - [2025-08-15T15:18:15.047+0000] {dag.py:3504} INFO - Setting next_dagrun for example_xcom_args_with_operators to None, run_after=None
[2025-08-15T15:18:15.061+0000] {processor.py:179} INFO - Processing /home/vscode/.local/lib/python3.10/site-packages/airflow/example_dags/example_xcomargs.py took 0.055 seconds
[2025-08-15T15:18:59.119+0000] {processor.py:157} INFO - Started process (PID=29604) to work on /home/vscode/.local/lib/python3.10/site-packages/airflow/example_dags/example_xcomargs.py
[2025-08-15T15:18:59.120+0000] {processor.py:826} INFO - Processing file /home/vscode/.local/lib/python3.10/site-packages/airflow/example_dags/example_xcomargs.py for tasks to queue
[2025-08-15T15:18:59.120+0000] {logging_mixin.py:150} INFO - [2025-08-15T15:18:59.120+0000] {dagbag.py:541} INFO - Filling up the DagBag from /home/vscode/.local/lib/python3.10/site-packages/airflow/example_dags/example_xcomargs.py
[2025-08-15T15:18:59.130+0000] {processor.py:836} INFO - DAG(s) dict_keys(['example_xcom_args_with_operators', 'example_xcom_args']) retrieved from /home/vscode/.local/lib/python3.10/site-packages/airflow/example_dags/example_xcomargs.py
[2025-08-15T15:18:59.152+0000] {logging_mixin.py:150} INFO - [2025-08-15T15:18:59.151+0000] {dag.py:2742} INFO - Sync 2 DAGs
[2025-08-15T15:18:59.173+0000] {logging_mixin.py:150} INFO - [2025-08-15T15:18:59.173+0000] {dag.py:3504} INFO - Setting next_dagrun for example_xcom_args to None, run_after=None
[2025-08-15T15:18:59.176+0000] {logging_mixin.py:150} INFO - [2025-08-15T15:18:59.176+0000] {dag.py:3504} INFO - Setting next_dagrun for example_xcom_args_with_operators to None, run_after=None
[2025-08-15T15:18:59.191+0000] {processor.py:179} INFO - Processing /home/vscode/.local/lib/python3.10/site-packages/airflow/example_dags/example_xcomargs.py took 0.076 seconds
[2025-08-15T15:19:41.895+0000] {processor.py:157} INFO - Started process (PID=29889) to work on /home/vscode/.local/lib/python3.10/site-packages/airflow/example_dags/example_xcomargs.py
[2025-08-15T15:19:41.896+0000] {processor.py:826} INFO - Processing file /home/vscode/.local/lib/python3.10/site-packages/airflow/example_dags/example_xcomargs.py for tasks to queue
[2025-08-15T15:19:41.896+0000] {logging_mixin.py:150} INFO - [2025-08-15T15:19:41.896+0000] {dagbag.py:541} INFO - Filling up the DagBag from /home/vscode/.local/lib/python3.10/site-packages/airflow/example_dags/example_xcomargs.py
[2025-08-15T15:19:41.902+0000] {processor.py:836} INFO - DAG(s) dict_keys(['example_xcom_args', 'example_xcom_args_with_operators']) retrieved from /home/vscode/.local/lib/python3.10/site-packages/airflow/example_dags/example_xcomargs.py
[2025-08-15T15:19:41.917+0000] {logging_mixin.py:150} INFO - [2025-08-15T15:19:41.917+0000] {dag.py:2742} INFO - Sync 2 DAGs
[2025-08-15T15:19:41.932+0000] {logging_mixin.py:150} INFO - [2025-08-15T15:19:41.931+0000] {dag.py:3504} INFO - Setting next_dagrun for example_xcom_args to None, run_after=None
[2025-08-15T15:19:41.934+0000] {logging_mixin.py:150} INFO - [2025-08-15T15:19:41.934+0000] {dag.py:3504} INFO - Setting next_dagrun for example_xcom_args_with_operators to None, run_after=None
[2025-08-15T15:19:41.948+0000] {processor.py:179} INFO - Processing /home/vscode/.local/lib/python3.10/site-packages/airflow/example_dags/example_xcomargs.py took 0.055 seconds
[2025-08-15T15:20:36.390+0000] {processor.py:157} INFO - Started process (PID=31513) to work on /home/vscode/.local/lib/python3.10/site-packages/airflow/example_dags/example_xcomargs.py
[2025-08-15T15:20:36.391+0000] {processor.py:826} INFO - Processing file /home/vscode/.local/lib/python3.10/site-packages/airflow/example_dags/example_xcomargs.py for tasks to queue
[2025-08-15T15:20:36.392+0000] {logging_mixin.py:150} INFO - [2025-08-15T15:20:36.391+0000] {dagbag.py:541} INFO - Filling up the DagBag from /home/vscode/.local/lib/python3.10/site-packages/airflow/example_dags/example_xcomargs.py
[2025-08-15T15:20:36.397+0000] {processor.py:836} INFO - DAG(s) dict_keys(['example_xcom_args_with_operators', 'example_xcom_args']) retrieved from /home/vscode/.local/lib/python3.10/site-packages/airflow/example_dags/example_xcomargs.py
[2025-08-15T15:20:36.412+0000] {logging_mixin.py:150} INFO - [2025-08-15T15:20:36.412+0000] {dag.py:2742} INFO - Sync 2 DAGs
[2025-08-15T15:20:36.431+0000] {logging_mixin.py:150} INFO - [2025-08-15T15:20:36.431+0000] {dag.py:3504} INFO - Setting next_dagrun for example_xcom_args to None, run_after=None
[2025-08-15T15:20:36.434+0000] {logging_mixin.py:150} INFO - [2025-08-15T15:20:36.434+0000] {dag.py:3504} INFO - Setting next_dagrun for example_xcom_args_with_operators to None, run_after=None
[2025-08-15T15:20:36.449+0000] {processor.py:179} INFO - Processing /home/vscode/.local/lib/python3.10/site-packages/airflow/example_dags/example_xcomargs.py took 0.061 seconds
[2025-08-15T15:21:12.391+0000] {processor.py:157} INFO - Started process (PID=31771) to work on /home/vscode/.local/lib/python3.10/site-packages/airflow/example_dags/example_xcomargs.py
[2025-08-15T15:21:12.392+0000] {processor.py:826} INFO - Processing file /home/vscode/.local/lib/python3.10/site-packages/airflow/example_dags/example_xcomargs.py for tasks to queue
[2025-08-15T15:21:12.393+0000] {logging_mixin.py:150} INFO - [2025-08-15T15:21:12.392+0000] {dagbag.py:541} INFO - Filling up the DagBag from /home/vscode/.local/lib/python3.10/site-packages/airflow/example_dags/example_xcomargs.py
[2025-08-15T15:21:12.399+0000] {processor.py:836} INFO - DAG(s) dict_keys(['example_xcom_args', 'example_xcom_args_with_operators']) retrieved from /home/vscode/.local/lib/python3.10/site-packages/airflow/example_dags/example_xcomargs.py
[2025-08-15T15:21:12.412+0000] {logging_mixin.py:150} INFO - [2025-08-15T15:21:12.412+0000] {dag.py:2742} INFO - Sync 2 DAGs
[2025-08-15T15:21:12.427+0000] {logging_mixin.py:150} INFO - [2025-08-15T15:21:12.427+0000] {dag.py:3504} INFO - Setting next_dagrun for example_xcom_args to None, run_after=None
[2025-08-15T15:21:12.429+0000] {logging_mixin.py:150} INFO - [2025-08-15T15:21:12.429+0000] {dag.py:3504} INFO - Setting next_dagrun for example_xcom_args_with_operators to None, run_after=None
[2025-08-15T15:21:12.444+0000] {processor.py:179} INFO - Processing /home/vscode/.local/lib/python3.10/site-packages/airflow/example_dags/example_xcomargs.py took 0.055 seconds
[2025-08-15T15:22:00.925+0000] {processor.py:157} INFO - Started process (PID=32183) to work on /home/vscode/.local/lib/python3.10/site-packages/airflow/example_dags/example_xcomargs.py
[2025-08-15T15:22:00.926+0000] {processor.py:826} INFO - Processing file /home/vscode/.local/lib/python3.10/site-packages/airflow/example_dags/example_xcomargs.py for tasks to queue
[2025-08-15T15:22:00.927+0000] {logging_mixin.py:150} INFO - [2025-08-15T15:22:00.926+0000] {dagbag.py:541} INFO - Filling up the DagBag from /home/vscode/.local/lib/python3.10/site-packages/airflow/example_dags/example_xcomargs.py
[2025-08-15T15:22:00.933+0000] {processor.py:836} INFO - DAG(s) dict_keys(['example_xcom_args_with_operators', 'example_xcom_args']) retrieved from /home/vscode/.local/lib/python3.10/site-packages/airflow/example_dags/example_xcomargs.py
[2025-08-15T15:22:00.947+0000] {logging_mixin.py:150} INFO - [2025-08-15T15:22:00.947+0000] {dag.py:2742} INFO - Sync 2 DAGs
[2025-08-15T15:22:00.961+0000] {logging_mixin.py:150} INFO - [2025-08-15T15:22:00.961+0000] {dag.py:3504} INFO - Setting next_dagrun for example_xcom_args to None, run_after=None
[2025-08-15T15:22:00.963+0000] {logging_mixin.py:150} INFO - [2025-08-15T15:22:00.963+0000] {dag.py:3504} INFO - Setting next_dagrun for example_xcom_args_with_operators to None, run_after=None
[2025-08-15T15:22:00.979+0000] {processor.py:179} INFO - Processing /home/vscode/.local/lib/python3.10/site-packages/airflow/example_dags/example_xcomargs.py took 0.056 seconds
[2025-08-15T15:22:38.033+0000] {processor.py:157} INFO - Started process (PID=32455) to work on /home/vscode/.local/lib/python3.10/site-packages/airflow/example_dags/example_xcomargs.py
[2025-08-15T15:22:38.034+0000] {processor.py:826} INFO - Processing file /home/vscode/.local/lib/python3.10/site-packages/airflow/example_dags/example_xcomargs.py for tasks to queue
[2025-08-15T15:22:38.035+0000] {logging_mixin.py:150} INFO - [2025-08-15T15:22:38.034+0000] {dagbag.py:541} INFO - Filling up the DagBag from /home/vscode/.local/lib/python3.10/site-packages/airflow/example_dags/example_xcomargs.py
[2025-08-15T15:22:38.041+0000] {processor.py:836} INFO - DAG(s) dict_keys(['example_xcom_args_with_operators', 'example_xcom_args']) retrieved from /home/vscode/.local/lib/python3.10/site-packages/airflow/example_dags/example_xcomargs.py
[2025-08-15T15:22:38.056+0000] {logging_mixin.py:150} INFO - [2025-08-15T15:22:38.056+0000] {dag.py:2742} INFO - Sync 2 DAGs
[2025-08-15T15:22:38.071+0000] {logging_mixin.py:150} INFO - [2025-08-15T15:22:38.071+0000] {dag.py:3504} INFO - Setting next_dagrun for example_xcom_args to None, run_after=None
[2025-08-15T15:22:38.074+0000] {logging_mixin.py:150} INFO - [2025-08-15T15:22:38.073+0000] {dag.py:3504} INFO - Setting next_dagrun for example_xcom_args_with_operators to None, run_after=None
[2025-08-15T15:22:38.088+0000] {processor.py:179} INFO - Processing /home/vscode/.local/lib/python3.10/site-packages/airflow/example_dags/example_xcomargs.py took 0.057 seconds
[2025-08-15T15:23:25.930+0000] {processor.py:157} INFO - Started process (PID=33038) to work on /home/vscode/.local/lib/python3.10/site-packages/airflow/example_dags/example_xcomargs.py
[2025-08-15T15:23:25.930+0000] {processor.py:826} INFO - Processing file /home/vscode/.local/lib/python3.10/site-packages/airflow/example_dags/example_xcomargs.py for tasks to queue
[2025-08-15T15:23:25.931+0000] {logging_mixin.py:150} INFO - [2025-08-15T15:23:25.931+0000] {dagbag.py:541} INFO - Filling up the DagBag from /home/vscode/.local/lib/python3.10/site-packages/airflow/example_dags/example_xcomargs.py
[2025-08-15T15:23:25.937+0000] {processor.py:836} INFO - DAG(s) dict_keys(['example_xcom_args_with_operators', 'example_xcom_args']) retrieved from /home/vscode/.local/lib/python3.10/site-packages/airflow/example_dags/example_xcomargs.py
[2025-08-15T15:23:25.959+0000] {logging_mixin.py:150} INFO - [2025-08-15T15:23:25.959+0000] {dag.py:2742} INFO - Sync 2 DAGs
[2025-08-15T15:23:25.982+0000] {logging_mixin.py:150} INFO - [2025-08-15T15:23:25.982+0000] {dag.py:3504} INFO - Setting next_dagrun for example_xcom_args to None, run_after=None
[2025-08-15T15:23:25.986+0000] {logging_mixin.py:150} INFO - [2025-08-15T15:23:25.986+0000] {dag.py:3504} INFO - Setting next_dagrun for example_xcom_args_with_operators to None, run_after=None
[2025-08-15T15:23:26.035+0000] {processor.py:179} INFO - Processing /home/vscode/.local/lib/python3.10/site-packages/airflow/example_dags/example_xcomargs.py took 0.108 seconds
[2025-08-15T15:24:12.781+0000] {processor.py:157} INFO - Started process (PID=33571) to work on /home/vscode/.local/lib/python3.10/site-packages/airflow/example_dags/example_xcomargs.py
[2025-08-15T15:24:12.782+0000] {processor.py:826} INFO - Processing file /home/vscode/.local/lib/python3.10/site-packages/airflow/example_dags/example_xcomargs.py for tasks to queue
[2025-08-15T15:24:12.783+0000] {logging_mixin.py:150} INFO - [2025-08-15T15:24:12.782+0000] {dagbag.py:541} INFO - Filling up the DagBag from /home/vscode/.local/lib/python3.10/site-packages/airflow/example_dags/example_xcomargs.py
[2025-08-15T15:24:12.788+0000] {processor.py:836} INFO - DAG(s) dict_keys(['example_xcom_args', 'example_xcom_args_with_operators']) retrieved from /home/vscode/.local/lib/python3.10/site-packages/airflow/example_dags/example_xcomargs.py
[2025-08-15T15:24:12.804+0000] {logging_mixin.py:150} INFO - [2025-08-15T15:24:12.804+0000] {dag.py:2742} INFO - Sync 2 DAGs
[2025-08-15T15:24:12.819+0000] {logging_mixin.py:150} INFO - [2025-08-15T15:24:12.818+0000] {dag.py:3504} INFO - Setting next_dagrun for example_xcom_args to None, run_after=None
[2025-08-15T15:24:12.821+0000] {logging_mixin.py:150} INFO - [2025-08-15T15:24:12.821+0000] {dag.py:3504} INFO - Setting next_dagrun for example_xcom_args_with_operators to None, run_after=None
[2025-08-15T15:24:12.837+0000] {processor.py:179} INFO - Processing /home/vscode/.local/lib/python3.10/site-packages/airflow/example_dags/example_xcomargs.py took 0.058 seconds
[2025-08-15T15:24:55.001+0000] {processor.py:157} INFO - Started process (PID=34056) to work on /home/vscode/.local/lib/python3.10/site-packages/airflow/example_dags/example_xcomargs.py
[2025-08-15T15:24:55.002+0000] {processor.py:826} INFO - Processing file /home/vscode/.local/lib/python3.10/site-packages/airflow/example_dags/example_xcomargs.py for tasks to queue
[2025-08-15T15:24:55.002+0000] {logging_mixin.py:150} INFO - [2025-08-15T15:24:55.002+0000] {dagbag.py:541} INFO - Filling up the DagBag from /home/vscode/.local/lib/python3.10/site-packages/airflow/example_dags/example_xcomargs.py
[2025-08-15T15:24:55.010+0000] {processor.py:836} INFO - DAG(s) dict_keys(['example_xcom_args', 'example_xcom_args_with_operators']) retrieved from /home/vscode/.local/lib/python3.10/site-packages/airflow/example_dags/example_xcomargs.py
[2025-08-15T15:24:55.035+0000] {logging_mixin.py:150} INFO - [2025-08-15T15:24:55.035+0000] {dag.py:2742} INFO - Sync 2 DAGs
[2025-08-15T15:24:55.056+0000] {logging_mixin.py:150} INFO - [2025-08-15T15:24:55.056+0000] {dag.py:3504} INFO - Setting next_dagrun for example_xcom_args to None, run_after=None
[2025-08-15T15:24:55.059+0000] {logging_mixin.py:150} INFO - [2025-08-15T15:24:55.059+0000] {dag.py:3504} INFO - Setting next_dagrun for example_xcom_args_with_operators to None, run_after=None
[2025-08-15T15:24:55.076+0000] {processor.py:179} INFO - Processing /home/vscode/.local/lib/python3.10/site-packages/airflow/example_dags/example_xcomargs.py took 0.078 seconds
[2025-08-15T15:25:43.644+0000] {processor.py:157} INFO - Started process (PID=34398) to work on /home/vscode/.local/lib/python3.10/site-packages/airflow/example_dags/example_xcomargs.py
[2025-08-15T15:25:43.645+0000] {processor.py:826} INFO - Processing file /home/vscode/.local/lib/python3.10/site-packages/airflow/example_dags/example_xcomargs.py for tasks to queue
[2025-08-15T15:25:43.646+0000] {logging_mixin.py:150} INFO - [2025-08-15T15:25:43.645+0000] {dagbag.py:541} INFO - Filling up the DagBag from /home/vscode/.local/lib/python3.10/site-packages/airflow/example_dags/example_xcomargs.py
[2025-08-15T15:25:43.654+0000] {processor.py:836} INFO - DAG(s) dict_keys(['example_xcom_args_with_operators', 'example_xcom_args']) retrieved from /home/vscode/.local/lib/python3.10/site-packages/airflow/example_dags/example_xcomargs.py
[2025-08-15T15:25:43.678+0000] {logging_mixin.py:150} INFO - [2025-08-15T15:25:43.678+0000] {dag.py:2742} INFO - Sync 2 DAGs
[2025-08-15T15:25:43.709+0000] {logging_mixin.py:150} INFO - [2025-08-15T15:25:43.708+0000] {dag.py:3504} INFO - Setting next_dagrun for example_xcom_args to None, run_after=None
[2025-08-15T15:25:43.712+0000] {logging_mixin.py:150} INFO - [2025-08-15T15:25:43.712+0000] {dag.py:3504} INFO - Setting next_dagrun for example_xcom_args_with_operators to None, run_after=None
[2025-08-15T15:25:43.734+0000] {processor.py:179} INFO - Processing /home/vscode/.local/lib/python3.10/site-packages/airflow/example_dags/example_xcomargs.py took 0.093 seconds
[2025-08-15T15:26:28.932+0000] {processor.py:157} INFO - Started process (PID=34778) to work on /home/vscode/.local/lib/python3.10/site-packages/airflow/example_dags/example_xcomargs.py
[2025-08-15T15:26:28.933+0000] {processor.py:826} INFO - Processing file /home/vscode/.local/lib/python3.10/site-packages/airflow/example_dags/example_xcomargs.py for tasks to queue
[2025-08-15T15:26:28.934+0000] {logging_mixin.py:150} INFO - [2025-08-15T15:26:28.933+0000] {dagbag.py:541} INFO - Filling up the DagBag from /home/vscode/.local/lib/python3.10/site-packages/airflow/example_dags/example_xcomargs.py
[2025-08-15T15:26:28.940+0000] {processor.py:836} INFO - DAG(s) dict_keys(['example_xcom_args_with_operators', 'example_xcom_args']) retrieved from /home/vscode/.local/lib/python3.10/site-packages/airflow/example_dags/example_xcomargs.py
[2025-08-15T15:26:28.954+0000] {logging_mixin.py:150} INFO - [2025-08-15T15:26:28.954+0000] {dag.py:2742} INFO - Sync 2 DAGs
[2025-08-15T15:26:28.968+0000] {logging_mixin.py:150} INFO - [2025-08-15T15:26:28.968+0000] {dag.py:3504} INFO - Setting next_dagrun for example_xcom_args to None, run_after=None
[2025-08-15T15:26:28.971+0000] {logging_mixin.py:150} INFO - [2025-08-15T15:26:28.971+0000] {dag.py:3504} INFO - Setting next_dagrun for example_xcom_args_with_operators to None, run_after=None
[2025-08-15T15:26:28.985+0000] {processor.py:179} INFO - Processing /home/vscode/.local/lib/python3.10/site-packages/airflow/example_dags/example_xcomargs.py took 0.054 seconds
