[2025-08-15T15:14:54.405+0000] {processor.py:157} INFO - Started process (PID=27363) to work on /home/vscode/.local/lib/python3.10/site-packages/airflow/example_dags/example_dynamic_task_mapping.py
[2025-08-15T15:14:54.406+0000] {processor.py:826} INFO - Processing file /home/vscode/.local/lib/python3.10/site-packages/airflow/example_dags/example_dynamic_task_mapping.py for tasks to queue
[2025-08-15T15:14:54.406+0000] {logging_mixin.py:150} INFO - [2025-08-15T15:14:54.406+0000] {dagbag.py:541} INFO - Filling up the DagBag from /home/vscode/.local/lib/python3.10/site-packages/airflow/example_dags/example_dynamic_task_mapping.py
[2025-08-15T15:14:54.413+0000] {processor.py:836} INFO - DAG(s) dict_keys(['example_dynamic_task_mapping']) retrieved from /home/vscode/.local/lib/python3.10/site-packages/airflow/example_dags/example_dynamic_task_mapping.py
[2025-08-15T15:14:54.487+0000] {logging_mixin.py:150} INFO - [2025-08-15T15:14:54.487+0000] {manager.py:504} INFO - Created Permission View: can read on DAG:example_dynamic_task_mapping
[2025-08-15T15:14:54.497+0000] {logging_mixin.py:150} INFO - [2025-08-15T15:14:54.497+0000] {manager.py:504} INFO - Created Permission View: can delete on DAG:example_dynamic_task_mapping
[2025-08-15T15:14:54.503+0000] {logging_mixin.py:150} INFO - [2025-08-15T15:14:54.503+0000] {manager.py:504} INFO - Created Permission View: can edit on DAG:example_dynamic_task_mapping
[2025-08-15T15:14:54.511+0000] {logging_mixin.py:150} INFO - [2025-08-15T15:14:54.511+0000] {dag.py:2742} INFO - Sync 1 DAGs
[2025-08-15T15:14:54.519+0000] {logging_mixin.py:150} INFO - [2025-08-15T15:14:54.518+0000] {dag.py:2763} INFO - Creating ORM DAG for example_dynamic_task_mapping
[2025-08-15T15:14:54.525+0000] {logging_mixin.py:150} INFO - [2025-08-15T15:14:54.525+0000] {dag.py:3504} INFO - Setting next_dagrun for example_dynamic_task_mapping to 2022-03-04T00:00:00+00:00, run_after=2022-03-05T00:00:00+00:00
[2025-08-15T15:14:54.546+0000] {processor.py:179} INFO - Processing /home/vscode/.local/lib/python3.10/site-packages/airflow/example_dags/example_dynamic_task_mapping.py took 0.143 seconds
[2025-08-15T15:15:41.391+0000] {processor.py:157} INFO - Started process (PID=27793) to work on /home/vscode/.local/lib/python3.10/site-packages/airflow/example_dags/example_dynamic_task_mapping.py
[2025-08-15T15:15:41.392+0000] {processor.py:826} INFO - Processing file /home/vscode/.local/lib/python3.10/site-packages/airflow/example_dags/example_dynamic_task_mapping.py for tasks to queue
[2025-08-15T15:15:41.392+0000] {logging_mixin.py:150} INFO - [2025-08-15T15:15:41.392+0000] {dagbag.py:541} INFO - Filling up the DagBag from /home/vscode/.local/lib/python3.10/site-packages/airflow/example_dags/example_dynamic_task_mapping.py
[2025-08-15T15:15:41.398+0000] {processor.py:836} INFO - DAG(s) dict_keys(['example_dynamic_task_mapping']) retrieved from /home/vscode/.local/lib/python3.10/site-packages/airflow/example_dags/example_dynamic_task_mapping.py
[2025-08-15T15:15:41.410+0000] {logging_mixin.py:150} INFO - [2025-08-15T15:15:41.409+0000] {dag.py:2742} INFO - Sync 1 DAGs
[2025-08-15T15:15:41.433+0000] {logging_mixin.py:150} INFO - [2025-08-15T15:15:41.433+0000] {dag.py:3504} INFO - Setting next_dagrun for example_dynamic_task_mapping to 2022-03-04T00:00:00+00:00, run_after=2022-03-05T00:00:00+00:00
[2025-08-15T15:15:41.454+0000] {processor.py:179} INFO - Processing /home/vscode/.local/lib/python3.10/site-packages/airflow/example_dags/example_dynamic_task_mapping.py took 0.066 seconds
[2025-08-15T15:16:31.003+0000] {processor.py:157} INFO - Started process (PID=28339) to work on /home/vscode/.local/lib/python3.10/site-packages/airflow/example_dags/example_dynamic_task_mapping.py
[2025-08-15T15:16:31.003+0000] {processor.py:826} INFO - Processing file /home/vscode/.local/lib/python3.10/site-packages/airflow/example_dags/example_dynamic_task_mapping.py for tasks to queue
[2025-08-15T15:16:31.004+0000] {logging_mixin.py:150} INFO - [2025-08-15T15:16:31.004+0000] {dagbag.py:541} INFO - Filling up the DagBag from /home/vscode/.local/lib/python3.10/site-packages/airflow/example_dags/example_dynamic_task_mapping.py
[2025-08-15T15:16:31.009+0000] {processor.py:836} INFO - DAG(s) dict_keys(['example_dynamic_task_mapping']) retrieved from /home/vscode/.local/lib/python3.10/site-packages/airflow/example_dags/example_dynamic_task_mapping.py
[2025-08-15T15:16:31.021+0000] {logging_mixin.py:150} INFO - [2025-08-15T15:16:31.021+0000] {dag.py:2742} INFO - Sync 1 DAGs
[2025-08-15T15:16:31.036+0000] {logging_mixin.py:150} INFO - [2025-08-15T15:16:31.035+0000] {dag.py:3504} INFO - Setting next_dagrun for example_dynamic_task_mapping to 2022-03-04T00:00:00+00:00, run_after=2022-03-05T00:00:00+00:00
[2025-08-15T15:16:31.053+0000] {processor.py:179} INFO - Processing /home/vscode/.local/lib/python3.10/site-packages/airflow/example_dags/example_dynamic_task_mapping.py took 0.053 seconds
[2025-08-15T15:17:22.207+0000] {processor.py:157} INFO - Started process (PID=28857) to work on /home/vscode/.local/lib/python3.10/site-packages/airflow/example_dags/example_dynamic_task_mapping.py
[2025-08-15T15:17:22.208+0000] {processor.py:826} INFO - Processing file /home/vscode/.local/lib/python3.10/site-packages/airflow/example_dags/example_dynamic_task_mapping.py for tasks to queue
[2025-08-15T15:17:22.208+0000] {logging_mixin.py:150} INFO - [2025-08-15T15:17:22.208+0000] {dagbag.py:541} INFO - Filling up the DagBag from /home/vscode/.local/lib/python3.10/site-packages/airflow/example_dags/example_dynamic_task_mapping.py
[2025-08-15T15:17:22.216+0000] {processor.py:836} INFO - DAG(s) dict_keys(['example_dynamic_task_mapping']) retrieved from /home/vscode/.local/lib/python3.10/site-packages/airflow/example_dags/example_dynamic_task_mapping.py
[2025-08-15T15:17:22.231+0000] {logging_mixin.py:150} INFO - [2025-08-15T15:17:22.231+0000] {dag.py:2742} INFO - Sync 1 DAGs
[2025-08-15T15:17:22.255+0000] {logging_mixin.py:150} INFO - [2025-08-15T15:17:22.255+0000] {dag.py:3504} INFO - Setting next_dagrun for example_dynamic_task_mapping to 2022-03-04T00:00:00+00:00, run_after=2022-03-05T00:00:00+00:00
[2025-08-15T15:17:22.271+0000] {processor.py:179} INFO - Processing /home/vscode/.local/lib/python3.10/site-packages/airflow/example_dags/example_dynamic_task_mapping.py took 0.067 seconds
[2025-08-15T15:18:08.330+0000] {processor.py:157} INFO - Started process (PID=29266) to work on /home/vscode/.local/lib/python3.10/site-packages/airflow/example_dags/example_dynamic_task_mapping.py
[2025-08-15T15:18:08.330+0000] {processor.py:826} INFO - Processing file /home/vscode/.local/lib/python3.10/site-packages/airflow/example_dags/example_dynamic_task_mapping.py for tasks to queue
[2025-08-15T15:18:08.331+0000] {logging_mixin.py:150} INFO - [2025-08-15T15:18:08.331+0000] {dagbag.py:541} INFO - Filling up the DagBag from /home/vscode/.local/lib/python3.10/site-packages/airflow/example_dags/example_dynamic_task_mapping.py
[2025-08-15T15:18:08.336+0000] {processor.py:836} INFO - DAG(s) dict_keys(['example_dynamic_task_mapping']) retrieved from /home/vscode/.local/lib/python3.10/site-packages/airflow/example_dags/example_dynamic_task_mapping.py
[2025-08-15T15:18:08.347+0000] {logging_mixin.py:150} INFO - [2025-08-15T15:18:08.347+0000] {dag.py:2742} INFO - Sync 1 DAGs
[2025-08-15T15:18:08.362+0000] {logging_mixin.py:150} INFO - [2025-08-15T15:18:08.362+0000] {dag.py:3504} INFO - Setting next_dagrun for example_dynamic_task_mapping to 2022-03-04T00:00:00+00:00, run_after=2022-03-05T00:00:00+00:00
[2025-08-15T15:18:08.379+0000] {processor.py:179} INFO - Processing /home/vscode/.local/lib/python3.10/site-packages/airflow/example_dags/example_dynamic_task_mapping.py took 0.051 seconds
[2025-08-15T15:18:52.526+0000] {processor.py:157} INFO - Started process (PID=29562) to work on /home/vscode/.local/lib/python3.10/site-packages/airflow/example_dags/example_dynamic_task_mapping.py
[2025-08-15T15:18:52.526+0000] {processor.py:826} INFO - Processing file /home/vscode/.local/lib/python3.10/site-packages/airflow/example_dags/example_dynamic_task_mapping.py for tasks to queue
[2025-08-15T15:18:52.527+0000] {logging_mixin.py:150} INFO - [2025-08-15T15:18:52.527+0000] {dagbag.py:541} INFO - Filling up the DagBag from /home/vscode/.local/lib/python3.10/site-packages/airflow/example_dags/example_dynamic_task_mapping.py
[2025-08-15T15:18:52.532+0000] {processor.py:836} INFO - DAG(s) dict_keys(['example_dynamic_task_mapping']) retrieved from /home/vscode/.local/lib/python3.10/site-packages/airflow/example_dags/example_dynamic_task_mapping.py
[2025-08-15T15:18:52.543+0000] {logging_mixin.py:150} INFO - [2025-08-15T15:18:52.543+0000] {dag.py:2742} INFO - Sync 1 DAGs
[2025-08-15T15:18:52.558+0000] {logging_mixin.py:150} INFO - [2025-08-15T15:18:52.558+0000] {dag.py:3504} INFO - Setting next_dagrun for example_dynamic_task_mapping to 2022-03-04T00:00:00+00:00, run_after=2022-03-05T00:00:00+00:00
[2025-08-15T15:18:52.573+0000] {processor.py:179} INFO - Processing /home/vscode/.local/lib/python3.10/site-packages/airflow/example_dags/example_dynamic_task_mapping.py took 0.050 seconds
[2025-08-15T15:19:42.837+0000] {processor.py:157} INFO - Started process (PID=29903) to work on /home/vscode/.local/lib/python3.10/site-packages/airflow/example_dags/example_dynamic_task_mapping.py
[2025-08-15T15:19:42.838+0000] {processor.py:826} INFO - Processing file /home/vscode/.local/lib/python3.10/site-packages/airflow/example_dags/example_dynamic_task_mapping.py for tasks to queue
[2025-08-15T15:19:42.838+0000] {logging_mixin.py:150} INFO - [2025-08-15T15:19:42.838+0000] {dagbag.py:541} INFO - Filling up the DagBag from /home/vscode/.local/lib/python3.10/site-packages/airflow/example_dags/example_dynamic_task_mapping.py
[2025-08-15T15:19:42.844+0000] {processor.py:836} INFO - DAG(s) dict_keys(['example_dynamic_task_mapping']) retrieved from /home/vscode/.local/lib/python3.10/site-packages/airflow/example_dags/example_dynamic_task_mapping.py
[2025-08-15T15:19:42.855+0000] {logging_mixin.py:150} INFO - [2025-08-15T15:19:42.855+0000] {dag.py:2742} INFO - Sync 1 DAGs
[2025-08-15T15:19:42.870+0000] {logging_mixin.py:150} INFO - [2025-08-15T15:19:42.870+0000] {dag.py:3504} INFO - Setting next_dagrun for example_dynamic_task_mapping to 2022-03-04T00:00:00+00:00, run_after=2022-03-05T00:00:00+00:00
[2025-08-15T15:19:42.885+0000] {processor.py:179} INFO - Processing /home/vscode/.local/lib/python3.10/site-packages/airflow/example_dags/example_dynamic_task_mapping.py took 0.050 seconds
[2025-08-15T15:20:43.801+0000] {processor.py:157} INFO - Started process (PID=31566) to work on /home/vscode/.local/lib/python3.10/site-packages/airflow/example_dags/example_dynamic_task_mapping.py
[2025-08-15T15:20:43.802+0000] {processor.py:826} INFO - Processing file /home/vscode/.local/lib/python3.10/site-packages/airflow/example_dags/example_dynamic_task_mapping.py for tasks to queue
[2025-08-15T15:20:43.803+0000] {logging_mixin.py:150} INFO - [2025-08-15T15:20:43.803+0000] {dagbag.py:541} INFO - Filling up the DagBag from /home/vscode/.local/lib/python3.10/site-packages/airflow/example_dags/example_dynamic_task_mapping.py
[2025-08-15T15:20:43.809+0000] {processor.py:836} INFO - DAG(s) dict_keys(['example_dynamic_task_mapping']) retrieved from /home/vscode/.local/lib/python3.10/site-packages/airflow/example_dags/example_dynamic_task_mapping.py
[2025-08-15T15:20:43.820+0000] {logging_mixin.py:150} INFO - [2025-08-15T15:20:43.820+0000] {dag.py:2742} INFO - Sync 1 DAGs
[2025-08-15T15:20:43.836+0000] {logging_mixin.py:150} INFO - [2025-08-15T15:20:43.836+0000] {dag.py:3504} INFO - Setting next_dagrun for example_dynamic_task_mapping to 2022-03-04T00:00:00+00:00, run_after=2022-03-05T00:00:00+00:00
[2025-08-15T15:20:43.854+0000] {processor.py:179} INFO - Processing /home/vscode/.local/lib/python3.10/site-packages/airflow/example_dags/example_dynamic_task_mapping.py took 0.056 seconds
[2025-08-15T15:21:28.946+0000] {processor.py:157} INFO - Started process (PID=31899) to work on /home/vscode/.local/lib/python3.10/site-packages/airflow/example_dags/example_dynamic_task_mapping.py
[2025-08-15T15:21:28.947+0000] {processor.py:826} INFO - Processing file /home/vscode/.local/lib/python3.10/site-packages/airflow/example_dags/example_dynamic_task_mapping.py for tasks to queue
[2025-08-15T15:21:28.948+0000] {logging_mixin.py:150} INFO - [2025-08-15T15:21:28.947+0000] {dagbag.py:541} INFO - Filling up the DagBag from /home/vscode/.local/lib/python3.10/site-packages/airflow/example_dags/example_dynamic_task_mapping.py
[2025-08-15T15:21:28.953+0000] {processor.py:836} INFO - DAG(s) dict_keys(['example_dynamic_task_mapping']) retrieved from /home/vscode/.local/lib/python3.10/site-packages/airflow/example_dags/example_dynamic_task_mapping.py
[2025-08-15T15:21:28.965+0000] {logging_mixin.py:150} INFO - [2025-08-15T15:21:28.964+0000] {dag.py:2742} INFO - Sync 1 DAGs
[2025-08-15T15:21:28.979+0000] {logging_mixin.py:150} INFO - [2025-08-15T15:21:28.979+0000] {dag.py:3504} INFO - Setting next_dagrun for example_dynamic_task_mapping to 2022-03-04T00:00:00+00:00, run_after=2022-03-05T00:00:00+00:00
[2025-08-15T15:21:28.996+0000] {processor.py:179} INFO - Processing /home/vscode/.local/lib/python3.10/site-packages/airflow/example_dags/example_dynamic_task_mapping.py took 0.052 seconds
[2025-08-15T15:22:20.632+0000] {processor.py:157} INFO - Started process (PID=32329) to work on /home/vscode/.local/lib/python3.10/site-packages/airflow/example_dags/example_dynamic_task_mapping.py
[2025-08-15T15:22:20.633+0000] {processor.py:826} INFO - Processing file /home/vscode/.local/lib/python3.10/site-packages/airflow/example_dags/example_dynamic_task_mapping.py for tasks to queue
[2025-08-15T15:22:20.633+0000] {logging_mixin.py:150} INFO - [2025-08-15T15:22:20.633+0000] {dagbag.py:541} INFO - Filling up the DagBag from /home/vscode/.local/lib/python3.10/site-packages/airflow/example_dags/example_dynamic_task_mapping.py
[2025-08-15T15:22:20.639+0000] {processor.py:836} INFO - DAG(s) dict_keys(['example_dynamic_task_mapping']) retrieved from /home/vscode/.local/lib/python3.10/site-packages/airflow/example_dags/example_dynamic_task_mapping.py
[2025-08-15T15:22:20.650+0000] {logging_mixin.py:150} INFO - [2025-08-15T15:22:20.650+0000] {dag.py:2742} INFO - Sync 1 DAGs
[2025-08-15T15:22:20.665+0000] {logging_mixin.py:150} INFO - [2025-08-15T15:22:20.664+0000] {dag.py:3504} INFO - Setting next_dagrun for example_dynamic_task_mapping to 2022-03-04T00:00:00+00:00, run_after=2022-03-05T00:00:00+00:00
[2025-08-15T15:22:20.684+0000] {processor.py:179} INFO - Processing /home/vscode/.local/lib/python3.10/site-packages/airflow/example_dags/example_dynamic_task_mapping.py took 0.054 seconds
[2025-08-15T15:23:07.468+0000] {processor.py:157} INFO - Started process (PID=32806) to work on /home/vscode/.local/lib/python3.10/site-packages/airflow/example_dags/example_dynamic_task_mapping.py
[2025-08-15T15:23:07.469+0000] {processor.py:826} INFO - Processing file /home/vscode/.local/lib/python3.10/site-packages/airflow/example_dags/example_dynamic_task_mapping.py for tasks to queue
[2025-08-15T15:23:07.470+0000] {logging_mixin.py:150} INFO - [2025-08-15T15:23:07.469+0000] {dagbag.py:541} INFO - Filling up the DagBag from /home/vscode/.local/lib/python3.10/site-packages/airflow/example_dags/example_dynamic_task_mapping.py
[2025-08-15T15:23:07.475+0000] {processor.py:836} INFO - DAG(s) dict_keys(['example_dynamic_task_mapping']) retrieved from /home/vscode/.local/lib/python3.10/site-packages/airflow/example_dags/example_dynamic_task_mapping.py
[2025-08-15T15:23:07.488+0000] {logging_mixin.py:150} INFO - [2025-08-15T15:23:07.488+0000] {dag.py:2742} INFO - Sync 1 DAGs
[2025-08-15T15:23:07.508+0000] {logging_mixin.py:150} INFO - [2025-08-15T15:23:07.508+0000] {dag.py:3504} INFO - Setting next_dagrun for example_dynamic_task_mapping to 2022-03-04T00:00:00+00:00, run_after=2022-03-05T00:00:00+00:00
[2025-08-15T15:23:07.533+0000] {processor.py:179} INFO - Processing /home/vscode/.local/lib/python3.10/site-packages/airflow/example_dags/example_dynamic_task_mapping.py took 0.067 seconds
[2025-08-15T15:23:55.249+0000] {processor.py:157} INFO - Started process (PID=33361) to work on /home/vscode/.local/lib/python3.10/site-packages/airflow/example_dags/example_dynamic_task_mapping.py
[2025-08-15T15:23:55.250+0000] {processor.py:826} INFO - Processing file /home/vscode/.local/lib/python3.10/site-packages/airflow/example_dags/example_dynamic_task_mapping.py for tasks to queue
[2025-08-15T15:23:55.251+0000] {logging_mixin.py:150} INFO - [2025-08-15T15:23:55.251+0000] {dagbag.py:541} INFO - Filling up the DagBag from /home/vscode/.local/lib/python3.10/site-packages/airflow/example_dags/example_dynamic_task_mapping.py
[2025-08-15T15:23:55.259+0000] {processor.py:836} INFO - DAG(s) dict_keys(['example_dynamic_task_mapping']) retrieved from /home/vscode/.local/lib/python3.10/site-packages/airflow/example_dags/example_dynamic_task_mapping.py
[2025-08-15T15:23:55.276+0000] {logging_mixin.py:150} INFO - [2025-08-15T15:23:55.275+0000] {dag.py:2742} INFO - Sync 1 DAGs
[2025-08-15T15:23:55.299+0000] {logging_mixin.py:150} INFO - [2025-08-15T15:23:55.299+0000] {dag.py:3504} INFO - Setting next_dagrun for example_dynamic_task_mapping to 2022-03-04T00:00:00+00:00, run_after=2022-03-05T00:00:00+00:00
[2025-08-15T15:23:55.322+0000] {processor.py:179} INFO - Processing /home/vscode/.local/lib/python3.10/site-packages/airflow/example_dags/example_dynamic_task_mapping.py took 0.077 seconds
[2025-08-15T15:24:38.485+0000] {processor.py:157} INFO - Started process (PID=33870) to work on /home/vscode/.local/lib/python3.10/site-packages/airflow/example_dags/example_dynamic_task_mapping.py
[2025-08-15T15:24:38.486+0000] {processor.py:826} INFO - Processing file /home/vscode/.local/lib/python3.10/site-packages/airflow/example_dags/example_dynamic_task_mapping.py for tasks to queue
[2025-08-15T15:24:38.487+0000] {logging_mixin.py:150} INFO - [2025-08-15T15:24:38.486+0000] {dagbag.py:541} INFO - Filling up the DagBag from /home/vscode/.local/lib/python3.10/site-packages/airflow/example_dags/example_dynamic_task_mapping.py
[2025-08-15T15:24:38.496+0000] {processor.py:836} INFO - DAG(s) dict_keys(['example_dynamic_task_mapping']) retrieved from /home/vscode/.local/lib/python3.10/site-packages/airflow/example_dags/example_dynamic_task_mapping.py
[2025-08-15T15:24:38.514+0000] {logging_mixin.py:150} INFO - [2025-08-15T15:24:38.514+0000] {dag.py:2742} INFO - Sync 1 DAGs
[2025-08-15T15:24:38.539+0000] {logging_mixin.py:150} INFO - [2025-08-15T15:24:38.539+0000] {dag.py:3504} INFO - Setting next_dagrun for example_dynamic_task_mapping to 2022-03-04T00:00:00+00:00, run_after=2022-03-05T00:00:00+00:00
[2025-08-15T15:24:38.562+0000] {processor.py:179} INFO - Processing /home/vscode/.local/lib/python3.10/site-packages/airflow/example_dags/example_dynamic_task_mapping.py took 0.080 seconds
[2025-08-15T15:25:26.541+0000] {processor.py:157} INFO - Started process (PID=34280) to work on /home/vscode/.local/lib/python3.10/site-packages/airflow/example_dags/example_dynamic_task_mapping.py
[2025-08-15T15:25:26.542+0000] {processor.py:826} INFO - Processing file /home/vscode/.local/lib/python3.10/site-packages/airflow/example_dags/example_dynamic_task_mapping.py for tasks to queue
[2025-08-15T15:25:26.543+0000] {logging_mixin.py:150} INFO - [2025-08-15T15:25:26.542+0000] {dagbag.py:541} INFO - Filling up the DagBag from /home/vscode/.local/lib/python3.10/site-packages/airflow/example_dags/example_dynamic_task_mapping.py
[2025-08-15T15:25:26.548+0000] {processor.py:836} INFO - DAG(s) dict_keys(['example_dynamic_task_mapping']) retrieved from /home/vscode/.local/lib/python3.10/site-packages/airflow/example_dags/example_dynamic_task_mapping.py
[2025-08-15T15:25:26.559+0000] {logging_mixin.py:150} INFO - [2025-08-15T15:25:26.559+0000] {dag.py:2742} INFO - Sync 1 DAGs
[2025-08-15T15:25:26.574+0000] {logging_mixin.py:150} INFO - [2025-08-15T15:25:26.574+0000] {dag.py:3504} INFO - Setting next_dagrun for example_dynamic_task_mapping to 2022-03-04T00:00:00+00:00, run_after=2022-03-05T00:00:00+00:00
[2025-08-15T15:25:26.590+0000] {processor.py:179} INFO - Processing /home/vscode/.local/lib/python3.10/site-packages/airflow/example_dags/example_dynamic_task_mapping.py took 0.051 seconds
[2025-08-15T15:26:12.381+0000] {processor.py:157} INFO - Started process (PID=34664) to work on /home/vscode/.local/lib/python3.10/site-packages/airflow/example_dags/example_dynamic_task_mapping.py
[2025-08-15T15:26:12.382+0000] {processor.py:826} INFO - Processing file /home/vscode/.local/lib/python3.10/site-packages/airflow/example_dags/example_dynamic_task_mapping.py for tasks to queue
[2025-08-15T15:26:12.382+0000] {logging_mixin.py:150} INFO - [2025-08-15T15:26:12.382+0000] {dagbag.py:541} INFO - Filling up the DagBag from /home/vscode/.local/lib/python3.10/site-packages/airflow/example_dags/example_dynamic_task_mapping.py
[2025-08-15T15:26:12.389+0000] {processor.py:836} INFO - DAG(s) dict_keys(['example_dynamic_task_mapping']) retrieved from /home/vscode/.local/lib/python3.10/site-packages/airflow/example_dags/example_dynamic_task_mapping.py
[2025-08-15T15:26:12.401+0000] {logging_mixin.py:150} INFO - [2025-08-15T15:26:12.401+0000] {dag.py:2742} INFO - Sync 1 DAGs
[2025-08-15T15:26:12.416+0000] {logging_mixin.py:150} INFO - [2025-08-15T15:26:12.416+0000] {dag.py:3504} INFO - Setting next_dagrun for example_dynamic_task_mapping to 2022-03-04T00:00:00+00:00, run_after=2022-03-05T00:00:00+00:00
[2025-08-15T15:26:12.432+0000] {processor.py:179} INFO - Processing /home/vscode/.local/lib/python3.10/site-packages/airflow/example_dags/example_dynamic_task_mapping.py took 0.054 seconds
[2025-08-15T15:27:00.910+0000] {processor.py:157} INFO - Started process (PID=35090) to work on /home/vscode/.local/lib/python3.10/site-packages/airflow/example_dags/example_dynamic_task_mapping.py
[2025-08-15T15:27:00.911+0000] {processor.py:826} INFO - Processing file /home/vscode/.local/lib/python3.10/site-packages/airflow/example_dags/example_dynamic_task_mapping.py for tasks to queue
[2025-08-15T15:27:00.912+0000] {logging_mixin.py:150} INFO - [2025-08-15T15:27:00.911+0000] {dagbag.py:541} INFO - Filling up the DagBag from /home/vscode/.local/lib/python3.10/site-packages/airflow/example_dags/example_dynamic_task_mapping.py
[2025-08-15T15:27:00.917+0000] {processor.py:836} INFO - DAG(s) dict_keys(['example_dynamic_task_mapping']) retrieved from /home/vscode/.local/lib/python3.10/site-packages/airflow/example_dags/example_dynamic_task_mapping.py
[2025-08-15T15:27:00.928+0000] {logging_mixin.py:150} INFO - [2025-08-15T15:27:00.928+0000] {dag.py:2742} INFO - Sync 1 DAGs
[2025-08-15T15:27:00.943+0000] {logging_mixin.py:150} INFO - [2025-08-15T15:27:00.943+0000] {dag.py:3504} INFO - Setting next_dagrun for example_dynamic_task_mapping to 2022-03-04T00:00:00+00:00, run_after=2022-03-05T00:00:00+00:00
[2025-08-15T15:27:00.959+0000] {processor.py:179} INFO - Processing /home/vscode/.local/lib/python3.10/site-packages/airflow/example_dags/example_dynamic_task_mapping.py took 0.051 seconds
