[2025-08-15T15:14:42.824+0000] {processor.py:157} INFO - Started process (PID=27212) to work on /home/vscode/.local/lib/python3.10/site-packages/airflow/example_dags/example_sensors.py
[2025-08-15T15:14:42.825+0000] {processor.py:826} INFO - Processing file /home/vscode/.local/lib/python3.10/site-packages/airflow/example_dags/example_sensors.py for tasks to queue
[2025-08-15T15:14:42.825+0000] {logging_mixin.py:150} INFO - [2025-08-15T15:14:42.825+0000] {dagbag.py:541} INFO - Filling up the DagBag from /home/vscode/.local/lib/python3.10/site-packages/airflow/example_dags/example_sensors.py
[2025-08-15T15:14:42.833+0000] {processor.py:836} INFO - DAG(s) dict_keys(['example_sensors']) retrieved from /home/vscode/.local/lib/python3.10/site-packages/airflow/example_dags/example_sensors.py
[2025-08-15T15:14:42.934+0000] {logging_mixin.py:150} INFO - [2025-08-15T15:14:42.934+0000] {manager.py:504} INFO - Created Permission View: can read on DAG:example_sensors
[2025-08-15T15:14:42.944+0000] {logging_mixin.py:150} INFO - [2025-08-15T15:14:42.944+0000] {manager.py:504} INFO - Created Permission View: can delete on DAG:example_sensors
[2025-08-15T15:14:42.951+0000] {logging_mixin.py:150} INFO - [2025-08-15T15:14:42.951+0000] {manager.py:504} INFO - Created Permission View: can edit on DAG:example_sensors
[2025-08-15T15:14:42.959+0000] {logging_mixin.py:150} INFO - [2025-08-15T15:14:42.959+0000] {dag.py:2742} INFO - Sync 1 DAGs
[2025-08-15T15:14:42.967+0000] {logging_mixin.py:150} INFO - [2025-08-15T15:14:42.967+0000] {dag.py:2763} INFO - Creating ORM DAG for example_sensors
[2025-08-15T15:14:42.973+0000] {logging_mixin.py:150} INFO - [2025-08-15T15:14:42.973+0000] {dag.py:3504} INFO - Setting next_dagrun for example_sensors to None, run_after=None
[2025-08-15T15:14:42.990+0000] {processor.py:179} INFO - Processing /home/vscode/.local/lib/python3.10/site-packages/airflow/example_dags/example_sensors.py took 0.168 seconds
[2025-08-15T15:15:31.097+0000] {processor.py:157} INFO - Started process (PID=27683) to work on /home/vscode/.local/lib/python3.10/site-packages/airflow/example_dags/example_sensors.py
[2025-08-15T15:15:31.098+0000] {processor.py:826} INFO - Processing file /home/vscode/.local/lib/python3.10/site-packages/airflow/example_dags/example_sensors.py for tasks to queue
[2025-08-15T15:15:31.099+0000] {logging_mixin.py:150} INFO - [2025-08-15T15:15:31.099+0000] {dagbag.py:541} INFO - Filling up the DagBag from /home/vscode/.local/lib/python3.10/site-packages/airflow/example_dags/example_sensors.py
[2025-08-15T15:15:31.107+0000] {processor.py:836} INFO - DAG(s) dict_keys(['example_sensors']) retrieved from /home/vscode/.local/lib/python3.10/site-packages/airflow/example_dags/example_sensors.py
[2025-08-15T15:15:31.126+0000] {logging_mixin.py:150} INFO - [2025-08-15T15:15:31.126+0000] {dag.py:2742} INFO - Sync 1 DAGs
[2025-08-15T15:15:31.142+0000] {logging_mixin.py:150} INFO - [2025-08-15T15:15:31.142+0000] {dag.py:3504} INFO - Setting next_dagrun for example_sensors to None, run_after=None
[2025-08-15T15:15:31.161+0000] {processor.py:179} INFO - Processing /home/vscode/.local/lib/python3.10/site-packages/airflow/example_dags/example_sensors.py took 0.066 seconds
[2025-08-15T15:16:16.797+0000] {processor.py:157} INFO - Started process (PID=28146) to work on /home/vscode/.local/lib/python3.10/site-packages/airflow/example_dags/example_sensors.py
[2025-08-15T15:16:16.798+0000] {processor.py:826} INFO - Processing file /home/vscode/.local/lib/python3.10/site-packages/airflow/example_dags/example_sensors.py for tasks to queue
[2025-08-15T15:16:16.799+0000] {logging_mixin.py:150} INFO - [2025-08-15T15:16:16.798+0000] {dagbag.py:541} INFO - Filling up the DagBag from /home/vscode/.local/lib/python3.10/site-packages/airflow/example_dags/example_sensors.py
[2025-08-15T15:16:16.811+0000] {processor.py:836} INFO - DAG(s) dict_keys(['example_sensors']) retrieved from /home/vscode/.local/lib/python3.10/site-packages/airflow/example_dags/example_sensors.py
[2025-08-15T15:16:16.835+0000] {logging_mixin.py:150} INFO - [2025-08-15T15:16:16.835+0000] {dag.py:2742} INFO - Sync 1 DAGs
[2025-08-15T15:16:16.857+0000] {logging_mixin.py:150} INFO - [2025-08-15T15:16:16.857+0000] {dag.py:3504} INFO - Setting next_dagrun for example_sensors to None, run_after=None
[2025-08-15T15:16:16.879+0000] {processor.py:179} INFO - Processing /home/vscode/.local/lib/python3.10/site-packages/airflow/example_dags/example_sensors.py took 0.085 seconds
[2025-08-15T15:17:05.835+0000] {processor.py:157} INFO - Started process (PID=28737) to work on /home/vscode/.local/lib/python3.10/site-packages/airflow/example_dags/example_sensors.py
[2025-08-15T15:17:05.836+0000] {processor.py:826} INFO - Processing file /home/vscode/.local/lib/python3.10/site-packages/airflow/example_dags/example_sensors.py for tasks to queue
[2025-08-15T15:17:05.838+0000] {logging_mixin.py:150} INFO - [2025-08-15T15:17:05.837+0000] {dagbag.py:541} INFO - Filling up the DagBag from /home/vscode/.local/lib/python3.10/site-packages/airflow/example_dags/example_sensors.py
[2025-08-15T15:17:05.857+0000] {processor.py:836} INFO - DAG(s) dict_keys(['example_sensors']) retrieved from /home/vscode/.local/lib/python3.10/site-packages/airflow/example_dags/example_sensors.py
[2025-08-15T15:17:05.904+0000] {logging_mixin.py:150} INFO - [2025-08-15T15:17:05.904+0000] {dag.py:2742} INFO - Sync 1 DAGs
[2025-08-15T15:17:05.930+0000] {logging_mixin.py:150} INFO - [2025-08-15T15:17:05.929+0000] {dag.py:3504} INFO - Setting next_dagrun for example_sensors to None, run_after=None
[2025-08-15T15:17:05.945+0000] {processor.py:179} INFO - Processing /home/vscode/.local/lib/python3.10/site-packages/airflow/example_dags/example_sensors.py took 0.113 seconds
[2025-08-15T15:17:53.125+0000] {processor.py:157} INFO - Started process (PID=29155) to work on /home/vscode/.local/lib/python3.10/site-packages/airflow/example_dags/example_sensors.py
[2025-08-15T15:17:53.125+0000] {processor.py:826} INFO - Processing file /home/vscode/.local/lib/python3.10/site-packages/airflow/example_dags/example_sensors.py for tasks to queue
[2025-08-15T15:17:53.126+0000] {logging_mixin.py:150} INFO - [2025-08-15T15:17:53.126+0000] {dagbag.py:541} INFO - Filling up the DagBag from /home/vscode/.local/lib/python3.10/site-packages/airflow/example_dags/example_sensors.py
[2025-08-15T15:17:53.133+0000] {processor.py:836} INFO - DAG(s) dict_keys(['example_sensors']) retrieved from /home/vscode/.local/lib/python3.10/site-packages/airflow/example_dags/example_sensors.py
[2025-08-15T15:17:53.148+0000] {logging_mixin.py:150} INFO - [2025-08-15T15:17:53.148+0000] {dag.py:2742} INFO - Sync 1 DAGs
[2025-08-15T15:17:53.162+0000] {logging_mixin.py:150} INFO - [2025-08-15T15:17:53.162+0000] {dag.py:3504} INFO - Setting next_dagrun for example_sensors to None, run_after=None
[2025-08-15T15:17:53.179+0000] {processor.py:179} INFO - Processing /home/vscode/.local/lib/python3.10/site-packages/airflow/example_dags/example_sensors.py took 0.057 seconds
[2025-08-15T15:18:39.973+0000] {processor.py:157} INFO - Started process (PID=29475) to work on /home/vscode/.local/lib/python3.10/site-packages/airflow/example_dags/example_sensors.py
[2025-08-15T15:18:39.974+0000] {processor.py:826} INFO - Processing file /home/vscode/.local/lib/python3.10/site-packages/airflow/example_dags/example_sensors.py for tasks to queue
[2025-08-15T15:18:39.975+0000] {logging_mixin.py:150} INFO - [2025-08-15T15:18:39.974+0000] {dagbag.py:541} INFO - Filling up the DagBag from /home/vscode/.local/lib/python3.10/site-packages/airflow/example_dags/example_sensors.py
[2025-08-15T15:18:39.982+0000] {processor.py:836} INFO - DAG(s) dict_keys(['example_sensors']) retrieved from /home/vscode/.local/lib/python3.10/site-packages/airflow/example_dags/example_sensors.py
[2025-08-15T15:18:39.997+0000] {logging_mixin.py:150} INFO - [2025-08-15T15:18:39.997+0000] {dag.py:2742} INFO - Sync 1 DAGs
[2025-08-15T15:18:40.013+0000] {logging_mixin.py:150} INFO - [2025-08-15T15:18:40.013+0000] {dag.py:3504} INFO - Setting next_dagrun for example_sensors to None, run_after=None
[2025-08-15T15:18:40.030+0000] {processor.py:179} INFO - Processing /home/vscode/.local/lib/python3.10/site-packages/airflow/example_dags/example_sensors.py took 0.059 seconds
[2025-08-15T15:19:26.764+0000] {processor.py:157} INFO - Started process (PID=29793) to work on /home/vscode/.local/lib/python3.10/site-packages/airflow/example_dags/example_sensors.py
[2025-08-15T15:19:26.765+0000] {processor.py:826} INFO - Processing file /home/vscode/.local/lib/python3.10/site-packages/airflow/example_dags/example_sensors.py for tasks to queue
[2025-08-15T15:19:26.765+0000] {logging_mixin.py:150} INFO - [2025-08-15T15:19:26.765+0000] {dagbag.py:541} INFO - Filling up the DagBag from /home/vscode/.local/lib/python3.10/site-packages/airflow/example_dags/example_sensors.py
[2025-08-15T15:19:26.773+0000] {processor.py:836} INFO - DAG(s) dict_keys(['example_sensors']) retrieved from /home/vscode/.local/lib/python3.10/site-packages/airflow/example_dags/example_sensors.py
[2025-08-15T15:19:26.788+0000] {logging_mixin.py:150} INFO - [2025-08-15T15:19:26.788+0000] {dag.py:2742} INFO - Sync 1 DAGs
[2025-08-15T15:19:26.802+0000] {logging_mixin.py:150} INFO - [2025-08-15T15:19:26.802+0000] {dag.py:3504} INFO - Setting next_dagrun for example_sensors to None, run_after=None
[2025-08-15T15:19:26.818+0000] {processor.py:179} INFO - Processing /home/vscode/.local/lib/python3.10/site-packages/airflow/example_dags/example_sensors.py took 0.056 seconds
[2025-08-15T15:20:22.749+0000] {processor.py:157} INFO - Started process (PID=31438) to work on /home/vscode/.local/lib/python3.10/site-packages/airflow/example_dags/example_sensors.py
[2025-08-15T15:20:22.750+0000] {processor.py:826} INFO - Processing file /home/vscode/.local/lib/python3.10/site-packages/airflow/example_dags/example_sensors.py for tasks to queue
[2025-08-15T15:20:22.751+0000] {logging_mixin.py:150} INFO - [2025-08-15T15:20:22.751+0000] {dagbag.py:541} INFO - Filling up the DagBag from /home/vscode/.local/lib/python3.10/site-packages/airflow/example_dags/example_sensors.py
[2025-08-15T15:20:22.762+0000] {processor.py:836} INFO - DAG(s) dict_keys(['example_sensors']) retrieved from /home/vscode/.local/lib/python3.10/site-packages/airflow/example_dags/example_sensors.py
[2025-08-15T15:20:22.811+0000] {logging_mixin.py:150} INFO - [2025-08-15T15:20:22.810+0000] {dag.py:2742} INFO - Sync 1 DAGs
[2025-08-15T15:20:22.855+0000] {logging_mixin.py:150} INFO - [2025-08-15T15:20:22.854+0000] {dag.py:3504} INFO - Setting next_dagrun for example_sensors to None, run_after=None
[2025-08-15T15:20:22.883+0000] {processor.py:179} INFO - Processing /home/vscode/.local/lib/python3.10/site-packages/airflow/example_dags/example_sensors.py took 0.138 seconds
[2025-08-15T15:21:06.112+0000] {processor.py:157} INFO - Started process (PID=31730) to work on /home/vscode/.local/lib/python3.10/site-packages/airflow/example_dags/example_sensors.py
[2025-08-15T15:21:06.113+0000] {processor.py:826} INFO - Processing file /home/vscode/.local/lib/python3.10/site-packages/airflow/example_dags/example_sensors.py for tasks to queue
[2025-08-15T15:21:06.114+0000] {logging_mixin.py:150} INFO - [2025-08-15T15:21:06.113+0000] {dagbag.py:541} INFO - Filling up the DagBag from /home/vscode/.local/lib/python3.10/site-packages/airflow/example_dags/example_sensors.py
[2025-08-15T15:21:06.121+0000] {processor.py:836} INFO - DAG(s) dict_keys(['example_sensors']) retrieved from /home/vscode/.local/lib/python3.10/site-packages/airflow/example_dags/example_sensors.py
[2025-08-15T15:21:06.137+0000] {logging_mixin.py:150} INFO - [2025-08-15T15:21:06.137+0000] {dag.py:2742} INFO - Sync 1 DAGs
[2025-08-15T15:21:06.153+0000] {logging_mixin.py:150} INFO - [2025-08-15T15:21:06.153+0000] {dag.py:3504} INFO - Setting next_dagrun for example_sensors to None, run_after=None
[2025-08-15T15:21:06.172+0000] {processor.py:179} INFO - Processing /home/vscode/.local/lib/python3.10/site-packages/airflow/example_dags/example_sensors.py took 0.062 seconds
[2025-08-15T15:21:52.375+0000] {processor.py:157} INFO - Started process (PID=32093) to work on /home/vscode/.local/lib/python3.10/site-packages/airflow/example_dags/example_sensors.py
[2025-08-15T15:21:52.376+0000] {processor.py:826} INFO - Processing file /home/vscode/.local/lib/python3.10/site-packages/airflow/example_dags/example_sensors.py for tasks to queue
[2025-08-15T15:21:52.376+0000] {logging_mixin.py:150} INFO - [2025-08-15T15:21:52.376+0000] {dagbag.py:541} INFO - Filling up the DagBag from /home/vscode/.local/lib/python3.10/site-packages/airflow/example_dags/example_sensors.py
[2025-08-15T15:21:52.384+0000] {processor.py:836} INFO - DAG(s) dict_keys(['example_sensors']) retrieved from /home/vscode/.local/lib/python3.10/site-packages/airflow/example_dags/example_sensors.py
[2025-08-15T15:21:52.399+0000] {logging_mixin.py:150} INFO - [2025-08-15T15:21:52.398+0000] {dag.py:2742} INFO - Sync 1 DAGs
[2025-08-15T15:21:52.413+0000] {logging_mixin.py:150} INFO - [2025-08-15T15:21:52.413+0000] {dag.py:3504} INFO - Setting next_dagrun for example_sensors to None, run_after=None
[2025-08-15T15:21:52.429+0000] {processor.py:179} INFO - Processing /home/vscode/.local/lib/python3.10/site-packages/airflow/example_dags/example_sensors.py took 0.057 seconds
[2025-08-15T15:22:43.177+0000] {processor.py:157} INFO - Started process (PID=32503) to work on /home/vscode/.local/lib/python3.10/site-packages/airflow/example_dags/example_sensors.py
[2025-08-15T15:22:43.178+0000] {processor.py:826} INFO - Processing file /home/vscode/.local/lib/python3.10/site-packages/airflow/example_dags/example_sensors.py for tasks to queue
[2025-08-15T15:22:43.178+0000] {logging_mixin.py:150} INFO - [2025-08-15T15:22:43.178+0000] {dagbag.py:541} INFO - Filling up the DagBag from /home/vscode/.local/lib/python3.10/site-packages/airflow/example_dags/example_sensors.py
[2025-08-15T15:22:43.185+0000] {processor.py:836} INFO - DAG(s) dict_keys(['example_sensors']) retrieved from /home/vscode/.local/lib/python3.10/site-packages/airflow/example_dags/example_sensors.py
[2025-08-15T15:22:43.200+0000] {logging_mixin.py:150} INFO - [2025-08-15T15:22:43.200+0000] {dag.py:2742} INFO - Sync 1 DAGs
[2025-08-15T15:22:43.215+0000] {logging_mixin.py:150} INFO - [2025-08-15T15:22:43.215+0000] {dag.py:3504} INFO - Setting next_dagrun for example_sensors to None, run_after=None
[2025-08-15T15:22:43.231+0000] {processor.py:179} INFO - Processing /home/vscode/.local/lib/python3.10/site-packages/airflow/example_dags/example_sensors.py took 0.057 seconds
[2025-08-15T15:23:32.210+0000] {processor.py:157} INFO - Started process (PID=33115) to work on /home/vscode/.local/lib/python3.10/site-packages/airflow/example_dags/example_sensors.py
[2025-08-15T15:23:32.210+0000] {processor.py:826} INFO - Processing file /home/vscode/.local/lib/python3.10/site-packages/airflow/example_dags/example_sensors.py for tasks to queue
[2025-08-15T15:23:32.211+0000] {logging_mixin.py:150} INFO - [2025-08-15T15:23:32.211+0000] {dagbag.py:541} INFO - Filling up the DagBag from /home/vscode/.local/lib/python3.10/site-packages/airflow/example_dags/example_sensors.py
[2025-08-15T15:23:32.218+0000] {processor.py:836} INFO - DAG(s) dict_keys(['example_sensors']) retrieved from /home/vscode/.local/lib/python3.10/site-packages/airflow/example_dags/example_sensors.py
[2025-08-15T15:23:32.234+0000] {logging_mixin.py:150} INFO - [2025-08-15T15:23:32.233+0000] {dag.py:2742} INFO - Sync 1 DAGs
[2025-08-15T15:23:32.248+0000] {logging_mixin.py:150} INFO - [2025-08-15T15:23:32.248+0000] {dag.py:3504} INFO - Setting next_dagrun for example_sensors to None, run_after=None
[2025-08-15T15:23:32.265+0000] {processor.py:179} INFO - Processing /home/vscode/.local/lib/python3.10/site-packages/airflow/example_dags/example_sensors.py took 0.057 seconds
[2025-08-15T15:24:16.781+0000] {processor.py:157} INFO - Started process (PID=33635) to work on /home/vscode/.local/lib/python3.10/site-packages/airflow/example_dags/example_sensors.py
[2025-08-15T15:24:16.782+0000] {processor.py:826} INFO - Processing file /home/vscode/.local/lib/python3.10/site-packages/airflow/example_dags/example_sensors.py for tasks to queue
[2025-08-15T15:24:16.783+0000] {logging_mixin.py:150} INFO - [2025-08-15T15:24:16.783+0000] {dagbag.py:541} INFO - Filling up the DagBag from /home/vscode/.local/lib/python3.10/site-packages/airflow/example_dags/example_sensors.py
[2025-08-15T15:24:16.790+0000] {processor.py:836} INFO - DAG(s) dict_keys(['example_sensors']) retrieved from /home/vscode/.local/lib/python3.10/site-packages/airflow/example_dags/example_sensors.py
[2025-08-15T15:24:16.805+0000] {logging_mixin.py:150} INFO - [2025-08-15T15:24:16.805+0000] {dag.py:2742} INFO - Sync 1 DAGs
[2025-08-15T15:24:16.820+0000] {logging_mixin.py:150} INFO - [2025-08-15T15:24:16.820+0000] {dag.py:3504} INFO - Setting next_dagrun for example_sensors to None, run_after=None
[2025-08-15T15:24:16.850+0000] {processor.py:179} INFO - Processing /home/vscode/.local/lib/python3.10/site-packages/airflow/example_dags/example_sensors.py took 0.070 seconds
[2025-08-15T15:25:01.318+0000] {processor.py:157} INFO - Started process (PID=34114) to work on /home/vscode/.local/lib/python3.10/site-packages/airflow/example_dags/example_sensors.py
[2025-08-15T15:25:01.318+0000] {processor.py:826} INFO - Processing file /home/vscode/.local/lib/python3.10/site-packages/airflow/example_dags/example_sensors.py for tasks to queue
[2025-08-15T15:25:01.319+0000] {logging_mixin.py:150} INFO - [2025-08-15T15:25:01.319+0000] {dagbag.py:541} INFO - Filling up the DagBag from /home/vscode/.local/lib/python3.10/site-packages/airflow/example_dags/example_sensors.py
[2025-08-15T15:25:01.326+0000] {processor.py:836} INFO - DAG(s) dict_keys(['example_sensors']) retrieved from /home/vscode/.local/lib/python3.10/site-packages/airflow/example_dags/example_sensors.py
[2025-08-15T15:25:01.340+0000] {logging_mixin.py:150} INFO - [2025-08-15T15:25:01.340+0000] {dag.py:2742} INFO - Sync 1 DAGs
[2025-08-15T15:25:01.355+0000] {logging_mixin.py:150} INFO - [2025-08-15T15:25:01.355+0000] {dag.py:3504} INFO - Setting next_dagrun for example_sensors to None, run_after=None
[2025-08-15T15:25:01.370+0000] {processor.py:179} INFO - Processing /home/vscode/.local/lib/python3.10/site-packages/airflow/example_dags/example_sensors.py took 0.055 seconds
[2025-08-15T15:25:49.084+0000] {processor.py:157} INFO - Started process (PID=34443) to work on /home/vscode/.local/lib/python3.10/site-packages/airflow/example_dags/example_sensors.py
[2025-08-15T15:25:49.085+0000] {processor.py:826} INFO - Processing file /home/vscode/.local/lib/python3.10/site-packages/airflow/example_dags/example_sensors.py for tasks to queue
[2025-08-15T15:25:49.086+0000] {logging_mixin.py:150} INFO - [2025-08-15T15:25:49.086+0000] {dagbag.py:541} INFO - Filling up the DagBag from /home/vscode/.local/lib/python3.10/site-packages/airflow/example_dags/example_sensors.py
[2025-08-15T15:25:49.093+0000] {processor.py:836} INFO - DAG(s) dict_keys(['example_sensors']) retrieved from /home/vscode/.local/lib/python3.10/site-packages/airflow/example_dags/example_sensors.py
[2025-08-15T15:25:49.109+0000] {logging_mixin.py:150} INFO - [2025-08-15T15:25:49.109+0000] {dag.py:2742} INFO - Sync 1 DAGs
[2025-08-15T15:25:49.133+0000] {logging_mixin.py:150} INFO - [2025-08-15T15:25:49.133+0000] {dag.py:3504} INFO - Setting next_dagrun for example_sensors to None, run_after=None
[2025-08-15T15:25:49.157+0000] {processor.py:179} INFO - Processing /home/vscode/.local/lib/python3.10/site-packages/airflow/example_dags/example_sensors.py took 0.074 seconds
[2025-08-15T15:26:35.066+0000] {processor.py:157} INFO - Started process (PID=34822) to work on /home/vscode/.local/lib/python3.10/site-packages/airflow/example_dags/example_sensors.py
[2025-08-15T15:26:35.067+0000] {processor.py:826} INFO - Processing file /home/vscode/.local/lib/python3.10/site-packages/airflow/example_dags/example_sensors.py for tasks to queue
[2025-08-15T15:26:35.068+0000] {logging_mixin.py:150} INFO - [2025-08-15T15:26:35.067+0000] {dagbag.py:541} INFO - Filling up the DagBag from /home/vscode/.local/lib/python3.10/site-packages/airflow/example_dags/example_sensors.py
[2025-08-15T15:26:35.075+0000] {processor.py:836} INFO - DAG(s) dict_keys(['example_sensors']) retrieved from /home/vscode/.local/lib/python3.10/site-packages/airflow/example_dags/example_sensors.py
[2025-08-15T15:26:35.091+0000] {logging_mixin.py:150} INFO - [2025-08-15T15:26:35.090+0000] {dag.py:2742} INFO - Sync 1 DAGs
[2025-08-15T15:26:35.108+0000] {logging_mixin.py:150} INFO - [2025-08-15T15:26:35.108+0000] {dag.py:3504} INFO - Setting next_dagrun for example_sensors to None, run_after=None
[2025-08-15T15:26:35.126+0000] {processor.py:179} INFO - Processing /home/vscode/.local/lib/python3.10/site-packages/airflow/example_dags/example_sensors.py took 0.062 seconds
