[2025-08-15T15:14:44.203+0000] {processor.py:157} INFO - Started process (PID=27237) to work on /home/vscode/.local/lib/python3.10/site-packages/airflow/example_dags/example_params_ui_tutorial.py
[2025-08-15T15:14:44.204+0000] {processor.py:826} INFO - Processing file /home/vscode/.local/lib/python3.10/site-packages/airflow/example_dags/example_params_ui_tutorial.py for tasks to queue
[2025-08-15T15:14:44.205+0000] {logging_mixin.py:150} INFO - [2025-08-15T15:14:44.204+0000] {dagbag.py:541} INFO - Filling up the DagBag from /home/vscode/.local/lib/python3.10/site-packages/airflow/example_dags/example_params_ui_tutorial.py
[2025-08-15T15:14:44.223+0000] {processor.py:836} INFO - DAG(s) dict_keys(['example_params_ui_tutorial']) retrieved from /home/vscode/.local/lib/python3.10/site-packages/airflow/example_dags/example_params_ui_tutorial.py
[2025-08-15T15:14:44.334+0000] {logging_mixin.py:150} INFO - [2025-08-15T15:14:44.333+0000] {manager.py:504} INFO - Created Permission View: can read on DAG:example_params_ui_tutorial
[2025-08-15T15:14:44.349+0000] {logging_mixin.py:150} INFO - [2025-08-15T15:14:44.349+0000] {manager.py:504} INFO - Created Permission View: can delete on DAG:example_params_ui_tutorial
[2025-08-15T15:14:44.359+0000] {logging_mixin.py:150} INFO - [2025-08-15T15:14:44.359+0000] {manager.py:504} INFO - Created Permission View: can edit on DAG:example_params_ui_tutorial
[2025-08-15T15:14:44.372+0000] {logging_mixin.py:150} INFO - [2025-08-15T15:14:44.371+0000] {dag.py:2742} INFO - Sync 1 DAGs
[2025-08-15T15:14:44.384+0000] {logging_mixin.py:150} INFO - [2025-08-15T15:14:44.384+0000] {dag.py:2763} INFO - Creating ORM DAG for example_params_ui_tutorial
[2025-08-15T15:14:44.395+0000] {logging_mixin.py:150} INFO - [2025-08-15T15:14:44.394+0000] {dag.py:3504} INFO - Setting next_dagrun for example_params_ui_tutorial to None, run_after=None
[2025-08-15T15:14:44.416+0000] {processor.py:179} INFO - Processing /home/vscode/.local/lib/python3.10/site-packages/airflow/example_dags/example_params_ui_tutorial.py took 0.214 seconds
[2025-08-15T15:15:33.373+0000] {processor.py:157} INFO - Started process (PID=27703) to work on /home/vscode/.local/lib/python3.10/site-packages/airflow/example_dags/example_params_ui_tutorial.py
[2025-08-15T15:15:33.374+0000] {processor.py:826} INFO - Processing file /home/vscode/.local/lib/python3.10/site-packages/airflow/example_dags/example_params_ui_tutorial.py for tasks to queue
[2025-08-15T15:15:33.375+0000] {logging_mixin.py:150} INFO - [2025-08-15T15:15:33.374+0000] {dagbag.py:541} INFO - Filling up the DagBag from /home/vscode/.local/lib/python3.10/site-packages/airflow/example_dags/example_params_ui_tutorial.py
[2025-08-15T15:15:33.398+0000] {processor.py:836} INFO - DAG(s) dict_keys(['example_params_ui_tutorial']) retrieved from /home/vscode/.local/lib/python3.10/site-packages/airflow/example_dags/example_params_ui_tutorial.py
[2025-08-15T15:15:33.440+0000] {logging_mixin.py:150} INFO - [2025-08-15T15:15:33.439+0000] {dag.py:2742} INFO - Sync 1 DAGs
[2025-08-15T15:15:33.456+0000] {logging_mixin.py:150} INFO - [2025-08-15T15:15:33.456+0000] {dag.py:3504} INFO - Setting next_dagrun for example_params_ui_tutorial to None, run_after=None
[2025-08-15T15:15:33.479+0000] {processor.py:179} INFO - Processing /home/vscode/.local/lib/python3.10/site-packages/airflow/example_dags/example_params_ui_tutorial.py took 0.109 seconds
[2025-08-15T15:16:22.420+0000] {processor.py:157} INFO - Started process (PID=28264) to work on /home/vscode/.local/lib/python3.10/site-packages/airflow/example_dags/example_params_ui_tutorial.py
[2025-08-15T15:16:22.421+0000] {processor.py:826} INFO - Processing file /home/vscode/.local/lib/python3.10/site-packages/airflow/example_dags/example_params_ui_tutorial.py for tasks to queue
[2025-08-15T15:16:22.421+0000] {logging_mixin.py:150} INFO - [2025-08-15T15:16:22.421+0000] {dagbag.py:541} INFO - Filling up the DagBag from /home/vscode/.local/lib/python3.10/site-packages/airflow/example_dags/example_params_ui_tutorial.py
[2025-08-15T15:16:22.442+0000] {processor.py:836} INFO - DAG(s) dict_keys(['example_params_ui_tutorial']) retrieved from /home/vscode/.local/lib/python3.10/site-packages/airflow/example_dags/example_params_ui_tutorial.py
[2025-08-15T15:16:22.488+0000] {logging_mixin.py:150} INFO - [2025-08-15T15:16:22.487+0000] {dag.py:2742} INFO - Sync 1 DAGs
[2025-08-15T15:16:22.509+0000] {logging_mixin.py:150} INFO - [2025-08-15T15:16:22.509+0000] {dag.py:3504} INFO - Setting next_dagrun for example_params_ui_tutorial to None, run_after=None
[2025-08-15T15:16:22.526+0000] {processor.py:179} INFO - Processing /home/vscode/.local/lib/python3.10/site-packages/airflow/example_dags/example_params_ui_tutorial.py took 0.108 seconds
[2025-08-15T15:17:13.725+0000] {processor.py:157} INFO - Started process (PID=28801) to work on /home/vscode/.local/lib/python3.10/site-packages/airflow/example_dags/example_params_ui_tutorial.py
[2025-08-15T15:17:13.726+0000] {processor.py:826} INFO - Processing file /home/vscode/.local/lib/python3.10/site-packages/airflow/example_dags/example_params_ui_tutorial.py for tasks to queue
[2025-08-15T15:17:13.726+0000] {logging_mixin.py:150} INFO - [2025-08-15T15:17:13.726+0000] {dagbag.py:541} INFO - Filling up the DagBag from /home/vscode/.local/lib/python3.10/site-packages/airflow/example_dags/example_params_ui_tutorial.py
[2025-08-15T15:17:13.745+0000] {processor.py:836} INFO - DAG(s) dict_keys(['example_params_ui_tutorial']) retrieved from /home/vscode/.local/lib/python3.10/site-packages/airflow/example_dags/example_params_ui_tutorial.py
[2025-08-15T15:17:13.786+0000] {logging_mixin.py:150} INFO - [2025-08-15T15:17:13.785+0000] {dag.py:2742} INFO - Sync 1 DAGs
[2025-08-15T15:17:13.803+0000] {logging_mixin.py:150} INFO - [2025-08-15T15:17:13.803+0000] {dag.py:3504} INFO - Setting next_dagrun for example_params_ui_tutorial to None, run_after=None
[2025-08-15T15:17:13.819+0000] {processor.py:179} INFO - Processing /home/vscode/.local/lib/python3.10/site-packages/airflow/example_dags/example_params_ui_tutorial.py took 0.096 seconds
[2025-08-15T15:17:59.988+0000] {processor.py:157} INFO - Started process (PID=29207) to work on /home/vscode/.local/lib/python3.10/site-packages/airflow/example_dags/example_params_ui_tutorial.py
[2025-08-15T15:17:59.988+0000] {processor.py:826} INFO - Processing file /home/vscode/.local/lib/python3.10/site-packages/airflow/example_dags/example_params_ui_tutorial.py for tasks to queue
[2025-08-15T15:17:59.989+0000] {logging_mixin.py:150} INFO - [2025-08-15T15:17:59.989+0000] {dagbag.py:541} INFO - Filling up the DagBag from /home/vscode/.local/lib/python3.10/site-packages/airflow/example_dags/example_params_ui_tutorial.py
[2025-08-15T15:18:00.008+0000] {processor.py:836} INFO - DAG(s) dict_keys(['example_params_ui_tutorial']) retrieved from /home/vscode/.local/lib/python3.10/site-packages/airflow/example_dags/example_params_ui_tutorial.py
[2025-08-15T15:18:00.034+0000] {logging_mixin.py:150} INFO - [2025-08-15T15:18:00.034+0000] {dag.py:2742} INFO - Sync 1 DAGs
[2025-08-15T15:18:00.050+0000] {logging_mixin.py:150} INFO - [2025-08-15T15:18:00.049+0000] {dag.py:3504} INFO - Setting next_dagrun for example_params_ui_tutorial to None, run_after=None
[2025-08-15T15:18:00.067+0000] {processor.py:179} INFO - Processing /home/vscode/.local/lib/python3.10/site-packages/airflow/example_dags/example_params_ui_tutorial.py took 0.081 seconds
[2025-08-15T15:18:45.972+0000] {processor.py:157} INFO - Started process (PID=29517) to work on /home/vscode/.local/lib/python3.10/site-packages/airflow/example_dags/example_params_ui_tutorial.py
[2025-08-15T15:18:45.972+0000] {processor.py:826} INFO - Processing file /home/vscode/.local/lib/python3.10/site-packages/airflow/example_dags/example_params_ui_tutorial.py for tasks to queue
[2025-08-15T15:18:45.973+0000] {logging_mixin.py:150} INFO - [2025-08-15T15:18:45.973+0000] {dagbag.py:541} INFO - Filling up the DagBag from /home/vscode/.local/lib/python3.10/site-packages/airflow/example_dags/example_params_ui_tutorial.py
[2025-08-15T15:18:45.991+0000] {processor.py:836} INFO - DAG(s) dict_keys(['example_params_ui_tutorial']) retrieved from /home/vscode/.local/lib/python3.10/site-packages/airflow/example_dags/example_params_ui_tutorial.py
[2025-08-15T15:18:46.017+0000] {logging_mixin.py:150} INFO - [2025-08-15T15:18:46.017+0000] {dag.py:2742} INFO - Sync 1 DAGs
[2025-08-15T15:18:46.031+0000] {logging_mixin.py:150} INFO - [2025-08-15T15:18:46.031+0000] {dag.py:3504} INFO - Setting next_dagrun for example_params_ui_tutorial to None, run_after=None
[2025-08-15T15:18:46.046+0000] {processor.py:179} INFO - Processing /home/vscode/.local/lib/python3.10/site-packages/airflow/example_dags/example_params_ui_tutorial.py took 0.076 seconds
[2025-08-15T15:19:28.355+0000] {processor.py:157} INFO - Started process (PID=29808) to work on /home/vscode/.local/lib/python3.10/site-packages/airflow/example_dags/example_params_ui_tutorial.py
[2025-08-15T15:19:28.356+0000] {processor.py:826} INFO - Processing file /home/vscode/.local/lib/python3.10/site-packages/airflow/example_dags/example_params_ui_tutorial.py for tasks to queue
[2025-08-15T15:19:28.356+0000] {logging_mixin.py:150} INFO - [2025-08-15T15:19:28.356+0000] {dagbag.py:541} INFO - Filling up the DagBag from /home/vscode/.local/lib/python3.10/site-packages/airflow/example_dags/example_params_ui_tutorial.py
[2025-08-15T15:19:28.374+0000] {processor.py:836} INFO - DAG(s) dict_keys(['example_params_ui_tutorial']) retrieved from /home/vscode/.local/lib/python3.10/site-packages/airflow/example_dags/example_params_ui_tutorial.py
[2025-08-15T15:19:28.407+0000] {logging_mixin.py:150} INFO - [2025-08-15T15:19:28.407+0000] {dag.py:2742} INFO - Sync 1 DAGs
[2025-08-15T15:19:28.424+0000] {logging_mixin.py:150} INFO - [2025-08-15T15:19:28.424+0000] {dag.py:3504} INFO - Setting next_dagrun for example_params_ui_tutorial to None, run_after=None
[2025-08-15T15:19:28.440+0000] {processor.py:179} INFO - Processing /home/vscode/.local/lib/python3.10/site-packages/airflow/example_dags/example_params_ui_tutorial.py took 0.087 seconds
[2025-08-15T15:20:24.971+0000] {processor.py:157} INFO - Started process (PID=31452) to work on /home/vscode/.local/lib/python3.10/site-packages/airflow/example_dags/example_params_ui_tutorial.py
[2025-08-15T15:20:24.971+0000] {processor.py:826} INFO - Processing file /home/vscode/.local/lib/python3.10/site-packages/airflow/example_dags/example_params_ui_tutorial.py for tasks to queue
[2025-08-15T15:20:24.972+0000] {logging_mixin.py:150} INFO - [2025-08-15T15:20:24.972+0000] {dagbag.py:541} INFO - Filling up the DagBag from /home/vscode/.local/lib/python3.10/site-packages/airflow/example_dags/example_params_ui_tutorial.py
[2025-08-15T15:20:24.991+0000] {processor.py:836} INFO - DAG(s) dict_keys(['example_params_ui_tutorial']) retrieved from /home/vscode/.local/lib/python3.10/site-packages/airflow/example_dags/example_params_ui_tutorial.py
[2025-08-15T15:20:25.017+0000] {logging_mixin.py:150} INFO - [2025-08-15T15:20:25.017+0000] {dag.py:2742} INFO - Sync 1 DAGs
[2025-08-15T15:20:25.032+0000] {logging_mixin.py:150} INFO - [2025-08-15T15:20:25.031+0000] {dag.py:3504} INFO - Setting next_dagrun for example_params_ui_tutorial to None, run_after=None
[2025-08-15T15:20:25.050+0000] {processor.py:179} INFO - Processing /home/vscode/.local/lib/python3.10/site-packages/airflow/example_dags/example_params_ui_tutorial.py took 0.082 seconds
[2025-08-15T15:21:16.394+0000] {processor.py:157} INFO - Started process (PID=31801) to work on /home/vscode/.local/lib/python3.10/site-packages/airflow/example_dags/example_params_ui_tutorial.py
[2025-08-15T15:21:16.395+0000] {processor.py:826} INFO - Processing file /home/vscode/.local/lib/python3.10/site-packages/airflow/example_dags/example_params_ui_tutorial.py for tasks to queue
[2025-08-15T15:21:16.396+0000] {logging_mixin.py:150} INFO - [2025-08-15T15:21:16.395+0000] {dagbag.py:541} INFO - Filling up the DagBag from /home/vscode/.local/lib/python3.10/site-packages/airflow/example_dags/example_params_ui_tutorial.py
[2025-08-15T15:21:16.413+0000] {processor.py:836} INFO - DAG(s) dict_keys(['example_params_ui_tutorial']) retrieved from /home/vscode/.local/lib/python3.10/site-packages/airflow/example_dags/example_params_ui_tutorial.py
[2025-08-15T15:21:16.440+0000] {logging_mixin.py:150} INFO - [2025-08-15T15:21:16.440+0000] {dag.py:2742} INFO - Sync 1 DAGs
[2025-08-15T15:21:16.455+0000] {logging_mixin.py:150} INFO - [2025-08-15T15:21:16.454+0000] {dag.py:3504} INFO - Setting next_dagrun for example_params_ui_tutorial to None, run_after=None
[2025-08-15T15:21:16.471+0000] {processor.py:179} INFO - Processing /home/vscode/.local/lib/python3.10/site-packages/airflow/example_dags/example_params_ui_tutorial.py took 0.079 seconds
[2025-08-15T15:22:05.500+0000] {processor.py:157} INFO - Started process (PID=32220) to work on /home/vscode/.local/lib/python3.10/site-packages/airflow/example_dags/example_params_ui_tutorial.py
[2025-08-15T15:22:05.501+0000] {processor.py:826} INFO - Processing file /home/vscode/.local/lib/python3.10/site-packages/airflow/example_dags/example_params_ui_tutorial.py for tasks to queue
[2025-08-15T15:22:05.502+0000] {logging_mixin.py:150} INFO - [2025-08-15T15:22:05.502+0000] {dagbag.py:541} INFO - Filling up the DagBag from /home/vscode/.local/lib/python3.10/site-packages/airflow/example_dags/example_params_ui_tutorial.py
[2025-08-15T15:22:05.520+0000] {processor.py:836} INFO - DAG(s) dict_keys(['example_params_ui_tutorial']) retrieved from /home/vscode/.local/lib/python3.10/site-packages/airflow/example_dags/example_params_ui_tutorial.py
[2025-08-15T15:22:05.547+0000] {logging_mixin.py:150} INFO - [2025-08-15T15:22:05.547+0000] {dag.py:2742} INFO - Sync 1 DAGs
[2025-08-15T15:22:05.562+0000] {logging_mixin.py:150} INFO - [2025-08-15T15:22:05.561+0000] {dag.py:3504} INFO - Setting next_dagrun for example_params_ui_tutorial to None, run_after=None
[2025-08-15T15:22:05.580+0000] {processor.py:179} INFO - Processing /home/vscode/.local/lib/python3.10/site-packages/airflow/example_dags/example_params_ui_tutorial.py took 0.082 seconds
[2025-08-15T15:22:53.776+0000] {processor.py:157} INFO - Started process (PID=32636) to work on /home/vscode/.local/lib/python3.10/site-packages/airflow/example_dags/example_params_ui_tutorial.py
[2025-08-15T15:22:53.776+0000] {processor.py:826} INFO - Processing file /home/vscode/.local/lib/python3.10/site-packages/airflow/example_dags/example_params_ui_tutorial.py for tasks to queue
[2025-08-15T15:22:53.777+0000] {logging_mixin.py:150} INFO - [2025-08-15T15:22:53.777+0000] {dagbag.py:541} INFO - Filling up the DagBag from /home/vscode/.local/lib/python3.10/site-packages/airflow/example_dags/example_params_ui_tutorial.py
[2025-08-15T15:22:53.798+0000] {processor.py:836} INFO - DAG(s) dict_keys(['example_params_ui_tutorial']) retrieved from /home/vscode/.local/lib/python3.10/site-packages/airflow/example_dags/example_params_ui_tutorial.py
[2025-08-15T15:22:53.826+0000] {logging_mixin.py:150} INFO - [2025-08-15T15:22:53.826+0000] {dag.py:2742} INFO - Sync 1 DAGs
[2025-08-15T15:22:53.842+0000] {logging_mixin.py:150} INFO - [2025-08-15T15:22:53.842+0000] {dag.py:3504} INFO - Setting next_dagrun for example_params_ui_tutorial to None, run_after=None
[2025-08-15T15:22:53.861+0000] {processor.py:179} INFO - Processing /home/vscode/.local/lib/python3.10/site-packages/airflow/example_dags/example_params_ui_tutorial.py took 0.087 seconds
[2025-08-15T15:23:42.834+0000] {processor.py:157} INFO - Started process (PID=33226) to work on /home/vscode/.local/lib/python3.10/site-packages/airflow/example_dags/example_params_ui_tutorial.py
[2025-08-15T15:23:42.835+0000] {processor.py:826} INFO - Processing file /home/vscode/.local/lib/python3.10/site-packages/airflow/example_dags/example_params_ui_tutorial.py for tasks to queue
[2025-08-15T15:23:42.836+0000] {logging_mixin.py:150} INFO - [2025-08-15T15:23:42.835+0000] {dagbag.py:541} INFO - Filling up the DagBag from /home/vscode/.local/lib/python3.10/site-packages/airflow/example_dags/example_params_ui_tutorial.py
[2025-08-15T15:23:42.854+0000] {processor.py:836} INFO - DAG(s) dict_keys(['example_params_ui_tutorial']) retrieved from /home/vscode/.local/lib/python3.10/site-packages/airflow/example_dags/example_params_ui_tutorial.py
[2025-08-15T15:23:42.881+0000] {logging_mixin.py:150} INFO - [2025-08-15T15:23:42.881+0000] {dag.py:2742} INFO - Sync 1 DAGs
[2025-08-15T15:23:42.899+0000] {logging_mixin.py:150} INFO - [2025-08-15T15:23:42.899+0000] {dag.py:3504} INFO - Setting next_dagrun for example_params_ui_tutorial to None, run_after=None
[2025-08-15T15:23:42.915+0000] {processor.py:179} INFO - Processing /home/vscode/.local/lib/python3.10/site-packages/airflow/example_dags/example_params_ui_tutorial.py took 0.084 seconds
[2025-08-15T15:24:25.651+0000] {processor.py:157} INFO - Started process (PID=33721) to work on /home/vscode/.local/lib/python3.10/site-packages/airflow/example_dags/example_params_ui_tutorial.py
[2025-08-15T15:24:25.651+0000] {processor.py:826} INFO - Processing file /home/vscode/.local/lib/python3.10/site-packages/airflow/example_dags/example_params_ui_tutorial.py for tasks to queue
[2025-08-15T15:24:25.652+0000] {logging_mixin.py:150} INFO - [2025-08-15T15:24:25.652+0000] {dagbag.py:541} INFO - Filling up the DagBag from /home/vscode/.local/lib/python3.10/site-packages/airflow/example_dags/example_params_ui_tutorial.py
[2025-08-15T15:24:25.669+0000] {processor.py:836} INFO - DAG(s) dict_keys(['example_params_ui_tutorial']) retrieved from /home/vscode/.local/lib/python3.10/site-packages/airflow/example_dags/example_params_ui_tutorial.py
[2025-08-15T15:24:25.696+0000] {logging_mixin.py:150} INFO - [2025-08-15T15:24:25.696+0000] {dag.py:2742} INFO - Sync 1 DAGs
[2025-08-15T15:24:25.711+0000] {logging_mixin.py:150} INFO - [2025-08-15T15:24:25.711+0000] {dag.py:3504} INFO - Setting next_dagrun for example_params_ui_tutorial to None, run_after=None
[2025-08-15T15:24:25.728+0000] {processor.py:179} INFO - Processing /home/vscode/.local/lib/python3.10/site-packages/airflow/example_dags/example_params_ui_tutorial.py took 0.079 seconds
[2025-08-15T15:25:10.458+0000] {processor.py:157} INFO - Started process (PID=34168) to work on /home/vscode/.local/lib/python3.10/site-packages/airflow/example_dags/example_params_ui_tutorial.py
[2025-08-15T15:25:10.459+0000] {processor.py:826} INFO - Processing file /home/vscode/.local/lib/python3.10/site-packages/airflow/example_dags/example_params_ui_tutorial.py for tasks to queue
[2025-08-15T15:25:10.460+0000] {logging_mixin.py:150} INFO - [2025-08-15T15:25:10.459+0000] {dagbag.py:541} INFO - Filling up the DagBag from /home/vscode/.local/lib/python3.10/site-packages/airflow/example_dags/example_params_ui_tutorial.py
[2025-08-15T15:25:10.478+0000] {processor.py:836} INFO - DAG(s) dict_keys(['example_params_ui_tutorial']) retrieved from /home/vscode/.local/lib/python3.10/site-packages/airflow/example_dags/example_params_ui_tutorial.py
[2025-08-15T15:25:10.509+0000] {logging_mixin.py:150} INFO - [2025-08-15T15:25:10.509+0000] {dag.py:2742} INFO - Sync 1 DAGs
[2025-08-15T15:25:10.525+0000] {logging_mixin.py:150} INFO - [2025-08-15T15:25:10.524+0000] {dag.py:3504} INFO - Setting next_dagrun for example_params_ui_tutorial to None, run_after=None
[2025-08-15T15:25:10.542+0000] {processor.py:179} INFO - Processing /home/vscode/.local/lib/python3.10/site-packages/airflow/example_dags/example_params_ui_tutorial.py took 0.086 seconds
[2025-08-15T15:25:56.968+0000] {processor.py:157} INFO - Started process (PID=34535) to work on /home/vscode/.local/lib/python3.10/site-packages/airflow/example_dags/example_params_ui_tutorial.py
[2025-08-15T15:25:56.968+0000] {processor.py:826} INFO - Processing file /home/vscode/.local/lib/python3.10/site-packages/airflow/example_dags/example_params_ui_tutorial.py for tasks to queue
[2025-08-15T15:25:56.969+0000] {logging_mixin.py:150} INFO - [2025-08-15T15:25:56.969+0000] {dagbag.py:541} INFO - Filling up the DagBag from /home/vscode/.local/lib/python3.10/site-packages/airflow/example_dags/example_params_ui_tutorial.py
[2025-08-15T15:25:56.992+0000] {processor.py:836} INFO - DAG(s) dict_keys(['example_params_ui_tutorial']) retrieved from /home/vscode/.local/lib/python3.10/site-packages/airflow/example_dags/example_params_ui_tutorial.py
[2025-08-15T15:25:57.018+0000] {logging_mixin.py:150} INFO - [2025-08-15T15:25:57.018+0000] {dag.py:2742} INFO - Sync 1 DAGs
[2025-08-15T15:25:57.034+0000] {logging_mixin.py:150} INFO - [2025-08-15T15:25:57.033+0000] {dag.py:3504} INFO - Setting next_dagrun for example_params_ui_tutorial to None, run_after=None
[2025-08-15T15:25:57.051+0000] {processor.py:179} INFO - Processing /home/vscode/.local/lib/python3.10/site-packages/airflow/example_dags/example_params_ui_tutorial.py took 0.085 seconds
[2025-08-15T15:26:42.085+0000] {processor.py:157} INFO - Started process (PID=34936) to work on /home/vscode/.local/lib/python3.10/site-packages/airflow/example_dags/example_params_ui_tutorial.py
[2025-08-15T15:26:42.085+0000] {processor.py:826} INFO - Processing file /home/vscode/.local/lib/python3.10/site-packages/airflow/example_dags/example_params_ui_tutorial.py for tasks to queue
[2025-08-15T15:26:42.086+0000] {logging_mixin.py:150} INFO - [2025-08-15T15:26:42.086+0000] {dagbag.py:541} INFO - Filling up the DagBag from /home/vscode/.local/lib/python3.10/site-packages/airflow/example_dags/example_params_ui_tutorial.py
[2025-08-15T15:26:42.104+0000] {processor.py:836} INFO - DAG(s) dict_keys(['example_params_ui_tutorial']) retrieved from /home/vscode/.local/lib/python3.10/site-packages/airflow/example_dags/example_params_ui_tutorial.py
[2025-08-15T15:26:42.131+0000] {logging_mixin.py:150} INFO - [2025-08-15T15:26:42.131+0000] {dag.py:2742} INFO - Sync 1 DAGs
[2025-08-15T15:26:42.146+0000] {logging_mixin.py:150} INFO - [2025-08-15T15:26:42.146+0000] {dag.py:3504} INFO - Setting next_dagrun for example_params_ui_tutorial to None, run_after=None
[2025-08-15T15:26:42.163+0000] {processor.py:179} INFO - Processing /home/vscode/.local/lib/python3.10/site-packages/airflow/example_dags/example_params_ui_tutorial.py took 0.081 seconds
