[2025-08-15T15:15:05.182+0000] {processor.py:157} INFO - Started process (PID=27471) to work on /home/vscode/.local/lib/python3.10/site-packages/airflow/example_dags/example_branch_datetime_operator.py
[2025-08-15T15:15:05.182+0000] {processor.py:826} INFO - Processing file /home/vscode/.local/lib/python3.10/site-packages/airflow/example_dags/example_branch_datetime_operator.py for tasks to queue
[2025-08-15T15:15:05.183+0000] {logging_mixin.py:150} INFO - [2025-08-15T15:15:05.183+0000] {dagbag.py:541} INFO - Filling up the DagBag from /home/vscode/.local/lib/python3.10/site-packages/airflow/example_dags/example_branch_datetime_operator.py
[2025-08-15T15:15:05.190+0000] {processor.py:836} INFO - DAG(s) dict_keys(['example_branch_datetime_operator_2', 'example_branch_datetime_operator', 'example_branch_datetime_operator_3']) retrieved from /home/vscode/.local/lib/python3.10/site-packages/airflow/example_dags/example_branch_datetime_operator.py
[2025-08-15T15:15:05.270+0000] {logging_mixin.py:150} INFO - [2025-08-15T15:15:05.270+0000] {manager.py:504} INFO - Created Permission View: can read on DAG:example_branch_datetime_operator_2
[2025-08-15T15:15:05.279+0000] {logging_mixin.py:150} INFO - [2025-08-15T15:15:05.279+0000] {manager.py:504} INFO - Created Permission View: can delete on DAG:example_branch_datetime_operator_2
[2025-08-15T15:15:05.286+0000] {logging_mixin.py:150} INFO - [2025-08-15T15:15:05.286+0000] {manager.py:504} INFO - Created Permission View: can edit on DAG:example_branch_datetime_operator_2
[2025-08-15T15:15:05.306+0000] {logging_mixin.py:150} INFO - [2025-08-15T15:15:05.306+0000] {manager.py:504} INFO - Created Permission View: can read on DAG:example_branch_datetime_operator
[2025-08-15T15:15:05.313+0000] {logging_mixin.py:150} INFO - [2025-08-15T15:15:05.313+0000] {manager.py:504} INFO - Created Permission View: can delete on DAG:example_branch_datetime_operator
[2025-08-15T15:15:05.319+0000] {logging_mixin.py:150} INFO - [2025-08-15T15:15:05.319+0000] {manager.py:504} INFO - Created Permission View: can edit on DAG:example_branch_datetime_operator
[2025-08-15T15:15:05.335+0000] {logging_mixin.py:150} INFO - [2025-08-15T15:15:05.335+0000] {manager.py:504} INFO - Created Permission View: can read on DAG:example_branch_datetime_operator_3
[2025-08-15T15:15:05.342+0000] {logging_mixin.py:150} INFO - [2025-08-15T15:15:05.342+0000] {manager.py:504} INFO - Created Permission View: can delete on DAG:example_branch_datetime_operator_3
[2025-08-15T15:15:05.348+0000] {logging_mixin.py:150} INFO - [2025-08-15T15:15:05.348+0000] {manager.py:504} INFO - Created Permission View: can edit on DAG:example_branch_datetime_operator_3
[2025-08-15T15:15:05.351+0000] {logging_mixin.py:150} INFO - [2025-08-15T15:15:05.351+0000] {dag.py:2742} INFO - Sync 3 DAGs
[2025-08-15T15:15:05.358+0000] {logging_mixin.py:150} INFO - [2025-08-15T15:15:05.358+0000] {dag.py:2763} INFO - Creating ORM DAG for example_branch_datetime_operator_2
[2025-08-15T15:15:05.359+0000] {logging_mixin.py:150} INFO - [2025-08-15T15:15:05.359+0000] {dag.py:2763} INFO - Creating ORM DAG for example_branch_datetime_operator
[2025-08-15T15:15:05.359+0000] {logging_mixin.py:150} INFO - [2025-08-15T15:15:05.359+0000] {dag.py:2763} INFO - Creating ORM DAG for example_branch_datetime_operator_3
[2025-08-15T15:15:05.367+0000] {logging_mixin.py:150} INFO - [2025-08-15T15:15:05.367+0000] {dag.py:3504} INFO - Setting next_dagrun for example_branch_datetime_operator to 2025-08-14T00:00:00+00:00, run_after=2025-08-15T00:00:00+00:00
[2025-08-15T15:15:05.369+0000] {logging_mixin.py:150} INFO - [2025-08-15T15:15:05.369+0000] {dag.py:3504} INFO - Setting next_dagrun for example_branch_datetime_operator_2 to 2025-08-14T00:00:00+00:00, run_after=2025-08-15T00:00:00+00:00
[2025-08-15T15:15:05.370+0000] {logging_mixin.py:150} INFO - [2025-08-15T15:15:05.370+0000] {dag.py:3504} INFO - Setting next_dagrun for example_branch_datetime_operator_3 to 2025-08-14T00:00:00+00:00, run_after=2025-08-15T00:00:00+00:00
[2025-08-15T15:15:05.386+0000] {processor.py:179} INFO - Processing /home/vscode/.local/lib/python3.10/site-packages/airflow/example_dags/example_branch_datetime_operator.py took 0.207 seconds
[2025-08-15T15:16:00.794+0000] {processor.py:157} INFO - Started process (PID=27983) to work on /home/vscode/.local/lib/python3.10/site-packages/airflow/example_dags/example_branch_datetime_operator.py
[2025-08-15T15:16:00.795+0000] {processor.py:826} INFO - Processing file /home/vscode/.local/lib/python3.10/site-packages/airflow/example_dags/example_branch_datetime_operator.py for tasks to queue
[2025-08-15T15:16:00.795+0000] {logging_mixin.py:150} INFO - [2025-08-15T15:16:00.795+0000] {dagbag.py:541} INFO - Filling up the DagBag from /home/vscode/.local/lib/python3.10/site-packages/airflow/example_dags/example_branch_datetime_operator.py
[2025-08-15T15:16:00.803+0000] {processor.py:836} INFO - DAG(s) dict_keys(['example_branch_datetime_operator_3', 'example_branch_datetime_operator_2', 'example_branch_datetime_operator']) retrieved from /home/vscode/.local/lib/python3.10/site-packages/airflow/example_dags/example_branch_datetime_operator.py
[2025-08-15T15:16:00.824+0000] {logging_mixin.py:150} INFO - [2025-08-15T15:16:00.823+0000] {dag.py:2742} INFO - Sync 3 DAGs
[2025-08-15T15:16:00.840+0000] {logging_mixin.py:150} INFO - [2025-08-15T15:16:00.840+0000] {dag.py:3504} INFO - Setting next_dagrun for example_branch_datetime_operator to 2025-08-14T00:00:00+00:00, run_after=2025-08-15T00:00:00+00:00
[2025-08-15T15:16:00.843+0000] {logging_mixin.py:150} INFO - [2025-08-15T15:16:00.843+0000] {dag.py:3504} INFO - Setting next_dagrun for example_branch_datetime_operator_2 to 2025-08-14T00:00:00+00:00, run_after=2025-08-15T00:00:00+00:00
[2025-08-15T15:16:00.845+0000] {logging_mixin.py:150} INFO - [2025-08-15T15:16:00.845+0000] {dag.py:3504} INFO - Setting next_dagrun for example_branch_datetime_operator_3 to 2025-08-14T00:00:00+00:00, run_after=2025-08-15T00:00:00+00:00
[2025-08-15T15:16:00.860+0000] {processor.py:179} INFO - Processing /home/vscode/.local/lib/python3.10/site-packages/airflow/example_dags/example_branch_datetime_operator.py took 0.068 seconds
[2025-08-15T15:16:47.203+0000] {processor.py:157} INFO - Started process (PID=28507) to work on /home/vscode/.local/lib/python3.10/site-packages/airflow/example_dags/example_branch_datetime_operator.py
[2025-08-15T15:16:47.204+0000] {processor.py:826} INFO - Processing file /home/vscode/.local/lib/python3.10/site-packages/airflow/example_dags/example_branch_datetime_operator.py for tasks to queue
[2025-08-15T15:16:47.205+0000] {logging_mixin.py:150} INFO - [2025-08-15T15:16:47.205+0000] {dagbag.py:541} INFO - Filling up the DagBag from /home/vscode/.local/lib/python3.10/site-packages/airflow/example_dags/example_branch_datetime_operator.py
[2025-08-15T15:16:47.214+0000] {processor.py:836} INFO - DAG(s) dict_keys(['example_branch_datetime_operator_2', 'example_branch_datetime_operator', 'example_branch_datetime_operator_3']) retrieved from /home/vscode/.local/lib/python3.10/site-packages/airflow/example_dags/example_branch_datetime_operator.py
[2025-08-15T15:16:47.231+0000] {logging_mixin.py:150} INFO - [2025-08-15T15:16:47.231+0000] {dag.py:2742} INFO - Sync 3 DAGs
[2025-08-15T15:16:47.248+0000] {logging_mixin.py:150} INFO - [2025-08-15T15:16:47.248+0000] {dag.py:3504} INFO - Setting next_dagrun for example_branch_datetime_operator to 2025-08-14T00:00:00+00:00, run_after=2025-08-15T00:00:00+00:00
[2025-08-15T15:16:47.251+0000] {logging_mixin.py:150} INFO - [2025-08-15T15:16:47.251+0000] {dag.py:3504} INFO - Setting next_dagrun for example_branch_datetime_operator_2 to 2025-08-14T00:00:00+00:00, run_after=2025-08-15T00:00:00+00:00
[2025-08-15T15:16:47.253+0000] {logging_mixin.py:150} INFO - [2025-08-15T15:16:47.253+0000] {dag.py:3504} INFO - Setting next_dagrun for example_branch_datetime_operator_3 to 2025-08-14T00:00:00+00:00, run_after=2025-08-15T00:00:00+00:00
[2025-08-15T15:16:47.268+0000] {processor.py:179} INFO - Processing /home/vscode/.local/lib/python3.10/site-packages/airflow/example_dags/example_branch_datetime_operator.py took 0.068 seconds
[2025-08-15T15:17:39.060+0000] {processor.py:157} INFO - Started process (PID=29041) to work on /home/vscode/.local/lib/python3.10/site-packages/airflow/example_dags/example_branch_datetime_operator.py
[2025-08-15T15:17:39.060+0000] {processor.py:826} INFO - Processing file /home/vscode/.local/lib/python3.10/site-packages/airflow/example_dags/example_branch_datetime_operator.py for tasks to queue
[2025-08-15T15:17:39.061+0000] {logging_mixin.py:150} INFO - [2025-08-15T15:17:39.061+0000] {dagbag.py:541} INFO - Filling up the DagBag from /home/vscode/.local/lib/python3.10/site-packages/airflow/example_dags/example_branch_datetime_operator.py
[2025-08-15T15:17:39.069+0000] {processor.py:836} INFO - DAG(s) dict_keys(['example_branch_datetime_operator_2', 'example_branch_datetime_operator', 'example_branch_datetime_operator_3']) retrieved from /home/vscode/.local/lib/python3.10/site-packages/airflow/example_dags/example_branch_datetime_operator.py
[2025-08-15T15:17:39.093+0000] {logging_mixin.py:150} INFO - [2025-08-15T15:17:39.093+0000] {dag.py:2742} INFO - Sync 3 DAGs
[2025-08-15T15:17:39.123+0000] {logging_mixin.py:150} INFO - [2025-08-15T15:17:39.123+0000] {dag.py:3504} INFO - Setting next_dagrun for example_branch_datetime_operator to 2025-08-14T00:00:00+00:00, run_after=2025-08-15T00:00:00+00:00
[2025-08-15T15:17:39.129+0000] {logging_mixin.py:150} INFO - [2025-08-15T15:17:39.128+0000] {dag.py:3504} INFO - Setting next_dagrun for example_branch_datetime_operator_2 to 2025-08-14T00:00:00+00:00, run_after=2025-08-15T00:00:00+00:00
[2025-08-15T15:17:39.132+0000] {logging_mixin.py:150} INFO - [2025-08-15T15:17:39.131+0000] {dag.py:3504} INFO - Setting next_dagrun for example_branch_datetime_operator_3 to 2025-08-14T00:00:00+00:00, run_after=2025-08-15T00:00:00+00:00
[2025-08-15T15:17:39.153+0000] {processor.py:179} INFO - Processing /home/vscode/.local/lib/python3.10/site-packages/airflow/example_dags/example_branch_datetime_operator.py took 0.096 seconds
[2025-08-15T15:18:23.957+0000] {processor.py:157} INFO - Started process (PID=29371) to work on /home/vscode/.local/lib/python3.10/site-packages/airflow/example_dags/example_branch_datetime_operator.py
[2025-08-15T15:18:23.958+0000] {processor.py:826} INFO - Processing file /home/vscode/.local/lib/python3.10/site-packages/airflow/example_dags/example_branch_datetime_operator.py for tasks to queue
[2025-08-15T15:18:23.958+0000] {logging_mixin.py:150} INFO - [2025-08-15T15:18:23.958+0000] {dagbag.py:541} INFO - Filling up the DagBag from /home/vscode/.local/lib/python3.10/site-packages/airflow/example_dags/example_branch_datetime_operator.py
[2025-08-15T15:18:23.966+0000] {processor.py:836} INFO - DAG(s) dict_keys(['example_branch_datetime_operator_3', 'example_branch_datetime_operator_2', 'example_branch_datetime_operator']) retrieved from /home/vscode/.local/lib/python3.10/site-packages/airflow/example_dags/example_branch_datetime_operator.py
[2025-08-15T15:18:23.983+0000] {logging_mixin.py:150} INFO - [2025-08-15T15:18:23.983+0000] {dag.py:2742} INFO - Sync 3 DAGs
[2025-08-15T15:18:24.000+0000] {logging_mixin.py:150} INFO - [2025-08-15T15:18:24.000+0000] {dag.py:3504} INFO - Setting next_dagrun for example_branch_datetime_operator to 2025-08-14T00:00:00+00:00, run_after=2025-08-15T00:00:00+00:00
[2025-08-15T15:18:24.003+0000] {logging_mixin.py:150} INFO - [2025-08-15T15:18:24.003+0000] {dag.py:3504} INFO - Setting next_dagrun for example_branch_datetime_operator_2 to 2025-08-14T00:00:00+00:00, run_after=2025-08-15T00:00:00+00:00
[2025-08-15T15:18:24.005+0000] {logging_mixin.py:150} INFO - [2025-08-15T15:18:24.004+0000] {dag.py:3504} INFO - Setting next_dagrun for example_branch_datetime_operator_3 to 2025-08-14T00:00:00+00:00, run_after=2025-08-15T00:00:00+00:00
[2025-08-15T15:18:24.020+0000] {processor.py:179} INFO - Processing /home/vscode/.local/lib/python3.10/site-packages/airflow/example_dags/example_branch_datetime_operator.py took 0.065 seconds
[2025-08-15T15:19:08.112+0000] {processor.py:157} INFO - Started process (PID=29670) to work on /home/vscode/.local/lib/python3.10/site-packages/airflow/example_dags/example_branch_datetime_operator.py
[2025-08-15T15:19:08.112+0000] {processor.py:826} INFO - Processing file /home/vscode/.local/lib/python3.10/site-packages/airflow/example_dags/example_branch_datetime_operator.py for tasks to queue
[2025-08-15T15:19:08.113+0000] {logging_mixin.py:150} INFO - [2025-08-15T15:19:08.113+0000] {dagbag.py:541} INFO - Filling up the DagBag from /home/vscode/.local/lib/python3.10/site-packages/airflow/example_dags/example_branch_datetime_operator.py
[2025-08-15T15:19:08.121+0000] {processor.py:836} INFO - DAG(s) dict_keys(['example_branch_datetime_operator_3', 'example_branch_datetime_operator', 'example_branch_datetime_operator_2']) retrieved from /home/vscode/.local/lib/python3.10/site-packages/airflow/example_dags/example_branch_datetime_operator.py
[2025-08-15T15:19:08.138+0000] {logging_mixin.py:150} INFO - [2025-08-15T15:19:08.138+0000] {dag.py:2742} INFO - Sync 3 DAGs
[2025-08-15T15:19:08.154+0000] {logging_mixin.py:150} INFO - [2025-08-15T15:19:08.154+0000] {dag.py:3504} INFO - Setting next_dagrun for example_branch_datetime_operator to 2025-08-14T00:00:00+00:00, run_after=2025-08-15T00:00:00+00:00
[2025-08-15T15:19:08.157+0000] {logging_mixin.py:150} INFO - [2025-08-15T15:19:08.157+0000] {dag.py:3504} INFO - Setting next_dagrun for example_branch_datetime_operator_2 to 2025-08-14T00:00:00+00:00, run_after=2025-08-15T00:00:00+00:00
[2025-08-15T15:19:08.159+0000] {logging_mixin.py:150} INFO - [2025-08-15T15:19:08.159+0000] {dag.py:3504} INFO - Setting next_dagrun for example_branch_datetime_operator_3 to 2025-08-14T00:00:00+00:00, run_after=2025-08-15T00:00:00+00:00
[2025-08-15T15:19:08.173+0000] {processor.py:179} INFO - Processing /home/vscode/.local/lib/python3.10/site-packages/airflow/example_dags/example_branch_datetime_operator.py took 0.063 seconds
[2025-08-15T15:20:09.385+0000] {processor.py:157} INFO - Started process (PID=30722) to work on /home/vscode/.local/lib/python3.10/site-packages/airflow/example_dags/example_branch_datetime_operator.py
[2025-08-15T15:20:09.390+0000] {processor.py:826} INFO - Processing file /home/vscode/.local/lib/python3.10/site-packages/airflow/example_dags/example_branch_datetime_operator.py for tasks to queue
[2025-08-15T15:20:09.391+0000] {logging_mixin.py:150} INFO - [2025-08-15T15:20:09.390+0000] {dagbag.py:541} INFO - Filling up the DagBag from /home/vscode/.local/lib/python3.10/site-packages/airflow/example_dags/example_branch_datetime_operator.py
[2025-08-15T15:20:09.421+0000] {processor.py:836} INFO - DAG(s) dict_keys(['example_branch_datetime_operator_3', 'example_branch_datetime_operator', 'example_branch_datetime_operator_2']) retrieved from /home/vscode/.local/lib/python3.10/site-packages/airflow/example_dags/example_branch_datetime_operator.py
[2025-08-15T15:20:09.562+0000] {logging_mixin.py:150} INFO - [2025-08-15T15:20:09.551+0000] {dag.py:2742} INFO - Sync 3 DAGs
[2025-08-15T15:20:09.699+0000] {logging_mixin.py:150} INFO - [2025-08-15T15:20:09.698+0000] {dag.py:3504} INFO - Setting next_dagrun for example_branch_datetime_operator to 2025-08-14T00:00:00+00:00, run_after=2025-08-15T00:00:00+00:00
[2025-08-15T15:20:09.734+0000] {logging_mixin.py:150} INFO - [2025-08-15T15:20:09.734+0000] {dag.py:3504} INFO - Setting next_dagrun for example_branch_datetime_operator_2 to 2025-08-14T00:00:00+00:00, run_after=2025-08-15T00:00:00+00:00
[2025-08-15T15:20:09.743+0000] {logging_mixin.py:150} INFO - [2025-08-15T15:20:09.743+0000] {dag.py:3504} INFO - Setting next_dagrun for example_branch_datetime_operator_3 to 2025-08-14T00:00:00+00:00, run_after=2025-08-15T00:00:00+00:00
[2025-08-15T15:20:09.813+0000] {processor.py:179} INFO - Processing /home/vscode/.local/lib/python3.10/site-packages/airflow/example_dags/example_branch_datetime_operator.py took 0.436 seconds
[2025-08-15T15:21:08.385+0000] {processor.py:157} INFO - Started process (PID=31740) to work on /home/vscode/.local/lib/python3.10/site-packages/airflow/example_dags/example_branch_datetime_operator.py
[2025-08-15T15:21:08.386+0000] {processor.py:826} INFO - Processing file /home/vscode/.local/lib/python3.10/site-packages/airflow/example_dags/example_branch_datetime_operator.py for tasks to queue
[2025-08-15T15:21:08.386+0000] {logging_mixin.py:150} INFO - [2025-08-15T15:21:08.386+0000] {dagbag.py:541} INFO - Filling up the DagBag from /home/vscode/.local/lib/python3.10/site-packages/airflow/example_dags/example_branch_datetime_operator.py
[2025-08-15T15:21:08.394+0000] {processor.py:836} INFO - DAG(s) dict_keys(['example_branch_datetime_operator_2', 'example_branch_datetime_operator_3', 'example_branch_datetime_operator']) retrieved from /home/vscode/.local/lib/python3.10/site-packages/airflow/example_dags/example_branch_datetime_operator.py
[2025-08-15T15:21:08.410+0000] {logging_mixin.py:150} INFO - [2025-08-15T15:21:08.410+0000] {dag.py:2742} INFO - Sync 3 DAGs
[2025-08-15T15:21:08.427+0000] {logging_mixin.py:150} INFO - [2025-08-15T15:21:08.427+0000] {dag.py:3504} INFO - Setting next_dagrun for example_branch_datetime_operator to 2025-08-14T00:00:00+00:00, run_after=2025-08-15T00:00:00+00:00
[2025-08-15T15:21:08.430+0000] {logging_mixin.py:150} INFO - [2025-08-15T15:21:08.430+0000] {dag.py:3504} INFO - Setting next_dagrun for example_branch_datetime_operator_2 to 2025-08-14T00:00:00+00:00, run_after=2025-08-15T00:00:00+00:00
[2025-08-15T15:21:08.432+0000] {logging_mixin.py:150} INFO - [2025-08-15T15:21:08.432+0000] {dag.py:3504} INFO - Setting next_dagrun for example_branch_datetime_operator_3 to 2025-08-14T00:00:00+00:00, run_after=2025-08-15T00:00:00+00:00
[2025-08-15T15:21:08.446+0000] {processor.py:179} INFO - Processing /home/vscode/.local/lib/python3.10/site-packages/airflow/example_dags/example_branch_datetime_operator.py took 0.063 seconds
[2025-08-15T15:21:54.649+0000] {processor.py:157} INFO - Started process (PID=32116) to work on /home/vscode/.local/lib/python3.10/site-packages/airflow/example_dags/example_branch_datetime_operator.py
[2025-08-15T15:21:54.649+0000] {processor.py:826} INFO - Processing file /home/vscode/.local/lib/python3.10/site-packages/airflow/example_dags/example_branch_datetime_operator.py for tasks to queue
[2025-08-15T15:21:54.650+0000] {logging_mixin.py:150} INFO - [2025-08-15T15:21:54.650+0000] {dagbag.py:541} INFO - Filling up the DagBag from /home/vscode/.local/lib/python3.10/site-packages/airflow/example_dags/example_branch_datetime_operator.py
[2025-08-15T15:21:54.657+0000] {processor.py:836} INFO - DAG(s) dict_keys(['example_branch_datetime_operator_3', 'example_branch_datetime_operator_2', 'example_branch_datetime_operator']) retrieved from /home/vscode/.local/lib/python3.10/site-packages/airflow/example_dags/example_branch_datetime_operator.py
[2025-08-15T15:21:54.674+0000] {logging_mixin.py:150} INFO - [2025-08-15T15:21:54.674+0000] {dag.py:2742} INFO - Sync 3 DAGs
[2025-08-15T15:21:54.690+0000] {logging_mixin.py:150} INFO - [2025-08-15T15:21:54.690+0000] {dag.py:3504} INFO - Setting next_dagrun for example_branch_datetime_operator to 2025-08-14T00:00:00+00:00, run_after=2025-08-15T00:00:00+00:00
[2025-08-15T15:21:54.693+0000] {logging_mixin.py:150} INFO - [2025-08-15T15:21:54.693+0000] {dag.py:3504} INFO - Setting next_dagrun for example_branch_datetime_operator_2 to 2025-08-14T00:00:00+00:00, run_after=2025-08-15T00:00:00+00:00
[2025-08-15T15:21:54.695+0000] {logging_mixin.py:150} INFO - [2025-08-15T15:21:54.695+0000] {dag.py:3504} INFO - Setting next_dagrun for example_branch_datetime_operator_3 to 2025-08-14T00:00:00+00:00, run_after=2025-08-15T00:00:00+00:00
[2025-08-15T15:21:54.718+0000] {processor.py:179} INFO - Processing /home/vscode/.local/lib/python3.10/site-packages/airflow/example_dags/example_branch_datetime_operator.py took 0.071 seconds
[2025-08-15T15:22:44.647+0000] {processor.py:157} INFO - Started process (PID=32540) to work on /home/vscode/.local/lib/python3.10/site-packages/airflow/example_dags/example_branch_datetime_operator.py
[2025-08-15T15:22:44.648+0000] {processor.py:826} INFO - Processing file /home/vscode/.local/lib/python3.10/site-packages/airflow/example_dags/example_branch_datetime_operator.py for tasks to queue
[2025-08-15T15:22:44.649+0000] {logging_mixin.py:150} INFO - [2025-08-15T15:22:44.649+0000] {dagbag.py:541} INFO - Filling up the DagBag from /home/vscode/.local/lib/python3.10/site-packages/airflow/example_dags/example_branch_datetime_operator.py
[2025-08-15T15:22:44.660+0000] {processor.py:836} INFO - DAG(s) dict_keys(['example_branch_datetime_operator', 'example_branch_datetime_operator_2', 'example_branch_datetime_operator_3']) retrieved from /home/vscode/.local/lib/python3.10/site-packages/airflow/example_dags/example_branch_datetime_operator.py
[2025-08-15T15:22:44.684+0000] {logging_mixin.py:150} INFO - [2025-08-15T15:22:44.684+0000] {dag.py:2742} INFO - Sync 3 DAGs
[2025-08-15T15:22:44.725+0000] {logging_mixin.py:150} INFO - [2025-08-15T15:22:44.724+0000] {dag.py:3504} INFO - Setting next_dagrun for example_branch_datetime_operator to 2025-08-14T00:00:00+00:00, run_after=2025-08-15T00:00:00+00:00
[2025-08-15T15:22:44.735+0000] {logging_mixin.py:150} INFO - [2025-08-15T15:22:44.735+0000] {dag.py:3504} INFO - Setting next_dagrun for example_branch_datetime_operator_2 to 2025-08-14T00:00:00+00:00, run_after=2025-08-15T00:00:00+00:00
[2025-08-15T15:22:44.739+0000] {logging_mixin.py:150} INFO - [2025-08-15T15:22:44.739+0000] {dag.py:3504} INFO - Setting next_dagrun for example_branch_datetime_operator_3 to 2025-08-14T00:00:00+00:00, run_after=2025-08-15T00:00:00+00:00
[2025-08-15T15:22:44.779+0000] {processor.py:179} INFO - Processing /home/vscode/.local/lib/python3.10/site-packages/airflow/example_dags/example_branch_datetime_operator.py took 0.135 seconds
[2025-08-15T15:23:33.834+0000] {processor.py:157} INFO - Started process (PID=33130) to work on /home/vscode/.local/lib/python3.10/site-packages/airflow/example_dags/example_branch_datetime_operator.py
[2025-08-15T15:23:33.835+0000] {processor.py:826} INFO - Processing file /home/vscode/.local/lib/python3.10/site-packages/airflow/example_dags/example_branch_datetime_operator.py for tasks to queue
[2025-08-15T15:23:33.836+0000] {logging_mixin.py:150} INFO - [2025-08-15T15:23:33.835+0000] {dagbag.py:541} INFO - Filling up the DagBag from /home/vscode/.local/lib/python3.10/site-packages/airflow/example_dags/example_branch_datetime_operator.py
[2025-08-15T15:23:33.843+0000] {processor.py:836} INFO - DAG(s) dict_keys(['example_branch_datetime_operator_2', 'example_branch_datetime_operator_3', 'example_branch_datetime_operator']) retrieved from /home/vscode/.local/lib/python3.10/site-packages/airflow/example_dags/example_branch_datetime_operator.py
[2025-08-15T15:23:33.863+0000] {logging_mixin.py:150} INFO - [2025-08-15T15:23:33.863+0000] {dag.py:2742} INFO - Sync 3 DAGs
[2025-08-15T15:23:33.881+0000] {logging_mixin.py:150} INFO - [2025-08-15T15:23:33.881+0000] {dag.py:3504} INFO - Setting next_dagrun for example_branch_datetime_operator to 2025-08-14T00:00:00+00:00, run_after=2025-08-15T00:00:00+00:00
[2025-08-15T15:23:33.885+0000] {logging_mixin.py:150} INFO - [2025-08-15T15:23:33.885+0000] {dag.py:3504} INFO - Setting next_dagrun for example_branch_datetime_operator_2 to 2025-08-14T00:00:00+00:00, run_after=2025-08-15T00:00:00+00:00
[2025-08-15T15:23:33.887+0000] {logging_mixin.py:150} INFO - [2025-08-15T15:23:33.887+0000] {dag.py:3504} INFO - Setting next_dagrun for example_branch_datetime_operator_3 to 2025-08-14T00:00:00+00:00, run_after=2025-08-15T00:00:00+00:00
[2025-08-15T15:23:33.902+0000] {processor.py:179} INFO - Processing /home/vscode/.local/lib/python3.10/site-packages/airflow/example_dags/example_branch_datetime_operator.py took 0.070 seconds
[2025-08-15T15:24:19.056+0000] {processor.py:157} INFO - Started process (PID=33646) to work on /home/vscode/.local/lib/python3.10/site-packages/airflow/example_dags/example_branch_datetime_operator.py
[2025-08-15T15:24:19.057+0000] {processor.py:826} INFO - Processing file /home/vscode/.local/lib/python3.10/site-packages/airflow/example_dags/example_branch_datetime_operator.py for tasks to queue
[2025-08-15T15:24:19.057+0000] {logging_mixin.py:150} INFO - [2025-08-15T15:24:19.057+0000] {dagbag.py:541} INFO - Filling up the DagBag from /home/vscode/.local/lib/python3.10/site-packages/airflow/example_dags/example_branch_datetime_operator.py
[2025-08-15T15:24:19.065+0000] {processor.py:836} INFO - DAG(s) dict_keys(['example_branch_datetime_operator', 'example_branch_datetime_operator_3', 'example_branch_datetime_operator_2']) retrieved from /home/vscode/.local/lib/python3.10/site-packages/airflow/example_dags/example_branch_datetime_operator.py
[2025-08-15T15:24:19.081+0000] {logging_mixin.py:150} INFO - [2025-08-15T15:24:19.081+0000] {dag.py:2742} INFO - Sync 3 DAGs
[2025-08-15T15:24:19.096+0000] {logging_mixin.py:150} INFO - [2025-08-15T15:24:19.096+0000] {dag.py:3504} INFO - Setting next_dagrun for example_branch_datetime_operator to 2025-08-14T00:00:00+00:00, run_after=2025-08-15T00:00:00+00:00
[2025-08-15T15:24:19.100+0000] {logging_mixin.py:150} INFO - [2025-08-15T15:24:19.099+0000] {dag.py:3504} INFO - Setting next_dagrun for example_branch_datetime_operator_2 to 2025-08-14T00:00:00+00:00, run_after=2025-08-15T00:00:00+00:00
[2025-08-15T15:24:19.101+0000] {logging_mixin.py:150} INFO - [2025-08-15T15:24:19.101+0000] {dag.py:3504} INFO - Setting next_dagrun for example_branch_datetime_operator_3 to 2025-08-14T00:00:00+00:00, run_after=2025-08-15T00:00:00+00:00
[2025-08-15T15:24:19.116+0000] {processor.py:179} INFO - Processing /home/vscode/.local/lib/python3.10/site-packages/airflow/example_dags/example_branch_datetime_operator.py took 0.062 seconds
[2025-08-15T15:25:18.568+0000] {processor.py:157} INFO - Started process (PID=34227) to work on /home/vscode/.local/lib/python3.10/site-packages/airflow/example_dags/example_branch_datetime_operator.py
[2025-08-15T15:25:18.569+0000] {processor.py:826} INFO - Processing file /home/vscode/.local/lib/python3.10/site-packages/airflow/example_dags/example_branch_datetime_operator.py for tasks to queue
[2025-08-15T15:25:18.569+0000] {logging_mixin.py:150} INFO - [2025-08-15T15:25:18.569+0000] {dagbag.py:541} INFO - Filling up the DagBag from /home/vscode/.local/lib/python3.10/site-packages/airflow/example_dags/example_branch_datetime_operator.py
[2025-08-15T15:25:18.580+0000] {processor.py:836} INFO - DAG(s) dict_keys(['example_branch_datetime_operator_2', 'example_branch_datetime_operator', 'example_branch_datetime_operator_3']) retrieved from /home/vscode/.local/lib/python3.10/site-packages/airflow/example_dags/example_branch_datetime_operator.py
[2025-08-15T15:25:18.601+0000] {logging_mixin.py:150} INFO - [2025-08-15T15:25:18.600+0000] {dag.py:2742} INFO - Sync 3 DAGs
[2025-08-15T15:25:18.617+0000] {logging_mixin.py:150} INFO - [2025-08-15T15:25:18.617+0000] {dag.py:3504} INFO - Setting next_dagrun for example_branch_datetime_operator to 2025-08-14T00:00:00+00:00, run_after=2025-08-15T00:00:00+00:00
[2025-08-15T15:25:18.620+0000] {logging_mixin.py:150} INFO - [2025-08-15T15:25:18.620+0000] {dag.py:3504} INFO - Setting next_dagrun for example_branch_datetime_operator_2 to 2025-08-14T00:00:00+00:00, run_after=2025-08-15T00:00:00+00:00
[2025-08-15T15:25:18.622+0000] {logging_mixin.py:150} INFO - [2025-08-15T15:25:18.622+0000] {dag.py:3504} INFO - Setting next_dagrun for example_branch_datetime_operator_3 to 2025-08-14T00:00:00+00:00, run_after=2025-08-15T00:00:00+00:00
[2025-08-15T15:25:18.637+0000] {processor.py:179} INFO - Processing /home/vscode/.local/lib/python3.10/site-packages/airflow/example_dags/example_branch_datetime_operator.py took 0.071 seconds
[2025-08-15T15:26:04.969+0000] {processor.py:157} INFO - Started process (PID=34612) to work on /home/vscode/.local/lib/python3.10/site-packages/airflow/example_dags/example_branch_datetime_operator.py
[2025-08-15T15:26:04.969+0000] {processor.py:826} INFO - Processing file /home/vscode/.local/lib/python3.10/site-packages/airflow/example_dags/example_branch_datetime_operator.py for tasks to queue
[2025-08-15T15:26:04.970+0000] {logging_mixin.py:150} INFO - [2025-08-15T15:26:04.970+0000] {dagbag.py:541} INFO - Filling up the DagBag from /home/vscode/.local/lib/python3.10/site-packages/airflow/example_dags/example_branch_datetime_operator.py
[2025-08-15T15:26:04.977+0000] {processor.py:836} INFO - DAG(s) dict_keys(['example_branch_datetime_operator_2', 'example_branch_datetime_operator', 'example_branch_datetime_operator_3']) retrieved from /home/vscode/.local/lib/python3.10/site-packages/airflow/example_dags/example_branch_datetime_operator.py
[2025-08-15T15:26:04.994+0000] {logging_mixin.py:150} INFO - [2025-08-15T15:26:04.994+0000] {dag.py:2742} INFO - Sync 3 DAGs
[2025-08-15T15:26:05.011+0000] {logging_mixin.py:150} INFO - [2025-08-15T15:26:05.011+0000] {dag.py:3504} INFO - Setting next_dagrun for example_branch_datetime_operator to 2025-08-14T00:00:00+00:00, run_after=2025-08-15T00:00:00+00:00
[2025-08-15T15:26:05.015+0000] {logging_mixin.py:150} INFO - [2025-08-15T15:26:05.014+0000] {dag.py:3504} INFO - Setting next_dagrun for example_branch_datetime_operator_2 to 2025-08-14T00:00:00+00:00, run_after=2025-08-15T00:00:00+00:00
[2025-08-15T15:26:05.017+0000] {logging_mixin.py:150} INFO - [2025-08-15T15:26:05.017+0000] {dag.py:3504} INFO - Setting next_dagrun for example_branch_datetime_operator_3 to 2025-08-14T00:00:00+00:00, run_after=2025-08-15T00:00:00+00:00
[2025-08-15T15:26:05.033+0000] {processor.py:179} INFO - Processing /home/vscode/.local/lib/python3.10/site-packages/airflow/example_dags/example_branch_datetime_operator.py took 0.067 seconds
[2025-08-15T15:26:51.224+0000] {processor.py:157} INFO - Started process (PID=35015) to work on /home/vscode/.local/lib/python3.10/site-packages/airflow/example_dags/example_branch_datetime_operator.py
[2025-08-15T15:26:51.225+0000] {processor.py:826} INFO - Processing file /home/vscode/.local/lib/python3.10/site-packages/airflow/example_dags/example_branch_datetime_operator.py for tasks to queue
[2025-08-15T15:26:51.225+0000] {logging_mixin.py:150} INFO - [2025-08-15T15:26:51.225+0000] {dagbag.py:541} INFO - Filling up the DagBag from /home/vscode/.local/lib/python3.10/site-packages/airflow/example_dags/example_branch_datetime_operator.py
[2025-08-15T15:26:51.232+0000] {processor.py:836} INFO - DAG(s) dict_keys(['example_branch_datetime_operator', 'example_branch_datetime_operator_3', 'example_branch_datetime_operator_2']) retrieved from /home/vscode/.local/lib/python3.10/site-packages/airflow/example_dags/example_branch_datetime_operator.py
[2025-08-15T15:26:51.250+0000] {logging_mixin.py:150} INFO - [2025-08-15T15:26:51.250+0000] {dag.py:2742} INFO - Sync 3 DAGs
[2025-08-15T15:26:51.266+0000] {logging_mixin.py:150} INFO - [2025-08-15T15:26:51.266+0000] {dag.py:3504} INFO - Setting next_dagrun for example_branch_datetime_operator to 2025-08-14T00:00:00+00:00, run_after=2025-08-15T00:00:00+00:00
[2025-08-15T15:26:51.270+0000] {logging_mixin.py:150} INFO - [2025-08-15T15:26:51.270+0000] {dag.py:3504} INFO - Setting next_dagrun for example_branch_datetime_operator_2 to 2025-08-14T00:00:00+00:00, run_after=2025-08-15T00:00:00+00:00
[2025-08-15T15:26:51.272+0000] {logging_mixin.py:150} INFO - [2025-08-15T15:26:51.272+0000] {dag.py:3504} INFO - Setting next_dagrun for example_branch_datetime_operator_3 to 2025-08-14T00:00:00+00:00, run_after=2025-08-15T00:00:00+00:00
[2025-08-15T15:26:51.287+0000] {processor.py:179} INFO - Processing /home/vscode/.local/lib/python3.10/site-packages/airflow/example_dags/example_branch_datetime_operator.py took 0.065 seconds
