[2025-08-15T15:14:24.849+0000] {processor.py:157} INFO - Started process (PID=27010) to work on /home/vscode/.local/lib/python3.10/site-packages/airflow/example_dags/example_trigger_controller_dag.py
[2025-08-15T15:14:24.850+0000] {processor.py:826} INFO - Processing file /home/vscode/.local/lib/python3.10/site-packages/airflow/example_dags/example_trigger_controller_dag.py for tasks to queue
[2025-08-15T15:14:24.850+0000] {logging_mixin.py:150} INFO - [2025-08-15T15:14:24.850+0000] {dagbag.py:541} INFO - Filling up the DagBag from /home/vscode/.local/lib/python3.10/site-packages/airflow/example_dags/example_trigger_controller_dag.py
[2025-08-15T15:14:24.855+0000] {processor.py:836} INFO - DAG(s) dict_keys(['example_trigger_controller_dag']) retrieved from /home/vscode/.local/lib/python3.10/site-packages/airflow/example_dags/example_trigger_controller_dag.py
[2025-08-15T15:14:24.936+0000] {logging_mixin.py:150} INFO - [2025-08-15T15:14:24.936+0000] {manager.py:504} INFO - Created Permission View: can read on DAG:example_trigger_controller_dag
[2025-08-15T15:14:24.945+0000] {logging_mixin.py:150} INFO - [2025-08-15T15:14:24.945+0000] {manager.py:504} INFO - Created Permission View: can delete on DAG:example_trigger_controller_dag
[2025-08-15T15:14:24.952+0000] {logging_mixin.py:150} INFO - [2025-08-15T15:14:24.952+0000] {manager.py:504} INFO - Created Permission View: can edit on DAG:example_trigger_controller_dag
[2025-08-15T15:14:24.961+0000] {logging_mixin.py:150} INFO - [2025-08-15T15:14:24.960+0000] {dag.py:2742} INFO - Sync 1 DAGs
[2025-08-15T15:14:24.969+0000] {logging_mixin.py:150} INFO - [2025-08-15T15:14:24.968+0000] {dag.py:2763} INFO - Creating ORM DAG for example_trigger_controller_dag
[2025-08-15T15:14:24.976+0000] {logging_mixin.py:150} INFO - [2025-08-15T15:14:24.976+0000] {dag.py:3504} INFO - Setting next_dagrun for example_trigger_controller_dag to 2021-01-01T00:00:00+00:00, run_after=2021-01-01T00:00:00+00:00
[2025-08-15T15:14:24.993+0000] {processor.py:179} INFO - Processing /home/vscode/.local/lib/python3.10/site-packages/airflow/example_dags/example_trigger_controller_dag.py took 0.147 seconds
[2025-08-15T15:15:15.662+0000] {processor.py:157} INFO - Started process (PID=27540) to work on /home/vscode/.local/lib/python3.10/site-packages/airflow/example_dags/example_trigger_controller_dag.py
[2025-08-15T15:15:15.663+0000] {processor.py:826} INFO - Processing file /home/vscode/.local/lib/python3.10/site-packages/airflow/example_dags/example_trigger_controller_dag.py for tasks to queue
[2025-08-15T15:15:15.663+0000] {logging_mixin.py:150} INFO - [2025-08-15T15:15:15.663+0000] {dagbag.py:541} INFO - Filling up the DagBag from /home/vscode/.local/lib/python3.10/site-packages/airflow/example_dags/example_trigger_controller_dag.py
[2025-08-15T15:15:15.667+0000] {processor.py:836} INFO - DAG(s) dict_keys(['example_trigger_controller_dag']) retrieved from /home/vscode/.local/lib/python3.10/site-packages/airflow/example_dags/example_trigger_controller_dag.py
[2025-08-15T15:15:15.679+0000] {logging_mixin.py:150} INFO - [2025-08-15T15:15:15.679+0000] {dag.py:2742} INFO - Sync 1 DAGs
[2025-08-15T15:15:15.694+0000] {logging_mixin.py:150} INFO - [2025-08-15T15:15:15.694+0000] {dag.py:3504} INFO - Setting next_dagrun for example_trigger_controller_dag to 2021-01-01T00:00:00+00:00, run_after=2021-01-01T00:00:00+00:00
[2025-08-15T15:15:15.711+0000] {processor.py:179} INFO - Processing /home/vscode/.local/lib/python3.10/site-packages/airflow/example_dags/example_trigger_controller_dag.py took 0.051 seconds
[2025-08-15T15:16:04.125+0000] {processor.py:157} INFO - Started process (PID=28042) to work on /home/vscode/.local/lib/python3.10/site-packages/airflow/example_dags/example_trigger_controller_dag.py
[2025-08-15T15:16:04.125+0000] {processor.py:826} INFO - Processing file /home/vscode/.local/lib/python3.10/site-packages/airflow/example_dags/example_trigger_controller_dag.py for tasks to queue
[2025-08-15T15:16:04.126+0000] {logging_mixin.py:150} INFO - [2025-08-15T15:16:04.126+0000] {dagbag.py:541} INFO - Filling up the DagBag from /home/vscode/.local/lib/python3.10/site-packages/airflow/example_dags/example_trigger_controller_dag.py
[2025-08-15T15:16:04.129+0000] {processor.py:836} INFO - DAG(s) dict_keys(['example_trigger_controller_dag']) retrieved from /home/vscode/.local/lib/python3.10/site-packages/airflow/example_dags/example_trigger_controller_dag.py
[2025-08-15T15:16:04.141+0000] {logging_mixin.py:150} INFO - [2025-08-15T15:16:04.141+0000] {dag.py:2742} INFO - Sync 1 DAGs
[2025-08-15T15:16:04.157+0000] {logging_mixin.py:150} INFO - [2025-08-15T15:16:04.157+0000] {dag.py:3504} INFO - Setting next_dagrun for example_trigger_controller_dag to 2021-01-01T00:00:00+00:00, run_after=2021-01-01T00:00:00+00:00
[2025-08-15T15:16:04.172+0000] {processor.py:179} INFO - Processing /home/vscode/.local/lib/python3.10/site-packages/airflow/example_dags/example_trigger_controller_dag.py took 0.050 seconds
[2025-08-15T15:16:50.535+0000] {processor.py:157} INFO - Started process (PID=28562) to work on /home/vscode/.local/lib/python3.10/site-packages/airflow/example_dags/example_trigger_controller_dag.py
[2025-08-15T15:16:50.536+0000] {processor.py:826} INFO - Processing file /home/vscode/.local/lib/python3.10/site-packages/airflow/example_dags/example_trigger_controller_dag.py for tasks to queue
[2025-08-15T15:16:50.536+0000] {logging_mixin.py:150} INFO - [2025-08-15T15:16:50.536+0000] {dagbag.py:541} INFO - Filling up the DagBag from /home/vscode/.local/lib/python3.10/site-packages/airflow/example_dags/example_trigger_controller_dag.py
[2025-08-15T15:16:50.540+0000] {processor.py:836} INFO - DAG(s) dict_keys(['example_trigger_controller_dag']) retrieved from /home/vscode/.local/lib/python3.10/site-packages/airflow/example_dags/example_trigger_controller_dag.py
[2025-08-15T15:16:50.552+0000] {logging_mixin.py:150} INFO - [2025-08-15T15:16:50.552+0000] {dag.py:2742} INFO - Sync 1 DAGs
[2025-08-15T15:16:50.571+0000] {logging_mixin.py:150} INFO - [2025-08-15T15:16:50.570+0000] {dag.py:3504} INFO - Setting next_dagrun for example_trigger_controller_dag to 2021-01-01T00:00:00+00:00, run_after=2021-01-01T00:00:00+00:00
[2025-08-15T15:16:50.593+0000] {processor.py:179} INFO - Processing /home/vscode/.local/lib/python3.10/site-packages/airflow/example_dags/example_trigger_controller_dag.py took 0.060 seconds
[2025-08-15T15:17:26.655+0000] {processor.py:157} INFO - Started process (PID=28896) to work on /home/vscode/.local/lib/python3.10/site-packages/airflow/example_dags/example_trigger_controller_dag.py
[2025-08-15T15:17:26.655+0000] {processor.py:826} INFO - Processing file /home/vscode/.local/lib/python3.10/site-packages/airflow/example_dags/example_trigger_controller_dag.py for tasks to queue
[2025-08-15T15:17:26.656+0000] {logging_mixin.py:150} INFO - [2025-08-15T15:17:26.656+0000] {dagbag.py:541} INFO - Filling up the DagBag from /home/vscode/.local/lib/python3.10/site-packages/airflow/example_dags/example_trigger_controller_dag.py
[2025-08-15T15:17:26.659+0000] {processor.py:836} INFO - DAG(s) dict_keys(['example_trigger_controller_dag']) retrieved from /home/vscode/.local/lib/python3.10/site-packages/airflow/example_dags/example_trigger_controller_dag.py
[2025-08-15T15:17:26.672+0000] {logging_mixin.py:150} INFO - [2025-08-15T15:17:26.671+0000] {dag.py:2742} INFO - Sync 1 DAGs
[2025-08-15T15:17:26.686+0000] {logging_mixin.py:150} INFO - [2025-08-15T15:17:26.686+0000] {dag.py:3504} INFO - Setting next_dagrun for example_trigger_controller_dag to 2021-01-01T00:00:00+00:00, run_after=2021-01-01T00:00:00+00:00
[2025-08-15T15:17:26.705+0000] {processor.py:179} INFO - Processing /home/vscode/.local/lib/python3.10/site-packages/airflow/example_dags/example_trigger_controller_dag.py took 0.052 seconds
[2025-08-15T15:18:13.583+0000] {processor.py:157} INFO - Started process (PID=29300) to work on /home/vscode/.local/lib/python3.10/site-packages/airflow/example_dags/example_trigger_controller_dag.py
[2025-08-15T15:18:13.584+0000] {processor.py:826} INFO - Processing file /home/vscode/.local/lib/python3.10/site-packages/airflow/example_dags/example_trigger_controller_dag.py for tasks to queue
[2025-08-15T15:18:13.584+0000] {logging_mixin.py:150} INFO - [2025-08-15T15:18:13.584+0000] {dagbag.py:541} INFO - Filling up the DagBag from /home/vscode/.local/lib/python3.10/site-packages/airflow/example_dags/example_trigger_controller_dag.py
[2025-08-15T15:18:13.588+0000] {processor.py:836} INFO - DAG(s) dict_keys(['example_trigger_controller_dag']) retrieved from /home/vscode/.local/lib/python3.10/site-packages/airflow/example_dags/example_trigger_controller_dag.py
[2025-08-15T15:18:13.604+0000] {logging_mixin.py:150} INFO - [2025-08-15T15:18:13.604+0000] {dag.py:2742} INFO - Sync 1 DAGs
[2025-08-15T15:18:13.625+0000] {logging_mixin.py:150} INFO - [2025-08-15T15:18:13.624+0000] {dag.py:3504} INFO - Setting next_dagrun for example_trigger_controller_dag to 2021-01-01T00:00:00+00:00, run_after=2021-01-01T00:00:00+00:00
[2025-08-15T15:18:13.644+0000] {processor.py:179} INFO - Processing /home/vscode/.local/lib/python3.10/site-packages/airflow/example_dags/example_trigger_controller_dag.py took 0.064 seconds
[2025-08-15T15:18:56.525+0000] {processor.py:157} INFO - Started process (PID=29592) to work on /home/vscode/.local/lib/python3.10/site-packages/airflow/example_dags/example_trigger_controller_dag.py
[2025-08-15T15:18:56.526+0000] {processor.py:826} INFO - Processing file /home/vscode/.local/lib/python3.10/site-packages/airflow/example_dags/example_trigger_controller_dag.py for tasks to queue
[2025-08-15T15:18:56.527+0000] {logging_mixin.py:150} INFO - [2025-08-15T15:18:56.526+0000] {dagbag.py:541} INFO - Filling up the DagBag from /home/vscode/.local/lib/python3.10/site-packages/airflow/example_dags/example_trigger_controller_dag.py
[2025-08-15T15:18:56.530+0000] {processor.py:836} INFO - DAG(s) dict_keys(['example_trigger_controller_dag']) retrieved from /home/vscode/.local/lib/python3.10/site-packages/airflow/example_dags/example_trigger_controller_dag.py
[2025-08-15T15:18:56.542+0000] {logging_mixin.py:150} INFO - [2025-08-15T15:18:56.542+0000] {dag.py:2742} INFO - Sync 1 DAGs
[2025-08-15T15:18:56.557+0000] {logging_mixin.py:150} INFO - [2025-08-15T15:18:56.557+0000] {dag.py:3504} INFO - Setting next_dagrun for example_trigger_controller_dag to 2021-01-01T00:00:00+00:00, run_after=2021-01-01T00:00:00+00:00
[2025-08-15T15:18:56.573+0000] {processor.py:179} INFO - Processing /home/vscode/.local/lib/python3.10/site-packages/airflow/example_dags/example_trigger_controller_dag.py took 0.050 seconds
[2025-08-15T15:19:38.499+0000] {processor.py:157} INFO - Started process (PID=29877) to work on /home/vscode/.local/lib/python3.10/site-packages/airflow/example_dags/example_trigger_controller_dag.py
[2025-08-15T15:19:38.500+0000] {processor.py:826} INFO - Processing file /home/vscode/.local/lib/python3.10/site-packages/airflow/example_dags/example_trigger_controller_dag.py for tasks to queue
[2025-08-15T15:19:38.501+0000] {logging_mixin.py:150} INFO - [2025-08-15T15:19:38.500+0000] {dagbag.py:541} INFO - Filling up the DagBag from /home/vscode/.local/lib/python3.10/site-packages/airflow/example_dags/example_trigger_controller_dag.py
[2025-08-15T15:19:38.505+0000] {processor.py:836} INFO - DAG(s) dict_keys(['example_trigger_controller_dag']) retrieved from /home/vscode/.local/lib/python3.10/site-packages/airflow/example_dags/example_trigger_controller_dag.py
[2025-08-15T15:19:38.523+0000] {logging_mixin.py:150} INFO - [2025-08-15T15:19:38.523+0000] {dag.py:2742} INFO - Sync 1 DAGs
[2025-08-15T15:19:38.543+0000] {logging_mixin.py:150} INFO - [2025-08-15T15:19:38.542+0000] {dag.py:3504} INFO - Setting next_dagrun for example_trigger_controller_dag to 2021-01-01T00:00:00+00:00, run_after=2021-01-01T00:00:00+00:00
[2025-08-15T15:19:38.558+0000] {processor.py:179} INFO - Processing /home/vscode/.local/lib/python3.10/site-packages/airflow/example_dags/example_trigger_controller_dag.py took 0.062 seconds
[2025-08-15T15:20:19.412+0000] {processor.py:157} INFO - Started process (PID=31396) to work on /home/vscode/.local/lib/python3.10/site-packages/airflow/example_dags/example_trigger_controller_dag.py
[2025-08-15T15:20:19.418+0000] {processor.py:826} INFO - Processing file /home/vscode/.local/lib/python3.10/site-packages/airflow/example_dags/example_trigger_controller_dag.py for tasks to queue
[2025-08-15T15:20:19.419+0000] {logging_mixin.py:150} INFO - [2025-08-15T15:20:19.419+0000] {dagbag.py:541} INFO - Filling up the DagBag from /home/vscode/.local/lib/python3.10/site-packages/airflow/example_dags/example_trigger_controller_dag.py
[2025-08-15T15:20:19.442+0000] {processor.py:836} INFO - DAG(s) dict_keys(['example_trigger_controller_dag']) retrieved from /home/vscode/.local/lib/python3.10/site-packages/airflow/example_dags/example_trigger_controller_dag.py
[2025-08-15T15:20:19.555+0000] {logging_mixin.py:150} INFO - [2025-08-15T15:20:19.553+0000] {dag.py:2742} INFO - Sync 1 DAGs
[2025-08-15T15:20:19.636+0000] {logging_mixin.py:150} INFO - [2025-08-15T15:20:19.636+0000] {dag.py:3504} INFO - Setting next_dagrun for example_trigger_controller_dag to 2021-01-01T00:00:00+00:00, run_after=2021-01-01T00:00:00+00:00
[2025-08-15T15:20:19.733+0000] {processor.py:179} INFO - Processing /home/vscode/.local/lib/python3.10/site-packages/airflow/example_dags/example_trigger_controller_dag.py took 0.342 seconds
[2025-08-15T15:20:59.230+0000] {processor.py:157} INFO - Started process (PID=31675) to work on /home/vscode/.local/lib/python3.10/site-packages/airflow/example_dags/example_trigger_controller_dag.py
[2025-08-15T15:20:59.231+0000] {processor.py:826} INFO - Processing file /home/vscode/.local/lib/python3.10/site-packages/airflow/example_dags/example_trigger_controller_dag.py for tasks to queue
[2025-08-15T15:20:59.231+0000] {logging_mixin.py:150} INFO - [2025-08-15T15:20:59.231+0000] {dagbag.py:541} INFO - Filling up the DagBag from /home/vscode/.local/lib/python3.10/site-packages/airflow/example_dags/example_trigger_controller_dag.py
[2025-08-15T15:20:59.235+0000] {processor.py:836} INFO - DAG(s) dict_keys(['example_trigger_controller_dag']) retrieved from /home/vscode/.local/lib/python3.10/site-packages/airflow/example_dags/example_trigger_controller_dag.py
[2025-08-15T15:20:59.247+0000] {logging_mixin.py:150} INFO - [2025-08-15T15:20:59.247+0000] {dag.py:2742} INFO - Sync 1 DAGs
[2025-08-15T15:20:59.261+0000] {logging_mixin.py:150} INFO - [2025-08-15T15:20:59.261+0000] {dag.py:3504} INFO - Setting next_dagrun for example_trigger_controller_dag to 2021-01-01T00:00:00+00:00, run_after=2021-01-01T00:00:00+00:00
[2025-08-15T15:20:59.278+0000] {processor.py:179} INFO - Processing /home/vscode/.local/lib/python3.10/site-packages/airflow/example_dags/example_trigger_controller_dag.py took 0.050 seconds
[2025-08-15T15:21:44.373+0000] {processor.py:157} INFO - Started process (PID=32013) to work on /home/vscode/.local/lib/python3.10/site-packages/airflow/example_dags/example_trigger_controller_dag.py
[2025-08-15T15:21:44.374+0000] {processor.py:826} INFO - Processing file /home/vscode/.local/lib/python3.10/site-packages/airflow/example_dags/example_trigger_controller_dag.py for tasks to queue
[2025-08-15T15:21:44.375+0000] {logging_mixin.py:150} INFO - [2025-08-15T15:21:44.375+0000] {dagbag.py:541} INFO - Filling up the DagBag from /home/vscode/.local/lib/python3.10/site-packages/airflow/example_dags/example_trigger_controller_dag.py
[2025-08-15T15:21:44.380+0000] {processor.py:836} INFO - DAG(s) dict_keys(['example_trigger_controller_dag']) retrieved from /home/vscode/.local/lib/python3.10/site-packages/airflow/example_dags/example_trigger_controller_dag.py
[2025-08-15T15:21:44.393+0000] {logging_mixin.py:150} INFO - [2025-08-15T15:21:44.393+0000] {dag.py:2742} INFO - Sync 1 DAGs
[2025-08-15T15:21:44.408+0000] {logging_mixin.py:150} INFO - [2025-08-15T15:21:44.407+0000] {dag.py:3504} INFO - Setting next_dagrun for example_trigger_controller_dag to 2021-01-01T00:00:00+00:00, run_after=2021-01-01T00:00:00+00:00
[2025-08-15T15:21:44.423+0000] {processor.py:179} INFO - Processing /home/vscode/.local/lib/python3.10/site-packages/airflow/example_dags/example_trigger_controller_dag.py took 0.053 seconds
[2025-08-15T15:22:34.633+0000] {processor.py:157} INFO - Started process (PID=32442) to work on /home/vscode/.local/lib/python3.10/site-packages/airflow/example_dags/example_trigger_controller_dag.py
[2025-08-15T15:22:34.634+0000] {processor.py:826} INFO - Processing file /home/vscode/.local/lib/python3.10/site-packages/airflow/example_dags/example_trigger_controller_dag.py for tasks to queue
[2025-08-15T15:22:34.635+0000] {logging_mixin.py:150} INFO - [2025-08-15T15:22:34.634+0000] {dagbag.py:541} INFO - Filling up the DagBag from /home/vscode/.local/lib/python3.10/site-packages/airflow/example_dags/example_trigger_controller_dag.py
[2025-08-15T15:22:34.638+0000] {processor.py:836} INFO - DAG(s) dict_keys(['example_trigger_controller_dag']) retrieved from /home/vscode/.local/lib/python3.10/site-packages/airflow/example_dags/example_trigger_controller_dag.py
[2025-08-15T15:22:34.652+0000] {logging_mixin.py:150} INFO - [2025-08-15T15:22:34.652+0000] {dag.py:2742} INFO - Sync 1 DAGs
[2025-08-15T15:22:34.668+0000] {logging_mixin.py:150} INFO - [2025-08-15T15:22:34.668+0000] {dag.py:3504} INFO - Setting next_dagrun for example_trigger_controller_dag to 2021-01-01T00:00:00+00:00, run_after=2021-01-01T00:00:00+00:00
[2025-08-15T15:22:34.685+0000] {processor.py:179} INFO - Processing /home/vscode/.local/lib/python3.10/site-packages/airflow/example_dags/example_trigger_controller_dag.py took 0.054 seconds
[2025-08-15T15:23:22.558+0000] {processor.py:157} INFO - Started process (PID=33003) to work on /home/vscode/.local/lib/python3.10/site-packages/airflow/example_dags/example_trigger_controller_dag.py
[2025-08-15T15:23:22.559+0000] {processor.py:826} INFO - Processing file /home/vscode/.local/lib/python3.10/site-packages/airflow/example_dags/example_trigger_controller_dag.py for tasks to queue
[2025-08-15T15:23:22.559+0000] {logging_mixin.py:150} INFO - [2025-08-15T15:23:22.559+0000] {dagbag.py:541} INFO - Filling up the DagBag from /home/vscode/.local/lib/python3.10/site-packages/airflow/example_dags/example_trigger_controller_dag.py
[2025-08-15T15:23:22.563+0000] {processor.py:836} INFO - DAG(s) dict_keys(['example_trigger_controller_dag']) retrieved from /home/vscode/.local/lib/python3.10/site-packages/airflow/example_dags/example_trigger_controller_dag.py
[2025-08-15T15:23:22.575+0000] {logging_mixin.py:150} INFO - [2025-08-15T15:23:22.575+0000] {dag.py:2742} INFO - Sync 1 DAGs
[2025-08-15T15:23:22.590+0000] {logging_mixin.py:150} INFO - [2025-08-15T15:23:22.590+0000] {dag.py:3504} INFO - Setting next_dagrun for example_trigger_controller_dag to 2021-01-01T00:00:00+00:00, run_after=2021-01-01T00:00:00+00:00
[2025-08-15T15:23:22.608+0000] {processor.py:179} INFO - Processing /home/vscode/.local/lib/python3.10/site-packages/airflow/example_dags/example_trigger_controller_dag.py took 0.053 seconds
[2025-08-15T15:24:09.680+0000] {processor.py:157} INFO - Started process (PID=33546) to work on /home/vscode/.local/lib/python3.10/site-packages/airflow/example_dags/example_trigger_controller_dag.py
[2025-08-15T15:24:09.681+0000] {processor.py:826} INFO - Processing file /home/vscode/.local/lib/python3.10/site-packages/airflow/example_dags/example_trigger_controller_dag.py for tasks to queue
[2025-08-15T15:24:09.682+0000] {logging_mixin.py:150} INFO - [2025-08-15T15:24:09.682+0000] {dagbag.py:541} INFO - Filling up the DagBag from /home/vscode/.local/lib/python3.10/site-packages/airflow/example_dags/example_trigger_controller_dag.py
[2025-08-15T15:24:09.685+0000] {processor.py:836} INFO - DAG(s) dict_keys(['example_trigger_controller_dag']) retrieved from /home/vscode/.local/lib/python3.10/site-packages/airflow/example_dags/example_trigger_controller_dag.py
[2025-08-15T15:24:09.701+0000] {logging_mixin.py:150} INFO - [2025-08-15T15:24:09.700+0000] {dag.py:2742} INFO - Sync 1 DAGs
[2025-08-15T15:24:09.715+0000] {logging_mixin.py:150} INFO - [2025-08-15T15:24:09.715+0000] {dag.py:3504} INFO - Setting next_dagrun for example_trigger_controller_dag to 2021-01-01T00:00:00+00:00, run_after=2021-01-01T00:00:00+00:00
[2025-08-15T15:24:09.731+0000] {processor.py:179} INFO - Processing /home/vscode/.local/lib/python3.10/site-packages/airflow/example_dags/example_trigger_controller_dag.py took 0.053 seconds
[2025-08-15T15:24:52.206+0000] {processor.py:157} INFO - Started process (PID=34024) to work on /home/vscode/.local/lib/python3.10/site-packages/airflow/example_dags/example_trigger_controller_dag.py
[2025-08-15T15:24:52.207+0000] {processor.py:826} INFO - Processing file /home/vscode/.local/lib/python3.10/site-packages/airflow/example_dags/example_trigger_controller_dag.py for tasks to queue
[2025-08-15T15:24:52.207+0000] {logging_mixin.py:150} INFO - [2025-08-15T15:24:52.207+0000] {dagbag.py:541} INFO - Filling up the DagBag from /home/vscode/.local/lib/python3.10/site-packages/airflow/example_dags/example_trigger_controller_dag.py
[2025-08-15T15:24:52.211+0000] {processor.py:836} INFO - DAG(s) dict_keys(['example_trigger_controller_dag']) retrieved from /home/vscode/.local/lib/python3.10/site-packages/airflow/example_dags/example_trigger_controller_dag.py
[2025-08-15T15:24:52.223+0000] {logging_mixin.py:150} INFO - [2025-08-15T15:24:52.223+0000] {dag.py:2742} INFO - Sync 1 DAGs
[2025-08-15T15:24:52.238+0000] {logging_mixin.py:150} INFO - [2025-08-15T15:24:52.238+0000] {dag.py:3504} INFO - Setting next_dagrun for example_trigger_controller_dag to 2021-01-01T00:00:00+00:00, run_after=2021-01-01T00:00:00+00:00
[2025-08-15T15:24:52.253+0000] {processor.py:179} INFO - Processing /home/vscode/.local/lib/python3.10/site-packages/airflow/example_dags/example_trigger_controller_dag.py took 0.049 seconds
[2025-08-15T15:25:40.236+0000] {processor.py:157} INFO - Started process (PID=34382) to work on /home/vscode/.local/lib/python3.10/site-packages/airflow/example_dags/example_trigger_controller_dag.py
[2025-08-15T15:25:40.237+0000] {processor.py:826} INFO - Processing file /home/vscode/.local/lib/python3.10/site-packages/airflow/example_dags/example_trigger_controller_dag.py for tasks to queue
[2025-08-15T15:25:40.238+0000] {logging_mixin.py:150} INFO - [2025-08-15T15:25:40.237+0000] {dagbag.py:541} INFO - Filling up the DagBag from /home/vscode/.local/lib/python3.10/site-packages/airflow/example_dags/example_trigger_controller_dag.py
[2025-08-15T15:25:40.241+0000] {processor.py:836} INFO - DAG(s) dict_keys(['example_trigger_controller_dag']) retrieved from /home/vscode/.local/lib/python3.10/site-packages/airflow/example_dags/example_trigger_controller_dag.py
[2025-08-15T15:25:40.257+0000] {logging_mixin.py:150} INFO - [2025-08-15T15:25:40.256+0000] {dag.py:2742} INFO - Sync 1 DAGs
[2025-08-15T15:25:40.271+0000] {logging_mixin.py:150} INFO - [2025-08-15T15:25:40.271+0000] {dag.py:3504} INFO - Setting next_dagrun for example_trigger_controller_dag to 2021-01-01T00:00:00+00:00, run_after=2021-01-01T00:00:00+00:00
[2025-08-15T15:25:40.288+0000] {processor.py:179} INFO - Processing /home/vscode/.local/lib/python3.10/site-packages/airflow/example_dags/example_trigger_controller_dag.py took 0.054 seconds
[2025-08-15T15:26:25.528+0000] {processor.py:157} INFO - Started process (PID=34750) to work on /home/vscode/.local/lib/python3.10/site-packages/airflow/example_dags/example_trigger_controller_dag.py
[2025-08-15T15:26:25.529+0000] {processor.py:826} INFO - Processing file /home/vscode/.local/lib/python3.10/site-packages/airflow/example_dags/example_trigger_controller_dag.py for tasks to queue
[2025-08-15T15:26:25.530+0000] {logging_mixin.py:150} INFO - [2025-08-15T15:26:25.529+0000] {dagbag.py:541} INFO - Filling up the DagBag from /home/vscode/.local/lib/python3.10/site-packages/airflow/example_dags/example_trigger_controller_dag.py
[2025-08-15T15:26:25.533+0000] {processor.py:836} INFO - DAG(s) dict_keys(['example_trigger_controller_dag']) retrieved from /home/vscode/.local/lib/python3.10/site-packages/airflow/example_dags/example_trigger_controller_dag.py
[2025-08-15T15:26:25.545+0000] {logging_mixin.py:150} INFO - [2025-08-15T15:26:25.545+0000] {dag.py:2742} INFO - Sync 1 DAGs
[2025-08-15T15:26:25.560+0000] {logging_mixin.py:150} INFO - [2025-08-15T15:26:25.560+0000] {dag.py:3504} INFO - Setting next_dagrun for example_trigger_controller_dag to 2021-01-01T00:00:00+00:00, run_after=2021-01-01T00:00:00+00:00
[2025-08-15T15:26:25.575+0000] {processor.py:179} INFO - Processing /home/vscode/.local/lib/python3.10/site-packages/airflow/example_dags/example_trigger_controller_dag.py took 0.048 seconds
[2025-08-15T15:27:14.060+0000] {processor.py:157} INFO - Started process (PID=35183) to work on /home/vscode/.local/lib/python3.10/site-packages/airflow/example_dags/example_trigger_controller_dag.py
[2025-08-15T15:27:14.061+0000] {processor.py:826} INFO - Processing file /home/vscode/.local/lib/python3.10/site-packages/airflow/example_dags/example_trigger_controller_dag.py for tasks to queue
[2025-08-15T15:27:14.062+0000] {logging_mixin.py:150} INFO - [2025-08-15T15:27:14.061+0000] {dagbag.py:541} INFO - Filling up the DagBag from /home/vscode/.local/lib/python3.10/site-packages/airflow/example_dags/example_trigger_controller_dag.py
[2025-08-15T15:27:14.065+0000] {processor.py:836} INFO - DAG(s) dict_keys(['example_trigger_controller_dag']) retrieved from /home/vscode/.local/lib/python3.10/site-packages/airflow/example_dags/example_trigger_controller_dag.py
[2025-08-15T15:27:14.078+0000] {logging_mixin.py:150} INFO - [2025-08-15T15:27:14.078+0000] {dag.py:2742} INFO - Sync 1 DAGs
[2025-08-15T15:27:14.095+0000] {logging_mixin.py:150} INFO - [2025-08-15T15:27:14.094+0000] {dag.py:3504} INFO - Setting next_dagrun for example_trigger_controller_dag to 2021-01-01T00:00:00+00:00, run_after=2021-01-01T00:00:00+00:00
[2025-08-15T15:27:14.110+0000] {processor.py:179} INFO - Processing /home/vscode/.local/lib/python3.10/site-packages/airflow/example_dags/example_trigger_controller_dag.py took 0.052 seconds
