[2025-08-15T15:14:23.603+0000] {processor.py:157} INFO - Started process (PID=27002) to work on /home/vscode/.local/lib/python3.10/site-packages/airflow/example_dags/tutorial.py
[2025-08-15T15:14:23.604+0000] {processor.py:826} INFO - Processing file /home/vscode/.local/lib/python3.10/site-packages/airflow/example_dags/tutorial.py for tasks to queue
[2025-08-15T15:14:23.605+0000] {logging_mixin.py:150} INFO - [2025-08-15T15:14:23.605+0000] {dagbag.py:541} INFO - Filling up the DagBag from /home/vscode/.local/lib/python3.10/site-packages/airflow/example_dags/tutorial.py
[2025-08-15T15:14:23.616+0000] {processor.py:836} INFO - DAG(s) dict_keys(['tutorial']) retrieved from /home/vscode/.local/lib/python3.10/site-packages/airflow/example_dags/tutorial.py
[2025-08-15T15:14:23.720+0000] {logging_mixin.py:150} INFO - [2025-08-15T15:14:23.720+0000] {manager.py:504} INFO - Created Permission View: can read on DAG:tutorial
[2025-08-15T15:14:23.730+0000] {logging_mixin.py:150} INFO - [2025-08-15T15:14:23.730+0000] {manager.py:504} INFO - Created Permission View: can delete on DAG:tutorial
[2025-08-15T15:14:23.737+0000] {logging_mixin.py:150} INFO - [2025-08-15T15:14:23.737+0000] {manager.py:504} INFO - Created Permission View: can edit on DAG:tutorial
[2025-08-15T15:14:23.745+0000] {logging_mixin.py:150} INFO - [2025-08-15T15:14:23.745+0000] {dag.py:2742} INFO - Sync 1 DAGs
[2025-08-15T15:14:23.754+0000] {logging_mixin.py:150} INFO - [2025-08-15T15:14:23.754+0000] {dag.py:2763} INFO - Creating ORM DAG for tutorial
[2025-08-15T15:14:23.761+0000] {logging_mixin.py:150} INFO - [2025-08-15T15:14:23.761+0000] {dag.py:3504} INFO - Setting next_dagrun for tutorial to 2025-08-14T15:14:23.761640+00:00, run_after=2025-08-15T15:14:23.761640+00:00
[2025-08-15T15:14:23.779+0000] {processor.py:179} INFO - Processing /home/vscode/.local/lib/python3.10/site-packages/airflow/example_dags/tutorial.py took 0.179 seconds
[2025-08-15T15:15:14.877+0000] {processor.py:157} INFO - Started process (PID=27538) to work on /home/vscode/.local/lib/python3.10/site-packages/airflow/example_dags/tutorial.py
[2025-08-15T15:15:14.878+0000] {processor.py:826} INFO - Processing file /home/vscode/.local/lib/python3.10/site-packages/airflow/example_dags/tutorial.py for tasks to queue
[2025-08-15T15:15:14.878+0000] {logging_mixin.py:150} INFO - [2025-08-15T15:15:14.878+0000] {dagbag.py:541} INFO - Filling up the DagBag from /home/vscode/.local/lib/python3.10/site-packages/airflow/example_dags/tutorial.py
[2025-08-15T15:15:14.884+0000] {processor.py:836} INFO - DAG(s) dict_keys(['tutorial']) retrieved from /home/vscode/.local/lib/python3.10/site-packages/airflow/example_dags/tutorial.py
[2025-08-15T15:15:14.895+0000] {logging_mixin.py:150} INFO - [2025-08-15T15:15:14.895+0000] {dag.py:2742} INFO - Sync 1 DAGs
[2025-08-15T15:15:14.910+0000] {logging_mixin.py:150} INFO - [2025-08-15T15:15:14.910+0000] {dag.py:3504} INFO - Setting next_dagrun for tutorial to 2025-08-14T15:15:14.910040+00:00, run_after=2025-08-15T15:15:14.910040+00:00
[2025-08-15T15:15:14.927+0000] {processor.py:179} INFO - Processing /home/vscode/.local/lib/python3.10/site-packages/airflow/example_dags/tutorial.py took 0.052 seconds
[2025-08-15T15:16:02.992+0000] {processor.py:157} INFO - Started process (PID=28029) to work on /home/vscode/.local/lib/python3.10/site-packages/airflow/example_dags/tutorial.py
[2025-08-15T15:16:02.992+0000] {processor.py:826} INFO - Processing file /home/vscode/.local/lib/python3.10/site-packages/airflow/example_dags/tutorial.py for tasks to queue
[2025-08-15T15:16:02.993+0000] {logging_mixin.py:150} INFO - [2025-08-15T15:16:02.993+0000] {dagbag.py:541} INFO - Filling up the DagBag from /home/vscode/.local/lib/python3.10/site-packages/airflow/example_dags/tutorial.py
[2025-08-15T15:16:02.998+0000] {processor.py:836} INFO - DAG(s) dict_keys(['tutorial']) retrieved from /home/vscode/.local/lib/python3.10/site-packages/airflow/example_dags/tutorial.py
[2025-08-15T15:16:03.009+0000] {logging_mixin.py:150} INFO - [2025-08-15T15:16:03.009+0000] {dag.py:2742} INFO - Sync 1 DAGs
[2025-08-15T15:16:03.024+0000] {logging_mixin.py:150} INFO - [2025-08-15T15:16:03.023+0000] {dag.py:3504} INFO - Setting next_dagrun for tutorial to 2025-08-14T15:16:03.023681+00:00, run_after=2025-08-15T15:16:03.023681+00:00
[2025-08-15T15:16:03.041+0000] {processor.py:179} INFO - Processing /home/vscode/.local/lib/python3.10/site-packages/airflow/example_dags/tutorial.py took 0.051 seconds
[2025-08-15T15:16:49.388+0000] {processor.py:157} INFO - Started process (PID=28551) to work on /home/vscode/.local/lib/python3.10/site-packages/airflow/example_dags/tutorial.py
[2025-08-15T15:16:49.388+0000] {processor.py:826} INFO - Processing file /home/vscode/.local/lib/python3.10/site-packages/airflow/example_dags/tutorial.py for tasks to queue
[2025-08-15T15:16:49.389+0000] {logging_mixin.py:150} INFO - [2025-08-15T15:16:49.389+0000] {dagbag.py:541} INFO - Filling up the DagBag from /home/vscode/.local/lib/python3.10/site-packages/airflow/example_dags/tutorial.py
[2025-08-15T15:16:49.394+0000] {processor.py:836} INFO - DAG(s) dict_keys(['tutorial']) retrieved from /home/vscode/.local/lib/python3.10/site-packages/airflow/example_dags/tutorial.py
[2025-08-15T15:16:49.407+0000] {logging_mixin.py:150} INFO - [2025-08-15T15:16:49.407+0000] {dag.py:2742} INFO - Sync 1 DAGs
[2025-08-15T15:16:49.423+0000] {logging_mixin.py:150} INFO - [2025-08-15T15:16:49.423+0000] {dag.py:3504} INFO - Setting next_dagrun for tutorial to 2025-08-14T15:16:49.423400+00:00, run_after=2025-08-15T15:16:49.423400+00:00
[2025-08-15T15:16:49.439+0000] {processor.py:179} INFO - Processing /home/vscode/.local/lib/python3.10/site-packages/airflow/example_dags/tutorial.py took 0.055 seconds
[2025-08-15T15:17:26.207+0000] {processor.py:157} INFO - Started process (PID=28886) to work on /home/vscode/.local/lib/python3.10/site-packages/airflow/example_dags/tutorial.py
[2025-08-15T15:17:26.208+0000] {processor.py:826} INFO - Processing file /home/vscode/.local/lib/python3.10/site-packages/airflow/example_dags/tutorial.py for tasks to queue
[2025-08-15T15:17:26.208+0000] {logging_mixin.py:150} INFO - [2025-08-15T15:17:26.208+0000] {dagbag.py:541} INFO - Filling up the DagBag from /home/vscode/.local/lib/python3.10/site-packages/airflow/example_dags/tutorial.py
[2025-08-15T15:17:26.213+0000] {processor.py:836} INFO - DAG(s) dict_keys(['tutorial']) retrieved from /home/vscode/.local/lib/python3.10/site-packages/airflow/example_dags/tutorial.py
[2025-08-15T15:17:26.225+0000] {logging_mixin.py:150} INFO - [2025-08-15T15:17:26.225+0000] {dag.py:2742} INFO - Sync 1 DAGs
[2025-08-15T15:17:26.240+0000] {logging_mixin.py:150} INFO - [2025-08-15T15:17:26.239+0000] {dag.py:3504} INFO - Setting next_dagrun for tutorial to 2025-08-14T15:17:26.239784+00:00, run_after=2025-08-15T15:17:26.239784+00:00
[2025-08-15T15:17:26.255+0000] {processor.py:179} INFO - Processing /home/vscode/.local/lib/python3.10/site-packages/airflow/example_dags/tutorial.py took 0.050 seconds
[2025-08-15T15:18:12.549+0000] {processor.py:157} INFO - Started process (PID=29298) to work on /home/vscode/.local/lib/python3.10/site-packages/airflow/example_dags/tutorial.py
[2025-08-15T15:18:12.550+0000] {processor.py:826} INFO - Processing file /home/vscode/.local/lib/python3.10/site-packages/airflow/example_dags/tutorial.py for tasks to queue
[2025-08-15T15:18:12.551+0000] {logging_mixin.py:150} INFO - [2025-08-15T15:18:12.550+0000] {dagbag.py:541} INFO - Filling up the DagBag from /home/vscode/.local/lib/python3.10/site-packages/airflow/example_dags/tutorial.py
[2025-08-15T15:18:12.555+0000] {processor.py:836} INFO - DAG(s) dict_keys(['tutorial']) retrieved from /home/vscode/.local/lib/python3.10/site-packages/airflow/example_dags/tutorial.py
[2025-08-15T15:18:12.566+0000] {logging_mixin.py:150} INFO - [2025-08-15T15:18:12.566+0000] {dag.py:2742} INFO - Sync 1 DAGs
[2025-08-15T15:18:12.581+0000] {logging_mixin.py:150} INFO - [2025-08-15T15:18:12.581+0000] {dag.py:3504} INFO - Setting next_dagrun for tutorial to 2025-08-14T15:18:12.581176+00:00, run_after=2025-08-15T15:18:12.581176+00:00
[2025-08-15T15:18:12.596+0000] {processor.py:179} INFO - Processing /home/vscode/.local/lib/python3.10/site-packages/airflow/example_dags/tutorial.py took 0.049 seconds
[2025-08-15T15:18:55.930+0000] {processor.py:157} INFO - Started process (PID=29590) to work on /home/vscode/.local/lib/python3.10/site-packages/airflow/example_dags/tutorial.py
[2025-08-15T15:18:55.931+0000] {processor.py:826} INFO - Processing file /home/vscode/.local/lib/python3.10/site-packages/airflow/example_dags/tutorial.py for tasks to queue
[2025-08-15T15:18:55.931+0000] {logging_mixin.py:150} INFO - [2025-08-15T15:18:55.931+0000] {dagbag.py:541} INFO - Filling up the DagBag from /home/vscode/.local/lib/python3.10/site-packages/airflow/example_dags/tutorial.py
[2025-08-15T15:18:55.937+0000] {processor.py:836} INFO - DAG(s) dict_keys(['tutorial']) retrieved from /home/vscode/.local/lib/python3.10/site-packages/airflow/example_dags/tutorial.py
[2025-08-15T15:18:55.948+0000] {logging_mixin.py:150} INFO - [2025-08-15T15:18:55.948+0000] {dag.py:2742} INFO - Sync 1 DAGs
[2025-08-15T15:18:55.962+0000] {logging_mixin.py:150} INFO - [2025-08-15T15:18:55.962+0000] {dag.py:3504} INFO - Setting next_dagrun for tutorial to 2025-08-14T15:18:55.962329+00:00, run_after=2025-08-15T15:18:55.962329+00:00
[2025-08-15T15:18:55.979+0000] {processor.py:179} INFO - Processing /home/vscode/.local/lib/python3.10/site-packages/airflow/example_dags/tutorial.py took 0.051 seconds
[2025-08-15T15:19:37.698+0000] {processor.py:157} INFO - Started process (PID=29863) to work on /home/vscode/.local/lib/python3.10/site-packages/airflow/example_dags/tutorial.py
[2025-08-15T15:19:37.699+0000] {processor.py:826} INFO - Processing file /home/vscode/.local/lib/python3.10/site-packages/airflow/example_dags/tutorial.py for tasks to queue
[2025-08-15T15:19:37.700+0000] {logging_mixin.py:150} INFO - [2025-08-15T15:19:37.699+0000] {dagbag.py:541} INFO - Filling up the DagBag from /home/vscode/.local/lib/python3.10/site-packages/airflow/example_dags/tutorial.py
[2025-08-15T15:19:37.705+0000] {processor.py:836} INFO - DAG(s) dict_keys(['tutorial']) retrieved from /home/vscode/.local/lib/python3.10/site-packages/airflow/example_dags/tutorial.py
[2025-08-15T15:19:37.717+0000] {logging_mixin.py:150} INFO - [2025-08-15T15:19:37.717+0000] {dag.py:2742} INFO - Sync 1 DAGs
[2025-08-15T15:19:37.731+0000] {logging_mixin.py:150} INFO - [2025-08-15T15:19:37.731+0000] {dag.py:3504} INFO - Setting next_dagrun for tutorial to 2025-08-14T15:19:37.731661+00:00, run_after=2025-08-15T15:19:37.731661+00:00
[2025-08-15T15:19:37.747+0000] {processor.py:179} INFO - Processing /home/vscode/.local/lib/python3.10/site-packages/airflow/example_dags/tutorial.py took 0.051 seconds
[2025-08-15T15:20:18.626+0000] {processor.py:157} INFO - Started process (PID=31149) to work on /home/vscode/.local/lib/python3.10/site-packages/airflow/example_dags/tutorial.py
[2025-08-15T15:20:18.627+0000] {processor.py:826} INFO - Processing file /home/vscode/.local/lib/python3.10/site-packages/airflow/example_dags/tutorial.py for tasks to queue
[2025-08-15T15:20:18.634+0000] {logging_mixin.py:150} INFO - [2025-08-15T15:20:18.627+0000] {dagbag.py:541} INFO - Filling up the DagBag from /home/vscode/.local/lib/python3.10/site-packages/airflow/example_dags/tutorial.py
[2025-08-15T15:20:18.666+0000] {processor.py:836} INFO - DAG(s) dict_keys(['tutorial']) retrieved from /home/vscode/.local/lib/python3.10/site-packages/airflow/example_dags/tutorial.py
[2025-08-15T15:20:18.743+0000] {logging_mixin.py:150} INFO - [2025-08-15T15:20:18.742+0000] {dag.py:2742} INFO - Sync 1 DAGs
[2025-08-15T15:20:18.824+0000] {logging_mixin.py:150} INFO - [2025-08-15T15:20:18.824+0000] {dag.py:3504} INFO - Setting next_dagrun for tutorial to 2025-08-14T15:20:18.818208+00:00, run_after=2025-08-15T15:20:18.818208+00:00
[2025-08-15T15:20:18.900+0000] {processor.py:179} INFO - Processing /home/vscode/.local/lib/python3.10/site-packages/airflow/example_dags/tutorial.py took 0.301 seconds
[2025-08-15T15:20:58.098+0000] {processor.py:157} INFO - Started process (PID=31663) to work on /home/vscode/.local/lib/python3.10/site-packages/airflow/example_dags/tutorial.py
[2025-08-15T15:20:58.099+0000] {processor.py:826} INFO - Processing file /home/vscode/.local/lib/python3.10/site-packages/airflow/example_dags/tutorial.py for tasks to queue
[2025-08-15T15:20:58.099+0000] {logging_mixin.py:150} INFO - [2025-08-15T15:20:58.099+0000] {dagbag.py:541} INFO - Filling up the DagBag from /home/vscode/.local/lib/python3.10/site-packages/airflow/example_dags/tutorial.py
[2025-08-15T15:20:58.104+0000] {processor.py:836} INFO - DAG(s) dict_keys(['tutorial']) retrieved from /home/vscode/.local/lib/python3.10/site-packages/airflow/example_dags/tutorial.py
[2025-08-15T15:20:58.116+0000] {logging_mixin.py:150} INFO - [2025-08-15T15:20:58.116+0000] {dag.py:2742} INFO - Sync 1 DAGs
[2025-08-15T15:20:58.131+0000] {logging_mixin.py:150} INFO - [2025-08-15T15:20:58.131+0000] {dag.py:3504} INFO - Setting next_dagrun for tutorial to 2025-08-14T15:20:58.131186+00:00, run_after=2025-08-15T15:20:58.131186+00:00
[2025-08-15T15:20:58.147+0000] {processor.py:179} INFO - Processing /home/vscode/.local/lib/python3.10/site-packages/airflow/example_dags/tutorial.py took 0.051 seconds
[2025-08-15T15:21:43.235+0000] {processor.py:157} INFO - Started process (PID=31995) to work on /home/vscode/.local/lib/python3.10/site-packages/airflow/example_dags/tutorial.py
[2025-08-15T15:21:43.236+0000] {processor.py:826} INFO - Processing file /home/vscode/.local/lib/python3.10/site-packages/airflow/example_dags/tutorial.py for tasks to queue
[2025-08-15T15:21:43.236+0000] {logging_mixin.py:150} INFO - [2025-08-15T15:21:43.236+0000] {dagbag.py:541} INFO - Filling up the DagBag from /home/vscode/.local/lib/python3.10/site-packages/airflow/example_dags/tutorial.py
[2025-08-15T15:21:43.242+0000] {processor.py:836} INFO - DAG(s) dict_keys(['tutorial']) retrieved from /home/vscode/.local/lib/python3.10/site-packages/airflow/example_dags/tutorial.py
[2025-08-15T15:21:43.254+0000] {logging_mixin.py:150} INFO - [2025-08-15T15:21:43.253+0000] {dag.py:2742} INFO - Sync 1 DAGs
[2025-08-15T15:21:43.271+0000] {logging_mixin.py:150} INFO - [2025-08-15T15:21:43.270+0000] {dag.py:3504} INFO - Setting next_dagrun for tutorial to 2025-08-14T15:21:43.270730+00:00, run_after=2025-08-15T15:21:43.270730+00:00
[2025-08-15T15:21:43.288+0000] {processor.py:179} INFO - Processing /home/vscode/.local/lib/python3.10/site-packages/airflow/example_dags/tutorial.py took 0.055 seconds
[2025-08-15T15:22:16.737+0000] {processor.py:157} INFO - Started process (PID=32305) to work on /home/vscode/.local/lib/python3.10/site-packages/airflow/example_dags/tutorial.py
[2025-08-15T15:22:16.738+0000] {processor.py:826} INFO - Processing file /home/vscode/.local/lib/python3.10/site-packages/airflow/example_dags/tutorial.py for tasks to queue
[2025-08-15T15:22:16.739+0000] {logging_mixin.py:150} INFO - [2025-08-15T15:22:16.739+0000] {dagbag.py:541} INFO - Filling up the DagBag from /home/vscode/.local/lib/python3.10/site-packages/airflow/example_dags/tutorial.py
[2025-08-15T15:22:16.748+0000] {processor.py:836} INFO - DAG(s) dict_keys(['tutorial']) retrieved from /home/vscode/.local/lib/python3.10/site-packages/airflow/example_dags/tutorial.py
[2025-08-15T15:22:16.766+0000] {logging_mixin.py:150} INFO - [2025-08-15T15:22:16.766+0000] {dag.py:2742} INFO - Sync 1 DAGs
[2025-08-15T15:22:16.786+0000] {logging_mixin.py:150} INFO - [2025-08-15T15:22:16.786+0000] {dag.py:3504} INFO - Setting next_dagrun for tutorial to 2025-08-14T15:22:16.785936+00:00, run_after=2025-08-15T15:22:16.785936+00:00
[2025-08-15T15:22:16.803+0000] {processor.py:179} INFO - Processing /home/vscode/.local/lib/python3.10/site-packages/airflow/example_dags/tutorial.py took 0.068 seconds
[2025-08-15T15:23:03.775+0000] {processor.py:157} INFO - Started process (PID=32752) to work on /home/vscode/.local/lib/python3.10/site-packages/airflow/example_dags/tutorial.py
[2025-08-15T15:23:03.776+0000] {processor.py:826} INFO - Processing file /home/vscode/.local/lib/python3.10/site-packages/airflow/example_dags/tutorial.py for tasks to queue
[2025-08-15T15:23:03.776+0000] {logging_mixin.py:150} INFO - [2025-08-15T15:23:03.776+0000] {dagbag.py:541} INFO - Filling up the DagBag from /home/vscode/.local/lib/python3.10/site-packages/airflow/example_dags/tutorial.py
[2025-08-15T15:23:03.781+0000] {processor.py:836} INFO - DAG(s) dict_keys(['tutorial']) retrieved from /home/vscode/.local/lib/python3.10/site-packages/airflow/example_dags/tutorial.py
[2025-08-15T15:23:03.792+0000] {logging_mixin.py:150} INFO - [2025-08-15T15:23:03.792+0000] {dag.py:2742} INFO - Sync 1 DAGs
[2025-08-15T15:23:03.807+0000] {logging_mixin.py:150} INFO - [2025-08-15T15:23:03.807+0000] {dag.py:3504} INFO - Setting next_dagrun for tutorial to 2025-08-14T15:23:03.807122+00:00, run_after=2025-08-15T15:23:03.807122+00:00
[2025-08-15T15:23:03.826+0000] {processor.py:179} INFO - Processing /home/vscode/.local/lib/python3.10/site-packages/airflow/example_dags/tutorial.py took 0.054 seconds
[2025-08-15T15:23:38.509+0000] {processor.py:157} INFO - Started process (PID=33192) to work on /home/vscode/.local/lib/python3.10/site-packages/airflow/example_dags/tutorial.py
[2025-08-15T15:23:38.510+0000] {processor.py:826} INFO - Processing file /home/vscode/.local/lib/python3.10/site-packages/airflow/example_dags/tutorial.py for tasks to queue
[2025-08-15T15:23:38.511+0000] {logging_mixin.py:150} INFO - [2025-08-15T15:23:38.510+0000] {dagbag.py:541} INFO - Filling up the DagBag from /home/vscode/.local/lib/python3.10/site-packages/airflow/example_dags/tutorial.py
[2025-08-15T15:23:38.516+0000] {processor.py:836} INFO - DAG(s) dict_keys(['tutorial']) retrieved from /home/vscode/.local/lib/python3.10/site-packages/airflow/example_dags/tutorial.py
[2025-08-15T15:23:38.528+0000] {logging_mixin.py:150} INFO - [2025-08-15T15:23:38.528+0000] {dag.py:2742} INFO - Sync 1 DAGs
[2025-08-15T15:23:38.543+0000] {logging_mixin.py:150} INFO - [2025-08-15T15:23:38.543+0000] {dag.py:3504} INFO - Setting next_dagrun for tutorial to 2025-08-14T15:23:38.543397+00:00, run_after=2025-08-15T15:23:38.543397+00:00
[2025-08-15T15:23:38.560+0000] {processor.py:179} INFO - Processing /home/vscode/.local/lib/python3.10/site-packages/airflow/example_dags/tutorial.py took 0.053 seconds
[2025-08-15T15:24:21.648+0000] {processor.py:157} INFO - Started process (PID=33657) to work on /home/vscode/.local/lib/python3.10/site-packages/airflow/example_dags/tutorial.py
[2025-08-15T15:24:21.649+0000] {processor.py:826} INFO - Processing file /home/vscode/.local/lib/python3.10/site-packages/airflow/example_dags/tutorial.py for tasks to queue
[2025-08-15T15:24:21.650+0000] {logging_mixin.py:150} INFO - [2025-08-15T15:24:21.649+0000] {dagbag.py:541} INFO - Filling up the DagBag from /home/vscode/.local/lib/python3.10/site-packages/airflow/example_dags/tutorial.py
[2025-08-15T15:24:21.655+0000] {processor.py:836} INFO - DAG(s) dict_keys(['tutorial']) retrieved from /home/vscode/.local/lib/python3.10/site-packages/airflow/example_dags/tutorial.py
[2025-08-15T15:24:21.666+0000] {logging_mixin.py:150} INFO - [2025-08-15T15:24:21.666+0000] {dag.py:2742} INFO - Sync 1 DAGs
[2025-08-15T15:24:21.681+0000] {logging_mixin.py:150} INFO - [2025-08-15T15:24:21.681+0000] {dag.py:3504} INFO - Setting next_dagrun for tutorial to 2025-08-14T15:24:21.681117+00:00, run_after=2025-08-15T15:24:21.681117+00:00
[2025-08-15T15:24:21.697+0000] {processor.py:179} INFO - Processing /home/vscode/.local/lib/python3.10/site-packages/airflow/example_dags/tutorial.py took 0.051 seconds
[2025-08-15T15:25:04.795+0000] {processor.py:157} INFO - Started process (PID=34127) to work on /home/vscode/.local/lib/python3.10/site-packages/airflow/example_dags/tutorial.py
[2025-08-15T15:25:04.795+0000] {processor.py:826} INFO - Processing file /home/vscode/.local/lib/python3.10/site-packages/airflow/example_dags/tutorial.py for tasks to queue
[2025-08-15T15:25:04.796+0000] {logging_mixin.py:150} INFO - [2025-08-15T15:25:04.796+0000] {dagbag.py:541} INFO - Filling up the DagBag from /home/vscode/.local/lib/python3.10/site-packages/airflow/example_dags/tutorial.py
[2025-08-15T15:25:04.801+0000] {processor.py:836} INFO - DAG(s) dict_keys(['tutorial']) retrieved from /home/vscode/.local/lib/python3.10/site-packages/airflow/example_dags/tutorial.py
[2025-08-15T15:25:04.816+0000] {logging_mixin.py:150} INFO - [2025-08-15T15:25:04.815+0000] {dag.py:2742} INFO - Sync 1 DAGs
[2025-08-15T15:25:04.831+0000] {logging_mixin.py:150} INFO - [2025-08-15T15:25:04.831+0000] {dag.py:3504} INFO - Setting next_dagrun for tutorial to 2025-08-14T15:25:04.831615+00:00, run_after=2025-08-15T15:25:04.831615+00:00
[2025-08-15T15:25:04.851+0000] {processor.py:179} INFO - Processing /home/vscode/.local/lib/python3.10/site-packages/airflow/example_dags/tutorial.py took 0.059 seconds
[2025-08-15T15:25:39.095+0000] {processor.py:157} INFO - Started process (PID=34373) to work on /home/vscode/.local/lib/python3.10/site-packages/airflow/example_dags/tutorial.py
[2025-08-15T15:25:39.096+0000] {processor.py:826} INFO - Processing file /home/vscode/.local/lib/python3.10/site-packages/airflow/example_dags/tutorial.py for tasks to queue
[2025-08-15T15:25:39.097+0000] {logging_mixin.py:150} INFO - [2025-08-15T15:25:39.096+0000] {dagbag.py:541} INFO - Filling up the DagBag from /home/vscode/.local/lib/python3.10/site-packages/airflow/example_dags/tutorial.py
[2025-08-15T15:25:39.102+0000] {processor.py:836} INFO - DAG(s) dict_keys(['tutorial']) retrieved from /home/vscode/.local/lib/python3.10/site-packages/airflow/example_dags/tutorial.py
[2025-08-15T15:25:39.113+0000] {logging_mixin.py:150} INFO - [2025-08-15T15:25:39.113+0000] {dag.py:2742} INFO - Sync 1 DAGs
[2025-08-15T15:25:39.128+0000] {logging_mixin.py:150} INFO - [2025-08-15T15:25:39.128+0000] {dag.py:3504} INFO - Setting next_dagrun for tutorial to 2025-08-14T15:25:39.128483+00:00, run_after=2025-08-15T15:25:39.128483+00:00
[2025-08-15T15:25:39.144+0000] {processor.py:179} INFO - Processing /home/vscode/.local/lib/python3.10/site-packages/airflow/example_dags/tutorial.py took 0.052 seconds
[2025-08-15T15:26:24.926+0000] {processor.py:157} INFO - Started process (PID=34742) to work on /home/vscode/.local/lib/python3.10/site-packages/airflow/example_dags/tutorial.py
[2025-08-15T15:26:24.927+0000] {processor.py:826} INFO - Processing file /home/vscode/.local/lib/python3.10/site-packages/airflow/example_dags/tutorial.py for tasks to queue
[2025-08-15T15:26:24.927+0000] {logging_mixin.py:150} INFO - [2025-08-15T15:26:24.927+0000] {dagbag.py:541} INFO - Filling up the DagBag from /home/vscode/.local/lib/python3.10/site-packages/airflow/example_dags/tutorial.py
[2025-08-15T15:26:24.932+0000] {processor.py:836} INFO - DAG(s) dict_keys(['tutorial']) retrieved from /home/vscode/.local/lib/python3.10/site-packages/airflow/example_dags/tutorial.py
[2025-08-15T15:26:24.944+0000] {logging_mixin.py:150} INFO - [2025-08-15T15:26:24.944+0000] {dag.py:2742} INFO - Sync 1 DAGs
[2025-08-15T15:26:24.959+0000] {logging_mixin.py:150} INFO - [2025-08-15T15:26:24.958+0000] {dag.py:3504} INFO - Setting next_dagrun for tutorial to 2025-08-14T15:26:24.958734+00:00, run_after=2025-08-15T15:26:24.958734+00:00
[2025-08-15T15:26:24.974+0000] {processor.py:179} INFO - Processing /home/vscode/.local/lib/python3.10/site-packages/airflow/example_dags/tutorial.py took 0.051 seconds
[2025-08-15T15:27:12.924+0000] {processor.py:157} INFO - Started process (PID=35177) to work on /home/vscode/.local/lib/python3.10/site-packages/airflow/example_dags/tutorial.py
[2025-08-15T15:27:12.924+0000] {processor.py:826} INFO - Processing file /home/vscode/.local/lib/python3.10/site-packages/airflow/example_dags/tutorial.py for tasks to queue
[2025-08-15T15:27:12.925+0000] {logging_mixin.py:150} INFO - [2025-08-15T15:27:12.925+0000] {dagbag.py:541} INFO - Filling up the DagBag from /home/vscode/.local/lib/python3.10/site-packages/airflow/example_dags/tutorial.py
[2025-08-15T15:27:12.930+0000] {processor.py:836} INFO - DAG(s) dict_keys(['tutorial']) retrieved from /home/vscode/.local/lib/python3.10/site-packages/airflow/example_dags/tutorial.py
[2025-08-15T15:27:12.944+0000] {logging_mixin.py:150} INFO - [2025-08-15T15:27:12.943+0000] {dag.py:2742} INFO - Sync 1 DAGs
[2025-08-15T15:27:12.981+0000] {logging_mixin.py:150} INFO - [2025-08-15T15:27:12.979+0000] {dag.py:3504} INFO - Setting next_dagrun for tutorial to 2025-08-14T15:27:12.979029+00:00, run_after=2025-08-15T15:27:12.979029+00:00
[2025-08-15T15:27:13.006+0000] {processor.py:179} INFO - Processing /home/vscode/.local/lib/python3.10/site-packages/airflow/example_dags/tutorial.py took 0.085 seconds
