[2025-08-15T15:14:19.601+0000] {processor.py:157} INFO - Started process (PID=26954) to work on /home/vscode/.local/lib/python3.10/site-packages/airflow/example_dags/tutorial_dag.py
[2025-08-15T15:14:19.602+0000] {processor.py:826} INFO - Processing file /home/vscode/.local/lib/python3.10/site-packages/airflow/example_dags/tutorial_dag.py for tasks to queue
[2025-08-15T15:14:19.602+0000] {logging_mixin.py:150} INFO - [2025-08-15T15:14:19.602+0000] {dagbag.py:541} INFO - Filling up the DagBag from /home/vscode/.local/lib/python3.10/site-packages/airflow/example_dags/tutorial_dag.py
[2025-08-15T15:14:19.610+0000] {processor.py:836} INFO - DAG(s) dict_keys(['tutorial_dag']) retrieved from /home/vscode/.local/lib/python3.10/site-packages/airflow/example_dags/tutorial_dag.py
[2025-08-15T15:14:19.697+0000] {logging_mixin.py:150} INFO - [2025-08-15T15:14:19.697+0000] {manager.py:504} INFO - Created Permission View: can read on DAG:tutorial_dag
[2025-08-15T15:14:19.706+0000] {logging_mixin.py:150} INFO - [2025-08-15T15:14:19.706+0000] {manager.py:504} INFO - Created Permission View: can delete on DAG:tutorial_dag
[2025-08-15T15:14:19.713+0000] {logging_mixin.py:150} INFO - [2025-08-15T15:14:19.713+0000] {manager.py:504} INFO - Created Permission View: can edit on DAG:tutorial_dag
[2025-08-15T15:14:19.722+0000] {logging_mixin.py:150} INFO - [2025-08-15T15:14:19.721+0000] {dag.py:2742} INFO - Sync 1 DAGs
[2025-08-15T15:14:19.730+0000] {logging_mixin.py:150} INFO - [2025-08-15T15:14:19.729+0000] {dag.py:2763} INFO - Creating ORM DAG for tutorial_dag
[2025-08-15T15:14:19.738+0000] {logging_mixin.py:150} INFO - [2025-08-15T15:14:19.738+0000] {dag.py:3504} INFO - Setting next_dagrun for tutorial_dag to None, run_after=None
[2025-08-15T15:14:19.755+0000] {processor.py:179} INFO - Processing /home/vscode/.local/lib/python3.10/site-packages/airflow/example_dags/tutorial_dag.py took 0.156 seconds
[2025-08-15T15:15:11.670+0000] {processor.py:157} INFO - Started process (PID=27519) to work on /home/vscode/.local/lib/python3.10/site-packages/airflow/example_dags/tutorial_dag.py
[2025-08-15T15:15:11.671+0000] {processor.py:826} INFO - Processing file /home/vscode/.local/lib/python3.10/site-packages/airflow/example_dags/tutorial_dag.py for tasks to queue
[2025-08-15T15:15:11.672+0000] {logging_mixin.py:150} INFO - [2025-08-15T15:15:11.671+0000] {dagbag.py:541} INFO - Filling up the DagBag from /home/vscode/.local/lib/python3.10/site-packages/airflow/example_dags/tutorial_dag.py
[2025-08-15T15:15:11.677+0000] {processor.py:836} INFO - DAG(s) dict_keys(['tutorial_dag']) retrieved from /home/vscode/.local/lib/python3.10/site-packages/airflow/example_dags/tutorial_dag.py
[2025-08-15T15:15:11.694+0000] {logging_mixin.py:150} INFO - [2025-08-15T15:15:11.693+0000] {dag.py:2742} INFO - Sync 1 DAGs
[2025-08-15T15:15:11.711+0000] {logging_mixin.py:150} INFO - [2025-08-15T15:15:11.710+0000] {dag.py:3504} INFO - Setting next_dagrun for tutorial_dag to None, run_after=None
[2025-08-15T15:15:11.730+0000] {processor.py:179} INFO - Processing /home/vscode/.local/lib/python3.10/site-packages/airflow/example_dags/tutorial_dag.py took 0.063 seconds
[2025-08-15T15:15:48.701+0000] {processor.py:157} INFO - Started process (PID=27835) to work on /home/vscode/.local/lib/python3.10/site-packages/airflow/example_dags/tutorial_dag.py
[2025-08-15T15:15:48.701+0000] {processor.py:826} INFO - Processing file /home/vscode/.local/lib/python3.10/site-packages/airflow/example_dags/tutorial_dag.py for tasks to queue
[2025-08-15T15:15:48.702+0000] {logging_mixin.py:150} INFO - [2025-08-15T15:15:48.702+0000] {dagbag.py:541} INFO - Filling up the DagBag from /home/vscode/.local/lib/python3.10/site-packages/airflow/example_dags/tutorial_dag.py
[2025-08-15T15:15:48.706+0000] {processor.py:836} INFO - DAG(s) dict_keys(['tutorial_dag']) retrieved from /home/vscode/.local/lib/python3.10/site-packages/airflow/example_dags/tutorial_dag.py
[2025-08-15T15:15:48.718+0000] {logging_mixin.py:150} INFO - [2025-08-15T15:15:48.718+0000] {dag.py:2742} INFO - Sync 1 DAGs
[2025-08-15T15:15:48.733+0000] {logging_mixin.py:150} INFO - [2025-08-15T15:15:48.733+0000] {dag.py:3504} INFO - Setting next_dagrun for tutorial_dag to None, run_after=None
[2025-08-15T15:15:48.749+0000] {processor.py:179} INFO - Processing /home/vscode/.local/lib/python3.10/site-packages/airflow/example_dags/tutorial_dag.py took 0.051 seconds
[2025-08-15T15:16:33.957+0000] {processor.py:157} INFO - Started process (PID=28396) to work on /home/vscode/.local/lib/python3.10/site-packages/airflow/example_dags/tutorial_dag.py
[2025-08-15T15:16:33.958+0000] {processor.py:826} INFO - Processing file /home/vscode/.local/lib/python3.10/site-packages/airflow/example_dags/tutorial_dag.py for tasks to queue
[2025-08-15T15:16:33.958+0000] {logging_mixin.py:150} INFO - [2025-08-15T15:16:33.958+0000] {dagbag.py:541} INFO - Filling up the DagBag from /home/vscode/.local/lib/python3.10/site-packages/airflow/example_dags/tutorial_dag.py
[2025-08-15T15:16:33.963+0000] {processor.py:836} INFO - DAG(s) dict_keys(['tutorial_dag']) retrieved from /home/vscode/.local/lib/python3.10/site-packages/airflow/example_dags/tutorial_dag.py
[2025-08-15T15:16:33.975+0000] {logging_mixin.py:150} INFO - [2025-08-15T15:16:33.975+0000] {dag.py:2742} INFO - Sync 1 DAGs
[2025-08-15T15:16:33.990+0000] {logging_mixin.py:150} INFO - [2025-08-15T15:16:33.990+0000] {dag.py:3504} INFO - Setting next_dagrun for tutorial_dag to None, run_after=None
[2025-08-15T15:16:34.008+0000] {processor.py:179} INFO - Processing /home/vscode/.local/lib/python3.10/site-packages/airflow/example_dags/tutorial_dag.py took 0.054 seconds
[2025-08-15T15:17:10.968+0000] {processor.py:157} INFO - Started process (PID=28772) to work on /home/vscode/.local/lib/python3.10/site-packages/airflow/example_dags/tutorial_dag.py
[2025-08-15T15:17:10.969+0000] {processor.py:826} INFO - Processing file /home/vscode/.local/lib/python3.10/site-packages/airflow/example_dags/tutorial_dag.py for tasks to queue
[2025-08-15T15:17:10.969+0000] {logging_mixin.py:150} INFO - [2025-08-15T15:17:10.969+0000] {dagbag.py:541} INFO - Filling up the DagBag from /home/vscode/.local/lib/python3.10/site-packages/airflow/example_dags/tutorial_dag.py
[2025-08-15T15:17:10.974+0000] {processor.py:836} INFO - DAG(s) dict_keys(['tutorial_dag']) retrieved from /home/vscode/.local/lib/python3.10/site-packages/airflow/example_dags/tutorial_dag.py
[2025-08-15T15:17:10.986+0000] {logging_mixin.py:150} INFO - [2025-08-15T15:17:10.986+0000] {dag.py:2742} INFO - Sync 1 DAGs
[2025-08-15T15:17:11.006+0000] {logging_mixin.py:150} INFO - [2025-08-15T15:17:11.005+0000] {dag.py:3504} INFO - Setting next_dagrun for tutorial_dag to None, run_after=None
[2025-08-15T15:17:11.022+0000] {processor.py:179} INFO - Processing /home/vscode/.local/lib/python3.10/site-packages/airflow/example_dags/tutorial_dag.py took 0.056 seconds
[2025-08-15T15:17:55.986+0000] {processor.py:157} INFO - Started process (PID=29183) to work on /home/vscode/.local/lib/python3.10/site-packages/airflow/example_dags/tutorial_dag.py
[2025-08-15T15:17:55.987+0000] {processor.py:826} INFO - Processing file /home/vscode/.local/lib/python3.10/site-packages/airflow/example_dags/tutorial_dag.py for tasks to queue
[2025-08-15T15:17:55.987+0000] {logging_mixin.py:150} INFO - [2025-08-15T15:17:55.987+0000] {dagbag.py:541} INFO - Filling up the DagBag from /home/vscode/.local/lib/python3.10/site-packages/airflow/example_dags/tutorial_dag.py
[2025-08-15T15:17:55.991+0000] {processor.py:836} INFO - DAG(s) dict_keys(['tutorial_dag']) retrieved from /home/vscode/.local/lib/python3.10/site-packages/airflow/example_dags/tutorial_dag.py
[2025-08-15T15:17:56.003+0000] {logging_mixin.py:150} INFO - [2025-08-15T15:17:56.003+0000] {dag.py:2742} INFO - Sync 1 DAGs
[2025-08-15T15:17:56.017+0000] {logging_mixin.py:150} INFO - [2025-08-15T15:17:56.017+0000] {dag.py:3504} INFO - Setting next_dagrun for tutorial_dag to None, run_after=None
[2025-08-15T15:17:56.033+0000] {processor.py:179} INFO - Processing /home/vscode/.local/lib/python3.10/site-packages/airflow/example_dags/tutorial_dag.py took 0.049 seconds
[2025-08-15T15:18:42.248+0000] {processor.py:157} INFO - Started process (PID=29485) to work on /home/vscode/.local/lib/python3.10/site-packages/airflow/example_dags/tutorial_dag.py
[2025-08-15T15:18:42.249+0000] {processor.py:826} INFO - Processing file /home/vscode/.local/lib/python3.10/site-packages/airflow/example_dags/tutorial_dag.py for tasks to queue
[2025-08-15T15:18:42.249+0000] {logging_mixin.py:150} INFO - [2025-08-15T15:18:42.249+0000] {dagbag.py:541} INFO - Filling up the DagBag from /home/vscode/.local/lib/python3.10/site-packages/airflow/example_dags/tutorial_dag.py
[2025-08-15T15:18:42.253+0000] {processor.py:836} INFO - DAG(s) dict_keys(['tutorial_dag']) retrieved from /home/vscode/.local/lib/python3.10/site-packages/airflow/example_dags/tutorial_dag.py
[2025-08-15T15:18:42.266+0000] {logging_mixin.py:150} INFO - [2025-08-15T15:18:42.266+0000] {dag.py:2742} INFO - Sync 1 DAGs
[2025-08-15T15:18:42.282+0000] {logging_mixin.py:150} INFO - [2025-08-15T15:18:42.281+0000] {dag.py:3504} INFO - Setting next_dagrun for tutorial_dag to None, run_after=None
[2025-08-15T15:18:42.298+0000] {processor.py:179} INFO - Processing /home/vscode/.local/lib/python3.10/site-packages/airflow/example_dags/tutorial_dag.py took 0.052 seconds
[2025-08-15T15:19:23.367+0000] {processor.py:157} INFO - Started process (PID=29774) to work on /home/vscode/.local/lib/python3.10/site-packages/airflow/example_dags/tutorial_dag.py
[2025-08-15T15:19:23.368+0000] {processor.py:826} INFO - Processing file /home/vscode/.local/lib/python3.10/site-packages/airflow/example_dags/tutorial_dag.py for tasks to queue
[2025-08-15T15:19:23.368+0000] {logging_mixin.py:150} INFO - [2025-08-15T15:19:23.368+0000] {dagbag.py:541} INFO - Filling up the DagBag from /home/vscode/.local/lib/python3.10/site-packages/airflow/example_dags/tutorial_dag.py
[2025-08-15T15:19:23.372+0000] {processor.py:836} INFO - DAG(s) dict_keys(['tutorial_dag']) retrieved from /home/vscode/.local/lib/python3.10/site-packages/airflow/example_dags/tutorial_dag.py
[2025-08-15T15:19:23.384+0000] {logging_mixin.py:150} INFO - [2025-08-15T15:19:23.384+0000] {dag.py:2742} INFO - Sync 1 DAGs
[2025-08-15T15:19:23.398+0000] {logging_mixin.py:150} INFO - [2025-08-15T15:19:23.398+0000] {dag.py:3504} INFO - Setting next_dagrun for tutorial_dag to None, run_after=None
[2025-08-15T15:19:23.414+0000] {processor.py:179} INFO - Processing /home/vscode/.local/lib/python3.10/site-packages/airflow/example_dags/tutorial_dag.py took 0.049 seconds
[2025-08-15T15:20:12.257+0000] {processor.py:157} INFO - Started process (PID=30829) to work on /home/vscode/.local/lib/python3.10/site-packages/airflow/example_dags/tutorial_dag.py
[2025-08-15T15:20:12.259+0000] {processor.py:826} INFO - Processing file /home/vscode/.local/lib/python3.10/site-packages/airflow/example_dags/tutorial_dag.py for tasks to queue
[2025-08-15T15:20:12.262+0000] {logging_mixin.py:150} INFO - [2025-08-15T15:20:12.261+0000] {dagbag.py:541} INFO - Filling up the DagBag from /home/vscode/.local/lib/python3.10/site-packages/airflow/example_dags/tutorial_dag.py
[2025-08-15T15:20:12.271+0000] {processor.py:836} INFO - DAG(s) dict_keys(['tutorial_dag']) retrieved from /home/vscode/.local/lib/python3.10/site-packages/airflow/example_dags/tutorial_dag.py
[2025-08-15T15:20:12.316+0000] {logging_mixin.py:150} INFO - [2025-08-15T15:20:12.316+0000] {dag.py:2742} INFO - Sync 1 DAGs
[2025-08-15T15:20:12.395+0000] {logging_mixin.py:150} INFO - [2025-08-15T15:20:12.395+0000] {dag.py:3504} INFO - Setting next_dagrun for tutorial_dag to None, run_after=None
[2025-08-15T15:20:12.464+0000] {processor.py:179} INFO - Processing /home/vscode/.local/lib/python3.10/site-packages/airflow/example_dags/tutorial_dag.py took 0.214 seconds
[2025-08-15T15:20:54.110+0000] {processor.py:157} INFO - Started process (PID=31637) to work on /home/vscode/.local/lib/python3.10/site-packages/airflow/example_dags/tutorial_dag.py
[2025-08-15T15:20:54.111+0000] {processor.py:826} INFO - Processing file /home/vscode/.local/lib/python3.10/site-packages/airflow/example_dags/tutorial_dag.py for tasks to queue
[2025-08-15T15:20:54.111+0000] {logging_mixin.py:150} INFO - [2025-08-15T15:20:54.111+0000] {dagbag.py:541} INFO - Filling up the DagBag from /home/vscode/.local/lib/python3.10/site-packages/airflow/example_dags/tutorial_dag.py
[2025-08-15T15:20:54.115+0000] {processor.py:836} INFO - DAG(s) dict_keys(['tutorial_dag']) retrieved from /home/vscode/.local/lib/python3.10/site-packages/airflow/example_dags/tutorial_dag.py
[2025-08-15T15:20:54.129+0000] {logging_mixin.py:150} INFO - [2025-08-15T15:20:54.129+0000] {dag.py:2742} INFO - Sync 1 DAGs
[2025-08-15T15:20:54.145+0000] {logging_mixin.py:150} INFO - [2025-08-15T15:20:54.145+0000] {dag.py:3504} INFO - Setting next_dagrun for tutorial_dag to None, run_after=None
[2025-08-15T15:20:54.164+0000] {processor.py:179} INFO - Processing /home/vscode/.local/lib/python3.10/site-packages/airflow/example_dags/tutorial_dag.py took 0.057 seconds
[2025-08-15T15:21:39.227+0000] {processor.py:157} INFO - Started process (PID=31975) to work on /home/vscode/.local/lib/python3.10/site-packages/airflow/example_dags/tutorial_dag.py
[2025-08-15T15:21:39.227+0000] {processor.py:826} INFO - Processing file /home/vscode/.local/lib/python3.10/site-packages/airflow/example_dags/tutorial_dag.py for tasks to queue
[2025-08-15T15:21:39.228+0000] {logging_mixin.py:150} INFO - [2025-08-15T15:21:39.228+0000] {dagbag.py:541} INFO - Filling up the DagBag from /home/vscode/.local/lib/python3.10/site-packages/airflow/example_dags/tutorial_dag.py
[2025-08-15T15:21:39.232+0000] {processor.py:836} INFO - DAG(s) dict_keys(['tutorial_dag']) retrieved from /home/vscode/.local/lib/python3.10/site-packages/airflow/example_dags/tutorial_dag.py
[2025-08-15T15:21:39.244+0000] {logging_mixin.py:150} INFO - [2025-08-15T15:21:39.244+0000] {dag.py:2742} INFO - Sync 1 DAGs
[2025-08-15T15:21:39.258+0000] {logging_mixin.py:150} INFO - [2025-08-15T15:21:39.258+0000] {dag.py:3504} INFO - Setting next_dagrun for tutorial_dag to None, run_after=None
[2025-08-15T15:21:39.274+0000] {processor.py:179} INFO - Processing /home/vscode/.local/lib/python3.10/site-packages/airflow/example_dags/tutorial_dag.py took 0.050 seconds
[2025-08-15T15:22:13.925+0000] {processor.py:157} INFO - Started process (PID=32277) to work on /home/vscode/.local/lib/python3.10/site-packages/airflow/example_dags/tutorial_dag.py
[2025-08-15T15:22:13.926+0000] {processor.py:826} INFO - Processing file /home/vscode/.local/lib/python3.10/site-packages/airflow/example_dags/tutorial_dag.py for tasks to queue
[2025-08-15T15:22:13.927+0000] {logging_mixin.py:150} INFO - [2025-08-15T15:22:13.926+0000] {dagbag.py:541} INFO - Filling up the DagBag from /home/vscode/.local/lib/python3.10/site-packages/airflow/example_dags/tutorial_dag.py
[2025-08-15T15:22:13.930+0000] {processor.py:836} INFO - DAG(s) dict_keys(['tutorial_dag']) retrieved from /home/vscode/.local/lib/python3.10/site-packages/airflow/example_dags/tutorial_dag.py
[2025-08-15T15:22:13.942+0000] {logging_mixin.py:150} INFO - [2025-08-15T15:22:13.942+0000] {dag.py:2742} INFO - Sync 1 DAGs
[2025-08-15T15:22:13.958+0000] {logging_mixin.py:150} INFO - [2025-08-15T15:22:13.957+0000] {dag.py:3504} INFO - Setting next_dagrun for tutorial_dag to None, run_after=None
[2025-08-15T15:22:13.973+0000] {processor.py:179} INFO - Processing /home/vscode/.local/lib/python3.10/site-packages/airflow/example_dags/tutorial_dag.py took 0.050 seconds
[2025-08-15T15:22:45.889+0000] {processor.py:157} INFO - Started process (PID=32555) to work on /home/vscode/.local/lib/python3.10/site-packages/airflow/example_dags/tutorial_dag.py
[2025-08-15T15:22:45.889+0000] {processor.py:826} INFO - Processing file /home/vscode/.local/lib/python3.10/site-packages/airflow/example_dags/tutorial_dag.py for tasks to queue
[2025-08-15T15:22:45.891+0000] {logging_mixin.py:150} INFO - [2025-08-15T15:22:45.890+0000] {dagbag.py:541} INFO - Filling up the DagBag from /home/vscode/.local/lib/python3.10/site-packages/airflow/example_dags/tutorial_dag.py
[2025-08-15T15:22:45.897+0000] {processor.py:836} INFO - DAG(s) dict_keys(['tutorial_dag']) retrieved from /home/vscode/.local/lib/python3.10/site-packages/airflow/example_dags/tutorial_dag.py
[2025-08-15T15:22:45.913+0000] {logging_mixin.py:150} INFO - [2025-08-15T15:22:45.913+0000] {dag.py:2742} INFO - Sync 1 DAGs
[2025-08-15T15:22:45.934+0000] {logging_mixin.py:150} INFO - [2025-08-15T15:22:45.934+0000] {dag.py:3504} INFO - Setting next_dagrun for tutorial_dag to None, run_after=None
[2025-08-15T15:22:45.958+0000] {processor.py:179} INFO - Processing /home/vscode/.local/lib/python3.10/site-packages/airflow/example_dags/tutorial_dag.py took 0.073 seconds
[2025-08-15T15:23:20.788+0000] {processor.py:157} INFO - Started process (PID=32983) to work on /home/vscode/.local/lib/python3.10/site-packages/airflow/example_dags/tutorial_dag.py
[2025-08-15T15:23:20.789+0000] {processor.py:826} INFO - Processing file /home/vscode/.local/lib/python3.10/site-packages/airflow/example_dags/tutorial_dag.py for tasks to queue
[2025-08-15T15:23:20.790+0000] {logging_mixin.py:150} INFO - [2025-08-15T15:23:20.790+0000] {dagbag.py:541} INFO - Filling up the DagBag from /home/vscode/.local/lib/python3.10/site-packages/airflow/example_dags/tutorial_dag.py
[2025-08-15T15:23:20.794+0000] {processor.py:836} INFO - DAG(s) dict_keys(['tutorial_dag']) retrieved from /home/vscode/.local/lib/python3.10/site-packages/airflow/example_dags/tutorial_dag.py
[2025-08-15T15:23:20.807+0000] {logging_mixin.py:150} INFO - [2025-08-15T15:23:20.807+0000] {dag.py:2742} INFO - Sync 1 DAGs
[2025-08-15T15:23:20.823+0000] {logging_mixin.py:150} INFO - [2025-08-15T15:23:20.822+0000] {dag.py:3504} INFO - Setting next_dagrun for tutorial_dag to None, run_after=None
[2025-08-15T15:23:20.840+0000] {processor.py:179} INFO - Processing /home/vscode/.local/lib/python3.10/site-packages/airflow/example_dags/tutorial_dag.py took 0.053 seconds
[2025-08-15T15:24:07.318+0000] {processor.py:157} INFO - Started process (PID=33506) to work on /home/vscode/.local/lib/python3.10/site-packages/airflow/example_dags/tutorial_dag.py
[2025-08-15T15:24:07.321+0000] {processor.py:826} INFO - Processing file /home/vscode/.local/lib/python3.10/site-packages/airflow/example_dags/tutorial_dag.py for tasks to queue
[2025-08-15T15:24:07.322+0000] {logging_mixin.py:150} INFO - [2025-08-15T15:24:07.322+0000] {dagbag.py:541} INFO - Filling up the DagBag from /home/vscode/.local/lib/python3.10/site-packages/airflow/example_dags/tutorial_dag.py
[2025-08-15T15:24:07.333+0000] {processor.py:836} INFO - DAG(s) dict_keys(['tutorial_dag']) retrieved from /home/vscode/.local/lib/python3.10/site-packages/airflow/example_dags/tutorial_dag.py
[2025-08-15T15:24:07.417+0000] {logging_mixin.py:150} INFO - [2025-08-15T15:24:07.416+0000] {dag.py:2742} INFO - Sync 1 DAGs
[2025-08-15T15:24:07.451+0000] {logging_mixin.py:150} INFO - [2025-08-15T15:24:07.451+0000] {dag.py:3504} INFO - Setting next_dagrun for tutorial_dag to None, run_after=None
[2025-08-15T15:24:07.484+0000] {processor.py:179} INFO - Processing /home/vscode/.local/lib/python3.10/site-packages/airflow/example_dags/tutorial_dag.py took 0.171 seconds
[2025-08-15T15:24:49.650+0000] {processor.py:157} INFO - Started process (PID=33983) to work on /home/vscode/.local/lib/python3.10/site-packages/airflow/example_dags/tutorial_dag.py
[2025-08-15T15:24:49.651+0000] {processor.py:826} INFO - Processing file /home/vscode/.local/lib/python3.10/site-packages/airflow/example_dags/tutorial_dag.py for tasks to queue
[2025-08-15T15:24:49.651+0000] {logging_mixin.py:150} INFO - [2025-08-15T15:24:49.651+0000] {dagbag.py:541} INFO - Filling up the DagBag from /home/vscode/.local/lib/python3.10/site-packages/airflow/example_dags/tutorial_dag.py
[2025-08-15T15:24:49.655+0000] {processor.py:836} INFO - DAG(s) dict_keys(['tutorial_dag']) retrieved from /home/vscode/.local/lib/python3.10/site-packages/airflow/example_dags/tutorial_dag.py
[2025-08-15T15:24:49.668+0000] {logging_mixin.py:150} INFO - [2025-08-15T15:24:49.668+0000] {dag.py:2742} INFO - Sync 1 DAGs
[2025-08-15T15:24:49.684+0000] {logging_mixin.py:150} INFO - [2025-08-15T15:24:49.684+0000] {dag.py:3504} INFO - Setting next_dagrun for tutorial_dag to None, run_after=None
[2025-08-15T15:24:49.701+0000] {processor.py:179} INFO - Processing /home/vscode/.local/lib/python3.10/site-packages/airflow/example_dags/tutorial_dag.py took 0.054 seconds
[2025-08-15T15:25:35.071+0000] {processor.py:157} INFO - Started process (PID=34333) to work on /home/vscode/.local/lib/python3.10/site-packages/airflow/example_dags/tutorial_dag.py
[2025-08-15T15:25:35.072+0000] {processor.py:826} INFO - Processing file /home/vscode/.local/lib/python3.10/site-packages/airflow/example_dags/tutorial_dag.py for tasks to queue
[2025-08-15T15:25:35.072+0000] {logging_mixin.py:150} INFO - [2025-08-15T15:25:35.072+0000] {dagbag.py:541} INFO - Filling up the DagBag from /home/vscode/.local/lib/python3.10/site-packages/airflow/example_dags/tutorial_dag.py
[2025-08-15T15:25:35.077+0000] {processor.py:836} INFO - DAG(s) dict_keys(['tutorial_dag']) retrieved from /home/vscode/.local/lib/python3.10/site-packages/airflow/example_dags/tutorial_dag.py
[2025-08-15T15:25:35.088+0000] {logging_mixin.py:150} INFO - [2025-08-15T15:25:35.088+0000] {dag.py:2742} INFO - Sync 1 DAGs
[2025-08-15T15:25:35.103+0000] {logging_mixin.py:150} INFO - [2025-08-15T15:25:35.103+0000] {dag.py:3504} INFO - Setting next_dagrun for tutorial_dag to None, run_after=None
[2025-08-15T15:25:35.119+0000] {processor.py:179} INFO - Processing /home/vscode/.local/lib/python3.10/site-packages/airflow/example_dags/tutorial_dag.py took 0.050 seconds
[2025-08-15T15:26:08.744+0000] {processor.py:157} INFO - Started process (PID=34644) to work on /home/vscode/.local/lib/python3.10/site-packages/airflow/example_dags/tutorial_dag.py
[2025-08-15T15:26:08.744+0000] {processor.py:826} INFO - Processing file /home/vscode/.local/lib/python3.10/site-packages/airflow/example_dags/tutorial_dag.py for tasks to queue
[2025-08-15T15:26:08.745+0000] {logging_mixin.py:150} INFO - [2025-08-15T15:26:08.745+0000] {dagbag.py:541} INFO - Filling up the DagBag from /home/vscode/.local/lib/python3.10/site-packages/airflow/example_dags/tutorial_dag.py
[2025-08-15T15:26:08.749+0000] {processor.py:836} INFO - DAG(s) dict_keys(['tutorial_dag']) retrieved from /home/vscode/.local/lib/python3.10/site-packages/airflow/example_dags/tutorial_dag.py
[2025-08-15T15:26:08.761+0000] {logging_mixin.py:150} INFO - [2025-08-15T15:26:08.761+0000] {dag.py:2742} INFO - Sync 1 DAGs
[2025-08-15T15:26:08.776+0000] {logging_mixin.py:150} INFO - [2025-08-15T15:26:08.776+0000] {dag.py:3504} INFO - Setting next_dagrun for tutorial_dag to None, run_after=None
[2025-08-15T15:26:08.793+0000] {processor.py:179} INFO - Processing /home/vscode/.local/lib/python3.10/site-packages/airflow/example_dags/tutorial_dag.py took 0.052 seconds
[2025-08-15T15:26:55.335+0000] {processor.py:157} INFO - Started process (PID=35046) to work on /home/vscode/.local/lib/python3.10/site-packages/airflow/example_dags/tutorial_dag.py
[2025-08-15T15:26:55.336+0000] {processor.py:826} INFO - Processing file /home/vscode/.local/lib/python3.10/site-packages/airflow/example_dags/tutorial_dag.py for tasks to queue
[2025-08-15T15:26:55.337+0000] {logging_mixin.py:150} INFO - [2025-08-15T15:26:55.336+0000] {dagbag.py:541} INFO - Filling up the DagBag from /home/vscode/.local/lib/python3.10/site-packages/airflow/example_dags/tutorial_dag.py
[2025-08-15T15:26:55.340+0000] {processor.py:836} INFO - DAG(s) dict_keys(['tutorial_dag']) retrieved from /home/vscode/.local/lib/python3.10/site-packages/airflow/example_dags/tutorial_dag.py
[2025-08-15T15:26:55.353+0000] {logging_mixin.py:150} INFO - [2025-08-15T15:26:55.353+0000] {dag.py:2742} INFO - Sync 1 DAGs
[2025-08-15T15:26:55.368+0000] {logging_mixin.py:150} INFO - [2025-08-15T15:26:55.368+0000] {dag.py:3504} INFO - Setting next_dagrun for tutorial_dag to None, run_after=None
[2025-08-15T15:26:55.385+0000] {processor.py:179} INFO - Processing /home/vscode/.local/lib/python3.10/site-packages/airflow/example_dags/tutorial_dag.py took 0.052 seconds
