[2025-08-13T16:24:10.006+0000] {taskinstance.py:1103} INFO - Dependencies all met for dep_context=non-requeueable deps ti=<TaskInstance: one_task_dag.one_task manual__2025-08-13T16:24:07.536380+00:00 [queued]>
[2025-08-13T16:24:10.015+0000] {taskinstance.py:1103} INFO - Dependencies all met for dep_context=requeueable deps ti=<TaskInstance: one_task_dag.one_task manual__2025-08-13T16:24:07.536380+00:00 [queued]>
[2025-08-13T16:24:10.015+0000] {taskinstance.py:1308} INFO - Starting attempt 1 of 1
[2025-08-13T16:24:10.029+0000] {taskinstance.py:1327} INFO - Executing <Task(BashOperator): one_task> on 2025-08-13 16:24:07.536380+00:00
[2025-08-13T16:24:10.033+0000] {standard_task_runner.py:57} INFO - Started process 17455 to run task
[2025-08-13T16:24:10.037+0000] {standard_task_runner.py:84} INFO - Running: ['airflow', 'tasks', 'run', 'one_task_dag', 'one_task', 'manual__2025-08-13T16:24:07.536380+00:00', '--job-id', '5', '--raw', '--subdir', 'DAGS_FOLDER/one_task_dag.py', '--cfg-path', '/tmp/tmp9w5krcdf']
[2025-08-13T16:24:10.037+0000] {standard_task_runner.py:85} INFO - Job 5: Subtask one_task
[2025-08-13T16:24:10.065+0000] {task_command.py:410} INFO - Running <TaskInstance: one_task_dag.one_task manual__2025-08-13T16:24:07.536380+00:00 [running]> on host codespaces-798080
[2025-08-13T16:24:10.106+0000] {taskinstance.py:1545} INFO - Exporting env vars: AIRFLOW_CTX_DAG_OWNER='Himanshu' AIRFLOW_CTX_DAG_ID='one_task_dag' AIRFLOW_CTX_TASK_ID='one_task' AIRFLOW_CTX_EXECUTION_DATE='2025-08-13T16:24:07.536380+00:00' AIRFLOW_CTX_TRY_NUMBER='1' AIRFLOW_CTX_DAG_RUN_ID='manual__2025-08-13T16:24:07.536380+00:00'
[2025-08-13T16:24:10.106+0000] {subprocess.py:63} INFO - Tmp dir root location: /tmp
[2025-08-13T16:24:10.107+0000] {subprocess.py:75} INFO - Running command: ['/usr/bin/bash', '-c', 'echo "hello, linkedin learning!" > /workspaces/hands-on-introduction-data-engineering-4395021/lab']
[2025-08-13T16:24:10.113+0000] {subprocess.py:86} INFO - Output:
[2025-08-13T16:24:10.114+0000] {subprocess.py:93} INFO - /usr/bin/bash: line 1: /workspaces/hands-on-introduction-data-engineering-4395021/lab: Is a directory
[2025-08-13T16:24:10.114+0000] {subprocess.py:97} INFO - Command exited with return code 1
[2025-08-13T16:24:10.120+0000] {taskinstance.py:1824} ERROR - Task failed with exception
Traceback (most recent call last):
  File "/home/vscode/.local/lib/python3.10/site-packages/airflow/operators/bash.py", line 210, in execute
    raise AirflowException(
airflow.exceptions.AirflowException: Bash command failed. The command returned a non-zero exit code 1.
[2025-08-13T16:24:10.122+0000] {taskinstance.py:1345} INFO - Marking task as FAILED. dag_id=one_task_dag, task_id=one_task, execution_date=20250813T162407, start_date=20250813T162410, end_date=20250813T162410
[2025-08-13T16:24:10.131+0000] {standard_task_runner.py:104} ERROR - Failed to execute job 5 for task one_task (Bash command failed. The command returned a non-zero exit code 1.; 17455)
[2025-08-13T16:24:10.169+0000] {local_task_job_runner.py:225} INFO - Task exited with return code 1
[2025-08-13T16:24:10.178+0000] {taskinstance.py:2653} INFO - 0 downstream tasks scheduled from follow-on schedule check
