[[34m2025-08-13T16:07:49.397+0000[0m] {[34mscheduler_job_runner.py:[0m788} INFO[0m - Starting the scheduler[0m
[[34m2025-08-13T16:07:49.398+0000[0m] {[34mscheduler_job_runner.py:[0m795} INFO[0m - Processing each file at most -1 times[0m
[[34m2025-08-13T16:07:49.403+0000[0m] {[34mmanager.py:[0m165} INFO[0m - Launched DagFileProcessorManager with pid: 11070[0m
[[34m2025-08-13T16:07:49.404+0000[0m] {[34mscheduler_job_runner.py:[0m1553} INFO[0m - Resetting orphaned tasks for active dag runs[0m
[[34m2025-08-13T16:07:49.410+0000[0m] {[34msettings.py:[0m60} INFO[0m - Configured default timezone Timezone('UTC')[0m
[2025-08-13T16:07:49.430+0000] {manager.py:411} WARNING - Because we cannot use more than 1 thread (parsing_processes = 2) when using sqlite. So we set parallelism to 1.
[[34m2025-08-13T16:12:49.686+0000[0m] {[34mscheduler_job_runner.py:[0m1553} INFO[0m - Resetting orphaned tasks for active dag runs[0m
[[34m2025-08-13T16:17:49.714+0000[0m] {[34mscheduler_job_runner.py:[0m1553} INFO[0m - Resetting orphaned tasks for active dag runs[0m
[[34m2025-08-13T16:21:44.720+0000[0m] {[34mscheduler_job_runner.py:[0m411} INFO[0m - 1 tasks up for execution:
	<TaskInstance: one_task_dag.one_task manual__2025-08-13T16:21:43.493325+00:00 [scheduled]>[0m
[[34m2025-08-13T16:21:44.721+0000[0m] {[34mscheduler_job_runner.py:[0m476} INFO[0m - DAG one_task_dag has 0/16 running and queued tasks[0m
[[34m2025-08-13T16:21:44.721+0000[0m] {[34mscheduler_job_runner.py:[0m587} INFO[0m - Setting the following tasks to queued state:
	<TaskInstance: one_task_dag.one_task manual__2025-08-13T16:21:43.493325+00:00 [scheduled]>[0m
[[34m2025-08-13T16:21:44.734+0000[0m] {[34mscheduler_job_runner.py:[0m625} INFO[0m - Sending TaskInstanceKey(dag_id='one_task_dag', task_id='one_task', run_id='manual__2025-08-13T16:21:43.493325+00:00', try_number=1, map_index=-1) to executor with priority 1 and queue default[0m
[[34m2025-08-13T16:21:44.734+0000[0m] {[34mbase_executor.py:[0m147} INFO[0m - Adding to queue: ['airflow', 'tasks', 'run', 'one_task_dag', 'one_task', 'manual__2025-08-13T16:21:43.493325+00:00', '--local', '--subdir', 'DAGS_FOLDER/one_task_dag.py'][0m
[[34m2025-08-13T16:21:44.739+0000[0m] {[34msequential_executor.py:[0m74} INFO[0m - Executing command: ['airflow', 'tasks', 'run', 'one_task_dag', 'one_task', 'manual__2025-08-13T16:21:43.493325+00:00', '--local', '--subdir', 'DAGS_FOLDER/one_task_dag.py'][0m
[[34m2025-08-13T16:21:45.559+0000[0m] {[34mdagbag.py:[0m541} INFO[0m - Filling up the DagBag from /workspaces/hands-on-introduction-data-engineering-4395021/airflow/dags/one_task_dag.py[0m
[[34m2025-08-13T16:21:46.115+0000[0m] {[34mtask_command.py:[0m410} INFO[0m - Running <TaskInstance: one_task_dag.one_task manual__2025-08-13T16:21:43.493325+00:00 [queued]> on host codespaces-798080[0m
[[34m2025-08-13T16:21:46.525+0000[0m] {[34mscheduler_job_runner.py:[0m677} INFO[0m - Received executor event with state success for task instance TaskInstanceKey(dag_id='one_task_dag', task_id='one_task', run_id='manual__2025-08-13T16:21:43.493325+00:00', try_number=1, map_index=-1)[0m
[[34m2025-08-13T16:21:46.531+0000[0m] {[34mscheduler_job_runner.py:[0m713} INFO[0m - TaskInstance Finished: dag_id=one_task_dag, task_id=one_task, run_id=manual__2025-08-13T16:21:43.493325+00:00, map_index=-1, run_start_date=2025-08-13 16:21:46.152816+00:00, run_end_date=2025-08-13 16:21:46.256730+00:00, run_duration=0.103914, state=failed, executor_state=success, try_number=1, max_tries=0, job_id=4, pool=default_pool, queue=default, priority_weight=1, operator=BashOperator, queued_dttm=2025-08-13 16:21:44.722390+00:00, queued_by_job_id=3, pid=16483[0m
[[34m2025-08-13T16:21:46.561+0000[0m] {[34mdagrun.py:[0m609} ERROR[0m - Marking run <DagRun one_task_dag @ 2025-08-13 16:21:43.493325+00:00: manual__2025-08-13T16:21:43.493325+00:00, state:running, queued_at: 2025-08-13 16:21:43.515777+00:00. externally triggered: True> failed[0m
[[34m2025-08-13T16:21:46.562+0000[0m] {[34mdagrun.py:[0m681} INFO[0m - DagRun Finished: dag_id=one_task_dag, execution_date=2025-08-13 16:21:43.493325+00:00, run_id=manual__2025-08-13T16:21:43.493325+00:00, run_start_date=2025-08-13 16:21:44.367124+00:00, run_end_date=2025-08-13 16:21:46.562393+00:00, run_duration=2.195269, state=failed, external_trigger=True, run_type=manual, data_interval_start=2025-08-13 16:21:43.493325+00:00, data_interval_end=2025-08-13 16:21:43.493325+00:00, dag_hash=79fa027ee6043ac8dcca4c3a7e04b702[0m
[[34m2025-08-13T16:22:49.753+0000[0m] {[34mscheduler_job_runner.py:[0m1553} INFO[0m - Resetting orphaned tasks for active dag runs[0m
[[34m2025-08-13T16:24:08.586+0000[0m] {[34mscheduler_job_runner.py:[0m411} INFO[0m - 1 tasks up for execution:
	<TaskInstance: one_task_dag.one_task manual__2025-08-13T16:24:07.536380+00:00 [scheduled]>[0m
[[34m2025-08-13T16:24:08.586+0000[0m] {[34mscheduler_job_runner.py:[0m476} INFO[0m - DAG one_task_dag has 0/16 running and queued tasks[0m
[[34m2025-08-13T16:24:08.587+0000[0m] {[34mscheduler_job_runner.py:[0m587} INFO[0m - Setting the following tasks to queued state:
	<TaskInstance: one_task_dag.one_task manual__2025-08-13T16:24:07.536380+00:00 [scheduled]>[0m
[[34m2025-08-13T16:24:08.589+0000[0m] {[34mscheduler_job_runner.py:[0m625} INFO[0m - Sending TaskInstanceKey(dag_id='one_task_dag', task_id='one_task', run_id='manual__2025-08-13T16:24:07.536380+00:00', try_number=1, map_index=-1) to executor with priority 1 and queue default[0m
[[34m2025-08-13T16:24:08.589+0000[0m] {[34mbase_executor.py:[0m147} INFO[0m - Adding to queue: ['airflow', 'tasks', 'run', 'one_task_dag', 'one_task', 'manual__2025-08-13T16:24:07.536380+00:00', '--local', '--subdir', 'DAGS_FOLDER/one_task_dag.py'][0m
[[34m2025-08-13T16:24:08.593+0000[0m] {[34msequential_executor.py:[0m74} INFO[0m - Executing command: ['airflow', 'tasks', 'run', 'one_task_dag', 'one_task', 'manual__2025-08-13T16:24:07.536380+00:00', '--local', '--subdir', 'DAGS_FOLDER/one_task_dag.py'][0m
[[34m2025-08-13T16:24:09.457+0000[0m] {[34mdagbag.py:[0m541} INFO[0m - Filling up the DagBag from /workspaces/hands-on-introduction-data-engineering-4395021/airflow/dags/one_task_dag.py[0m
[[34m2025-08-13T16:24:09.942+0000[0m] {[34mtask_command.py:[0m410} INFO[0m - Running <TaskInstance: one_task_dag.one_task manual__2025-08-13T16:24:07.536380+00:00 [queued]> on host codespaces-798080[0m
[[34m2025-08-13T16:24:10.444+0000[0m] {[34mscheduler_job_runner.py:[0m677} INFO[0m - Received executor event with state success for task instance TaskInstanceKey(dag_id='one_task_dag', task_id='one_task', run_id='manual__2025-08-13T16:24:07.536380+00:00', try_number=1, map_index=-1)[0m
[[34m2025-08-13T16:24:10.448+0000[0m] {[34mscheduler_job_runner.py:[0m713} INFO[0m - TaskInstance Finished: dag_id=one_task_dag, task_id=one_task, run_id=manual__2025-08-13T16:24:07.536380+00:00, map_index=-1, run_start_date=2025-08-13 16:24:10.007120+00:00, run_end_date=2025-08-13 16:24:10.121691+00:00, run_duration=0.114571, state=failed, executor_state=success, try_number=1, max_tries=0, job_id=5, pool=default_pool, queue=default, priority_weight=1, operator=BashOperator, queued_dttm=2025-08-13 16:24:08.588041+00:00, queued_by_job_id=3, pid=17455[0m
[[34m2025-08-13T16:24:10.471+0000[0m] {[34mdagrun.py:[0m609} ERROR[0m - Marking run <DagRun one_task_dag @ 2025-08-13 16:24:07.536380+00:00: manual__2025-08-13T16:24:07.536380+00:00, state:running, queued_at: 2025-08-13 16:24:07.548947+00:00. externally triggered: True> failed[0m
[[34m2025-08-13T16:24:10.472+0000[0m] {[34mdagrun.py:[0m681} INFO[0m - DagRun Finished: dag_id=one_task_dag, execution_date=2025-08-13 16:24:07.536380+00:00, run_id=manual__2025-08-13T16:24:07.536380+00:00, run_start_date=2025-08-13 16:24:08.559613+00:00, run_end_date=2025-08-13 16:24:10.471950+00:00, run_duration=1.912337, state=failed, external_trigger=True, run_type=manual, data_interval_start=2025-08-13 16:24:07.536380+00:00, data_interval_end=2025-08-13 16:24:07.536380+00:00, dag_hash=79fa027ee6043ac8dcca4c3a7e04b702[0m
[[34m2025-08-13T16:25:11.232+0000[0m] {[34mscheduler_job_runner.py:[0m411} INFO[0m - 1 tasks up for execution:
	<TaskInstance: one_task_dag.one_task manual__2025-08-13T16:25:10.457807+00:00 [scheduled]>[0m
[[34m2025-08-13T16:25:11.232+0000[0m] {[34mscheduler_job_runner.py:[0m476} INFO[0m - DAG one_task_dag has 0/16 running and queued tasks[0m
[[34m2025-08-13T16:25:11.233+0000[0m] {[34mscheduler_job_runner.py:[0m587} INFO[0m - Setting the following tasks to queued state:
	<TaskInstance: one_task_dag.one_task manual__2025-08-13T16:25:10.457807+00:00 [scheduled]>[0m
[[34m2025-08-13T16:25:11.235+0000[0m] {[34mscheduler_job_runner.py:[0m625} INFO[0m - Sending TaskInstanceKey(dag_id='one_task_dag', task_id='one_task', run_id='manual__2025-08-13T16:25:10.457807+00:00', try_number=1, map_index=-1) to executor with priority 1 and queue default[0m
[[34m2025-08-13T16:25:11.235+0000[0m] {[34mbase_executor.py:[0m147} INFO[0m - Adding to queue: ['airflow', 'tasks', 'run', 'one_task_dag', 'one_task', 'manual__2025-08-13T16:25:10.457807+00:00', '--local', '--subdir', 'DAGS_FOLDER/one_task_dag.py'][0m
[[34m2025-08-13T16:25:11.246+0000[0m] {[34msequential_executor.py:[0m74} INFO[0m - Executing command: ['airflow', 'tasks', 'run', 'one_task_dag', 'one_task', 'manual__2025-08-13T16:25:10.457807+00:00', '--local', '--subdir', 'DAGS_FOLDER/one_task_dag.py'][0m
[[34m2025-08-13T16:25:12.294+0000[0m] {[34mdagbag.py:[0m541} INFO[0m - Filling up the DagBag from /workspaces/hands-on-introduction-data-engineering-4395021/airflow/dags/one_task_dag.py[0m
[[34m2025-08-13T16:25:12.793+0000[0m] {[34mtask_command.py:[0m410} INFO[0m - Running <TaskInstance: one_task_dag.one_task manual__2025-08-13T16:25:10.457807+00:00 [queued]> on host codespaces-798080[0m
[[34m2025-08-13T16:25:13.247+0000[0m] {[34mscheduler_job_runner.py:[0m677} INFO[0m - Received executor event with state success for task instance TaskInstanceKey(dag_id='one_task_dag', task_id='one_task', run_id='manual__2025-08-13T16:25:10.457807+00:00', try_number=1, map_index=-1)[0m
[[34m2025-08-13T16:25:13.250+0000[0m] {[34mscheduler_job_runner.py:[0m713} INFO[0m - TaskInstance Finished: dag_id=one_task_dag, task_id=one_task, run_id=manual__2025-08-13T16:25:10.457807+00:00, map_index=-1, run_start_date=2025-08-13 16:25:12.850346+00:00, run_end_date=2025-08-13 16:25:12.971797+00:00, run_duration=0.121451, state=failed, executor_state=success, try_number=1, max_tries=0, job_id=6, pool=default_pool, queue=default, priority_weight=1, operator=BashOperator, queued_dttm=2025-08-13 16:25:11.233616+00:00, queued_by_job_id=3, pid=17817[0m
[[34m2025-08-13T16:25:13.282+0000[0m] {[34mdagrun.py:[0m609} ERROR[0m - Marking run <DagRun one_task_dag @ 2025-08-13 16:25:10.457807+00:00: manual__2025-08-13T16:25:10.457807+00:00, state:running, queued_at: 2025-08-13 16:25:10.463639+00:00. externally triggered: True> failed[0m
[[34m2025-08-13T16:25:13.282+0000[0m] {[34mdagrun.py:[0m681} INFO[0m - DagRun Finished: dag_id=one_task_dag, execution_date=2025-08-13 16:25:10.457807+00:00, run_id=manual__2025-08-13T16:25:10.457807+00:00, run_start_date=2025-08-13 16:25:11.124728+00:00, run_end_date=2025-08-13 16:25:13.282314+00:00, run_duration=2.157586, state=failed, external_trigger=True, run_type=manual, data_interval_start=2025-08-13 16:25:10.457807+00:00, data_interval_end=2025-08-13 16:25:10.457807+00:00, dag_hash=79fa027ee6043ac8dcca4c3a7e04b702[0m
[[34m2025-08-13T16:27:49.792+0000[0m] {[34mscheduler_job_runner.py:[0m1553} INFO[0m - Resetting orphaned tasks for active dag runs[0m
[[34m2025-08-13T16:32:49.832+0000[0m] {[34mscheduler_job_runner.py:[0m1553} INFO[0m - Resetting orphaned tasks for active dag runs[0m
