2025-08-13 15:48:39,439 INFO - Starting the scheduler
2025-08-13 15:48:39,440 INFO - Processing each file at most -1 times
2025-08-13 15:48:39,444 INFO - Launched DagFileProcessorManager with pid: 1836
2025-08-13 15:48:39,445 INFO - Resetting orphaned tasks for active dag runs
2025-08-13 15:48:39,449 INFO - Configured default timezone Timezone('UTC')
2025-08-13 15:53:39,754 INFO - Resetting orphaned tasks for active dag runs
2025-08-13 15:58:39,912 INFO - Resetting orphaned tasks for active dag runs
2025-08-13 16:00:38,401 INFO - Exiting gracefully upon receiving signal 15
2025-08-13 16:00:39,403 INFO - Sending Signals.SIGTERM to group 1836. PIDs of all processes in the group: [1836]
2025-08-13 16:00:39,403 INFO - Sending the signal Signals.SIGTERM to group 1836
2025-08-13 16:00:39,577 INFO - Process psutil.Process(pid=1836, status='terminated', exitcode=0, started='15:48:39') (1836) terminated with exit code 0
2025-08-13 16:00:39,582 INFO - Sending Signals.SIGTERM to group 1836. PIDs of all processes in the group: []
2025-08-13 16:00:39,583 INFO - Sending the signal Signals.SIGTERM to group 1836
2025-08-13 16:00:39,583 INFO - Sending the signal Signals.SIGTERM to process 1836 as process group is missing.
2025-08-13 16:00:39,583 INFO - Exited execute loop
2025-08-13 16:01:11,708 INFO - Starting the scheduler
2025-08-13 16:01:11,709 INFO - Processing each file at most -1 times
2025-08-13 16:01:11,714 INFO - Launched DagFileProcessorManager with pid: 7992
2025-08-13 16:01:11,715 INFO - Resetting orphaned tasks for active dag runs
2025-08-13 16:01:11,718 INFO - Configured default timezone Timezone('UTC')
2025-08-13 16:06:11,800 INFO - Resetting orphaned tasks for active dag runs
2025-08-13 16:07:40,685 INFO - Exiting gracefully upon receiving signal 15
2025-08-13 16:07:41,691 INFO - Sending Signals.SIGTERM to group 7992. PIDs of all processes in the group: [7992]
2025-08-13 16:07:41,696 INFO - Sending the signal Signals.SIGTERM to group 7992
2025-08-13 16:07:42,280 INFO - Process psutil.Process(pid=7992, status='terminated', exitcode=0, started='16:01:11') (7992) terminated with exit code 0
2025-08-13 16:07:42,282 INFO - Sending Signals.SIGTERM to group 7992. PIDs of all processes in the group: []
2025-08-13 16:07:42,282 INFO - Sending the signal Signals.SIGTERM to group 7992
2025-08-13 16:07:42,282 INFO - Sending the signal Signals.SIGTERM to process 7992 as process group is missing.
2025-08-13 16:07:42,283 INFO - Exited execute loop
2025-08-13 16:07:49,397 INFO - Starting the scheduler
2025-08-13 16:07:49,398 INFO - Processing each file at most -1 times
2025-08-13 16:07:49,403 INFO - Launched DagFileProcessorManager with pid: 11070
2025-08-13 16:07:49,404 INFO - Resetting orphaned tasks for active dag runs
2025-08-13 16:07:49,410 INFO - Configured default timezone Timezone('UTC')
2025-08-13 16:12:49,686 INFO - Resetting orphaned tasks for active dag runs
2025-08-13 16:17:49,714 INFO - Resetting orphaned tasks for active dag runs
2025-08-13 16:21:44,720 INFO - 1 tasks up for execution:
	<TaskInstance: one_task_dag.one_task manual__2025-08-13T16:21:43.493325+00:00 [scheduled]>
2025-08-13 16:21:44,721 INFO - DAG one_task_dag has 0/16 running and queued tasks
2025-08-13 16:21:44,721 INFO - Setting the following tasks to queued state:
	<TaskInstance: one_task_dag.one_task manual__2025-08-13T16:21:43.493325+00:00 [scheduled]>
2025-08-13 16:21:44,734 INFO - Sending TaskInstanceKey(dag_id='one_task_dag', task_id='one_task', run_id='manual__2025-08-13T16:21:43.493325+00:00', try_number=1, map_index=-1) to executor with priority 1 and queue default
2025-08-13 16:21:44,734 INFO - Adding to queue: ['airflow', 'tasks', 'run', 'one_task_dag', 'one_task', 'manual__2025-08-13T16:21:43.493325+00:00', '--local', '--subdir', 'DAGS_FOLDER/one_task_dag.py']
2025-08-13 16:21:44,739 INFO - Executing command: ['airflow', 'tasks', 'run', 'one_task_dag', 'one_task', 'manual__2025-08-13T16:21:43.493325+00:00', '--local', '--subdir', 'DAGS_FOLDER/one_task_dag.py']
2025-08-13 16:21:46,525 INFO - Received executor event with state success for task instance TaskInstanceKey(dag_id='one_task_dag', task_id='one_task', run_id='manual__2025-08-13T16:21:43.493325+00:00', try_number=1, map_index=-1)
2025-08-13 16:21:46,531 INFO - TaskInstance Finished: dag_id=one_task_dag, task_id=one_task, run_id=manual__2025-08-13T16:21:43.493325+00:00, map_index=-1, run_start_date=2025-08-13 16:21:46.152816+00:00, run_end_date=2025-08-13 16:21:46.256730+00:00, run_duration=0.103914, state=failed, executor_state=success, try_number=1, max_tries=0, job_id=4, pool=default_pool, queue=default, priority_weight=1, operator=BashOperator, queued_dttm=2025-08-13 16:21:44.722390+00:00, queued_by_job_id=3, pid=16483
2025-08-13 16:21:46,561 ERROR - Marking run <DagRun one_task_dag @ 2025-08-13 16:21:43.493325+00:00: manual__2025-08-13T16:21:43.493325+00:00, state:running, queued_at: 2025-08-13 16:21:43.515777+00:00. externally triggered: True> failed
2025-08-13 16:21:46,562 INFO - DagRun Finished: dag_id=one_task_dag, execution_date=2025-08-13 16:21:43.493325+00:00, run_id=manual__2025-08-13T16:21:43.493325+00:00, run_start_date=2025-08-13 16:21:44.367124+00:00, run_end_date=2025-08-13 16:21:46.562393+00:00, run_duration=2.195269, state=failed, external_trigger=True, run_type=manual, data_interval_start=2025-08-13 16:21:43.493325+00:00, data_interval_end=2025-08-13 16:21:43.493325+00:00, dag_hash=79fa027ee6043ac8dcca4c3a7e04b702
2025-08-13 16:22:49,753 INFO - Resetting orphaned tasks for active dag runs
2025-08-13 16:24:08,586 INFO - 1 tasks up for execution:
	<TaskInstance: one_task_dag.one_task manual__2025-08-13T16:24:07.536380+00:00 [scheduled]>
2025-08-13 16:24:08,586 INFO - DAG one_task_dag has 0/16 running and queued tasks
2025-08-13 16:24:08,587 INFO - Setting the following tasks to queued state:
	<TaskInstance: one_task_dag.one_task manual__2025-08-13T16:24:07.536380+00:00 [scheduled]>
2025-08-13 16:24:08,589 INFO - Sending TaskInstanceKey(dag_id='one_task_dag', task_id='one_task', run_id='manual__2025-08-13T16:24:07.536380+00:00', try_number=1, map_index=-1) to executor with priority 1 and queue default
2025-08-13 16:24:08,589 INFO - Adding to queue: ['airflow', 'tasks', 'run', 'one_task_dag', 'one_task', 'manual__2025-08-13T16:24:07.536380+00:00', '--local', '--subdir', 'DAGS_FOLDER/one_task_dag.py']
2025-08-13 16:24:08,593 INFO - Executing command: ['airflow', 'tasks', 'run', 'one_task_dag', 'one_task', 'manual__2025-08-13T16:24:07.536380+00:00', '--local', '--subdir', 'DAGS_FOLDER/one_task_dag.py']
2025-08-13 16:24:10,444 INFO - Received executor event with state success for task instance TaskInstanceKey(dag_id='one_task_dag', task_id='one_task', run_id='manual__2025-08-13T16:24:07.536380+00:00', try_number=1, map_index=-1)
2025-08-13 16:24:10,448 INFO - TaskInstance Finished: dag_id=one_task_dag, task_id=one_task, run_id=manual__2025-08-13T16:24:07.536380+00:00, map_index=-1, run_start_date=2025-08-13 16:24:10.007120+00:00, run_end_date=2025-08-13 16:24:10.121691+00:00, run_duration=0.114571, state=failed, executor_state=success, try_number=1, max_tries=0, job_id=5, pool=default_pool, queue=default, priority_weight=1, operator=BashOperator, queued_dttm=2025-08-13 16:24:08.588041+00:00, queued_by_job_id=3, pid=17455
2025-08-13 16:24:10,471 ERROR - Marking run <DagRun one_task_dag @ 2025-08-13 16:24:07.536380+00:00: manual__2025-08-13T16:24:07.536380+00:00, state:running, queued_at: 2025-08-13 16:24:07.548947+00:00. externally triggered: True> failed
2025-08-13 16:24:10,472 INFO - DagRun Finished: dag_id=one_task_dag, execution_date=2025-08-13 16:24:07.536380+00:00, run_id=manual__2025-08-13T16:24:07.536380+00:00, run_start_date=2025-08-13 16:24:08.559613+00:00, run_end_date=2025-08-13 16:24:10.471950+00:00, run_duration=1.912337, state=failed, external_trigger=True, run_type=manual, data_interval_start=2025-08-13 16:24:07.536380+00:00, data_interval_end=2025-08-13 16:24:07.536380+00:00, dag_hash=79fa027ee6043ac8dcca4c3a7e04b702
2025-08-13 16:25:11,232 INFO - 1 tasks up for execution:
	<TaskInstance: one_task_dag.one_task manual__2025-08-13T16:25:10.457807+00:00 [scheduled]>
2025-08-13 16:25:11,232 INFO - DAG one_task_dag has 0/16 running and queued tasks
2025-08-13 16:25:11,233 INFO - Setting the following tasks to queued state:
	<TaskInstance: one_task_dag.one_task manual__2025-08-13T16:25:10.457807+00:00 [scheduled]>
2025-08-13 16:25:11,235 INFO - Sending TaskInstanceKey(dag_id='one_task_dag', task_id='one_task', run_id='manual__2025-08-13T16:25:10.457807+00:00', try_number=1, map_index=-1) to executor with priority 1 and queue default
2025-08-13 16:25:11,235 INFO - Adding to queue: ['airflow', 'tasks', 'run', 'one_task_dag', 'one_task', 'manual__2025-08-13T16:25:10.457807+00:00', '--local', '--subdir', 'DAGS_FOLDER/one_task_dag.py']
2025-08-13 16:25:11,246 INFO - Executing command: ['airflow', 'tasks', 'run', 'one_task_dag', 'one_task', 'manual__2025-08-13T16:25:10.457807+00:00', '--local', '--subdir', 'DAGS_FOLDER/one_task_dag.py']
2025-08-13 16:25:13,247 INFO - Received executor event with state success for task instance TaskInstanceKey(dag_id='one_task_dag', task_id='one_task', run_id='manual__2025-08-13T16:25:10.457807+00:00', try_number=1, map_index=-1)
2025-08-13 16:25:13,250 INFO - TaskInstance Finished: dag_id=one_task_dag, task_id=one_task, run_id=manual__2025-08-13T16:25:10.457807+00:00, map_index=-1, run_start_date=2025-08-13 16:25:12.850346+00:00, run_end_date=2025-08-13 16:25:12.971797+00:00, run_duration=0.121451, state=failed, executor_state=success, try_number=1, max_tries=0, job_id=6, pool=default_pool, queue=default, priority_weight=1, operator=BashOperator, queued_dttm=2025-08-13 16:25:11.233616+00:00, queued_by_job_id=3, pid=17817
2025-08-13 16:25:13,282 ERROR - Marking run <DagRun one_task_dag @ 2025-08-13 16:25:10.457807+00:00: manual__2025-08-13T16:25:10.457807+00:00, state:running, queued_at: 2025-08-13 16:25:10.463639+00:00. externally triggered: True> failed
2025-08-13 16:25:13,282 INFO - DagRun Finished: dag_id=one_task_dag, execution_date=2025-08-13 16:25:10.457807+00:00, run_id=manual__2025-08-13T16:25:10.457807+00:00, run_start_date=2025-08-13 16:25:11.124728+00:00, run_end_date=2025-08-13 16:25:13.282314+00:00, run_duration=2.157586, state=failed, external_trigger=True, run_type=manual, data_interval_start=2025-08-13 16:25:10.457807+00:00, data_interval_end=2025-08-13 16:25:10.457807+00:00, dag_hash=79fa027ee6043ac8dcca4c3a7e04b702
2025-08-13 16:27:49,792 INFO - Resetting orphaned tasks for active dag runs
2025-08-13 16:32:49,832 INFO - Resetting orphaned tasks for active dag runs
