[2025-08-13T15:48:39.717+0000] {processor.py:157} INFO - Started process (PID=1837) to work on /home/vscode/.local/lib/python3.10/site-packages/airflow/example_dags/plugins/event_listener.py
[2025-08-13T15:48:39.718+0000] {processor.py:826} INFO - Processing file /home/vscode/.local/lib/python3.10/site-packages/airflow/example_dags/plugins/event_listener.py for tasks to queue
[2025-08-13T15:48:39.719+0000] {logging_mixin.py:150} INFO - [2025-08-13T15:48:39.719+0000] {dagbag.py:541} INFO - Filling up the DagBag from /home/vscode/.local/lib/python3.10/site-packages/airflow/example_dags/plugins/event_listener.py
[2025-08-13T15:48:39.721+0000] {processor.py:838} WARNING - No viable dags retrieved from /home/vscode/.local/lib/python3.10/site-packages/airflow/example_dags/plugins/event_listener.py
[2025-08-13T15:48:39.727+0000] {processor.py:179} INFO - Processing /home/vscode/.local/lib/python3.10/site-packages/airflow/example_dags/plugins/event_listener.py took 0.012 seconds
[2025-08-13T15:49:26.496+0000] {processor.py:157} INFO - Started process (PID=2239) to work on /home/vscode/.local/lib/python3.10/site-packages/airflow/example_dags/plugins/event_listener.py
[2025-08-13T15:49:26.496+0000] {processor.py:826} INFO - Processing file /home/vscode/.local/lib/python3.10/site-packages/airflow/example_dags/plugins/event_listener.py for tasks to queue
[2025-08-13T15:49:26.497+0000] {logging_mixin.py:150} INFO - [2025-08-13T15:49:26.497+0000] {dagbag.py:541} INFO - Filling up the DagBag from /home/vscode/.local/lib/python3.10/site-packages/airflow/example_dags/plugins/event_listener.py
[2025-08-13T15:49:26.499+0000] {processor.py:838} WARNING - No viable dags retrieved from /home/vscode/.local/lib/python3.10/site-packages/airflow/example_dags/plugins/event_listener.py
[2025-08-13T15:49:26.505+0000] {processor.py:179} INFO - Processing /home/vscode/.local/lib/python3.10/site-packages/airflow/example_dags/plugins/event_listener.py took 0.012 seconds
[2025-08-13T15:50:06.115+0000] {processor.py:157} INFO - Started process (PID=2540) to work on /home/vscode/.local/lib/python3.10/site-packages/airflow/example_dags/plugins/event_listener.py
[2025-08-13T15:50:06.116+0000] {processor.py:826} INFO - Processing file /home/vscode/.local/lib/python3.10/site-packages/airflow/example_dags/plugins/event_listener.py for tasks to queue
[2025-08-13T15:50:06.117+0000] {logging_mixin.py:150} INFO - [2025-08-13T15:50:06.116+0000] {dagbag.py:541} INFO - Filling up the DagBag from /home/vscode/.local/lib/python3.10/site-packages/airflow/example_dags/plugins/event_listener.py
[2025-08-13T15:50:06.118+0000] {processor.py:838} WARNING - No viable dags retrieved from /home/vscode/.local/lib/python3.10/site-packages/airflow/example_dags/plugins/event_listener.py
[2025-08-13T15:50:06.125+0000] {processor.py:179} INFO - Processing /home/vscode/.local/lib/python3.10/site-packages/airflow/example_dags/plugins/event_listener.py took 0.012 seconds
[2025-08-13T15:50:48.805+0000] {processor.py:157} INFO - Started process (PID=2928) to work on /home/vscode/.local/lib/python3.10/site-packages/airflow/example_dags/plugins/event_listener.py
[2025-08-13T15:50:48.806+0000] {processor.py:826} INFO - Processing file /home/vscode/.local/lib/python3.10/site-packages/airflow/example_dags/plugins/event_listener.py for tasks to queue
[2025-08-13T15:50:48.806+0000] {logging_mixin.py:150} INFO - [2025-08-13T15:50:48.806+0000] {dagbag.py:541} INFO - Filling up the DagBag from /home/vscode/.local/lib/python3.10/site-packages/airflow/example_dags/plugins/event_listener.py
[2025-08-13T15:50:48.808+0000] {processor.py:838} WARNING - No viable dags retrieved from /home/vscode/.local/lib/python3.10/site-packages/airflow/example_dags/plugins/event_listener.py
[2025-08-13T15:50:48.822+0000] {processor.py:179} INFO - Processing /home/vscode/.local/lib/python3.10/site-packages/airflow/example_dags/plugins/event_listener.py took 0.019 seconds
[2025-08-13T15:51:31.083+0000] {processor.py:157} INFO - Started process (PID=3300) to work on /home/vscode/.local/lib/python3.10/site-packages/airflow/example_dags/plugins/event_listener.py
[2025-08-13T15:51:31.083+0000] {processor.py:826} INFO - Processing file /home/vscode/.local/lib/python3.10/site-packages/airflow/example_dags/plugins/event_listener.py for tasks to queue
[2025-08-13T15:51:31.084+0000] {logging_mixin.py:150} INFO - [2025-08-13T15:51:31.084+0000] {dagbag.py:541} INFO - Filling up the DagBag from /home/vscode/.local/lib/python3.10/site-packages/airflow/example_dags/plugins/event_listener.py
[2025-08-13T15:51:31.085+0000] {processor.py:838} WARNING - No viable dags retrieved from /home/vscode/.local/lib/python3.10/site-packages/airflow/example_dags/plugins/event_listener.py
[2025-08-13T15:51:31.092+0000] {processor.py:179} INFO - Processing /home/vscode/.local/lib/python3.10/site-packages/airflow/example_dags/plugins/event_listener.py took 0.011 seconds
[2025-08-13T15:52:01.874+0000] {processor.py:157} INFO - Started process (PID=3506) to work on /home/vscode/.local/lib/python3.10/site-packages/airflow/example_dags/plugins/event_listener.py
[2025-08-13T15:52:01.875+0000] {processor.py:826} INFO - Processing file /home/vscode/.local/lib/python3.10/site-packages/airflow/example_dags/plugins/event_listener.py for tasks to queue
[2025-08-13T15:52:01.875+0000] {logging_mixin.py:150} INFO - [2025-08-13T15:52:01.875+0000] {dagbag.py:541} INFO - Filling up the DagBag from /home/vscode/.local/lib/python3.10/site-packages/airflow/example_dags/plugins/event_listener.py
[2025-08-13T15:52:01.877+0000] {processor.py:838} WARNING - No viable dags retrieved from /home/vscode/.local/lib/python3.10/site-packages/airflow/example_dags/plugins/event_listener.py
[2025-08-13T15:52:01.884+0000] {processor.py:179} INFO - Processing /home/vscode/.local/lib/python3.10/site-packages/airflow/example_dags/plugins/event_listener.py took 0.012 seconds
[2025-08-13T15:52:34.375+0000] {processor.py:157} INFO - Started process (PID=3970) to work on /home/vscode/.local/lib/python3.10/site-packages/airflow/example_dags/plugins/event_listener.py
[2025-08-13T15:52:34.375+0000] {processor.py:826} INFO - Processing file /home/vscode/.local/lib/python3.10/site-packages/airflow/example_dags/plugins/event_listener.py for tasks to queue
[2025-08-13T15:52:34.376+0000] {logging_mixin.py:150} INFO - [2025-08-13T15:52:34.376+0000] {dagbag.py:541} INFO - Filling up the DagBag from /home/vscode/.local/lib/python3.10/site-packages/airflow/example_dags/plugins/event_listener.py
[2025-08-13T15:52:34.378+0000] {processor.py:838} WARNING - No viable dags retrieved from /home/vscode/.local/lib/python3.10/site-packages/airflow/example_dags/plugins/event_listener.py
[2025-08-13T15:52:34.384+0000] {processor.py:179} INFO - Processing /home/vscode/.local/lib/python3.10/site-packages/airflow/example_dags/plugins/event_listener.py took 0.012 seconds
[2025-08-13T15:53:10.483+0000] {processor.py:157} INFO - Started process (PID=4231) to work on /home/vscode/.local/lib/python3.10/site-packages/airflow/example_dags/plugins/event_listener.py
[2025-08-13T15:53:10.484+0000] {processor.py:826} INFO - Processing file /home/vscode/.local/lib/python3.10/site-packages/airflow/example_dags/plugins/event_listener.py for tasks to queue
[2025-08-13T15:53:10.484+0000] {logging_mixin.py:150} INFO - [2025-08-13T15:53:10.484+0000] {dagbag.py:541} INFO - Filling up the DagBag from /home/vscode/.local/lib/python3.10/site-packages/airflow/example_dags/plugins/event_listener.py
[2025-08-13T15:53:10.486+0000] {processor.py:838} WARNING - No viable dags retrieved from /home/vscode/.local/lib/python3.10/site-packages/airflow/example_dags/plugins/event_listener.py
[2025-08-13T15:53:10.493+0000] {processor.py:179} INFO - Processing /home/vscode/.local/lib/python3.10/site-packages/airflow/example_dags/plugins/event_listener.py took 0.012 seconds
[2025-08-13T15:53:52.470+0000] {processor.py:157} INFO - Started process (PID=4515) to work on /home/vscode/.local/lib/python3.10/site-packages/airflow/example_dags/plugins/event_listener.py
[2025-08-13T15:53:52.471+0000] {processor.py:826} INFO - Processing file /home/vscode/.local/lib/python3.10/site-packages/airflow/example_dags/plugins/event_listener.py for tasks to queue
[2025-08-13T15:53:52.471+0000] {logging_mixin.py:150} INFO - [2025-08-13T15:53:52.471+0000] {dagbag.py:541} INFO - Filling up the DagBag from /home/vscode/.local/lib/python3.10/site-packages/airflow/example_dags/plugins/event_listener.py
[2025-08-13T15:53:52.473+0000] {processor.py:838} WARNING - No viable dags retrieved from /home/vscode/.local/lib/python3.10/site-packages/airflow/example_dags/plugins/event_listener.py
[2025-08-13T15:53:52.479+0000] {processor.py:179} INFO - Processing /home/vscode/.local/lib/python3.10/site-packages/airflow/example_dags/plugins/event_listener.py took 0.011 seconds
[2025-08-13T15:54:33.599+0000] {processor.py:157} INFO - Started process (PID=4828) to work on /home/vscode/.local/lib/python3.10/site-packages/airflow/example_dags/plugins/event_listener.py
[2025-08-13T15:54:33.599+0000] {processor.py:826} INFO - Processing file /home/vscode/.local/lib/python3.10/site-packages/airflow/example_dags/plugins/event_listener.py for tasks to queue
[2025-08-13T15:54:33.600+0000] {logging_mixin.py:150} INFO - [2025-08-13T15:54:33.600+0000] {dagbag.py:541} INFO - Filling up the DagBag from /home/vscode/.local/lib/python3.10/site-packages/airflow/example_dags/plugins/event_listener.py
[2025-08-13T15:54:33.602+0000] {processor.py:838} WARNING - No viable dags retrieved from /home/vscode/.local/lib/python3.10/site-packages/airflow/example_dags/plugins/event_listener.py
[2025-08-13T15:54:33.609+0000] {processor.py:179} INFO - Processing /home/vscode/.local/lib/python3.10/site-packages/airflow/example_dags/plugins/event_listener.py took 0.013 seconds
[2025-08-13T15:55:11.328+0000] {processor.py:157} INFO - Started process (PID=5099) to work on /home/vscode/.local/lib/python3.10/site-packages/airflow/example_dags/plugins/event_listener.py
[2025-08-13T15:55:11.328+0000] {processor.py:826} INFO - Processing file /home/vscode/.local/lib/python3.10/site-packages/airflow/example_dags/plugins/event_listener.py for tasks to queue
[2025-08-13T15:55:11.329+0000] {logging_mixin.py:150} INFO - [2025-08-13T15:55:11.329+0000] {dagbag.py:541} INFO - Filling up the DagBag from /home/vscode/.local/lib/python3.10/site-packages/airflow/example_dags/plugins/event_listener.py
[2025-08-13T15:55:11.331+0000] {processor.py:838} WARNING - No viable dags retrieved from /home/vscode/.local/lib/python3.10/site-packages/airflow/example_dags/plugins/event_listener.py
[2025-08-13T15:55:11.337+0000] {processor.py:179} INFO - Processing /home/vscode/.local/lib/python3.10/site-packages/airflow/example_dags/plugins/event_listener.py took 0.012 seconds
[2025-08-13T15:55:51.954+0000] {processor.py:157} INFO - Started process (PID=5432) to work on /home/vscode/.local/lib/python3.10/site-packages/airflow/example_dags/plugins/event_listener.py
[2025-08-13T15:55:51.955+0000] {processor.py:826} INFO - Processing file /home/vscode/.local/lib/python3.10/site-packages/airflow/example_dags/plugins/event_listener.py for tasks to queue
[2025-08-13T15:55:51.956+0000] {logging_mixin.py:150} INFO - [2025-08-13T15:55:51.955+0000] {dagbag.py:541} INFO - Filling up the DagBag from /home/vscode/.local/lib/python3.10/site-packages/airflow/example_dags/plugins/event_listener.py
[2025-08-13T15:55:51.957+0000] {processor.py:838} WARNING - No viable dags retrieved from /home/vscode/.local/lib/python3.10/site-packages/airflow/example_dags/plugins/event_listener.py
[2025-08-13T15:55:51.964+0000] {processor.py:179} INFO - Processing /home/vscode/.local/lib/python3.10/site-packages/airflow/example_dags/plugins/event_listener.py took 0.012 seconds
[2025-08-13T15:56:22.800+0000] {processor.py:157} INFO - Started process (PID=5668) to work on /home/vscode/.local/lib/python3.10/site-packages/airflow/example_dags/plugins/event_listener.py
[2025-08-13T15:56:22.801+0000] {processor.py:826} INFO - Processing file /home/vscode/.local/lib/python3.10/site-packages/airflow/example_dags/plugins/event_listener.py for tasks to queue
[2025-08-13T15:56:22.801+0000] {logging_mixin.py:150} INFO - [2025-08-13T15:56:22.801+0000] {dagbag.py:541} INFO - Filling up the DagBag from /home/vscode/.local/lib/python3.10/site-packages/airflow/example_dags/plugins/event_listener.py
[2025-08-13T15:56:22.803+0000] {processor.py:838} WARNING - No viable dags retrieved from /home/vscode/.local/lib/python3.10/site-packages/airflow/example_dags/plugins/event_listener.py
[2025-08-13T15:56:22.811+0000] {processor.py:179} INFO - Processing /home/vscode/.local/lib/python3.10/site-packages/airflow/example_dags/plugins/event_listener.py took 0.013 seconds
[2025-08-13T15:56:55.326+0000] {processor.py:157} INFO - Started process (PID=6034) to work on /home/vscode/.local/lib/python3.10/site-packages/airflow/example_dags/plugins/event_listener.py
[2025-08-13T15:56:55.327+0000] {processor.py:826} INFO - Processing file /home/vscode/.local/lib/python3.10/site-packages/airflow/example_dags/plugins/event_listener.py for tasks to queue
[2025-08-13T15:56:55.327+0000] {logging_mixin.py:150} INFO - [2025-08-13T15:56:55.327+0000] {dagbag.py:541} INFO - Filling up the DagBag from /home/vscode/.local/lib/python3.10/site-packages/airflow/example_dags/plugins/event_listener.py
[2025-08-13T15:56:55.329+0000] {processor.py:838} WARNING - No viable dags retrieved from /home/vscode/.local/lib/python3.10/site-packages/airflow/example_dags/plugins/event_listener.py
[2025-08-13T15:56:55.336+0000] {processor.py:179} INFO - Processing /home/vscode/.local/lib/python3.10/site-packages/airflow/example_dags/plugins/event_listener.py took 0.012 seconds
[2025-08-13T15:57:36.569+0000] {processor.py:157} INFO - Started process (PID=6315) to work on /home/vscode/.local/lib/python3.10/site-packages/airflow/example_dags/plugins/event_listener.py
[2025-08-13T15:57:36.570+0000] {processor.py:826} INFO - Processing file /home/vscode/.local/lib/python3.10/site-packages/airflow/example_dags/plugins/event_listener.py for tasks to queue
[2025-08-13T15:57:36.571+0000] {logging_mixin.py:150} INFO - [2025-08-13T15:57:36.570+0000] {dagbag.py:541} INFO - Filling up the DagBag from /home/vscode/.local/lib/python3.10/site-packages/airflow/example_dags/plugins/event_listener.py
[2025-08-13T15:57:36.572+0000] {processor.py:838} WARNING - No viable dags retrieved from /home/vscode/.local/lib/python3.10/site-packages/airflow/example_dags/plugins/event_listener.py
[2025-08-13T15:57:36.580+0000] {processor.py:179} INFO - Processing /home/vscode/.local/lib/python3.10/site-packages/airflow/example_dags/plugins/event_listener.py took 0.012 seconds
[2025-08-13T15:58:07.287+0000] {processor.py:157} INFO - Started process (PID=6515) to work on /home/vscode/.local/lib/python3.10/site-packages/airflow/example_dags/plugins/event_listener.py
[2025-08-13T15:58:07.288+0000] {processor.py:826} INFO - Processing file /home/vscode/.local/lib/python3.10/site-packages/airflow/example_dags/plugins/event_listener.py for tasks to queue
[2025-08-13T15:58:07.289+0000] {logging_mixin.py:150} INFO - [2025-08-13T15:58:07.289+0000] {dagbag.py:541} INFO - Filling up the DagBag from /home/vscode/.local/lib/python3.10/site-packages/airflow/example_dags/plugins/event_listener.py
[2025-08-13T15:58:07.291+0000] {processor.py:838} WARNING - No viable dags retrieved from /home/vscode/.local/lib/python3.10/site-packages/airflow/example_dags/plugins/event_listener.py
[2025-08-13T15:58:07.301+0000] {processor.py:179} INFO - Processing /home/vscode/.local/lib/python3.10/site-packages/airflow/example_dags/plugins/event_listener.py took 0.016 seconds
[2025-08-13T15:58:47.334+0000] {processor.py:157} INFO - Started process (PID=6793) to work on /home/vscode/.local/lib/python3.10/site-packages/airflow/example_dags/plugins/event_listener.py
[2025-08-13T15:58:47.335+0000] {processor.py:826} INFO - Processing file /home/vscode/.local/lib/python3.10/site-packages/airflow/example_dags/plugins/event_listener.py for tasks to queue
[2025-08-13T15:58:47.336+0000] {logging_mixin.py:150} INFO - [2025-08-13T15:58:47.335+0000] {dagbag.py:541} INFO - Filling up the DagBag from /home/vscode/.local/lib/python3.10/site-packages/airflow/example_dags/plugins/event_listener.py
[2025-08-13T15:58:47.337+0000] {processor.py:838} WARNING - No viable dags retrieved from /home/vscode/.local/lib/python3.10/site-packages/airflow/example_dags/plugins/event_listener.py
[2025-08-13T15:58:47.344+0000] {processor.py:179} INFO - Processing /home/vscode/.local/lib/python3.10/site-packages/airflow/example_dags/plugins/event_listener.py took 0.012 seconds
[2025-08-13T15:59:23.342+0000] {processor.py:157} INFO - Started process (PID=7033) to work on /home/vscode/.local/lib/python3.10/site-packages/airflow/example_dags/plugins/event_listener.py
[2025-08-13T15:59:23.343+0000] {processor.py:826} INFO - Processing file /home/vscode/.local/lib/python3.10/site-packages/airflow/example_dags/plugins/event_listener.py for tasks to queue
[2025-08-13T15:59:23.344+0000] {logging_mixin.py:150} INFO - [2025-08-13T15:59:23.343+0000] {dagbag.py:541} INFO - Filling up the DagBag from /home/vscode/.local/lib/python3.10/site-packages/airflow/example_dags/plugins/event_listener.py
[2025-08-13T15:59:23.345+0000] {processor.py:838} WARNING - No viable dags retrieved from /home/vscode/.local/lib/python3.10/site-packages/airflow/example_dags/plugins/event_listener.py
[2025-08-13T15:59:23.352+0000] {processor.py:179} INFO - Processing /home/vscode/.local/lib/python3.10/site-packages/airflow/example_dags/plugins/event_listener.py took 0.012 seconds
[2025-08-13T16:00:05.644+0000] {processor.py:157} INFO - Started process (PID=7338) to work on /home/vscode/.local/lib/python3.10/site-packages/airflow/example_dags/plugins/event_listener.py
[2025-08-13T16:00:05.645+0000] {processor.py:826} INFO - Processing file /home/vscode/.local/lib/python3.10/site-packages/airflow/example_dags/plugins/event_listener.py for tasks to queue
[2025-08-13T16:00:05.646+0000] {logging_mixin.py:150} INFO - [2025-08-13T16:00:05.645+0000] {dagbag.py:541} INFO - Filling up the DagBag from /home/vscode/.local/lib/python3.10/site-packages/airflow/example_dags/plugins/event_listener.py
[2025-08-13T16:00:05.647+0000] {processor.py:838} WARNING - No viable dags retrieved from /home/vscode/.local/lib/python3.10/site-packages/airflow/example_dags/plugins/event_listener.py
[2025-08-13T16:00:05.654+0000] {processor.py:179} INFO - Processing /home/vscode/.local/lib/python3.10/site-packages/airflow/example_dags/plugins/event_listener.py took 0.012 seconds
[2025-08-13T16:01:11.804+0000] {processor.py:157} INFO - Started process (PID=7994) to work on /home/vscode/.local/lib/python3.10/site-packages/airflow/example_dags/plugins/event_listener.py
[2025-08-13T16:01:11.804+0000] {processor.py:826} INFO - Processing file /home/vscode/.local/lib/python3.10/site-packages/airflow/example_dags/plugins/event_listener.py for tasks to queue
[2025-08-13T16:01:11.805+0000] {logging_mixin.py:150} INFO - [2025-08-13T16:01:11.805+0000] {dagbag.py:541} INFO - Filling up the DagBag from /home/vscode/.local/lib/python3.10/site-packages/airflow/example_dags/plugins/event_listener.py
[2025-08-13T16:01:11.807+0000] {processor.py:838} WARNING - No viable dags retrieved from /home/vscode/.local/lib/python3.10/site-packages/airflow/example_dags/plugins/event_listener.py
[2025-08-13T16:01:11.814+0000] {processor.py:179} INFO - Processing /home/vscode/.local/lib/python3.10/site-packages/airflow/example_dags/plugins/event_listener.py took 0.012 seconds
[2025-08-13T16:01:56.913+0000] {processor.py:157} INFO - Started process (PID=8439) to work on /home/vscode/.local/lib/python3.10/site-packages/airflow/example_dags/plugins/event_listener.py
[2025-08-13T16:01:56.914+0000] {processor.py:826} INFO - Processing file /home/vscode/.local/lib/python3.10/site-packages/airflow/example_dags/plugins/event_listener.py for tasks to queue
[2025-08-13T16:01:56.914+0000] {logging_mixin.py:150} INFO - [2025-08-13T16:01:56.914+0000] {dagbag.py:541} INFO - Filling up the DagBag from /home/vscode/.local/lib/python3.10/site-packages/airflow/example_dags/plugins/event_listener.py
[2025-08-13T16:01:56.916+0000] {processor.py:838} WARNING - No viable dags retrieved from /home/vscode/.local/lib/python3.10/site-packages/airflow/example_dags/plugins/event_listener.py
[2025-08-13T16:01:56.923+0000] {processor.py:179} INFO - Processing /home/vscode/.local/lib/python3.10/site-packages/airflow/example_dags/plugins/event_listener.py took 0.012 seconds
[2025-08-13T16:02:37.049+0000] {processor.py:157} INFO - Started process (PID=8709) to work on /home/vscode/.local/lib/python3.10/site-packages/airflow/example_dags/plugins/event_listener.py
[2025-08-13T16:02:37.050+0000] {processor.py:826} INFO - Processing file /home/vscode/.local/lib/python3.10/site-packages/airflow/example_dags/plugins/event_listener.py for tasks to queue
[2025-08-13T16:02:37.050+0000] {logging_mixin.py:150} INFO - [2025-08-13T16:02:37.050+0000] {dagbag.py:541} INFO - Filling up the DagBag from /home/vscode/.local/lib/python3.10/site-packages/airflow/example_dags/plugins/event_listener.py
[2025-08-13T16:02:37.052+0000] {processor.py:838} WARNING - No viable dags retrieved from /home/vscode/.local/lib/python3.10/site-packages/airflow/example_dags/plugins/event_listener.py
[2025-08-13T16:02:37.059+0000] {processor.py:179} INFO - Processing /home/vscode/.local/lib/python3.10/site-packages/airflow/example_dags/plugins/event_listener.py took 0.012 seconds
[2025-08-13T16:03:20.839+0000] {processor.py:157} INFO - Started process (PID=9002) to work on /home/vscode/.local/lib/python3.10/site-packages/airflow/example_dags/plugins/event_listener.py
[2025-08-13T16:03:20.840+0000] {processor.py:826} INFO - Processing file /home/vscode/.local/lib/python3.10/site-packages/airflow/example_dags/plugins/event_listener.py for tasks to queue
[2025-08-13T16:03:20.841+0000] {logging_mixin.py:150} INFO - [2025-08-13T16:03:20.840+0000] {dagbag.py:541} INFO - Filling up the DagBag from /home/vscode/.local/lib/python3.10/site-packages/airflow/example_dags/plugins/event_listener.py
[2025-08-13T16:03:20.842+0000] {processor.py:838} WARNING - No viable dags retrieved from /home/vscode/.local/lib/python3.10/site-packages/airflow/example_dags/plugins/event_listener.py
[2025-08-13T16:03:20.849+0000] {processor.py:179} INFO - Processing /home/vscode/.local/lib/python3.10/site-packages/airflow/example_dags/plugins/event_listener.py took 0.011 seconds
[2025-08-13T16:04:03.227+0000] {processor.py:157} INFO - Started process (PID=9320) to work on /home/vscode/.local/lib/python3.10/site-packages/airflow/example_dags/plugins/event_listener.py
[2025-08-13T16:04:03.228+0000] {processor.py:826} INFO - Processing file /home/vscode/.local/lib/python3.10/site-packages/airflow/example_dags/plugins/event_listener.py for tasks to queue
[2025-08-13T16:04:03.229+0000] {logging_mixin.py:150} INFO - [2025-08-13T16:04:03.228+0000] {dagbag.py:541} INFO - Filling up the DagBag from /home/vscode/.local/lib/python3.10/site-packages/airflow/example_dags/plugins/event_listener.py
[2025-08-13T16:04:03.230+0000] {processor.py:838} WARNING - No viable dags retrieved from /home/vscode/.local/lib/python3.10/site-packages/airflow/example_dags/plugins/event_listener.py
[2025-08-13T16:04:03.238+0000] {processor.py:179} INFO - Processing /home/vscode/.local/lib/python3.10/site-packages/airflow/example_dags/plugins/event_listener.py took 0.014 seconds
[2025-08-13T16:04:35.667+0000] {processor.py:157} INFO - Started process (PID=9553) to work on /home/vscode/.local/lib/python3.10/site-packages/airflow/example_dags/plugins/event_listener.py
[2025-08-13T16:04:35.668+0000] {processor.py:826} INFO - Processing file /home/vscode/.local/lib/python3.10/site-packages/airflow/example_dags/plugins/event_listener.py for tasks to queue
[2025-08-13T16:04:35.671+0000] {logging_mixin.py:150} INFO - [2025-08-13T16:04:35.669+0000] {dagbag.py:541} INFO - Filling up the DagBag from /home/vscode/.local/lib/python3.10/site-packages/airflow/example_dags/plugins/event_listener.py
[2025-08-13T16:04:35.677+0000] {processor.py:838} WARNING - No viable dags retrieved from /home/vscode/.local/lib/python3.10/site-packages/airflow/example_dags/plugins/event_listener.py
[2025-08-13T16:04:35.711+0000] {processor.py:179} INFO - Processing /home/vscode/.local/lib/python3.10/site-packages/airflow/example_dags/plugins/event_listener.py took 0.055 seconds
[2025-08-13T16:05:11.458+0000] {processor.py:157} INFO - Started process (PID=9785) to work on /home/vscode/.local/lib/python3.10/site-packages/airflow/example_dags/plugins/event_listener.py
[2025-08-13T16:05:11.459+0000] {processor.py:826} INFO - Processing file /home/vscode/.local/lib/python3.10/site-packages/airflow/example_dags/plugins/event_listener.py for tasks to queue
[2025-08-13T16:05:11.460+0000] {logging_mixin.py:150} INFO - [2025-08-13T16:05:11.459+0000] {dagbag.py:541} INFO - Filling up the DagBag from /home/vscode/.local/lib/python3.10/site-packages/airflow/example_dags/plugins/event_listener.py
[2025-08-13T16:05:11.461+0000] {processor.py:838} WARNING - No viable dags retrieved from /home/vscode/.local/lib/python3.10/site-packages/airflow/example_dags/plugins/event_listener.py
[2025-08-13T16:05:11.468+0000] {processor.py:179} INFO - Processing /home/vscode/.local/lib/python3.10/site-packages/airflow/example_dags/plugins/event_listener.py took 0.012 seconds
[2025-08-13T16:05:43.609+0000] {processor.py:157} INFO - Started process (PID=10005) to work on /home/vscode/.local/lib/python3.10/site-packages/airflow/example_dags/plugins/event_listener.py
[2025-08-13T16:05:43.609+0000] {processor.py:826} INFO - Processing file /home/vscode/.local/lib/python3.10/site-packages/airflow/example_dags/plugins/event_listener.py for tasks to queue
[2025-08-13T16:05:43.610+0000] {logging_mixin.py:150} INFO - [2025-08-13T16:05:43.610+0000] {dagbag.py:541} INFO - Filling up the DagBag from /home/vscode/.local/lib/python3.10/site-packages/airflow/example_dags/plugins/event_listener.py
[2025-08-13T16:05:43.612+0000] {processor.py:838} WARNING - No viable dags retrieved from /home/vscode/.local/lib/python3.10/site-packages/airflow/example_dags/plugins/event_listener.py
[2025-08-13T16:05:43.618+0000] {processor.py:179} INFO - Processing /home/vscode/.local/lib/python3.10/site-packages/airflow/example_dags/plugins/event_listener.py took 0.012 seconds
[2025-08-13T16:06:14.449+0000] {processor.py:157} INFO - Started process (PID=10296) to work on /home/vscode/.local/lib/python3.10/site-packages/airflow/example_dags/plugins/event_listener.py
[2025-08-13T16:06:14.450+0000] {processor.py:826} INFO - Processing file /home/vscode/.local/lib/python3.10/site-packages/airflow/example_dags/plugins/event_listener.py for tasks to queue
[2025-08-13T16:06:14.450+0000] {logging_mixin.py:150} INFO - [2025-08-13T16:06:14.450+0000] {dagbag.py:541} INFO - Filling up the DagBag from /home/vscode/.local/lib/python3.10/site-packages/airflow/example_dags/plugins/event_listener.py
[2025-08-13T16:06:14.452+0000] {processor.py:838} WARNING - No viable dags retrieved from /home/vscode/.local/lib/python3.10/site-packages/airflow/example_dags/plugins/event_listener.py
[2025-08-13T16:06:14.459+0000] {processor.py:179} INFO - Processing /home/vscode/.local/lib/python3.10/site-packages/airflow/example_dags/plugins/event_listener.py took 0.012 seconds
[2025-08-13T16:06:45.286+0000] {processor.py:157} INFO - Started process (PID=10503) to work on /home/vscode/.local/lib/python3.10/site-packages/airflow/example_dags/plugins/event_listener.py
[2025-08-13T16:06:45.287+0000] {processor.py:826} INFO - Processing file /home/vscode/.local/lib/python3.10/site-packages/airflow/example_dags/plugins/event_listener.py for tasks to queue
[2025-08-13T16:06:45.287+0000] {logging_mixin.py:150} INFO - [2025-08-13T16:06:45.287+0000] {dagbag.py:541} INFO - Filling up the DagBag from /home/vscode/.local/lib/python3.10/site-packages/airflow/example_dags/plugins/event_listener.py
[2025-08-13T16:06:45.289+0000] {processor.py:838} WARNING - No viable dags retrieved from /home/vscode/.local/lib/python3.10/site-packages/airflow/example_dags/plugins/event_listener.py
[2025-08-13T16:06:45.295+0000] {processor.py:179} INFO - Processing /home/vscode/.local/lib/python3.10/site-packages/airflow/example_dags/plugins/event_listener.py took 0.011 seconds
[2025-08-13T16:07:15.956+0000] {processor.py:157} INFO - Started process (PID=10703) to work on /home/vscode/.local/lib/python3.10/site-packages/airflow/example_dags/plugins/event_listener.py
[2025-08-13T16:07:15.957+0000] {processor.py:826} INFO - Processing file /home/vscode/.local/lib/python3.10/site-packages/airflow/example_dags/plugins/event_listener.py for tasks to queue
[2025-08-13T16:07:15.957+0000] {logging_mixin.py:150} INFO - [2025-08-13T16:07:15.957+0000] {dagbag.py:541} INFO - Filling up the DagBag from /home/vscode/.local/lib/python3.10/site-packages/airflow/example_dags/plugins/event_listener.py
[2025-08-13T16:07:15.959+0000] {processor.py:838} WARNING - No viable dags retrieved from /home/vscode/.local/lib/python3.10/site-packages/airflow/example_dags/plugins/event_listener.py
[2025-08-13T16:07:15.966+0000] {processor.py:179} INFO - Processing /home/vscode/.local/lib/python3.10/site-packages/airflow/example_dags/plugins/event_listener.py took 0.012 seconds
