[2025-08-13T03:24:37.616+0000] {processor.py:157} INFO - Started process (PID=4641) to work on /workspaces/hands-on-introduction-data-engineering-4395021/airflow_env/lib/python3.10/site-packages/airflow/example_dags/plugins/workday.py
[2025-08-13T03:24:37.617+0000] {processor.py:826} INFO - Processing file /workspaces/hands-on-introduction-data-engineering-4395021/airflow_env/lib/python3.10/site-packages/airflow/example_dags/plugins/workday.py for tasks to queue
[2025-08-13T03:24:37.617+0000] {logging_mixin.py:150} INFO - [2025-08-13T03:24:37.617+0000] {dagbag.py:541} INFO - Filling up the DagBag from /workspaces/hands-on-introduction-data-engineering-4395021/airflow_env/lib/python3.10/site-packages/airflow/example_dags/plugins/workday.py
[2025-08-13T03:24:37.619+0000] {logging_mixin.py:150} INFO - [2025-08-13T03:24:37.619+0000] {workday.py:36} WARNING - Could not import pandas. Holidays will not be considered.
[2025-08-13T03:24:37.619+0000] {processor.py:838} WARNING - No viable dags retrieved from /workspaces/hands-on-introduction-data-engineering-4395021/airflow_env/lib/python3.10/site-packages/airflow/example_dags/plugins/workday.py
[2025-08-13T03:24:37.626+0000] {processor.py:179} INFO - Processing /workspaces/hands-on-introduction-data-engineering-4395021/airflow_env/lib/python3.10/site-packages/airflow/example_dags/plugins/workday.py took 0.012 seconds
[2025-08-13T03:25:27.279+0000] {processor.py:157} INFO - Started process (PID=5062) to work on /workspaces/hands-on-introduction-data-engineering-4395021/airflow_env/lib/python3.10/site-packages/airflow/example_dags/plugins/workday.py
[2025-08-13T03:25:27.280+0000] {processor.py:826} INFO - Processing file /workspaces/hands-on-introduction-data-engineering-4395021/airflow_env/lib/python3.10/site-packages/airflow/example_dags/plugins/workday.py for tasks to queue
[2025-08-13T03:25:27.281+0000] {logging_mixin.py:150} INFO - [2025-08-13T03:25:27.280+0000] {dagbag.py:541} INFO - Filling up the DagBag from /workspaces/hands-on-introduction-data-engineering-4395021/airflow_env/lib/python3.10/site-packages/airflow/example_dags/plugins/workday.py
[2025-08-13T03:25:27.283+0000] {logging_mixin.py:150} INFO - [2025-08-13T03:25:27.282+0000] {workday.py:36} WARNING - Could not import pandas. Holidays will not be considered.
[2025-08-13T03:25:27.283+0000] {processor.py:838} WARNING - No viable dags retrieved from /workspaces/hands-on-introduction-data-engineering-4395021/airflow_env/lib/python3.10/site-packages/airflow/example_dags/plugins/workday.py
[2025-08-13T03:25:27.289+0000] {processor.py:179} INFO - Processing /workspaces/hands-on-introduction-data-engineering-4395021/airflow_env/lib/python3.10/site-packages/airflow/example_dags/plugins/workday.py took 0.012 seconds
[2025-08-13T03:26:09.638+0000] {processor.py:157} INFO - Started process (PID=5348) to work on /workspaces/hands-on-introduction-data-engineering-4395021/airflow_env/lib/python3.10/site-packages/airflow/example_dags/plugins/workday.py
[2025-08-13T03:26:09.639+0000] {processor.py:826} INFO - Processing file /workspaces/hands-on-introduction-data-engineering-4395021/airflow_env/lib/python3.10/site-packages/airflow/example_dags/plugins/workday.py for tasks to queue
[2025-08-13T03:26:09.639+0000] {logging_mixin.py:150} INFO - [2025-08-13T03:26:09.639+0000] {dagbag.py:541} INFO - Filling up the DagBag from /workspaces/hands-on-introduction-data-engineering-4395021/airflow_env/lib/python3.10/site-packages/airflow/example_dags/plugins/workday.py
[2025-08-13T03:26:09.641+0000] {logging_mixin.py:150} INFO - [2025-08-13T03:26:09.641+0000] {workday.py:36} WARNING - Could not import pandas. Holidays will not be considered.
[2025-08-13T03:26:09.641+0000] {processor.py:838} WARNING - No viable dags retrieved from /workspaces/hands-on-introduction-data-engineering-4395021/airflow_env/lib/python3.10/site-packages/airflow/example_dags/plugins/workday.py
[2025-08-13T03:26:09.648+0000] {processor.py:179} INFO - Processing /workspaces/hands-on-introduction-data-engineering-4395021/airflow_env/lib/python3.10/site-packages/airflow/example_dags/plugins/workday.py took 0.012 seconds
[2025-08-13T03:26:56.218+0000] {processor.py:157} INFO - Started process (PID=5663) to work on /workspaces/hands-on-introduction-data-engineering-4395021/airflow_env/lib/python3.10/site-packages/airflow/example_dags/plugins/workday.py
[2025-08-13T03:26:56.218+0000] {processor.py:826} INFO - Processing file /workspaces/hands-on-introduction-data-engineering-4395021/airflow_env/lib/python3.10/site-packages/airflow/example_dags/plugins/workday.py for tasks to queue
[2025-08-13T03:26:56.219+0000] {logging_mixin.py:150} INFO - [2025-08-13T03:26:56.219+0000] {dagbag.py:541} INFO - Filling up the DagBag from /workspaces/hands-on-introduction-data-engineering-4395021/airflow_env/lib/python3.10/site-packages/airflow/example_dags/plugins/workday.py
[2025-08-13T03:26:56.221+0000] {logging_mixin.py:150} INFO - [2025-08-13T03:26:56.221+0000] {workday.py:36} WARNING - Could not import pandas. Holidays will not be considered.
[2025-08-13T03:26:56.221+0000] {processor.py:838} WARNING - No viable dags retrieved from /workspaces/hands-on-introduction-data-engineering-4395021/airflow_env/lib/python3.10/site-packages/airflow/example_dags/plugins/workday.py
[2025-08-13T03:26:56.228+0000] {processor.py:179} INFO - Processing /workspaces/hands-on-introduction-data-engineering-4395021/airflow_env/lib/python3.10/site-packages/airflow/example_dags/plugins/workday.py took 0.012 seconds
[2025-08-13T03:27:27.694+0000] {processor.py:157} INFO - Started process (PID=5866) to work on /workspaces/hands-on-introduction-data-engineering-4395021/airflow_env/lib/python3.10/site-packages/airflow/example_dags/plugins/workday.py
[2025-08-13T03:27:27.694+0000] {processor.py:826} INFO - Processing file /workspaces/hands-on-introduction-data-engineering-4395021/airflow_env/lib/python3.10/site-packages/airflow/example_dags/plugins/workday.py for tasks to queue
[2025-08-13T03:27:27.695+0000] {logging_mixin.py:150} INFO - [2025-08-13T03:27:27.695+0000] {dagbag.py:541} INFO - Filling up the DagBag from /workspaces/hands-on-introduction-data-engineering-4395021/airflow_env/lib/python3.10/site-packages/airflow/example_dags/plugins/workday.py
[2025-08-13T03:27:27.697+0000] {logging_mixin.py:150} INFO - [2025-08-13T03:27:27.697+0000] {workday.py:36} WARNING - Could not import pandas. Holidays will not be considered.
[2025-08-13T03:27:27.697+0000] {processor.py:838} WARNING - No viable dags retrieved from /workspaces/hands-on-introduction-data-engineering-4395021/airflow_env/lib/python3.10/site-packages/airflow/example_dags/plugins/workday.py
[2025-08-13T03:27:27.704+0000] {processor.py:179} INFO - Processing /workspaces/hands-on-introduction-data-engineering-4395021/airflow_env/lib/python3.10/site-packages/airflow/example_dags/plugins/workday.py took 0.012 seconds
[2025-08-13T03:28:02.636+0000] {processor.py:157} INFO - Started process (PID=6199) to work on /workspaces/hands-on-introduction-data-engineering-4395021/airflow_env/lib/python3.10/site-packages/airflow/example_dags/plugins/workday.py
[2025-08-13T03:28:02.637+0000] {processor.py:826} INFO - Processing file /workspaces/hands-on-introduction-data-engineering-4395021/airflow_env/lib/python3.10/site-packages/airflow/example_dags/plugins/workday.py for tasks to queue
[2025-08-13T03:28:02.638+0000] {logging_mixin.py:150} INFO - [2025-08-13T03:28:02.637+0000] {dagbag.py:541} INFO - Filling up the DagBag from /workspaces/hands-on-introduction-data-engineering-4395021/airflow_env/lib/python3.10/site-packages/airflow/example_dags/plugins/workday.py
[2025-08-13T03:28:02.640+0000] {logging_mixin.py:150} INFO - [2025-08-13T03:28:02.639+0000] {workday.py:36} WARNING - Could not import pandas. Holidays will not be considered.
[2025-08-13T03:28:02.640+0000] {processor.py:838} WARNING - No viable dags retrieved from /workspaces/hands-on-introduction-data-engineering-4395021/airflow_env/lib/python3.10/site-packages/airflow/example_dags/plugins/workday.py
[2025-08-13T03:28:02.646+0000] {processor.py:179} INFO - Processing /workspaces/hands-on-introduction-data-engineering-4395021/airflow_env/lib/python3.10/site-packages/airflow/example_dags/plugins/workday.py took 0.012 seconds
[2025-08-13T03:28:45.914+0000] {processor.py:157} INFO - Started process (PID=6532) to work on /workspaces/hands-on-introduction-data-engineering-4395021/airflow_env/lib/python3.10/site-packages/airflow/example_dags/plugins/workday.py
[2025-08-13T03:28:45.915+0000] {processor.py:826} INFO - Processing file /workspaces/hands-on-introduction-data-engineering-4395021/airflow_env/lib/python3.10/site-packages/airflow/example_dags/plugins/workday.py for tasks to queue
[2025-08-13T03:28:45.915+0000] {logging_mixin.py:150} INFO - [2025-08-13T03:28:45.915+0000] {dagbag.py:541} INFO - Filling up the DagBag from /workspaces/hands-on-introduction-data-engineering-4395021/airflow_env/lib/python3.10/site-packages/airflow/example_dags/plugins/workday.py
[2025-08-13T03:28:45.917+0000] {logging_mixin.py:150} INFO - [2025-08-13T03:28:45.917+0000] {workday.py:36} WARNING - Could not import pandas. Holidays will not be considered.
[2025-08-13T03:28:45.917+0000] {processor.py:838} WARNING - No viable dags retrieved from /workspaces/hands-on-introduction-data-engineering-4395021/airflow_env/lib/python3.10/site-packages/airflow/example_dags/plugins/workday.py
[2025-08-13T03:28:45.924+0000] {processor.py:179} INFO - Processing /workspaces/hands-on-introduction-data-engineering-4395021/airflow_env/lib/python3.10/site-packages/airflow/example_dags/plugins/workday.py took 0.013 seconds
[2025-08-13T03:29:16.759+0000] {processor.py:157} INFO - Started process (PID=6804) to work on /workspaces/hands-on-introduction-data-engineering-4395021/airflow_env/lib/python3.10/site-packages/airflow/example_dags/plugins/workday.py
[2025-08-13T03:29:16.760+0000] {processor.py:826} INFO - Processing file /workspaces/hands-on-introduction-data-engineering-4395021/airflow_env/lib/python3.10/site-packages/airflow/example_dags/plugins/workday.py for tasks to queue
[2025-08-13T03:29:16.761+0000] {logging_mixin.py:150} INFO - [2025-08-13T03:29:16.761+0000] {dagbag.py:541} INFO - Filling up the DagBag from /workspaces/hands-on-introduction-data-engineering-4395021/airflow_env/lib/python3.10/site-packages/airflow/example_dags/plugins/workday.py
[2025-08-13T03:29:16.765+0000] {logging_mixin.py:150} INFO - [2025-08-13T03:29:16.765+0000] {workday.py:36} WARNING - Could not import pandas. Holidays will not be considered.
[2025-08-13T03:29:16.766+0000] {processor.py:838} WARNING - No viable dags retrieved from /workspaces/hands-on-introduction-data-engineering-4395021/airflow_env/lib/python3.10/site-packages/airflow/example_dags/plugins/workday.py
[2025-08-13T03:29:16.776+0000] {processor.py:179} INFO - Processing /workspaces/hands-on-introduction-data-engineering-4395021/airflow_env/lib/python3.10/site-packages/airflow/example_dags/plugins/workday.py took 0.020 seconds
[2025-08-13T03:29:57.837+0000] {processor.py:157} INFO - Started process (PID=7287) to work on /workspaces/hands-on-introduction-data-engineering-4395021/airflow_env/lib/python3.10/site-packages/airflow/example_dags/plugins/workday.py
[2025-08-13T03:29:57.837+0000] {processor.py:826} INFO - Processing file /workspaces/hands-on-introduction-data-engineering-4395021/airflow_env/lib/python3.10/site-packages/airflow/example_dags/plugins/workday.py for tasks to queue
[2025-08-13T03:29:57.838+0000] {logging_mixin.py:150} INFO - [2025-08-13T03:29:57.838+0000] {dagbag.py:541} INFO - Filling up the DagBag from /workspaces/hands-on-introduction-data-engineering-4395021/airflow_env/lib/python3.10/site-packages/airflow/example_dags/plugins/workday.py
[2025-08-13T03:29:57.840+0000] {logging_mixin.py:150} INFO - [2025-08-13T03:29:57.840+0000] {workday.py:36} WARNING - Could not import pandas. Holidays will not be considered.
[2025-08-13T03:29:57.840+0000] {processor.py:838} WARNING - No viable dags retrieved from /workspaces/hands-on-introduction-data-engineering-4395021/airflow_env/lib/python3.10/site-packages/airflow/example_dags/plugins/workday.py
[2025-08-13T03:29:57.847+0000] {processor.py:179} INFO - Processing /workspaces/hands-on-introduction-data-engineering-4395021/airflow_env/lib/python3.10/site-packages/airflow/example_dags/plugins/workday.py took 0.012 seconds
[2025-08-13T03:30:38.985+0000] {processor.py:157} INFO - Started process (PID=7570) to work on /workspaces/hands-on-introduction-data-engineering-4395021/airflow_env/lib/python3.10/site-packages/airflow/example_dags/plugins/workday.py
[2025-08-13T03:30:38.986+0000] {processor.py:826} INFO - Processing file /workspaces/hands-on-introduction-data-engineering-4395021/airflow_env/lib/python3.10/site-packages/airflow/example_dags/plugins/workday.py for tasks to queue
[2025-08-13T03:30:38.986+0000] {logging_mixin.py:150} INFO - [2025-08-13T03:30:38.986+0000] {dagbag.py:541} INFO - Filling up the DagBag from /workspaces/hands-on-introduction-data-engineering-4395021/airflow_env/lib/python3.10/site-packages/airflow/example_dags/plugins/workday.py
[2025-08-13T03:30:38.988+0000] {logging_mixin.py:150} INFO - [2025-08-13T03:30:38.988+0000] {workday.py:36} WARNING - Could not import pandas. Holidays will not be considered.
[2025-08-13T03:30:38.988+0000] {processor.py:838} WARNING - No viable dags retrieved from /workspaces/hands-on-introduction-data-engineering-4395021/airflow_env/lib/python3.10/site-packages/airflow/example_dags/plugins/workday.py
[2025-08-13T03:30:38.995+0000] {processor.py:179} INFO - Processing /workspaces/hands-on-introduction-data-engineering-4395021/airflow_env/lib/python3.10/site-packages/airflow/example_dags/plugins/workday.py took 0.012 seconds
[2025-08-13T03:31:20.551+0000] {processor.py:157} INFO - Started process (PID=7841) to work on /workspaces/hands-on-introduction-data-engineering-4395021/airflow_env/lib/python3.10/site-packages/airflow/example_dags/plugins/workday.py
[2025-08-13T03:31:20.552+0000] {processor.py:826} INFO - Processing file /workspaces/hands-on-introduction-data-engineering-4395021/airflow_env/lib/python3.10/site-packages/airflow/example_dags/plugins/workday.py for tasks to queue
[2025-08-13T03:31:20.553+0000] {logging_mixin.py:150} INFO - [2025-08-13T03:31:20.553+0000] {dagbag.py:541} INFO - Filling up the DagBag from /workspaces/hands-on-introduction-data-engineering-4395021/airflow_env/lib/python3.10/site-packages/airflow/example_dags/plugins/workday.py
[2025-08-13T03:31:20.555+0000] {logging_mixin.py:150} INFO - [2025-08-13T03:31:20.555+0000] {workday.py:36} WARNING - Could not import pandas. Holidays will not be considered.
[2025-08-13T03:31:20.555+0000] {processor.py:838} WARNING - No viable dags retrieved from /workspaces/hands-on-introduction-data-engineering-4395021/airflow_env/lib/python3.10/site-packages/airflow/example_dags/plugins/workday.py
[2025-08-13T03:31:20.562+0000] {processor.py:179} INFO - Processing /workspaces/hands-on-introduction-data-engineering-4395021/airflow_env/lib/python3.10/site-packages/airflow/example_dags/plugins/workday.py took 0.013 seconds
[2025-08-13T03:31:51.262+0000] {processor.py:157} INFO - Started process (PID=8047) to work on /workspaces/hands-on-introduction-data-engineering-4395021/airflow_env/lib/python3.10/site-packages/airflow/example_dags/plugins/workday.py
[2025-08-13T03:31:51.262+0000] {processor.py:826} INFO - Processing file /workspaces/hands-on-introduction-data-engineering-4395021/airflow_env/lib/python3.10/site-packages/airflow/example_dags/plugins/workday.py for tasks to queue
[2025-08-13T03:31:51.263+0000] {logging_mixin.py:150} INFO - [2025-08-13T03:31:51.263+0000] {dagbag.py:541} INFO - Filling up the DagBag from /workspaces/hands-on-introduction-data-engineering-4395021/airflow_env/lib/python3.10/site-packages/airflow/example_dags/plugins/workday.py
[2025-08-13T03:31:51.265+0000] {logging_mixin.py:150} INFO - [2025-08-13T03:31:51.265+0000] {workday.py:36} WARNING - Could not import pandas. Holidays will not be considered.
[2025-08-13T03:31:51.265+0000] {processor.py:838} WARNING - No viable dags retrieved from /workspaces/hands-on-introduction-data-engineering-4395021/airflow_env/lib/python3.10/site-packages/airflow/example_dags/plugins/workday.py
[2025-08-13T03:31:51.272+0000] {processor.py:179} INFO - Processing /workspaces/hands-on-introduction-data-engineering-4395021/airflow_env/lib/python3.10/site-packages/airflow/example_dags/plugins/workday.py took 0.012 seconds
[2025-08-13T03:32:23.238+0000] {processor.py:157} INFO - Started process (PID=8261) to work on /workspaces/hands-on-introduction-data-engineering-4395021/airflow_env/lib/python3.10/site-packages/airflow/example_dags/plugins/workday.py
[2025-08-13T03:32:23.239+0000] {processor.py:826} INFO - Processing file /workspaces/hands-on-introduction-data-engineering-4395021/airflow_env/lib/python3.10/site-packages/airflow/example_dags/plugins/workday.py for tasks to queue
[2025-08-13T03:32:23.240+0000] {logging_mixin.py:150} INFO - [2025-08-13T03:32:23.239+0000] {dagbag.py:541} INFO - Filling up the DagBag from /workspaces/hands-on-introduction-data-engineering-4395021/airflow_env/lib/python3.10/site-packages/airflow/example_dags/plugins/workday.py
[2025-08-13T03:32:23.242+0000] {logging_mixin.py:150} INFO - [2025-08-13T03:32:23.241+0000] {workday.py:36} WARNING - Could not import pandas. Holidays will not be considered.
[2025-08-13T03:32:23.242+0000] {processor.py:838} WARNING - No viable dags retrieved from /workspaces/hands-on-introduction-data-engineering-4395021/airflow_env/lib/python3.10/site-packages/airflow/example_dags/plugins/workday.py
[2025-08-13T03:32:23.248+0000] {processor.py:179} INFO - Processing /workspaces/hands-on-introduction-data-engineering-4395021/airflow_env/lib/python3.10/site-packages/airflow/example_dags/plugins/workday.py took 0.013 seconds
[2025-08-13T03:32:54.653+0000] {processor.py:157} INFO - Started process (PID=8475) to work on /workspaces/hands-on-introduction-data-engineering-4395021/airflow_env/lib/python3.10/site-packages/airflow/example_dags/plugins/workday.py
[2025-08-13T03:32:54.653+0000] {processor.py:826} INFO - Processing file /workspaces/hands-on-introduction-data-engineering-4395021/airflow_env/lib/python3.10/site-packages/airflow/example_dags/plugins/workday.py for tasks to queue
[2025-08-13T03:32:54.654+0000] {logging_mixin.py:150} INFO - [2025-08-13T03:32:54.653+0000] {dagbag.py:541} INFO - Filling up the DagBag from /workspaces/hands-on-introduction-data-engineering-4395021/airflow_env/lib/python3.10/site-packages/airflow/example_dags/plugins/workday.py
[2025-08-13T03:32:54.656+0000] {logging_mixin.py:150} INFO - [2025-08-13T03:32:54.656+0000] {workday.py:36} WARNING - Could not import pandas. Holidays will not be considered.
[2025-08-13T03:32:54.656+0000] {processor.py:838} WARNING - No viable dags retrieved from /workspaces/hands-on-introduction-data-engineering-4395021/airflow_env/lib/python3.10/site-packages/airflow/example_dags/plugins/workday.py
[2025-08-13T03:32:54.662+0000] {processor.py:179} INFO - Processing /workspaces/hands-on-introduction-data-engineering-4395021/airflow_env/lib/python3.10/site-packages/airflow/example_dags/plugins/workday.py took 0.012 seconds
[2025-08-13T03:33:37.136+0000] {processor.py:157} INFO - Started process (PID=8754) to work on /workspaces/hands-on-introduction-data-engineering-4395021/airflow_env/lib/python3.10/site-packages/airflow/example_dags/plugins/workday.py
[2025-08-13T03:33:37.137+0000] {processor.py:826} INFO - Processing file /workspaces/hands-on-introduction-data-engineering-4395021/airflow_env/lib/python3.10/site-packages/airflow/example_dags/plugins/workday.py for tasks to queue
[2025-08-13T03:33:37.138+0000] {logging_mixin.py:150} INFO - [2025-08-13T03:33:37.137+0000] {dagbag.py:541} INFO - Filling up the DagBag from /workspaces/hands-on-introduction-data-engineering-4395021/airflow_env/lib/python3.10/site-packages/airflow/example_dags/plugins/workday.py
[2025-08-13T03:33:37.141+0000] {logging_mixin.py:150} INFO - [2025-08-13T03:33:37.140+0000] {workday.py:36} WARNING - Could not import pandas. Holidays will not be considered.
[2025-08-13T03:33:37.141+0000] {processor.py:838} WARNING - No viable dags retrieved from /workspaces/hands-on-introduction-data-engineering-4395021/airflow_env/lib/python3.10/site-packages/airflow/example_dags/plugins/workday.py
[2025-08-13T03:33:37.151+0000] {processor.py:179} INFO - Processing /workspaces/hands-on-introduction-data-engineering-4395021/airflow_env/lib/python3.10/site-packages/airflow/example_dags/plugins/workday.py took 0.018 seconds
[2025-08-13T03:34:22.078+0000] {processor.py:157} INFO - Started process (PID=9054) to work on /workspaces/hands-on-introduction-data-engineering-4395021/airflow_env/lib/python3.10/site-packages/airflow/example_dags/plugins/workday.py
[2025-08-13T03:34:22.079+0000] {processor.py:826} INFO - Processing file /workspaces/hands-on-introduction-data-engineering-4395021/airflow_env/lib/python3.10/site-packages/airflow/example_dags/plugins/workday.py for tasks to queue
[2025-08-13T03:34:22.079+0000] {logging_mixin.py:150} INFO - [2025-08-13T03:34:22.079+0000] {dagbag.py:541} INFO - Filling up the DagBag from /workspaces/hands-on-introduction-data-engineering-4395021/airflow_env/lib/python3.10/site-packages/airflow/example_dags/plugins/workday.py
[2025-08-13T03:34:22.081+0000] {logging_mixin.py:150} INFO - [2025-08-13T03:34:22.081+0000] {workday.py:36} WARNING - Could not import pandas. Holidays will not be considered.
[2025-08-13T03:34:22.082+0000] {processor.py:838} WARNING - No viable dags retrieved from /workspaces/hands-on-introduction-data-engineering-4395021/airflow_env/lib/python3.10/site-packages/airflow/example_dags/plugins/workday.py
[2025-08-13T03:34:22.088+0000] {processor.py:179} INFO - Processing /workspaces/hands-on-introduction-data-engineering-4395021/airflow_env/lib/python3.10/site-packages/airflow/example_dags/plugins/workday.py took 0.012 seconds
[2025-08-13T03:35:03.758+0000] {processor.py:157} INFO - Started process (PID=9389) to work on /workspaces/hands-on-introduction-data-engineering-4395021/airflow_env/lib/python3.10/site-packages/airflow/example_dags/plugins/workday.py
[2025-08-13T03:35:03.759+0000] {processor.py:826} INFO - Processing file /workspaces/hands-on-introduction-data-engineering-4395021/airflow_env/lib/python3.10/site-packages/airflow/example_dags/plugins/workday.py for tasks to queue
[2025-08-13T03:35:03.759+0000] {logging_mixin.py:150} INFO - [2025-08-13T03:35:03.759+0000] {dagbag.py:541} INFO - Filling up the DagBag from /workspaces/hands-on-introduction-data-engineering-4395021/airflow_env/lib/python3.10/site-packages/airflow/example_dags/plugins/workday.py
[2025-08-13T03:35:03.762+0000] {logging_mixin.py:150} INFO - [2025-08-13T03:35:03.762+0000] {workday.py:36} WARNING - Could not import pandas. Holidays will not be considered.
[2025-08-13T03:35:03.763+0000] {processor.py:838} WARNING - No viable dags retrieved from /workspaces/hands-on-introduction-data-engineering-4395021/airflow_env/lib/python3.10/site-packages/airflow/example_dags/plugins/workday.py
[2025-08-13T03:35:03.772+0000] {processor.py:179} INFO - Processing /workspaces/hands-on-introduction-data-engineering-4395021/airflow_env/lib/python3.10/site-packages/airflow/example_dags/plugins/workday.py took 0.017 seconds
[2025-08-13T03:35:50.079+0000] {processor.py:157} INFO - Started process (PID=9796) to work on /workspaces/hands-on-introduction-data-engineering-4395021/airflow_env/lib/python3.10/site-packages/airflow/example_dags/plugins/workday.py
[2025-08-13T03:35:50.080+0000] {processor.py:826} INFO - Processing file /workspaces/hands-on-introduction-data-engineering-4395021/airflow_env/lib/python3.10/site-packages/airflow/example_dags/plugins/workday.py for tasks to queue
[2025-08-13T03:35:50.081+0000] {logging_mixin.py:150} INFO - [2025-08-13T03:35:50.081+0000] {dagbag.py:541} INFO - Filling up the DagBag from /workspaces/hands-on-introduction-data-engineering-4395021/airflow_env/lib/python3.10/site-packages/airflow/example_dags/plugins/workday.py
[2025-08-13T03:35:50.084+0000] {logging_mixin.py:150} INFO - [2025-08-13T03:35:50.084+0000] {workday.py:36} WARNING - Could not import pandas. Holidays will not be considered.
[2025-08-13T03:35:50.084+0000] {processor.py:838} WARNING - No viable dags retrieved from /workspaces/hands-on-introduction-data-engineering-4395021/airflow_env/lib/python3.10/site-packages/airflow/example_dags/plugins/workday.py
[2025-08-13T03:35:50.091+0000] {processor.py:179} INFO - Processing /workspaces/hands-on-introduction-data-engineering-4395021/airflow_env/lib/python3.10/site-packages/airflow/example_dags/plugins/workday.py took 0.014 seconds
[2025-08-13T03:36:34.029+0000] {processor.py:157} INFO - Started process (PID=10184) to work on /workspaces/hands-on-introduction-data-engineering-4395021/airflow_env/lib/python3.10/site-packages/airflow/example_dags/plugins/workday.py
[2025-08-13T03:36:34.029+0000] {processor.py:826} INFO - Processing file /workspaces/hands-on-introduction-data-engineering-4395021/airflow_env/lib/python3.10/site-packages/airflow/example_dags/plugins/workday.py for tasks to queue
[2025-08-13T03:36:34.030+0000] {logging_mixin.py:150} INFO - [2025-08-13T03:36:34.030+0000] {dagbag.py:541} INFO - Filling up the DagBag from /workspaces/hands-on-introduction-data-engineering-4395021/airflow_env/lib/python3.10/site-packages/airflow/example_dags/plugins/workday.py
[2025-08-13T03:36:34.032+0000] {logging_mixin.py:150} INFO - [2025-08-13T03:36:34.032+0000] {workday.py:36} WARNING - Could not import pandas. Holidays will not be considered.
[2025-08-13T03:36:34.032+0000] {processor.py:838} WARNING - No viable dags retrieved from /workspaces/hands-on-introduction-data-engineering-4395021/airflow_env/lib/python3.10/site-packages/airflow/example_dags/plugins/workday.py
[2025-08-13T03:36:34.039+0000] {processor.py:179} INFO - Processing /workspaces/hands-on-introduction-data-engineering-4395021/airflow_env/lib/python3.10/site-packages/airflow/example_dags/plugins/workday.py took 0.013 seconds
[2025-08-13T03:37:14.264+0000] {processor.py:157} INFO - Started process (PID=10527) to work on /workspaces/hands-on-introduction-data-engineering-4395021/airflow_env/lib/python3.10/site-packages/airflow/example_dags/plugins/workday.py
[2025-08-13T03:37:14.264+0000] {processor.py:826} INFO - Processing file /workspaces/hands-on-introduction-data-engineering-4395021/airflow_env/lib/python3.10/site-packages/airflow/example_dags/plugins/workday.py for tasks to queue
[2025-08-13T03:37:14.265+0000] {logging_mixin.py:150} INFO - [2025-08-13T03:37:14.265+0000] {dagbag.py:541} INFO - Filling up the DagBag from /workspaces/hands-on-introduction-data-engineering-4395021/airflow_env/lib/python3.10/site-packages/airflow/example_dags/plugins/workday.py
[2025-08-13T03:37:14.267+0000] {logging_mixin.py:150} INFO - [2025-08-13T03:37:14.267+0000] {workday.py:36} WARNING - Could not import pandas. Holidays will not be considered.
[2025-08-13T03:37:14.267+0000] {processor.py:838} WARNING - No viable dags retrieved from /workspaces/hands-on-introduction-data-engineering-4395021/airflow_env/lib/python3.10/site-packages/airflow/example_dags/plugins/workday.py
[2025-08-13T03:37:14.274+0000] {processor.py:179} INFO - Processing /workspaces/hands-on-introduction-data-engineering-4395021/airflow_env/lib/python3.10/site-packages/airflow/example_dags/plugins/workday.py took 0.012 seconds
[2025-08-13T03:37:57.721+0000] {processor.py:157} INFO - Started process (PID=10921) to work on /workspaces/hands-on-introduction-data-engineering-4395021/airflow_env/lib/python3.10/site-packages/airflow/example_dags/plugins/workday.py
[2025-08-13T03:37:57.721+0000] {processor.py:826} INFO - Processing file /workspaces/hands-on-introduction-data-engineering-4395021/airflow_env/lib/python3.10/site-packages/airflow/example_dags/plugins/workday.py for tasks to queue
[2025-08-13T03:37:57.722+0000] {logging_mixin.py:150} INFO - [2025-08-13T03:37:57.722+0000] {dagbag.py:541} INFO - Filling up the DagBag from /workspaces/hands-on-introduction-data-engineering-4395021/airflow_env/lib/python3.10/site-packages/airflow/example_dags/plugins/workday.py
[2025-08-13T03:37:57.724+0000] {logging_mixin.py:150} INFO - [2025-08-13T03:37:57.724+0000] {workday.py:36} WARNING - Could not import pandas. Holidays will not be considered.
[2025-08-13T03:37:57.724+0000] {processor.py:838} WARNING - No viable dags retrieved from /workspaces/hands-on-introduction-data-engineering-4395021/airflow_env/lib/python3.10/site-packages/airflow/example_dags/plugins/workday.py
[2025-08-13T03:37:57.732+0000] {processor.py:179} INFO - Processing /workspaces/hands-on-introduction-data-engineering-4395021/airflow_env/lib/python3.10/site-packages/airflow/example_dags/plugins/workday.py took 0.014 seconds
[2025-08-13T03:38:42.812+0000] {processor.py:157} INFO - Started process (PID=11391) to work on /workspaces/hands-on-introduction-data-engineering-4395021/airflow_env/lib/python3.10/site-packages/airflow/example_dags/plugins/workday.py
[2025-08-13T03:38:42.813+0000] {processor.py:826} INFO - Processing file /workspaces/hands-on-introduction-data-engineering-4395021/airflow_env/lib/python3.10/site-packages/airflow/example_dags/plugins/workday.py for tasks to queue
[2025-08-13T03:38:42.814+0000] {logging_mixin.py:150} INFO - [2025-08-13T03:38:42.813+0000] {dagbag.py:541} INFO - Filling up the DagBag from /workspaces/hands-on-introduction-data-engineering-4395021/airflow_env/lib/python3.10/site-packages/airflow/example_dags/plugins/workday.py
[2025-08-13T03:38:42.816+0000] {logging_mixin.py:150} INFO - [2025-08-13T03:38:42.816+0000] {workday.py:36} WARNING - Could not import pandas. Holidays will not be considered.
[2025-08-13T03:38:42.816+0000] {processor.py:838} WARNING - No viable dags retrieved from /workspaces/hands-on-introduction-data-engineering-4395021/airflow_env/lib/python3.10/site-packages/airflow/example_dags/plugins/workday.py
[2025-08-13T03:38:42.823+0000] {processor.py:179} INFO - Processing /workspaces/hands-on-introduction-data-engineering-4395021/airflow_env/lib/python3.10/site-packages/airflow/example_dags/plugins/workday.py took 0.012 seconds
[2025-08-13T10:25:31.191+0000] {processor.py:157} INFO - Started process (PID=2227) to work on /workspaces/hands-on-introduction-data-engineering-4395021/airflow_env/lib/python3.10/site-packages/airflow/example_dags/plugins/workday.py
[2025-08-13T10:25:31.218+0000] {processor.py:826} INFO - Processing file /workspaces/hands-on-introduction-data-engineering-4395021/airflow_env/lib/python3.10/site-packages/airflow/example_dags/plugins/workday.py for tasks to queue
[2025-08-13T10:25:31.219+0000] {logging_mixin.py:150} INFO - [2025-08-13T10:25:31.218+0000] {dagbag.py:541} INFO - Filling up the DagBag from /workspaces/hands-on-introduction-data-engineering-4395021/airflow_env/lib/python3.10/site-packages/airflow/example_dags/plugins/workday.py
[2025-08-13T10:25:31.221+0000] {logging_mixin.py:150} INFO - [2025-08-13T10:25:31.221+0000] {workday.py:36} WARNING - Could not import pandas. Holidays will not be considered.
[2025-08-13T10:25:31.221+0000] {processor.py:838} WARNING - No viable dags retrieved from /workspaces/hands-on-introduction-data-engineering-4395021/airflow_env/lib/python3.10/site-packages/airflow/example_dags/plugins/workday.py
[2025-08-13T10:25:31.228+0000] {processor.py:179} INFO - Processing /workspaces/hands-on-introduction-data-engineering-4395021/airflow_env/lib/python3.10/site-packages/airflow/example_dags/plugins/workday.py took 0.038 seconds
[2025-08-13T10:26:13.654+0000] {processor.py:157} INFO - Started process (PID=2585) to work on /workspaces/hands-on-introduction-data-engineering-4395021/airflow_env/lib/python3.10/site-packages/airflow/example_dags/plugins/workday.py
[2025-08-13T10:26:13.655+0000] {processor.py:826} INFO - Processing file /workspaces/hands-on-introduction-data-engineering-4395021/airflow_env/lib/python3.10/site-packages/airflow/example_dags/plugins/workday.py for tasks to queue
[2025-08-13T10:26:13.655+0000] {logging_mixin.py:150} INFO - [2025-08-13T10:26:13.655+0000] {dagbag.py:541} INFO - Filling up the DagBag from /workspaces/hands-on-introduction-data-engineering-4395021/airflow_env/lib/python3.10/site-packages/airflow/example_dags/plugins/workday.py
[2025-08-13T10:26:13.658+0000] {logging_mixin.py:150} INFO - [2025-08-13T10:26:13.658+0000] {workday.py:36} WARNING - Could not import pandas. Holidays will not be considered.
[2025-08-13T10:26:13.658+0000] {processor.py:838} WARNING - No viable dags retrieved from /workspaces/hands-on-introduction-data-engineering-4395021/airflow_env/lib/python3.10/site-packages/airflow/example_dags/plugins/workday.py
[2025-08-13T10:26:13.668+0000] {processor.py:179} INFO - Processing /workspaces/hands-on-introduction-data-engineering-4395021/airflow_env/lib/python3.10/site-packages/airflow/example_dags/plugins/workday.py took 0.018 seconds
[2025-08-13T10:26:58.520+0000] {processor.py:157} INFO - Started process (PID=2893) to work on /workspaces/hands-on-introduction-data-engineering-4395021/airflow_env/lib/python3.10/site-packages/airflow/example_dags/plugins/workday.py
[2025-08-13T10:26:58.520+0000] {processor.py:826} INFO - Processing file /workspaces/hands-on-introduction-data-engineering-4395021/airflow_env/lib/python3.10/site-packages/airflow/example_dags/plugins/workday.py for tasks to queue
[2025-08-13T10:26:58.521+0000] {logging_mixin.py:150} INFO - [2025-08-13T10:26:58.521+0000] {dagbag.py:541} INFO - Filling up the DagBag from /workspaces/hands-on-introduction-data-engineering-4395021/airflow_env/lib/python3.10/site-packages/airflow/example_dags/plugins/workday.py
[2025-08-13T10:26:58.523+0000] {logging_mixin.py:150} INFO - [2025-08-13T10:26:58.523+0000] {workday.py:36} WARNING - Could not import pandas. Holidays will not be considered.
[2025-08-13T10:26:58.524+0000] {processor.py:838} WARNING - No viable dags retrieved from /workspaces/hands-on-introduction-data-engineering-4395021/airflow_env/lib/python3.10/site-packages/airflow/example_dags/plugins/workday.py
[2025-08-13T10:26:58.530+0000] {processor.py:179} INFO - Processing /workspaces/hands-on-introduction-data-engineering-4395021/airflow_env/lib/python3.10/site-packages/airflow/example_dags/plugins/workday.py took 0.012 seconds
[2025-08-13T10:27:41.160+0000] {processor.py:157} INFO - Started process (PID=3235) to work on /workspaces/hands-on-introduction-data-engineering-4395021/airflow_env/lib/python3.10/site-packages/airflow/example_dags/plugins/workday.py
[2025-08-13T10:27:41.161+0000] {processor.py:826} INFO - Processing file /workspaces/hands-on-introduction-data-engineering-4395021/airflow_env/lib/python3.10/site-packages/airflow/example_dags/plugins/workday.py for tasks to queue
[2025-08-13T10:27:41.162+0000] {logging_mixin.py:150} INFO - [2025-08-13T10:27:41.161+0000] {dagbag.py:541} INFO - Filling up the DagBag from /workspaces/hands-on-introduction-data-engineering-4395021/airflow_env/lib/python3.10/site-packages/airflow/example_dags/plugins/workday.py
[2025-08-13T10:27:41.164+0000] {logging_mixin.py:150} INFO - [2025-08-13T10:27:41.163+0000] {workday.py:36} WARNING - Could not import pandas. Holidays will not be considered.
[2025-08-13T10:27:41.164+0000] {processor.py:838} WARNING - No viable dags retrieved from /workspaces/hands-on-introduction-data-engineering-4395021/airflow_env/lib/python3.10/site-packages/airflow/example_dags/plugins/workday.py
[2025-08-13T10:27:41.170+0000] {processor.py:179} INFO - Processing /workspaces/hands-on-introduction-data-engineering-4395021/airflow_env/lib/python3.10/site-packages/airflow/example_dags/plugins/workday.py took 0.012 seconds
[2025-08-13T10:28:25.519+0000] {processor.py:157} INFO - Started process (PID=3606) to work on /workspaces/hands-on-introduction-data-engineering-4395021/airflow_env/lib/python3.10/site-packages/airflow/example_dags/plugins/workday.py
[2025-08-13T10:28:25.520+0000] {processor.py:826} INFO - Processing file /workspaces/hands-on-introduction-data-engineering-4395021/airflow_env/lib/python3.10/site-packages/airflow/example_dags/plugins/workday.py for tasks to queue
[2025-08-13T10:28:25.520+0000] {logging_mixin.py:150} INFO - [2025-08-13T10:28:25.520+0000] {dagbag.py:541} INFO - Filling up the DagBag from /workspaces/hands-on-introduction-data-engineering-4395021/airflow_env/lib/python3.10/site-packages/airflow/example_dags/plugins/workday.py
[2025-08-13T10:28:25.522+0000] {logging_mixin.py:150} INFO - [2025-08-13T10:28:25.522+0000] {workday.py:36} WARNING - Could not import pandas. Holidays will not be considered.
[2025-08-13T10:28:25.523+0000] {processor.py:838} WARNING - No viable dags retrieved from /workspaces/hands-on-introduction-data-engineering-4395021/airflow_env/lib/python3.10/site-packages/airflow/example_dags/plugins/workday.py
[2025-08-13T10:28:25.529+0000] {processor.py:179} INFO - Processing /workspaces/hands-on-introduction-data-engineering-4395021/airflow_env/lib/python3.10/site-packages/airflow/example_dags/plugins/workday.py took 0.013 seconds
[2025-08-13T10:29:09.477+0000] {processor.py:157} INFO - Started process (PID=3993) to work on /workspaces/hands-on-introduction-data-engineering-4395021/airflow_env/lib/python3.10/site-packages/airflow/example_dags/plugins/workday.py
[2025-08-13T10:29:09.478+0000] {processor.py:826} INFO - Processing file /workspaces/hands-on-introduction-data-engineering-4395021/airflow_env/lib/python3.10/site-packages/airflow/example_dags/plugins/workday.py for tasks to queue
[2025-08-13T10:29:09.478+0000] {logging_mixin.py:150} INFO - [2025-08-13T10:29:09.478+0000] {dagbag.py:541} INFO - Filling up the DagBag from /workspaces/hands-on-introduction-data-engineering-4395021/airflow_env/lib/python3.10/site-packages/airflow/example_dags/plugins/workday.py
[2025-08-13T10:29:09.481+0000] {logging_mixin.py:150} INFO - [2025-08-13T10:29:09.481+0000] {workday.py:36} WARNING - Could not import pandas. Holidays will not be considered.
[2025-08-13T10:29:09.482+0000] {processor.py:838} WARNING - No viable dags retrieved from /workspaces/hands-on-introduction-data-engineering-4395021/airflow_env/lib/python3.10/site-packages/airflow/example_dags/plugins/workday.py
[2025-08-13T10:29:09.491+0000] {processor.py:179} INFO - Processing /workspaces/hands-on-introduction-data-engineering-4395021/airflow_env/lib/python3.10/site-packages/airflow/example_dags/plugins/workday.py took 0.017 seconds
[2025-08-13T10:29:54.653+0000] {processor.py:157} INFO - Started process (PID=4310) to work on /workspaces/hands-on-introduction-data-engineering-4395021/airflow_env/lib/python3.10/site-packages/airflow/example_dags/plugins/workday.py
[2025-08-13T10:29:54.654+0000] {processor.py:826} INFO - Processing file /workspaces/hands-on-introduction-data-engineering-4395021/airflow_env/lib/python3.10/site-packages/airflow/example_dags/plugins/workday.py for tasks to queue
[2025-08-13T10:29:54.654+0000] {logging_mixin.py:150} INFO - [2025-08-13T10:29:54.654+0000] {dagbag.py:541} INFO - Filling up the DagBag from /workspaces/hands-on-introduction-data-engineering-4395021/airflow_env/lib/python3.10/site-packages/airflow/example_dags/plugins/workday.py
[2025-08-13T10:29:54.657+0000] {logging_mixin.py:150} INFO - [2025-08-13T10:29:54.656+0000] {workday.py:36} WARNING - Could not import pandas. Holidays will not be considered.
[2025-08-13T10:29:54.657+0000] {processor.py:838} WARNING - No viable dags retrieved from /workspaces/hands-on-introduction-data-engineering-4395021/airflow_env/lib/python3.10/site-packages/airflow/example_dags/plugins/workday.py
[2025-08-13T10:29:54.663+0000] {processor.py:179} INFO - Processing /workspaces/hands-on-introduction-data-engineering-4395021/airflow_env/lib/python3.10/site-packages/airflow/example_dags/plugins/workday.py took 0.012 seconds
[2025-08-13T10:30:39.173+0000] {processor.py:157} INFO - Started process (PID=4596) to work on /workspaces/hands-on-introduction-data-engineering-4395021/airflow_env/lib/python3.10/site-packages/airflow/example_dags/plugins/workday.py
[2025-08-13T10:30:39.173+0000] {processor.py:826} INFO - Processing file /workspaces/hands-on-introduction-data-engineering-4395021/airflow_env/lib/python3.10/site-packages/airflow/example_dags/plugins/workday.py for tasks to queue
[2025-08-13T10:30:39.174+0000] {logging_mixin.py:150} INFO - [2025-08-13T10:30:39.174+0000] {dagbag.py:541} INFO - Filling up the DagBag from /workspaces/hands-on-introduction-data-engineering-4395021/airflow_env/lib/python3.10/site-packages/airflow/example_dags/plugins/workday.py
[2025-08-13T10:30:39.176+0000] {logging_mixin.py:150} INFO - [2025-08-13T10:30:39.176+0000] {workday.py:36} WARNING - Could not import pandas. Holidays will not be considered.
[2025-08-13T10:30:39.176+0000] {processor.py:838} WARNING - No viable dags retrieved from /workspaces/hands-on-introduction-data-engineering-4395021/airflow_env/lib/python3.10/site-packages/airflow/example_dags/plugins/workday.py
[2025-08-13T10:30:39.183+0000] {processor.py:179} INFO - Processing /workspaces/hands-on-introduction-data-engineering-4395021/airflow_env/lib/python3.10/site-packages/airflow/example_dags/plugins/workday.py took 0.013 seconds
[2025-08-13T10:31:23.191+0000] {processor.py:157} INFO - Started process (PID=4925) to work on /workspaces/hands-on-introduction-data-engineering-4395021/airflow_env/lib/python3.10/site-packages/airflow/example_dags/plugins/workday.py
[2025-08-13T10:31:23.192+0000] {processor.py:826} INFO - Processing file /workspaces/hands-on-introduction-data-engineering-4395021/airflow_env/lib/python3.10/site-packages/airflow/example_dags/plugins/workday.py for tasks to queue
[2025-08-13T10:31:23.192+0000] {logging_mixin.py:150} INFO - [2025-08-13T10:31:23.192+0000] {dagbag.py:541} INFO - Filling up the DagBag from /workspaces/hands-on-introduction-data-engineering-4395021/airflow_env/lib/python3.10/site-packages/airflow/example_dags/plugins/workday.py
[2025-08-13T10:31:23.195+0000] {logging_mixin.py:150} INFO - [2025-08-13T10:31:23.194+0000] {workday.py:36} WARNING - Could not import pandas. Holidays will not be considered.
[2025-08-13T10:31:23.195+0000] {processor.py:838} WARNING - No viable dags retrieved from /workspaces/hands-on-introduction-data-engineering-4395021/airflow_env/lib/python3.10/site-packages/airflow/example_dags/plugins/workday.py
[2025-08-13T10:31:23.204+0000] {processor.py:179} INFO - Processing /workspaces/hands-on-introduction-data-engineering-4395021/airflow_env/lib/python3.10/site-packages/airflow/example_dags/plugins/workday.py took 0.015 seconds
[2025-08-13T10:32:06.453+0000] {processor.py:157} INFO - Started process (PID=5211) to work on /workspaces/hands-on-introduction-data-engineering-4395021/airflow_env/lib/python3.10/site-packages/airflow/example_dags/plugins/workday.py
[2025-08-13T10:32:06.454+0000] {processor.py:826} INFO - Processing file /workspaces/hands-on-introduction-data-engineering-4395021/airflow_env/lib/python3.10/site-packages/airflow/example_dags/plugins/workday.py for tasks to queue
[2025-08-13T10:32:06.454+0000] {logging_mixin.py:150} INFO - [2025-08-13T10:32:06.454+0000] {dagbag.py:541} INFO - Filling up the DagBag from /workspaces/hands-on-introduction-data-engineering-4395021/airflow_env/lib/python3.10/site-packages/airflow/example_dags/plugins/workday.py
[2025-08-13T10:32:06.456+0000] {logging_mixin.py:150} INFO - [2025-08-13T10:32:06.456+0000] {workday.py:36} WARNING - Could not import pandas. Holidays will not be considered.
[2025-08-13T10:32:06.457+0000] {processor.py:838} WARNING - No viable dags retrieved from /workspaces/hands-on-introduction-data-engineering-4395021/airflow_env/lib/python3.10/site-packages/airflow/example_dags/plugins/workday.py
[2025-08-13T10:32:06.463+0000] {processor.py:179} INFO - Processing /workspaces/hands-on-introduction-data-engineering-4395021/airflow_env/lib/python3.10/site-packages/airflow/example_dags/plugins/workday.py took 0.012 seconds
[2025-08-13T10:32:52.676+0000] {processor.py:157} INFO - Started process (PID=5549) to work on /workspaces/hands-on-introduction-data-engineering-4395021/airflow_env/lib/python3.10/site-packages/airflow/example_dags/plugins/workday.py
[2025-08-13T10:32:52.676+0000] {processor.py:826} INFO - Processing file /workspaces/hands-on-introduction-data-engineering-4395021/airflow_env/lib/python3.10/site-packages/airflow/example_dags/plugins/workday.py for tasks to queue
[2025-08-13T10:32:52.677+0000] {logging_mixin.py:150} INFO - [2025-08-13T10:32:52.677+0000] {dagbag.py:541} INFO - Filling up the DagBag from /workspaces/hands-on-introduction-data-engineering-4395021/airflow_env/lib/python3.10/site-packages/airflow/example_dags/plugins/workday.py
[2025-08-13T10:32:52.679+0000] {logging_mixin.py:150} INFO - [2025-08-13T10:32:52.679+0000] {workday.py:36} WARNING - Could not import pandas. Holidays will not be considered.
[2025-08-13T10:32:52.679+0000] {processor.py:838} WARNING - No viable dags retrieved from /workspaces/hands-on-introduction-data-engineering-4395021/airflow_env/lib/python3.10/site-packages/airflow/example_dags/plugins/workday.py
[2025-08-13T10:32:52.686+0000] {processor.py:179} INFO - Processing /workspaces/hands-on-introduction-data-engineering-4395021/airflow_env/lib/python3.10/site-packages/airflow/example_dags/plugins/workday.py took 0.012 seconds
[2025-08-13T10:33:34.936+0000] {processor.py:157} INFO - Started process (PID=5944) to work on /workspaces/hands-on-introduction-data-engineering-4395021/airflow_env/lib/python3.10/site-packages/airflow/example_dags/plugins/workday.py
[2025-08-13T10:33:34.936+0000] {processor.py:826} INFO - Processing file /workspaces/hands-on-introduction-data-engineering-4395021/airflow_env/lib/python3.10/site-packages/airflow/example_dags/plugins/workday.py for tasks to queue
[2025-08-13T10:33:34.937+0000] {logging_mixin.py:150} INFO - [2025-08-13T10:33:34.937+0000] {dagbag.py:541} INFO - Filling up the DagBag from /workspaces/hands-on-introduction-data-engineering-4395021/airflow_env/lib/python3.10/site-packages/airflow/example_dags/plugins/workday.py
[2025-08-13T10:33:34.939+0000] {logging_mixin.py:150} INFO - [2025-08-13T10:33:34.939+0000] {workday.py:36} WARNING - Could not import pandas. Holidays will not be considered.
[2025-08-13T10:33:34.940+0000] {processor.py:838} WARNING - No viable dags retrieved from /workspaces/hands-on-introduction-data-engineering-4395021/airflow_env/lib/python3.10/site-packages/airflow/example_dags/plugins/workday.py
[2025-08-13T10:33:34.946+0000] {processor.py:179} INFO - Processing /workspaces/hands-on-introduction-data-engineering-4395021/airflow_env/lib/python3.10/site-packages/airflow/example_dags/plugins/workday.py took 0.013 seconds
[2025-08-13T10:34:20.758+0000] {processor.py:157} INFO - Started process (PID=6302) to work on /workspaces/hands-on-introduction-data-engineering-4395021/airflow_env/lib/python3.10/site-packages/airflow/example_dags/plugins/workday.py
[2025-08-13T10:34:20.759+0000] {processor.py:826} INFO - Processing file /workspaces/hands-on-introduction-data-engineering-4395021/airflow_env/lib/python3.10/site-packages/airflow/example_dags/plugins/workday.py for tasks to queue
[2025-08-13T10:34:20.760+0000] {logging_mixin.py:150} INFO - [2025-08-13T10:34:20.759+0000] {dagbag.py:541} INFO - Filling up the DagBag from /workspaces/hands-on-introduction-data-engineering-4395021/airflow_env/lib/python3.10/site-packages/airflow/example_dags/plugins/workday.py
[2025-08-13T10:34:20.762+0000] {logging_mixin.py:150} INFO - [2025-08-13T10:34:20.762+0000] {workday.py:36} WARNING - Could not import pandas. Holidays will not be considered.
[2025-08-13T10:34:20.762+0000] {processor.py:838} WARNING - No viable dags retrieved from /workspaces/hands-on-introduction-data-engineering-4395021/airflow_env/lib/python3.10/site-packages/airflow/example_dags/plugins/workday.py
[2025-08-13T10:34:20.769+0000] {processor.py:179} INFO - Processing /workspaces/hands-on-introduction-data-engineering-4395021/airflow_env/lib/python3.10/site-packages/airflow/example_dags/plugins/workday.py took 0.012 seconds
[2025-08-13T10:35:07.316+0000] {processor.py:157} INFO - Started process (PID=6705) to work on /workspaces/hands-on-introduction-data-engineering-4395021/airflow_env/lib/python3.10/site-packages/airflow/example_dags/plugins/workday.py
[2025-08-13T10:35:07.317+0000] {processor.py:826} INFO - Processing file /workspaces/hands-on-introduction-data-engineering-4395021/airflow_env/lib/python3.10/site-packages/airflow/example_dags/plugins/workday.py for tasks to queue
[2025-08-13T10:35:07.318+0000] {logging_mixin.py:150} INFO - [2025-08-13T10:35:07.318+0000] {dagbag.py:541} INFO - Filling up the DagBag from /workspaces/hands-on-introduction-data-engineering-4395021/airflow_env/lib/python3.10/site-packages/airflow/example_dags/plugins/workday.py
[2025-08-13T10:35:07.321+0000] {logging_mixin.py:150} INFO - [2025-08-13T10:35:07.321+0000] {workday.py:36} WARNING - Could not import pandas. Holidays will not be considered.
[2025-08-13T10:35:07.322+0000] {processor.py:838} WARNING - No viable dags retrieved from /workspaces/hands-on-introduction-data-engineering-4395021/airflow_env/lib/python3.10/site-packages/airflow/example_dags/plugins/workday.py
[2025-08-13T10:35:07.332+0000] {processor.py:179} INFO - Processing /workspaces/hands-on-introduction-data-engineering-4395021/airflow_env/lib/python3.10/site-packages/airflow/example_dags/plugins/workday.py took 0.018 seconds
[2025-08-13T10:35:48.088+0000] {processor.py:157} INFO - Started process (PID=6976) to work on /workspaces/hands-on-introduction-data-engineering-4395021/airflow_env/lib/python3.10/site-packages/airflow/example_dags/plugins/workday.py
[2025-08-13T10:35:48.089+0000] {processor.py:826} INFO - Processing file /workspaces/hands-on-introduction-data-engineering-4395021/airflow_env/lib/python3.10/site-packages/airflow/example_dags/plugins/workday.py for tasks to queue
[2025-08-13T10:35:48.089+0000] {logging_mixin.py:150} INFO - [2025-08-13T10:35:48.089+0000] {dagbag.py:541} INFO - Filling up the DagBag from /workspaces/hands-on-introduction-data-engineering-4395021/airflow_env/lib/python3.10/site-packages/airflow/example_dags/plugins/workday.py
[2025-08-13T10:35:48.091+0000] {logging_mixin.py:150} INFO - [2025-08-13T10:35:48.091+0000] {workday.py:36} WARNING - Could not import pandas. Holidays will not be considered.
[2025-08-13T10:35:48.092+0000] {processor.py:838} WARNING - No viable dags retrieved from /workspaces/hands-on-introduction-data-engineering-4395021/airflow_env/lib/python3.10/site-packages/airflow/example_dags/plugins/workday.py
[2025-08-13T10:35:48.098+0000] {processor.py:179} INFO - Processing /workspaces/hands-on-introduction-data-engineering-4395021/airflow_env/lib/python3.10/site-packages/airflow/example_dags/plugins/workday.py took 0.013 seconds
[2025-08-13T10:36:25.206+0000] {processor.py:157} INFO - Started process (PID=7226) to work on /workspaces/hands-on-introduction-data-engineering-4395021/airflow_env/lib/python3.10/site-packages/airflow/example_dags/plugins/workday.py
[2025-08-13T10:36:25.207+0000] {processor.py:826} INFO - Processing file /workspaces/hands-on-introduction-data-engineering-4395021/airflow_env/lib/python3.10/site-packages/airflow/example_dags/plugins/workday.py for tasks to queue
[2025-08-13T10:36:25.207+0000] {logging_mixin.py:150} INFO - [2025-08-13T10:36:25.207+0000] {dagbag.py:541} INFO - Filling up the DagBag from /workspaces/hands-on-introduction-data-engineering-4395021/airflow_env/lib/python3.10/site-packages/airflow/example_dags/plugins/workday.py
[2025-08-13T10:36:25.209+0000] {logging_mixin.py:150} INFO - [2025-08-13T10:36:25.209+0000] {workday.py:36} WARNING - Could not import pandas. Holidays will not be considered.
[2025-08-13T10:36:25.210+0000] {processor.py:838} WARNING - No viable dags retrieved from /workspaces/hands-on-introduction-data-engineering-4395021/airflow_env/lib/python3.10/site-packages/airflow/example_dags/plugins/workday.py
[2025-08-13T10:36:25.216+0000] {processor.py:179} INFO - Processing /workspaces/hands-on-introduction-data-engineering-4395021/airflow_env/lib/python3.10/site-packages/airflow/example_dags/plugins/workday.py took 0.013 seconds
[2025-08-13T10:37:11.119+0000] {processor.py:157} INFO - Started process (PID=7529) to work on /workspaces/hands-on-introduction-data-engineering-4395021/airflow_env/lib/python3.10/site-packages/airflow/example_dags/plugins/workday.py
[2025-08-13T10:37:11.119+0000] {processor.py:826} INFO - Processing file /workspaces/hands-on-introduction-data-engineering-4395021/airflow_env/lib/python3.10/site-packages/airflow/example_dags/plugins/workday.py for tasks to queue
[2025-08-13T10:37:11.120+0000] {logging_mixin.py:150} INFO - [2025-08-13T10:37:11.120+0000] {dagbag.py:541} INFO - Filling up the DagBag from /workspaces/hands-on-introduction-data-engineering-4395021/airflow_env/lib/python3.10/site-packages/airflow/example_dags/plugins/workday.py
[2025-08-13T10:37:11.122+0000] {logging_mixin.py:150} INFO - [2025-08-13T10:37:11.122+0000] {workday.py:36} WARNING - Could not import pandas. Holidays will not be considered.
[2025-08-13T10:37:11.122+0000] {processor.py:838} WARNING - No viable dags retrieved from /workspaces/hands-on-introduction-data-engineering-4395021/airflow_env/lib/python3.10/site-packages/airflow/example_dags/plugins/workday.py
[2025-08-13T10:37:11.129+0000] {processor.py:179} INFO - Processing /workspaces/hands-on-introduction-data-engineering-4395021/airflow_env/lib/python3.10/site-packages/airflow/example_dags/plugins/workday.py took 0.012 seconds
[2025-08-13T10:37:49.136+0000] {processor.py:157} INFO - Started process (PID=7787) to work on /workspaces/hands-on-introduction-data-engineering-4395021/airflow_env/lib/python3.10/site-packages/airflow/example_dags/plugins/workday.py
[2025-08-13T10:37:49.137+0000] {processor.py:826} INFO - Processing file /workspaces/hands-on-introduction-data-engineering-4395021/airflow_env/lib/python3.10/site-packages/airflow/example_dags/plugins/workday.py for tasks to queue
[2025-08-13T10:37:49.137+0000] {logging_mixin.py:150} INFO - [2025-08-13T10:37:49.137+0000] {dagbag.py:541} INFO - Filling up the DagBag from /workspaces/hands-on-introduction-data-engineering-4395021/airflow_env/lib/python3.10/site-packages/airflow/example_dags/plugins/workday.py
[2025-08-13T10:37:49.139+0000] {logging_mixin.py:150} INFO - [2025-08-13T10:37:49.139+0000] {workday.py:36} WARNING - Could not import pandas. Holidays will not be considered.
[2025-08-13T10:37:49.140+0000] {processor.py:838} WARNING - No viable dags retrieved from /workspaces/hands-on-introduction-data-engineering-4395021/airflow_env/lib/python3.10/site-packages/airflow/example_dags/plugins/workday.py
[2025-08-13T10:37:49.146+0000] {processor.py:179} INFO - Processing /workspaces/hands-on-introduction-data-engineering-4395021/airflow_env/lib/python3.10/site-packages/airflow/example_dags/plugins/workday.py took 0.012 seconds
[2025-08-13T10:38:30.654+0000] {processor.py:157} INFO - Started process (PID=8105) to work on /workspaces/hands-on-introduction-data-engineering-4395021/airflow_env/lib/python3.10/site-packages/airflow/example_dags/plugins/workday.py
[2025-08-13T10:38:30.654+0000] {processor.py:826} INFO - Processing file /workspaces/hands-on-introduction-data-engineering-4395021/airflow_env/lib/python3.10/site-packages/airflow/example_dags/plugins/workday.py for tasks to queue
[2025-08-13T10:38:30.655+0000] {logging_mixin.py:150} INFO - [2025-08-13T10:38:30.655+0000] {dagbag.py:541} INFO - Filling up the DagBag from /workspaces/hands-on-introduction-data-engineering-4395021/airflow_env/lib/python3.10/site-packages/airflow/example_dags/plugins/workday.py
[2025-08-13T10:38:30.657+0000] {logging_mixin.py:150} INFO - [2025-08-13T10:38:30.657+0000] {workday.py:36} WARNING - Could not import pandas. Holidays will not be considered.
[2025-08-13T10:38:30.657+0000] {processor.py:838} WARNING - No viable dags retrieved from /workspaces/hands-on-introduction-data-engineering-4395021/airflow_env/lib/python3.10/site-packages/airflow/example_dags/plugins/workday.py
[2025-08-13T10:38:30.664+0000] {processor.py:179} INFO - Processing /workspaces/hands-on-introduction-data-engineering-4395021/airflow_env/lib/python3.10/site-packages/airflow/example_dags/plugins/workday.py took 0.013 seconds
[2025-08-13T10:39:15.004+0000] {processor.py:157} INFO - Started process (PID=8411) to work on /workspaces/hands-on-introduction-data-engineering-4395021/airflow_env/lib/python3.10/site-packages/airflow/example_dags/plugins/workday.py
[2025-08-13T10:39:15.004+0000] {processor.py:826} INFO - Processing file /workspaces/hands-on-introduction-data-engineering-4395021/airflow_env/lib/python3.10/site-packages/airflow/example_dags/plugins/workday.py for tasks to queue
[2025-08-13T10:39:15.005+0000] {logging_mixin.py:150} INFO - [2025-08-13T10:39:15.005+0000] {dagbag.py:541} INFO - Filling up the DagBag from /workspaces/hands-on-introduction-data-engineering-4395021/airflow_env/lib/python3.10/site-packages/airflow/example_dags/plugins/workday.py
[2025-08-13T10:39:15.007+0000] {logging_mixin.py:150} INFO - [2025-08-13T10:39:15.007+0000] {workday.py:36} WARNING - Could not import pandas. Holidays will not be considered.
[2025-08-13T10:39:15.007+0000] {processor.py:838} WARNING - No viable dags retrieved from /workspaces/hands-on-introduction-data-engineering-4395021/airflow_env/lib/python3.10/site-packages/airflow/example_dags/plugins/workday.py
[2025-08-13T10:39:15.014+0000] {processor.py:179} INFO - Processing /workspaces/hands-on-introduction-data-engineering-4395021/airflow_env/lib/python3.10/site-packages/airflow/example_dags/plugins/workday.py took 0.012 seconds
[2025-08-13T10:39:46.988+0000] {processor.py:157} INFO - Started process (PID=8617) to work on /workspaces/hands-on-introduction-data-engineering-4395021/airflow_env/lib/python3.10/site-packages/airflow/example_dags/plugins/workday.py
[2025-08-13T10:39:46.988+0000] {processor.py:826} INFO - Processing file /workspaces/hands-on-introduction-data-engineering-4395021/airflow_env/lib/python3.10/site-packages/airflow/example_dags/plugins/workday.py for tasks to queue
[2025-08-13T10:39:46.989+0000] {logging_mixin.py:150} INFO - [2025-08-13T10:39:46.989+0000] {dagbag.py:541} INFO - Filling up the DagBag from /workspaces/hands-on-introduction-data-engineering-4395021/airflow_env/lib/python3.10/site-packages/airflow/example_dags/plugins/workday.py
[2025-08-13T10:39:46.991+0000] {logging_mixin.py:150} INFO - [2025-08-13T10:39:46.991+0000] {workday.py:36} WARNING - Could not import pandas. Holidays will not be considered.
[2025-08-13T10:39:46.991+0000] {processor.py:838} WARNING - No viable dags retrieved from /workspaces/hands-on-introduction-data-engineering-4395021/airflow_env/lib/python3.10/site-packages/airflow/example_dags/plugins/workday.py
[2025-08-13T10:39:46.998+0000] {processor.py:179} INFO - Processing /workspaces/hands-on-introduction-data-engineering-4395021/airflow_env/lib/python3.10/site-packages/airflow/example_dags/plugins/workday.py took 0.012 seconds
[2025-08-13T10:40:29.161+0000] {processor.py:157} INFO - Started process (PID=8919) to work on /workspaces/hands-on-introduction-data-engineering-4395021/airflow_env/lib/python3.10/site-packages/airflow/example_dags/plugins/workday.py
[2025-08-13T10:40:29.161+0000] {processor.py:826} INFO - Processing file /workspaces/hands-on-introduction-data-engineering-4395021/airflow_env/lib/python3.10/site-packages/airflow/example_dags/plugins/workday.py for tasks to queue
[2025-08-13T10:40:29.162+0000] {logging_mixin.py:150} INFO - [2025-08-13T10:40:29.162+0000] {dagbag.py:541} INFO - Filling up the DagBag from /workspaces/hands-on-introduction-data-engineering-4395021/airflow_env/lib/python3.10/site-packages/airflow/example_dags/plugins/workday.py
[2025-08-13T10:40:29.164+0000] {logging_mixin.py:150} INFO - [2025-08-13T10:40:29.164+0000] {workday.py:36} WARNING - Could not import pandas. Holidays will not be considered.
[2025-08-13T10:40:29.164+0000] {processor.py:838} WARNING - No viable dags retrieved from /workspaces/hands-on-introduction-data-engineering-4395021/airflow_env/lib/python3.10/site-packages/airflow/example_dags/plugins/workday.py
[2025-08-13T10:40:29.171+0000] {processor.py:179} INFO - Processing /workspaces/hands-on-introduction-data-engineering-4395021/airflow_env/lib/python3.10/site-packages/airflow/example_dags/plugins/workday.py took 0.012 seconds
