[2025-08-13T02:42:21.176+0000] {processor.py:157} INFO - Started process (PID=7962) to work on /home/vscode/.local/lib/python3.10/site-packages/airflow/example_dags/subdags/subdag.py
[2025-08-13T02:42:21.177+0000] {processor.py:826} INFO - Processing file /home/vscode/.local/lib/python3.10/site-packages/airflow/example_dags/subdags/subdag.py for tasks to queue
[2025-08-13T02:42:21.178+0000] {logging_mixin.py:150} INFO - [2025-08-13T02:42:21.177+0000] {dagbag.py:541} INFO - Filling up the DagBag from /home/vscode/.local/lib/python3.10/site-packages/airflow/example_dags/subdags/subdag.py
[2025-08-13T02:42:21.180+0000] {processor.py:838} WARNING - No viable dags retrieved from /home/vscode/.local/lib/python3.10/site-packages/airflow/example_dags/subdags/subdag.py
[2025-08-13T02:42:21.189+0000] {processor.py:179} INFO - Processing /home/vscode/.local/lib/python3.10/site-packages/airflow/example_dags/subdags/subdag.py took 0.015 seconds
[2025-08-13T02:43:10.775+0000] {processor.py:157} INFO - Started process (PID=8307) to work on /home/vscode/.local/lib/python3.10/site-packages/airflow/example_dags/subdags/subdag.py
[2025-08-13T02:43:10.776+0000] {processor.py:826} INFO - Processing file /home/vscode/.local/lib/python3.10/site-packages/airflow/example_dags/subdags/subdag.py for tasks to queue
[2025-08-13T02:43:10.776+0000] {logging_mixin.py:150} INFO - [2025-08-13T02:43:10.776+0000] {dagbag.py:541} INFO - Filling up the DagBag from /home/vscode/.local/lib/python3.10/site-packages/airflow/example_dags/subdags/subdag.py
[2025-08-13T02:43:10.778+0000] {processor.py:838} WARNING - No viable dags retrieved from /home/vscode/.local/lib/python3.10/site-packages/airflow/example_dags/subdags/subdag.py
[2025-08-13T02:43:10.785+0000] {processor.py:179} INFO - Processing /home/vscode/.local/lib/python3.10/site-packages/airflow/example_dags/subdags/subdag.py took 0.012 seconds
[2025-08-13T02:43:44.302+0000] {processor.py:157} INFO - Started process (PID=8530) to work on /home/vscode/.local/lib/python3.10/site-packages/airflow/example_dags/subdags/subdag.py
[2025-08-13T02:43:44.303+0000] {processor.py:826} INFO - Processing file /home/vscode/.local/lib/python3.10/site-packages/airflow/example_dags/subdags/subdag.py for tasks to queue
[2025-08-13T02:43:44.304+0000] {logging_mixin.py:150} INFO - [2025-08-13T02:43:44.304+0000] {dagbag.py:541} INFO - Filling up the DagBag from /home/vscode/.local/lib/python3.10/site-packages/airflow/example_dags/subdags/subdag.py
[2025-08-13T02:43:44.306+0000] {processor.py:838} WARNING - No viable dags retrieved from /home/vscode/.local/lib/python3.10/site-packages/airflow/example_dags/subdags/subdag.py
[2025-08-13T02:43:44.313+0000] {processor.py:179} INFO - Processing /home/vscode/.local/lib/python3.10/site-packages/airflow/example_dags/subdags/subdag.py took 0.014 seconds
[2025-08-13T02:44:16.386+0000] {processor.py:157} INFO - Started process (PID=8744) to work on /home/vscode/.local/lib/python3.10/site-packages/airflow/example_dags/subdags/subdag.py
[2025-08-13T02:44:16.386+0000] {processor.py:826} INFO - Processing file /home/vscode/.local/lib/python3.10/site-packages/airflow/example_dags/subdags/subdag.py for tasks to queue
[2025-08-13T02:44:16.387+0000] {logging_mixin.py:150} INFO - [2025-08-13T02:44:16.387+0000] {dagbag.py:541} INFO - Filling up the DagBag from /home/vscode/.local/lib/python3.10/site-packages/airflow/example_dags/subdags/subdag.py
[2025-08-13T02:44:16.388+0000] {processor.py:838} WARNING - No viable dags retrieved from /home/vscode/.local/lib/python3.10/site-packages/airflow/example_dags/subdags/subdag.py
[2025-08-13T02:44:16.395+0000] {processor.py:179} INFO - Processing /home/vscode/.local/lib/python3.10/site-packages/airflow/example_dags/subdags/subdag.py took 0.012 seconds
