[2025-08-15T15:14:13.497+0000] {processor.py:157} INFO - Started process (PID=26899) to work on /workspaces/hands-on-introduction-data-engineering-4395021/airflow/dags/two_task_dag.py
[2025-08-15T15:14:13.498+0000] {processor.py:826} INFO - Processing file /workspaces/hands-on-introduction-data-engineering-4395021/airflow/dags/two_task_dag.py for tasks to queue
[2025-08-15T15:14:13.499+0000] {logging_mixin.py:150} INFO - [2025-08-15T15:14:13.498+0000] {dagbag.py:541} INFO - Filling up the DagBag from /workspaces/hands-on-introduction-data-engineering-4395021/airflow/dags/two_task_dag.py
[2025-08-15T15:14:13.516+0000] {processor.py:836} INFO - DAG(s) dict_keys(['two_task_dag']) retrieved from /workspaces/hands-on-introduction-data-engineering-4395021/airflow/dags/two_task_dag.py
[2025-08-15T15:14:13.702+0000] {logging_mixin.py:150} INFO - [2025-08-15T15:14:13.702+0000] {manager.py:504} INFO - Created Permission View: can read on DAG:two_task_dag
[2025-08-15T15:14:13.712+0000] {logging_mixin.py:150} INFO - [2025-08-15T15:14:13.712+0000] {manager.py:504} INFO - Created Permission View: can delete on DAG:two_task_dag
[2025-08-15T15:14:13.723+0000] {logging_mixin.py:150} INFO - [2025-08-15T15:14:13.723+0000] {manager.py:504} INFO - Created Permission View: can edit on DAG:two_task_dag
[2025-08-15T15:14:13.732+0000] {logging_mixin.py:150} INFO - [2025-08-15T15:14:13.732+0000] {dag.py:2742} INFO - Sync 1 DAGs
[2025-08-15T15:14:13.742+0000] {logging_mixin.py:150} INFO - [2025-08-15T15:14:13.742+0000] {dag.py:2763} INFO - Creating ORM DAG for two_task_dag
[2025-08-15T15:14:13.749+0000] {logging_mixin.py:150} INFO - [2025-08-15T15:14:13.749+0000] {dag.py:3504} INFO - Setting next_dagrun for two_task_dag to None, run_after=None
[2025-08-15T15:14:13.765+0000] {processor.py:179} INFO - Processing /workspaces/hands-on-introduction-data-engineering-4395021/airflow/dags/two_task_dag.py took 0.272 seconds
[2025-08-15T15:15:06.523+0000] {processor.py:157} INFO - Started process (PID=27485) to work on /workspaces/hands-on-introduction-data-engineering-4395021/airflow/dags/two_task_dag.py
[2025-08-15T15:15:06.524+0000] {processor.py:826} INFO - Processing file /workspaces/hands-on-introduction-data-engineering-4395021/airflow/dags/two_task_dag.py for tasks to queue
[2025-08-15T15:15:06.525+0000] {logging_mixin.py:150} INFO - [2025-08-15T15:15:06.524+0000] {dagbag.py:541} INFO - Filling up the DagBag from /workspaces/hands-on-introduction-data-engineering-4395021/airflow/dags/two_task_dag.py
[2025-08-15T15:15:06.529+0000] {processor.py:836} INFO - DAG(s) dict_keys(['two_task_dag']) retrieved from /workspaces/hands-on-introduction-data-engineering-4395021/airflow/dags/two_task_dag.py
[2025-08-15T15:15:06.540+0000] {logging_mixin.py:150} INFO - [2025-08-15T15:15:06.540+0000] {dag.py:2742} INFO - Sync 1 DAGs
[2025-08-15T15:15:06.555+0000] {logging_mixin.py:150} INFO - [2025-08-15T15:15:06.555+0000] {dag.py:3504} INFO - Setting next_dagrun for two_task_dag to None, run_after=None
[2025-08-15T15:15:06.570+0000] {processor.py:179} INFO - Processing /workspaces/hands-on-introduction-data-engineering-4395021/airflow/dags/two_task_dag.py took 0.049 seconds
[2025-08-15T15:15:43.666+0000] {processor.py:157} INFO - Started process (PID=27807) to work on /workspaces/hands-on-introduction-data-engineering-4395021/airflow/dags/two_task_dag.py
[2025-08-15T15:15:43.666+0000] {processor.py:826} INFO - Processing file /workspaces/hands-on-introduction-data-engineering-4395021/airflow/dags/two_task_dag.py for tasks to queue
[2025-08-15T15:15:43.667+0000] {logging_mixin.py:150} INFO - [2025-08-15T15:15:43.667+0000] {dagbag.py:541} INFO - Filling up the DagBag from /workspaces/hands-on-introduction-data-engineering-4395021/airflow/dags/two_task_dag.py
[2025-08-15T15:15:43.673+0000] {processor.py:836} INFO - DAG(s) dict_keys(['two_task_dag']) retrieved from /workspaces/hands-on-introduction-data-engineering-4395021/airflow/dags/two_task_dag.py
[2025-08-15T15:15:43.684+0000] {logging_mixin.py:150} INFO - [2025-08-15T15:15:43.684+0000] {dag.py:2742} INFO - Sync 1 DAGs
[2025-08-15T15:15:43.700+0000] {logging_mixin.py:150} INFO - [2025-08-15T15:15:43.700+0000] {dag.py:3504} INFO - Setting next_dagrun for two_task_dag to None, run_after=None
[2025-08-15T15:15:43.715+0000] {processor.py:179} INFO - Processing /workspaces/hands-on-introduction-data-engineering-4395021/airflow/dags/two_task_dag.py took 0.052 seconds
[2025-08-15T15:16:17.272+0000] {processor.py:157} INFO - Started process (PID=28154) to work on /workspaces/hands-on-introduction-data-engineering-4395021/airflow/dags/two_task_dag.py
[2025-08-15T15:16:17.273+0000] {processor.py:826} INFO - Processing file /workspaces/hands-on-introduction-data-engineering-4395021/airflow/dags/two_task_dag.py for tasks to queue
[2025-08-15T15:16:17.273+0000] {logging_mixin.py:150} INFO - [2025-08-15T15:16:17.273+0000] {dagbag.py:541} INFO - Filling up the DagBag from /workspaces/hands-on-introduction-data-engineering-4395021/airflow/dags/two_task_dag.py
[2025-08-15T15:16:17.278+0000] {processor.py:836} INFO - DAG(s) dict_keys(['two_task_dag']) retrieved from /workspaces/hands-on-introduction-data-engineering-4395021/airflow/dags/two_task_dag.py
[2025-08-15T15:16:17.289+0000] {logging_mixin.py:150} INFO - [2025-08-15T15:16:17.289+0000] {dag.py:2742} INFO - Sync 1 DAGs
[2025-08-15T15:16:17.304+0000] {logging_mixin.py:150} INFO - [2025-08-15T15:16:17.303+0000] {dag.py:3504} INFO - Setting next_dagrun for two_task_dag to None, run_after=None
[2025-08-15T15:16:17.319+0000] {processor.py:179} INFO - Processing /workspaces/hands-on-introduction-data-engineering-4395021/airflow/dags/two_task_dag.py took 0.049 seconds
[2025-08-15T15:16:48.240+0000] {processor.py:157} INFO - Started process (PID=28530) to work on /workspaces/hands-on-introduction-data-engineering-4395021/airflow/dags/two_task_dag.py
[2025-08-15T15:16:48.241+0000] {processor.py:826} INFO - Processing file /workspaces/hands-on-introduction-data-engineering-4395021/airflow/dags/two_task_dag.py for tasks to queue
[2025-08-15T15:16:48.242+0000] {logging_mixin.py:150} INFO - [2025-08-15T15:16:48.241+0000] {dagbag.py:541} INFO - Filling up the DagBag from /workspaces/hands-on-introduction-data-engineering-4395021/airflow/dags/two_task_dag.py
[2025-08-15T15:16:48.247+0000] {processor.py:836} INFO - DAG(s) dict_keys(['two_task_dag']) retrieved from /workspaces/hands-on-introduction-data-engineering-4395021/airflow/dags/two_task_dag.py
[2025-08-15T15:16:48.257+0000] {logging_mixin.py:150} INFO - [2025-08-15T15:16:48.257+0000] {dag.py:2742} INFO - Sync 1 DAGs
[2025-08-15T15:16:48.272+0000] {logging_mixin.py:150} INFO - [2025-08-15T15:16:48.272+0000] {dag.py:3504} INFO - Setting next_dagrun for two_task_dag to None, run_after=None
[2025-08-15T15:16:48.288+0000] {processor.py:179} INFO - Processing /workspaces/hands-on-introduction-data-engineering-4395021/airflow/dags/two_task_dag.py took 0.050 seconds
[2025-08-15T15:17:23.933+0000] {processor.py:157} INFO - Started process (PID=28875) to work on /workspaces/hands-on-introduction-data-engineering-4395021/airflow/dags/two_task_dag.py
[2025-08-15T15:17:23.934+0000] {processor.py:826} INFO - Processing file /workspaces/hands-on-introduction-data-engineering-4395021/airflow/dags/two_task_dag.py for tasks to queue
[2025-08-15T15:17:23.935+0000] {logging_mixin.py:150} INFO - [2025-08-15T15:17:23.934+0000] {dagbag.py:541} INFO - Filling up the DagBag from /workspaces/hands-on-introduction-data-engineering-4395021/airflow/dags/two_task_dag.py
[2025-08-15T15:17:23.939+0000] {processor.py:836} INFO - DAG(s) dict_keys(['two_task_dag']) retrieved from /workspaces/hands-on-introduction-data-engineering-4395021/airflow/dags/two_task_dag.py
[2025-08-15T15:17:23.954+0000] {logging_mixin.py:150} INFO - [2025-08-15T15:17:23.954+0000] {dag.py:2742} INFO - Sync 1 DAGs
[2025-08-15T15:17:23.971+0000] {logging_mixin.py:150} INFO - [2025-08-15T15:17:23.970+0000] {dag.py:3504} INFO - Setting next_dagrun for two_task_dag to None, run_after=None
[2025-08-15T15:17:23.986+0000] {processor.py:179} INFO - Processing /workspaces/hands-on-introduction-data-engineering-4395021/airflow/dags/two_task_dag.py took 0.055 seconds
[2025-08-15T15:17:54.257+0000] {processor.py:157} INFO - Started process (PID=29168) to work on /workspaces/hands-on-introduction-data-engineering-4395021/airflow/dags/two_task_dag.py
[2025-08-15T15:17:54.258+0000] {processor.py:826} INFO - Processing file /workspaces/hands-on-introduction-data-engineering-4395021/airflow/dags/two_task_dag.py for tasks to queue
[2025-08-15T15:17:54.258+0000] {logging_mixin.py:150} INFO - [2025-08-15T15:17:54.258+0000] {dagbag.py:541} INFO - Filling up the DagBag from /workspaces/hands-on-introduction-data-engineering-4395021/airflow/dags/two_task_dag.py
[2025-08-15T15:17:54.263+0000] {processor.py:836} INFO - DAG(s) dict_keys(['two_task_dag']) retrieved from /workspaces/hands-on-introduction-data-engineering-4395021/airflow/dags/two_task_dag.py
[2025-08-15T15:17:54.274+0000] {logging_mixin.py:150} INFO - [2025-08-15T15:17:54.274+0000] {dag.py:2742} INFO - Sync 1 DAGs
[2025-08-15T15:17:54.290+0000] {logging_mixin.py:150} INFO - [2025-08-15T15:17:54.290+0000] {dag.py:3504} INFO - Setting next_dagrun for two_task_dag to None, run_after=None
[2025-08-15T15:17:54.306+0000] {processor.py:179} INFO - Processing /workspaces/hands-on-introduction-data-engineering-4395021/airflow/dags/two_task_dag.py took 0.052 seconds
[2025-08-15T15:18:25.090+0000] {processor.py:157} INFO - Started process (PID=29379) to work on /workspaces/hands-on-introduction-data-engineering-4395021/airflow/dags/two_task_dag.py
[2025-08-15T15:18:25.091+0000] {processor.py:826} INFO - Processing file /workspaces/hands-on-introduction-data-engineering-4395021/airflow/dags/two_task_dag.py for tasks to queue
[2025-08-15T15:18:25.092+0000] {logging_mixin.py:150} INFO - [2025-08-15T15:18:25.091+0000] {dagbag.py:541} INFO - Filling up the DagBag from /workspaces/hands-on-introduction-data-engineering-4395021/airflow/dags/two_task_dag.py
[2025-08-15T15:18:25.097+0000] {processor.py:836} INFO - DAG(s) dict_keys(['two_task_dag']) retrieved from /workspaces/hands-on-introduction-data-engineering-4395021/airflow/dags/two_task_dag.py
[2025-08-15T15:18:25.107+0000] {logging_mixin.py:150} INFO - [2025-08-15T15:18:25.107+0000] {dag.py:2742} INFO - Sync 1 DAGs
[2025-08-15T15:18:25.122+0000] {logging_mixin.py:150} INFO - [2025-08-15T15:18:25.122+0000] {dag.py:3504} INFO - Setting next_dagrun for two_task_dag to None, run_after=None
[2025-08-15T15:18:25.137+0000] {processor.py:179} INFO - Processing /workspaces/hands-on-introduction-data-engineering-4395021/airflow/dags/two_task_dag.py took 0.049 seconds
[2025-08-15T15:19:09.247+0000] {processor.py:157} INFO - Started process (PID=29672) to work on /workspaces/hands-on-introduction-data-engineering-4395021/airflow/dags/two_task_dag.py
[2025-08-15T15:19:09.247+0000] {processor.py:826} INFO - Processing file /workspaces/hands-on-introduction-data-engineering-4395021/airflow/dags/two_task_dag.py for tasks to queue
[2025-08-15T15:19:09.248+0000] {logging_mixin.py:150} INFO - [2025-08-15T15:19:09.248+0000] {dagbag.py:541} INFO - Filling up the DagBag from /workspaces/hands-on-introduction-data-engineering-4395021/airflow/dags/two_task_dag.py
[2025-08-15T15:19:09.253+0000] {processor.py:836} INFO - DAG(s) dict_keys(['two_task_dag']) retrieved from /workspaces/hands-on-introduction-data-engineering-4395021/airflow/dags/two_task_dag.py
[2025-08-15T15:19:09.264+0000] {logging_mixin.py:150} INFO - [2025-08-15T15:19:09.264+0000] {dag.py:2742} INFO - Sync 1 DAGs
[2025-08-15T15:19:09.278+0000] {logging_mixin.py:150} INFO - [2025-08-15T15:19:09.278+0000] {dag.py:3504} INFO - Setting next_dagrun for two_task_dag to None, run_after=None
[2025-08-15T15:19:09.294+0000] {processor.py:179} INFO - Processing /workspaces/hands-on-introduction-data-engineering-4395021/airflow/dags/two_task_dag.py took 0.050 seconds
[2025-08-15T15:19:52.031+0000] {processor.py:157} INFO - Started process (PID=29958) to work on /workspaces/hands-on-introduction-data-engineering-4395021/airflow/dags/two_task_dag.py
[2025-08-15T15:19:52.032+0000] {processor.py:826} INFO - Processing file /workspaces/hands-on-introduction-data-engineering-4395021/airflow/dags/two_task_dag.py for tasks to queue
[2025-08-15T15:19:52.032+0000] {logging_mixin.py:150} INFO - [2025-08-15T15:19:52.032+0000] {dagbag.py:541} INFO - Filling up the DagBag from /workspaces/hands-on-introduction-data-engineering-4395021/airflow/dags/two_task_dag.py
[2025-08-15T15:19:52.037+0000] {processor.py:836} INFO - DAG(s) dict_keys(['two_task_dag']) retrieved from /workspaces/hands-on-introduction-data-engineering-4395021/airflow/dags/two_task_dag.py
[2025-08-15T15:19:52.048+0000] {logging_mixin.py:150} INFO - [2025-08-15T15:19:52.047+0000] {dag.py:2742} INFO - Sync 1 DAGs
[2025-08-15T15:19:52.062+0000] {logging_mixin.py:150} INFO - [2025-08-15T15:19:52.061+0000] {dag.py:3504} INFO - Setting next_dagrun for two_task_dag to None, run_after=None
[2025-08-15T15:19:52.076+0000] {processor.py:179} INFO - Processing /workspaces/hands-on-introduction-data-engineering-4395021/airflow/dags/two_task_dag.py took 0.048 seconds
[2025-08-15T15:20:32.505+0000] {processor.py:157} INFO - Started process (PID=31483) to work on /workspaces/hands-on-introduction-data-engineering-4395021/airflow/dags/two_task_dag.py
[2025-08-15T15:20:32.508+0000] {processor.py:826} INFO - Processing file /workspaces/hands-on-introduction-data-engineering-4395021/airflow/dags/two_task_dag.py for tasks to queue
[2025-08-15T15:20:32.509+0000] {logging_mixin.py:150} INFO - [2025-08-15T15:20:32.509+0000] {dagbag.py:541} INFO - Filling up the DagBag from /workspaces/hands-on-introduction-data-engineering-4395021/airflow/dags/two_task_dag.py
[2025-08-15T15:20:32.516+0000] {processor.py:836} INFO - DAG(s) dict_keys(['two_task_dag']) retrieved from /workspaces/hands-on-introduction-data-engineering-4395021/airflow/dags/two_task_dag.py
[2025-08-15T15:20:32.536+0000] {logging_mixin.py:150} INFO - [2025-08-15T15:20:32.534+0000] {dag.py:2742} INFO - Sync 1 DAGs
[2025-08-15T15:20:32.559+0000] {logging_mixin.py:150} INFO - [2025-08-15T15:20:32.559+0000] {dag.py:3504} INFO - Setting next_dagrun for two_task_dag to None, run_after=None
[2025-08-15T15:20:32.586+0000] {processor.py:179} INFO - Processing /workspaces/hands-on-introduction-data-engineering-4395021/airflow/dags/two_task_dag.py took 0.084 seconds
[2025-08-15T15:21:09.519+0000] {processor.py:157} INFO - Started process (PID=31752) to work on /workspaces/hands-on-introduction-data-engineering-4395021/airflow/dags/two_task_dag.py
[2025-08-15T15:21:09.520+0000] {processor.py:826} INFO - Processing file /workspaces/hands-on-introduction-data-engineering-4395021/airflow/dags/two_task_dag.py for tasks to queue
[2025-08-15T15:21:09.520+0000] {logging_mixin.py:150} INFO - [2025-08-15T15:21:09.520+0000] {dagbag.py:541} INFO - Filling up the DagBag from /workspaces/hands-on-introduction-data-engineering-4395021/airflow/dags/two_task_dag.py
[2025-08-15T15:21:09.526+0000] {processor.py:836} INFO - DAG(s) dict_keys(['two_task_dag']) retrieved from /workspaces/hands-on-introduction-data-engineering-4395021/airflow/dags/two_task_dag.py
[2025-08-15T15:21:09.537+0000] {logging_mixin.py:150} INFO - [2025-08-15T15:21:09.536+0000] {dag.py:2742} INFO - Sync 1 DAGs
[2025-08-15T15:21:09.552+0000] {logging_mixin.py:150} INFO - [2025-08-15T15:21:09.551+0000] {dag.py:3504} INFO - Setting next_dagrun for two_task_dag to None, run_after=None
[2025-08-15T15:21:09.568+0000] {processor.py:179} INFO - Processing /workspaces/hands-on-introduction-data-engineering-4395021/airflow/dags/two_task_dag.py took 0.051 seconds
[2025-08-15T15:21:55.797+0000] {processor.py:157} INFO - Started process (PID=32130) to work on /workspaces/hands-on-introduction-data-engineering-4395021/airflow/dags/two_task_dag.py
[2025-08-15T15:21:55.797+0000] {processor.py:826} INFO - Processing file /workspaces/hands-on-introduction-data-engineering-4395021/airflow/dags/two_task_dag.py for tasks to queue
[2025-08-15T15:21:55.798+0000] {logging_mixin.py:150} INFO - [2025-08-15T15:21:55.798+0000] {dagbag.py:541} INFO - Filling up the DagBag from /workspaces/hands-on-introduction-data-engineering-4395021/airflow/dags/two_task_dag.py
[2025-08-15T15:21:55.803+0000] {processor.py:836} INFO - DAG(s) dict_keys(['two_task_dag']) retrieved from /workspaces/hands-on-introduction-data-engineering-4395021/airflow/dags/two_task_dag.py
[2025-08-15T15:21:55.813+0000] {logging_mixin.py:150} INFO - [2025-08-15T15:21:55.813+0000] {dag.py:2742} INFO - Sync 1 DAGs
[2025-08-15T15:21:55.828+0000] {logging_mixin.py:150} INFO - [2025-08-15T15:21:55.827+0000] {dag.py:3504} INFO - Setting next_dagrun for two_task_dag to None, run_after=None
[2025-08-15T15:21:55.843+0000] {processor.py:179} INFO - Processing /workspaces/hands-on-introduction-data-engineering-4395021/airflow/dags/two_task_dag.py took 0.049 seconds
[2025-08-15T15:22:31.452+0000] {processor.py:157} INFO - Started process (PID=32406) to work on /workspaces/hands-on-introduction-data-engineering-4395021/airflow/dags/two_task_dag.py
[2025-08-15T15:22:31.453+0000] {processor.py:826} INFO - Processing file /workspaces/hands-on-introduction-data-engineering-4395021/airflow/dags/two_task_dag.py for tasks to queue
[2025-08-15T15:22:31.453+0000] {logging_mixin.py:150} INFO - [2025-08-15T15:22:31.453+0000] {dagbag.py:541} INFO - Filling up the DagBag from /workspaces/hands-on-introduction-data-engineering-4395021/airflow/dags/two_task_dag.py
[2025-08-15T15:22:31.458+0000] {processor.py:836} INFO - DAG(s) dict_keys(['two_task_dag']) retrieved from /workspaces/hands-on-introduction-data-engineering-4395021/airflow/dags/two_task_dag.py
[2025-08-15T15:22:31.469+0000] {logging_mixin.py:150} INFO - [2025-08-15T15:22:31.469+0000] {dag.py:2742} INFO - Sync 1 DAGs
[2025-08-15T15:22:31.483+0000] {logging_mixin.py:150} INFO - [2025-08-15T15:22:31.483+0000] {dag.py:3504} INFO - Setting next_dagrun for two_task_dag to None, run_after=None
[2025-08-15T15:22:31.499+0000] {processor.py:179} INFO - Processing /workspaces/hands-on-introduction-data-engineering-4395021/airflow/dags/two_task_dag.py took 0.049 seconds
[2025-08-15T15:23:02.188+0000] {processor.py:157} INFO - Started process (PID=32743) to work on /workspaces/hands-on-introduction-data-engineering-4395021/airflow/dags/two_task_dag.py
[2025-08-15T15:23:02.189+0000] {processor.py:826} INFO - Processing file /workspaces/hands-on-introduction-data-engineering-4395021/airflow/dags/two_task_dag.py for tasks to queue
[2025-08-15T15:23:02.190+0000] {logging_mixin.py:150} INFO - [2025-08-15T15:23:02.190+0000] {dagbag.py:541} INFO - Filling up the DagBag from /workspaces/hands-on-introduction-data-engineering-4395021/airflow/dags/two_task_dag.py
[2025-08-15T15:23:02.195+0000] {processor.py:836} INFO - DAG(s) dict_keys(['two_task_dag']) retrieved from /workspaces/hands-on-introduction-data-engineering-4395021/airflow/dags/two_task_dag.py
[2025-08-15T15:23:02.206+0000] {logging_mixin.py:150} INFO - [2025-08-15T15:23:02.205+0000] {dag.py:2742} INFO - Sync 1 DAGs
[2025-08-15T15:23:02.220+0000] {logging_mixin.py:150} INFO - [2025-08-15T15:23:02.220+0000] {dag.py:3504} INFO - Setting next_dagrun for two_task_dag to None, run_after=None
[2025-08-15T15:23:02.235+0000] {processor.py:179} INFO - Processing /workspaces/hands-on-introduction-data-engineering-4395021/airflow/dags/two_task_dag.py took 0.049 seconds
[2025-08-15T15:23:34.046+0000] {processor.py:157} INFO - Started process (PID=33132) to work on /workspaces/hands-on-introduction-data-engineering-4395021/airflow/dags/two_task_dag.py
[2025-08-15T15:23:34.046+0000] {processor.py:826} INFO - Processing file /workspaces/hands-on-introduction-data-engineering-4395021/airflow/dags/two_task_dag.py for tasks to queue
[2025-08-15T15:23:34.047+0000] {logging_mixin.py:150} INFO - [2025-08-15T15:23:34.047+0000] {dagbag.py:541} INFO - Filling up the DagBag from /workspaces/hands-on-introduction-data-engineering-4395021/airflow/dags/two_task_dag.py
[2025-08-15T15:23:34.052+0000] {processor.py:836} INFO - DAG(s) dict_keys(['two_task_dag']) retrieved from /workspaces/hands-on-introduction-data-engineering-4395021/airflow/dags/two_task_dag.py
[2025-08-15T15:23:34.062+0000] {logging_mixin.py:150} INFO - [2025-08-15T15:23:34.062+0000] {dag.py:2742} INFO - Sync 1 DAGs
[2025-08-15T15:23:34.076+0000] {logging_mixin.py:150} INFO - [2025-08-15T15:23:34.076+0000] {dag.py:3504} INFO - Setting next_dagrun for two_task_dag to None, run_after=None
[2025-08-15T15:23:34.093+0000] {processor.py:179} INFO - Processing /workspaces/hands-on-introduction-data-engineering-4395021/airflow/dags/two_task_dag.py took 0.049 seconds
[2025-08-15T15:24:05.391+0000] {processor.py:157} INFO - Started process (PID=33491) to work on /workspaces/hands-on-introduction-data-engineering-4395021/airflow/dags/two_task_dag.py
[2025-08-15T15:24:05.392+0000] {processor.py:826} INFO - Processing file /workspaces/hands-on-introduction-data-engineering-4395021/airflow/dags/two_task_dag.py for tasks to queue
[2025-08-15T15:24:05.393+0000] {logging_mixin.py:150} INFO - [2025-08-15T15:24:05.393+0000] {dagbag.py:541} INFO - Filling up the DagBag from /workspaces/hands-on-introduction-data-engineering-4395021/airflow/dags/two_task_dag.py
[2025-08-15T15:24:05.402+0000] {processor.py:836} INFO - DAG(s) dict_keys(['two_task_dag']) retrieved from /workspaces/hands-on-introduction-data-engineering-4395021/airflow/dags/two_task_dag.py
[2025-08-15T15:24:05.422+0000] {logging_mixin.py:150} INFO - [2025-08-15T15:24:05.421+0000] {dag.py:2742} INFO - Sync 1 DAGs
[2025-08-15T15:24:05.462+0000] {logging_mixin.py:150} INFO - [2025-08-15T15:24:05.462+0000] {dag.py:3504} INFO - Setting next_dagrun for two_task_dag to None, run_after=None
[2025-08-15T15:24:05.495+0000] {processor.py:179} INFO - Processing /workspaces/hands-on-introduction-data-engineering-4395021/airflow/dags/two_task_dag.py took 0.108 seconds
[2025-08-15T15:24:47.626+0000] {processor.py:157} INFO - Started process (PID=33967) to work on /workspaces/hands-on-introduction-data-engineering-4395021/airflow/dags/two_task_dag.py
[2025-08-15T15:24:47.627+0000] {processor.py:826} INFO - Processing file /workspaces/hands-on-introduction-data-engineering-4395021/airflow/dags/two_task_dag.py for tasks to queue
[2025-08-15T15:24:47.628+0000] {logging_mixin.py:150} INFO - [2025-08-15T15:24:47.627+0000] {dagbag.py:541} INFO - Filling up the DagBag from /workspaces/hands-on-introduction-data-engineering-4395021/airflow/dags/two_task_dag.py
[2025-08-15T15:24:47.632+0000] {processor.py:836} INFO - DAG(s) dict_keys(['two_task_dag']) retrieved from /workspaces/hands-on-introduction-data-engineering-4395021/airflow/dags/two_task_dag.py
[2025-08-15T15:24:47.643+0000] {logging_mixin.py:150} INFO - [2025-08-15T15:24:47.643+0000] {dag.py:2742} INFO - Sync 1 DAGs
[2025-08-15T15:24:47.658+0000] {logging_mixin.py:150} INFO - [2025-08-15T15:24:47.658+0000] {dag.py:3504} INFO - Setting next_dagrun for two_task_dag to None, run_after=None
[2025-08-15T15:24:47.673+0000] {processor.py:179} INFO - Processing /workspaces/hands-on-introduction-data-engineering-4395021/airflow/dags/two_task_dag.py took 0.049 seconds
[2025-08-15T15:25:19.709+0000] {processor.py:157} INFO - Started process (PID=34235) to work on /workspaces/hands-on-introduction-data-engineering-4395021/airflow/dags/two_task_dag.py
[2025-08-15T15:25:19.710+0000] {processor.py:826} INFO - Processing file /workspaces/hands-on-introduction-data-engineering-4395021/airflow/dags/two_task_dag.py for tasks to queue
[2025-08-15T15:25:19.711+0000] {logging_mixin.py:150} INFO - [2025-08-15T15:25:19.710+0000] {dagbag.py:541} INFO - Filling up the DagBag from /workspaces/hands-on-introduction-data-engineering-4395021/airflow/dags/two_task_dag.py
[2025-08-15T15:25:19.715+0000] {processor.py:836} INFO - DAG(s) dict_keys(['two_task_dag']) retrieved from /workspaces/hands-on-introduction-data-engineering-4395021/airflow/dags/two_task_dag.py
[2025-08-15T15:25:19.726+0000] {logging_mixin.py:150} INFO - [2025-08-15T15:25:19.726+0000] {dag.py:2742} INFO - Sync 1 DAGs
[2025-08-15T15:25:19.740+0000] {logging_mixin.py:150} INFO - [2025-08-15T15:25:19.740+0000] {dag.py:3504} INFO - Setting next_dagrun for two_task_dag to None, run_after=None
[2025-08-15T15:25:19.756+0000] {processor.py:179} INFO - Processing /workspaces/hands-on-introduction-data-engineering-4395021/airflow/dags/two_task_dag.py took 0.049 seconds
[2025-08-15T15:25:50.206+0000] {processor.py:157} INFO - Started process (PID=34459) to work on /workspaces/hands-on-introduction-data-engineering-4395021/airflow/dags/two_task_dag.py
[2025-08-15T15:25:50.207+0000] {processor.py:826} INFO - Processing file /workspaces/hands-on-introduction-data-engineering-4395021/airflow/dags/two_task_dag.py for tasks to queue
[2025-08-15T15:25:50.207+0000] {logging_mixin.py:150} INFO - [2025-08-15T15:25:50.207+0000] {dagbag.py:541} INFO - Filling up the DagBag from /workspaces/hands-on-introduction-data-engineering-4395021/airflow/dags/two_task_dag.py
[2025-08-15T15:25:50.212+0000] {processor.py:836} INFO - DAG(s) dict_keys(['two_task_dag']) retrieved from /workspaces/hands-on-introduction-data-engineering-4395021/airflow/dags/two_task_dag.py
[2025-08-15T15:25:50.224+0000] {logging_mixin.py:150} INFO - [2025-08-15T15:25:50.224+0000] {dag.py:2742} INFO - Sync 1 DAGs
[2025-08-15T15:25:50.242+0000] {logging_mixin.py:150} INFO - [2025-08-15T15:25:50.242+0000] {dag.py:3504} INFO - Setting next_dagrun for two_task_dag to None, run_after=None
[2025-08-15T15:25:50.260+0000] {processor.py:179} INFO - Processing /workspaces/hands-on-introduction-data-engineering-4395021/airflow/dags/two_task_dag.py took 0.057 seconds
[2025-08-15T15:26:20.387+0000] {processor.py:157} INFO - Started process (PID=34716) to work on /workspaces/hands-on-introduction-data-engineering-4395021/airflow/dags/two_task_dag.py
[2025-08-15T15:26:20.388+0000] {processor.py:826} INFO - Processing file /workspaces/hands-on-introduction-data-engineering-4395021/airflow/dags/two_task_dag.py for tasks to queue
[2025-08-15T15:26:20.388+0000] {logging_mixin.py:150} INFO - [2025-08-15T15:26:20.388+0000] {dagbag.py:541} INFO - Filling up the DagBag from /workspaces/hands-on-introduction-data-engineering-4395021/airflow/dags/two_task_dag.py
[2025-08-15T15:26:20.393+0000] {processor.py:836} INFO - DAG(s) dict_keys(['two_task_dag']) retrieved from /workspaces/hands-on-introduction-data-engineering-4395021/airflow/dags/two_task_dag.py
[2025-08-15T15:26:20.404+0000] {logging_mixin.py:150} INFO - [2025-08-15T15:26:20.404+0000] {dag.py:2742} INFO - Sync 1 DAGs
[2025-08-15T15:26:20.418+0000] {logging_mixin.py:150} INFO - [2025-08-15T15:26:20.418+0000] {dag.py:3504} INFO - Setting next_dagrun for two_task_dag to None, run_after=None
[2025-08-15T15:26:20.435+0000] {processor.py:179} INFO - Processing /workspaces/hands-on-introduction-data-engineering-4395021/airflow/dags/two_task_dag.py took 0.050 seconds
[2025-08-15T15:26:52.365+0000] {processor.py:157} INFO - Started process (PID=35024) to work on /workspaces/hands-on-introduction-data-engineering-4395021/airflow/dags/two_task_dag.py
[2025-08-15T15:26:52.366+0000] {processor.py:826} INFO - Processing file /workspaces/hands-on-introduction-data-engineering-4395021/airflow/dags/two_task_dag.py for tasks to queue
[2025-08-15T15:26:52.367+0000] {logging_mixin.py:150} INFO - [2025-08-15T15:26:52.366+0000] {dagbag.py:541} INFO - Filling up the DagBag from /workspaces/hands-on-introduction-data-engineering-4395021/airflow/dags/two_task_dag.py
[2025-08-15T15:26:52.371+0000] {processor.py:836} INFO - DAG(s) dict_keys(['two_task_dag']) retrieved from /workspaces/hands-on-introduction-data-engineering-4395021/airflow/dags/two_task_dag.py
[2025-08-15T15:26:52.382+0000] {logging_mixin.py:150} INFO - [2025-08-15T15:26:52.382+0000] {dag.py:2742} INFO - Sync 1 DAGs
[2025-08-15T15:26:52.397+0000] {logging_mixin.py:150} INFO - [2025-08-15T15:26:52.397+0000] {dag.py:3504} INFO - Setting next_dagrun for two_task_dag to None, run_after=None
[2025-08-15T15:26:52.413+0000] {processor.py:179} INFO - Processing /workspaces/hands-on-introduction-data-engineering-4395021/airflow/dags/two_task_dag.py took 0.050 seconds
[2025-08-15T15:27:23.427+0000] {processor.py:157} INFO - Started process (PID=35332) to work on /workspaces/hands-on-introduction-data-engineering-4395021/airflow/dags/two_task_dag.py
[2025-08-15T15:27:23.427+0000] {processor.py:826} INFO - Processing file /workspaces/hands-on-introduction-data-engineering-4395021/airflow/dags/two_task_dag.py for tasks to queue
[2025-08-15T15:27:23.428+0000] {logging_mixin.py:150} INFO - [2025-08-15T15:27:23.428+0000] {dagbag.py:541} INFO - Filling up the DagBag from /workspaces/hands-on-introduction-data-engineering-4395021/airflow/dags/two_task_dag.py
[2025-08-15T15:27:23.533+0000] {processor.py:836} INFO - DAG(s) dict_keys(['two_task_dag']) retrieved from /workspaces/hands-on-introduction-data-engineering-4395021/airflow/dags/two_task_dag.py
[2025-08-15T15:27:23.561+0000] {logging_mixin.py:150} INFO - [2025-08-15T15:27:23.561+0000] {dag.py:2742} INFO - Sync 1 DAGs
[2025-08-15T15:27:23.574+0000] {logging_mixin.py:150} INFO - [2025-08-15T15:27:23.574+0000] {dag.py:3504} INFO - Setting next_dagrun for two_task_dag to None, run_after=None
[2025-08-15T15:27:23.588+0000] {processor.py:179} INFO - Processing /workspaces/hands-on-introduction-data-engineering-4395021/airflow/dags/two_task_dag.py took 0.164 seconds
[2025-08-15T15:27:51.922+0000] {processor.py:157} INFO - Started process (PID=35653) to work on /workspaces/hands-on-introduction-data-engineering-4395021/airflow/dags/two_task_dag.py
[2025-08-15T15:27:51.923+0000] {processor.py:826} INFO - Processing file /workspaces/hands-on-introduction-data-engineering-4395021/airflow/dags/two_task_dag.py for tasks to queue
[2025-08-15T15:27:51.924+0000] {logging_mixin.py:150} INFO - [2025-08-15T15:27:51.923+0000] {dagbag.py:541} INFO - Filling up the DagBag from /workspaces/hands-on-introduction-data-engineering-4395021/airflow/dags/two_task_dag.py
[2025-08-15T15:27:51.933+0000] {processor.py:836} INFO - DAG(s) dict_keys(['two_task_dag']) retrieved from /workspaces/hands-on-introduction-data-engineering-4395021/airflow/dags/two_task_dag.py
[2025-08-15T15:27:52.043+0000] {logging_mixin.py:150} INFO - [2025-08-15T15:27:52.043+0000] {dag.py:2742} INFO - Sync 1 DAGs
[2025-08-15T15:27:52.056+0000] {logging_mixin.py:150} INFO - [2025-08-15T15:27:52.056+0000] {dag.py:3504} INFO - Setting next_dagrun for two_task_dag to None, run_after=None
[2025-08-15T15:27:52.074+0000] {processor.py:179} INFO - Processing /workspaces/hands-on-introduction-data-engineering-4395021/airflow/dags/two_task_dag.py took 0.154 seconds
[2025-08-15T15:28:22.235+0000] {processor.py:157} INFO - Started process (PID=35974) to work on /workspaces/hands-on-introduction-data-engineering-4395021/airflow/dags/two_task_dag.py
[2025-08-15T15:28:22.236+0000] {processor.py:826} INFO - Processing file /workspaces/hands-on-introduction-data-engineering-4395021/airflow/dags/two_task_dag.py for tasks to queue
[2025-08-15T15:28:22.237+0000] {logging_mixin.py:150} INFO - [2025-08-15T15:28:22.236+0000] {dagbag.py:541} INFO - Filling up the DagBag from /workspaces/hands-on-introduction-data-engineering-4395021/airflow/dags/two_task_dag.py
[2025-08-15T15:28:22.245+0000] {processor.py:836} INFO - DAG(s) dict_keys(['two_task_dag']) retrieved from /workspaces/hands-on-introduction-data-engineering-4395021/airflow/dags/two_task_dag.py
[2025-08-15T15:28:22.262+0000] {logging_mixin.py:150} INFO - [2025-08-15T15:28:22.262+0000] {dag.py:2742} INFO - Sync 1 DAGs
[2025-08-15T15:28:22.276+0000] {logging_mixin.py:150} INFO - [2025-08-15T15:28:22.276+0000] {dag.py:3504} INFO - Setting next_dagrun for two_task_dag to None, run_after=None
[2025-08-15T15:28:22.291+0000] {processor.py:179} INFO - Processing /workspaces/hands-on-introduction-data-engineering-4395021/airflow/dags/two_task_dag.py took 0.058 seconds
[2025-08-15T15:28:52.544+0000] {processor.py:157} INFO - Started process (PID=36168) to work on /workspaces/hands-on-introduction-data-engineering-4395021/airflow/dags/two_task_dag.py
[2025-08-15T15:28:52.545+0000] {processor.py:826} INFO - Processing file /workspaces/hands-on-introduction-data-engineering-4395021/airflow/dags/two_task_dag.py for tasks to queue
[2025-08-15T15:28:52.546+0000] {logging_mixin.py:150} INFO - [2025-08-15T15:28:52.545+0000] {dagbag.py:541} INFO - Filling up the DagBag from /workspaces/hands-on-introduction-data-engineering-4395021/airflow/dags/two_task_dag.py
[2025-08-15T15:28:52.554+0000] {processor.py:836} INFO - DAG(s) dict_keys(['two_task_dag']) retrieved from /workspaces/hands-on-introduction-data-engineering-4395021/airflow/dags/two_task_dag.py
[2025-08-15T15:28:52.571+0000] {logging_mixin.py:150} INFO - [2025-08-15T15:28:52.571+0000] {dag.py:2742} INFO - Sync 1 DAGs
[2025-08-15T15:28:52.586+0000] {logging_mixin.py:150} INFO - [2025-08-15T15:28:52.586+0000] {dag.py:3504} INFO - Setting next_dagrun for two_task_dag to None, run_after=None
[2025-08-15T15:28:52.601+0000] {processor.py:179} INFO - Processing /workspaces/hands-on-introduction-data-engineering-4395021/airflow/dags/two_task_dag.py took 0.059 seconds
[2025-08-15T15:29:22.852+0000] {processor.py:157} INFO - Started process (PID=36363) to work on /workspaces/hands-on-introduction-data-engineering-4395021/airflow/dags/two_task_dag.py
[2025-08-15T15:29:22.853+0000] {processor.py:826} INFO - Processing file /workspaces/hands-on-introduction-data-engineering-4395021/airflow/dags/two_task_dag.py for tasks to queue
[2025-08-15T15:29:22.854+0000] {logging_mixin.py:150} INFO - [2025-08-15T15:29:22.854+0000] {dagbag.py:541} INFO - Filling up the DagBag from /workspaces/hands-on-introduction-data-engineering-4395021/airflow/dags/two_task_dag.py
[2025-08-15T15:29:22.863+0000] {processor.py:836} INFO - DAG(s) dict_keys(['two_task_dag']) retrieved from /workspaces/hands-on-introduction-data-engineering-4395021/airflow/dags/two_task_dag.py
[2025-08-15T15:29:22.880+0000] {logging_mixin.py:150} INFO - [2025-08-15T15:29:22.880+0000] {dag.py:2742} INFO - Sync 1 DAGs
[2025-08-15T15:29:22.895+0000] {logging_mixin.py:150} INFO - [2025-08-15T15:29:22.895+0000] {dag.py:3504} INFO - Setting next_dagrun for two_task_dag to None, run_after=None
[2025-08-15T15:29:22.910+0000] {processor.py:179} INFO - Processing /workspaces/hands-on-introduction-data-engineering-4395021/airflow/dags/two_task_dag.py took 0.060 seconds
[2025-08-15T15:29:53.243+0000] {processor.py:157} INFO - Started process (PID=36592) to work on /workspaces/hands-on-introduction-data-engineering-4395021/airflow/dags/two_task_dag.py
[2025-08-15T15:29:53.244+0000] {processor.py:826} INFO - Processing file /workspaces/hands-on-introduction-data-engineering-4395021/airflow/dags/two_task_dag.py for tasks to queue
[2025-08-15T15:29:53.244+0000] {logging_mixin.py:150} INFO - [2025-08-15T15:29:53.244+0000] {dagbag.py:541} INFO - Filling up the DagBag from /workspaces/hands-on-introduction-data-engineering-4395021/airflow/dags/two_task_dag.py
[2025-08-15T15:29:53.256+0000] {processor.py:836} INFO - DAG(s) dict_keys(['two_task_dag']) retrieved from /workspaces/hands-on-introduction-data-engineering-4395021/airflow/dags/two_task_dag.py
[2025-08-15T15:29:53.277+0000] {logging_mixin.py:150} INFO - [2025-08-15T15:29:53.276+0000] {dag.py:2742} INFO - Sync 1 DAGs
[2025-08-15T15:29:53.292+0000] {logging_mixin.py:150} INFO - [2025-08-15T15:29:53.292+0000] {dag.py:3504} INFO - Setting next_dagrun for two_task_dag to None, run_after=None
[2025-08-15T15:29:53.307+0000] {processor.py:179} INFO - Processing /workspaces/hands-on-introduction-data-engineering-4395021/airflow/dags/two_task_dag.py took 0.066 seconds
[2025-08-15T15:30:23.599+0000] {processor.py:157} INFO - Started process (PID=36794) to work on /workspaces/hands-on-introduction-data-engineering-4395021/airflow/dags/two_task_dag.py
[2025-08-15T15:30:23.600+0000] {processor.py:826} INFO - Processing file /workspaces/hands-on-introduction-data-engineering-4395021/airflow/dags/two_task_dag.py for tasks to queue
[2025-08-15T15:30:23.601+0000] {logging_mixin.py:150} INFO - [2025-08-15T15:30:23.600+0000] {dagbag.py:541} INFO - Filling up the DagBag from /workspaces/hands-on-introduction-data-engineering-4395021/airflow/dags/two_task_dag.py
[2025-08-15T15:30:23.609+0000] {processor.py:836} INFO - DAG(s) dict_keys(['two_task_dag']) retrieved from /workspaces/hands-on-introduction-data-engineering-4395021/airflow/dags/two_task_dag.py
[2025-08-15T15:30:23.626+0000] {logging_mixin.py:150} INFO - [2025-08-15T15:30:23.626+0000] {dag.py:2742} INFO - Sync 1 DAGs
[2025-08-15T15:30:23.640+0000] {logging_mixin.py:150} INFO - [2025-08-15T15:30:23.640+0000] {dag.py:3504} INFO - Setting next_dagrun for two_task_dag to None, run_after=None
[2025-08-15T15:30:23.655+0000] {processor.py:179} INFO - Processing /workspaces/hands-on-introduction-data-engineering-4395021/airflow/dags/two_task_dag.py took 0.058 seconds
[2025-08-15T15:30:54.682+0000] {processor.py:157} INFO - Started process (PID=37080) to work on /workspaces/hands-on-introduction-data-engineering-4395021/airflow/dags/two_task_dag.py
[2025-08-15T15:30:54.683+0000] {processor.py:826} INFO - Processing file /workspaces/hands-on-introduction-data-engineering-4395021/airflow/dags/two_task_dag.py for tasks to queue
[2025-08-15T15:30:54.684+0000] {logging_mixin.py:150} INFO - [2025-08-15T15:30:54.684+0000] {dagbag.py:541} INFO - Filling up the DagBag from /workspaces/hands-on-introduction-data-engineering-4395021/airflow/dags/two_task_dag.py
[2025-08-15T15:30:54.692+0000] {processor.py:836} INFO - DAG(s) dict_keys(['two_task_dag']) retrieved from /workspaces/hands-on-introduction-data-engineering-4395021/airflow/dags/two_task_dag.py
[2025-08-15T15:30:54.710+0000] {logging_mixin.py:150} INFO - [2025-08-15T15:30:54.710+0000] {dag.py:2742} INFO - Sync 1 DAGs
[2025-08-15T15:30:54.724+0000] {logging_mixin.py:150} INFO - [2025-08-15T15:30:54.724+0000] {dag.py:3504} INFO - Setting next_dagrun for two_task_dag to None, run_after=None
[2025-08-15T15:30:54.739+0000] {processor.py:179} INFO - Processing /workspaces/hands-on-introduction-data-engineering-4395021/airflow/dags/two_task_dag.py took 0.059 seconds
[2025-08-15T15:31:25.791+0000] {processor.py:157} INFO - Started process (PID=37362) to work on /workspaces/hands-on-introduction-data-engineering-4395021/airflow/dags/two_task_dag.py
[2025-08-15T15:31:25.792+0000] {processor.py:826} INFO - Processing file /workspaces/hands-on-introduction-data-engineering-4395021/airflow/dags/two_task_dag.py for tasks to queue
[2025-08-15T15:31:25.794+0000] {logging_mixin.py:150} INFO - [2025-08-15T15:31:25.793+0000] {dagbag.py:541} INFO - Filling up the DagBag from /workspaces/hands-on-introduction-data-engineering-4395021/airflow/dags/two_task_dag.py
[2025-08-15T15:31:25.802+0000] {processor.py:836} INFO - DAG(s) dict_keys(['two_task_dag']) retrieved from /workspaces/hands-on-introduction-data-engineering-4395021/airflow/dags/two_task_dag.py
[2025-08-15T15:31:25.819+0000] {logging_mixin.py:150} INFO - [2025-08-15T15:31:25.819+0000] {dag.py:2742} INFO - Sync 1 DAGs
[2025-08-15T15:31:25.834+0000] {logging_mixin.py:150} INFO - [2025-08-15T15:31:25.834+0000] {dag.py:3504} INFO - Setting next_dagrun for two_task_dag to None, run_after=None
[2025-08-15T15:31:25.849+0000] {processor.py:179} INFO - Processing /workspaces/hands-on-introduction-data-engineering-4395021/airflow/dags/two_task_dag.py took 0.061 seconds
[2025-08-15T15:31:56.318+0000] {processor.py:157} INFO - Started process (PID=37650) to work on /workspaces/hands-on-introduction-data-engineering-4395021/airflow/dags/two_task_dag.py
[2025-08-15T15:31:56.318+0000] {processor.py:826} INFO - Processing file /workspaces/hands-on-introduction-data-engineering-4395021/airflow/dags/two_task_dag.py for tasks to queue
[2025-08-15T15:31:56.319+0000] {logging_mixin.py:150} INFO - [2025-08-15T15:31:56.319+0000] {dagbag.py:541} INFO - Filling up the DagBag from /workspaces/hands-on-introduction-data-engineering-4395021/airflow/dags/two_task_dag.py
[2025-08-15T15:31:56.328+0000] {processor.py:836} INFO - DAG(s) dict_keys(['two_task_dag']) retrieved from /workspaces/hands-on-introduction-data-engineering-4395021/airflow/dags/two_task_dag.py
[2025-08-15T15:31:56.345+0000] {logging_mixin.py:150} INFO - [2025-08-15T15:31:56.345+0000] {dag.py:2742} INFO - Sync 1 DAGs
[2025-08-15T15:31:56.360+0000] {logging_mixin.py:150} INFO - [2025-08-15T15:31:56.360+0000] {dag.py:3504} INFO - Setting next_dagrun for two_task_dag to None, run_after=None
[2025-08-15T15:31:56.376+0000] {processor.py:179} INFO - Processing /workspaces/hands-on-introduction-data-engineering-4395021/airflow/dags/two_task_dag.py took 0.061 seconds
[2025-08-15T15:32:26.623+0000] {processor.py:157} INFO - Started process (PID=37855) to work on /workspaces/hands-on-introduction-data-engineering-4395021/airflow/dags/two_task_dag.py
[2025-08-15T15:32:26.624+0000] {processor.py:826} INFO - Processing file /workspaces/hands-on-introduction-data-engineering-4395021/airflow/dags/two_task_dag.py for tasks to queue
[2025-08-15T15:32:26.625+0000] {logging_mixin.py:150} INFO - [2025-08-15T15:32:26.625+0000] {dagbag.py:541} INFO - Filling up the DagBag from /workspaces/hands-on-introduction-data-engineering-4395021/airflow/dags/two_task_dag.py
[2025-08-15T15:32:26.636+0000] {processor.py:836} INFO - DAG(s) dict_keys(['two_task_dag']) retrieved from /workspaces/hands-on-introduction-data-engineering-4395021/airflow/dags/two_task_dag.py
[2025-08-15T15:32:26.661+0000] {logging_mixin.py:150} INFO - [2025-08-15T15:32:26.660+0000] {dag.py:2742} INFO - Sync 1 DAGs
[2025-08-15T15:32:26.681+0000] {logging_mixin.py:150} INFO - [2025-08-15T15:32:26.681+0000] {dag.py:3504} INFO - Setting next_dagrun for two_task_dag to None, run_after=None
[2025-08-15T15:32:26.704+0000] {processor.py:179} INFO - Processing /workspaces/hands-on-introduction-data-engineering-4395021/airflow/dags/two_task_dag.py took 0.082 seconds
