[2025-08-13T16:12:49.467+0000] {processor.py:157} INFO - Started process (PID=13101) to work on /workspaces/hands-on-introduction-data-engineering-4395021/airflow/dags/one_task_dag.py
[2025-08-13T16:12:49.467+0000] {processor.py:826} INFO - Processing file /workspaces/hands-on-introduction-data-engineering-4395021/airflow/dags/one_task_dag.py for tasks to queue
[2025-08-13T16:12:49.468+0000] {logging_mixin.py:150} INFO - [2025-08-13T16:12:49.468+0000] {dagbag.py:541} INFO - Filling up the DagBag from /workspaces/hands-on-introduction-data-engineering-4395021/airflow/dags/one_task_dag.py
[2025-08-13T16:12:49.475+0000] {processor.py:836} INFO - DAG(s) dict_keys(['one_task_dag']) retrieved from /workspaces/hands-on-introduction-data-engineering-4395021/airflow/dags/one_task_dag.py
[2025-08-13T16:12:49.560+0000] {logging_mixin.py:150} INFO - [2025-08-13T16:12:49.560+0000] {manager.py:504} INFO - Created Permission View: can delete on DAG:one_task_dag
[2025-08-13T16:12:49.569+0000] {logging_mixin.py:150} INFO - [2025-08-13T16:12:49.569+0000] {manager.py:504} INFO - Created Permission View: can edit on DAG:one_task_dag
[2025-08-13T16:12:49.575+0000] {logging_mixin.py:150} INFO - [2025-08-13T16:12:49.575+0000] {manager.py:504} INFO - Created Permission View: can read on DAG:one_task_dag
[2025-08-13T16:12:49.584+0000] {logging_mixin.py:150} INFO - [2025-08-13T16:12:49.584+0000] {dag.py:2742} INFO - Sync 1 DAGs
[2025-08-13T16:12:49.590+0000] {logging_mixin.py:150} INFO - [2025-08-13T16:12:49.590+0000] {dag.py:2763} INFO - Creating ORM DAG for one_task_dag
[2025-08-13T16:12:49.597+0000] {logging_mixin.py:150} INFO - [2025-08-13T16:12:49.597+0000] {dag.py:3504} INFO - Setting next_dagrun for one_task_dag to None, run_after=None
[2025-08-13T16:12:49.611+0000] {processor.py:179} INFO - Processing /workspaces/hands-on-introduction-data-engineering-4395021/airflow/dags/one_task_dag.py took 0.146 seconds
[2025-08-13T16:13:19.741+0000] {processor.py:157} INFO - Started process (PID=13271) to work on /workspaces/hands-on-introduction-data-engineering-4395021/airflow/dags/one_task_dag.py
[2025-08-13T16:13:19.742+0000] {processor.py:826} INFO - Processing file /workspaces/hands-on-introduction-data-engineering-4395021/airflow/dags/one_task_dag.py for tasks to queue
[2025-08-13T16:13:19.742+0000] {logging_mixin.py:150} INFO - [2025-08-13T16:13:19.742+0000] {dagbag.py:541} INFO - Filling up the DagBag from /workspaces/hands-on-introduction-data-engineering-4395021/airflow/dags/one_task_dag.py
[2025-08-13T16:13:19.750+0000] {processor.py:836} INFO - DAG(s) dict_keys(['one_task_dag']) retrieved from /workspaces/hands-on-introduction-data-engineering-4395021/airflow/dags/one_task_dag.py
[2025-08-13T16:13:19.767+0000] {logging_mixin.py:150} INFO - [2025-08-13T16:13:19.766+0000] {dag.py:2742} INFO - Sync 1 DAGs
[2025-08-13T16:13:19.781+0000] {logging_mixin.py:150} INFO - [2025-08-13T16:13:19.781+0000] {dag.py:3504} INFO - Setting next_dagrun for one_task_dag to None, run_after=None
[2025-08-13T16:13:19.799+0000] {processor.py:179} INFO - Processing /workspaces/hands-on-introduction-data-engineering-4395021/airflow/dags/one_task_dag.py took 0.060 seconds
[2025-08-13T16:13:50.127+0000] {processor.py:157} INFO - Started process (PID=13446) to work on /workspaces/hands-on-introduction-data-engineering-4395021/airflow/dags/one_task_dag.py
[2025-08-13T16:13:50.127+0000] {processor.py:826} INFO - Processing file /workspaces/hands-on-introduction-data-engineering-4395021/airflow/dags/one_task_dag.py for tasks to queue
[2025-08-13T16:13:50.128+0000] {logging_mixin.py:150} INFO - [2025-08-13T16:13:50.128+0000] {dagbag.py:541} INFO - Filling up the DagBag from /workspaces/hands-on-introduction-data-engineering-4395021/airflow/dags/one_task_dag.py
[2025-08-13T16:13:50.135+0000] {processor.py:836} INFO - DAG(s) dict_keys(['one_task_dag']) retrieved from /workspaces/hands-on-introduction-data-engineering-4395021/airflow/dags/one_task_dag.py
[2025-08-13T16:13:50.151+0000] {logging_mixin.py:150} INFO - [2025-08-13T16:13:50.151+0000] {dag.py:2742} INFO - Sync 1 DAGs
[2025-08-13T16:13:50.165+0000] {logging_mixin.py:150} INFO - [2025-08-13T16:13:50.165+0000] {dag.py:3504} INFO - Setting next_dagrun for one_task_dag to None, run_after=None
[2025-08-13T16:13:50.179+0000] {processor.py:179} INFO - Processing /workspaces/hands-on-introduction-data-engineering-4395021/airflow/dags/one_task_dag.py took 0.055 seconds
[2025-08-13T16:14:20.286+0000] {processor.py:157} INFO - Started process (PID=13621) to work on /workspaces/hands-on-introduction-data-engineering-4395021/airflow/dags/one_task_dag.py
[2025-08-13T16:14:20.287+0000] {processor.py:826} INFO - Processing file /workspaces/hands-on-introduction-data-engineering-4395021/airflow/dags/one_task_dag.py for tasks to queue
[2025-08-13T16:14:20.287+0000] {logging_mixin.py:150} INFO - [2025-08-13T16:14:20.287+0000] {dagbag.py:541} INFO - Filling up the DagBag from /workspaces/hands-on-introduction-data-engineering-4395021/airflow/dags/one_task_dag.py
[2025-08-13T16:14:20.295+0000] {processor.py:836} INFO - DAG(s) dict_keys(['one_task_dag']) retrieved from /workspaces/hands-on-introduction-data-engineering-4395021/airflow/dags/one_task_dag.py
[2025-08-13T16:14:20.312+0000] {logging_mixin.py:150} INFO - [2025-08-13T16:14:20.311+0000] {dag.py:2742} INFO - Sync 1 DAGs
[2025-08-13T16:14:20.327+0000] {logging_mixin.py:150} INFO - [2025-08-13T16:14:20.326+0000] {dag.py:3504} INFO - Setting next_dagrun for one_task_dag to None, run_after=None
[2025-08-13T16:14:20.341+0000] {processor.py:179} INFO - Processing /workspaces/hands-on-introduction-data-engineering-4395021/airflow/dags/one_task_dag.py took 0.057 seconds
[2025-08-13T16:14:50.448+0000] {processor.py:157} INFO - Started process (PID=13783) to work on /workspaces/hands-on-introduction-data-engineering-4395021/airflow/dags/one_task_dag.py
[2025-08-13T16:14:50.449+0000] {processor.py:826} INFO - Processing file /workspaces/hands-on-introduction-data-engineering-4395021/airflow/dags/one_task_dag.py for tasks to queue
[2025-08-13T16:14:50.450+0000] {logging_mixin.py:150} INFO - [2025-08-13T16:14:50.450+0000] {dagbag.py:541} INFO - Filling up the DagBag from /workspaces/hands-on-introduction-data-engineering-4395021/airflow/dags/one_task_dag.py
[2025-08-13T16:14:50.458+0000] {processor.py:836} INFO - DAG(s) dict_keys(['one_task_dag']) retrieved from /workspaces/hands-on-introduction-data-engineering-4395021/airflow/dags/one_task_dag.py
[2025-08-13T16:14:50.474+0000] {logging_mixin.py:150} INFO - [2025-08-13T16:14:50.474+0000] {dag.py:2742} INFO - Sync 1 DAGs
[2025-08-13T16:14:50.489+0000] {logging_mixin.py:150} INFO - [2025-08-13T16:14:50.489+0000] {dag.py:3504} INFO - Setting next_dagrun for one_task_dag to None, run_after=None
[2025-08-13T16:14:50.504+0000] {processor.py:179} INFO - Processing /workspaces/hands-on-introduction-data-engineering-4395021/airflow/dags/one_task_dag.py took 0.058 seconds
[2025-08-13T16:15:20.609+0000] {processor.py:157} INFO - Started process (PID=13958) to work on /workspaces/hands-on-introduction-data-engineering-4395021/airflow/dags/one_task_dag.py
[2025-08-13T16:15:20.609+0000] {processor.py:826} INFO - Processing file /workspaces/hands-on-introduction-data-engineering-4395021/airflow/dags/one_task_dag.py for tasks to queue
[2025-08-13T16:15:20.610+0000] {logging_mixin.py:150} INFO - [2025-08-13T16:15:20.610+0000] {dagbag.py:541} INFO - Filling up the DagBag from /workspaces/hands-on-introduction-data-engineering-4395021/airflow/dags/one_task_dag.py
[2025-08-13T16:15:20.617+0000] {processor.py:836} INFO - DAG(s) dict_keys(['one_task_dag']) retrieved from /workspaces/hands-on-introduction-data-engineering-4395021/airflow/dags/one_task_dag.py
[2025-08-13T16:15:20.634+0000] {logging_mixin.py:150} INFO - [2025-08-13T16:15:20.634+0000] {dag.py:2742} INFO - Sync 1 DAGs
[2025-08-13T16:15:20.648+0000] {logging_mixin.py:150} INFO - [2025-08-13T16:15:20.648+0000] {dag.py:3504} INFO - Setting next_dagrun for one_task_dag to None, run_after=None
[2025-08-13T16:15:20.664+0000] {processor.py:179} INFO - Processing /workspaces/hands-on-introduction-data-engineering-4395021/airflow/dags/one_task_dag.py took 0.057 seconds
[2025-08-13T16:15:50.770+0000] {processor.py:157} INFO - Started process (PID=14127) to work on /workspaces/hands-on-introduction-data-engineering-4395021/airflow/dags/one_task_dag.py
[2025-08-13T16:15:50.771+0000] {processor.py:826} INFO - Processing file /workspaces/hands-on-introduction-data-engineering-4395021/airflow/dags/one_task_dag.py for tasks to queue
[2025-08-13T16:15:50.771+0000] {logging_mixin.py:150} INFO - [2025-08-13T16:15:50.771+0000] {dagbag.py:541} INFO - Filling up the DagBag from /workspaces/hands-on-introduction-data-engineering-4395021/airflow/dags/one_task_dag.py
[2025-08-13T16:15:50.779+0000] {processor.py:836} INFO - DAG(s) dict_keys(['one_task_dag']) retrieved from /workspaces/hands-on-introduction-data-engineering-4395021/airflow/dags/one_task_dag.py
[2025-08-13T16:15:50.794+0000] {logging_mixin.py:150} INFO - [2025-08-13T16:15:50.794+0000] {dag.py:2742} INFO - Sync 1 DAGs
[2025-08-13T16:15:50.809+0000] {logging_mixin.py:150} INFO - [2025-08-13T16:15:50.809+0000] {dag.py:3504} INFO - Setting next_dagrun for one_task_dag to None, run_after=None
[2025-08-13T16:15:50.824+0000] {processor.py:179} INFO - Processing /workspaces/hands-on-introduction-data-engineering-4395021/airflow/dags/one_task_dag.py took 0.056 seconds
[2025-08-13T16:16:20.932+0000] {processor.py:157} INFO - Started process (PID=14301) to work on /workspaces/hands-on-introduction-data-engineering-4395021/airflow/dags/one_task_dag.py
[2025-08-13T16:16:20.933+0000] {processor.py:826} INFO - Processing file /workspaces/hands-on-introduction-data-engineering-4395021/airflow/dags/one_task_dag.py for tasks to queue
[2025-08-13T16:16:20.933+0000] {logging_mixin.py:150} INFO - [2025-08-13T16:16:20.933+0000] {dagbag.py:541} INFO - Filling up the DagBag from /workspaces/hands-on-introduction-data-engineering-4395021/airflow/dags/one_task_dag.py
[2025-08-13T16:16:20.941+0000] {processor.py:836} INFO - DAG(s) dict_keys(['one_task_dag']) retrieved from /workspaces/hands-on-introduction-data-engineering-4395021/airflow/dags/one_task_dag.py
[2025-08-13T16:16:20.958+0000] {logging_mixin.py:150} INFO - [2025-08-13T16:16:20.957+0000] {dag.py:2742} INFO - Sync 1 DAGs
[2025-08-13T16:16:20.972+0000] {logging_mixin.py:150} INFO - [2025-08-13T16:16:20.972+0000] {dag.py:3504} INFO - Setting next_dagrun for one_task_dag to None, run_after=None
[2025-08-13T16:16:20.987+0000] {processor.py:179} INFO - Processing /workspaces/hands-on-introduction-data-engineering-4395021/airflow/dags/one_task_dag.py took 0.057 seconds
[2025-08-13T16:16:51.081+0000] {processor.py:157} INFO - Started process (PID=14470) to work on /workspaces/hands-on-introduction-data-engineering-4395021/airflow/dags/one_task_dag.py
[2025-08-13T16:16:51.082+0000] {processor.py:826} INFO - Processing file /workspaces/hands-on-introduction-data-engineering-4395021/airflow/dags/one_task_dag.py for tasks to queue
[2025-08-13T16:16:51.083+0000] {logging_mixin.py:150} INFO - [2025-08-13T16:16:51.082+0000] {dagbag.py:541} INFO - Filling up the DagBag from /workspaces/hands-on-introduction-data-engineering-4395021/airflow/dags/one_task_dag.py
[2025-08-13T16:16:51.090+0000] {processor.py:836} INFO - DAG(s) dict_keys(['one_task_dag']) retrieved from /workspaces/hands-on-introduction-data-engineering-4395021/airflow/dags/one_task_dag.py
[2025-08-13T16:16:51.106+0000] {logging_mixin.py:150} INFO - [2025-08-13T16:16:51.106+0000] {dag.py:2742} INFO - Sync 1 DAGs
[2025-08-13T16:16:51.121+0000] {logging_mixin.py:150} INFO - [2025-08-13T16:16:51.121+0000] {dag.py:3504} INFO - Setting next_dagrun for one_task_dag to None, run_after=None
[2025-08-13T16:16:51.136+0000] {processor.py:179} INFO - Processing /workspaces/hands-on-introduction-data-engineering-4395021/airflow/dags/one_task_dag.py took 0.058 seconds
[2025-08-13T16:17:21.240+0000] {processor.py:157} INFO - Started process (PID=14638) to work on /workspaces/hands-on-introduction-data-engineering-4395021/airflow/dags/one_task_dag.py
[2025-08-13T16:17:21.241+0000] {processor.py:826} INFO - Processing file /workspaces/hands-on-introduction-data-engineering-4395021/airflow/dags/one_task_dag.py for tasks to queue
[2025-08-13T16:17:21.241+0000] {logging_mixin.py:150} INFO - [2025-08-13T16:17:21.241+0000] {dagbag.py:541} INFO - Filling up the DagBag from /workspaces/hands-on-introduction-data-engineering-4395021/airflow/dags/one_task_dag.py
[2025-08-13T16:17:21.249+0000] {processor.py:836} INFO - DAG(s) dict_keys(['one_task_dag']) retrieved from /workspaces/hands-on-introduction-data-engineering-4395021/airflow/dags/one_task_dag.py
[2025-08-13T16:17:21.265+0000] {logging_mixin.py:150} INFO - [2025-08-13T16:17:21.265+0000] {dag.py:2742} INFO - Sync 1 DAGs
[2025-08-13T16:17:21.279+0000] {logging_mixin.py:150} INFO - [2025-08-13T16:17:21.279+0000] {dag.py:3504} INFO - Setting next_dagrun for one_task_dag to None, run_after=None
[2025-08-13T16:17:21.293+0000] {processor.py:179} INFO - Processing /workspaces/hands-on-introduction-data-engineering-4395021/airflow/dags/one_task_dag.py took 0.056 seconds
[2025-08-13T16:17:51.402+0000] {processor.py:157} INFO - Started process (PID=14813) to work on /workspaces/hands-on-introduction-data-engineering-4395021/airflow/dags/one_task_dag.py
[2025-08-13T16:17:51.402+0000] {processor.py:826} INFO - Processing file /workspaces/hands-on-introduction-data-engineering-4395021/airflow/dags/one_task_dag.py for tasks to queue
[2025-08-13T16:17:51.403+0000] {logging_mixin.py:150} INFO - [2025-08-13T16:17:51.403+0000] {dagbag.py:541} INFO - Filling up the DagBag from /workspaces/hands-on-introduction-data-engineering-4395021/airflow/dags/one_task_dag.py
[2025-08-13T16:17:51.411+0000] {processor.py:836} INFO - DAG(s) dict_keys(['one_task_dag']) retrieved from /workspaces/hands-on-introduction-data-engineering-4395021/airflow/dags/one_task_dag.py
[2025-08-13T16:17:51.427+0000] {logging_mixin.py:150} INFO - [2025-08-13T16:17:51.427+0000] {dag.py:2742} INFO - Sync 1 DAGs
[2025-08-13T16:17:51.441+0000] {logging_mixin.py:150} INFO - [2025-08-13T16:17:51.441+0000] {dag.py:3504} INFO - Setting next_dagrun for one_task_dag to None, run_after=None
[2025-08-13T16:17:51.456+0000] {processor.py:179} INFO - Processing /workspaces/hands-on-introduction-data-engineering-4395021/airflow/dags/one_task_dag.py took 0.056 seconds
[2025-08-13T16:18:21.563+0000] {processor.py:157} INFO - Started process (PID=14982) to work on /workspaces/hands-on-introduction-data-engineering-4395021/airflow/dags/one_task_dag.py
[2025-08-13T16:18:21.564+0000] {processor.py:826} INFO - Processing file /workspaces/hands-on-introduction-data-engineering-4395021/airflow/dags/one_task_dag.py for tasks to queue
[2025-08-13T16:18:21.564+0000] {logging_mixin.py:150} INFO - [2025-08-13T16:18:21.564+0000] {dagbag.py:541} INFO - Filling up the DagBag from /workspaces/hands-on-introduction-data-engineering-4395021/airflow/dags/one_task_dag.py
[2025-08-13T16:18:21.572+0000] {processor.py:836} INFO - DAG(s) dict_keys(['one_task_dag']) retrieved from /workspaces/hands-on-introduction-data-engineering-4395021/airflow/dags/one_task_dag.py
[2025-08-13T16:18:21.588+0000] {logging_mixin.py:150} INFO - [2025-08-13T16:18:21.588+0000] {dag.py:2742} INFO - Sync 1 DAGs
[2025-08-13T16:18:21.602+0000] {logging_mixin.py:150} INFO - [2025-08-13T16:18:21.601+0000] {dag.py:3504} INFO - Setting next_dagrun for one_task_dag to None, run_after=None
[2025-08-13T16:18:21.616+0000] {processor.py:179} INFO - Processing /workspaces/hands-on-introduction-data-engineering-4395021/airflow/dags/one_task_dag.py took 0.055 seconds
[2025-08-13T16:18:51.724+0000] {processor.py:157} INFO - Started process (PID=15151) to work on /workspaces/hands-on-introduction-data-engineering-4395021/airflow/dags/one_task_dag.py
[2025-08-13T16:18:51.724+0000] {processor.py:826} INFO - Processing file /workspaces/hands-on-introduction-data-engineering-4395021/airflow/dags/one_task_dag.py for tasks to queue
[2025-08-13T16:18:51.725+0000] {logging_mixin.py:150} INFO - [2025-08-13T16:18:51.725+0000] {dagbag.py:541} INFO - Filling up the DagBag from /workspaces/hands-on-introduction-data-engineering-4395021/airflow/dags/one_task_dag.py
[2025-08-13T16:18:51.732+0000] {processor.py:836} INFO - DAG(s) dict_keys(['one_task_dag']) retrieved from /workspaces/hands-on-introduction-data-engineering-4395021/airflow/dags/one_task_dag.py
[2025-08-13T16:18:51.748+0000] {logging_mixin.py:150} INFO - [2025-08-13T16:18:51.748+0000] {dag.py:2742} INFO - Sync 1 DAGs
[2025-08-13T16:18:51.762+0000] {logging_mixin.py:150} INFO - [2025-08-13T16:18:51.762+0000] {dag.py:3504} INFO - Setting next_dagrun for one_task_dag to None, run_after=None
[2025-08-13T16:18:51.777+0000] {processor.py:179} INFO - Processing /workspaces/hands-on-introduction-data-engineering-4395021/airflow/dags/one_task_dag.py took 0.056 seconds
[2025-08-13T16:19:19.049+0000] {processor.py:157} INFO - Started process (PID=15316) to work on /workspaces/hands-on-introduction-data-engineering-4395021/airflow/dags/one_task_dag.py
[2025-08-13T16:19:19.050+0000] {processor.py:826} INFO - Processing file /workspaces/hands-on-introduction-data-engineering-4395021/airflow/dags/one_task_dag.py for tasks to queue
[2025-08-13T16:19:19.051+0000] {logging_mixin.py:150} INFO - [2025-08-13T16:19:19.051+0000] {dagbag.py:541} INFO - Filling up the DagBag from /workspaces/hands-on-introduction-data-engineering-4395021/airflow/dags/one_task_dag.py
[2025-08-13T16:19:19.062+0000] {processor.py:836} INFO - DAG(s) dict_keys(['one_task_dag']) retrieved from /workspaces/hands-on-introduction-data-engineering-4395021/airflow/dags/one_task_dag.py
[2025-08-13T16:19:19.191+0000] {logging_mixin.py:150} INFO - [2025-08-13T16:19:19.191+0000] {dag.py:2742} INFO - Sync 1 DAGs
[2025-08-13T16:19:19.217+0000] {logging_mixin.py:150} INFO - [2025-08-13T16:19:19.217+0000] {dag.py:3504} INFO - Setting next_dagrun for one_task_dag to None, run_after=None
[2025-08-13T16:19:19.275+0000] {processor.py:179} INFO - Processing /workspaces/hands-on-introduction-data-engineering-4395021/airflow/dags/one_task_dag.py took 0.229 seconds
[2025-08-13T16:19:20.419+0000] {processor.py:157} INFO - Started process (PID=15324) to work on /workspaces/hands-on-introduction-data-engineering-4395021/airflow/dags/one_task_dag.py
[2025-08-13T16:19:20.420+0000] {processor.py:826} INFO - Processing file /workspaces/hands-on-introduction-data-engineering-4395021/airflow/dags/one_task_dag.py for tasks to queue
[2025-08-13T16:19:20.420+0000] {logging_mixin.py:150} INFO - [2025-08-13T16:19:20.420+0000] {dagbag.py:541} INFO - Filling up the DagBag from /workspaces/hands-on-introduction-data-engineering-4395021/airflow/dags/one_task_dag.py
[2025-08-13T16:19:20.430+0000] {processor.py:836} INFO - DAG(s) dict_keys(['one_task_dag']) retrieved from /workspaces/hands-on-introduction-data-engineering-4395021/airflow/dags/one_task_dag.py
[2025-08-13T16:19:20.436+0000] {logging_mixin.py:150} INFO - [2025-08-13T16:19:20.436+0000] {dag.py:2742} INFO - Sync 1 DAGs
[2025-08-13T16:19:20.456+0000] {logging_mixin.py:150} INFO - [2025-08-13T16:19:20.455+0000] {dag.py:3504} INFO - Setting next_dagrun for one_task_dag to None, run_after=None
[2025-08-13T16:19:20.475+0000] {processor.py:179} INFO - Processing /workspaces/hands-on-introduction-data-engineering-4395021/airflow/dags/one_task_dag.py took 0.059 seconds
[2025-08-13T16:19:23.973+0000] {processor.py:157} INFO - Started process (PID=15346) to work on /workspaces/hands-on-introduction-data-engineering-4395021/airflow/dags/one_task_dag.py
[2025-08-13T16:19:23.973+0000] {processor.py:826} INFO - Processing file /workspaces/hands-on-introduction-data-engineering-4395021/airflow/dags/one_task_dag.py for tasks to queue
[2025-08-13T16:19:23.974+0000] {logging_mixin.py:150} INFO - [2025-08-13T16:19:23.974+0000] {dagbag.py:541} INFO - Filling up the DagBag from /workspaces/hands-on-introduction-data-engineering-4395021/airflow/dags/one_task_dag.py
[2025-08-13T16:19:23.982+0000] {processor.py:836} INFO - DAG(s) dict_keys(['one_task_dag']) retrieved from /workspaces/hands-on-introduction-data-engineering-4395021/airflow/dags/one_task_dag.py
[2025-08-13T16:19:23.988+0000] {logging_mixin.py:150} INFO - [2025-08-13T16:19:23.988+0000] {dag.py:2742} INFO - Sync 1 DAGs
[2025-08-13T16:19:24.002+0000] {logging_mixin.py:150} INFO - [2025-08-13T16:19:24.002+0000] {dag.py:3504} INFO - Setting next_dagrun for one_task_dag to None, run_after=None
[2025-08-13T16:19:24.017+0000] {processor.py:179} INFO - Processing /workspaces/hands-on-introduction-data-engineering-4395021/airflow/dags/one_task_dag.py took 0.047 seconds
[2025-08-13T16:19:26.485+0000] {processor.py:157} INFO - Started process (PID=15367) to work on /workspaces/hands-on-introduction-data-engineering-4395021/airflow/dags/one_task_dag.py
[2025-08-13T16:19:26.485+0000] {processor.py:826} INFO - Processing file /workspaces/hands-on-introduction-data-engineering-4395021/airflow/dags/one_task_dag.py for tasks to queue
[2025-08-13T16:19:26.486+0000] {logging_mixin.py:150} INFO - [2025-08-13T16:19:26.486+0000] {dagbag.py:541} INFO - Filling up the DagBag from /workspaces/hands-on-introduction-data-engineering-4395021/airflow/dags/one_task_dag.py
[2025-08-13T16:19:26.494+0000] {processor.py:836} INFO - DAG(s) dict_keys(['one_task_dag']) retrieved from /workspaces/hands-on-introduction-data-engineering-4395021/airflow/dags/one_task_dag.py
[2025-08-13T16:19:26.500+0000] {logging_mixin.py:150} INFO - [2025-08-13T16:19:26.500+0000] {dag.py:2742} INFO - Sync 1 DAGs
[2025-08-13T16:19:26.514+0000] {logging_mixin.py:150} INFO - [2025-08-13T16:19:26.514+0000] {dag.py:3504} INFO - Setting next_dagrun for one_task_dag to None, run_after=None
[2025-08-13T16:19:26.529+0000] {processor.py:179} INFO - Processing /workspaces/hands-on-introduction-data-engineering-4395021/airflow/dags/one_task_dag.py took 0.047 seconds
[2025-08-13T16:19:56.689+0000] {processor.py:157} INFO - Started process (PID=15567) to work on /workspaces/hands-on-introduction-data-engineering-4395021/airflow/dags/one_task_dag.py
[2025-08-13T16:19:56.689+0000] {processor.py:826} INFO - Processing file /workspaces/hands-on-introduction-data-engineering-4395021/airflow/dags/one_task_dag.py for tasks to queue
[2025-08-13T16:19:56.690+0000] {logging_mixin.py:150} INFO - [2025-08-13T16:19:56.690+0000] {dagbag.py:541} INFO - Filling up the DagBag from /workspaces/hands-on-introduction-data-engineering-4395021/airflow/dags/one_task_dag.py
[2025-08-13T16:19:56.698+0000] {processor.py:836} INFO - DAG(s) dict_keys(['one_task_dag']) retrieved from /workspaces/hands-on-introduction-data-engineering-4395021/airflow/dags/one_task_dag.py
[2025-08-13T16:19:56.781+0000] {logging_mixin.py:150} INFO - [2025-08-13T16:19:56.781+0000] {dag.py:2742} INFO - Sync 1 DAGs
[2025-08-13T16:19:56.795+0000] {logging_mixin.py:150} INFO - [2025-08-13T16:19:56.794+0000] {dag.py:3504} INFO - Setting next_dagrun for one_task_dag to None, run_after=None
[2025-08-13T16:19:56.810+0000] {processor.py:179} INFO - Processing /workspaces/hands-on-introduction-data-engineering-4395021/airflow/dags/one_task_dag.py took 0.123 seconds
[2025-08-13T16:20:26.897+0000] {processor.py:157} INFO - Started process (PID=15801) to work on /workspaces/hands-on-introduction-data-engineering-4395021/airflow/dags/one_task_dag.py
[2025-08-13T16:20:26.898+0000] {processor.py:826} INFO - Processing file /workspaces/hands-on-introduction-data-engineering-4395021/airflow/dags/one_task_dag.py for tasks to queue
[2025-08-13T16:20:26.899+0000] {logging_mixin.py:150} INFO - [2025-08-13T16:20:26.898+0000] {dagbag.py:541} INFO - Filling up the DagBag from /workspaces/hands-on-introduction-data-engineering-4395021/airflow/dags/one_task_dag.py
[2025-08-13T16:20:26.906+0000] {processor.py:836} INFO - DAG(s) dict_keys(['one_task_dag']) retrieved from /workspaces/hands-on-introduction-data-engineering-4395021/airflow/dags/one_task_dag.py
[2025-08-13T16:20:26.922+0000] {logging_mixin.py:150} INFO - [2025-08-13T16:20:26.921+0000] {dag.py:2742} INFO - Sync 1 DAGs
[2025-08-13T16:20:26.936+0000] {logging_mixin.py:150} INFO - [2025-08-13T16:20:26.936+0000] {dag.py:3504} INFO - Setting next_dagrun for one_task_dag to None, run_after=None
[2025-08-13T16:20:26.950+0000] {processor.py:179} INFO - Processing /workspaces/hands-on-introduction-data-engineering-4395021/airflow/dags/one_task_dag.py took 0.056 seconds
[2025-08-13T16:20:57.124+0000] {processor.py:157} INFO - Started process (PID=16122) to work on /workspaces/hands-on-introduction-data-engineering-4395021/airflow/dags/one_task_dag.py
[2025-08-13T16:20:57.124+0000] {processor.py:826} INFO - Processing file /workspaces/hands-on-introduction-data-engineering-4395021/airflow/dags/one_task_dag.py for tasks to queue
[2025-08-13T16:20:57.125+0000] {logging_mixin.py:150} INFO - [2025-08-13T16:20:57.125+0000] {dagbag.py:541} INFO - Filling up the DagBag from /workspaces/hands-on-introduction-data-engineering-4395021/airflow/dags/one_task_dag.py
[2025-08-13T16:20:57.133+0000] {processor.py:836} INFO - DAG(s) dict_keys(['one_task_dag']) retrieved from /workspaces/hands-on-introduction-data-engineering-4395021/airflow/dags/one_task_dag.py
[2025-08-13T16:20:57.149+0000] {logging_mixin.py:150} INFO - [2025-08-13T16:20:57.149+0000] {dag.py:2742} INFO - Sync 1 DAGs
[2025-08-13T16:20:57.163+0000] {logging_mixin.py:150} INFO - [2025-08-13T16:20:57.163+0000] {dag.py:3504} INFO - Setting next_dagrun for one_task_dag to None, run_after=None
[2025-08-13T16:20:57.178+0000] {processor.py:179} INFO - Processing /workspaces/hands-on-introduction-data-engineering-4395021/airflow/dags/one_task_dag.py took 0.056 seconds
[2025-08-13T16:21:27.327+0000] {processor.py:157} INFO - Started process (PID=16373) to work on /workspaces/hands-on-introduction-data-engineering-4395021/airflow/dags/one_task_dag.py
[2025-08-13T16:21:27.327+0000] {processor.py:826} INFO - Processing file /workspaces/hands-on-introduction-data-engineering-4395021/airflow/dags/one_task_dag.py for tasks to queue
[2025-08-13T16:21:27.328+0000] {logging_mixin.py:150} INFO - [2025-08-13T16:21:27.328+0000] {dagbag.py:541} INFO - Filling up the DagBag from /workspaces/hands-on-introduction-data-engineering-4395021/airflow/dags/one_task_dag.py
[2025-08-13T16:21:27.335+0000] {processor.py:836} INFO - DAG(s) dict_keys(['one_task_dag']) retrieved from /workspaces/hands-on-introduction-data-engineering-4395021/airflow/dags/one_task_dag.py
[2025-08-13T16:21:27.354+0000] {logging_mixin.py:150} INFO - [2025-08-13T16:21:27.354+0000] {dag.py:2742} INFO - Sync 1 DAGs
[2025-08-13T16:21:27.379+0000] {logging_mixin.py:150} INFO - [2025-08-13T16:21:27.378+0000] {dag.py:3504} INFO - Setting next_dagrun for one_task_dag to None, run_after=None
[2025-08-13T16:21:27.399+0000] {processor.py:179} INFO - Processing /workspaces/hands-on-introduction-data-engineering-4395021/airflow/dags/one_task_dag.py took 0.074 seconds
[2025-08-13T16:21:57.627+0000] {processor.py:157} INFO - Started process (PID=16551) to work on /workspaces/hands-on-introduction-data-engineering-4395021/airflow/dags/one_task_dag.py
[2025-08-13T16:21:57.628+0000] {processor.py:826} INFO - Processing file /workspaces/hands-on-introduction-data-engineering-4395021/airflow/dags/one_task_dag.py for tasks to queue
[2025-08-13T16:21:57.629+0000] {logging_mixin.py:150} INFO - [2025-08-13T16:21:57.628+0000] {dagbag.py:541} INFO - Filling up the DagBag from /workspaces/hands-on-introduction-data-engineering-4395021/airflow/dags/one_task_dag.py
[2025-08-13T16:21:57.636+0000] {processor.py:836} INFO - DAG(s) dict_keys(['one_task_dag']) retrieved from /workspaces/hands-on-introduction-data-engineering-4395021/airflow/dags/one_task_dag.py
[2025-08-13T16:21:57.653+0000] {logging_mixin.py:150} INFO - [2025-08-13T16:21:57.653+0000] {dag.py:2742} INFO - Sync 1 DAGs
[2025-08-13T16:21:57.667+0000] {logging_mixin.py:150} INFO - [2025-08-13T16:21:57.667+0000] {dag.py:3504} INFO - Setting next_dagrun for one_task_dag to None, run_after=None
[2025-08-13T16:21:57.684+0000] {processor.py:179} INFO - Processing /workspaces/hands-on-introduction-data-engineering-4395021/airflow/dags/one_task_dag.py took 0.059 seconds
[2025-08-13T16:22:27.826+0000] {processor.py:157} INFO - Started process (PID=16726) to work on /workspaces/hands-on-introduction-data-engineering-4395021/airflow/dags/one_task_dag.py
[2025-08-13T16:22:27.826+0000] {processor.py:826} INFO - Processing file /workspaces/hands-on-introduction-data-engineering-4395021/airflow/dags/one_task_dag.py for tasks to queue
[2025-08-13T16:22:27.827+0000] {logging_mixin.py:150} INFO - [2025-08-13T16:22:27.826+0000] {dagbag.py:541} INFO - Filling up the DagBag from /workspaces/hands-on-introduction-data-engineering-4395021/airflow/dags/one_task_dag.py
[2025-08-13T16:22:27.834+0000] {processor.py:836} INFO - DAG(s) dict_keys(['one_task_dag']) retrieved from /workspaces/hands-on-introduction-data-engineering-4395021/airflow/dags/one_task_dag.py
[2025-08-13T16:22:27.850+0000] {logging_mixin.py:150} INFO - [2025-08-13T16:22:27.850+0000] {dag.py:2742} INFO - Sync 1 DAGs
[2025-08-13T16:22:27.863+0000] {logging_mixin.py:150} INFO - [2025-08-13T16:22:27.863+0000] {dag.py:3504} INFO - Setting next_dagrun for one_task_dag to None, run_after=None
[2025-08-13T16:22:27.877+0000] {processor.py:179} INFO - Processing /workspaces/hands-on-introduction-data-engineering-4395021/airflow/dags/one_task_dag.py took 0.053 seconds
[2025-08-13T16:22:58.022+0000] {processor.py:157} INFO - Started process (PID=16900) to work on /workspaces/hands-on-introduction-data-engineering-4395021/airflow/dags/one_task_dag.py
[2025-08-13T16:22:58.023+0000] {processor.py:826} INFO - Processing file /workspaces/hands-on-introduction-data-engineering-4395021/airflow/dags/one_task_dag.py for tasks to queue
[2025-08-13T16:22:58.023+0000] {logging_mixin.py:150} INFO - [2025-08-13T16:22:58.023+0000] {dagbag.py:541} INFO - Filling up the DagBag from /workspaces/hands-on-introduction-data-engineering-4395021/airflow/dags/one_task_dag.py
[2025-08-13T16:22:58.031+0000] {processor.py:836} INFO - DAG(s) dict_keys(['one_task_dag']) retrieved from /workspaces/hands-on-introduction-data-engineering-4395021/airflow/dags/one_task_dag.py
[2025-08-13T16:22:58.050+0000] {logging_mixin.py:150} INFO - [2025-08-13T16:22:58.049+0000] {dag.py:2742} INFO - Sync 1 DAGs
[2025-08-13T16:22:58.064+0000] {logging_mixin.py:150} INFO - [2025-08-13T16:22:58.064+0000] {dag.py:3504} INFO - Setting next_dagrun for one_task_dag to None, run_after=None
[2025-08-13T16:22:58.082+0000] {processor.py:179} INFO - Processing /workspaces/hands-on-introduction-data-engineering-4395021/airflow/dags/one_task_dag.py took 0.062 seconds
[2025-08-13T16:23:28.216+0000] {processor.py:157} INFO - Started process (PID=17120) to work on /workspaces/hands-on-introduction-data-engineering-4395021/airflow/dags/one_task_dag.py
[2025-08-13T16:23:28.217+0000] {processor.py:826} INFO - Processing file /workspaces/hands-on-introduction-data-engineering-4395021/airflow/dags/one_task_dag.py for tasks to queue
[2025-08-13T16:23:28.217+0000] {logging_mixin.py:150} INFO - [2025-08-13T16:23:28.217+0000] {dagbag.py:541} INFO - Filling up the DagBag from /workspaces/hands-on-introduction-data-engineering-4395021/airflow/dags/one_task_dag.py
[2025-08-13T16:23:28.226+0000] {processor.py:836} INFO - DAG(s) dict_keys(['one_task_dag']) retrieved from /workspaces/hands-on-introduction-data-engineering-4395021/airflow/dags/one_task_dag.py
[2025-08-13T16:23:28.252+0000] {logging_mixin.py:150} INFO - [2025-08-13T16:23:28.252+0000] {dag.py:2742} INFO - Sync 1 DAGs
[2025-08-13T16:23:28.273+0000] {logging_mixin.py:150} INFO - [2025-08-13T16:23:28.273+0000] {dag.py:3504} INFO - Setting next_dagrun for one_task_dag to None, run_after=None
[2025-08-13T16:23:28.290+0000] {processor.py:179} INFO - Processing /workspaces/hands-on-introduction-data-engineering-4395021/airflow/dags/one_task_dag.py took 0.077 seconds
[2025-08-13T16:23:58.441+0000] {processor.py:157} INFO - Started process (PID=17381) to work on /workspaces/hands-on-introduction-data-engineering-4395021/airflow/dags/one_task_dag.py
[2025-08-13T16:23:58.442+0000] {processor.py:826} INFO - Processing file /workspaces/hands-on-introduction-data-engineering-4395021/airflow/dags/one_task_dag.py for tasks to queue
[2025-08-13T16:23:58.443+0000] {logging_mixin.py:150} INFO - [2025-08-13T16:23:58.443+0000] {dagbag.py:541} INFO - Filling up the DagBag from /workspaces/hands-on-introduction-data-engineering-4395021/airflow/dags/one_task_dag.py
[2025-08-13T16:23:58.456+0000] {processor.py:836} INFO - DAG(s) dict_keys(['one_task_dag']) retrieved from /workspaces/hands-on-introduction-data-engineering-4395021/airflow/dags/one_task_dag.py
[2025-08-13T16:23:58.481+0000] {logging_mixin.py:150} INFO - [2025-08-13T16:23:58.481+0000] {dag.py:2742} INFO - Sync 1 DAGs
[2025-08-13T16:23:58.506+0000] {logging_mixin.py:150} INFO - [2025-08-13T16:23:58.506+0000] {dag.py:3504} INFO - Setting next_dagrun for one_task_dag to None, run_after=None
[2025-08-13T16:23:58.533+0000] {processor.py:179} INFO - Processing /workspaces/hands-on-introduction-data-engineering-4395021/airflow/dags/one_task_dag.py took 0.095 seconds
[2025-08-13T16:24:28.628+0000] {processor.py:157} INFO - Started process (PID=17559) to work on /workspaces/hands-on-introduction-data-engineering-4395021/airflow/dags/one_task_dag.py
[2025-08-13T16:24:28.629+0000] {processor.py:826} INFO - Processing file /workspaces/hands-on-introduction-data-engineering-4395021/airflow/dags/one_task_dag.py for tasks to queue
[2025-08-13T16:24:28.629+0000] {logging_mixin.py:150} INFO - [2025-08-13T16:24:28.629+0000] {dagbag.py:541} INFO - Filling up the DagBag from /workspaces/hands-on-introduction-data-engineering-4395021/airflow/dags/one_task_dag.py
[2025-08-13T16:24:28.637+0000] {processor.py:836} INFO - DAG(s) dict_keys(['one_task_dag']) retrieved from /workspaces/hands-on-introduction-data-engineering-4395021/airflow/dags/one_task_dag.py
[2025-08-13T16:24:28.653+0000] {logging_mixin.py:150} INFO - [2025-08-13T16:24:28.653+0000] {dag.py:2742} INFO - Sync 1 DAGs
[2025-08-13T16:24:28.666+0000] {logging_mixin.py:150} INFO - [2025-08-13T16:24:28.666+0000] {dag.py:3504} INFO - Setting next_dagrun for one_task_dag to None, run_after=None
[2025-08-13T16:24:28.681+0000] {processor.py:179} INFO - Processing /workspaces/hands-on-introduction-data-engineering-4395021/airflow/dags/one_task_dag.py took 0.055 seconds
[2025-08-13T16:24:58.860+0000] {processor.py:157} INFO - Started process (PID=17741) to work on /workspaces/hands-on-introduction-data-engineering-4395021/airflow/dags/one_task_dag.py
[2025-08-13T16:24:58.860+0000] {processor.py:826} INFO - Processing file /workspaces/hands-on-introduction-data-engineering-4395021/airflow/dags/one_task_dag.py for tasks to queue
[2025-08-13T16:24:58.861+0000] {logging_mixin.py:150} INFO - [2025-08-13T16:24:58.861+0000] {dagbag.py:541} INFO - Filling up the DagBag from /workspaces/hands-on-introduction-data-engineering-4395021/airflow/dags/one_task_dag.py
[2025-08-13T16:24:58.868+0000] {processor.py:836} INFO - DAG(s) dict_keys(['one_task_dag']) retrieved from /workspaces/hands-on-introduction-data-engineering-4395021/airflow/dags/one_task_dag.py
[2025-08-13T16:24:58.885+0000] {logging_mixin.py:150} INFO - [2025-08-13T16:24:58.885+0000] {dag.py:2742} INFO - Sync 1 DAGs
[2025-08-13T16:24:58.906+0000] {logging_mixin.py:150} INFO - [2025-08-13T16:24:58.906+0000] {dag.py:3504} INFO - Setting next_dagrun for one_task_dag to None, run_after=None
[2025-08-13T16:24:58.930+0000] {processor.py:179} INFO - Processing /workspaces/hands-on-introduction-data-engineering-4395021/airflow/dags/one_task_dag.py took 0.072 seconds
[2025-08-13T16:25:29.376+0000] {processor.py:157} INFO - Started process (PID=17913) to work on /workspaces/hands-on-introduction-data-engineering-4395021/airflow/dags/one_task_dag.py
[2025-08-13T16:25:29.377+0000] {processor.py:826} INFO - Processing file /workspaces/hands-on-introduction-data-engineering-4395021/airflow/dags/one_task_dag.py for tasks to queue
[2025-08-13T16:25:29.377+0000] {logging_mixin.py:150} INFO - [2025-08-13T16:25:29.377+0000] {dagbag.py:541} INFO - Filling up the DagBag from /workspaces/hands-on-introduction-data-engineering-4395021/airflow/dags/one_task_dag.py
[2025-08-13T16:25:29.385+0000] {processor.py:836} INFO - DAG(s) dict_keys(['one_task_dag']) retrieved from /workspaces/hands-on-introduction-data-engineering-4395021/airflow/dags/one_task_dag.py
[2025-08-13T16:25:29.401+0000] {logging_mixin.py:150} INFO - [2025-08-13T16:25:29.400+0000] {dag.py:2742} INFO - Sync 1 DAGs
[2025-08-13T16:25:29.414+0000] {logging_mixin.py:150} INFO - [2025-08-13T16:25:29.414+0000] {dag.py:3504} INFO - Setting next_dagrun for one_task_dag to None, run_after=None
[2025-08-13T16:25:29.429+0000] {processor.py:179} INFO - Processing /workspaces/hands-on-introduction-data-engineering-4395021/airflow/dags/one_task_dag.py took 0.055 seconds
[2025-08-13T16:25:59.571+0000] {processor.py:157} INFO - Started process (PID=18082) to work on /workspaces/hands-on-introduction-data-engineering-4395021/airflow/dags/one_task_dag.py
[2025-08-13T16:25:59.571+0000] {processor.py:826} INFO - Processing file /workspaces/hands-on-introduction-data-engineering-4395021/airflow/dags/one_task_dag.py for tasks to queue
[2025-08-13T16:25:59.572+0000] {logging_mixin.py:150} INFO - [2025-08-13T16:25:59.572+0000] {dagbag.py:541} INFO - Filling up the DagBag from /workspaces/hands-on-introduction-data-engineering-4395021/airflow/dags/one_task_dag.py
[2025-08-13T16:25:59.580+0000] {processor.py:836} INFO - DAG(s) dict_keys(['one_task_dag']) retrieved from /workspaces/hands-on-introduction-data-engineering-4395021/airflow/dags/one_task_dag.py
[2025-08-13T16:25:59.597+0000] {logging_mixin.py:150} INFO - [2025-08-13T16:25:59.597+0000] {dag.py:2742} INFO - Sync 1 DAGs
[2025-08-13T16:25:59.610+0000] {logging_mixin.py:150} INFO - [2025-08-13T16:25:59.610+0000] {dag.py:3504} INFO - Setting next_dagrun for one_task_dag to None, run_after=None
[2025-08-13T16:25:59.624+0000] {processor.py:179} INFO - Processing /workspaces/hands-on-introduction-data-engineering-4395021/airflow/dags/one_task_dag.py took 0.055 seconds
[2025-08-13T16:26:29.839+0000] {processor.py:157} INFO - Started process (PID=18251) to work on /workspaces/hands-on-introduction-data-engineering-4395021/airflow/dags/one_task_dag.py
[2025-08-13T16:26:29.840+0000] {processor.py:826} INFO - Processing file /workspaces/hands-on-introduction-data-engineering-4395021/airflow/dags/one_task_dag.py for tasks to queue
[2025-08-13T16:26:29.841+0000] {logging_mixin.py:150} INFO - [2025-08-13T16:26:29.840+0000] {dagbag.py:541} INFO - Filling up the DagBag from /workspaces/hands-on-introduction-data-engineering-4395021/airflow/dags/one_task_dag.py
[2025-08-13T16:26:29.848+0000] {processor.py:836} INFO - DAG(s) dict_keys(['one_task_dag']) retrieved from /workspaces/hands-on-introduction-data-engineering-4395021/airflow/dags/one_task_dag.py
[2025-08-13T16:26:29.864+0000] {logging_mixin.py:150} INFO - [2025-08-13T16:26:29.864+0000] {dag.py:2742} INFO - Sync 1 DAGs
[2025-08-13T16:26:29.878+0000] {logging_mixin.py:150} INFO - [2025-08-13T16:26:29.878+0000] {dag.py:3504} INFO - Setting next_dagrun for one_task_dag to None, run_after=None
[2025-08-13T16:26:29.894+0000] {processor.py:179} INFO - Processing /workspaces/hands-on-introduction-data-engineering-4395021/airflow/dags/one_task_dag.py took 0.057 seconds
[2025-08-13T16:27:00.031+0000] {processor.py:157} INFO - Started process (PID=18426) to work on /workspaces/hands-on-introduction-data-engineering-4395021/airflow/dags/one_task_dag.py
[2025-08-13T16:27:00.031+0000] {processor.py:826} INFO - Processing file /workspaces/hands-on-introduction-data-engineering-4395021/airflow/dags/one_task_dag.py for tasks to queue
[2025-08-13T16:27:00.032+0000] {logging_mixin.py:150} INFO - [2025-08-13T16:27:00.032+0000] {dagbag.py:541} INFO - Filling up the DagBag from /workspaces/hands-on-introduction-data-engineering-4395021/airflow/dags/one_task_dag.py
[2025-08-13T16:27:00.039+0000] {processor.py:836} INFO - DAG(s) dict_keys(['one_task_dag']) retrieved from /workspaces/hands-on-introduction-data-engineering-4395021/airflow/dags/one_task_dag.py
[2025-08-13T16:27:00.055+0000] {logging_mixin.py:150} INFO - [2025-08-13T16:27:00.055+0000] {dag.py:2742} INFO - Sync 1 DAGs
[2025-08-13T16:27:00.069+0000] {logging_mixin.py:150} INFO - [2025-08-13T16:27:00.069+0000] {dag.py:3504} INFO - Setting next_dagrun for one_task_dag to None, run_after=None
[2025-08-13T16:27:00.083+0000] {processor.py:179} INFO - Processing /workspaces/hands-on-introduction-data-engineering-4395021/airflow/dags/one_task_dag.py took 0.055 seconds
[2025-08-13T16:27:30.220+0000] {processor.py:157} INFO - Started process (PID=18595) to work on /workspaces/hands-on-introduction-data-engineering-4395021/airflow/dags/one_task_dag.py
[2025-08-13T16:27:30.220+0000] {processor.py:826} INFO - Processing file /workspaces/hands-on-introduction-data-engineering-4395021/airflow/dags/one_task_dag.py for tasks to queue
[2025-08-13T16:27:30.221+0000] {logging_mixin.py:150} INFO - [2025-08-13T16:27:30.221+0000] {dagbag.py:541} INFO - Filling up the DagBag from /workspaces/hands-on-introduction-data-engineering-4395021/airflow/dags/one_task_dag.py
[2025-08-13T16:27:30.229+0000] {processor.py:836} INFO - DAG(s) dict_keys(['one_task_dag']) retrieved from /workspaces/hands-on-introduction-data-engineering-4395021/airflow/dags/one_task_dag.py
[2025-08-13T16:27:30.244+0000] {logging_mixin.py:150} INFO - [2025-08-13T16:27:30.244+0000] {dag.py:2742} INFO - Sync 1 DAGs
[2025-08-13T16:27:30.258+0000] {logging_mixin.py:150} INFO - [2025-08-13T16:27:30.258+0000] {dag.py:3504} INFO - Setting next_dagrun for one_task_dag to None, run_after=None
[2025-08-13T16:27:30.271+0000] {processor.py:179} INFO - Processing /workspaces/hands-on-introduction-data-engineering-4395021/airflow/dags/one_task_dag.py took 0.053 seconds
[2025-08-13T16:28:00.413+0000] {processor.py:157} INFO - Started process (PID=18764) to work on /workspaces/hands-on-introduction-data-engineering-4395021/airflow/dags/one_task_dag.py
[2025-08-13T16:28:00.414+0000] {processor.py:826} INFO - Processing file /workspaces/hands-on-introduction-data-engineering-4395021/airflow/dags/one_task_dag.py for tasks to queue
[2025-08-13T16:28:00.414+0000] {logging_mixin.py:150} INFO - [2025-08-13T16:28:00.414+0000] {dagbag.py:541} INFO - Filling up the DagBag from /workspaces/hands-on-introduction-data-engineering-4395021/airflow/dags/one_task_dag.py
[2025-08-13T16:28:00.422+0000] {processor.py:836} INFO - DAG(s) dict_keys(['one_task_dag']) retrieved from /workspaces/hands-on-introduction-data-engineering-4395021/airflow/dags/one_task_dag.py
[2025-08-13T16:28:00.437+0000] {logging_mixin.py:150} INFO - [2025-08-13T16:28:00.437+0000] {dag.py:2742} INFO - Sync 1 DAGs
[2025-08-13T16:28:00.451+0000] {logging_mixin.py:150} INFO - [2025-08-13T16:28:00.451+0000] {dag.py:3504} INFO - Setting next_dagrun for one_task_dag to None, run_after=None
[2025-08-13T16:28:00.465+0000] {processor.py:179} INFO - Processing /workspaces/hands-on-introduction-data-engineering-4395021/airflow/dags/one_task_dag.py took 0.054 seconds
[2025-08-13T16:28:30.605+0000] {processor.py:157} INFO - Started process (PID=19120) to work on /workspaces/hands-on-introduction-data-engineering-4395021/airflow/dags/one_task_dag.py
[2025-08-13T16:28:30.606+0000] {processor.py:826} INFO - Processing file /workspaces/hands-on-introduction-data-engineering-4395021/airflow/dags/one_task_dag.py for tasks to queue
[2025-08-13T16:28:30.606+0000] {logging_mixin.py:150} INFO - [2025-08-13T16:28:30.606+0000] {dagbag.py:541} INFO - Filling up the DagBag from /workspaces/hands-on-introduction-data-engineering-4395021/airflow/dags/one_task_dag.py
[2025-08-13T16:28:30.614+0000] {processor.py:836} INFO - DAG(s) dict_keys(['one_task_dag']) retrieved from /workspaces/hands-on-introduction-data-engineering-4395021/airflow/dags/one_task_dag.py
[2025-08-13T16:28:30.631+0000] {logging_mixin.py:150} INFO - [2025-08-13T16:28:30.631+0000] {dag.py:2742} INFO - Sync 1 DAGs
[2025-08-13T16:28:30.645+0000] {logging_mixin.py:150} INFO - [2025-08-13T16:28:30.645+0000] {dag.py:3504} INFO - Setting next_dagrun for one_task_dag to None, run_after=None
[2025-08-13T16:28:30.659+0000] {processor.py:179} INFO - Processing /workspaces/hands-on-introduction-data-engineering-4395021/airflow/dags/one_task_dag.py took 0.056 seconds
[2025-08-13T16:29:00.805+0000] {processor.py:157} INFO - Started process (PID=19444) to work on /workspaces/hands-on-introduction-data-engineering-4395021/airflow/dags/one_task_dag.py
[2025-08-13T16:29:00.806+0000] {processor.py:826} INFO - Processing file /workspaces/hands-on-introduction-data-engineering-4395021/airflow/dags/one_task_dag.py for tasks to queue
[2025-08-13T16:29:00.806+0000] {logging_mixin.py:150} INFO - [2025-08-13T16:29:00.806+0000] {dagbag.py:541} INFO - Filling up the DagBag from /workspaces/hands-on-introduction-data-engineering-4395021/airflow/dags/one_task_dag.py
[2025-08-13T16:29:00.814+0000] {processor.py:836} INFO - DAG(s) dict_keys(['one_task_dag']) retrieved from /workspaces/hands-on-introduction-data-engineering-4395021/airflow/dags/one_task_dag.py
[2025-08-13T16:29:00.831+0000] {logging_mixin.py:150} INFO - [2025-08-13T16:29:00.830+0000] {dag.py:2742} INFO - Sync 1 DAGs
[2025-08-13T16:29:00.845+0000] {logging_mixin.py:150} INFO - [2025-08-13T16:29:00.844+0000] {dag.py:3504} INFO - Setting next_dagrun for one_task_dag to None, run_after=None
[2025-08-13T16:29:00.859+0000] {processor.py:179} INFO - Processing /workspaces/hands-on-introduction-data-engineering-4395021/airflow/dags/one_task_dag.py took 0.056 seconds
[2025-08-13T16:29:30.999+0000] {processor.py:157} INFO - Started process (PID=19725) to work on /workspaces/hands-on-introduction-data-engineering-4395021/airflow/dags/one_task_dag.py
[2025-08-13T16:29:30.999+0000] {processor.py:826} INFO - Processing file /workspaces/hands-on-introduction-data-engineering-4395021/airflow/dags/one_task_dag.py for tasks to queue
[2025-08-13T16:29:31.000+0000] {logging_mixin.py:150} INFO - [2025-08-13T16:29:31.000+0000] {dagbag.py:541} INFO - Filling up the DagBag from /workspaces/hands-on-introduction-data-engineering-4395021/airflow/dags/one_task_dag.py
[2025-08-13T16:29:31.007+0000] {processor.py:836} INFO - DAG(s) dict_keys(['one_task_dag']) retrieved from /workspaces/hands-on-introduction-data-engineering-4395021/airflow/dags/one_task_dag.py
[2025-08-13T16:29:31.023+0000] {logging_mixin.py:150} INFO - [2025-08-13T16:29:31.023+0000] {dag.py:2742} INFO - Sync 1 DAGs
[2025-08-13T16:29:31.036+0000] {logging_mixin.py:150} INFO - [2025-08-13T16:29:31.036+0000] {dag.py:3504} INFO - Setting next_dagrun for one_task_dag to None, run_after=None
[2025-08-13T16:29:31.050+0000] {processor.py:179} INFO - Processing /workspaces/hands-on-introduction-data-engineering-4395021/airflow/dags/one_task_dag.py took 0.054 seconds
[2025-08-13T16:30:01.171+0000] {processor.py:157} INFO - Started process (PID=19888) to work on /workspaces/hands-on-introduction-data-engineering-4395021/airflow/dags/one_task_dag.py
[2025-08-13T16:30:01.171+0000] {processor.py:826} INFO - Processing file /workspaces/hands-on-introduction-data-engineering-4395021/airflow/dags/one_task_dag.py for tasks to queue
[2025-08-13T16:30:01.172+0000] {logging_mixin.py:150} INFO - [2025-08-13T16:30:01.172+0000] {dagbag.py:541} INFO - Filling up the DagBag from /workspaces/hands-on-introduction-data-engineering-4395021/airflow/dags/one_task_dag.py
[2025-08-13T16:30:01.180+0000] {processor.py:836} INFO - DAG(s) dict_keys(['one_task_dag']) retrieved from /workspaces/hands-on-introduction-data-engineering-4395021/airflow/dags/one_task_dag.py
[2025-08-13T16:30:01.196+0000] {logging_mixin.py:150} INFO - [2025-08-13T16:30:01.196+0000] {dag.py:2742} INFO - Sync 1 DAGs
[2025-08-13T16:30:01.210+0000] {logging_mixin.py:150} INFO - [2025-08-13T16:30:01.210+0000] {dag.py:3504} INFO - Setting next_dagrun for one_task_dag to None, run_after=None
[2025-08-13T16:30:01.224+0000] {processor.py:179} INFO - Processing /workspaces/hands-on-introduction-data-engineering-4395021/airflow/dags/one_task_dag.py took 0.056 seconds
[2025-08-13T16:30:31.359+0000] {processor.py:157} INFO - Started process (PID=20064) to work on /workspaces/hands-on-introduction-data-engineering-4395021/airflow/dags/one_task_dag.py
[2025-08-13T16:30:31.360+0000] {processor.py:826} INFO - Processing file /workspaces/hands-on-introduction-data-engineering-4395021/airflow/dags/one_task_dag.py for tasks to queue
[2025-08-13T16:30:31.361+0000] {logging_mixin.py:150} INFO - [2025-08-13T16:30:31.360+0000] {dagbag.py:541} INFO - Filling up the DagBag from /workspaces/hands-on-introduction-data-engineering-4395021/airflow/dags/one_task_dag.py
[2025-08-13T16:30:31.368+0000] {processor.py:836} INFO - DAG(s) dict_keys(['one_task_dag']) retrieved from /workspaces/hands-on-introduction-data-engineering-4395021/airflow/dags/one_task_dag.py
[2025-08-13T16:30:31.384+0000] {logging_mixin.py:150} INFO - [2025-08-13T16:30:31.384+0000] {dag.py:2742} INFO - Sync 1 DAGs
[2025-08-13T16:30:31.398+0000] {logging_mixin.py:150} INFO - [2025-08-13T16:30:31.398+0000] {dag.py:3504} INFO - Setting next_dagrun for one_task_dag to None, run_after=None
[2025-08-13T16:30:31.413+0000] {processor.py:179} INFO - Processing /workspaces/hands-on-introduction-data-engineering-4395021/airflow/dags/one_task_dag.py took 0.056 seconds
[2025-08-13T16:31:01.603+0000] {processor.py:157} INFO - Started process (PID=20233) to work on /workspaces/hands-on-introduction-data-engineering-4395021/airflow/dags/one_task_dag.py
[2025-08-13T16:31:01.603+0000] {processor.py:826} INFO - Processing file /workspaces/hands-on-introduction-data-engineering-4395021/airflow/dags/one_task_dag.py for tasks to queue
[2025-08-13T16:31:01.604+0000] {logging_mixin.py:150} INFO - [2025-08-13T16:31:01.604+0000] {dagbag.py:541} INFO - Filling up the DagBag from /workspaces/hands-on-introduction-data-engineering-4395021/airflow/dags/one_task_dag.py
[2025-08-13T16:31:01.614+0000] {processor.py:836} INFO - DAG(s) dict_keys(['one_task_dag']) retrieved from /workspaces/hands-on-introduction-data-engineering-4395021/airflow/dags/one_task_dag.py
[2025-08-13T16:31:01.629+0000] {logging_mixin.py:150} INFO - [2025-08-13T16:31:01.629+0000] {dag.py:2742} INFO - Sync 1 DAGs
[2025-08-13T16:31:01.643+0000] {logging_mixin.py:150} INFO - [2025-08-13T16:31:01.643+0000] {dag.py:3504} INFO - Setting next_dagrun for one_task_dag to None, run_after=None
[2025-08-13T16:31:01.657+0000] {processor.py:179} INFO - Processing /workspaces/hands-on-introduction-data-engineering-4395021/airflow/dags/one_task_dag.py took 0.057 seconds
[2025-08-13T16:31:31.792+0000] {processor.py:157} INFO - Started process (PID=20408) to work on /workspaces/hands-on-introduction-data-engineering-4395021/airflow/dags/one_task_dag.py
[2025-08-13T16:31:31.793+0000] {processor.py:826} INFO - Processing file /workspaces/hands-on-introduction-data-engineering-4395021/airflow/dags/one_task_dag.py for tasks to queue
[2025-08-13T16:31:31.793+0000] {logging_mixin.py:150} INFO - [2025-08-13T16:31:31.793+0000] {dagbag.py:541} INFO - Filling up the DagBag from /workspaces/hands-on-introduction-data-engineering-4395021/airflow/dags/one_task_dag.py
[2025-08-13T16:31:31.801+0000] {processor.py:836} INFO - DAG(s) dict_keys(['one_task_dag']) retrieved from /workspaces/hands-on-introduction-data-engineering-4395021/airflow/dags/one_task_dag.py
[2025-08-13T16:31:31.816+0000] {logging_mixin.py:150} INFO - [2025-08-13T16:31:31.816+0000] {dag.py:2742} INFO - Sync 1 DAGs
[2025-08-13T16:31:31.830+0000] {logging_mixin.py:150} INFO - [2025-08-13T16:31:31.830+0000] {dag.py:3504} INFO - Setting next_dagrun for one_task_dag to None, run_after=None
[2025-08-13T16:31:31.844+0000] {processor.py:179} INFO - Processing /workspaces/hands-on-introduction-data-engineering-4395021/airflow/dags/one_task_dag.py took 0.054 seconds
[2025-08-13T16:32:02.001+0000] {processor.py:157} INFO - Started process (PID=20577) to work on /workspaces/hands-on-introduction-data-engineering-4395021/airflow/dags/one_task_dag.py
[2025-08-13T16:32:02.002+0000] {processor.py:826} INFO - Processing file /workspaces/hands-on-introduction-data-engineering-4395021/airflow/dags/one_task_dag.py for tasks to queue
[2025-08-13T16:32:02.002+0000] {logging_mixin.py:150} INFO - [2025-08-13T16:32:02.002+0000] {dagbag.py:541} INFO - Filling up the DagBag from /workspaces/hands-on-introduction-data-engineering-4395021/airflow/dags/one_task_dag.py
[2025-08-13T16:32:02.009+0000] {processor.py:836} INFO - DAG(s) dict_keys(['one_task_dag']) retrieved from /workspaces/hands-on-introduction-data-engineering-4395021/airflow/dags/one_task_dag.py
[2025-08-13T16:32:02.026+0000] {logging_mixin.py:150} INFO - [2025-08-13T16:32:02.026+0000] {dag.py:2742} INFO - Sync 1 DAGs
[2025-08-13T16:32:02.046+0000] {logging_mixin.py:150} INFO - [2025-08-13T16:32:02.045+0000] {dag.py:3504} INFO - Setting next_dagrun for one_task_dag to None, run_after=None
[2025-08-13T16:32:02.066+0000] {processor.py:179} INFO - Processing /workspaces/hands-on-introduction-data-engineering-4395021/airflow/dags/one_task_dag.py took 0.067 seconds
[2025-08-13T16:32:32.203+0000] {processor.py:157} INFO - Started process (PID=20745) to work on /workspaces/hands-on-introduction-data-engineering-4395021/airflow/dags/one_task_dag.py
[2025-08-13T16:32:32.203+0000] {processor.py:826} INFO - Processing file /workspaces/hands-on-introduction-data-engineering-4395021/airflow/dags/one_task_dag.py for tasks to queue
[2025-08-13T16:32:32.204+0000] {logging_mixin.py:150} INFO - [2025-08-13T16:32:32.204+0000] {dagbag.py:541} INFO - Filling up the DagBag from /workspaces/hands-on-introduction-data-engineering-4395021/airflow/dags/one_task_dag.py
[2025-08-13T16:32:32.212+0000] {processor.py:836} INFO - DAG(s) dict_keys(['one_task_dag']) retrieved from /workspaces/hands-on-introduction-data-engineering-4395021/airflow/dags/one_task_dag.py
[2025-08-13T16:32:32.228+0000] {logging_mixin.py:150} INFO - [2025-08-13T16:32:32.228+0000] {dag.py:2742} INFO - Sync 1 DAGs
[2025-08-13T16:32:32.242+0000] {logging_mixin.py:150} INFO - [2025-08-13T16:32:32.242+0000] {dag.py:3504} INFO - Setting next_dagrun for one_task_dag to None, run_after=None
[2025-08-13T16:32:32.256+0000] {processor.py:179} INFO - Processing /workspaces/hands-on-introduction-data-engineering-4395021/airflow/dags/one_task_dag.py took 0.055 seconds
